Using DV Solver
The settings used:
batch_size : 64
epochs : 2000
lr : 0.001
seed : 42
print_every : 1
log_path : ./results/models/checkpoints/schrodinger/qho
input_dim : 2
output_dim : 2
num_qubits : 5
hidden_dim : 30
num_quantum_layers : 1
classic_network : [2, 30, 2]
q_ansatz : sim_circ_15
mode : hybrid
activation : null
shots : 20
problem : schrodinger
solver : DV
device : cpu
method : None
cutoff_dim : 20
class : CVNeuralNetwork2
encoding : amplitude
eq_params : {'example': 'ho', 'L': 5.0, 'T': 0.1, 'hbar': 1.0, 'mass': 1.0, 'n_level': 0, 'omega': 1.0, 'potential_fn': 'lambda t, x : 0.5 * 1.0 * (1.0**2) * (x**2)'}
noise : False
Total number of parameters: 507
The circuit used in the study:
It: 1, Loss: nan, Loss_res: nan,  Loss_bcs: 5.717e-02, Loss_ut_ics: 1.281e-01, lr: 1.000e-03, Time: 2.30e+02
Model state saved to ./results/models/checkpoints/schrodinger/qho/2025-09-23_17-49-52-642148/model.pth
Model state saved to ./results/models/checkpoints/schrodinger/qho/2025-09-23_17-49-52-642148/model_weights.pth
Forward pass failed: State vectors have to be of norm 1.0, vector 0 has squared norm nan
