checkpoint path: self.log_path='./results/models/checkpoints/smoke_schrodinger\\2025-12-16_12-32-00-298682_barrier_Classical'
It: 1, Loss: 3.456e+02, Loss_res: 1.371e+00,  Loss_bcs: 0.000e+00, Loss_ut_ics: 9.869e-01, Loss_norm: 9.910e-01, w_pde: 2.50e-03, L^2_error: 1.038e+00, lr: 1.000e-03, Time: 4.72e-01
Model state saved to ./results/models/checkpoints/smoke_schrodinger\2025-12-16_12-32-00-298682_barrier_Classical\model.pth
Model weights saved to ./results/models/checkpoints/smoke_schrodinger\2025-12-16_12-32-00-298682_barrier_Classical\model_weights.pth
It: 100, Loss: 7.533e+01, Loss_res: 2.049e+02,  Loss_bcs: 0.000e+00, Loss_ut_ics: 6.569e-02, Loss_norm: 8.799e-02, w_pde: 2.50e-01, L^2_error: 1.576e+00, lr: 1.000e-03, Time: 3.85e+01
Model state saved to ./results/models/checkpoints/smoke_schrodinger\2025-12-16_12-32-00-298682_barrier_Classical\model.pth
Model weights saved to ./results/models/checkpoints/smoke_schrodinger\2025-12-16_12-32-00-298682_barrier_Classical\model_weights.pth
It: 200, Loss: 5.393e+01, Loss_res: 8.702e+01,  Loss_bcs: 0.000e+00, Loss_ut_ics: 2.232e-02, Loss_norm: 7.451e-02, w_pde: 5.00e-01, L^2_error: 1.470e+00, lr: 1.000e-03, Time: 7.15e+01
Model state saved to ./results/models/checkpoints/smoke_schrodinger\2025-12-16_12-32-00-298682_barrier_Classical\model.pth
Model weights saved to ./results/models/checkpoints/smoke_schrodinger\2025-12-16_12-32-00-298682_barrier_Classical\model_weights.pth
It: 300, Loss: 4.474e+01, Loss_res: 4.833e+01,  Loss_bcs: 0.000e+00, Loss_ut_ics: 1.261e-02, Loss_norm: 9.420e-02, w_pde: 7.50e-01, L^2_error: 1.439e+00, lr: 1.000e-03, Time: 1.03e+02
Model state saved to ./results/models/checkpoints/smoke_schrodinger\2025-12-16_12-32-00-298682_barrier_Classical\model.pth
Model weights saved to ./results/models/checkpoints/smoke_schrodinger\2025-12-16_12-32-00-298682_barrier_Classical\model_weights.pth
It: 400, Loss: 3.391e+01, Loss_res: 2.855e+01,  Loss_bcs: 0.000e+00, Loss_ut_ics: 8.271e-03, Loss_norm: 5.756e-02, w_pde: 1.00e+00, L^2_error: 1.316e+00, lr: 1.000e-03, Time: 1.34e+02
Model state saved to ./results/models/checkpoints/smoke_schrodinger\2025-12-16_12-32-00-298682_barrier_Classical\model.pth
Model weights saved to ./results/models/checkpoints/smoke_schrodinger\2025-12-16_12-32-00-298682_barrier_Classical\model_weights.pth
It: 500, Loss: 2.683e+01, Loss_res: 2.343e+01,  Loss_bcs: 0.000e+00, Loss_ut_ics: 4.710e-03, Loss_norm: 3.967e-02, w_pde: 1.00e+00, L^2_error: 1.228e+00, lr: 1.000e-03, Time: 1.65e+02
Model state saved to ./results/models/checkpoints/smoke_schrodinger\2025-12-16_12-32-00-298682_barrier_Classical\model.pth
Model weights saved to ./results/models/checkpoints/smoke_schrodinger\2025-12-16_12-32-00-298682_barrier_Classical\model_weights.pth
It: 600, Loss: 2.174e+01, Loss_res: 1.949e+01,  Loss_bcs: 0.000e+00, Loss_ut_ics: 2.395e-03, Loss_norm: 3.063e-02, w_pde: 1.00e+00, L^2_error: 1.152e+00, lr: 1.000e-03, Time: 1.96e+02
Model state saved to ./results/models/checkpoints/smoke_schrodinger\2025-12-16_12-32-00-298682_barrier_Classical\model.pth
Model weights saved to ./results/models/checkpoints/smoke_schrodinger\2025-12-16_12-32-00-298682_barrier_Classical\model_weights.pth
It: 700, Loss: 1.916e+01, Loss_res: 1.730e+01,  Loss_bcs: 0.000e+00, Loss_ut_ics: 1.672e-03, Loss_norm: 2.719e-02, w_pde: 1.00e+00, L^2_error: 1.048e+00, lr: 1.000e-03, Time: 2.28e+02
Model state saved to ./results/models/checkpoints/smoke_schrodinger\2025-12-16_12-32-00-298682_barrier_Classical\model.pth
Model weights saved to ./results/models/checkpoints/smoke_schrodinger\2025-12-16_12-32-00-298682_barrier_Classical\model_weights.pth
It: 800, Loss: 1.564e+01, Loss_res: 1.391e+01,  Loss_bcs: 0.000e+00, Loss_ut_ics: 1.131e-03, Loss_norm: 2.771e-02, w_pde: 1.00e+00, L^2_error: 8.924e-01, lr: 1.000e-03, Time: 2.59e+02
Model state saved to ./results/models/checkpoints/smoke_schrodinger\2025-12-16_12-32-00-298682_barrier_Classical\model.pth
Model weights saved to ./results/models/checkpoints/smoke_schrodinger\2025-12-16_12-32-00-298682_barrier_Classical\model_weights.pth
It: 900, Loss: 1.201e+01, Loss_res: 1.059e+01,  Loss_bcs: 0.000e+00, Loss_ut_ics: 1.009e-03, Loss_norm: 2.232e-02, w_pde: 1.00e+00, L^2_error: 7.171e-01, lr: 1.000e-03, Time: 2.90e+02
Model state saved to ./results/models/checkpoints/smoke_schrodinger\2025-12-16_12-32-00-298682_barrier_Classical\model.pth
Model weights saved to ./results/models/checkpoints/smoke_schrodinger\2025-12-16_12-32-00-298682_barrier_Classical\model_weights.pth
It: 1000, Loss: 9.015e+00, Loss_res: 8.077e+00,  Loss_bcs: 0.000e+00, Loss_ut_ics: 7.038e-04, Loss_norm: 1.453e-02, w_pde: 1.00e+00, L^2_error: 5.342e-01, lr: 1.000e-03, Time: 3.20e+02
Model state saved to ./results/models/checkpoints/smoke_schrodinger\2025-12-16_12-32-00-298682_barrier_Classical\model.pth
Model weights saved to ./results/models/checkpoints/smoke_schrodinger\2025-12-16_12-32-00-298682_barrier_Classical\model_weights.pth
It: 1100, Loss: 6.783e+00, Loss_res: 6.322e+00,  Loss_bcs: 0.000e+00, Loss_ut_ics: 3.435e-04, Loss_norm: 7.152e-03, w_pde: 1.00e+00, L^2_error: 4.152e-01, lr: 1.000e-03, Time: 3.51e+02
Model state saved to ./results/models/checkpoints/smoke_schrodinger\2025-12-16_12-32-00-298682_barrier_Classical\model.pth
Model weights saved to ./results/models/checkpoints/smoke_schrodinger\2025-12-16_12-32-00-298682_barrier_Classical\model_weights.pth
It: 1200, Loss: 5.337e+00, Loss_res: 5.007e+00,  Loss_bcs: 0.000e+00, Loss_ut_ics: 3.650e-04, Loss_norm: 4.409e-03, w_pde: 1.00e+00, L^2_error: 3.255e-01, lr: 1.000e-03, Time: 3.81e+02
Model state saved to ./results/models/checkpoints/smoke_schrodinger\2025-12-16_12-32-00-298682_barrier_Classical\model.pth
Model weights saved to ./results/models/checkpoints/smoke_schrodinger\2025-12-16_12-32-00-298682_barrier_Classical\model_weights.pth
It: 1300, Loss: 4.760e+00, Loss_res: 4.513e+00,  Loss_bcs: 0.000e+00, Loss_ut_ics: 3.367e-04, Loss_norm: 2.925e-03, w_pde: 1.00e+00, L^2_error: 2.743e-01, lr: 1.000e-03, Time: 4.12e+02
Model state saved to ./results/models/checkpoints/smoke_schrodinger\2025-12-16_12-32-00-298682_barrier_Classical\model.pth
Model weights saved to ./results/models/checkpoints/smoke_schrodinger\2025-12-16_12-32-00-298682_barrier_Classical\model_weights.pth
It: 1400, Loss: 4.082e+00, Loss_res: 3.946e+00,  Loss_bcs: 0.000e+00, Loss_ut_ics: 2.287e-04, Loss_norm: 1.357e-03, w_pde: 1.00e+00, L^2_error: 2.366e-01, lr: 1.000e-03, Time: 4.43e+02
Model state saved to ./results/models/checkpoints/smoke_schrodinger\2025-12-16_12-32-00-298682_barrier_Classical\model.pth
Model weights saved to ./results/models/checkpoints/smoke_schrodinger\2025-12-16_12-32-00-298682_barrier_Classical\model_weights.pth
It: 1500, Loss: 3.566e+00, Loss_res: 3.445e+00,  Loss_bcs: 0.000e+00, Loss_ut_ics: 1.643e-04, Loss_norm: 1.424e-03, w_pde: 1.00e+00, L^2_error: 1.911e-01, lr: 1.000e-03, Time: 4.73e+02
Model state saved to ./results/models/checkpoints/smoke_schrodinger\2025-12-16_12-32-00-298682_barrier_Classical\model.pth
Model weights saved to ./results/models/checkpoints/smoke_schrodinger\2025-12-16_12-32-00-298682_barrier_Classical\model_weights.pth
It: 1600, Loss: 3.140e+00, Loss_res: 3.047e+00,  Loss_bcs: 0.000e+00, Loss_ut_ics: 1.430e-04, Loss_norm: 1.005e-03, w_pde: 1.00e+00, L^2_error: 1.665e-01, lr: 1.000e-03, Time: 5.04e+02
Model state saved to ./results/models/checkpoints/smoke_schrodinger\2025-12-16_12-32-00-298682_barrier_Classical\model.pth
Model weights saved to ./results/models/checkpoints/smoke_schrodinger\2025-12-16_12-32-00-298682_barrier_Classical\model_weights.pth
It: 1700, Loss: 2.825e+00, Loss_res: 2.778e+00,  Loss_bcs: 0.000e+00, Loss_ut_ics: 6.507e-05, Loss_norm: 5.434e-04, w_pde: 1.00e+00, L^2_error: 1.277e-01, lr: 1.000e-03, Time: 5.35e+02
Model state saved to ./results/models/checkpoints/smoke_schrodinger\2025-12-16_12-32-00-298682_barrier_Classical\model.pth
Model weights saved to ./results/models/checkpoints/smoke_schrodinger\2025-12-16_12-32-00-298682_barrier_Classical\model_weights.pth
It: 1800, Loss: 2.662e+00, Loss_res: 2.568e+00,  Loss_bcs: 0.000e+00, Loss_ut_ics: 2.123e-04, Loss_norm: 6.002e-04, w_pde: 1.00e+00, L^2_error: 1.080e-01, lr: 1.000e-03, Time: 5.66e+02
Model state saved to ./results/models/checkpoints/smoke_schrodinger\2025-12-16_12-32-00-298682_barrier_Classical\model.pth
Model weights saved to ./results/models/checkpoints/smoke_schrodinger\2025-12-16_12-32-00-298682_barrier_Classical\model_weights.pth
It: 1900, Loss: 2.312e+00, Loss_res: 2.283e+00,  Loss_bcs: 0.000e+00, Loss_ut_ics: 6.007e-05, Loss_norm: 2.301e-04, w_pde: 1.00e+00, L^2_error: 9.855e-02, lr: 1.000e-03, Time: 5.97e+02
Model state saved to ./results/models/checkpoints/smoke_schrodinger\2025-12-16_12-32-00-298682_barrier_Classical\model.pth
Model weights saved to ./results/models/checkpoints/smoke_schrodinger\2025-12-16_12-32-00-298682_barrier_Classical\model_weights.pth
It: 2000, Loss: 1.912e+00, Loss_res: 1.874e+00,  Loss_bcs: 0.000e+00, Loss_ut_ics: 7.474e-05, Loss_norm: 3.097e-04, w_pde: 1.00e+00, L^2_error: 8.733e-02, lr: 1.000e-03, Time: 6.27e+02
Model state saved to ./results/models/checkpoints/smoke_schrodinger\2025-12-16_12-32-00-298682_barrier_Classical\model.pth
Model weights saved to ./results/models/checkpoints/smoke_schrodinger\2025-12-16_12-32-00-298682_barrier_Classical\model_weights.pth
It: 2100, Loss: 1.895e+00, Loss_res: 1.862e+00,  Loss_bcs: 0.000e+00, Loss_ut_ics: 8.671e-05, Loss_norm: 1.504e-04, w_pde: 1.00e+00, L^2_error: 8.321e-02, lr: 1.000e-03, Time: 6.58e+02
Model state saved to ./results/models/checkpoints/smoke_schrodinger\2025-12-16_12-32-00-298682_barrier_Classical\model.pth
Model weights saved to ./results/models/checkpoints/smoke_schrodinger\2025-12-16_12-32-00-298682_barrier_Classical\model_weights.pth
It: 2200, Loss: 1.772e+00, Loss_res: 1.734e+00,  Loss_bcs: 0.000e+00, Loss_ut_ics: 6.532e-05, Loss_norm: 3.846e-04, w_pde: 1.00e+00, L^2_error: 8.345e-02, lr: 1.000e-03, Time: 6.88e+02
Model state saved to ./results/models/checkpoints/smoke_schrodinger\2025-12-16_12-32-00-298682_barrier_Classical\model.pth
Model weights saved to ./results/models/checkpoints/smoke_schrodinger\2025-12-16_12-32-00-298682_barrier_Classical\model_weights.pth
It: 2300, Loss: 1.837e+00, Loss_res: 1.825e+00,  Loss_bcs: 0.000e+00, Loss_ut_ics: 3.226e-05, Loss_norm: 4.134e-05, w_pde: 1.00e+00, L^2_error: 7.034e-02, lr: 1.000e-03, Time: 7.19e+02
Model state saved to ./results/models/checkpoints/smoke_schrodinger\2025-12-16_12-32-00-298682_barrier_Classical\model.pth
Model weights saved to ./results/models/checkpoints/smoke_schrodinger\2025-12-16_12-32-00-298682_barrier_Classical\model_weights.pth
It: 2400, Loss: 1.872e+00, Loss_res: 1.810e+00,  Loss_bcs: 0.000e+00, Loss_ut_ics: 1.987e-04, Loss_norm: 4.937e-05, w_pde: 1.00e+00, L^2_error: 6.894e-02, lr: 1.000e-03, Time: 7.49e+02
Model state saved to ./results/models/checkpoints/smoke_schrodinger\2025-12-16_12-32-00-298682_barrier_Classical\model.pth
Model weights saved to ./results/models/checkpoints/smoke_schrodinger\2025-12-16_12-32-00-298682_barrier_Classical\model_weights.pth
It: 2500, Loss: 1.547e+00, Loss_res: 1.513e+00,  Loss_bcs: 0.000e+00, Loss_ut_ics: 1.024e-04, Loss_norm: 7.480e-05, w_pde: 1.00e+00, L^2_error: 6.517e-02, lr: 1.000e-03, Time: 7.81e+02
Model state saved to ./results/models/checkpoints/smoke_schrodinger\2025-12-16_12-32-00-298682_barrier_Classical\model.pth
Model weights saved to ./results/models/checkpoints/smoke_schrodinger\2025-12-16_12-32-00-298682_barrier_Classical\model_weights.pth
It: 2600, Loss: 1.942e+00, Loss_res: 1.873e+00,  Loss_bcs: 0.000e+00, Loss_ut_ics: 2.242e-04, Loss_norm: 2.868e-05, w_pde: 1.00e+00, L^2_error: 6.793e-02, lr: 1.000e-03, Time: 8.11e+02
Model state saved to ./results/models/checkpoints/smoke_schrodinger\2025-12-16_12-32-00-298682_barrier_Classical\model.pth
Model weights saved to ./results/models/checkpoints/smoke_schrodinger\2025-12-16_12-32-00-298682_barrier_Classical\model_weights.pth
It: 2700, Loss: 1.573e+00, Loss_res: 1.532e+00,  Loss_bcs: 0.000e+00, Loss_ut_ics: 1.070e-04, Loss_norm: 1.632e-04, w_pde: 1.00e+00, L^2_error: 5.907e-02, lr: 1.000e-03, Time: 8.42e+02
Model state saved to ./results/models/checkpoints/smoke_schrodinger\2025-12-16_12-32-00-298682_barrier_Classical\model.pth
Model weights saved to ./results/models/checkpoints/smoke_schrodinger\2025-12-16_12-32-00-298682_barrier_Classical\model_weights.pth
It: 2800, Loss: 1.416e+00, Loss_res: 1.389e+00,  Loss_bcs: 0.000e+00, Loss_ut_ics: 8.123e-05, Loss_norm: 5.195e-05, w_pde: 1.00e+00, L^2_error: 5.602e-02, lr: 1.000e-03, Time: 8.72e+02
Model state saved to ./results/models/checkpoints/smoke_schrodinger\2025-12-16_12-32-00-298682_barrier_Classical\model.pth
Model weights saved to ./results/models/checkpoints/smoke_schrodinger\2025-12-16_12-32-00-298682_barrier_Classical\model_weights.pth
It: 2900, Loss: 1.413e+00, Loss_res: 1.395e+00,  Loss_bcs: 0.000e+00, Loss_ut_ics: 4.815e-05, Loss_norm: 9.050e-05, w_pde: 1.00e+00, L^2_error: 5.141e-02, lr: 1.000e-03, Time: 9.03e+02
Model state saved to ./results/models/checkpoints/smoke_schrodinger\2025-12-16_12-32-00-298682_barrier_Classical\model.pth
Model weights saved to ./results/models/checkpoints/smoke_schrodinger\2025-12-16_12-32-00-298682_barrier_Classical\model_weights.pth
It: 3000, Loss: 1.622e+00, Loss_res: 1.563e+00,  Loss_bcs: 0.000e+00, Loss_ut_ics: 1.898e-04, Loss_norm: 4.196e-05, w_pde: 1.00e+00, L^2_error: 5.418e-02, lr: 1.000e-03, Time: 9.33e+02
Model state saved to ./results/models/checkpoints/smoke_schrodinger\2025-12-16_12-32-00-298682_barrier_Classical\model.pth
Model weights saved to ./results/models/checkpoints/smoke_schrodinger\2025-12-16_12-32-00-298682_barrier_Classical\model_weights.pth
Starting LBFGS: max_iter=500
Model state saved to ./results/models/checkpoints/smoke_schrodinger\2025-12-16_12-32-00-298682_barrier_Classical\model.pth
Model weights saved to ./results/models/checkpoints/smoke_schrodinger\2025-12-16_12-32-00-298682_barrier_Classical\model_weights.pth
