checkpoint path: self.log_path='./results/models/checkpoints/schrodinger\\barrier\\2025-12-11_09-51-24-235454'
Using Classical Solver
Total number of parameters: 7902
checkpoint path: self.log_path='./results/models/checkpoints/schrodinger\\ho\\2025-12-11_09-51-48-293363'
Using Classical Solver
Total number of parameters: 7902
It: 1, Loss: 5.196e-01, Loss_res: 4.958e-04,  Loss_bcs: 1.196e-02, Loss_ut_ics: 5.071e-01, L^2_error: 1.058708e+00, lr: 1.000e-03, Time: 6.09e-02
Model state saved to ./results/models/checkpoints/schrodinger\ho\2025-12-11_09-51-48-293363\model.pth
Model state saved to ./results/models/checkpoints/schrodinger\ho\2025-12-11_09-51-48-293363\model_weights.pth
It: 200, Loss: 4.282e-02, Loss_res: 1.126e-03,  Loss_bcs: 8.377e-03, Loss_ut_ics: 3.332e-02, L^2_error: 2.828983e-01, lr: 1.000e-03, Time: 9.28e+00
Model state saved to ./results/models/checkpoints/schrodinger\ho\2025-12-11_09-51-48-293363\model.pth
Model state saved to ./results/models/checkpoints/schrodinger\ho\2025-12-11_09-51-48-293363\model_weights.pth
It: 400, Loss: 2.930e-02, Loss_res: 1.275e-03,  Loss_bcs: 6.458e-03, Loss_ut_ics: 2.157e-02, L^2_error: 2.740503e-01, lr: 1.000e-03, Time: 2.18e+01
Model state saved to ./results/models/checkpoints/schrodinger\ho\2025-12-11_09-51-48-293363\model.pth
Model state saved to ./results/models/checkpoints/schrodinger\ho\2025-12-11_09-51-48-293363\model_weights.pth
It: 600, Loss: 2.581e-02, Loss_res: 1.139e-03,  Loss_bcs: 3.598e-03, Loss_ut_ics: 2.107e-02, L^2_error: 2.742825e-01, lr: 1.000e-03, Time: 3.12e+01
Model state saved to ./results/models/checkpoints/schrodinger\ho\2025-12-11_09-51-48-293363\model.pth
Model state saved to ./results/models/checkpoints/schrodinger\ho\2025-12-11_09-51-48-293363\model_weights.pth
It: 800, Loss: 2.259e-02, Loss_res: 1.357e-03,  Loss_bcs: 4.824e-03, Loss_ut_ics: 1.641e-02, L^2_error: 2.889216e-01, lr: 1.000e-03, Time: 4.02e+01
Model state saved to ./results/models/checkpoints/schrodinger\ho\2025-12-11_09-51-48-293363\model.pth
Model state saved to ./results/models/checkpoints/schrodinger\ho\2025-12-11_09-51-48-293363\model_weights.pth
It: 1000, Loss: 2.201e-02, Loss_res: 8.264e-04,  Loss_bcs: 4.794e-03, Loss_ut_ics: 1.639e-02, L^2_error: 3.101547e-01, lr: 1.000e-03, Time: 4.91e+01
Model state saved to ./results/models/checkpoints/schrodinger\ho\2025-12-11_09-51-48-293363\model.pth
Model state saved to ./results/models/checkpoints/schrodinger\ho\2025-12-11_09-51-48-293363\model_weights.pth
It: 1200, Loss: 1.720e-02, Loss_res: 1.073e-03,  Loss_bcs: 6.161e-03, Loss_ut_ics: 9.967e-03, L^2_error: 3.326916e-01, lr: 1.000e-03, Time: 5.94e+01
Model state saved to ./results/models/checkpoints/schrodinger\ho\2025-12-11_09-51-48-293363\model.pth
Model state saved to ./results/models/checkpoints/schrodinger\ho\2025-12-11_09-51-48-293363\model_weights.pth
It: 1400, Loss: 1.369e-02, Loss_res: 7.080e-04,  Loss_bcs: 5.188e-03, Loss_ut_ics: 7.791e-03, L^2_error: 3.476952e-01, lr: 1.000e-03, Time: 7.04e+01
Model state saved to ./results/models/checkpoints/schrodinger\ho\2025-12-11_09-51-48-293363\model.pth
Model state saved to ./results/models/checkpoints/schrodinger\ho\2025-12-11_09-51-48-293363\model_weights.pth
It: 1600, Loss: 1.485e-02, Loss_res: 6.610e-04,  Loss_bcs: 5.620e-03, Loss_ut_ics: 8.572e-03, L^2_error: 3.447256e-01, lr: 1.000e-03, Time: 8.21e+01
Model state saved to ./results/models/checkpoints/schrodinger\ho\2025-12-11_09-51-48-293363\model.pth
Model state saved to ./results/models/checkpoints/schrodinger\ho\2025-12-11_09-51-48-293363\model_weights.pth
It: 1800, Loss: 1.312e-02, Loss_res: 6.558e-04,  Loss_bcs: 4.448e-03, Loss_ut_ics: 8.020e-03, L^2_error: 3.515603e-01, lr: 1.000e-03, Time: 9.25e+01
Model state saved to ./results/models/checkpoints/schrodinger\ho\2025-12-11_09-51-48-293363\model.pth
Model state saved to ./results/models/checkpoints/schrodinger\ho\2025-12-11_09-51-48-293363\model_weights.pth
It: 2000, Loss: 1.649e-02, Loss_res: 1.124e-03,  Loss_bcs: 6.092e-03, Loss_ut_ics: 9.271e-03, L^2_error: 3.433285e-01, lr: 1.000e-03, Time: 1.02e+02
Model state saved to ./results/models/checkpoints/schrodinger\ho\2025-12-11_09-51-48-293363\model.pth
Model state saved to ./results/models/checkpoints/schrodinger\ho\2025-12-11_09-51-48-293363\model_weights.pth
It: 2200, Loss: 1.645e-02, Loss_res: 1.539e-03,  Loss_bcs: 4.346e-03, Loss_ut_ics: 1.056e-02, L^2_error: 3.499704e-01, lr: 1.000e-03, Time: 1.13e+02
Model state saved to ./results/models/checkpoints/schrodinger\ho\2025-12-11_09-51-48-293363\model.pth
Model state saved to ./results/models/checkpoints/schrodinger\ho\2025-12-11_09-51-48-293363\model_weights.pth
It: 2400, Loss: 1.466e-02, Loss_res: 7.042e-04,  Loss_bcs: 4.359e-03, Loss_ut_ics: 9.601e-03, L^2_error: 3.492152e-01, lr: 1.000e-03, Time: 1.23e+02
Model state saved to ./results/models/checkpoints/schrodinger\ho\2025-12-11_09-51-48-293363\model.pth
Model state saved to ./results/models/checkpoints/schrodinger\ho\2025-12-11_09-51-48-293363\model_weights.pth
It: 2600, Loss: 1.407e-02, Loss_res: 5.071e-04,  Loss_bcs: 5.294e-03, Loss_ut_ics: 8.267e-03, L^2_error: 3.505028e-01, lr: 1.000e-03, Time: 1.33e+02
Model state saved to ./results/models/checkpoints/schrodinger\ho\2025-12-11_09-51-48-293363\model.pth
Model state saved to ./results/models/checkpoints/schrodinger\ho\2025-12-11_09-51-48-293363\model_weights.pth
It: 2800, Loss: 1.393e-02, Loss_res: 5.320e-04,  Loss_bcs: 3.829e-03, Loss_ut_ics: 9.566e-03, L^2_error: 3.462726e-01, lr: 1.000e-03, Time: 1.43e+02
Model state saved to ./results/models/checkpoints/schrodinger\ho\2025-12-11_09-51-48-293363\model.pth
Model state saved to ./results/models/checkpoints/schrodinger\ho\2025-12-11_09-51-48-293363\model_weights.pth
It: 3000, Loss: 1.260e-02, Loss_res: 7.521e-04,  Loss_bcs: 4.080e-03, Loss_ut_ics: 7.772e-03, L^2_error: 3.571126e-01, lr: 1.000e-03, Time: 1.54e+02
Model state saved to ./results/models/checkpoints/schrodinger\ho\2025-12-11_09-51-48-293363\model.pth
Model state saved to ./results/models/checkpoints/schrodinger\ho\2025-12-11_09-51-48-293363\model_weights.pth
It: 3200, Loss: 1.355e-02, Loss_res: 5.715e-04,  Loss_bcs: 4.154e-03, Loss_ut_ics: 8.829e-03, L^2_error: 3.455297e-01, lr: 1.000e-03, Time: 1.63e+02
Model state saved to ./results/models/checkpoints/schrodinger\ho\2025-12-11_09-51-48-293363\model.pth
Model state saved to ./results/models/checkpoints/schrodinger\ho\2025-12-11_09-51-48-293363\model_weights.pth
It: 3400, Loss: 1.458e-02, Loss_res: 6.009e-04,  Loss_bcs: 3.536e-03, Loss_ut_ics: 1.044e-02, L^2_error: 3.508869e-01, lr: 1.000e-03, Time: 1.71e+02
Model state saved to ./results/models/checkpoints/schrodinger\ho\2025-12-11_09-51-48-293363\model.pth
Model state saved to ./results/models/checkpoints/schrodinger\ho\2025-12-11_09-51-48-293363\model_weights.pth
It: 3600, Loss: 1.559e-02, Loss_res: 5.029e-04,  Loss_bcs: 3.548e-03, Loss_ut_ics: 1.154e-02, L^2_error: 3.488820e-01, lr: 1.000e-03, Time: 1.80e+02
Model state saved to ./results/models/checkpoints/schrodinger\ho\2025-12-11_09-51-48-293363\model.pth
Model state saved to ./results/models/checkpoints/schrodinger\ho\2025-12-11_09-51-48-293363\model_weights.pth
It: 3800, Loss: 1.349e-02, Loss_res: 5.097e-04,  Loss_bcs: 3.581e-03, Loss_ut_ics: 9.400e-03, L^2_error: 3.520494e-01, lr: 1.000e-03, Time: 1.88e+02
Model state saved to ./results/models/checkpoints/schrodinger\ho\2025-12-11_09-51-48-293363\model.pth
Model state saved to ./results/models/checkpoints/schrodinger\ho\2025-12-11_09-51-48-293363\model_weights.pth
It: 4000, Loss: 1.208e-02, Loss_res: 5.939e-04,  Loss_bcs: 4.241e-03, Loss_ut_ics: 7.241e-03, L^2_error: 3.472687e-01, lr: 1.000e-03, Time: 1.97e+02
Model state saved to ./results/models/checkpoints/schrodinger\ho\2025-12-11_09-51-48-293363\model.pth
Model state saved to ./results/models/checkpoints/schrodinger\ho\2025-12-11_09-51-48-293363\model_weights.pth
It: 4200, Loss: 1.286e-02, Loss_res: 8.747e-04,  Loss_bcs: 3.417e-03, Loss_ut_ics: 8.569e-03, L^2_error: 3.533457e-01, lr: 1.000e-03, Time: 2.06e+02
Model state saved to ./results/models/checkpoints/schrodinger\ho\2025-12-11_09-51-48-293363\model.pth
Model state saved to ./results/models/checkpoints/schrodinger\ho\2025-12-11_09-51-48-293363\model_weights.pth
It: 4400, Loss: 1.232e-02, Loss_res: 5.375e-04,  Loss_bcs: 2.999e-03, Loss_ut_ics: 8.786e-03, L^2_error: 3.520991e-01, lr: 1.000e-03, Time: 2.15e+02
Model state saved to ./results/models/checkpoints/schrodinger\ho\2025-12-11_09-51-48-293363\model.pth
Model state saved to ./results/models/checkpoints/schrodinger\ho\2025-12-11_09-51-48-293363\model_weights.pth
It: 4600, Loss: 1.293e-02, Loss_res: 6.189e-04,  Loss_bcs: 3.445e-03, Loss_ut_ics: 8.861e-03, L^2_error: 3.523673e-01, lr: 1.000e-03, Time: 2.23e+02
Model state saved to ./results/models/checkpoints/schrodinger\ho\2025-12-11_09-51-48-293363\model.pth
Model state saved to ./results/models/checkpoints/schrodinger\ho\2025-12-11_09-51-48-293363\model_weights.pth
It: 4800, Loss: 1.368e-02, Loss_res: 1.339e-03,  Loss_bcs: 3.133e-03, Loss_ut_ics: 9.207e-03, L^2_error: 3.549730e-01, lr: 1.000e-03, Time: 2.32e+02
Model state saved to ./results/models/checkpoints/schrodinger\ho\2025-12-11_09-51-48-293363\model.pth
Model state saved to ./results/models/checkpoints/schrodinger\ho\2025-12-11_09-51-48-293363\model_weights.pth
It: 5000, Loss: 1.491e-02, Loss_res: 5.373e-04,  Loss_bcs: 3.825e-03, Loss_ut_ics: 1.054e-02, L^2_error: 3.500282e-01, lr: 1.000e-03, Time: 2.40e+02
Model state saved to ./results/models/checkpoints/schrodinger\ho\2025-12-11_09-51-48-293363\model.pth
Model state saved to ./results/models/checkpoints/schrodinger\ho\2025-12-11_09-51-48-293363\model_weights.pth
checkpoint path: self.log_path='./results/models/checkpoints/schrodinger\\ho\\2025-12-11_10-12-34-141522'
Using Classical Solver
Total number of parameters: 7902
It: 1, Loss: 5.117e-01, Loss_res: 4.160e-01,  Loss_bcs: 1.540e-02, Loss_ut_ics: 8.034e-02, L^2_error: 9.126608e-01, lr: 1.000e-03, Time: 6.96e-02
Model state saved to ./results/models/checkpoints/schrodinger\ho\2025-12-11_10-12-34-141522\model.pth
Model state saved to ./results/models/checkpoints/schrodinger\ho\2025-12-11_10-12-34-141522\model_weights.pth
It: 200, Loss: 2.209e-02, Loss_res: 8.511e-03,  Loss_bcs: 7.962e-05, Loss_ut_ics: 1.350e-02, L^2_error: 3.606741e-01, lr: 1.000e-03, Time: 9.16e+00
Model state saved to ./results/models/checkpoints/schrodinger\ho\2025-12-11_10-12-34-141522\model.pth
Model state saved to ./results/models/checkpoints/schrodinger\ho\2025-12-11_10-12-34-141522\model_weights.pth
It: 400, Loss: 2.725e-03, Loss_res: 1.159e-03,  Loss_bcs: 1.534e-04, Loss_ut_ics: 1.413e-03, L^2_error: 1.169917e-01, lr: 1.000e-03, Time: 1.84e+01
Model state saved to ./results/models/checkpoints/schrodinger\ho\2025-12-11_10-12-34-141522\model.pth
Model state saved to ./results/models/checkpoints/schrodinger\ho\2025-12-11_10-12-34-141522\model_weights.pth
It: 600, Loss: 1.729e-03, Loss_res: 6.998e-04,  Loss_bcs: 8.351e-05, Loss_ut_ics: 9.453e-04, L^2_error: 1.005940e-01, lr: 1.000e-03, Time: 2.76e+01
Model state saved to ./results/models/checkpoints/schrodinger\ho\2025-12-11_10-12-34-141522\model.pth
Model state saved to ./results/models/checkpoints/schrodinger\ho\2025-12-11_10-12-34-141522\model_weights.pth
It: 800, Loss: 1.295e-03, Loss_res: 5.160e-04,  Loss_bcs: 3.220e-05, Loss_ut_ics: 7.473e-04, L^2_error: 8.522055e-02, lr: 1.000e-03, Time: 3.61e+01
Model state saved to ./results/models/checkpoints/schrodinger\ho\2025-12-11_10-12-34-141522\model.pth
Model state saved to ./results/models/checkpoints/schrodinger\ho\2025-12-11_10-12-34-141522\model_weights.pth
It: 1000, Loss: 7.512e-04, Loss_res: 4.158e-04,  Loss_bcs: 7.173e-06, Loss_ut_ics: 3.282e-04, L^2_error: 6.074934e-02, lr: 1.000e-03, Time: 4.54e+01
Model state saved to ./results/models/checkpoints/schrodinger\ho\2025-12-11_10-12-34-141522\model.pth
Model state saved to ./results/models/checkpoints/schrodinger\ho\2025-12-11_10-12-34-141522\model_weights.pth
It: 1200, Loss: 1.644e-03, Loss_res: 1.342e-03,  Loss_bcs: 4.837e-05, Loss_ut_ics: 2.536e-04, L^2_error: 5.000927e-02, lr: 1.000e-03, Time: 5.45e+01
Model state saved to ./results/models/checkpoints/schrodinger\ho\2025-12-11_10-12-34-141522\model.pth
Model state saved to ./results/models/checkpoints/schrodinger\ho\2025-12-11_10-12-34-141522\model_weights.pth
It: 1400, Loss: 5.660e-04, Loss_res: 3.607e-04,  Loss_bcs: 3.828e-06, Loss_ut_ics: 2.014e-04, L^2_error: 4.211311e-02, lr: 1.000e-03, Time: 6.41e+01
Model state saved to ./results/models/checkpoints/schrodinger\ho\2025-12-11_10-12-34-141522\model.pth
Model state saved to ./results/models/checkpoints/schrodinger\ho\2025-12-11_10-12-34-141522\model_weights.pth
It: 1600, Loss: 5.489e-03, Loss_res: 5.053e-03,  Loss_bcs: 1.815e-04, Loss_ut_ics: 2.546e-04, L^2_error: 4.404780e-02, lr: 1.000e-03, Time: 7.27e+01
Model state saved to ./results/models/checkpoints/schrodinger\ho\2025-12-11_10-12-34-141522\model.pth
Model state saved to ./results/models/checkpoints/schrodinger\ho\2025-12-11_10-12-34-141522\model_weights.pth
It: 1800, Loss: 5.360e-04, Loss_res: 3.829e-04,  Loss_bcs: 9.653e-06, Loss_ut_ics: 1.434e-04, L^2_error: 3.602091e-02, lr: 1.000e-03, Time: 8.20e+01
Model state saved to ./results/models/checkpoints/schrodinger\ho\2025-12-11_10-12-34-141522\model.pth
Model state saved to ./results/models/checkpoints/schrodinger\ho\2025-12-11_10-12-34-141522\model_weights.pth
It: 2000, Loss: 4.003e-04, Loss_res: 2.947e-04,  Loss_bcs: 7.521e-06, Loss_ut_ics: 9.816e-05, L^2_error: 3.318957e-02, lr: 1.000e-03, Time: 9.04e+01
Model state saved to ./results/models/checkpoints/schrodinger\ho\2025-12-11_10-12-34-141522\model.pth
Model state saved to ./results/models/checkpoints/schrodinger\ho\2025-12-11_10-12-34-141522\model_weights.pth
It: 2200, Loss: 1.917e-03, Loss_res: 1.680e-03,  Loss_bcs: 6.732e-05, Loss_ut_ics: 1.696e-04, L^2_error: 3.706901e-02, lr: 1.000e-03, Time: 9.91e+01
Model state saved to ./results/models/checkpoints/schrodinger\ho\2025-12-11_10-12-34-141522\model.pth
Model state saved to ./results/models/checkpoints/schrodinger\ho\2025-12-11_10-12-34-141522\model_weights.pth
It: 2400, Loss: 3.513e-04, Loss_res: 2.864e-04,  Loss_bcs: 4.919e-06, Loss_ut_ics: 6.002e-05, L^2_error: 2.537634e-02, lr: 1.000e-03, Time: 1.08e+02
Model state saved to ./results/models/checkpoints/schrodinger\ho\2025-12-11_10-12-34-141522\model.pth
Model state saved to ./results/models/checkpoints/schrodinger\ho\2025-12-11_10-12-34-141522\model_weights.pth
It: 2600, Loss: 2.621e-04, Loss_res: 2.048e-04,  Loss_bcs: 3.227e-06, Loss_ut_ics: 5.403e-05, L^2_error: 2.270629e-02, lr: 1.000e-03, Time: 1.16e+02
Model state saved to ./results/models/checkpoints/schrodinger\ho\2025-12-11_10-12-34-141522\model.pth
Model state saved to ./results/models/checkpoints/schrodinger\ho\2025-12-11_10-12-34-141522\model_weights.pth
It: 2800, Loss: 2.878e-04, Loss_res: 2.390e-04,  Loss_bcs: 2.993e-06, Loss_ut_ics: 4.585e-05, L^2_error: 2.109122e-02, lr: 1.000e-03, Time: 1.25e+02
Model state saved to ./results/models/checkpoints/schrodinger\ho\2025-12-11_10-12-34-141522\model.pth
Model state saved to ./results/models/checkpoints/schrodinger\ho\2025-12-11_10-12-34-141522\model_weights.pth
It: 3000, Loss: 1.248e-03, Loss_res: 1.120e-03,  Loss_bcs: 4.218e-05, Loss_ut_ics: 8.539e-05, L^2_error: 3.083690e-02, lr: 1.000e-03, Time: 1.34e+02
Model state saved to ./results/models/checkpoints/schrodinger\ho\2025-12-11_10-12-34-141522\model.pth
Model state saved to ./results/models/checkpoints/schrodinger\ho\2025-12-11_10-12-34-141522\model_weights.pth
It: 3200, Loss: 2.204e-03, Loss_res: 2.071e-03,  Loss_bcs: 6.512e-05, Loss_ut_ics: 6.786e-05, L^2_error: 2.670283e-02, lr: 1.000e-03, Time: 1.42e+02
Model state saved to ./results/models/checkpoints/schrodinger\ho\2025-12-11_10-12-34-141522\model.pth
Model state saved to ./results/models/checkpoints/schrodinger\ho\2025-12-11_10-12-34-141522\model_weights.pth
It: 3400, Loss: 5.064e-04, Loss_res: 4.520e-04,  Loss_bcs: 1.352e-05, Loss_ut_ics: 4.088e-05, L^2_error: 1.834361e-02, lr: 1.000e-03, Time: 1.51e+02
Model state saved to ./results/models/checkpoints/schrodinger\ho\2025-12-11_10-12-34-141522\model.pth
Model state saved to ./results/models/checkpoints/schrodinger\ho\2025-12-11_10-12-34-141522\model_weights.pth
It: 3600, Loss: 5.176e-04, Loss_res: 4.628e-04,  Loss_bcs: 1.519e-05, Loss_ut_ics: 3.963e-05, L^2_error: 1.813176e-02, lr: 1.000e-03, Time: 1.59e+02
Model state saved to ./results/models/checkpoints/schrodinger\ho\2025-12-11_10-12-34-141522\model.pth
Model state saved to ./results/models/checkpoints/schrodinger\ho\2025-12-11_10-12-34-141522\model_weights.pth
It: 3800, Loss: 1.511e-04, Loss_res: 1.274e-04,  Loss_bcs: 1.722e-06, Loss_ut_ics: 2.194e-05, L^2_error: 1.492341e-02, lr: 1.000e-03, Time: 1.68e+02
Model state saved to ./results/models/checkpoints/schrodinger\ho\2025-12-11_10-12-34-141522\model.pth
Model state saved to ./results/models/checkpoints/schrodinger\ho\2025-12-11_10-12-34-141522\model_weights.pth
It: 4000, Loss: 2.119e-03, Loss_res: 1.982e-03,  Loss_bcs: 6.745e-05, Loss_ut_ics: 6.916e-05, L^2_error: 1.873801e-02, lr: 1.000e-03, Time: 1.76e+02
Model state saved to ./results/models/checkpoints/schrodinger\ho\2025-12-11_10-12-34-141522\model.pth
Model state saved to ./results/models/checkpoints/schrodinger\ho\2025-12-11_10-12-34-141522\model_weights.pth
It: 4200, Loss: 7.182e-04, Loss_res: 6.730e-04,  Loss_bcs: 2.024e-05, Loss_ut_ics: 2.488e-05, L^2_error: 1.991421e-02, lr: 1.000e-03, Time: 1.85e+02
Model state saved to ./results/models/checkpoints/schrodinger\ho\2025-12-11_10-12-34-141522\model.pth
Model state saved to ./results/models/checkpoints/schrodinger\ho\2025-12-11_10-12-34-141522\model_weights.pth
It: 4400, Loss: 2.776e-04, Loss_res: 2.484e-04,  Loss_bcs: 5.489e-06, Loss_ut_ics: 2.372e-05, L^2_error: 1.554470e-02, lr: 1.000e-03, Time: 1.93e+02
Model state saved to ./results/models/checkpoints/schrodinger\ho\2025-12-11_10-12-34-141522\model.pth
Model state saved to ./results/models/checkpoints/schrodinger\ho\2025-12-11_10-12-34-141522\model_weights.pth
It: 4600, Loss: 5.227e-03, Loss_res: 4.827e-03,  Loss_bcs: 1.717e-04, Loss_ut_ics: 2.286e-04, L^2_error: 3.936631e-02, lr: 1.000e-03, Time: 2.02e+02
Model state saved to ./results/models/checkpoints/schrodinger\ho\2025-12-11_10-12-34-141522\model.pth
Model state saved to ./results/models/checkpoints/schrodinger\ho\2025-12-11_10-12-34-141522\model_weights.pth
It: 4800, Loss: 9.593e-05, Loss_res: 8.107e-05,  Loss_bcs: 6.456e-07, Loss_ut_ics: 1.421e-05, L^2_error: 1.158394e-02, lr: 1.000e-03, Time: 2.12e+02
Model state saved to ./results/models/checkpoints/schrodinger\ho\2025-12-11_10-12-34-141522\model.pth
Model state saved to ./results/models/checkpoints/schrodinger\ho\2025-12-11_10-12-34-141522\model_weights.pth
It: 5000, Loss: 1.564e-03, Loss_res: 1.474e-03,  Loss_bcs: 4.623e-05, Loss_ut_ics: 4.416e-05, L^2_error: 1.855452e-02, lr: 1.000e-03, Time: 2.20e+02
Model state saved to ./results/models/checkpoints/schrodinger\ho\2025-12-11_10-12-34-141522\model.pth
Model state saved to ./results/models/checkpoints/schrodinger\ho\2025-12-11_10-12-34-141522\model_weights.pth
checkpoint path: self.log_path='./results/models/checkpoints/schrodinger\\barrier\\2025-12-11_11-01-35-699745'
Using Classical Solver
Total number of parameters: 7902
checkpoint path: self.log_path='./results/models/checkpoints/schrodinger\\barrier\\2025-12-11_11-19-13-245654'
Using Classical Solver
Total number of parameters: 7902
checkpoint path: self.log_path='./results/models/checkpoints/schrodinger\\barrier\\2025-12-11_11-19-40-397575'
Using Classical Solver
Total number of parameters: 7902
