Using DV Solver
The settings used:
batch_size : 64
epochs : 2000
lr : 0.001
seed : 42
print_every : 10
log_path : ./results/models/checkpoints/schrodinger/qho
input_dim : 2
output_dim : 2
num_qubits : 5
hidden_dim : 5
num_quantum_layers : 2
classic_network : [2, 5, 2]
q_ansatz : sim_circ_15
mode : hybrid
activation : null
shots : None
problem : schrodinger
solver : DV
device : cpu
method : None
cutoff_dim : 20
class : CVNeuralNetwork2
encoding : None
eq_params : {'example': 'ho', 'L': 5.0, 'T': 0.1, 'hbar': 1.0, 'mass': 1.0, 'n_level': 0, 'omega': 1.0, 'potential_fn': 'lambda t, x : 0.5 * 1.0 * (1.0**2) * (x**2)'}
Total number of parameters: 107
The circuit used in the study:
It: 1, Loss: 1.918e+01, Loss_res: 9.032e+00,  Loss_bcs: 2.948e-01, Loss_ut_ics: 4.124e-01, lr: 1.000e-03, Time: 3.47e+00
Model state saved to ./results/models/checkpoints/schrodinger/qho/2025-08-29_18-06-27-833956/model.pth
Model state saved to ./results/models/checkpoints/schrodinger/qho/2025-08-29_18-06-27-833956/model_weights.pth
It: 10, Loss: 1.464e+01, Loss_res: 6.707e+00,  Loss_bcs: 2.306e-01, Loss_ut_ics: 4.971e-01, lr: 1.000e-03, Time: 2.44e+01
Model state saved to ./results/models/checkpoints/schrodinger/qho/2025-08-29_18-06-27-833956/model.pth
Model state saved to ./results/models/checkpoints/schrodinger/qho/2025-08-29_18-06-27-833956/model_weights.pth
It: 20, Loss: 1.270e+01, Loss_res: 5.613e+00,  Loss_bcs: 1.787e-01, Loss_ut_ics: 6.448e-01, lr: 1.000e-03, Time: 4.74e+01
Model state saved to ./results/models/checkpoints/schrodinger/qho/2025-08-29_18-06-27-833956/model.pth
Model state saved to ./results/models/checkpoints/schrodinger/qho/2025-08-29_18-06-27-833956/model_weights.pth
It: 30, Loss: 5.723e+00, Loss_res: 2.612e+00,  Loss_bcs: 1.343e-01, Loss_ut_ics: 1.828e-01, lr: 1.000e-03, Time: 7.17e+01
Model state saved to ./results/models/checkpoints/schrodinger/qho/2025-08-29_18-06-27-833956/model.pth
Model state saved to ./results/models/checkpoints/schrodinger/qho/2025-08-29_18-06-27-833956/model_weights.pth
It: 40, Loss: 3.958e+00, Loss_res: 1.692e+00,  Loss_bcs: 9.773e-02, Loss_ut_ics: 2.380e-01, lr: 1.000e-03, Time: 9.62e+01
Model state saved to ./results/models/checkpoints/schrodinger/qho/2025-08-29_18-06-27-833956/model.pth
Model state saved to ./results/models/checkpoints/schrodinger/qho/2025-08-29_18-06-27-833956/model_weights.pth
It: 50, Loss: 3.591e+00, Loss_res: 1.440e+00,  Loss_bcs: 6.702e-02, Loss_ut_ics: 3.218e-01, lr: 1.000e-03, Time: 1.19e+02
Model state saved to ./results/models/checkpoints/schrodinger/qho/2025-08-29_18-06-27-833956/model.pth
Model state saved to ./results/models/checkpoints/schrodinger/qho/2025-08-29_18-06-27-833956/model_weights.pth
It: 60, Loss: 1.873e+00, Loss_res: 7.952e-01,  Loss_bcs: 4.101e-02, Loss_ut_ics: 1.210e-01, lr: 1.000e-03, Time: 1.42e+02
Model state saved to ./results/models/checkpoints/schrodinger/qho/2025-08-29_18-06-27-833956/model.pth
Model state saved to ./results/models/checkpoints/schrodinger/qho/2025-08-29_18-06-27-833956/model_weights.pth
It: 70, Loss: 1.832e+00, Loss_res: 7.549e-01,  Loss_bcs: 2.333e-02, Loss_ut_ics: 1.493e-01, lr: 1.000e-03, Time: 1.67e+02
Model state saved to ./results/models/checkpoints/schrodinger/qho/2025-08-29_18-06-27-833956/model.pth
Model state saved to ./results/models/checkpoints/schrodinger/qho/2025-08-29_18-06-27-833956/model_weights.pth
It: 80, Loss: 7.527e-01, Loss_res: 2.238e-01,  Loss_bcs: 1.063e-02, Loss_ut_ics: 1.472e-01, lr: 1.000e-03, Time: 1.93e+02
Model state saved to ./results/models/checkpoints/schrodinger/qho/2025-08-29_18-06-27-833956/model.pth
Model state saved to ./results/models/checkpoints/schrodinger/qho/2025-08-29_18-06-27-833956/model_weights.pth
It: 90, Loss: 4.773e-01, Loss_res: 1.396e-01,  Loss_bcs: 3.792e-03, Loss_ut_ics: 9.714e-02, lr: 1.000e-03, Time: 2.16e+02
Model state saved to ./results/models/checkpoints/schrodinger/qho/2025-08-29_18-06-27-833956/model.pth
Model state saved to ./results/models/checkpoints/schrodinger/qho/2025-08-29_18-06-27-833956/model_weights.pth
It: 100, Loss: 3.033e-01, Loss_res: 5.082e-02,  Loss_bcs: 8.279e-04, Loss_ut_ics: 1.004e-01, lr: 1.000e-03, Time: 2.38e+02
Model state saved to ./results/models/checkpoints/schrodinger/qho/2025-08-29_18-06-27-833956/model.pth
Model state saved to ./results/models/checkpoints/schrodinger/qho/2025-08-29_18-06-27-833956/model_weights.pth
It: 110, Loss: 3.729e-02, Loss_res: 7.053e-03,  Loss_bcs: 5.054e-05, Loss_ut_ics: 1.157e-02, lr: 1.000e-03, Time: 2.62e+02
Model state saved to ./results/models/checkpoints/schrodinger/qho/2025-08-29_18-06-27-833956/model.pth
Model state saved to ./results/models/checkpoints/schrodinger/qho/2025-08-29_18-06-27-833956/model_weights.pth
It: 120, Loss: 1.153e-02, Loss_res: 5.607e-03,  Loss_bcs: 4.010e-05, Loss_ut_ics: 1.394e-04, lr: 1.000e-03, Time: 2.86e+02
Model state saved to ./results/models/checkpoints/schrodinger/qho/2025-08-29_18-06-27-833956/model.pth
Model state saved to ./results/models/checkpoints/schrodinger/qho/2025-08-29_18-06-27-833956/model_weights.pth
It: 130, Loss: 4.492e-02, Loss_res: 6.891e-03,  Loss_bcs: 7.821e-05, Loss_ut_ics: 1.553e-02, lr: 1.000e-03, Time: 3.11e+02
Model state saved to ./results/models/checkpoints/schrodinger/qho/2025-08-29_18-06-27-833956/model.pth
Model state saved to ./results/models/checkpoints/schrodinger/qho/2025-08-29_18-06-27-833956/model_weights.pth
It: 140, Loss: 3.103e-02, Loss_res: 9.085e-03,  Loss_bcs: 7.921e-05, Loss_ut_ics: 6.391e-03, lr: 1.000e-03, Time: 3.34e+02
Model state saved to ./results/models/checkpoints/schrodinger/qho/2025-08-29_18-06-27-833956/model.pth
Model state saved to ./results/models/checkpoints/schrodinger/qho/2025-08-29_18-06-27-833956/model_weights.pth
It: 150, Loss: 2.495e-01, Loss_res: 6.598e-03,  Loss_bcs: 4.702e-05, Loss_ut_ics: 1.181e-01, lr: 1.000e-03, Time: 3.57e+02
Model state saved to ./results/models/checkpoints/schrodinger/qho/2025-08-29_18-06-27-833956/model.pth
Model state saved to ./results/models/checkpoints/schrodinger/qho/2025-08-29_18-06-27-833956/model_weights.pth
It: 160, Loss: 2.677e-01, Loss_res: 5.580e-03,  Loss_bcs: 2.493e-05, Loss_ut_ics: 1.283e-01, lr: 1.000e-03, Time: 3.79e+02
Model state saved to ./results/models/checkpoints/schrodinger/qho/2025-08-29_18-06-27-833956/model.pth
Model state saved to ./results/models/checkpoints/schrodinger/qho/2025-08-29_18-06-27-833956/model_weights.pth
It: 170, Loss: 3.442e-01, Loss_res: 5.972e-03,  Loss_bcs: 1.378e-05, Loss_ut_ics: 1.661e-01, lr: 1.000e-03, Time: 4.02e+02
Model state saved to ./results/models/checkpoints/schrodinger/qho/2025-08-29_18-06-27-833956/model.pth
Model state saved to ./results/models/checkpoints/schrodinger/qho/2025-08-29_18-06-27-833956/model_weights.pth
It: 180, Loss: 2.268e-01, Loss_res: 5.083e-03,  Loss_bcs: 1.284e-05, Loss_ut_ics: 1.083e-01, lr: 1.000e-03, Time: 4.24e+02
Model state saved to ./results/models/checkpoints/schrodinger/qho/2025-08-29_18-06-27-833956/model.pth
Model state saved to ./results/models/checkpoints/schrodinger/qho/2025-08-29_18-06-27-833956/model_weights.pth
It: 190, Loss: 9.389e-02, Loss_res: 4.470e-03,  Loss_bcs: 1.113e-05, Loss_ut_ics: 4.247e-02, lr: 1.000e-03, Time: 4.47e+02
Model state saved to ./results/models/checkpoints/schrodinger/qho/2025-08-29_18-06-27-833956/model.pth
Model state saved to ./results/models/checkpoints/schrodinger/qho/2025-08-29_18-06-27-833956/model_weights.pth
It: 200, Loss: 1.791e-01, Loss_res: 5.817e-03,  Loss_bcs: 1.099e-05, Loss_ut_ics: 8.373e-02, lr: 1.000e-03, Time: 4.69e+02
Model state saved to ./results/models/checkpoints/schrodinger/qho/2025-08-29_18-06-27-833956/model.pth
Model state saved to ./results/models/checkpoints/schrodinger/qho/2025-08-29_18-06-27-833956/model_weights.pth
It: 210, Loss: 3.640e-01, Loss_res: 4.748e-03,  Loss_bcs: 9.351e-06, Loss_ut_ics: 1.773e-01, lr: 1.000e-03, Time: 4.92e+02
Model state saved to ./results/models/checkpoints/schrodinger/qho/2025-08-29_18-06-27-833956/model.pth
Model state saved to ./results/models/checkpoints/schrodinger/qho/2025-08-29_18-06-27-833956/model_weights.pth
It: 220, Loss: 9.649e-02, Loss_res: 5.557e-03,  Loss_bcs: 5.702e-06, Loss_ut_ics: 4.268e-02, lr: 1.000e-03, Time: 5.14e+02
Model state saved to ./results/models/checkpoints/schrodinger/qho/2025-08-29_18-06-27-833956/model.pth
Model state saved to ./results/models/checkpoints/schrodinger/qho/2025-08-29_18-06-27-833956/model_weights.pth
It: 230, Loss: 1.731e-01, Loss_res: 3.858e-03,  Loss_bcs: 4.680e-06, Loss_ut_ics: 8.271e-02, lr: 1.000e-03, Time: 5.36e+02
Model state saved to ./results/models/checkpoints/schrodinger/qho/2025-08-29_18-06-27-833956/model.pth
Model state saved to ./results/models/checkpoints/schrodinger/qho/2025-08-29_18-06-27-833956/model_weights.pth
It: 240, Loss: 1.225e-02, Loss_res: 5.625e-03,  Loss_bcs: 5.591e-06, Loss_ut_ics: 4.998e-04, lr: 1.000e-03, Time: 5.59e+02
Model state saved to ./results/models/checkpoints/schrodinger/qho/2025-08-29_18-06-27-833956/model.pth
Model state saved to ./results/models/checkpoints/schrodinger/qho/2025-08-29_18-06-27-833956/model_weights.pth
It: 250, Loss: 2.262e-01, Loss_res: 4.890e-03,  Loss_bcs: 5.270e-06, Loss_ut_ics: 1.082e-01, lr: 1.000e-03, Time: 5.81e+02
Model state saved to ./results/models/checkpoints/schrodinger/qho/2025-08-29_18-06-27-833956/model.pth
Model state saved to ./results/models/checkpoints/schrodinger/qho/2025-08-29_18-06-27-833956/model_weights.pth
It: 260, Loss: 1.752e-01, Loss_res: 4.605e-03,  Loss_bcs: 5.900e-06, Loss_ut_ics: 8.298e-02, lr: 1.000e-03, Time: 6.04e+02
Model state saved to ./results/models/checkpoints/schrodinger/qho/2025-08-29_18-06-27-833956/model.pth
Model state saved to ./results/models/checkpoints/schrodinger/qho/2025-08-29_18-06-27-833956/model_weights.pth
It: 270, Loss: 2.259e-01, Loss_res: 4.602e-03,  Loss_bcs: 5.847e-06, Loss_ut_ics: 1.083e-01, lr: 1.000e-03, Time: 6.26e+02
Model state saved to ./results/models/checkpoints/schrodinger/qho/2025-08-29_18-06-27-833956/model.pth
Model state saved to ./results/models/checkpoints/schrodinger/qho/2025-08-29_18-06-27-833956/model_weights.pth
It: 280, Loss: 3.484e-01, Loss_res: 5.169e-03,  Loss_bcs: 4.076e-06, Loss_ut_ics: 1.690e-01, lr: 1.000e-03, Time: 6.48e+02
Model state saved to ./results/models/checkpoints/schrodinger/qho/2025-08-29_18-06-27-833956/model.pth
Model state saved to ./results/models/checkpoints/schrodinger/qho/2025-08-29_18-06-27-833956/model_weights.pth
It: 290, Loss: 1.465e-01, Loss_res: 4.039e-03,  Loss_bcs: 5.387e-06, Loss_ut_ics: 6.922e-02, lr: 1.000e-03, Time: 6.71e+02
Model state saved to ./results/models/checkpoints/schrodinger/qho/2025-08-29_18-06-27-833956/model.pth
Model state saved to ./results/models/checkpoints/schrodinger/qho/2025-08-29_18-06-27-833956/model_weights.pth
It: 300, Loss: 1.951e-01, Loss_res: 4.687e-03,  Loss_bcs: 3.747e-06, Loss_ut_ics: 9.287e-02, lr: 1.000e-03, Time: 6.93e+02
Model state saved to ./results/models/checkpoints/schrodinger/qho/2025-08-29_18-06-27-833956/model.pth
Model state saved to ./results/models/checkpoints/schrodinger/qho/2025-08-29_18-06-27-833956/model_weights.pth
It: 310, Loss: 4.389e-01, Loss_res: 5.367e-03,  Loss_bcs: 3.478e-06, Loss_ut_ics: 2.141e-01, lr: 1.000e-03, Time: 7.15e+02
Model state saved to ./results/models/checkpoints/schrodinger/qho/2025-08-29_18-06-27-833956/model.pth
Model state saved to ./results/models/checkpoints/schrodinger/qho/2025-08-29_18-06-27-833956/model_weights.pth
It: 320, Loss: 2.421e-01, Loss_res: 4.392e-03,  Loss_bcs: 8.584e-06, Loss_ut_ics: 1.167e-01, lr: 1.000e-03, Time: 7.38e+02
Model state saved to ./results/models/checkpoints/schrodinger/qho/2025-08-29_18-06-27-833956/model.pth
Model state saved to ./results/models/checkpoints/schrodinger/qho/2025-08-29_18-06-27-833956/model_weights.pth
It: 330, Loss: 1.950e-01, Loss_res: 3.701e-03,  Loss_bcs: 6.204e-06, Loss_ut_ics: 9.379e-02, lr: 1.000e-03, Time: 7.60e+02
Model state saved to ./results/models/checkpoints/schrodinger/qho/2025-08-29_18-06-27-833956/model.pth
Model state saved to ./results/models/checkpoints/schrodinger/qho/2025-08-29_18-06-27-833956/model_weights.pth
It: 340, Loss: 3.062e-01, Loss_res: 4.443e-03,  Loss_bcs: 3.976e-06, Loss_ut_ics: 1.487e-01, lr: 1.000e-03, Time: 7.83e+02
Model state saved to ./results/models/checkpoints/schrodinger/qho/2025-08-29_18-06-27-833956/model.pth
Model state saved to ./results/models/checkpoints/schrodinger/qho/2025-08-29_18-06-27-833956/model_weights.pth
It: 350, Loss: 1.912e-01, Loss_res: 4.261e-03,  Loss_bcs: 5.056e-06, Loss_ut_ics: 9.132e-02, lr: 1.000e-03, Time: 8.05e+02
Model state saved to ./results/models/checkpoints/schrodinger/qho/2025-08-29_18-06-27-833956/model.pth
Model state saved to ./results/models/checkpoints/schrodinger/qho/2025-08-29_18-06-27-833956/model_weights.pth
It: 360, Loss: 1.260e-01, Loss_res: 4.603e-03,  Loss_bcs: 7.269e-06, Loss_ut_ics: 5.839e-02, lr: 1.000e-03, Time: 8.28e+02
Model state saved to ./results/models/checkpoints/schrodinger/qho/2025-08-29_18-06-27-833956/model.pth
Model state saved to ./results/models/checkpoints/schrodinger/qho/2025-08-29_18-06-27-833956/model_weights.pth
It: 370, Loss: 8.758e-03, Loss_res: 4.292e-03,  Loss_bcs: 5.473e-06, Loss_ut_ics: 8.380e-05, lr: 1.000e-03, Time: 8.50e+02
Model state saved to ./results/models/checkpoints/schrodinger/qho/2025-08-29_18-06-27-833956/model.pth
Model state saved to ./results/models/checkpoints/schrodinger/qho/2025-08-29_18-06-27-833956/model_weights.pth
It: 380, Loss: 7.021e-02, Loss_res: 4.325e-03,  Loss_bcs: 5.257e-06, Loss_ut_ics: 3.078e-02, lr: 1.000e-03, Time: 8.73e+02
Model state saved to ./results/models/checkpoints/schrodinger/qho/2025-08-29_18-06-27-833956/model.pth
Model state saved to ./results/models/checkpoints/schrodinger/qho/2025-08-29_18-06-27-833956/model_weights.pth
It: 390, Loss: 2.191e-01, Loss_res: 3.480e-03,  Loss_bcs: 5.784e-06, Loss_ut_ics: 1.061e-01, lr: 1.000e-03, Time: 8.96e+02
Model state saved to ./results/models/checkpoints/schrodinger/qho/2025-08-29_18-06-27-833956/model.pth
Model state saved to ./results/models/checkpoints/schrodinger/qho/2025-08-29_18-06-27-833956/model_weights.pth
It: 400, Loss: 2.353e-01, Loss_res: 3.909e-03,  Loss_bcs: 5.629e-06, Loss_ut_ics: 1.137e-01, lr: 1.000e-03, Time: 9.18e+02
Model state saved to ./results/models/checkpoints/schrodinger/qho/2025-08-29_18-06-27-833956/model.pth
Model state saved to ./results/models/checkpoints/schrodinger/qho/2025-08-29_18-06-27-833956/model_weights.pth
It: 410, Loss: 1.847e-01, Loss_res: 4.234e-03,  Loss_bcs: 7.101e-06, Loss_ut_ics: 8.810e-02, lr: 1.000e-03, Time: 9.41e+02
Model state saved to ./results/models/checkpoints/schrodinger/qho/2025-08-29_18-06-27-833956/model.pth
Model state saved to ./results/models/checkpoints/schrodinger/qho/2025-08-29_18-06-27-833956/model_weights.pth
It: 420, Loss: 8.875e-02, Loss_res: 4.899e-03,  Loss_bcs: 6.555e-06, Loss_ut_ics: 3.947e-02, lr: 1.000e-03, Time: 9.63e+02
Model state saved to ./results/models/checkpoints/schrodinger/qho/2025-08-29_18-06-27-833956/model.pth
Model state saved to ./results/models/checkpoints/schrodinger/qho/2025-08-29_18-06-27-833956/model_weights.pth
It: 430, Loss: 1.583e-01, Loss_res: 4.188e-03,  Loss_bcs: 5.893e-06, Loss_ut_ics: 7.496e-02, lr: 1.000e-03, Time: 9.86e+02
Model state saved to ./results/models/checkpoints/schrodinger/qho/2025-08-29_18-06-27-833956/model.pth
Model state saved to ./results/models/checkpoints/schrodinger/qho/2025-08-29_18-06-27-833956/model_weights.pth
It: 440, Loss: 2.828e-01, Loss_res: 3.723e-03,  Loss_bcs: 8.106e-06, Loss_ut_ics: 1.377e-01, lr: 1.000e-03, Time: 1.01e+03
Model state saved to ./results/models/checkpoints/schrodinger/qho/2025-08-29_18-06-27-833956/model.pth
Model state saved to ./results/models/checkpoints/schrodinger/qho/2025-08-29_18-06-27-833956/model_weights.pth
It: 450, Loss: 2.766e-01, Loss_res: 3.986e-03,  Loss_bcs: 7.967e-06, Loss_ut_ics: 1.343e-01, lr: 1.000e-03, Time: 1.03e+03
Model state saved to ./results/models/checkpoints/schrodinger/qho/2025-08-29_18-06-27-833956/model.pth
Model state saved to ./results/models/checkpoints/schrodinger/qho/2025-08-29_18-06-27-833956/model_weights.pth
It: 460, Loss: 2.444e-01, Loss_res: 2.968e-03,  Loss_bcs: 8.726e-06, Loss_ut_ics: 1.192e-01, lr: 1.000e-03, Time: 1.05e+03
Model state saved to ./results/models/checkpoints/schrodinger/qho/2025-08-29_18-06-27-833956/model.pth
Model state saved to ./results/models/checkpoints/schrodinger/qho/2025-08-29_18-06-27-833956/model_weights.pth
It: 470, Loss: 3.132e-01, Loss_res: 3.989e-03,  Loss_bcs: 1.109e-05, Loss_ut_ics: 1.526e-01, lr: 1.000e-03, Time: 1.08e+03
Model state saved to ./results/models/checkpoints/schrodinger/qho/2025-08-29_18-06-27-833956/model.pth
Model state saved to ./results/models/checkpoints/schrodinger/qho/2025-08-29_18-06-27-833956/model_weights.pth
It: 480, Loss: 1.824e-01, Loss_res: 4.285e-03,  Loss_bcs: 7.444e-06, Loss_ut_ics: 8.690e-02, lr: 1.000e-03, Time: 1.10e+03
Model state saved to ./results/models/checkpoints/schrodinger/qho/2025-08-29_18-06-27-833956/model.pth
Model state saved to ./results/models/checkpoints/schrodinger/qho/2025-08-29_18-06-27-833956/model_weights.pth
It: 490, Loss: 7.547e-02, Loss_res: 4.474e-03,  Loss_bcs: 9.205e-06, Loss_ut_ics: 3.325e-02, lr: 1.000e-03, Time: 1.12e+03
Model state saved to ./results/models/checkpoints/schrodinger/qho/2025-08-29_18-06-27-833956/model.pth
Model state saved to ./results/models/checkpoints/schrodinger/qho/2025-08-29_18-06-27-833956/model_weights.pth
It: 500, Loss: 6.159e-03, Loss_res: 2.971e-03,  Loss_bcs: 1.307e-05, Loss_ut_ics: 1.015e-04, lr: 1.000e-03, Time: 1.15e+03
Model state saved to ./results/models/checkpoints/schrodinger/qho/2025-08-29_18-06-27-833956/model.pth
Model state saved to ./results/models/checkpoints/schrodinger/qho/2025-08-29_18-06-27-833956/model_weights.pth
It: 510, Loss: 2.460e-02, Loss_res: 4.703e-03,  Loss_bcs: 7.349e-06, Loss_ut_ics: 7.593e-03, lr: 1.000e-03, Time: 1.17e+03
Model state saved to ./results/models/checkpoints/schrodinger/qho/2025-08-29_18-06-27-833956/model.pth
Model state saved to ./results/models/checkpoints/schrodinger/qho/2025-08-29_18-06-27-833956/model_weights.pth
It: 520, Loss: 3.033e-01, Loss_res: 5.652e-03,  Loss_bcs: 1.059e-05, Loss_ut_ics: 1.460e-01, lr: 1.000e-03, Time: 1.19e+03
Model state saved to ./results/models/checkpoints/schrodinger/qho/2025-08-29_18-06-27-833956/model.pth
Model state saved to ./results/models/checkpoints/schrodinger/qho/2025-08-29_18-06-27-833956/model_weights.pth
It: 530, Loss: 1.460e-02, Loss_res: 4.752e-03,  Loss_bcs: 1.333e-05, Loss_ut_ics: 2.543e-03, lr: 1.000e-03, Time: 1.21e+03
Model state saved to ./results/models/checkpoints/schrodinger/qho/2025-08-29_18-06-27-833956/model.pth
Model state saved to ./results/models/checkpoints/schrodinger/qho/2025-08-29_18-06-27-833956/model_weights.pth
It: 540, Loss: 2.482e-01, Loss_res: 3.908e-03,  Loss_bcs: 8.344e-06, Loss_ut_ics: 1.202e-01, lr: 1.000e-03, Time: 1.24e+03
Model state saved to ./results/models/checkpoints/schrodinger/qho/2025-08-29_18-06-27-833956/model.pth
Model state saved to ./results/models/checkpoints/schrodinger/qho/2025-08-29_18-06-27-833956/model_weights.pth
It: 550, Loss: 3.241e-01, Loss_res: 4.364e-03,  Loss_bcs: 1.463e-05, Loss_ut_ics: 1.577e-01, lr: 1.000e-03, Time: 1.26e+03
Model state saved to ./results/models/checkpoints/schrodinger/qho/2025-08-29_18-06-27-833956/model.pth
Model state saved to ./results/models/checkpoints/schrodinger/qho/2025-08-29_18-06-27-833956/model_weights.pth
It: 560, Loss: 1.439e-01, Loss_res: 4.630e-03,  Loss_bcs: 1.490e-05, Loss_ut_ics: 6.732e-02, lr: 1.000e-03, Time: 1.28e+03
Model state saved to ./results/models/checkpoints/schrodinger/qho/2025-08-29_18-06-27-833956/model.pth
Model state saved to ./results/models/checkpoints/schrodinger/qho/2025-08-29_18-06-27-833956/model_weights.pth
It: 570, Loss: 4.286e-02, Loss_res: 4.935e-03,  Loss_bcs: 1.409e-05, Loss_ut_ics: 1.649e-02, lr: 1.000e-03, Time: 1.30e+03
Model state saved to ./results/models/checkpoints/schrodinger/qho/2025-08-29_18-06-27-833956/model.pth
Model state saved to ./results/models/checkpoints/schrodinger/qho/2025-08-29_18-06-27-833956/model_weights.pth
It: 580, Loss: 4.735e-01, Loss_res: 3.878e-03,  Loss_bcs: 1.017e-05, Loss_ut_ics: 2.329e-01, lr: 1.000e-03, Time: 1.33e+03
Model state saved to ./results/models/checkpoints/schrodinger/qho/2025-08-29_18-06-27-833956/model.pth
Model state saved to ./results/models/checkpoints/schrodinger/qho/2025-08-29_18-06-27-833956/model_weights.pth
It: 590, Loss: 8.162e-02, Loss_res: 4.210e-03,  Loss_bcs: 2.087e-05, Loss_ut_ics: 3.659e-02, lr: 1.000e-03, Time: 1.35e+03
Model state saved to ./results/models/checkpoints/schrodinger/qho/2025-08-29_18-06-27-833956/model.pth
Model state saved to ./results/models/checkpoints/schrodinger/qho/2025-08-29_18-06-27-833956/model_weights.pth
It: 600, Loss: 1.597e-01, Loss_res: 4.118e-03,  Loss_bcs: 1.333e-05, Loss_ut_ics: 7.571e-02, lr: 1.000e-03, Time: 1.37e+03
Model state saved to ./results/models/checkpoints/schrodinger/qho/2025-08-29_18-06-27-833956/model.pth
Model state saved to ./results/models/checkpoints/schrodinger/qho/2025-08-29_18-06-27-833956/model_weights.pth
It: 610, Loss: 1.959e-01, Loss_res: 5.083e-03,  Loss_bcs: 1.901e-05, Loss_ut_ics: 9.286e-02, lr: 1.000e-03, Time: 1.40e+03
Model state saved to ./results/models/checkpoints/schrodinger/qho/2025-08-29_18-06-27-833956/model.pth
Model state saved to ./results/models/checkpoints/schrodinger/qho/2025-08-29_18-06-27-833956/model_weights.pth
It: 620, Loss: 1.341e-02, Loss_res: 5.133e-03,  Loss_bcs: 1.870e-05, Loss_ut_ics: 1.564e-03, lr: 1.000e-03, Time: 1.42e+03
Model state saved to ./results/models/checkpoints/schrodinger/qho/2025-08-29_18-06-27-833956/model.pth
Model state saved to ./results/models/checkpoints/schrodinger/qho/2025-08-29_18-06-27-833956/model_weights.pth
It: 630, Loss: 1.485e-01, Loss_res: 4.146e-03,  Loss_bcs: 1.323e-05, Loss_ut_ics: 7.008e-02, lr: 1.000e-03, Time: 1.44e+03
Model state saved to ./results/models/checkpoints/schrodinger/qho/2025-08-29_18-06-27-833956/model.pth
Model state saved to ./results/models/checkpoints/schrodinger/qho/2025-08-29_18-06-27-833956/model_weights.pth
It: 640, Loss: 1.816e-02, Loss_res: 5.110e-03,  Loss_bcs: 1.512e-05, Loss_ut_ics: 3.960e-03, lr: 1.000e-03, Time: 1.46e+03
Model state saved to ./results/models/checkpoints/schrodinger/qho/2025-08-29_18-06-27-833956/model.pth
Model state saved to ./results/models/checkpoints/schrodinger/qho/2025-08-29_18-06-27-833956/model_weights.pth
It: 650, Loss: 2.149e-02, Loss_res: 4.437e-03,  Loss_bcs: 2.063e-05, Loss_ut_ics: 6.300e-03, lr: 1.000e-03, Time: 1.49e+03
Model state saved to ./results/models/checkpoints/schrodinger/qho/2025-08-29_18-06-27-833956/model.pth
Model state saved to ./results/models/checkpoints/schrodinger/qho/2025-08-29_18-06-27-833956/model_weights.pth
It: 660, Loss: 8.472e-03, Loss_res: 4.190e-03,  Loss_bcs: 2.293e-05, Loss_ut_ics: 3.443e-05, lr: 1.000e-03, Time: 1.51e+03
Model state saved to ./results/models/checkpoints/schrodinger/qho/2025-08-29_18-06-27-833956/model.pth
Model state saved to ./results/models/checkpoints/schrodinger/qho/2025-08-29_18-06-27-833956/model_weights.pth
It: 670, Loss: 3.278e-01, Loss_res: 4.665e-03,  Loss_bcs: 1.561e-05, Loss_ut_ics: 1.592e-01, lr: 1.000e-03, Time: 1.53e+03
Model state saved to ./results/models/checkpoints/schrodinger/qho/2025-08-29_18-06-27-833956/model.pth
Model state saved to ./results/models/checkpoints/schrodinger/qho/2025-08-29_18-06-27-833956/model_weights.pth
It: 680, Loss: 1.089e-01, Loss_res: 5.088e-03,  Loss_bcs: 2.569e-05, Loss_ut_ics: 4.935e-02, lr: 1.000e-03, Time: 1.55e+03
Model state saved to ./results/models/checkpoints/schrodinger/qho/2025-08-29_18-06-27-833956/model.pth
Model state saved to ./results/models/checkpoints/schrodinger/qho/2025-08-29_18-06-27-833956/model_weights.pth
It: 690, Loss: 3.932e-02, Loss_res: 5.853e-03,  Loss_bcs: 9.185e-06, Loss_ut_ics: 1.380e-02, lr: 1.000e-03, Time: 1.58e+03
Model state saved to ./results/models/checkpoints/schrodinger/qho/2025-08-29_18-06-27-833956/model.pth
Model state saved to ./results/models/checkpoints/schrodinger/qho/2025-08-29_18-06-27-833956/model_weights.pth
It: 700, Loss: 1.212e-01, Loss_res: 4.013e-03,  Loss_bcs: 1.739e-05, Loss_ut_ics: 5.657e-02, lr: 1.000e-03, Time: 1.60e+03
Model state saved to ./results/models/checkpoints/schrodinger/qho/2025-08-29_18-06-27-833956/model.pth
Model state saved to ./results/models/checkpoints/schrodinger/qho/2025-08-29_18-06-27-833956/model_weights.pth
It: 710, Loss: 1.233e-01, Loss_res: 5.588e-03,  Loss_bcs: 2.739e-05, Loss_ut_ics: 5.604e-02, lr: 1.000e-03, Time: 1.62e+03
Model state saved to ./results/models/checkpoints/schrodinger/qho/2025-08-29_18-06-27-833956/model.pth
Model state saved to ./results/models/checkpoints/schrodinger/qho/2025-08-29_18-06-27-833956/model_weights.pth
It: 720, Loss: 1.418e-01, Loss_res: 4.379e-03,  Loss_bcs: 1.828e-05, Loss_ut_ics: 6.653e-02, lr: 1.000e-03, Time: 1.65e+03
Model state saved to ./results/models/checkpoints/schrodinger/qho/2025-08-29_18-06-27-833956/model.pth
Model state saved to ./results/models/checkpoints/schrodinger/qho/2025-08-29_18-06-27-833956/model_weights.pth
It: 730, Loss: 2.847e-01, Loss_res: 5.797e-03,  Loss_bcs: 2.484e-05, Loss_ut_ics: 1.365e-01, lr: 1.000e-03, Time: 1.67e+03
Model state saved to ./results/models/checkpoints/schrodinger/qho/2025-08-29_18-06-27-833956/model.pth
Model state saved to ./results/models/checkpoints/schrodinger/qho/2025-08-29_18-06-27-833956/model_weights.pth
It: 740, Loss: 1.180e-01, Loss_res: 5.248e-03,  Loss_bcs: 1.877e-05, Loss_ut_ics: 5.372e-02, lr: 1.000e-03, Time: 1.69e+03
Model state saved to ./results/models/checkpoints/schrodinger/qho/2025-08-29_18-06-27-833956/model.pth
Model state saved to ./results/models/checkpoints/schrodinger/qho/2025-08-29_18-06-27-833956/model_weights.pth
It: 750, Loss: 1.351e-01, Loss_res: 5.944e-03,  Loss_bcs: 3.181e-05, Loss_ut_ics: 6.159e-02, lr: 1.000e-03, Time: 1.71e+03
Model state saved to ./results/models/checkpoints/schrodinger/qho/2025-08-29_18-06-27-833956/model.pth
Model state saved to ./results/models/checkpoints/schrodinger/qho/2025-08-29_18-06-27-833956/model_weights.pth
It: 760, Loss: 1.186e-01, Loss_res: 3.386e-03,  Loss_bcs: 1.366e-05, Loss_ut_ics: 5.592e-02, lr: 1.000e-03, Time: 1.74e+03
Model state saved to ./results/models/checkpoints/schrodinger/qho/2025-08-29_18-06-27-833956/model.pth
Model state saved to ./results/models/checkpoints/schrodinger/qho/2025-08-29_18-06-27-833956/model_weights.pth
It: 770, Loss: 1.209e-01, Loss_res: 6.098e-03,  Loss_bcs: 3.282e-05, Loss_ut_ics: 5.433e-02, lr: 1.000e-03, Time: 1.76e+03
Model state saved to ./results/models/checkpoints/schrodinger/qho/2025-08-29_18-06-27-833956/model.pth
Model state saved to ./results/models/checkpoints/schrodinger/qho/2025-08-29_18-06-27-833956/model_weights.pth
It: 780, Loss: 1.923e-02, Loss_res: 5.317e-03,  Loss_bcs: 3.281e-05, Loss_ut_ics: 4.281e-03, lr: 1.000e-03, Time: 1.78e+03
Model state saved to ./results/models/checkpoints/schrodinger/qho/2025-08-29_18-06-27-833956/model.pth
Model state saved to ./results/models/checkpoints/schrodinger/qho/2025-08-29_18-06-27-833956/model_weights.pth
It: 790, Loss: 8.245e-02, Loss_res: 4.151e-03,  Loss_bcs: 5.136e-05, Loss_ut_ics: 3.705e-02, lr: 1.000e-03, Time: 1.80e+03
Model state saved to ./results/models/checkpoints/schrodinger/qho/2025-08-29_18-06-27-833956/model.pth
Model state saved to ./results/models/checkpoints/schrodinger/qho/2025-08-29_18-06-27-833956/model_weights.pth
It: 800, Loss: 1.295e-01, Loss_res: 4.320e-03,  Loss_bcs: 2.426e-05, Loss_ut_ics: 6.044e-02, lr: 1.000e-03, Time: 1.83e+03
Model state saved to ./results/models/checkpoints/schrodinger/qho/2025-08-29_18-06-27-833956/model.pth
Model state saved to ./results/models/checkpoints/schrodinger/qho/2025-08-29_18-06-27-833956/model_weights.pth
It: 810, Loss: 8.888e-03, Loss_res: 4.382e-03,  Loss_bcs: 2.452e-05, Loss_ut_ics: 4.957e-05, lr: 1.000e-03, Time: 1.85e+03
Model state saved to ./results/models/checkpoints/schrodinger/qho/2025-08-29_18-06-27-833956/model.pth
Model state saved to ./results/models/checkpoints/schrodinger/qho/2025-08-29_18-06-27-833956/model_weights.pth
It: 820, Loss: 6.486e-02, Loss_res: 6.665e-03,  Loss_bcs: 3.361e-05, Loss_ut_ics: 2.575e-02, lr: 1.000e-03, Time: 1.87e+03
Model state saved to ./results/models/checkpoints/schrodinger/qho/2025-08-29_18-06-27-833956/model.pth
Model state saved to ./results/models/checkpoints/schrodinger/qho/2025-08-29_18-06-27-833956/model_weights.pth
It: 830, Loss: 1.275e-01, Loss_res: 5.698e-03,  Loss_bcs: 2.530e-05, Loss_ut_ics: 5.803e-02, lr: 1.000e-03, Time: 1.89e+03
Model state saved to ./results/models/checkpoints/schrodinger/qho/2025-08-29_18-06-27-833956/model.pth
Model state saved to ./results/models/checkpoints/schrodinger/qho/2025-08-29_18-06-27-833956/model_weights.pth
It: 840, Loss: 1.096e-01, Loss_res: 8.248e-03,  Loss_bcs: 1.937e-05, Loss_ut_ics: 4.655e-02, lr: 1.000e-03, Time: 1.92e+03
Model state saved to ./results/models/checkpoints/schrodinger/qho/2025-08-29_18-06-27-833956/model.pth
Model state saved to ./results/models/checkpoints/schrodinger/qho/2025-08-29_18-06-27-833956/model_weights.pth
It: 850, Loss: 4.904e-02, Loss_res: 5.370e-03,  Loss_bcs: 3.354e-05, Loss_ut_ics: 1.914e-02, lr: 1.000e-03, Time: 1.94e+03
Model state saved to ./results/models/checkpoints/schrodinger/qho/2025-08-29_18-06-27-833956/model.pth
Model state saved to ./results/models/checkpoints/schrodinger/qho/2025-08-29_18-06-27-833956/model_weights.pth
It: 860, Loss: 2.272e-02, Loss_res: 6.951e-03,  Loss_bcs: 3.251e-05, Loss_ut_ics: 4.391e-03, lr: 1.000e-03, Time: 1.96e+03
Model state saved to ./results/models/checkpoints/schrodinger/qho/2025-08-29_18-06-27-833956/model.pth
Model state saved to ./results/models/checkpoints/schrodinger/qho/2025-08-29_18-06-27-833956/model_weights.pth
It: 870, Loss: 8.861e-02, Loss_res: 4.309e-03,  Loss_bcs: 2.659e-05, Loss_ut_ics: 3.998e-02, lr: 1.000e-03, Time: 1.98e+03
Model state saved to ./results/models/checkpoints/schrodinger/qho/2025-08-29_18-06-27-833956/model.pth
Model state saved to ./results/models/checkpoints/schrodinger/qho/2025-08-29_18-06-27-833956/model_weights.pth
It: 880, Loss: 7.290e-02, Loss_res: 6.223e-03,  Loss_bcs: 3.147e-05, Loss_ut_ics: 3.021e-02, lr: 1.000e-03, Time: 2.01e+03
Model state saved to ./results/models/checkpoints/schrodinger/qho/2025-08-29_18-06-27-833956/model.pth
Model state saved to ./results/models/checkpoints/schrodinger/qho/2025-08-29_18-06-27-833956/model_weights.pth
It: 890, Loss: 9.005e-02, Loss_res: 4.985e-03,  Loss_bcs: 3.384e-05, Loss_ut_ics: 4.002e-02, lr: 1.000e-03, Time: 2.03e+03
Model state saved to ./results/models/checkpoints/schrodinger/qho/2025-08-29_18-06-27-833956/model.pth
Model state saved to ./results/models/checkpoints/schrodinger/qho/2025-08-29_18-06-27-833956/model_weights.pth
It: 900, Loss: 1.321e-01, Loss_res: 5.282e-03,  Loss_bcs: 3.870e-05, Loss_ut_ics: 6.075e-02, lr: 1.000e-03, Time: 2.05e+03
Model state saved to ./results/models/checkpoints/schrodinger/qho/2025-08-29_18-06-27-833956/model.pth
Model state saved to ./results/models/checkpoints/schrodinger/qho/2025-08-29_18-06-27-833956/model_weights.pth
It: 910, Loss: 1.674e-02, Loss_res: 7.046e-03,  Loss_bcs: 2.935e-05, Loss_ut_ics: 1.310e-03, lr: 1.000e-03, Time: 2.08e+03
Model state saved to ./results/models/checkpoints/schrodinger/qho/2025-08-29_18-06-27-833956/model.pth
Model state saved to ./results/models/checkpoints/schrodinger/qho/2025-08-29_18-06-27-833956/model_weights.pth
It: 920, Loss: 1.193e-01, Loss_res: 4.923e-03,  Loss_bcs: 2.591e-05, Loss_ut_ics: 5.473e-02, lr: 1.000e-03, Time: 2.10e+03
Model state saved to ./results/models/checkpoints/schrodinger/qho/2025-08-29_18-06-27-833956/model.pth
Model state saved to ./results/models/checkpoints/schrodinger/qho/2025-08-29_18-06-27-833956/model_weights.pth
It: 930, Loss: 2.668e-01, Loss_res: 6.621e-03,  Loss_bcs: 3.911e-05, Loss_ut_ics: 1.268e-01, lr: 1.000e-03, Time: 2.12e+03
Model state saved to ./results/models/checkpoints/schrodinger/qho/2025-08-29_18-06-27-833956/model.pth
Model state saved to ./results/models/checkpoints/schrodinger/qho/2025-08-29_18-06-27-833956/model_weights.pth
It: 940, Loss: 4.158e-02, Loss_res: 8.380e-03,  Loss_bcs: 3.513e-05, Loss_ut_ics: 1.239e-02, lr: 1.000e-03, Time: 2.14e+03
Model state saved to ./results/models/checkpoints/schrodinger/qho/2025-08-29_18-06-27-833956/model.pth
Model state saved to ./results/models/checkpoints/schrodinger/qho/2025-08-29_18-06-27-833956/model_weights.pth
It: 950, Loss: 2.142e-02, Loss_res: 8.344e-03,  Loss_bcs: 3.835e-05, Loss_ut_ics: 2.346e-03, lr: 1.000e-03, Time: 2.17e+03
Model state saved to ./results/models/checkpoints/schrodinger/qho/2025-08-29_18-06-27-833956/model.pth
Model state saved to ./results/models/checkpoints/schrodinger/qho/2025-08-29_18-06-27-833956/model_weights.pth
It: 960, Loss: 7.400e-02, Loss_res: 6.124e-03,  Loss_bcs: 3.117e-05, Loss_ut_ics: 3.086e-02, lr: 1.000e-03, Time: 2.19e+03
Model state saved to ./results/models/checkpoints/schrodinger/qho/2025-08-29_18-06-27-833956/model.pth
Model state saved to ./results/models/checkpoints/schrodinger/qho/2025-08-29_18-06-27-833956/model_weights.pth
It: 970, Loss: 1.579e-01, Loss_res: 6.312e-03,  Loss_bcs: 5.807e-05, Loss_ut_ics: 7.262e-02, lr: 1.000e-03, Time: 2.21e+03
Model state saved to ./results/models/checkpoints/schrodinger/qho/2025-08-29_18-06-27-833956/model.pth
Model state saved to ./results/models/checkpoints/schrodinger/qho/2025-08-29_18-06-27-833956/model_weights.pth
It: 980, Loss: 9.723e-02, Loss_res: 9.598e-03,  Loss_bcs: 4.066e-05, Loss_ut_ics: 3.900e-02, lr: 1.000e-03, Time: 2.23e+03
Model state saved to ./results/models/checkpoints/schrodinger/qho/2025-08-29_18-06-27-833956/model.pth
Model state saved to ./results/models/checkpoints/schrodinger/qho/2025-08-29_18-06-27-833956/model_weights.pth
It: 990, Loss: 1.120e-01, Loss_res: 7.092e-03,  Loss_bcs: 4.494e-05, Loss_ut_ics: 4.886e-02, lr: 1.000e-03, Time: 2.26e+03
Model state saved to ./results/models/checkpoints/schrodinger/qho/2025-08-29_18-06-27-833956/model.pth
Model state saved to ./results/models/checkpoints/schrodinger/qho/2025-08-29_18-06-27-833956/model_weights.pth
It: 1000, Loss: 2.916e-02, Loss_res: 9.671e-03,  Loss_bcs: 3.201e-05, Loss_ut_ics: 4.895e-03, lr: 1.000e-03, Time: 2.28e+03
Model state saved to ./results/models/checkpoints/schrodinger/qho/2025-08-29_18-06-27-833956/model.pth
Model state saved to ./results/models/checkpoints/schrodinger/qho/2025-08-29_18-06-27-833956/model_weights.pth
It: 1010, Loss: 6.278e-02, Loss_res: 5.881e-03,  Loss_bcs: 3.099e-05, Loss_ut_ics: 2.549e-02, lr: 1.000e-03, Time: 2.30e+03
Model state saved to ./results/models/checkpoints/schrodinger/qho/2025-08-29_18-06-27-833956/model.pth
Model state saved to ./results/models/checkpoints/schrodinger/qho/2025-08-29_18-06-27-833956/model_weights.pth
It: 1020, Loss: 9.287e-02, Loss_res: 6.607e-03,  Loss_bcs: 2.709e-05, Loss_ut_ics: 3.981e-02, lr: 1.000e-03, Time: 2.32e+03
Model state saved to ./results/models/checkpoints/schrodinger/qho/2025-08-29_18-06-27-833956/model.pth
Model state saved to ./results/models/checkpoints/schrodinger/qho/2025-08-29_18-06-27-833956/model_weights.pth
It: 1030, Loss: 9.383e-02, Loss_res: 7.896e-03,  Loss_bcs: 4.006e-05, Loss_ut_ics: 3.900e-02, lr: 1.000e-03, Time: 2.35e+03
Model state saved to ./results/models/checkpoints/schrodinger/qho/2025-08-29_18-06-27-833956/model.pth
Model state saved to ./results/models/checkpoints/schrodinger/qho/2025-08-29_18-06-27-833956/model_weights.pth
It: 1040, Loss: 1.005e-01, Loss_res: 6.405e-03,  Loss_bcs: 2.699e-05, Loss_ut_ics: 4.381e-02, lr: 1.000e-03, Time: 2.37e+03
Model state saved to ./results/models/checkpoints/schrodinger/qho/2025-08-29_18-06-27-833956/model.pth
Model state saved to ./results/models/checkpoints/schrodinger/qho/2025-08-29_18-06-27-833956/model_weights.pth
It: 1050, Loss: 1.669e-01, Loss_res: 8.385e-03,  Loss_bcs: 4.431e-05, Loss_ut_ics: 7.505e-02, lr: 1.000e-03, Time: 2.39e+03
Model state saved to ./results/models/checkpoints/schrodinger/qho/2025-08-29_18-06-27-833956/model.pth
Model state saved to ./results/models/checkpoints/schrodinger/qho/2025-08-29_18-06-27-833956/model_weights.pth
It: 1060, Loss: 1.425e-02, Loss_res: 7.014e-03,  Loss_bcs: 4.622e-05, Loss_ut_ics: 8.678e-05, lr: 1.000e-03, Time: 2.41e+03
Model state saved to ./results/models/checkpoints/schrodinger/qho/2025-08-29_18-06-27-833956/model.pth
Model state saved to ./results/models/checkpoints/schrodinger/qho/2025-08-29_18-06-27-833956/model_weights.pth
It: 1070, Loss: 9.975e-02, Loss_res: 9.523e-03,  Loss_bcs: 5.970e-05, Loss_ut_ics: 4.032e-02, lr: 1.000e-03, Time: 2.44e+03
Model state saved to ./results/models/checkpoints/schrodinger/qho/2025-08-29_18-06-27-833956/model.pth
Model state saved to ./results/models/checkpoints/schrodinger/qho/2025-08-29_18-06-27-833956/model_weights.pth
It: 1080, Loss: 1.581e-01, Loss_res: 8.857e-03,  Loss_bcs: 4.630e-05, Loss_ut_ics: 7.017e-02, lr: 1.000e-03, Time: 2.46e+03
Model state saved to ./results/models/checkpoints/schrodinger/qho/2025-08-29_18-06-27-833956/model.pth
Model state saved to ./results/models/checkpoints/schrodinger/qho/2025-08-29_18-06-27-833956/model_weights.pth
It: 1090, Loss: 1.546e-01, Loss_res: 7.904e-03,  Loss_bcs: 4.329e-05, Loss_ut_ics: 6.939e-02, lr: 1.000e-03, Time: 2.48e+03
Model state saved to ./results/models/checkpoints/schrodinger/qho/2025-08-29_18-06-27-833956/model.pth
Model state saved to ./results/models/checkpoints/schrodinger/qho/2025-08-29_18-06-27-833956/model_weights.pth
It: 1100, Loss: 1.600e-01, Loss_res: 8.844e-03,  Loss_bcs: 4.314e-05, Loss_ut_ics: 7.115e-02, lr: 1.000e-03, Time: 2.50e+03
Model state saved to ./results/models/checkpoints/schrodinger/qho/2025-08-29_18-06-27-833956/model.pth
Model state saved to ./results/models/checkpoints/schrodinger/qho/2025-08-29_18-06-27-833956/model_weights.pth
It: 1110, Loss: 2.756e-02, Loss_res: 9.077e-03,  Loss_bcs: 6.000e-05, Loss_ut_ics: 4.671e-03, lr: 1.000e-03, Time: 2.53e+03
Model state saved to ./results/models/checkpoints/schrodinger/qho/2025-08-29_18-06-27-833956/model.pth
Model state saved to ./results/models/checkpoints/schrodinger/qho/2025-08-29_18-06-27-833956/model_weights.pth
It: 1120, Loss: 7.539e-02, Loss_res: 1.275e-02,  Loss_bcs: 4.079e-05, Loss_ut_ics: 2.492e-02, lr: 1.000e-03, Time: 2.55e+03
Model state saved to ./results/models/checkpoints/schrodinger/qho/2025-08-29_18-06-27-833956/model.pth
Model state saved to ./results/models/checkpoints/schrodinger/qho/2025-08-29_18-06-27-833956/model_weights.pth
It: 1130, Loss: 8.941e-02, Loss_res: 8.321e-03,  Loss_bcs: 3.983e-05, Loss_ut_ics: 3.636e-02, lr: 1.000e-03, Time: 2.57e+03
Model state saved to ./results/models/checkpoints/schrodinger/qho/2025-08-29_18-06-27-833956/model.pth
Model state saved to ./results/models/checkpoints/schrodinger/qho/2025-08-29_18-06-27-833956/model_weights.pth
It: 1140, Loss: 4.965e-02, Loss_res: 8.859e-03,  Loss_bcs: 3.464e-05, Loss_ut_ics: 1.595e-02, lr: 1.000e-03, Time: 2.59e+03
Model state saved to ./results/models/checkpoints/schrodinger/qho/2025-08-29_18-06-27-833956/model.pth
Model state saved to ./results/models/checkpoints/schrodinger/qho/2025-08-29_18-06-27-833956/model_weights.pth
It: 1150, Loss: 9.540e-02, Loss_res: 8.572e-03,  Loss_bcs: 5.372e-05, Loss_ut_ics: 3.910e-02, lr: 1.000e-03, Time: 2.62e+03
Model state saved to ./results/models/checkpoints/schrodinger/qho/2025-08-29_18-06-27-833956/model.pth
Model state saved to ./results/models/checkpoints/schrodinger/qho/2025-08-29_18-06-27-833956/model_weights.pth
It: 1160, Loss: 1.156e-01, Loss_res: 1.133e-02,  Loss_bcs: 5.856e-05, Loss_ut_ics: 4.644e-02, lr: 1.000e-03, Time: 2.64e+03
Model state saved to ./results/models/checkpoints/schrodinger/qho/2025-08-29_18-06-27-833956/model.pth
Model state saved to ./results/models/checkpoints/schrodinger/qho/2025-08-29_18-06-27-833956/model_weights.pth
It: 1170, Loss: 8.634e-02, Loss_res: 9.856e-03,  Loss_bcs: 5.922e-05, Loss_ut_ics: 3.328e-02, lr: 1.000e-03, Time: 2.66e+03
Model state saved to ./results/models/checkpoints/schrodinger/qho/2025-08-29_18-06-27-833956/model.pth
Model state saved to ./results/models/checkpoints/schrodinger/qho/2025-08-29_18-06-27-833956/model_weights.pth
It: 1180, Loss: 8.346e-02, Loss_res: 8.190e-03,  Loss_bcs: 4.466e-05, Loss_ut_ics: 3.352e-02, lr: 1.000e-03, Time: 2.68e+03
Model state saved to ./results/models/checkpoints/schrodinger/qho/2025-08-29_18-06-27-833956/model.pth
Model state saved to ./results/models/checkpoints/schrodinger/qho/2025-08-29_18-06-27-833956/model_weights.pth
It: 1190, Loss: 9.832e-02, Loss_res: 1.110e-02,  Loss_bcs: 4.590e-05, Loss_ut_ics: 3.804e-02, lr: 1.000e-03, Time: 2.71e+03
Model state saved to ./results/models/checkpoints/schrodinger/qho/2025-08-29_18-06-27-833956/model.pth
Model state saved to ./results/models/checkpoints/schrodinger/qho/2025-08-29_18-06-27-833956/model_weights.pth
It: 1200, Loss: 2.347e-02, Loss_res: 8.692e-03,  Loss_bcs: 3.017e-05, Loss_ut_ics: 3.028e-03, lr: 1.000e-03, Time: 2.73e+03
Model state saved to ./results/models/checkpoints/schrodinger/qho/2025-08-29_18-06-27-833956/model.pth
Model state saved to ./results/models/checkpoints/schrodinger/qho/2025-08-29_18-06-27-833956/model_weights.pth
It: 1210, Loss: 2.573e-02, Loss_res: 1.092e-02,  Loss_bcs: 6.216e-05, Loss_ut_ics: 1.916e-03, lr: 1.000e-03, Time: 2.75e+03
Model state saved to ./results/models/checkpoints/schrodinger/qho/2025-08-29_18-06-27-833956/model.pth
Model state saved to ./results/models/checkpoints/schrodinger/qho/2025-08-29_18-06-27-833956/model_weights.pth
It: 1220, Loss: 1.359e-01, Loss_res: 1.001e-02,  Loss_bcs: 6.449e-05, Loss_ut_ics: 5.792e-02, lr: 1.000e-03, Time: 2.78e+03
Model state saved to ./results/models/checkpoints/schrodinger/qho/2025-08-29_18-06-27-833956/model.pth
Model state saved to ./results/models/checkpoints/schrodinger/qho/2025-08-29_18-06-27-833956/model_weights.pth
It: 1230, Loss: 1.084e-02, Loss_res: 5.340e-03,  Loss_bcs: 8.316e-05, Loss_ut_ics: 3.711e-05, lr: 1.000e-03, Time: 2.80e+03
Model state saved to ./results/models/checkpoints/schrodinger/qho/2025-08-29_18-06-27-833956/model.pth
Model state saved to ./results/models/checkpoints/schrodinger/qho/2025-08-29_18-06-27-833956/model_weights.pth
It: 1240, Loss: 2.528e-02, Loss_res: 8.621e-03,  Loss_bcs: 3.455e-05, Loss_ut_ics: 4.002e-03, lr: 1.000e-03, Time: 2.82e+03
Model state saved to ./results/models/checkpoints/schrodinger/qho/2025-08-29_18-06-27-833956/model.pth
Model state saved to ./results/models/checkpoints/schrodinger/qho/2025-08-29_18-06-27-833956/model_weights.pth
It: 1250, Loss: 9.323e-02, Loss_res: 9.362e-03,  Loss_bcs: 2.865e-05, Loss_ut_ics: 3.724e-02, lr: 1.000e-03, Time: 2.84e+03
Model state saved to ./results/models/checkpoints/schrodinger/qho/2025-08-29_18-06-27-833956/model.pth
Model state saved to ./results/models/checkpoints/schrodinger/qho/2025-08-29_18-06-27-833956/model_weights.pth
It: 1260, Loss: 1.956e-02, Loss_res: 9.552e-03,  Loss_bcs: 6.200e-05, Loss_ut_ics: 1.980e-04, lr: 1.000e-03, Time: 2.87e+03
Model state saved to ./results/models/checkpoints/schrodinger/qho/2025-08-29_18-06-27-833956/model.pth
Model state saved to ./results/models/checkpoints/schrodinger/qho/2025-08-29_18-06-27-833956/model_weights.pth
It: 1270, Loss: 2.201e-02, Loss_res: 7.089e-03,  Loss_bcs: 6.458e-05, Loss_ut_ics: 3.884e-03, lr: 1.000e-03, Time: 2.89e+03
Model state saved to ./results/models/checkpoints/schrodinger/qho/2025-08-29_18-06-27-833956/model.pth
Model state saved to ./results/models/checkpoints/schrodinger/qho/2025-08-29_18-06-27-833956/model_weights.pth
It: 1280, Loss: 2.457e-02, Loss_res: 6.804e-03,  Loss_bcs: 3.139e-05, Loss_ut_ics: 5.463e-03, lr: 1.000e-03, Time: 2.91e+03
Model state saved to ./results/models/checkpoints/schrodinger/qho/2025-08-29_18-06-27-833956/model.pth
Model state saved to ./results/models/checkpoints/schrodinger/qho/2025-08-29_18-06-27-833956/model_weights.pth
It: 1290, Loss: 2.029e-02, Loss_res: 1.004e-02,  Loss_bcs: 3.554e-05, Loss_ut_ics: 8.681e-05, lr: 1.000e-03, Time: 2.93e+03
Model state saved to ./results/models/checkpoints/schrodinger/qho/2025-08-29_18-06-27-833956/model.pth
Model state saved to ./results/models/checkpoints/schrodinger/qho/2025-08-29_18-06-27-833956/model_weights.pth
It: 1300, Loss: 6.676e-02, Loss_res: 6.769e-03,  Loss_bcs: 4.756e-05, Loss_ut_ics: 2.659e-02, lr: 1.000e-03, Time: 2.96e+03
Model state saved to ./results/models/checkpoints/schrodinger/qho/2025-08-29_18-06-27-833956/model.pth
Model state saved to ./results/models/checkpoints/schrodinger/qho/2025-08-29_18-06-27-833956/model_weights.pth
It: 1310, Loss: 1.187e-01, Loss_res: 9.426e-03,  Loss_bcs: 2.802e-05, Loss_ut_ics: 4.989e-02, lr: 1.000e-03, Time: 2.98e+03
Model state saved to ./results/models/checkpoints/schrodinger/qho/2025-08-29_18-06-27-833956/model.pth
Model state saved to ./results/models/checkpoints/schrodinger/qho/2025-08-29_18-06-27-833956/model_weights.pth
It: 1320, Loss: 7.899e-02, Loss_res: 1.193e-02,  Loss_bcs: 5.827e-05, Loss_ut_ics: 2.753e-02, lr: 1.000e-03, Time: 3.00e+03
Model state saved to ./results/models/checkpoints/schrodinger/qho/2025-08-29_18-06-27-833956/model.pth
Model state saved to ./results/models/checkpoints/schrodinger/qho/2025-08-29_18-06-27-833956/model_weights.pth
It: 1330, Loss: 5.689e-02, Loss_res: 8.823e-03,  Loss_bcs: 4.323e-05, Loss_ut_ics: 1.960e-02, lr: 1.000e-03, Time: 3.02e+03
Model state saved to ./results/models/checkpoints/schrodinger/qho/2025-08-29_18-06-27-833956/model.pth
Model state saved to ./results/models/checkpoints/schrodinger/qho/2025-08-29_18-06-27-833956/model_weights.pth
It: 1340, Loss: 2.173e-02, Loss_res: 1.072e-02,  Loss_bcs: 2.176e-05, Loss_ut_ics: 1.351e-04, lr: 1.000e-03, Time: 3.05e+03
Model state saved to ./results/models/checkpoints/schrodinger/qho/2025-08-29_18-06-27-833956/model.pth
Model state saved to ./results/models/checkpoints/schrodinger/qho/2025-08-29_18-06-27-833956/model_weights.pth
It: 1350, Loss: 2.538e-02, Loss_res: 9.820e-03,  Loss_bcs: 6.786e-05, Loss_ut_ics: 2.838e-03, lr: 1.000e-03, Time: 3.07e+03
Model state saved to ./results/models/checkpoints/schrodinger/qho/2025-08-29_18-06-27-833956/model.pth
Model state saved to ./results/models/checkpoints/schrodinger/qho/2025-08-29_18-06-27-833956/model_weights.pth
It: 1360, Loss: 4.750e-02, Loss_res: 1.009e-02,  Loss_bcs: 5.532e-05, Loss_ut_ics: 1.364e-02, lr: 1.000e-03, Time: 3.09e+03
Model state saved to ./results/models/checkpoints/schrodinger/qho/2025-08-29_18-06-27-833956/model.pth
Model state saved to ./results/models/checkpoints/schrodinger/qho/2025-08-29_18-06-27-833956/model_weights.pth
It: 1370, Loss: 6.502e-02, Loss_res: 6.326e-03,  Loss_bcs: 3.076e-05, Loss_ut_ics: 2.617e-02, lr: 1.000e-03, Time: 3.11e+03
Model state saved to ./results/models/checkpoints/schrodinger/qho/2025-08-29_18-06-27-833956/model.pth
Model state saved to ./results/models/checkpoints/schrodinger/qho/2025-08-29_18-06-27-833956/model_weights.pth
It: 1380, Loss: 6.099e-02, Loss_res: 4.616e-03,  Loss_bcs: 3.771e-05, Loss_ut_ics: 2.586e-02, lr: 1.000e-03, Time: 3.14e+03
Model state saved to ./results/models/checkpoints/schrodinger/qho/2025-08-29_18-06-27-833956/model.pth
Model state saved to ./results/models/checkpoints/schrodinger/qho/2025-08-29_18-06-27-833956/model_weights.pth
It: 1390, Loss: 1.081e-01, Loss_res: 9.070e-03,  Loss_bcs: 5.686e-05, Loss_ut_ics: 4.495e-02, lr: 1.000e-03, Time: 3.16e+03
Model state saved to ./results/models/checkpoints/schrodinger/qho/2025-08-29_18-06-27-833956/model.pth
Model state saved to ./results/models/checkpoints/schrodinger/qho/2025-08-29_18-06-27-833956/model_weights.pth
It: 1400, Loss: 3.169e-02, Loss_res: 9.029e-03,  Loss_bcs: 3.140e-05, Loss_ut_ics: 6.799e-03, lr: 1.000e-03, Time: 3.18e+03
Model state saved to ./results/models/checkpoints/schrodinger/qho/2025-08-29_18-06-27-833956/model.pth
Model state saved to ./results/models/checkpoints/schrodinger/qho/2025-08-29_18-06-27-833956/model_weights.pth
It: 1410, Loss: 1.082e-01, Loss_res: 1.242e-02,  Loss_bcs: 4.408e-05, Loss_ut_ics: 4.165e-02, lr: 1.000e-03, Time: 3.20e+03
Model state saved to ./results/models/checkpoints/schrodinger/qho/2025-08-29_18-06-27-833956/model.pth
Model state saved to ./results/models/checkpoints/schrodinger/qho/2025-08-29_18-06-27-833956/model_weights.pth
It: 1420, Loss: 2.366e-02, Loss_res: 8.881e-03,  Loss_bcs: 3.999e-05, Loss_ut_ics: 2.931e-03, lr: 1.000e-03, Time: 3.23e+03
Model state saved to ./results/models/checkpoints/schrodinger/qho/2025-08-29_18-06-27-833956/model.pth
Model state saved to ./results/models/checkpoints/schrodinger/qho/2025-08-29_18-06-27-833956/model_weights.pth
It: 1430, Loss: 4.855e-02, Loss_res: 5.660e-03,  Loss_bcs: 3.828e-05, Loss_ut_ics: 1.859e-02, lr: 1.000e-03, Time: 3.25e+03
Model state saved to ./results/models/checkpoints/schrodinger/qho/2025-08-29_18-06-27-833956/model.pth
Model state saved to ./results/models/checkpoints/schrodinger/qho/2025-08-29_18-06-27-833956/model_weights.pth
It: 1440, Loss: 3.360e-02, Loss_res: 3.897e-03,  Loss_bcs: 6.118e-05, Loss_ut_ics: 1.287e-02, lr: 1.000e-03, Time: 3.27e+03
Model state saved to ./results/models/checkpoints/schrodinger/qho/2025-08-29_18-06-27-833956/model.pth
Model state saved to ./results/models/checkpoints/schrodinger/qho/2025-08-29_18-06-27-833956/model_weights.pth
It: 1450, Loss: 5.071e-02, Loss_res: 4.457e-03,  Loss_bcs: 2.814e-05, Loss_ut_ics: 2.088e-02, lr: 1.000e-03, Time: 3.30e+03
Model state saved to ./results/models/checkpoints/schrodinger/qho/2025-08-29_18-06-27-833956/model.pth
Model state saved to ./results/models/checkpoints/schrodinger/qho/2025-08-29_18-06-27-833956/model_weights.pth
It: 1460, Loss: 2.476e-02, Loss_res: 1.221e-02,  Loss_bcs: 3.454e-05, Loss_ut_ics: 1.531e-04, lr: 1.000e-03, Time: 3.32e+03
Model state saved to ./results/models/checkpoints/schrodinger/qho/2025-08-29_18-06-27-833956/model.pth
Model state saved to ./results/models/checkpoints/schrodinger/qho/2025-08-29_18-06-27-833956/model_weights.pth
It: 1470, Loss: 1.230e-02, Loss_res: 5.337e-03,  Loss_bcs: 4.254e-05, Loss_ut_ics: 7.920e-04, lr: 1.000e-03, Time: 3.34e+03
Model state saved to ./results/models/checkpoints/schrodinger/qho/2025-08-29_18-06-27-833956/model.pth
Model state saved to ./results/models/checkpoints/schrodinger/qho/2025-08-29_18-06-27-833956/model_weights.pth
It: 1480, Loss: 1.542e-02, Loss_res: 7.615e-03,  Loss_bcs: 3.059e-05, Loss_ut_ics: 7.903e-05, lr: 1.000e-03, Time: 3.36e+03
Model state saved to ./results/models/checkpoints/schrodinger/qho/2025-08-29_18-06-27-833956/model.pth
Model state saved to ./results/models/checkpoints/schrodinger/qho/2025-08-29_18-06-27-833956/model_weights.pth
It: 1490, Loss: 1.981e-02, Loss_res: 9.754e-03,  Loss_bcs: 4.574e-05, Loss_ut_ics: 1.274e-04, lr: 1.000e-03, Time: 3.39e+03
Model state saved to ./results/models/checkpoints/schrodinger/qho/2025-08-29_18-06-27-833956/model.pth
Model state saved to ./results/models/checkpoints/schrodinger/qho/2025-08-29_18-06-27-833956/model_weights.pth
It: 1500, Loss: 5.127e-02, Loss_res: 7.428e-03,  Loss_bcs: 3.298e-05, Loss_ut_ics: 1.819e-02, lr: 1.000e-03, Time: 3.41e+03
Model state saved to ./results/models/checkpoints/schrodinger/qho/2025-08-29_18-06-27-833956/model.pth
Model state saved to ./results/models/checkpoints/schrodinger/qho/2025-08-29_18-06-27-833956/model_weights.pth
It: 1510, Loss: 1.254e-01, Loss_res: 9.197e-03,  Loss_bcs: 2.289e-05, Loss_ut_ics: 5.349e-02, lr: 1.000e-03, Time: 3.43e+03
Model state saved to ./results/models/checkpoints/schrodinger/qho/2025-08-29_18-06-27-833956/model.pth
Model state saved to ./results/models/checkpoints/schrodinger/qho/2025-08-29_18-06-27-833956/model_weights.pth
It: 1520, Loss: 5.752e-02, Loss_res: 8.294e-03,  Loss_bcs: 2.090e-05, Loss_ut_ics: 2.046e-02, lr: 1.000e-03, Time: 3.46e+03
Model state saved to ./results/models/checkpoints/schrodinger/qho/2025-08-29_18-06-27-833956/model.pth
Model state saved to ./results/models/checkpoints/schrodinger/qho/2025-08-29_18-06-27-833956/model_weights.pth
It: 1530, Loss: 6.093e-02, Loss_res: 7.261e-03,  Loss_bcs: 2.413e-05, Loss_ut_ics: 2.319e-02, lr: 1.000e-03, Time: 3.48e+03
Model state saved to ./results/models/checkpoints/schrodinger/qho/2025-08-29_18-06-27-833956/model.pth
Model state saved to ./results/models/checkpoints/schrodinger/qho/2025-08-29_18-06-27-833956/model_weights.pth
It: 1540, Loss: 5.285e-02, Loss_res: 1.004e-02,  Loss_bcs: 4.256e-05, Loss_ut_ics: 1.636e-02, lr: 1.000e-03, Time: 3.50e+03
Model state saved to ./results/models/checkpoints/schrodinger/qho/2025-08-29_18-06-27-833956/model.pth
Model state saved to ./results/models/checkpoints/schrodinger/qho/2025-08-29_18-06-27-833956/model_weights.pth
It: 1550, Loss: 5.663e-02, Loss_res: 7.712e-03,  Loss_bcs: 3.665e-05, Loss_ut_ics: 2.059e-02, lr: 1.000e-03, Time: 3.52e+03
Model state saved to ./results/models/checkpoints/schrodinger/qho/2025-08-29_18-06-27-833956/model.pth
Model state saved to ./results/models/checkpoints/schrodinger/qho/2025-08-29_18-06-27-833956/model_weights.pth
It: 1560, Loss: 4.644e-02, Loss_res: 5.449e-03,  Loss_bcs: 4.155e-05, Loss_ut_ics: 1.775e-02, lr: 1.000e-03, Time: 3.55e+03
Model state saved to ./results/models/checkpoints/schrodinger/qho/2025-08-29_18-06-27-833956/model.pth
Model state saved to ./results/models/checkpoints/schrodinger/qho/2025-08-29_18-06-27-833956/model_weights.pth
It: 1570, Loss: 4.879e-02, Loss_res: 5.031e-03,  Loss_bcs: 3.437e-05, Loss_ut_ics: 1.935e-02, lr: 1.000e-03, Time: 3.57e+03
Model state saved to ./results/models/checkpoints/schrodinger/qho/2025-08-29_18-06-27-833956/model.pth
Model state saved to ./results/models/checkpoints/schrodinger/qho/2025-08-29_18-06-27-833956/model_weights.pth
It: 1580, Loss: 4.497e-02, Loss_res: 5.725e-03,  Loss_bcs: 2.594e-05, Loss_ut_ics: 1.675e-02, lr: 1.000e-03, Time: 3.59e+03
Model state saved to ./results/models/checkpoints/schrodinger/qho/2025-08-29_18-06-27-833956/model.pth
Model state saved to ./results/models/checkpoints/schrodinger/qho/2025-08-29_18-06-27-833956/model_weights.pth
It: 1590, Loss: 2.382e-02, Loss_res: 7.913e-03,  Loss_bcs: 3.665e-05, Loss_ut_ics: 3.978e-03, lr: 1.000e-03, Time: 3.61e+03
Model state saved to ./results/models/checkpoints/schrodinger/qho/2025-08-29_18-06-27-833956/model.pth
Model state saved to ./results/models/checkpoints/schrodinger/qho/2025-08-29_18-06-27-833956/model_weights.pth
It: 1600, Loss: 2.002e-02, Loss_res: 6.332e-03,  Loss_bcs: 3.143e-05, Loss_ut_ics: 3.663e-03, lr: 1.000e-03, Time: 3.64e+03
Model state saved to ./results/models/checkpoints/schrodinger/qho/2025-08-29_18-06-27-833956/model.pth
Model state saved to ./results/models/checkpoints/schrodinger/qho/2025-08-29_18-06-27-833956/model_weights.pth
It: 1610, Loss: 2.252e-02, Loss_res: 5.649e-03,  Loss_bcs: 4.305e-05, Loss_ut_ics: 5.588e-03, lr: 1.000e-03, Time: 3.66e+03
Model state saved to ./results/models/checkpoints/schrodinger/qho/2025-08-29_18-06-27-833956/model.pth
Model state saved to ./results/models/checkpoints/schrodinger/qho/2025-08-29_18-06-27-833956/model_weights.pth
It: 1620, Loss: 4.061e-02, Loss_res: 5.016e-03,  Loss_bcs: 3.487e-05, Loss_ut_ics: 1.527e-02, lr: 1.000e-03, Time: 3.68e+03
Model state saved to ./results/models/checkpoints/schrodinger/qho/2025-08-29_18-06-27-833956/model.pth
Model state saved to ./results/models/checkpoints/schrodinger/qho/2025-08-29_18-06-27-833956/model_weights.pth
It: 1630, Loss: 4.131e-02, Loss_res: 7.250e-03,  Loss_bcs: 3.293e-05, Loss_ut_ics: 1.339e-02, lr: 1.000e-03, Time: 3.70e+03
Model state saved to ./results/models/checkpoints/schrodinger/qho/2025-08-29_18-06-27-833956/model.pth
Model state saved to ./results/models/checkpoints/schrodinger/qho/2025-08-29_18-06-27-833956/model_weights.pth
It: 1640, Loss: 3.668e-02, Loss_res: 4.360e-03,  Loss_bcs: 2.854e-05, Loss_ut_ics: 1.397e-02, lr: 1.000e-03, Time: 3.73e+03
Model state saved to ./results/models/checkpoints/schrodinger/qho/2025-08-29_18-06-27-833956/model.pth
Model state saved to ./results/models/checkpoints/schrodinger/qho/2025-08-29_18-06-27-833956/model_weights.pth
It: 1650, Loss: 2.659e-02, Loss_res: 3.359e-03,  Loss_bcs: 7.124e-05, Loss_ut_ics: 9.900e-03, lr: 1.000e-03, Time: 3.75e+03
Model state saved to ./results/models/checkpoints/schrodinger/qho/2025-08-29_18-06-27-833956/model.pth
Model state saved to ./results/models/checkpoints/schrodinger/qho/2025-08-29_18-06-27-833956/model_weights.pth
It: 1660, Loss: 2.456e-02, Loss_res: 1.147e-02,  Loss_bcs: 2.769e-05, Loss_ut_ics: 7.906e-04, lr: 1.000e-03, Time: 3.77e+03
Model state saved to ./results/models/checkpoints/schrodinger/qho/2025-08-29_18-06-27-833956/model.pth
Model state saved to ./results/models/checkpoints/schrodinger/qho/2025-08-29_18-06-27-833956/model_weights.pth
It: 1670, Loss: 2.287e-02, Loss_res: 8.462e-03,  Loss_bcs: 3.395e-05, Loss_ut_ics: 2.954e-03, lr: 1.000e-03, Time: 3.79e+03
Model state saved to ./results/models/checkpoints/schrodinger/qho/2025-08-29_18-06-27-833956/model.pth
Model state saved to ./results/models/checkpoints/schrodinger/qho/2025-08-29_18-06-27-833956/model_weights.pth
It: 1680, Loss: 3.049e-02, Loss_res: 5.532e-03,  Loss_bcs: 6.130e-05, Loss_ut_ics: 9.683e-03, lr: 1.000e-03, Time: 3.82e+03
Model state saved to ./results/models/checkpoints/schrodinger/qho/2025-08-29_18-06-27-833956/model.pth
Model state saved to ./results/models/checkpoints/schrodinger/qho/2025-08-29_18-06-27-833956/model_weights.pth
It: 1690, Loss: 1.829e-02, Loss_res: 6.867e-03,  Loss_bcs: 2.997e-05, Loss_ut_ics: 2.264e-03, lr: 1.000e-03, Time: 3.84e+03
Model state saved to ./results/models/checkpoints/schrodinger/qho/2025-08-29_18-06-27-833956/model.pth
Model state saved to ./results/models/checkpoints/schrodinger/qho/2025-08-29_18-06-27-833956/model_weights.pth
It: 1700, Loss: 3.768e-02, Loss_res: 6.461e-03,  Loss_bcs: 2.731e-05, Loss_ut_ics: 1.236e-02, lr: 1.000e-03, Time: 3.86e+03
Model state saved to ./results/models/checkpoints/schrodinger/qho/2025-08-29_18-06-27-833956/model.pth
Model state saved to ./results/models/checkpoints/schrodinger/qho/2025-08-29_18-06-27-833956/model_weights.pth
It: 1710, Loss: 4.698e-02, Loss_res: 7.410e-03,  Loss_bcs: 3.263e-05, Loss_ut_ics: 1.606e-02, lr: 1.000e-03, Time: 3.89e+03
Model state saved to ./results/models/checkpoints/schrodinger/qho/2025-08-29_18-06-27-833956/model.pth
Model state saved to ./results/models/checkpoints/schrodinger/qho/2025-08-29_18-06-27-833956/model_weights.pth
It: 1720, Loss: 2.761e-02, Loss_res: 7.685e-03,  Loss_bcs: 3.697e-05, Loss_ut_ics: 6.102e-03, lr: 1.000e-03, Time: 3.91e+03
Model state saved to ./results/models/checkpoints/schrodinger/qho/2025-08-29_18-06-27-833956/model.pth
Model state saved to ./results/models/checkpoints/schrodinger/qho/2025-08-29_18-06-27-833956/model_weights.pth
It: 1730, Loss: 2.950e-02, Loss_res: 4.963e-03,  Loss_bcs: 4.824e-05, Loss_ut_ics: 9.763e-03, lr: 1.000e-03, Time: 3.93e+03
Model state saved to ./results/models/checkpoints/schrodinger/qho/2025-08-29_18-06-27-833956/model.pth
Model state saved to ./results/models/checkpoints/schrodinger/qho/2025-08-29_18-06-27-833956/model_weights.pth
It: 1740, Loss: 4.019e-02, Loss_res: 8.353e-03,  Loss_bcs: 1.385e-05, Loss_ut_ics: 1.173e-02, lr: 1.000e-03, Time: 3.95e+03
Model state saved to ./results/models/checkpoints/schrodinger/qho/2025-08-29_18-06-27-833956/model.pth
Model state saved to ./results/models/checkpoints/schrodinger/qho/2025-08-29_18-06-27-833956/model_weights.pth
It: 1750, Loss: 1.369e-02, Loss_res: 6.719e-03,  Loss_bcs: 5.941e-05, Loss_ut_ics: 9.659e-05, lr: 1.000e-03, Time: 3.98e+03
Model state saved to ./results/models/checkpoints/schrodinger/qho/2025-08-29_18-06-27-833956/model.pth
Model state saved to ./results/models/checkpoints/schrodinger/qho/2025-08-29_18-06-27-833956/model_weights.pth
It: 1760, Loss: 3.758e-02, Loss_res: 5.648e-03,  Loss_bcs: 4.629e-05, Loss_ut_ics: 1.312e-02, lr: 1.000e-03, Time: 4.00e+03
Model state saved to ./results/models/checkpoints/schrodinger/qho/2025-08-29_18-06-27-833956/model.pth
Model state saved to ./results/models/checkpoints/schrodinger/qho/2025-08-29_18-06-27-833956/model_weights.pth
It: 1770, Loss: 3.629e-02, Loss_res: 3.883e-03,  Loss_bcs: 2.096e-05, Loss_ut_ics: 1.425e-02, lr: 1.000e-03, Time: 4.02e+03
Model state saved to ./results/models/checkpoints/schrodinger/qho/2025-08-29_18-06-27-833956/model.pth
Model state saved to ./results/models/checkpoints/schrodinger/qho/2025-08-29_18-06-27-833956/model_weights.pth
It: 1780, Loss: 2.366e-02, Loss_res: 5.139e-03,  Loss_bcs: 4.972e-05, Loss_ut_ics: 6.666e-03, lr: 1.000e-03, Time: 4.04e+03
Model state saved to ./results/models/checkpoints/schrodinger/qho/2025-08-29_18-06-27-833956/model.pth
Model state saved to ./results/models/checkpoints/schrodinger/qho/2025-08-29_18-06-27-833956/model_weights.pth
It: 1790, Loss: 1.076e-02, Loss_res: 4.217e-03,  Loss_bcs: 4.213e-05, Loss_ut_ics: 1.141e-03, lr: 1.000e-03, Time: 4.07e+03
Model state saved to ./results/models/checkpoints/schrodinger/qho/2025-08-29_18-06-27-833956/model.pth
Model state saved to ./results/models/checkpoints/schrodinger/qho/2025-08-29_18-06-27-833956/model_weights.pth
It: 1800, Loss: 4.402e-02, Loss_res: 6.135e-03,  Loss_bcs: 3.767e-05, Loss_ut_ics: 1.586e-02, lr: 1.000e-03, Time: 4.09e+03
Model state saved to ./results/models/checkpoints/schrodinger/qho/2025-08-29_18-06-27-833956/model.pth
Model state saved to ./results/models/checkpoints/schrodinger/qho/2025-08-29_18-06-27-833956/model_weights.pth
It: 1810, Loss: 2.008e-02, Loss_res: 4.347e-03,  Loss_bcs: 2.358e-05, Loss_ut_ics: 5.681e-03, lr: 1.000e-03, Time: 4.11e+03
Model state saved to ./results/models/checkpoints/schrodinger/qho/2025-08-29_18-06-27-833956/model.pth
Model state saved to ./results/models/checkpoints/schrodinger/qho/2025-08-29_18-06-27-833956/model_weights.pth
It: 1820, Loss: 8.533e-03, Loss_res: 3.554e-03,  Loss_bcs: 5.437e-05, Loss_ut_ics: 6.849e-04, lr: 1.000e-03, Time: 4.13e+03
Model state saved to ./results/models/checkpoints/schrodinger/qho/2025-08-29_18-06-27-833956/model.pth
Model state saved to ./results/models/checkpoints/schrodinger/qho/2025-08-29_18-06-27-833956/model_weights.pth
It: 1830, Loss: 2.287e-02, Loss_res: 5.155e-03,  Loss_bcs: 5.589e-05, Loss_ut_ics: 6.253e-03, lr: 1.000e-03, Time: 4.16e+03
Model state saved to ./results/models/checkpoints/schrodinger/qho/2025-08-29_18-06-27-833956/model.pth
Model state saved to ./results/models/checkpoints/schrodinger/qho/2025-08-29_18-06-27-833956/model_weights.pth
It: 1840, Loss: 2.586e-02, Loss_res: 4.871e-03,  Loss_bcs: 1.839e-05, Loss_ut_ics: 8.049e-03, lr: 1.000e-03, Time: 4.18e+03
Model state saved to ./results/models/checkpoints/schrodinger/qho/2025-08-29_18-06-27-833956/model.pth
Model state saved to ./results/models/checkpoints/schrodinger/qho/2025-08-29_18-06-27-833956/model_weights.pth
It: 1850, Loss: 1.479e-02, Loss_res: 3.814e-03,  Loss_bcs: 1.981e-05, Loss_ut_ics: 3.570e-03, lr: 1.000e-03, Time: 4.20e+03
Model state saved to ./results/models/checkpoints/schrodinger/qho/2025-08-29_18-06-27-833956/model.pth
Model state saved to ./results/models/checkpoints/schrodinger/qho/2025-08-29_18-06-27-833956/model_weights.pth
It: 1860, Loss: 1.607e-02, Loss_res: 4.457e-03,  Loss_bcs: 4.520e-05, Loss_ut_ics: 3.556e-03, lr: 1.000e-03, Time: 4.22e+03
Model state saved to ./results/models/checkpoints/schrodinger/qho/2025-08-29_18-06-27-833956/model.pth
Model state saved to ./results/models/checkpoints/schrodinger/qho/2025-08-29_18-06-27-833956/model_weights.pth
It: 1870, Loss: 1.665e-02, Loss_res: 3.098e-03,  Loss_bcs: 3.539e-05, Loss_ut_ics: 5.209e-03, lr: 1.000e-03, Time: 4.25e+03
Model state saved to ./results/models/checkpoints/schrodinger/qho/2025-08-29_18-06-27-833956/model.pth
Model state saved to ./results/models/checkpoints/schrodinger/qho/2025-08-29_18-06-27-833956/model_weights.pth
It: 1880, Loss: 2.303e-02, Loss_res: 3.973e-03,  Loss_bcs: 3.339e-05, Loss_ut_ics: 7.526e-03, lr: 1.000e-03, Time: 4.27e+03
Model state saved to ./results/models/checkpoints/schrodinger/qho/2025-08-29_18-06-27-833956/model.pth
Model state saved to ./results/models/checkpoints/schrodinger/qho/2025-08-29_18-06-27-833956/model_weights.pth
It: 1890, Loss: 3.055e-02, Loss_res: 4.852e-03,  Loss_bcs: 2.384e-05, Loss_ut_ics: 1.041e-02, lr: 1.000e-03, Time: 4.29e+03
Model state saved to ./results/models/checkpoints/schrodinger/qho/2025-08-29_18-06-27-833956/model.pth
Model state saved to ./results/models/checkpoints/schrodinger/qho/2025-08-29_18-06-27-833956/model_weights.pth
It: 1900, Loss: 4.498e-02, Loss_res: 4.240e-03,  Loss_bcs: 3.327e-05, Loss_ut_ics: 1.823e-02, lr: 1.000e-03, Time: 4.31e+03
Model state saved to ./results/models/checkpoints/schrodinger/qho/2025-08-29_18-06-27-833956/model.pth
Model state saved to ./results/models/checkpoints/schrodinger/qho/2025-08-29_18-06-27-833956/model_weights.pth
It: 1910, Loss: 2.828e-02, Loss_res: 4.697e-03,  Loss_bcs: 2.716e-05, Loss_ut_ics: 9.429e-03, lr: 1.000e-03, Time: 4.34e+03
Model state saved to ./results/models/checkpoints/schrodinger/qho/2025-08-29_18-06-27-833956/model.pth
Model state saved to ./results/models/checkpoints/schrodinger/qho/2025-08-29_18-06-27-833956/model_weights.pth
It: 1920, Loss: 2.327e-02, Loss_res: 4.039e-03,  Loss_bcs: 5.007e-05, Loss_ut_ics: 7.574e-03, lr: 1.000e-03, Time: 4.36e+03
Model state saved to ./results/models/checkpoints/schrodinger/qho/2025-08-29_18-06-27-833956/model.pth
Model state saved to ./results/models/checkpoints/schrodinger/qho/2025-08-29_18-06-27-833956/model_weights.pth
It: 1930, Loss: 3.754e-02, Loss_res: 7.301e-03,  Loss_bcs: 2.912e-05, Loss_ut_ics: 1.145e-02, lr: 1.000e-03, Time: 4.38e+03
Model state saved to ./results/models/checkpoints/schrodinger/qho/2025-08-29_18-06-27-833956/model.pth
Model state saved to ./results/models/checkpoints/schrodinger/qho/2025-08-29_18-06-27-833956/model_weights.pth
It: 1940, Loss: 7.865e-03, Loss_res: 3.516e-03,  Loss_bcs: 1.971e-05, Loss_ut_ics: 4.068e-04, lr: 1.000e-03, Time: 4.40e+03
Model state saved to ./results/models/checkpoints/schrodinger/qho/2025-08-29_18-06-27-833956/model.pth
Model state saved to ./results/models/checkpoints/schrodinger/qho/2025-08-29_18-06-27-833956/model_weights.pth
It: 1950, Loss: 1.563e-02, Loss_res: 2.512e-03,  Loss_bcs: 3.461e-05, Loss_ut_ics: 5.286e-03, lr: 1.000e-03, Time: 4.43e+03
Model state saved to ./results/models/checkpoints/schrodinger/qho/2025-08-29_18-06-27-833956/model.pth
Model state saved to ./results/models/checkpoints/schrodinger/qho/2025-08-29_18-06-27-833956/model_weights.pth
It: 1960, Loss: 1.733e-02, Loss_res: 8.094e-03,  Loss_bcs: 4.162e-05, Loss_ut_ics: 5.494e-04, lr: 1.000e-03, Time: 4.45e+03
Model state saved to ./results/models/checkpoints/schrodinger/qho/2025-08-29_18-06-27-833956/model.pth
Model state saved to ./results/models/checkpoints/schrodinger/qho/2025-08-29_18-06-27-833956/model_weights.pth
It: 1970, Loss: 1.496e-02, Loss_res: 2.210e-03,  Loss_bcs: 2.274e-05, Loss_ut_ics: 5.260e-03, lr: 1.000e-03, Time: 4.47e+03
Model state saved to ./results/models/checkpoints/schrodinger/qho/2025-08-29_18-06-27-833956/model.pth
Model state saved to ./results/models/checkpoints/schrodinger/qho/2025-08-29_18-06-27-833956/model_weights.pth
It: 1980, Loss: 3.185e-02, Loss_res: 4.867e-03,  Loss_bcs: 6.014e-05, Loss_ut_ics: 1.103e-02, lr: 1.000e-03, Time: 4.49e+03
Model state saved to ./results/models/checkpoints/schrodinger/qho/2025-08-29_18-06-27-833956/model.pth
Model state saved to ./results/models/checkpoints/schrodinger/qho/2025-08-29_18-06-27-833956/model_weights.pth
It: 1990, Loss: 1.077e-02, Loss_res: 2.495e-03,  Loss_bcs: 2.619e-05, Loss_ut_ics: 2.876e-03, lr: 1.000e-03, Time: 4.52e+03
Model state saved to ./results/models/checkpoints/schrodinger/qho/2025-08-29_18-06-27-833956/model.pth
Model state saved to ./results/models/checkpoints/schrodinger/qho/2025-08-29_18-06-27-833956/model_weights.pth
It: 2000, Loss: 1.279e-02, Loss_res: 4.426e-03,  Loss_bcs: 3.980e-05, Loss_ut_ics: 1.947e-03, lr: 1.000e-03, Time: 4.54e+03
Model state saved to ./results/models/checkpoints/schrodinger/qho/2025-08-29_18-06-27-833956/model.pth
Model state saved to ./results/models/checkpoints/schrodinger/qho/2025-08-29_18-06-27-833956/model_weights.pth
Model state saved to ./results/models/checkpoints/schrodinger/qho/2025-08-29_18-06-27-833956/model.pth
Model state saved to ./results/models/checkpoints/schrodinger/qho/2025-08-29_18-06-27-833956/model_weights.pth
Training completed successfuly!, shots made: 60000
