Using DV Solver
The settings used:
batch_size : 64
epochs : 500
lr : 0.001
seed : 42
print_every : 1
log_path : ./results/models/checkpoints/schrodinger/qho
input_dim : 2
output_dim : 2
num_qubits : 5
hidden_dim : 50
num_quantum_layers : 2
classic_network : [2, 50, 2]
q_ansatz : sim_circ_19
mode : hybrid
activation : null
shots : 20
problem : schrodinger
solver : DV
device : cpu
method : None
cutoff_dim : 20
class : CVNeuralNetwork2
encoding : angle
eq_params : {'example': 'ho', 'L': 5.0, 'T': 0.1, 'hbar': 1.0, 'mass': 1.0, 'n_level': 0, 'omega': 1.0, 'potential_fn': 'lambda t, x : 0.5 * 1.0 * (1.0**2) * (x**2)'}
noise : True
Total number of parameters: 837
The circuit used in the study:
It: 1, Loss: 5.690e-02, Loss_res: 1.143e+00,  Loss_bcs: 4.482e-02, Loss_ut_ics: 6.519e-02, lr: 1.000e-03, Time: 3.36e+00
Model state saved to ./results/models/checkpoints/schrodinger/qho/2025-09-23_16-53-50-528479/model.pth
Model state saved to ./results/models/checkpoints/schrodinger/qho/2025-09-23_16-53-50-528479/model_weights.pth
It: 2, Loss: 3.800e-02, Loss_res: 7.749e-01,  Loss_bcs: 2.994e-02, Loss_ut_ics: 3.079e-02, lr: 1.000e-03, Time: 5.87e+00
Model state saved to ./results/models/checkpoints/schrodinger/qho/2025-09-23_16-53-50-528479/model.pth
Model state saved to ./results/models/checkpoints/schrodinger/qho/2025-09-23_16-53-50-528479/model_weights.pth
It: 3, Loss: 2.289e-02, Loss_res: 3.552e-01,  Loss_bcs: 1.919e-02, Loss_ut_ics: 1.503e-02, lr: 1.000e-03, Time: 8.28e+00
Model state saved to ./results/models/checkpoints/schrodinger/qho/2025-09-23_16-53-50-528479/model.pth
Model state saved to ./results/models/checkpoints/schrodinger/qho/2025-09-23_16-53-50-528479/model_weights.pth
It: 4, Loss: 1.461e-02, Loss_res: 2.537e-01,  Loss_bcs: 1.192e-02, Loss_ut_ics: 1.518e-02, lr: 1.000e-03, Time: 1.08e+01
Model state saved to ./results/models/checkpoints/schrodinger/qho/2025-09-23_16-53-50-528479/model.pth
Model state saved to ./results/models/checkpoints/schrodinger/qho/2025-09-23_16-53-50-528479/model_weights.pth
It: 5, Loss: 1.268e-02, Loss_res: 5.132e-01,  Loss_bcs: 7.279e-03, Loss_ut_ics: 2.668e-02, lr: 1.000e-03, Time: 1.32e+01
Model state saved to ./results/models/checkpoints/schrodinger/qho/2025-09-23_16-53-50-528479/model.pth
Model state saved to ./results/models/checkpoints/schrodinger/qho/2025-09-23_16-53-50-528479/model_weights.pth
It: 6, Loss: 7.303e-03, Loss_res: 2.843e-01,  Loss_bcs: 4.327e-03, Loss_ut_ics: 1.327e-02, lr: 1.000e-03, Time: 1.56e+01
Model state saved to ./results/models/checkpoints/schrodinger/qho/2025-09-23_16-53-50-528479/model.pth
Model state saved to ./results/models/checkpoints/schrodinger/qho/2025-09-23_16-53-50-528479/model_weights.pth
It: 7, Loss: 4.953e-03, Loss_res: 1.673e-01,  Loss_bcs: 3.000e-03, Loss_ut_ics: 2.800e-02, lr: 1.000e-03, Time: 1.80e+01
Model state saved to ./results/models/checkpoints/schrodinger/qho/2025-09-23_16-53-50-528479/model.pth
Model state saved to ./results/models/checkpoints/schrodinger/qho/2025-09-23_16-53-50-528479/model_weights.pth
It: 8, Loss: 4.917e-03, Loss_res: 1.454e-01,  Loss_bcs: 2.632e-03, Loss_ut_ics: 8.311e-02, lr: 1.000e-03, Time: 2.05e+01
Model state saved to ./results/models/checkpoints/schrodinger/qho/2025-09-23_16-53-50-528479/model.pth
Model state saved to ./results/models/checkpoints/schrodinger/qho/2025-09-23_16-53-50-528479/model_weights.pth
It: 9, Loss: 4.551e-03, Loss_res: 1.211e-01,  Loss_bcs: 3.043e-03, Loss_ut_ics: 2.977e-02, lr: 1.000e-03, Time: 2.29e+01
Model state saved to ./results/models/checkpoints/schrodinger/qho/2025-09-23_16-53-50-528479/model.pth
Model state saved to ./results/models/checkpoints/schrodinger/qho/2025-09-23_16-53-50-528479/model_weights.pth
It: 10, Loss: 6.213e-03, Loss_res: 1.491e-01,  Loss_bcs: 4.003e-03, Loss_ut_ics: 7.185e-02, lr: 1.000e-03, Time: 2.53e+01
Model state saved to ./results/models/checkpoints/schrodinger/qho/2025-09-23_16-53-50-528479/model.pth
Model state saved to ./results/models/checkpoints/schrodinger/qho/2025-09-23_16-53-50-528479/model_weights.pth
It: 11, Loss: 5.795e-03, Loss_res: 7.849e-02,  Loss_bcs: 4.942e-03, Loss_ut_ics: 6.822e-03, lr: 1.000e-03, Time: 2.78e+01
Model state saved to ./results/models/checkpoints/schrodinger/qho/2025-09-23_16-53-50-528479/model.pth
Model state saved to ./results/models/checkpoints/schrodinger/qho/2025-09-23_16-53-50-528479/model_weights.pth
It: 12, Loss: 8.931e-03, Loss_res: 3.199e-01,  Loss_bcs: 5.676e-03, Loss_ut_ics: 5.612e-03, lr: 1.000e-03, Time: 3.02e+01
Model state saved to ./results/models/checkpoints/schrodinger/qho/2025-09-23_16-53-50-528479/model.pth
Model state saved to ./results/models/checkpoints/schrodinger/qho/2025-09-23_16-53-50-528479/model_weights.pth
It: 13, Loss: 6.898e-03, Loss_res: 3.718e-02,  Loss_bcs: 5.790e-03, Loss_ut_ics: 7.357e-02, lr: 1.000e-03, Time: 3.26e+01
Model state saved to ./results/models/checkpoints/schrodinger/qho/2025-09-23_16-53-50-528479/model.pth
Model state saved to ./results/models/checkpoints/schrodinger/qho/2025-09-23_16-53-50-528479/model_weights.pth
It: 14, Loss: 7.071e-03, Loss_res: 1.256e-01,  Loss_bcs: 5.462e-03, Loss_ut_ics: 3.526e-02, lr: 1.000e-03, Time: 3.51e+01
Model state saved to ./results/models/checkpoints/schrodinger/qho/2025-09-23_16-53-50-528479/model.pth
Model state saved to ./results/models/checkpoints/schrodinger/qho/2025-09-23_16-53-50-528479/model_weights.pth
It: 15, Loss: 8.031e-03, Loss_res: 2.185e-01,  Loss_bcs: 4.713e-03, Loss_ut_ics: 1.133e-01, lr: 1.000e-03, Time: 3.75e+01
Model state saved to ./results/models/checkpoints/schrodinger/qho/2025-09-23_16-53-50-528479/model.pth
Model state saved to ./results/models/checkpoints/schrodinger/qho/2025-09-23_16-53-50-528479/model_weights.pth
It: 16, Loss: 5.357e-03, Loss_res: 1.595e-01,  Loss_bcs: 3.713e-03, Loss_ut_ics: 4.871e-03, lr: 1.000e-03, Time: 3.99e+01
Model state saved to ./results/models/checkpoints/schrodinger/qho/2025-09-23_16-53-50-528479/model.pth
Model state saved to ./results/models/checkpoints/schrodinger/qho/2025-09-23_16-53-50-528479/model_weights.pth
It: 17, Loss: 4.225e-03, Loss_res: 8.285e-02,  Loss_bcs: 2.654e-03, Loss_ut_ics: 7.424e-02, lr: 1.000e-03, Time: 4.23e+01
Model state saved to ./results/models/checkpoints/schrodinger/qho/2025-09-23_16-53-50-528479/model.pth
Model state saved to ./results/models/checkpoints/schrodinger/qho/2025-09-23_16-53-50-528479/model_weights.pth
It: 18, Loss: 2.971e-03, Loss_res: 7.254e-02,  Loss_bcs: 1.744e-03, Loss_ut_ics: 5.014e-02, lr: 1.000e-03, Time: 4.48e+01
Model state saved to ./results/models/checkpoints/schrodinger/qho/2025-09-23_16-53-50-528479/model.pth
Model state saved to ./results/models/checkpoints/schrodinger/qho/2025-09-23_16-53-50-528479/model_weights.pth
It: 19, Loss: 2.365e-03, Loss_res: 8.350e-02,  Loss_bcs: 1.057e-03, Loss_ut_ics: 4.724e-02, lr: 1.000e-03, Time: 4.71e+01
Model state saved to ./results/models/checkpoints/schrodinger/qho/2025-09-23_16-53-50-528479/model.pth
Model state saved to ./results/models/checkpoints/schrodinger/qho/2025-09-23_16-53-50-528479/model_weights.pth
It: 20, Loss: 1.875e-03, Loss_res: 1.076e-01,  Loss_bcs: 5.953e-04, Loss_ut_ics: 2.036e-02, lr: 1.000e-03, Time: 4.95e+01
Model state saved to ./results/models/checkpoints/schrodinger/qho/2025-09-23_16-53-50-528479/model.pth
Model state saved to ./results/models/checkpoints/schrodinger/qho/2025-09-23_16-53-50-528479/model_weights.pth
It: 21, Loss: 8.821e-04, Loss_res: 1.784e-02,  Loss_bcs: 3.399e-04, Loss_ut_ics: 3.638e-02, lr: 1.000e-03, Time: 5.19e+01
Model state saved to ./results/models/checkpoints/schrodinger/qho/2025-09-23_16-53-50-528479/model.pth
Model state saved to ./results/models/checkpoints/schrodinger/qho/2025-09-23_16-53-50-528479/model_weights.pth
It: 22, Loss: 1.646e-03, Loss_res: 1.122e-01,  Loss_bcs: 2.996e-04, Loss_ut_ics: 2.251e-02, lr: 1.000e-03, Time: 5.44e+01
Model state saved to ./results/models/checkpoints/schrodinger/qho/2025-09-23_16-53-50-528479/model.pth
Model state saved to ./results/models/checkpoints/schrodinger/qho/2025-09-23_16-53-50-528479/model_weights.pth
It: 23, Loss: 1.079e-03, Loss_res: 6.077e-02,  Loss_bcs: 3.524e-04, Loss_ut_ics: 1.190e-02, lr: 1.000e-03, Time: 5.71e+01
Model state saved to ./results/models/checkpoints/schrodinger/qho/2025-09-23_16-53-50-528479/model.pth
Model state saved to ./results/models/checkpoints/schrodinger/qho/2025-09-23_16-53-50-528479/model_weights.pth
It: 24, Loss: 1.288e-03, Loss_res: 7.094e-02,  Loss_bcs: 5.425e-04, Loss_ut_ics: 3.600e-03, lr: 1.000e-03, Time: 5.97e+01
Model state saved to ./results/models/checkpoints/schrodinger/qho/2025-09-23_16-53-50-528479/model.pth
Model state saved to ./results/models/checkpoints/schrodinger/qho/2025-09-23_16-53-50-528479/model_weights.pth
It: 25, Loss: 1.983e-03, Loss_res: 2.543e-02,  Loss_bcs: 7.561e-04, Loss_ut_ics: 9.728e-02, lr: 1.000e-03, Time: 6.25e+01
Model state saved to ./results/models/checkpoints/schrodinger/qho/2025-09-23_16-53-50-528479/model.pth
Model state saved to ./results/models/checkpoints/schrodinger/qho/2025-09-23_16-53-50-528479/model_weights.pth
It: 26, Loss: 2.320e-03, Loss_res: 6.611e-02,  Loss_bcs: 9.632e-04, Loss_ut_ics: 6.959e-02, lr: 1.000e-03, Time: 6.50e+01
Model state saved to ./results/models/checkpoints/schrodinger/qho/2025-09-23_16-53-50-528479/model.pth
Model state saved to ./results/models/checkpoints/schrodinger/qho/2025-09-23_16-53-50-528479/model_weights.pth
It: 27, Loss: 1.771e-03, Loss_res: 5.091e-02,  Loss_bcs: 1.068e-03, Loss_ut_ics: 1.945e-02, lr: 1.000e-03, Time: 6.76e+01
Model state saved to ./results/models/checkpoints/schrodinger/qho/2025-09-23_16-53-50-528479/model.pth
Model state saved to ./results/models/checkpoints/schrodinger/qho/2025-09-23_16-53-50-528479/model_weights.pth
It: 28, Loss: 2.457e-03, Loss_res: 3.831e-02,  Loss_bcs: 1.084e-03, Loss_ut_ics: 9.899e-02, lr: 1.000e-03, Time: 7.01e+01
Model state saved to ./results/models/checkpoints/schrodinger/qho/2025-09-23_16-53-50-528479/model.pth
Model state saved to ./results/models/checkpoints/schrodinger/qho/2025-09-23_16-53-50-528479/model_weights.pth
It: 29, Loss: 1.899e-03, Loss_res: 3.832e-02,  Loss_bcs: 1.033e-03, Loss_ut_ics: 4.825e-02, lr: 1.000e-03, Time: 7.27e+01
Model state saved to ./results/models/checkpoints/schrodinger/qho/2025-09-23_16-53-50-528479/model.pth
Model state saved to ./results/models/checkpoints/schrodinger/qho/2025-09-23_16-53-50-528479/model_weights.pth
It: 30, Loss: 1.165e-03, Loss_res: 2.706e-02,  Loss_bcs: 8.482e-04, Loss_ut_ics: 4.654e-03, lr: 1.000e-03, Time: 7.52e+01
Model state saved to ./results/models/checkpoints/schrodinger/qho/2025-09-23_16-53-50-528479/model.pth
Model state saved to ./results/models/checkpoints/schrodinger/qho/2025-09-23_16-53-50-528479/model_weights.pth
It: 31, Loss: 1.391e-03, Loss_res: 4.197e-02,  Loss_bcs: 6.546e-04, Loss_ut_ics: 3.165e-02, lr: 1.000e-03, Time: 7.77e+01
Model state saved to ./results/models/checkpoints/schrodinger/qho/2025-09-23_16-53-50-528479/model.pth
Model state saved to ./results/models/checkpoints/schrodinger/qho/2025-09-23_16-53-50-528479/model_weights.pth
