INFO:src.utils.logger:It: 1, Loss: 6.243e+01, Loss_res: 1.183e+00,  Loss_bcs: 2.746e-01, Loss_ut_ics: 3.103e-01, Loss_norm: 1.774e-02, Loss_gauge: 0.000e+00, w_pde: 3.33e-03, L^2_error: 1.080e+00, lr: 1.000e-03, Time: 6.61e-02
INFO:src.utils.logger:Model state saved to results\ho\Classical\20260404-183638_seed0_pinn_pesosvf_2-64-64-64-64-2\checkpoints\2026-04-04_18-36-46-957654_ho_Classical_seed0\model.pth
INFO:src.utils.logger:Model weights saved to results\ho\Classical\20260404-183638_seed0_pinn_pesosvf_2-64-64-64-64-2\checkpoints\2026-04-04_18-36-46-957654_ho_Classical_seed0\model_weights.pth
INFO:src.utils.logger:It: 10, Loss: 1.715e+01, Loss_res: 2.374e-01,  Loss_bcs: 5.658e-02, Loss_ut_ics: 7.603e-02, Loss_norm: 3.753e-01, Loss_gauge: 0.000e+00, w_pde: 3.33e-02, L^2_error: 7.130e-01, lr: 1.000e-03, Time: 5.45e-01
INFO:src.utils.logger:Model state saved to results\ho\Classical\20260404-183638_seed0_pinn_pesosvf_2-64-64-64-64-2\checkpoints\2026-04-04_18-36-46-957654_ho_Classical_seed0\model.pth
INFO:src.utils.logger:Model weights saved to results\ho\Classical\20260404-183638_seed0_pinn_pesosvf_2-64-64-64-64-2\checkpoints\2026-04-04_18-36-46-957654_ho_Classical_seed0\model_weights.pth
INFO:src.utils.logger:It: 20, Loss: 1.551e+01, Loss_res: 5.668e-01,  Loss_bcs: 1.645e-01, Loss_ut_ics: 7.635e-02, Loss_norm: 7.701e-03, Loss_gauge: 0.000e+00, w_pde: 6.67e-02, L^2_error: 6.448e-01, lr: 1.000e-03, Time: 1.14e+00
INFO:src.utils.logger:Model state saved to results\ho\Classical\20260404-183638_seed0_pinn_pesosvf_2-64-64-64-64-2\checkpoints\2026-04-04_18-36-46-957654_ho_Classical_seed0\model.pth
INFO:src.utils.logger:Model weights saved to results\ho\Classical\20260404-183638_seed0_pinn_pesosvf_2-64-64-64-64-2\checkpoints\2026-04-04_18-36-46-957654_ho_Classical_seed0\model_weights.pth
INFO:src.utils.logger:It: 30, Loss: 1.163e+01, Loss_res: 2.026e-01,  Loss_bcs: 7.822e-02, Loss_ut_ics: 5.521e-02, Loss_norm: 9.885e-02, Loss_gauge: 0.000e+00, w_pde: 1.00e-01, L^2_error: 5.622e-01, lr: 1.000e-03, Time: 1.75e+00
INFO:src.utils.logger:Model state saved to results\ho\Classical\20260404-183638_seed0_pinn_pesosvf_2-64-64-64-64-2\checkpoints\2026-04-04_18-36-46-957654_ho_Classical_seed0\model.pth
INFO:src.utils.logger:Model weights saved to results\ho\Classical\20260404-183638_seed0_pinn_pesosvf_2-64-64-64-64-2\checkpoints\2026-04-04_18-36-46-957654_ho_Classical_seed0\model_weights.pth
INFO:src.utils.logger:It: 40, Loss: 1.006e+01, Loss_res: 2.373e-01,  Loss_bcs: 7.141e-02, Loss_ut_ics: 4.819e-02, Loss_norm: 6.382e-02, Loss_gauge: 0.000e+00, w_pde: 1.33e-01, L^2_error: 5.345e-01, lr: 1.000e-03, Time: 2.61e+00
INFO:src.utils.logger:Model state saved to results\ho\Classical\20260404-183638_seed0_pinn_pesosvf_2-64-64-64-64-2\checkpoints\2026-04-04_18-36-46-957654_ho_Classical_seed0\model.pth
INFO:src.utils.logger:Model weights saved to results\ho\Classical\20260404-183638_seed0_pinn_pesosvf_2-64-64-64-64-2\checkpoints\2026-04-04_18-36-46-957654_ho_Classical_seed0\model_weights.pth
INFO:src.utils.logger:It: 50, Loss: 7.610e+00, Loss_res: 2.743e-01,  Loss_bcs: 6.838e-02, Loss_ut_ics: 3.680e-02, Loss_norm: 2.693e-02, Loss_gauge: 0.000e+00, w_pde: 1.67e-01, L^2_error: 4.781e-01, lr: 1.000e-03, Time: 3.16e+00
INFO:src.utils.logger:Model state saved to results\ho\Classical\20260404-183638_seed0_pinn_pesosvf_2-64-64-64-64-2\checkpoints\2026-04-04_18-36-46-957654_ho_Classical_seed0\model.pth
INFO:src.utils.logger:Model weights saved to results\ho\Classical\20260404-183638_seed0_pinn_pesosvf_2-64-64-64-64-2\checkpoints\2026-04-04_18-36-46-957654_ho_Classical_seed0\model_weights.pth
INFO:src.utils.logger:It: 60, Loss: 4.622e+00, Loss_res: 1.607e-01,  Loss_bcs: 3.687e-02, Loss_ut_ics: 2.195e-02, Loss_norm: 3.285e-02, Loss_gauge: 0.000e+00, w_pde: 2.00e-01, L^2_error: 3.491e-01, lr: 1.000e-03, Time: 3.77e+00
INFO:src.utils.logger:Model state saved to results\ho\Classical\20260404-183638_seed0_pinn_pesosvf_2-64-64-64-64-2\checkpoints\2026-04-04_18-36-46-957654_ho_Classical_seed0\model.pth
INFO:src.utils.logger:Model weights saved to results\ho\Classical\20260404-183638_seed0_pinn_pesosvf_2-64-64-64-64-2\checkpoints\2026-04-04_18-36-46-957654_ho_Classical_seed0\model_weights.pth
INFO:src.utils.logger:It: 70, Loss: 1.937e+00, Loss_res: 1.090e-01,  Loss_bcs: 1.900e-02, Loss_ut_ics: 9.132e-03, Loss_norm: 1.322e-02, Loss_gauge: 0.000e+00, w_pde: 2.33e-01, L^2_error: 2.187e-01, lr: 1.000e-03, Time: 4.38e+00
INFO:src.utils.logger:Model state saved to results\ho\Classical\20260404-183638_seed0_pinn_pesosvf_2-64-64-64-64-2\checkpoints\2026-04-04_18-36-46-957654_ho_Classical_seed0\model.pth
INFO:src.utils.logger:Model weights saved to results\ho\Classical\20260404-183638_seed0_pinn_pesosvf_2-64-64-64-64-2\checkpoints\2026-04-04_18-36-46-957654_ho_Classical_seed0\model_weights.pth
INFO:src.utils.logger:It: 80, Loss: 5.496e-01, Loss_res: 4.922e-02,  Loss_bcs: 3.979e-03, Loss_ut_ics: 2.543e-03, Loss_norm: 4.798e-03, Loss_gauge: 0.000e+00, w_pde: 2.67e-01, L^2_error: 1.056e-01, lr: 1.000e-03, Time: 5.01e+00
INFO:src.utils.logger:Model state saved to results\ho\Classical\20260404-183638_seed0_pinn_pesosvf_2-64-64-64-64-2\checkpoints\2026-04-04_18-36-46-957654_ho_Classical_seed0\model.pth
INFO:src.utils.logger:Model weights saved to results\ho\Classical\20260404-183638_seed0_pinn_pesosvf_2-64-64-64-64-2\checkpoints\2026-04-04_18-36-46-957654_ho_Classical_seed0\model_weights.pth
INFO:src.utils.logger:It: 90, Loss: 2.497e-01, Loss_res: 3.674e-02,  Loss_bcs: 5.102e-04, Loss_ut_ics: 1.157e-03, Loss_norm: 1.347e-03, Loss_gauge: 0.000e+00, w_pde: 3.00e-01, L^2_error: 1.091e-01, lr: 1.000e-03, Time: 5.55e+00
INFO:src.utils.logger:Model state saved to results\ho\Classical\20260404-183638_seed0_pinn_pesosvf_2-64-64-64-64-2\checkpoints\2026-04-04_18-36-46-957654_ho_Classical_seed0\model.pth
INFO:src.utils.logger:Model weights saved to results\ho\Classical\20260404-183638_seed0_pinn_pesosvf_2-64-64-64-64-2\checkpoints\2026-04-04_18-36-46-957654_ho_Classical_seed0\model_weights.pth
INFO:src.utils.logger:It: 100, Loss: 1.968e-01, Loss_res: 4.153e-02,  Loss_bcs: 4.108e-04, Loss_ut_ics: 9.049e-04, Loss_norm: 3.093e-04, Loss_gauge: 0.000e+00, w_pde: 3.33e-01, L^2_error: 1.152e-01, lr: 1.000e-03, Time: 6.06e+00
INFO:src.utils.logger:Model state saved to results\ho\Classical\20260404-183638_seed0_pinn_pesosvf_2-64-64-64-64-2\checkpoints\2026-04-04_18-36-46-957654_ho_Classical_seed0\model.pth
INFO:src.utils.logger:Model weights saved to results\ho\Classical\20260404-183638_seed0_pinn_pesosvf_2-64-64-64-64-2\checkpoints\2026-04-04_18-36-46-957654_ho_Classical_seed0\model_weights.pth
INFO:src.utils.logger:It: 110, Loss: 1.196e-01, Loss_res: 3.019e-02,  Loss_bcs: 4.772e-04, Loss_ut_ics: 5.282e-04, Loss_norm: 4.774e-04, Loss_gauge: 0.000e+00, w_pde: 3.67e-01, L^2_error: 9.669e-02, lr: 1.000e-03, Time: 6.56e+00
INFO:src.utils.logger:Model state saved to results\ho\Classical\20260404-183638_seed0_pinn_pesosvf_2-64-64-64-64-2\checkpoints\2026-04-04_18-36-46-957654_ho_Classical_seed0\model.pth
INFO:src.utils.logger:Model weights saved to results\ho\Classical\20260404-183638_seed0_pinn_pesosvf_2-64-64-64-64-2\checkpoints\2026-04-04_18-36-46-957654_ho_Classical_seed0\model_weights.pth
INFO:src.utils.logger:It: 120, Loss: 7.293e-02, Loss_res: 2.183e-02,  Loss_bcs: 4.089e-04, Loss_ut_ics: 3.128e-04, Loss_norm: 2.459e-04, Loss_gauge: 0.000e+00, w_pde: 4.00e-01, L^2_error: 7.147e-02, lr: 1.000e-03, Time: 7.04e+00
INFO:src.utils.logger:Model state saved to results\ho\Classical\20260404-183638_seed0_pinn_pesosvf_2-64-64-64-64-2\checkpoints\2026-04-04_18-36-46-957654_ho_Classical_seed0\model.pth
INFO:src.utils.logger:Model weights saved to results\ho\Classical\20260404-183638_seed0_pinn_pesosvf_2-64-64-64-64-2\checkpoints\2026-04-04_18-36-46-957654_ho_Classical_seed0\model_weights.pth
INFO:src.utils.logger:It: 130, Loss: 5.499e-02, Loss_res: 1.638e-02,  Loss_bcs: 2.853e-04, Loss_ut_ics: 2.373e-04, Loss_norm: 2.753e-05, Loss_gauge: 0.000e+00, w_pde: 4.33e-01, L^2_error: 6.119e-02, lr: 1.000e-03, Time: 7.49e+00
INFO:src.utils.logger:Model state saved to results\ho\Classical\20260404-183638_seed0_pinn_pesosvf_2-64-64-64-64-2\checkpoints\2026-04-04_18-36-46-957654_ho_Classical_seed0\model.pth
INFO:src.utils.logger:Model weights saved to results\ho\Classical\20260404-183638_seed0_pinn_pesosvf_2-64-64-64-64-2\checkpoints\2026-04-04_18-36-46-957654_ho_Classical_seed0\model_weights.pth
INFO:src.utils.logger:It: 140, Loss: 4.461e-02, Loss_res: 1.524e-02,  Loss_bcs: 3.420e-04, Loss_ut_ics: 1.841e-04, Loss_norm: 6.814e-05, Loss_gauge: 0.000e+00, w_pde: 4.67e-01, L^2_error: 6.126e-02, lr: 1.000e-03, Time: 7.94e+00
INFO:src.utils.logger:Model state saved to results\ho\Classical\20260404-183638_seed0_pinn_pesosvf_2-64-64-64-64-2\checkpoints\2026-04-04_18-36-46-957654_ho_Classical_seed0\model.pth
INFO:src.utils.logger:Model weights saved to results\ho\Classical\20260404-183638_seed0_pinn_pesosvf_2-64-64-64-64-2\checkpoints\2026-04-04_18-36-46-957654_ho_Classical_seed0\model_weights.pth
INFO:src.utils.logger:It: 150, Loss: 3.854e-02, Loss_res: 1.394e-02,  Loss_bcs: 3.895e-04, Loss_ut_ics: 1.556e-04, Loss_norm: 1.202e-05, Loss_gauge: 0.000e+00, w_pde: 5.00e-01, L^2_error: 6.169e-02, lr: 1.000e-03, Time: 8.37e+00
INFO:src.utils.logger:Model state saved to results\ho\Classical\20260404-183638_seed0_pinn_pesosvf_2-64-64-64-64-2\checkpoints\2026-04-04_18-36-46-957654_ho_Classical_seed0\model.pth
INFO:src.utils.logger:Model weights saved to results\ho\Classical\20260404-183638_seed0_pinn_pesosvf_2-64-64-64-64-2\checkpoints\2026-04-04_18-36-46-957654_ho_Classical_seed0\model_weights.pth
INFO:src.utils.logger:It: 160, Loss: 3.627e-02, Loss_res: 1.402e-02,  Loss_bcs: 4.766e-04, Loss_ut_ics: 1.415e-04, Loss_norm: 1.513e-06, Loss_gauge: 0.000e+00, w_pde: 5.33e-01, L^2_error: 6.035e-02, lr: 1.000e-03, Time: 8.81e+00
INFO:src.utils.logger:Model state saved to results\ho\Classical\20260404-183638_seed0_pinn_pesosvf_2-64-64-64-64-2\checkpoints\2026-04-04_18-36-46-957654_ho_Classical_seed0\model.pth
INFO:src.utils.logger:Model weights saved to results\ho\Classical\20260404-183638_seed0_pinn_pesosvf_2-64-64-64-64-2\checkpoints\2026-04-04_18-36-46-957654_ho_Classical_seed0\model_weights.pth
INFO:src.utils.logger:It: 170, Loss: 3.409e-02, Loss_res: 1.260e-02,  Loss_bcs: 4.393e-04, Loss_ut_ics: 1.325e-04, Loss_norm: 1.800e-06, Loss_gauge: 0.000e+00, w_pde: 5.67e-01, L^2_error: 5.764e-02, lr: 1.000e-03, Time: 9.26e+00
INFO:src.utils.logger:Model state saved to results\ho\Classical\20260404-183638_seed0_pinn_pesosvf_2-64-64-64-64-2\checkpoints\2026-04-04_18-36-46-957654_ho_Classical_seed0\model.pth
INFO:src.utils.logger:Model weights saved to results\ho\Classical\20260404-183638_seed0_pinn_pesosvf_2-64-64-64-64-2\checkpoints\2026-04-04_18-36-46-957654_ho_Classical_seed0\model_weights.pth
INFO:src.utils.logger:It: 180, Loss: 3.303e-02, Loss_res: 1.194e-02,  Loss_bcs: 4.529e-04, Loss_ut_ics: 1.270e-04, Loss_norm: 3.347e-07, Loss_gauge: 0.000e+00, w_pde: 6.00e-01, L^2_error: 5.541e-02, lr: 1.000e-03, Time: 9.71e+00
INFO:src.utils.logger:Model state saved to results\ho\Classical\20260404-183638_seed0_pinn_pesosvf_2-64-64-64-64-2\checkpoints\2026-04-04_18-36-46-957654_ho_Classical_seed0\model.pth
INFO:src.utils.logger:Model weights saved to results\ho\Classical\20260404-183638_seed0_pinn_pesosvf_2-64-64-64-64-2\checkpoints\2026-04-04_18-36-46-957654_ho_Classical_seed0\model_weights.pth
INFO:src.utils.logger:It: 190, Loss: 3.225e-02, Loss_res: 1.140e-02,  Loss_bcs: 4.369e-04, Loss_ut_ics: 1.229e-04, Loss_norm: 9.611e-07, Loss_gauge: 0.000e+00, w_pde: 6.33e-01, L^2_error: 5.386e-02, lr: 1.000e-03, Time: 1.02e+01
INFO:src.utils.logger:Model state saved to results\ho\Classical\20260404-183638_seed0_pinn_pesosvf_2-64-64-64-64-2\checkpoints\2026-04-04_18-36-46-957654_ho_Classical_seed0\model.pth
INFO:src.utils.logger:Model weights saved to results\ho\Classical\20260404-183638_seed0_pinn_pesosvf_2-64-64-64-64-2\checkpoints\2026-04-04_18-36-46-957654_ho_Classical_seed0\model_weights.pth
INFO:src.utils.logger:It: 200, Loss: 3.147e-02, Loss_res: 1.079e-02,  Loss_bcs: 4.213e-04, Loss_ut_ics: 1.193e-04, Loss_norm: 9.868e-07, Loss_gauge: 0.000e+00, w_pde: 6.67e-01, L^2_error: 5.214e-02, lr: 1.000e-03, Time: 1.06e+01
INFO:src.utils.logger:Model state saved to results\ho\Classical\20260404-183638_seed0_pinn_pesosvf_2-64-64-64-64-2\checkpoints\2026-04-04_18-36-46-957654_ho_Classical_seed0\model.pth
INFO:src.utils.logger:Model weights saved to results\ho\Classical\20260404-183638_seed0_pinn_pesosvf_2-64-64-64-64-2\checkpoints\2026-04-04_18-36-46-957654_ho_Classical_seed0\model_weights.pth
INFO:src.utils.logger:It: 210, Loss: 3.062e-02, Loss_res: 9.935e-03,  Loss_bcs: 4.168e-04, Loss_ut_ics: 1.162e-04, Loss_norm: 3.222e-07, Loss_gauge: 0.000e+00, w_pde: 7.00e-01, L^2_error: 5.035e-02, lr: 1.000e-03, Time: 1.10e+01
INFO:src.utils.logger:Model state saved to results\ho\Classical\20260404-183638_seed0_pinn_pesosvf_2-64-64-64-64-2\checkpoints\2026-04-04_18-36-46-957654_ho_Classical_seed0\model.pth
INFO:src.utils.logger:Model weights saved to results\ho\Classical\20260404-183638_seed0_pinn_pesosvf_2-64-64-64-64-2\checkpoints\2026-04-04_18-36-46-957654_ho_Classical_seed0\model_weights.pth
INFO:src.utils.logger:It: 220, Loss: 2.922e-02, Loss_res: 8.487e-03,  Loss_bcs: 3.925e-04, Loss_ut_ics: 1.130e-04, Loss_norm: 4.043e-07, Loss_gauge: 0.000e+00, w_pde: 7.33e-01, L^2_error: 4.843e-02, lr: 1.000e-03, Time: 1.16e+01
INFO:src.utils.logger:Model state saved to results\ho\Classical\20260404-183638_seed0_pinn_pesosvf_2-64-64-64-64-2\checkpoints\2026-04-04_18-36-46-957654_ho_Classical_seed0\model.pth
INFO:src.utils.logger:Model weights saved to results\ho\Classical\20260404-183638_seed0_pinn_pesosvf_2-64-64-64-64-2\checkpoints\2026-04-04_18-36-46-957654_ho_Classical_seed0\model_weights.pth
INFO:src.utils.logger:It: 230, Loss: 2.878e-02, Loss_res: 8.278e-03,  Loss_bcs: 3.718e-04, Loss_ut_ics: 1.103e-04, Loss_norm: 4.637e-07, Loss_gauge: 0.000e+00, w_pde: 7.67e-01, L^2_error: 4.677e-02, lr: 1.000e-03, Time: 1.20e+01
INFO:src.utils.logger:Model state saved to results\ho\Classical\20260404-183638_seed0_pinn_pesosvf_2-64-64-64-64-2\checkpoints\2026-04-04_18-36-46-957654_ho_Classical_seed0\model.pth
INFO:src.utils.logger:Model weights saved to results\ho\Classical\20260404-183638_seed0_pinn_pesosvf_2-64-64-64-64-2\checkpoints\2026-04-04_18-36-46-957654_ho_Classical_seed0\model_weights.pth
INFO:src.utils.logger:It: 240, Loss: 2.808e-02, Loss_res: 7.769e-03,  Loss_bcs: 3.307e-04, Loss_ut_ics: 1.076e-04, Loss_norm: 4.726e-07, Loss_gauge: 0.000e+00, w_pde: 8.00e-01, L^2_error: 4.491e-02, lr: 1.000e-03, Time: 1.25e+01
INFO:src.utils.logger:Model state saved to results\ho\Classical\20260404-183638_seed0_pinn_pesosvf_2-64-64-64-64-2\checkpoints\2026-04-04_18-36-46-957654_ho_Classical_seed0\model.pth
INFO:src.utils.logger:Model weights saved to results\ho\Classical\20260404-183638_seed0_pinn_pesosvf_2-64-64-64-64-2\checkpoints\2026-04-04_18-36-46-957654_ho_Classical_seed0\model_weights.pth
INFO:src.utils.logger:It: 250, Loss: 2.732e-02, Loss_res: 7.160e-03,  Loss_bcs: 3.112e-04, Loss_ut_ics: 1.052e-04, Loss_norm: 5.251e-07, Loss_gauge: 0.000e+00, w_pde: 8.33e-01, L^2_error: 4.351e-02, lr: 1.000e-03, Time: 1.29e+01
INFO:src.utils.logger:Model state saved to results\ho\Classical\20260404-183638_seed0_pinn_pesosvf_2-64-64-64-64-2\checkpoints\2026-04-04_18-36-46-957654_ho_Classical_seed0\model.pth
INFO:src.utils.logger:Model weights saved to results\ho\Classical\20260404-183638_seed0_pinn_pesosvf_2-64-64-64-64-2\checkpoints\2026-04-04_18-36-46-957654_ho_Classical_seed0\model_weights.pth
INFO:src.utils.logger:It: 260, Loss: 2.654e-02, Loss_res: 6.531e-03,  Loss_bcs: 2.980e-04, Loss_ut_ics: 1.029e-04, Loss_norm: 4.807e-07, Loss_gauge: 0.000e+00, w_pde: 8.67e-01, L^2_error: 4.173e-02, lr: 1.000e-03, Time: 1.34e+01
INFO:src.utils.logger:Model state saved to results\ho\Classical\20260404-183638_seed0_pinn_pesosvf_2-64-64-64-64-2\checkpoints\2026-04-04_18-36-46-957654_ho_Classical_seed0\model.pth
INFO:src.utils.logger:Model weights saved to results\ho\Classical\20260404-183638_seed0_pinn_pesosvf_2-64-64-64-64-2\checkpoints\2026-04-04_18-36-46-957654_ho_Classical_seed0\model_weights.pth
INFO:src.utils.logger:It: 270, Loss: 2.621e-02, Loss_res: 6.453e-03,  Loss_bcs: 3.010e-04, Loss_ut_ics: 1.005e-04, Loss_norm: 5.288e-07, Loss_gauge: 0.000e+00, w_pde: 9.00e-01, L^2_error: 4.020e-02, lr: 1.000e-03, Time: 1.38e+01
INFO:src.utils.logger:Model state saved to results\ho\Classical\20260404-183638_seed0_pinn_pesosvf_2-64-64-64-64-2\checkpoints\2026-04-04_18-36-46-957654_ho_Classical_seed0\model.pth
INFO:src.utils.logger:Model weights saved to results\ho\Classical\20260404-183638_seed0_pinn_pesosvf_2-64-64-64-64-2\checkpoints\2026-04-04_18-36-46-957654_ho_Classical_seed0\model_weights.pth
INFO:src.utils.logger:It: 280, Loss: 2.528e-02, Loss_res: 5.708e-03,  Loss_bcs: 2.624e-04, Loss_ut_ics: 9.843e-05, Loss_norm: 5.226e-07, Loss_gauge: 0.000e+00, w_pde: 9.33e-01, L^2_error: 3.879e-02, lr: 1.000e-03, Time: 1.42e+01
INFO:src.utils.logger:Model state saved to results\ho\Classical\20260404-183638_seed0_pinn_pesosvf_2-64-64-64-64-2\checkpoints\2026-04-04_18-36-46-957654_ho_Classical_seed0\model.pth
INFO:src.utils.logger:Model weights saved to results\ho\Classical\20260404-183638_seed0_pinn_pesosvf_2-64-64-64-64-2\checkpoints\2026-04-04_18-36-46-957654_ho_Classical_seed0\model_weights.pth
INFO:src.utils.logger:It: 290, Loss: 2.487e-02, Loss_res: 5.469e-03,  Loss_bcs: 2.604e-04, Loss_ut_ics: 9.660e-05, Loss_norm: 4.025e-07, Loss_gauge: 0.000e+00, w_pde: 9.67e-01, L^2_error: 3.748e-02, lr: 1.000e-03, Time: 1.47e+01
INFO:src.utils.logger:Model state saved to results\ho\Classical\20260404-183638_seed0_pinn_pesosvf_2-64-64-64-64-2\checkpoints\2026-04-04_18-36-46-957654_ho_Classical_seed0\model.pth
INFO:src.utils.logger:Model weights saved to results\ho\Classical\20260404-183638_seed0_pinn_pesosvf_2-64-64-64-64-2\checkpoints\2026-04-04_18-36-46-957654_ho_Classical_seed0\model_weights.pth
INFO:src.utils.logger:It: 300, Loss: 2.475e-02, Loss_res: 5.595e-03,  Loss_bcs: 2.397e-04, Loss_ut_ics: 9.456e-05, Loss_norm: 3.911e-07, Loss_gauge: 0.000e+00, w_pde: 1.00e+00, L^2_error: 3.620e-02, lr: 1.000e-03, Time: 1.51e+01
INFO:src.utils.logger:Model state saved to results\ho\Classical\20260404-183638_seed0_pinn_pesosvf_2-64-64-64-64-2\checkpoints\2026-04-04_18-36-46-957654_ho_Classical_seed0\model.pth
INFO:src.utils.logger:Model weights saved to results\ho\Classical\20260404-183638_seed0_pinn_pesosvf_2-64-64-64-64-2\checkpoints\2026-04-04_18-36-46-957654_ho_Classical_seed0\model_weights.pth
INFO:src.utils.logger:It: 310, Loss: 2.351e-02, Loss_res: 4.729e-03,  Loss_bcs: 2.271e-04, Loss_ut_ics: 9.278e-05, Loss_norm: 3.803e-07, Loss_gauge: 0.000e+00, w_pde: 1.00e+00, L^2_error: 3.505e-02, lr: 1.000e-03, Time: 1.56e+01
INFO:src.utils.logger:Model state saved to results\ho\Classical\20260404-183638_seed0_pinn_pesosvf_2-64-64-64-64-2\checkpoints\2026-04-04_18-36-46-957654_ho_Classical_seed0\model.pth
INFO:src.utils.logger:Model weights saved to results\ho\Classical\20260404-183638_seed0_pinn_pesosvf_2-64-64-64-64-2\checkpoints\2026-04-04_18-36-46-957654_ho_Classical_seed0\model_weights.pth
INFO:src.utils.logger:It: 320, Loss: 2.239e-02, Loss_res: 3.892e-03,  Loss_bcs: 2.183e-04, Loss_ut_ics: 9.138e-05, Loss_norm: 3.127e-07, Loss_gauge: 0.000e+00, w_pde: 1.00e+00, L^2_error: 3.395e-02, lr: 1.000e-03, Time: 1.61e+01
INFO:src.utils.logger:Model state saved to results\ho\Classical\20260404-183638_seed0_pinn_pesosvf_2-64-64-64-64-2\checkpoints\2026-04-04_18-36-46-957654_ho_Classical_seed0\model.pth
INFO:src.utils.logger:Model weights saved to results\ho\Classical\20260404-183638_seed0_pinn_pesosvf_2-64-64-64-64-2\checkpoints\2026-04-04_18-36-46-957654_ho_Classical_seed0\model_weights.pth
INFO:src.utils.logger:It: 330, Loss: 2.210e-02, Loss_res: 3.966e-03,  Loss_bcs: 2.043e-04, Loss_ut_ics: 8.962e-05, Loss_norm: 2.291e-07, Loss_gauge: 0.000e+00, w_pde: 1.00e+00, L^2_error: 3.277e-02, lr: 1.000e-03, Time: 1.65e+01
INFO:src.utils.logger:Model state saved to results\ho\Classical\20260404-183638_seed0_pinn_pesosvf_2-64-64-64-64-2\checkpoints\2026-04-04_18-36-46-957654_ho_Classical_seed0\model.pth
INFO:src.utils.logger:Model weights saved to results\ho\Classical\20260404-183638_seed0_pinn_pesosvf_2-64-64-64-64-2\checkpoints\2026-04-04_18-36-46-957654_ho_Classical_seed0\model_weights.pth
INFO:src.utils.logger:It: 340, Loss: 2.199e-02, Loss_res: 3.851e-03,  Loss_bcs: 1.988e-04, Loss_ut_ics: 8.967e-05, Loss_norm: 2.914e-07, Loss_gauge: 0.000e+00, w_pde: 1.00e+00, L^2_error: 3.195e-02, lr: 1.000e-03, Time: 1.69e+01
INFO:src.utils.logger:Model state saved to results\ho\Classical\20260404-183638_seed0_pinn_pesosvf_2-64-64-64-64-2\checkpoints\2026-04-04_18-36-46-957654_ho_Classical_seed0\model.pth
INFO:src.utils.logger:Model weights saved to results\ho\Classical\20260404-183638_seed0_pinn_pesosvf_2-64-64-64-64-2\checkpoints\2026-04-04_18-36-46-957654_ho_Classical_seed0\model_weights.pth
INFO:src.utils.logger:It: 350, Loss: 2.293e-02, Loss_res: 3.912e-03,  Loss_bcs: 2.013e-04, Loss_ut_ics: 9.407e-05, Loss_norm: 2.801e-07, Loss_gauge: 0.000e+00, w_pde: 1.00e+00, L^2_error: 3.179e-02, lr: 1.000e-03, Time: 1.74e+01
INFO:src.utils.logger:Model state saved to results\ho\Classical\20260404-183638_seed0_pinn_pesosvf_2-64-64-64-64-2\checkpoints\2026-04-04_18-36-46-957654_ho_Classical_seed0\model.pth
INFO:src.utils.logger:Model weights saved to results\ho\Classical\20260404-183638_seed0_pinn_pesosvf_2-64-64-64-64-2\checkpoints\2026-04-04_18-36-46-957654_ho_Classical_seed0\model_weights.pth
INFO:src.utils.logger:It: 360, Loss: 3.694e-02, Loss_res: 3.875e-03,  Loss_bcs: 3.202e-04, Loss_ut_ics: 1.637e-04, Loss_norm: 5.958e-07, Loss_gauge: 0.000e+00, w_pde: 1.00e+00, L^2_error: 3.338e-02, lr: 1.000e-03, Time: 1.78e+01
INFO:src.utils.logger:Model state saved to results\ho\Classical\20260404-183638_seed0_pinn_pesosvf_2-64-64-64-64-2\checkpoints\2026-04-04_18-36-46-957654_ho_Classical_seed0\model.pth
INFO:src.utils.logger:Model weights saved to results\ho\Classical\20260404-183638_seed0_pinn_pesosvf_2-64-64-64-64-2\checkpoints\2026-04-04_18-36-46-957654_ho_Classical_seed0\model_weights.pth
INFO:src.utils.logger:It: 370, Loss: 2.035e-02, Loss_res: 3.345e-03,  Loss_bcs: 1.777e-04, Loss_ut_ics: 8.412e-05, Loss_norm: 3.887e-07, Loss_gauge: 0.000e+00, w_pde: 1.00e+00, L^2_error: 2.955e-02, lr: 1.000e-03, Time: 1.82e+01
INFO:src.utils.logger:Model state saved to results\ho\Classical\20260404-183638_seed0_pinn_pesosvf_2-64-64-64-64-2\checkpoints\2026-04-04_18-36-46-957654_ho_Classical_seed0\model.pth
INFO:src.utils.logger:Model weights saved to results\ho\Classical\20260404-183638_seed0_pinn_pesosvf_2-64-64-64-64-2\checkpoints\2026-04-04_18-36-46-957654_ho_Classical_seed0\model_weights.pth
INFO:src.utils.logger:It: 380, Loss: 2.179e-02, Loss_res: 2.993e-03,  Loss_bcs: 1.940e-04, Loss_ut_ics: 9.302e-05, Loss_norm: 8.477e-08, Loss_gauge: 0.000e+00, w_pde: 1.00e+00, L^2_error: 3.013e-02, lr: 1.000e-03, Time: 1.87e+01
INFO:src.utils.logger:Model state saved to results\ho\Classical\20260404-183638_seed0_pinn_pesosvf_2-64-64-64-64-2\checkpoints\2026-04-04_18-36-46-957654_ho_Classical_seed0\model.pth
INFO:src.utils.logger:Model weights saved to results\ho\Classical\20260404-183638_seed0_pinn_pesosvf_2-64-64-64-64-2\checkpoints\2026-04-04_18-36-46-957654_ho_Classical_seed0\model_weights.pth
INFO:src.utils.logger:It: 390, Loss: 2.083e-02, Loss_res: 3.098e-03,  Loss_bcs: 1.760e-04, Loss_ut_ics: 8.778e-05, Loss_norm: 1.232e-07, Loss_gauge: 0.000e+00, w_pde: 1.00e+00, L^2_error: 2.845e-02, lr: 1.000e-03, Time: 1.91e+01
INFO:src.utils.logger:Model state saved to results\ho\Classical\20260404-183638_seed0_pinn_pesosvf_2-64-64-64-64-2\checkpoints\2026-04-04_18-36-46-957654_ho_Classical_seed0\model.pth
INFO:src.utils.logger:Model weights saved to results\ho\Classical\20260404-183638_seed0_pinn_pesosvf_2-64-64-64-64-2\checkpoints\2026-04-04_18-36-46-957654_ho_Classical_seed0\model_weights.pth
INFO:src.utils.logger:It: 400, Loss: 1.947e-02, Loss_res: 2.893e-03,  Loss_bcs: 1.667e-04, Loss_ut_ics: 8.202e-05, Loss_norm: 2.189e-07, Loss_gauge: 0.000e+00, w_pde: 1.00e+00, L^2_error: 2.749e-02, lr: 1.000e-03, Time: 1.96e+01
INFO:src.utils.logger:Model state saved to results\ho\Classical\20260404-183638_seed0_pinn_pesosvf_2-64-64-64-64-2\checkpoints\2026-04-04_18-36-46-957654_ho_Classical_seed0\model.pth
INFO:src.utils.logger:Model weights saved to results\ho\Classical\20260404-183638_seed0_pinn_pesosvf_2-64-64-64-64-2\checkpoints\2026-04-04_18-36-46-957654_ho_Classical_seed0\model_weights.pth
INFO:src.utils.logger:It: 410, Loss: 1.842e-02, Loss_res: 2.393e-03,  Loss_bcs: 1.562e-04, Loss_ut_ics: 7.936e-05, Loss_norm: 2.524e-07, Loss_gauge: 0.000e+00, w_pde: 1.00e+00, L^2_error: 2.661e-02, lr: 1.000e-03, Time: 2.01e+01
INFO:src.utils.logger:Model state saved to results\ho\Classical\20260404-183638_seed0_pinn_pesosvf_2-64-64-64-64-2\checkpoints\2026-04-04_18-36-46-957654_ho_Classical_seed0\model.pth
INFO:src.utils.logger:Model weights saved to results\ho\Classical\20260404-183638_seed0_pinn_pesosvf_2-64-64-64-64-2\checkpoints\2026-04-04_18-36-46-957654_ho_Classical_seed0\model_weights.pth
INFO:src.utils.logger:It: 420, Loss: 1.858e-02, Loss_res: 2.737e-03,  Loss_bcs: 1.535e-04, Loss_ut_ics: 7.843e-05, Loss_norm: 1.909e-07, Loss_gauge: 0.000e+00, w_pde: 1.00e+00, L^2_error: 2.607e-02, lr: 1.000e-03, Time: 2.05e+01
INFO:src.utils.logger:Model state saved to results\ho\Classical\20260404-183638_seed0_pinn_pesosvf_2-64-64-64-64-2\checkpoints\2026-04-04_18-36-46-957654_ho_Classical_seed0\model.pth
INFO:src.utils.logger:Model weights saved to results\ho\Classical\20260404-183638_seed0_pinn_pesosvf_2-64-64-64-64-2\checkpoints\2026-04-04_18-36-46-957654_ho_Classical_seed0\model_weights.pth
INFO:src.utils.logger:It: 430, Loss: 1.987e-02, Loss_res: 2.601e-03,  Loss_bcs: 1.669e-04, Loss_ut_ics: 8.553e-05, Loss_norm: 9.805e-08, Loss_gauge: 0.000e+00, w_pde: 1.00e+00, L^2_error: 2.710e-02, lr: 1.000e-03, Time: 2.10e+01
INFO:src.utils.logger:Model state saved to results\ho\Classical\20260404-183638_seed0_pinn_pesosvf_2-64-64-64-64-2\checkpoints\2026-04-04_18-36-46-957654_ho_Classical_seed0\model.pth
INFO:src.utils.logger:Model weights saved to results\ho\Classical\20260404-183638_seed0_pinn_pesosvf_2-64-64-64-64-2\checkpoints\2026-04-04_18-36-46-957654_ho_Classical_seed0\model_weights.pth
INFO:src.utils.logger:It: 440, Loss: 7.368e-02, Loss_res: 4.326e-03,  Loss_bcs: 6.885e-04, Loss_ut_ics: 3.433e-04, Loss_norm: 2.689e-07, Loss_gauge: 0.000e+00, w_pde: 1.00e+00, L^2_error: 3.586e-02, lr: 1.000e-03, Time: 2.14e+01
INFO:src.utils.logger:Model state saved to results\ho\Classical\20260404-183638_seed0_pinn_pesosvf_2-64-64-64-64-2\checkpoints\2026-04-04_18-36-46-957654_ho_Classical_seed0\model.pth
INFO:src.utils.logger:Model weights saved to results\ho\Classical\20260404-183638_seed0_pinn_pesosvf_2-64-64-64-64-2\checkpoints\2026-04-04_18-36-46-957654_ho_Classical_seed0\model_weights.pth
INFO:src.utils.logger:It: 450, Loss: 3.308e-02, Loss_res: 2.902e-03,  Loss_bcs: 2.937e-04, Loss_ut_ics: 1.494e-04, Loss_norm: 6.447e-08, Loss_gauge: 0.000e+00, w_pde: 1.00e+00, L^2_error: 3.418e-02, lr: 1.000e-03, Time: 2.19e+01
INFO:src.utils.logger:Model state saved to results\ho\Classical\20260404-183638_seed0_pinn_pesosvf_2-64-64-64-64-2\checkpoints\2026-04-04_18-36-46-957654_ho_Classical_seed0\model.pth
INFO:src.utils.logger:Model weights saved to results\ho\Classical\20260404-183638_seed0_pinn_pesosvf_2-64-64-64-64-2\checkpoints\2026-04-04_18-36-46-957654_ho_Classical_seed0\model_weights.pth
INFO:src.utils.logger:It: 460, Loss: 1.948e-02, Loss_res: 2.426e-03,  Loss_bcs: 1.667e-04, Loss_ut_ics: 8.441e-05, Loss_norm: 2.357e-07, Loss_gauge: 0.000e+00, w_pde: 1.00e+00, L^2_error: 2.719e-02, lr: 1.000e-03, Time: 2.24e+01
INFO:src.utils.logger:Model state saved to results\ho\Classical\20260404-183638_seed0_pinn_pesosvf_2-64-64-64-64-2\checkpoints\2026-04-04_18-36-46-957654_ho_Classical_seed0\model.pth
INFO:src.utils.logger:Model weights saved to results\ho\Classical\20260404-183638_seed0_pinn_pesosvf_2-64-64-64-64-2\checkpoints\2026-04-04_18-36-46-957654_ho_Classical_seed0\model_weights.pth
INFO:src.utils.logger:It: 470, Loss: 1.724e-02, Loss_res: 2.286e-03,  Loss_bcs: 1.426e-04, Loss_ut_ics: 7.406e-05, Loss_norm: 1.264e-07, Loss_gauge: 0.000e+00, w_pde: 1.00e+00, L^2_error: 2.444e-02, lr: 1.000e-03, Time: 2.28e+01
INFO:src.utils.logger:Model state saved to results\ho\Classical\20260404-183638_seed0_pinn_pesosvf_2-64-64-64-64-2\checkpoints\2026-04-04_18-36-46-957654_ho_Classical_seed0\model.pth
INFO:src.utils.logger:Model weights saved to results\ho\Classical\20260404-183638_seed0_pinn_pesosvf_2-64-64-64-64-2\checkpoints\2026-04-04_18-36-46-957654_ho_Classical_seed0\model_weights.pth
INFO:src.utils.logger:It: 480, Loss: 1.759e-02, Loss_res: 2.249e-03,  Loss_bcs: 1.435e-04, Loss_ut_ics: 7.597e-05, Loss_norm: 2.905e-07, Loss_gauge: 0.000e+00, w_pde: 1.00e+00, L^2_error: 2.352e-02, lr: 1.000e-03, Time: 2.33e+01
INFO:src.utils.logger:Model state saved to results\ho\Classical\20260404-183638_seed0_pinn_pesosvf_2-64-64-64-64-2\checkpoints\2026-04-04_18-36-46-957654_ho_Classical_seed0\model.pth
INFO:src.utils.logger:Model weights saved to results\ho\Classical\20260404-183638_seed0_pinn_pesosvf_2-64-64-64-64-2\checkpoints\2026-04-04_18-36-46-957654_ho_Classical_seed0\model_weights.pth
INFO:src.utils.logger:It: 490, Loss: 1.712e-02, Loss_res: 2.249e-03,  Loss_bcs: 1.380e-04, Loss_ut_ics: 7.368e-05, Loss_norm: 8.062e-08, Loss_gauge: 0.000e+00, w_pde: 1.00e+00, L^2_error: 2.333e-02, lr: 1.000e-03, Time: 2.37e+01
INFO:src.utils.logger:Model state saved to results\ho\Classical\20260404-183638_seed0_pinn_pesosvf_2-64-64-64-64-2\checkpoints\2026-04-04_18-36-46-957654_ho_Classical_seed0\model.pth
INFO:src.utils.logger:Model weights saved to results\ho\Classical\20260404-183638_seed0_pinn_pesosvf_2-64-64-64-64-2\checkpoints\2026-04-04_18-36-46-957654_ho_Classical_seed0\model_weights.pth
INFO:src.utils.logger:It: 500, Loss: 1.641e-02, Loss_res: 1.930e-03,  Loss_bcs: 1.321e-04, Loss_ut_ics: 7.175e-05, Loss_norm: 1.221e-07, Loss_gauge: 0.000e+00, w_pde: 1.00e+00, L^2_error: 2.286e-02, lr: 1.000e-03, Time: 2.41e+01
INFO:src.utils.logger:Model state saved to results\ho\Classical\20260404-183638_seed0_pinn_pesosvf_2-64-64-64-64-2\checkpoints\2026-04-04_18-36-46-957654_ho_Classical_seed0\model.pth
INFO:src.utils.logger:Model weights saved to results\ho\Classical\20260404-183638_seed0_pinn_pesosvf_2-64-64-64-64-2\checkpoints\2026-04-04_18-36-46-957654_ho_Classical_seed0\model_weights.pth
INFO:src.utils.logger:It: 510, Loss: 1.632e-02, Loss_res: 1.988e-03,  Loss_bcs: 1.309e-04, Loss_ut_ics: 7.099e-05, Loss_norm: 1.892e-07, Loss_gauge: 0.000e+00, w_pde: 1.00e+00, L^2_error: 2.259e-02, lr: 1.000e-03, Time: 2.46e+01
INFO:src.utils.logger:Model state saved to results\ho\Classical\20260404-183638_seed0_pinn_pesosvf_2-64-64-64-64-2\checkpoints\2026-04-04_18-36-46-957654_ho_Classical_seed0\model.pth
INFO:src.utils.logger:Model weights saved to results\ho\Classical\20260404-183638_seed0_pinn_pesosvf_2-64-64-64-64-2\checkpoints\2026-04-04_18-36-46-957654_ho_Classical_seed0\model_weights.pth
INFO:src.utils.logger:It: 520, Loss: 1.607e-02, Loss_res: 1.894e-03,  Loss_bcs: 1.285e-04, Loss_ut_ics: 7.021e-05, Loss_norm: 2.174e-07, Loss_gauge: 0.000e+00, w_pde: 1.00e+00, L^2_error: 2.229e-02, lr: 1.000e-03, Time: 2.50e+01
INFO:src.utils.logger:Model state saved to results\ho\Classical\20260404-183638_seed0_pinn_pesosvf_2-64-64-64-64-2\checkpoints\2026-04-04_18-36-46-957654_ho_Classical_seed0\model.pth
INFO:src.utils.logger:Model weights saved to results\ho\Classical\20260404-183638_seed0_pinn_pesosvf_2-64-64-64-64-2\checkpoints\2026-04-04_18-36-46-957654_ho_Classical_seed0\model_weights.pth
INFO:src.utils.logger:It: 530, Loss: 1.605e-02, Loss_res: 1.985e-03,  Loss_bcs: 1.280e-04, Loss_ut_ics: 6.966e-05, Loss_norm: 1.545e-07, Loss_gauge: 0.000e+00, w_pde: 1.00e+00, L^2_error: 2.210e-02, lr: 1.000e-03, Time: 2.54e+01
INFO:src.utils.logger:Model state saved to results\ho\Classical\20260404-183638_seed0_pinn_pesosvf_2-64-64-64-64-2\checkpoints\2026-04-04_18-36-46-957654_ho_Classical_seed0\model.pth
INFO:src.utils.logger:Model weights saved to results\ho\Classical\20260404-183638_seed0_pinn_pesosvf_2-64-64-64-64-2\checkpoints\2026-04-04_18-36-46-957654_ho_Classical_seed0\model_weights.pth
INFO:src.utils.logger:It: 540, Loss: 1.590e-02, Loss_res: 1.956e-03,  Loss_bcs: 1.257e-04, Loss_ut_ics: 6.909e-05, Loss_norm: 7.375e-08, Loss_gauge: 0.000e+00, w_pde: 1.00e+00, L^2_error: 2.192e-02, lr: 1.000e-03, Time: 2.58e+01
INFO:src.utils.logger:Model state saved to results\ho\Classical\20260404-183638_seed0_pinn_pesosvf_2-64-64-64-64-2\checkpoints\2026-04-04_18-36-46-957654_ho_Classical_seed0\model.pth
INFO:src.utils.logger:Model weights saved to results\ho\Classical\20260404-183638_seed0_pinn_pesosvf_2-64-64-64-64-2\checkpoints\2026-04-04_18-36-46-957654_ho_Classical_seed0\model_weights.pth
INFO:src.utils.logger:It: 550, Loss: 1.595e-02, Loss_res: 1.903e-03,  Loss_bcs: 1.258e-04, Loss_ut_ics: 6.960e-05, Loss_norm: 1.195e-07, Loss_gauge: 0.000e+00, w_pde: 1.00e+00, L^2_error: 2.196e-02, lr: 1.000e-03, Time: 2.63e+01
INFO:src.utils.logger:Model state saved to results\ho\Classical\20260404-183638_seed0_pinn_pesosvf_2-64-64-64-64-2\checkpoints\2026-04-04_18-36-46-957654_ho_Classical_seed0\model.pth
INFO:src.utils.logger:Model weights saved to results\ho\Classical\20260404-183638_seed0_pinn_pesosvf_2-64-64-64-64-2\checkpoints\2026-04-04_18-36-46-957654_ho_Classical_seed0\model_weights.pth
INFO:src.utils.logger:It: 560, Loss: 3.758e-02, Loss_res: 2.707e-03,  Loss_bcs: 3.264e-04, Loss_ut_ics: 1.727e-04, Loss_norm: 1.802e-07, Loss_gauge: 0.000e+00, w_pde: 1.00e+00, L^2_error: 3.837e-02, lr: 1.000e-03, Time: 2.67e+01
INFO:src.utils.logger:Model state saved to results\ho\Classical\20260404-183638_seed0_pinn_pesosvf_2-64-64-64-64-2\checkpoints\2026-04-04_18-36-46-957654_ho_Classical_seed0\model.pth
INFO:src.utils.logger:Model weights saved to results\ho\Classical\20260404-183638_seed0_pinn_pesosvf_2-64-64-64-64-2\checkpoints\2026-04-04_18-36-46-957654_ho_Classical_seed0\model_weights.pth
INFO:src.utils.logger:It: 570, Loss: 3.515e-02, Loss_res: 2.459e-03,  Loss_bcs: 3.104e-04, Loss_ut_ics: 1.619e-04, Loss_norm: 6.605e-07, Loss_gauge: 0.000e+00, w_pde: 1.00e+00, L^2_error: 4.053e-02, lr: 1.000e-03, Time: 2.73e+01
INFO:src.utils.logger:Model state saved to results\ho\Classical\20260404-183638_seed0_pinn_pesosvf_2-64-64-64-64-2\checkpoints\2026-04-04_18-36-46-957654_ho_Classical_seed0\model.pth
INFO:src.utils.logger:Model weights saved to results\ho\Classical\20260404-183638_seed0_pinn_pesosvf_2-64-64-64-64-2\checkpoints\2026-04-04_18-36-46-957654_ho_Classical_seed0\model_weights.pth
INFO:src.utils.logger:It: 580, Loss: 1.565e-02, Loss_res: 1.876e-03,  Loss_bcs: 1.304e-04, Loss_ut_ics: 6.822e-05, Loss_norm: 3.174e-07, Loss_gauge: 0.000e+00, w_pde: 1.00e+00, L^2_error: 2.287e-02, lr: 1.000e-03, Time: 2.77e+01
INFO:src.utils.logger:Model state saved to results\ho\Classical\20260404-183638_seed0_pinn_pesosvf_2-64-64-64-64-2\checkpoints\2026-04-04_18-36-46-957654_ho_Classical_seed0\model.pth
INFO:src.utils.logger:Model weights saved to results\ho\Classical\20260404-183638_seed0_pinn_pesosvf_2-64-64-64-64-2\checkpoints\2026-04-04_18-36-46-957654_ho_Classical_seed0\model_weights.pth
INFO:src.utils.logger:It: 590, Loss: 1.708e-02, Loss_res: 1.823e-03,  Loss_bcs: 1.442e-04, Loss_ut_ics: 7.557e-05, Loss_norm: 2.619e-08, Loss_gauge: 0.000e+00, w_pde: 1.00e+00, L^2_error: 2.089e-02, lr: 1.000e-03, Time: 2.81e+01
INFO:src.utils.logger:Model state saved to results\ho\Classical\20260404-183638_seed0_pinn_pesosvf_2-64-64-64-64-2\checkpoints\2026-04-04_18-36-46-957654_ho_Classical_seed0\model.pth
INFO:src.utils.logger:Model weights saved to results\ho\Classical\20260404-183638_seed0_pinn_pesosvf_2-64-64-64-64-2\checkpoints\2026-04-04_18-36-46-957654_ho_Classical_seed0\model_weights.pth
INFO:src.utils.logger:It: 600, Loss: 1.702e-02, Loss_res: 1.792e-03,  Loss_bcs: 1.392e-04, Loss_ut_ics: 7.543e-05, Loss_norm: 4.299e-08, Loss_gauge: 0.000e+00, w_pde: 1.00e+00, L^2_error: 2.131e-02, lr: 1.000e-03, Time: 2.86e+01
INFO:src.utils.logger:Model state saved to results\ho\Classical\20260404-183638_seed0_pinn_pesosvf_2-64-64-64-64-2\checkpoints\2026-04-04_18-36-46-957654_ho_Classical_seed0\model.pth
INFO:src.utils.logger:Model weights saved to results\ho\Classical\20260404-183638_seed0_pinn_pesosvf_2-64-64-64-64-2\checkpoints\2026-04-04_18-36-46-957654_ho_Classical_seed0\model_weights.pth
INFO:src.utils.logger:It: 610, Loss: 1.531e-02, Loss_res: 1.706e-03,  Loss_bcs: 1.225e-04, Loss_ut_ics: 6.740e-05, Loss_norm: 5.446e-08, Loss_gauge: 0.000e+00, w_pde: 1.00e+00, L^2_error: 2.115e-02, lr: 1.000e-03, Time: 2.90e+01
INFO:src.utils.logger:Model state saved to results\ho\Classical\20260404-183638_seed0_pinn_pesosvf_2-64-64-64-64-2\checkpoints\2026-04-04_18-36-46-957654_ho_Classical_seed0\model.pth
INFO:src.utils.logger:Model weights saved to results\ho\Classical\20260404-183638_seed0_pinn_pesosvf_2-64-64-64-64-2\checkpoints\2026-04-04_18-36-46-957654_ho_Classical_seed0\model_weights.pth
INFO:src.utils.logger:It: 620, Loss: 1.458e-02, Loss_res: 1.709e-03,  Loss_bcs: 1.135e-04, Loss_ut_ics: 6.377e-05, Loss_norm: 6.926e-08, Loss_gauge: 0.000e+00, w_pde: 1.00e+00, L^2_error: 2.041e-02, lr: 1.000e-03, Time: 2.94e+01
INFO:src.utils.logger:Model state saved to results\ho\Classical\20260404-183638_seed0_pinn_pesosvf_2-64-64-64-64-2\checkpoints\2026-04-04_18-36-46-957654_ho_Classical_seed0\model.pth
INFO:src.utils.logger:Model weights saved to results\ho\Classical\20260404-183638_seed0_pinn_pesosvf_2-64-64-64-64-2\checkpoints\2026-04-04_18-36-46-957654_ho_Classical_seed0\model_weights.pth
INFO:src.utils.logger:It: 630, Loss: 1.447e-02, Loss_res: 1.590e-03,  Loss_bcs: 1.143e-04, Loss_ut_ics: 6.382e-05, Loss_norm: 9.577e-08, Loss_gauge: 0.000e+00, w_pde: 1.00e+00, L^2_error: 2.044e-02, lr: 1.000e-03, Time: 2.99e+01
INFO:src.utils.logger:Model state saved to results\ho\Classical\20260404-183638_seed0_pinn_pesosvf_2-64-64-64-64-2\checkpoints\2026-04-04_18-36-46-957654_ho_Classical_seed0\model.pth
INFO:src.utils.logger:Model weights saved to results\ho\Classical\20260404-183638_seed0_pinn_pesosvf_2-64-64-64-64-2\checkpoints\2026-04-04_18-36-46-957654_ho_Classical_seed0\model_weights.pth
INFO:src.utils.logger:It: 640, Loss: 1.425e-02, Loss_res: 1.681e-03,  Loss_bcs: 1.094e-04, Loss_ut_ics: 6.231e-05, Loss_norm: 8.207e-08, Loss_gauge: 0.000e+00, w_pde: 1.00e+00, L^2_error: 2.018e-02, lr: 1.000e-03, Time: 3.03e+01
INFO:src.utils.logger:Model state saved to results\ho\Classical\20260404-183638_seed0_pinn_pesosvf_2-64-64-64-64-2\checkpoints\2026-04-04_18-36-46-957654_ho_Classical_seed0\model.pth
INFO:src.utils.logger:Model weights saved to results\ho\Classical\20260404-183638_seed0_pinn_pesosvf_2-64-64-64-64-2\checkpoints\2026-04-04_18-36-46-957654_ho_Classical_seed0\model_weights.pth
INFO:src.utils.logger:It: 650, Loss: 1.420e-02, Loss_res: 1.756e-03,  Loss_bcs: 1.098e-04, Loss_ut_ics: 6.166e-05, Loss_norm: 2.209e-07, Loss_gauge: 0.000e+00, w_pde: 1.00e+00, L^2_error: 2.000e-02, lr: 1.000e-03, Time: 3.07e+01
INFO:src.utils.logger:Model state saved to results\ho\Classical\20260404-183638_seed0_pinn_pesosvf_2-64-64-64-64-2\checkpoints\2026-04-04_18-36-46-957654_ho_Classical_seed0\model.pth
INFO:src.utils.logger:Model weights saved to results\ho\Classical\20260404-183638_seed0_pinn_pesosvf_2-64-64-64-64-2\checkpoints\2026-04-04_18-36-46-957654_ho_Classical_seed0\model_weights.pth
INFO:src.utils.logger:It: 660, Loss: 1.401e-02, Loss_res: 1.705e-03,  Loss_bcs: 1.079e-04, Loss_ut_ics: 6.101e-05, Loss_norm: 8.174e-08, Loss_gauge: 0.000e+00, w_pde: 1.00e+00, L^2_error: 1.988e-02, lr: 1.000e-03, Time: 3.12e+01
INFO:src.utils.logger:Model state saved to results\ho\Classical\20260404-183638_seed0_pinn_pesosvf_2-64-64-64-64-2\checkpoints\2026-04-04_18-36-46-957654_ho_Classical_seed0\model.pth
INFO:src.utils.logger:Model weights saved to results\ho\Classical\20260404-183638_seed0_pinn_pesosvf_2-64-64-64-64-2\checkpoints\2026-04-04_18-36-46-957654_ho_Classical_seed0\model_weights.pth
INFO:src.utils.logger:It: 670, Loss: 1.409e-02, Loss_res: 1.667e-03,  Loss_bcs: 1.088e-04, Loss_ut_ics: 6.156e-05, Loss_norm: 1.337e-07, Loss_gauge: 0.000e+00, w_pde: 1.00e+00, L^2_error: 1.987e-02, lr: 1.000e-03, Time: 3.16e+01
INFO:src.utils.logger:Model state saved to results\ho\Classical\20260404-183638_seed0_pinn_pesosvf_2-64-64-64-64-2\checkpoints\2026-04-04_18-36-46-957654_ho_Classical_seed0\model.pth
INFO:src.utils.logger:Model weights saved to results\ho\Classical\20260404-183638_seed0_pinn_pesosvf_2-64-64-64-64-2\checkpoints\2026-04-04_18-36-46-957654_ho_Classical_seed0\model_weights.pth
INFO:src.utils.logger:It: 680, Loss: 1.367e-02, Loss_res: 1.591e-03,  Loss_bcs: 1.061e-04, Loss_ut_ics: 5.989e-05, Loss_norm: 4.192e-08, Loss_gauge: 0.000e+00, w_pde: 1.00e+00, L^2_error: 1.966e-02, lr: 1.000e-03, Time: 3.20e+01
INFO:src.utils.logger:Model state saved to results\ho\Classical\20260404-183638_seed0_pinn_pesosvf_2-64-64-64-64-2\checkpoints\2026-04-04_18-36-46-957654_ho_Classical_seed0\model.pth
INFO:src.utils.logger:Model weights saved to results\ho\Classical\20260404-183638_seed0_pinn_pesosvf_2-64-64-64-64-2\checkpoints\2026-04-04_18-36-46-957654_ho_Classical_seed0\model_weights.pth
INFO:src.utils.logger:It: 690, Loss: 1.478e-02, Loss_res: 1.591e-03,  Loss_bcs: 1.160e-04, Loss_ut_ics: 6.536e-05, Loss_norm: 1.943e-08, Loss_gauge: 0.000e+00, w_pde: 1.00e+00, L^2_error: 2.078e-02, lr: 1.000e-03, Time: 3.25e+01
INFO:src.utils.logger:Model state saved to results\ho\Classical\20260404-183638_seed0_pinn_pesosvf_2-64-64-64-64-2\checkpoints\2026-04-04_18-36-46-957654_ho_Classical_seed0\model.pth
INFO:src.utils.logger:Model weights saved to results\ho\Classical\20260404-183638_seed0_pinn_pesosvf_2-64-64-64-64-2\checkpoints\2026-04-04_18-36-46-957654_ho_Classical_seed0\model_weights.pth
INFO:src.utils.logger:It: 700, Loss: 8.305e-02, Loss_res: 3.860e-03,  Loss_bcs: 7.716e-04, Loss_ut_ics: 3.921e-04, Loss_norm: 3.765e-07, Loss_gauge: 0.000e+00, w_pde: 1.00e+00, L^2_error: 5.239e-02, lr: 1.000e-03, Time: 3.29e+01
INFO:src.utils.logger:Model state saved to results\ho\Classical\20260404-183638_seed0_pinn_pesosvf_2-64-64-64-64-2\checkpoints\2026-04-04_18-36-46-957654_ho_Classical_seed0\model.pth
INFO:src.utils.logger:Model weights saved to results\ho\Classical\20260404-183638_seed0_pinn_pesosvf_2-64-64-64-64-2\checkpoints\2026-04-04_18-36-46-957654_ho_Classical_seed0\model_weights.pth
INFO:src.utils.logger:It: 710, Loss: 4.802e-02, Loss_res: 2.767e-03,  Loss_bcs: 4.170e-04, Loss_ut_ics: 2.242e-04, Loss_norm: 9.745e-08, Loss_gauge: 0.000e+00, w_pde: 1.00e+00, L^2_error: 3.445e-02, lr: 1.000e-03, Time: 3.33e+01
INFO:src.utils.logger:Model state saved to results\ho\Classical\20260404-183638_seed0_pinn_pesosvf_2-64-64-64-64-2\checkpoints\2026-04-04_18-36-46-957654_ho_Classical_seed0\model.pth
INFO:src.utils.logger:Model weights saved to results\ho\Classical\20260404-183638_seed0_pinn_pesosvf_2-64-64-64-64-2\checkpoints\2026-04-04_18-36-46-957654_ho_Classical_seed0\model_weights.pth
INFO:src.utils.logger:It: 720, Loss: 1.314e-02, Loss_res: 1.559e-03,  Loss_bcs: 1.080e-04, Loss_ut_ics: 5.738e-05, Loss_norm: 9.583e-09, Loss_gauge: 0.000e+00, w_pde: 1.00e+00, L^2_error: 2.089e-02, lr: 1.000e-03, Time: 3.38e+01
INFO:src.utils.logger:Model state saved to results\ho\Classical\20260404-183638_seed0_pinn_pesosvf_2-64-64-64-64-2\checkpoints\2026-04-04_18-36-46-957654_ho_Classical_seed0\model.pth
INFO:src.utils.logger:Model weights saved to results\ho\Classical\20260404-183638_seed0_pinn_pesosvf_2-64-64-64-64-2\checkpoints\2026-04-04_18-36-46-957654_ho_Classical_seed0\model_weights.pth
INFO:src.utils.logger:It: 730, Loss: 1.679e-02, Loss_res: 1.505e-03,  Loss_bcs: 1.443e-04, Loss_ut_ics: 7.569e-05, Loss_norm: 3.617e-08, Loss_gauge: 0.000e+00, w_pde: 1.00e+00, L^2_error: 2.049e-02, lr: 1.000e-03, Time: 3.42e+01
INFO:src.utils.logger:Model state saved to results\ho\Classical\20260404-183638_seed0_pinn_pesosvf_2-64-64-64-64-2\checkpoints\2026-04-04_18-36-46-957654_ho_Classical_seed0\model.pth
INFO:src.utils.logger:Model weights saved to results\ho\Classical\20260404-183638_seed0_pinn_pesosvf_2-64-64-64-64-2\checkpoints\2026-04-04_18-36-46-957654_ho_Classical_seed0\model_weights.pth
INFO:src.utils.logger:It: 740, Loss: 1.292e-02, Loss_res: 1.478e-03,  Loss_bcs: 1.008e-04, Loss_ut_ics: 5.670e-05, Loss_norm: 5.329e-08, Loss_gauge: 0.000e+00, w_pde: 1.00e+00, L^2_error: 1.928e-02, lr: 1.000e-03, Time: 3.46e+01
INFO:src.utils.logger:Model state saved to results\ho\Classical\20260404-183638_seed0_pinn_pesosvf_2-64-64-64-64-2\checkpoints\2026-04-04_18-36-46-957654_ho_Classical_seed0\model.pth
INFO:src.utils.logger:Model weights saved to results\ho\Classical\20260404-183638_seed0_pinn_pesosvf_2-64-64-64-64-2\checkpoints\2026-04-04_18-36-46-957654_ho_Classical_seed0\model_weights.pth
INFO:src.utils.logger:It: 750, Loss: 1.335e-02, Loss_res: 1.635e-03,  Loss_bcs: 9.705e-05, Loss_ut_ics: 5.809e-05, Loss_norm: 9.610e-09, Loss_gauge: 0.000e+00, w_pde: 1.00e+00, L^2_error: 1.925e-02, lr: 1.000e-03, Time: 3.51e+01
INFO:src.utils.logger:Model state saved to results\ho\Classical\20260404-183638_seed0_pinn_pesosvf_2-64-64-64-64-2\checkpoints\2026-04-04_18-36-46-957654_ho_Classical_seed0\model.pth
INFO:src.utils.logger:Model weights saved to results\ho\Classical\20260404-183638_seed0_pinn_pesosvf_2-64-64-64-64-2\checkpoints\2026-04-04_18-36-46-957654_ho_Classical_seed0\model_weights.pth
INFO:src.utils.logger:It: 760, Loss: 1.250e-02, Loss_res: 1.421e-03,  Loss_bcs: 9.383e-05, Loss_ut_ics: 5.494e-05, Loss_norm: 5.177e-08, Loss_gauge: 0.000e+00, w_pde: 1.00e+00, L^2_error: 1.872e-02, lr: 1.000e-03, Time: 3.55e+01
INFO:src.utils.logger:Model state saved to results\ho\Classical\20260404-183638_seed0_pinn_pesosvf_2-64-64-64-64-2\checkpoints\2026-04-04_18-36-46-957654_ho_Classical_seed0\model.pth
INFO:src.utils.logger:Model weights saved to results\ho\Classical\20260404-183638_seed0_pinn_pesosvf_2-64-64-64-64-2\checkpoints\2026-04-04_18-36-46-957654_ho_Classical_seed0\model_weights.pth
INFO:src.utils.logger:It: 770, Loss: 1.240e-02, Loss_res: 1.443e-03,  Loss_bcs: 8.918e-05, Loss_ut_ics: 5.436e-05, Loss_norm: 4.320e-08, Loss_gauge: 0.000e+00, w_pde: 1.00e+00, L^2_error: 1.862e-02, lr: 1.000e-03, Time: 3.59e+01
INFO:src.utils.logger:Model state saved to results\ho\Classical\20260404-183638_seed0_pinn_pesosvf_2-64-64-64-64-2\checkpoints\2026-04-04_18-36-46-957654_ho_Classical_seed0\model.pth
INFO:src.utils.logger:Model weights saved to results\ho\Classical\20260404-183638_seed0_pinn_pesosvf_2-64-64-64-64-2\checkpoints\2026-04-04_18-36-46-957654_ho_Classical_seed0\model_weights.pth
INFO:src.utils.logger:It: 780, Loss: 1.229e-02, Loss_res: 1.484e-03,  Loss_bcs: 9.005e-05, Loss_ut_ics: 5.357e-05, Loss_norm: 1.131e-07, Loss_gauge: 0.000e+00, w_pde: 1.00e+00, L^2_error: 1.848e-02, lr: 1.000e-03, Time: 3.64e+01
INFO:src.utils.logger:Model state saved to results\ho\Classical\20260404-183638_seed0_pinn_pesosvf_2-64-64-64-64-2\checkpoints\2026-04-04_18-36-46-957654_ho_Classical_seed0\model.pth
INFO:src.utils.logger:Model weights saved to results\ho\Classical\20260404-183638_seed0_pinn_pesosvf_2-64-64-64-64-2\checkpoints\2026-04-04_18-36-46-957654_ho_Classical_seed0\model_weights.pth
INFO:src.utils.logger:It: 790, Loss: 1.220e-02, Loss_res: 1.415e-03,  Loss_bcs: 8.773e-05, Loss_ut_ics: 5.349e-05, Loss_norm: 1.943e-08, Loss_gauge: 0.000e+00, w_pde: 1.00e+00, L^2_error: 1.850e-02, lr: 1.000e-03, Time: 3.68e+01
INFO:src.utils.logger:Model state saved to results\ho\Classical\20260404-183638_seed0_pinn_pesosvf_2-64-64-64-64-2\checkpoints\2026-04-04_18-36-46-957654_ho_Classical_seed0\model.pth
INFO:src.utils.logger:Model weights saved to results\ho\Classical\20260404-183638_seed0_pinn_pesosvf_2-64-64-64-64-2\checkpoints\2026-04-04_18-36-46-957654_ho_Classical_seed0\model_weights.pth
INFO:src.utils.logger:It: 800, Loss: 1.185e-02, Loss_res: 1.294e-03,  Loss_bcs: 8.618e-05, Loss_ut_ics: 5.234e-05, Loss_norm: 5.056e-08, Loss_gauge: 0.000e+00, w_pde: 1.00e+00, L^2_error: 1.827e-02, lr: 1.000e-03, Time: 3.72e+01
INFO:src.utils.logger:Model state saved to results\ho\Classical\20260404-183638_seed0_pinn_pesosvf_2-64-64-64-64-2\checkpoints\2026-04-04_18-36-46-957654_ho_Classical_seed0\model.pth
INFO:src.utils.logger:Model weights saved to results\ho\Classical\20260404-183638_seed0_pinn_pesosvf_2-64-64-64-64-2\checkpoints\2026-04-04_18-36-46-957654_ho_Classical_seed0\model_weights.pth
INFO:src.utils.logger:It: 810, Loss: 1.190e-02, Loss_res: 1.283e-03,  Loss_bcs: 8.841e-05, Loss_ut_ics: 5.263e-05, Loss_norm: 4.409e-08, Loss_gauge: 0.000e+00, w_pde: 1.00e+00, L^2_error: 1.829e-02, lr: 1.000e-03, Time: 3.77e+01
INFO:src.utils.logger:Model state saved to results\ho\Classical\20260404-183638_seed0_pinn_pesosvf_2-64-64-64-64-2\checkpoints\2026-04-04_18-36-46-957654_ho_Classical_seed0\model.pth
INFO:src.utils.logger:Model weights saved to results\ho\Classical\20260404-183638_seed0_pinn_pesosvf_2-64-64-64-64-2\checkpoints\2026-04-04_18-36-46-957654_ho_Classical_seed0\model_weights.pth
INFO:src.utils.logger:It: 820, Loss: 1.850e-02, Loss_res: 1.541e-03,  Loss_bcs: 1.561e-04, Loss_ut_ics: 8.401e-05, Loss_norm: 5.659e-08, Loss_gauge: 0.000e+00, w_pde: 1.00e+00, L^2_error: 2.462e-02, lr: 1.000e-03, Time: 3.81e+01
INFO:src.utils.logger:Model state saved to results\ho\Classical\20260404-183638_seed0_pinn_pesosvf_2-64-64-64-64-2\checkpoints\2026-04-04_18-36-46-957654_ho_Classical_seed0\model.pth
INFO:src.utils.logger:Model weights saved to results\ho\Classical\20260404-183638_seed0_pinn_pesosvf_2-64-64-64-64-2\checkpoints\2026-04-04_18-36-46-957654_ho_Classical_seed0\model_weights.pth
INFO:src.utils.logger:It: 830, Loss: 1.145e-01, Loss_res: 4.746e-03,  Loss_bcs: 1.065e-03, Loss_ut_ics: 5.436e-04, Loss_norm: 7.139e-07, Loss_gauge: 0.000e+00, w_pde: 1.00e+00, L^2_error: 4.264e-02, lr: 1.000e-03, Time: 3.85e+01
INFO:src.utils.logger:Model state saved to results\ho\Classical\20260404-183638_seed0_pinn_pesosvf_2-64-64-64-64-2\checkpoints\2026-04-04_18-36-46-957654_ho_Classical_seed0\model.pth
INFO:src.utils.logger:Model weights saved to results\ho\Classical\20260404-183638_seed0_pinn_pesosvf_2-64-64-64-64-2\checkpoints\2026-04-04_18-36-46-957654_ho_Classical_seed0\model_weights.pth
INFO:src.utils.logger:It: 840, Loss: 1.881e-02, Loss_res: 1.483e-03,  Loss_bcs: 1.657e-04, Loss_ut_ics: 8.580e-05, Loss_norm: 1.110e-07, Loss_gauge: 0.000e+00, w_pde: 1.00e+00, L^2_error: 3.043e-02, lr: 1.000e-03, Time: 3.90e+01
INFO:src.utils.logger:Model state saved to results\ho\Classical\20260404-183638_seed0_pinn_pesosvf_2-64-64-64-64-2\checkpoints\2026-04-04_18-36-46-957654_ho_Classical_seed0\model.pth
INFO:src.utils.logger:Model weights saved to results\ho\Classical\20260404-183638_seed0_pinn_pesosvf_2-64-64-64-64-2\checkpoints\2026-04-04_18-36-46-957654_ho_Classical_seed0\model_weights.pth
INFO:src.utils.logger:It: 850, Loss: 1.159e-02, Loss_res: 1.235e-03,  Loss_bcs: 9.133e-05, Loss_ut_ics: 5.133e-05, Loss_norm: 3.385e-07, Loss_gauge: 0.000e+00, w_pde: 1.00e+00, L^2_error: 1.872e-02, lr: 1.000e-03, Time: 3.94e+01
INFO:src.utils.logger:Model state saved to results\ho\Classical\20260404-183638_seed0_pinn_pesosvf_2-64-64-64-64-2\checkpoints\2026-04-04_18-36-46-957654_ho_Classical_seed0\model.pth
INFO:src.utils.logger:Model weights saved to results\ho\Classical\20260404-183638_seed0_pinn_pesosvf_2-64-64-64-64-2\checkpoints\2026-04-04_18-36-46-957654_ho_Classical_seed0\model_weights.pth
INFO:src.utils.logger:It: 860, Loss: 1.329e-02, Loss_res: 1.375e-03,  Loss_bcs: 9.242e-05, Loss_ut_ics: 5.910e-05, Loss_norm: 1.880e-08, Loss_gauge: 0.000e+00, w_pde: 1.00e+00, L^2_error: 1.777e-02, lr: 1.000e-03, Time: 3.99e+01
INFO:src.utils.logger:Model state saved to results\ho\Classical\20260404-183638_seed0_pinn_pesosvf_2-64-64-64-64-2\checkpoints\2026-04-04_18-36-46-957654_ho_Classical_seed0\model.pth
INFO:src.utils.logger:Model weights saved to results\ho\Classical\20260404-183638_seed0_pinn_pesosvf_2-64-64-64-64-2\checkpoints\2026-04-04_18-36-46-957654_ho_Classical_seed0\model_weights.pth
INFO:src.utils.logger:It: 870, Loss: 1.288e-02, Loss_res: 1.351e-03,  Loss_bcs: 8.948e-05, Loss_ut_ics: 5.721e-05, Loss_norm: 2.169e-08, Loss_gauge: 0.000e+00, w_pde: 1.00e+00, L^2_error: 1.860e-02, lr: 1.000e-03, Time: 4.03e+01
INFO:src.utils.logger:Model state saved to results\ho\Classical\20260404-183638_seed0_pinn_pesosvf_2-64-64-64-64-2\checkpoints\2026-04-04_18-36-46-957654_ho_Classical_seed0\model.pth
INFO:src.utils.logger:Model weights saved to results\ho\Classical\20260404-183638_seed0_pinn_pesosvf_2-64-64-64-64-2\checkpoints\2026-04-04_18-36-46-957654_ho_Classical_seed0\model_weights.pth
INFO:src.utils.logger:It: 880, Loss: 1.110e-02, Loss_res: 1.310e-03,  Loss_bcs: 7.362e-05, Loss_ut_ics: 4.858e-05, Loss_norm: 3.282e-08, Loss_gauge: 0.000e+00, w_pde: 1.00e+00, L^2_error: 1.809e-02, lr: 1.000e-03, Time: 4.07e+01
INFO:src.utils.logger:Model state saved to results\ho\Classical\20260404-183638_seed0_pinn_pesosvf_2-64-64-64-64-2\checkpoints\2026-04-04_18-36-46-957654_ho_Classical_seed0\model.pth
INFO:src.utils.logger:Model weights saved to results\ho\Classical\20260404-183638_seed0_pinn_pesosvf_2-64-64-64-64-2\checkpoints\2026-04-04_18-36-46-957654_ho_Classical_seed0\model_weights.pth
INFO:src.utils.logger:It: 890, Loss: 1.097e-02, Loss_res: 1.302e-03,  Loss_bcs: 7.311e-05, Loss_ut_ics: 4.799e-05, Loss_norm: 2.628e-08, Loss_gauge: 0.000e+00, w_pde: 1.00e+00, L^2_error: 1.729e-02, lr: 1.000e-03, Time: 4.12e+01
INFO:src.utils.logger:Model state saved to results\ho\Classical\20260404-183638_seed0_pinn_pesosvf_2-64-64-64-64-2\checkpoints\2026-04-04_18-36-46-957654_ho_Classical_seed0\model.pth
INFO:src.utils.logger:Model weights saved to results\ho\Classical\20260404-183638_seed0_pinn_pesosvf_2-64-64-64-64-2\checkpoints\2026-04-04_18-36-46-957654_ho_Classical_seed0\model_weights.pth
INFO:src.utils.logger:It: 900, Loss: 1.059e-02, Loss_res: 1.256e-03,  Loss_bcs: 7.106e-05, Loss_ut_ics: 4.633e-05, Loss_norm: 3.631e-08, Loss_gauge: 0.000e+00, w_pde: 1.00e+00, L^2_error: 1.719e-02, lr: 1.000e-03, Time: 4.17e+01
INFO:src.utils.logger:Model state saved to results\ho\Classical\20260404-183638_seed0_pinn_pesosvf_2-64-64-64-64-2\checkpoints\2026-04-04_18-36-46-957654_ho_Classical_seed0\model.pth
INFO:src.utils.logger:Model weights saved to results\ho\Classical\20260404-183638_seed0_pinn_pesosvf_2-64-64-64-64-2\checkpoints\2026-04-04_18-36-46-957654_ho_Classical_seed0\model_weights.pth
INFO:src.utils.logger:It: 910, Loss: 1.049e-02, Loss_res: 1.273e-03,  Loss_bcs: 6.662e-05, Loss_ut_ics: 4.574e-05, Loss_norm: 5.546e-08, Loss_gauge: 0.000e+00, w_pde: 1.00e+00, L^2_error: 1.712e-02, lr: 1.000e-03, Time: 4.22e+01
INFO:src.utils.logger:Model state saved to results\ho\Classical\20260404-183638_seed0_pinn_pesosvf_2-64-64-64-64-2\checkpoints\2026-04-04_18-36-46-957654_ho_Classical_seed0\model.pth
INFO:src.utils.logger:Model weights saved to results\ho\Classical\20260404-183638_seed0_pinn_pesosvf_2-64-64-64-64-2\checkpoints\2026-04-04_18-36-46-957654_ho_Classical_seed0\model_weights.pth
INFO:src.utils.logger:It: 920, Loss: 1.036e-02, Loss_res: 1.276e-03,  Loss_bcs: 6.805e-05, Loss_ut_ics: 4.507e-05, Loss_norm: 9.890e-10, Loss_gauge: 0.000e+00, w_pde: 1.00e+00, L^2_error: 1.696e-02, lr: 1.000e-03, Time: 4.27e+01
INFO:src.utils.logger:Model state saved to results\ho\Classical\20260404-183638_seed0_pinn_pesosvf_2-64-64-64-64-2\checkpoints\2026-04-04_18-36-46-957654_ho_Classical_seed0\model.pth
INFO:src.utils.logger:Model weights saved to results\ho\Classical\20260404-183638_seed0_pinn_pesosvf_2-64-64-64-64-2\checkpoints\2026-04-04_18-36-46-957654_ho_Classical_seed0\model_weights.pth
INFO:src.utils.logger:It: 930, Loss: 1.014e-02, Loss_res: 1.194e-03,  Loss_bcs: 6.594e-05, Loss_ut_ics: 4.441e-05, Loss_norm: 9.296e-08, Loss_gauge: 0.000e+00, w_pde: 1.00e+00, L^2_error: 1.691e-02, lr: 1.000e-03, Time: 4.32e+01
INFO:src.utils.logger:Model state saved to results\ho\Classical\20260404-183638_seed0_pinn_pesosvf_2-64-64-64-64-2\checkpoints\2026-04-04_18-36-46-957654_ho_Classical_seed0\model.pth
INFO:src.utils.logger:Model weights saved to results\ho\Classical\20260404-183638_seed0_pinn_pesosvf_2-64-64-64-64-2\checkpoints\2026-04-04_18-36-46-957654_ho_Classical_seed0\model_weights.pth
INFO:src.utils.logger:It: 940, Loss: 1.004e-02, Loss_res: 1.215e-03,  Loss_bcs: 6.404e-05, Loss_ut_ics: 4.383e-05, Loss_norm: 5.698e-08, Loss_gauge: 0.000e+00, w_pde: 1.00e+00, L^2_error: 1.681e-02, lr: 1.000e-03, Time: 4.39e+01
INFO:src.utils.logger:Model state saved to results\ho\Classical\20260404-183638_seed0_pinn_pesosvf_2-64-64-64-64-2\checkpoints\2026-04-04_18-36-46-957654_ho_Classical_seed0\model.pth
INFO:src.utils.logger:Model weights saved to results\ho\Classical\20260404-183638_seed0_pinn_pesosvf_2-64-64-64-64-2\checkpoints\2026-04-04_18-36-46-957654_ho_Classical_seed0\model_weights.pth
INFO:src.utils.logger:It: 950, Loss: 9.900e-03, Loss_res: 1.181e-03,  Loss_bcs: 6.294e-05, Loss_ut_ics: 4.327e-05, Loss_norm: 7.157e-08, Loss_gauge: 0.000e+00, w_pde: 1.00e+00, L^2_error: 1.665e-02, lr: 1.000e-03, Time: 4.44e+01
INFO:src.utils.logger:Model state saved to results\ho\Classical\20260404-183638_seed0_pinn_pesosvf_2-64-64-64-64-2\checkpoints\2026-04-04_18-36-46-957654_ho_Classical_seed0\model.pth
INFO:src.utils.logger:Model weights saved to results\ho\Classical\20260404-183638_seed0_pinn_pesosvf_2-64-64-64-64-2\checkpoints\2026-04-04_18-36-46-957654_ho_Classical_seed0\model_weights.pth
INFO:src.utils.logger:It: 960, Loss: 9.842e-03, Loss_res: 1.179e-03,  Loss_bcs: 6.278e-05, Loss_ut_ics: 4.300e-05, Loss_norm: 5.809e-08, Loss_gauge: 0.000e+00, w_pde: 1.00e+00, L^2_error: 1.661e-02, lr: 1.000e-03, Time: 4.49e+01
INFO:src.utils.logger:Model state saved to results\ho\Classical\20260404-183638_seed0_pinn_pesosvf_2-64-64-64-64-2\checkpoints\2026-04-04_18-36-46-957654_ho_Classical_seed0\model.pth
INFO:src.utils.logger:Model weights saved to results\ho\Classical\20260404-183638_seed0_pinn_pesosvf_2-64-64-64-64-2\checkpoints\2026-04-04_18-36-46-957654_ho_Classical_seed0\model_weights.pth
INFO:src.utils.logger:It: 970, Loss: 9.718e-03, Loss_res: 1.138e-03,  Loss_bcs: 6.273e-05, Loss_ut_ics: 4.258e-05, Loss_norm: 9.639e-08, Loss_gauge: 0.000e+00, w_pde: 1.00e+00, L^2_error: 1.649e-02, lr: 1.000e-03, Time: 4.53e+01
INFO:src.utils.logger:Model state saved to results\ho\Classical\20260404-183638_seed0_pinn_pesosvf_2-64-64-64-64-2\checkpoints\2026-04-04_18-36-46-957654_ho_Classical_seed0\model.pth
INFO:src.utils.logger:Model weights saved to results\ho\Classical\20260404-183638_seed0_pinn_pesosvf_2-64-64-64-64-2\checkpoints\2026-04-04_18-36-46-957654_ho_Classical_seed0\model_weights.pth
INFO:src.utils.logger:It: 980, Loss: 1.184e-02, Loss_res: 1.177e-03,  Loss_bcs: 8.789e-05, Loss_ut_ics: 5.286e-05, Loss_norm: 6.844e-08, Loss_gauge: 0.000e+00, w_pde: 1.00e+00, L^2_error: 1.878e-02, lr: 1.000e-03, Time: 4.58e+01
INFO:src.utils.logger:Model state saved to results\ho\Classical\20260404-183638_seed0_pinn_pesosvf_2-64-64-64-64-2\checkpoints\2026-04-04_18-36-46-957654_ho_Classical_seed0\model.pth
INFO:src.utils.logger:Model weights saved to results\ho\Classical\20260404-183638_seed0_pinn_pesosvf_2-64-64-64-64-2\checkpoints\2026-04-04_18-36-46-957654_ho_Classical_seed0\model_weights.pth
INFO:src.utils.logger:It: 990, Loss: 1.494e-01, Loss_res: 5.676e-03,  Loss_bcs: 1.400e-03, Loss_ut_ics: 7.117e-04, Loss_norm: 4.034e-06, Loss_gauge: 0.000e+00, w_pde: 1.00e+00, L^2_error: 6.896e-02, lr: 1.000e-03, Time: 4.63e+01
INFO:src.utils.logger:Model state saved to results\ho\Classical\20260404-183638_seed0_pinn_pesosvf_2-64-64-64-64-2\checkpoints\2026-04-04_18-36-46-957654_ho_Classical_seed0\model.pth
INFO:src.utils.logger:Model weights saved to results\ho\Classical\20260404-183638_seed0_pinn_pesosvf_2-64-64-64-64-2\checkpoints\2026-04-04_18-36-46-957654_ho_Classical_seed0\model_weights.pth
INFO:src.utils.logger:It: 1000, Loss: 3.307e-02, Loss_res: 1.899e-03,  Loss_bcs: 2.627e-04, Loss_ut_ics: 1.545e-04, Loss_norm: 1.727e-06, Loss_gauge: 0.000e+00, w_pde: 1.00e+00, L^2_error: 1.743e-02, lr: 1.000e-03, Time: 4.68e+01
INFO:src.utils.logger:Model state saved to results\ho\Classical\20260404-183638_seed0_pinn_pesosvf_2-64-64-64-64-2\checkpoints\2026-04-04_18-36-46-957654_ho_Classical_seed0\model.pth
INFO:src.utils.logger:Model weights saved to results\ho\Classical\20260404-183638_seed0_pinn_pesosvf_2-64-64-64-64-2\checkpoints\2026-04-04_18-36-46-957654_ho_Classical_seed0\model_weights.pth
INFO:src.utils.logger:It: 1010, Loss: 2.678e-02, Loss_res: 1.717e-03,  Loss_bcs: 2.114e-04, Loss_ut_ics: 1.242e-04, Loss_norm: 5.840e-07, Loss_gauge: 0.000e+00, w_pde: 1.00e+00, L^2_error: 2.179e-02, lr: 1.000e-03, Time: 4.73e+01
INFO:src.utils.logger:Model state saved to results\ho\Classical\20260404-183638_seed0_pinn_pesosvf_2-64-64-64-64-2\checkpoints\2026-04-04_18-36-46-957654_ho_Classical_seed0\model.pth
INFO:src.utils.logger:Model weights saved to results\ho\Classical\20260404-183638_seed0_pinn_pesosvf_2-64-64-64-64-2\checkpoints\2026-04-04_18-36-46-957654_ho_Classical_seed0\model_weights.pth
INFO:src.utils.logger:It: 1020, Loss: 1.547e-02, Loss_res: 1.271e-03,  Loss_bcs: 1.041e-04, Loss_ut_ics: 7.050e-05, Loss_norm: 4.014e-08, Loss_gauge: 0.000e+00, w_pde: 1.00e+00, L^2_error: 1.938e-02, lr: 1.000e-03, Time: 4.78e+01
INFO:src.utils.logger:Model state saved to results\ho\Classical\20260404-183638_seed0_pinn_pesosvf_2-64-64-64-64-2\checkpoints\2026-04-04_18-36-46-957654_ho_Classical_seed0\model.pth
INFO:src.utils.logger:Model weights saved to results\ho\Classical\20260404-183638_seed0_pinn_pesosvf_2-64-64-64-64-2\checkpoints\2026-04-04_18-36-46-957654_ho_Classical_seed0\model_weights.pth
INFO:src.utils.logger:It: 1030, Loss: 1.057e-02, Loss_res: 1.166e-03,  Loss_bcs: 6.168e-05, Loss_ut_ics: 4.671e-05, Loss_norm: 8.677e-08, Loss_gauge: 0.000e+00, w_pde: 1.00e+00, L^2_error: 1.743e-02, lr: 1.000e-03, Time: 4.88e+01
INFO:src.utils.logger:Model state saved to results\ho\Classical\20260404-183638_seed0_pinn_pesosvf_2-64-64-64-64-2\checkpoints\2026-04-04_18-36-46-957654_ho_Classical_seed0\model.pth
INFO:src.utils.logger:Model weights saved to results\ho\Classical\20260404-183638_seed0_pinn_pesosvf_2-64-64-64-64-2\checkpoints\2026-04-04_18-36-46-957654_ho_Classical_seed0\model_weights.pth
INFO:src.utils.logger:It: 1040, Loss: 9.063e-03, Loss_res: 1.120e-03,  Loss_bcs: 4.815e-05, Loss_ut_ics: 3.947e-05, Loss_norm: 8.766e-08, Loss_gauge: 0.000e+00, w_pde: 1.00e+00, L^2_error: 1.650e-02, lr: 1.000e-03, Time: 5.01e+01
INFO:src.utils.logger:Model state saved to results\ho\Classical\20260404-183638_seed0_pinn_pesosvf_2-64-64-64-64-2\checkpoints\2026-04-04_18-36-46-957654_ho_Classical_seed0\model.pth
INFO:src.utils.logger:Model weights saved to results\ho\Classical\20260404-183638_seed0_pinn_pesosvf_2-64-64-64-64-2\checkpoints\2026-04-04_18-36-46-957654_ho_Classical_seed0\model_weights.pth
INFO:src.utils.logger:It: 1050, Loss: 8.566e-03, Loss_res: 1.045e-03,  Loss_bcs: 4.789e-05, Loss_ut_ics: 3.736e-05, Loss_norm: 2.751e-09, Loss_gauge: 0.000e+00, w_pde: 1.00e+00, L^2_error: 1.572e-02, lr: 1.000e-03, Time: 5.09e+01
INFO:src.utils.logger:Model state saved to results\ho\Classical\20260404-183638_seed0_pinn_pesosvf_2-64-64-64-64-2\checkpoints\2026-04-04_18-36-46-957654_ho_Classical_seed0\model.pth
INFO:src.utils.logger:Model weights saved to results\ho\Classical\20260404-183638_seed0_pinn_pesosvf_2-64-64-64-64-2\checkpoints\2026-04-04_18-36-46-957654_ho_Classical_seed0\model_weights.pth
INFO:src.utils.logger:It: 1060, Loss: 8.506e-03, Loss_res: 1.022e-03,  Loss_bcs: 4.806e-05, Loss_ut_ics: 3.718e-05, Loss_norm: 4.969e-08, Loss_gauge: 0.000e+00, w_pde: 1.00e+00, L^2_error: 1.545e-02, lr: 1.000e-03, Time: 5.13e+01
INFO:src.utils.logger:Model state saved to results\ho\Classical\20260404-183638_seed0_pinn_pesosvf_2-64-64-64-64-2\checkpoints\2026-04-04_18-36-46-957654_ho_Classical_seed0\model.pth
INFO:src.utils.logger:Model weights saved to results\ho\Classical\20260404-183638_seed0_pinn_pesosvf_2-64-64-64-64-2\checkpoints\2026-04-04_18-36-46-957654_ho_Classical_seed0\model_weights.pth
INFO:src.utils.logger:It: 1070, Loss: 8.244e-03, Loss_res: 9.525e-04,  Loss_bcs: 4.591e-05, Loss_ut_ics: 3.623e-05, Loss_norm: 8.117e-08, Loss_gauge: 0.000e+00, w_pde: 1.00e+00, L^2_error: 1.535e-02, lr: 1.000e-03, Time: 5.18e+01
INFO:src.utils.logger:Model state saved to results\ho\Classical\20260404-183638_seed0_pinn_pesosvf_2-64-64-64-64-2\checkpoints\2026-04-04_18-36-46-957654_ho_Classical_seed0\model.pth
INFO:src.utils.logger:Model weights saved to results\ho\Classical\20260404-183638_seed0_pinn_pesosvf_2-64-64-64-64-2\checkpoints\2026-04-04_18-36-46-957654_ho_Classical_seed0\model_weights.pth
INFO:src.utils.logger:It: 1080, Loss: 8.177e-03, Loss_res: 1.007e-03,  Loss_bcs: 4.515e-05, Loss_ut_ics: 3.562e-05, Loss_norm: 3.728e-08, Loss_gauge: 0.000e+00, w_pde: 1.00e+00, L^2_error: 1.527e-02, lr: 1.000e-03, Time: 5.24e+01
INFO:src.utils.logger:Model state saved to results\ho\Classical\20260404-183638_seed0_pinn_pesosvf_2-64-64-64-64-2\checkpoints\2026-04-04_18-36-46-957654_ho_Classical_seed0\model.pth
INFO:src.utils.logger:Model weights saved to results\ho\Classical\20260404-183638_seed0_pinn_pesosvf_2-64-64-64-64-2\checkpoints\2026-04-04_18-36-46-957654_ho_Classical_seed0\model_weights.pth
INFO:src.utils.logger:It: 1090, Loss: 8.004e-03, Loss_res: 9.439e-04,  Loss_bcs: 4.413e-05, Loss_ut_ics: 3.508e-05, Loss_norm: 4.503e-08, Loss_gauge: 0.000e+00, w_pde: 1.00e+00, L^2_error: 1.515e-02, lr: 1.000e-03, Time: 5.29e+01
INFO:src.utils.logger:Model state saved to results\ho\Classical\20260404-183638_seed0_pinn_pesosvf_2-64-64-64-64-2\checkpoints\2026-04-04_18-36-46-957654_ho_Classical_seed0\model.pth
INFO:src.utils.logger:Model weights saved to results\ho\Classical\20260404-183638_seed0_pinn_pesosvf_2-64-64-64-64-2\checkpoints\2026-04-04_18-36-46-957654_ho_Classical_seed0\model_weights.pth
INFO:src.utils.logger:It: 1100, Loss: 7.864e-03, Loss_res: 9.287e-04,  Loss_bcs: 4.190e-05, Loss_ut_ics: 3.446e-05, Loss_norm: 3.392e-08, Loss_gauge: 0.000e+00, w_pde: 1.00e+00, L^2_error: 1.509e-02, lr: 1.000e-03, Time: 5.35e+01
INFO:src.utils.logger:Model state saved to results\ho\Classical\20260404-183638_seed0_pinn_pesosvf_2-64-64-64-64-2\checkpoints\2026-04-04_18-36-46-957654_ho_Classical_seed0\model.pth
INFO:src.utils.logger:Model weights saved to results\ho\Classical\20260404-183638_seed0_pinn_pesosvf_2-64-64-64-64-2\checkpoints\2026-04-04_18-36-46-957654_ho_Classical_seed0\model_weights.pth
INFO:src.utils.logger:It: 1110, Loss: 7.782e-03, Loss_res: 9.626e-04,  Loss_bcs: 4.025e-05, Loss_ut_ics: 3.389e-05, Loss_norm: 8.436e-08, Loss_gauge: 0.000e+00, w_pde: 1.00e+00, L^2_error: 1.498e-02, lr: 1.000e-03, Time: 5.41e+01
INFO:src.utils.logger:Model state saved to results\ho\Classical\20260404-183638_seed0_pinn_pesosvf_2-64-64-64-64-2\checkpoints\2026-04-04_18-36-46-957654_ho_Classical_seed0\model.pth
INFO:src.utils.logger:Model weights saved to results\ho\Classical\20260404-183638_seed0_pinn_pesosvf_2-64-64-64-64-2\checkpoints\2026-04-04_18-36-46-957654_ho_Classical_seed0\model_weights.pth
INFO:src.utils.logger:It: 1120, Loss: 7.660e-03, Loss_res: 9.559e-04,  Loss_bcs: 3.980e-05, Loss_ut_ics: 3.332e-05, Loss_norm: 7.499e-08, Loss_gauge: 0.000e+00, w_pde: 1.00e+00, L^2_error: 1.481e-02, lr: 1.000e-03, Time: 5.45e+01
INFO:src.utils.logger:Model state saved to results\ho\Classical\20260404-183638_seed0_pinn_pesosvf_2-64-64-64-64-2\checkpoints\2026-04-04_18-36-46-957654_ho_Classical_seed0\model.pth
INFO:src.utils.logger:Model weights saved to results\ho\Classical\20260404-183638_seed0_pinn_pesosvf_2-64-64-64-64-2\checkpoints\2026-04-04_18-36-46-957654_ho_Classical_seed0\model_weights.pth
INFO:src.utils.logger:It: 1130, Loss: 7.516e-03, Loss_res: 9.208e-04,  Loss_bcs: 3.839e-05, Loss_ut_ics: 3.278e-05, Loss_norm: 6.518e-08, Loss_gauge: 0.000e+00, w_pde: 1.00e+00, L^2_error: 1.470e-02, lr: 1.000e-03, Time: 5.50e+01
INFO:src.utils.logger:Model state saved to results\ho\Classical\20260404-183638_seed0_pinn_pesosvf_2-64-64-64-64-2\checkpoints\2026-04-04_18-36-46-957654_ho_Classical_seed0\model.pth
INFO:src.utils.logger:Model weights saved to results\ho\Classical\20260404-183638_seed0_pinn_pesosvf_2-64-64-64-64-2\checkpoints\2026-04-04_18-36-46-957654_ho_Classical_seed0\model_weights.pth
INFO:src.utils.logger:It: 1140, Loss: 7.391e-03, Loss_res: 9.060e-04,  Loss_bcs: 3.775e-05, Loss_ut_ics: 3.223e-05, Loss_norm: 2.365e-08, Loss_gauge: 0.000e+00, w_pde: 1.00e+00, L^2_error: 1.460e-02, lr: 1.000e-03, Time: 5.54e+01
INFO:src.utils.logger:Model state saved to results\ho\Classical\20260404-183638_seed0_pinn_pesosvf_2-64-64-64-64-2\checkpoints\2026-04-04_18-36-46-957654_ho_Classical_seed0\model.pth
INFO:src.utils.logger:Model weights saved to results\ho\Classical\20260404-183638_seed0_pinn_pesosvf_2-64-64-64-64-2\checkpoints\2026-04-04_18-36-46-957654_ho_Classical_seed0\model_weights.pth
INFO:src.utils.logger:It: 1150, Loss: 7.249e-03, Loss_res: 8.643e-04,  Loss_bcs: 3.700e-05, Loss_ut_ics: 3.174e-05, Loss_norm: 1.702e-08, Loss_gauge: 0.000e+00, w_pde: 1.00e+00, L^2_error: 1.447e-02, lr: 1.000e-03, Time: 5.58e+01
INFO:src.utils.logger:Model state saved to results\ho\Classical\20260404-183638_seed0_pinn_pesosvf_2-64-64-64-64-2\checkpoints\2026-04-04_18-36-46-957654_ho_Classical_seed0\model.pth
INFO:src.utils.logger:Model weights saved to results\ho\Classical\20260404-183638_seed0_pinn_pesosvf_2-64-64-64-64-2\checkpoints\2026-04-04_18-36-46-957654_ho_Classical_seed0\model_weights.pth
INFO:src.utils.logger:It: 1160, Loss: 7.708e-03, Loss_res: 8.931e-04,  Loss_bcs: 4.337e-05, Loss_ut_ics: 3.386e-05, Loss_norm: 2.105e-08, Loss_gauge: 0.000e+00, w_pde: 1.00e+00, L^2_error: 1.488e-02, lr: 1.000e-03, Time: 5.63e+01
INFO:src.utils.logger:Model state saved to results\ho\Classical\20260404-183638_seed0_pinn_pesosvf_2-64-64-64-64-2\checkpoints\2026-04-04_18-36-46-957654_ho_Classical_seed0\model.pth
INFO:src.utils.logger:Model weights saved to results\ho\Classical\20260404-183638_seed0_pinn_pesosvf_2-64-64-64-64-2\checkpoints\2026-04-04_18-36-46-957654_ho_Classical_seed0\model_weights.pth
INFO:src.utils.logger:It: 1170, Loss: 2.319e-02, Loss_res: 1.343e-03,  Loss_bcs: 2.062e-04, Loss_ut_ics: 1.082e-04, Loss_norm: 3.023e-09, Loss_gauge: 0.000e+00, w_pde: 1.00e+00, L^2_error: 2.909e-02, lr: 1.000e-03, Time: 5.67e+01
INFO:src.utils.logger:Model state saved to results\ho\Classical\20260404-183638_seed0_pinn_pesosvf_2-64-64-64-64-2\checkpoints\2026-04-04_18-36-46-957654_ho_Classical_seed0\model.pth
INFO:src.utils.logger:Model weights saved to results\ho\Classical\20260404-183638_seed0_pinn_pesosvf_2-64-64-64-64-2\checkpoints\2026-04-04_18-36-46-957654_ho_Classical_seed0\model_weights.pth
INFO:src.utils.logger:It: 1180, Loss: 5.321e-02, Loss_res: 2.149e-03,  Loss_bcs: 4.885e-04, Loss_ut_ics: 2.528e-04, Loss_norm: 1.560e-06, Loss_gauge: 0.000e+00, w_pde: 1.00e+00, L^2_error: 2.065e-02, lr: 1.000e-03, Time: 5.72e+01
INFO:src.utils.logger:Model state saved to results\ho\Classical\20260404-183638_seed0_pinn_pesosvf_2-64-64-64-64-2\checkpoints\2026-04-04_18-36-46-957654_ho_Classical_seed0\model.pth
INFO:src.utils.logger:Model weights saved to results\ho\Classical\20260404-183638_seed0_pinn_pesosvf_2-64-64-64-64-2\checkpoints\2026-04-04_18-36-46-957654_ho_Classical_seed0\model_weights.pth
INFO:src.utils.logger:It: 1190, Loss: 2.494e-02, Loss_res: 1.291e-03,  Loss_bcs: 2.218e-04, Loss_ut_ics: 1.171e-04, Loss_norm: 1.534e-07, Loss_gauge: 0.000e+00, w_pde: 1.00e+00, L^2_error: 2.978e-02, lr: 1.000e-03, Time: 5.76e+01
INFO:src.utils.logger:Model state saved to results\ho\Classical\20260404-183638_seed0_pinn_pesosvf_2-64-64-64-64-2\checkpoints\2026-04-04_18-36-46-957654_ho_Classical_seed0\model.pth
INFO:src.utils.logger:Model weights saved to results\ho\Classical\20260404-183638_seed0_pinn_pesosvf_2-64-64-64-64-2\checkpoints\2026-04-04_18-36-46-957654_ho_Classical_seed0\model_weights.pth
INFO:src.utils.logger:It: 1200, Loss: 6.681e-03, Loss_res: 7.915e-04,  Loss_bcs: 3.490e-05, Loss_ut_ics: 2.927e-05, Loss_norm: 1.301e-08, Loss_gauge: 0.000e+00, w_pde: 1.00e+00, L^2_error: 1.556e-02, lr: 1.000e-03, Time: 5.81e+01
INFO:src.utils.logger:Model state saved to results\ho\Classical\20260404-183638_seed0_pinn_pesosvf_2-64-64-64-64-2\checkpoints\2026-04-04_18-36-46-957654_ho_Classical_seed0\model.pth
INFO:src.utils.logger:Model weights saved to results\ho\Classical\20260404-183638_seed0_pinn_pesosvf_2-64-64-64-64-2\checkpoints\2026-04-04_18-36-46-957654_ho_Classical_seed0\model_weights.pth
INFO:src.utils.logger:It: 1210, Loss: 9.184e-03, Loss_res: 9.507e-04,  Loss_bcs: 4.424e-05, Loss_ut_ics: 4.094e-05, Loss_norm: 1.701e-08, Loss_gauge: 0.000e+00, w_pde: 1.00e+00, L^2_error: 1.457e-02, lr: 1.000e-03, Time: 5.86e+01
INFO:src.utils.logger:Model state saved to results\ho\Classical\20260404-183638_seed0_pinn_pesosvf_2-64-64-64-64-2\checkpoints\2026-04-04_18-36-46-957654_ho_Classical_seed0\model.pth
INFO:src.utils.logger:Model weights saved to results\ho\Classical\20260404-183638_seed0_pinn_pesosvf_2-64-64-64-64-2\checkpoints\2026-04-04_18-36-46-957654_ho_Classical_seed0\model_weights.pth
INFO:src.utils.logger:It: 1220, Loss: 7.594e-03, Loss_res: 8.673e-04,  Loss_bcs: 3.147e-05, Loss_ut_ics: 3.347e-05, Loss_norm: 4.435e-08, Loss_gauge: 0.000e+00, w_pde: 1.00e+00, L^2_error: 1.519e-02, lr: 1.000e-03, Time: 5.91e+01
INFO:src.utils.logger:Model state saved to results\ho\Classical\20260404-183638_seed0_pinn_pesosvf_2-64-64-64-64-2\checkpoints\2026-04-04_18-36-46-957654_ho_Classical_seed0\model.pth
INFO:src.utils.logger:Model weights saved to results\ho\Classical\20260404-183638_seed0_pinn_pesosvf_2-64-64-64-64-2\checkpoints\2026-04-04_18-36-46-957654_ho_Classical_seed0\model_weights.pth
INFO:src.utils.logger:It: 1230, Loss: 6.364e-03, Loss_res: 8.590e-04,  Loss_bcs: 2.575e-05, Loss_ut_ics: 2.740e-05, Loss_norm: 9.154e-08, Loss_gauge: 0.000e+00, w_pde: 1.00e+00, L^2_error: 1.384e-02, lr: 1.000e-03, Time: 5.97e+01
INFO:src.utils.logger:Model state saved to results\ho\Classical\20260404-183638_seed0_pinn_pesosvf_2-64-64-64-64-2\checkpoints\2026-04-04_18-36-46-957654_ho_Classical_seed0\model.pth
INFO:src.utils.logger:Model weights saved to results\ho\Classical\20260404-183638_seed0_pinn_pesosvf_2-64-64-64-64-2\checkpoints\2026-04-04_18-36-46-957654_ho_Classical_seed0\model_weights.pth
INFO:src.utils.logger:It: 1240, Loss: 6.407e-03, Loss_res: 8.036e-04,  Loss_bcs: 2.875e-05, Loss_ut_ics: 2.787e-05, Loss_norm: 1.034e-08, Loss_gauge: 0.000e+00, w_pde: 1.00e+00, L^2_error: 1.347e-02, lr: 1.000e-03, Time: 6.01e+01
INFO:src.utils.logger:Model state saved to results\ho\Classical\20260404-183638_seed0_pinn_pesosvf_2-64-64-64-64-2\checkpoints\2026-04-04_18-36-46-957654_ho_Classical_seed0\model.pth
INFO:src.utils.logger:Model weights saved to results\ho\Classical\20260404-183638_seed0_pinn_pesosvf_2-64-64-64-64-2\checkpoints\2026-04-04_18-36-46-957654_ho_Classical_seed0\model_weights.pth
INFO:src.utils.logger:It: 1250, Loss: 6.092e-03, Loss_res: 7.986e-04,  Loss_bcs: 2.480e-05, Loss_ut_ics: 2.634e-05, Loss_norm: 4.706e-08, Loss_gauge: 0.000e+00, w_pde: 1.00e+00, L^2_error: 1.333e-02, lr: 1.000e-03, Time: 6.05e+01
INFO:src.utils.logger:Model state saved to results\ho\Classical\20260404-183638_seed0_pinn_pesosvf_2-64-64-64-64-2\checkpoints\2026-04-04_18-36-46-957654_ho_Classical_seed0\model.pth
INFO:src.utils.logger:Model weights saved to results\ho\Classical\20260404-183638_seed0_pinn_pesosvf_2-64-64-64-64-2\checkpoints\2026-04-04_18-36-46-957654_ho_Classical_seed0\model_weights.pth
INFO:src.utils.logger:It: 1260, Loss: 5.959e-03, Loss_res: 7.644e-04,  Loss_bcs: 2.319e-05, Loss_ut_ics: 2.585e-05, Loss_norm: 2.203e-08, Loss_gauge: 0.000e+00, w_pde: 1.00e+00, L^2_error: 1.335e-02, lr: 1.000e-03, Time: 6.10e+01
INFO:src.utils.logger:Model state saved to results\ho\Classical\20260404-183638_seed0_pinn_pesosvf_2-64-64-64-64-2\checkpoints\2026-04-04_18-36-46-957654_ho_Classical_seed0\model.pth
INFO:src.utils.logger:Model weights saved to results\ho\Classical\20260404-183638_seed0_pinn_pesosvf_2-64-64-64-64-2\checkpoints\2026-04-04_18-36-46-957654_ho_Classical_seed0\model_weights.pth
INFO:src.utils.logger:It: 1270, Loss: 5.840e-03, Loss_res: 7.343e-04,  Loss_bcs: 2.451e-05, Loss_ut_ics: 2.540e-05, Loss_norm: 3.183e-08, Loss_gauge: 0.000e+00, w_pde: 1.00e+00, L^2_error: 1.314e-02, lr: 1.000e-03, Time: 6.14e+01
INFO:src.utils.logger:Model state saved to results\ho\Classical\20260404-183638_seed0_pinn_pesosvf_2-64-64-64-64-2\checkpoints\2026-04-04_18-36-46-957654_ho_Classical_seed0\model.pth
INFO:src.utils.logger:Model weights saved to results\ho\Classical\20260404-183638_seed0_pinn_pesosvf_2-64-64-64-64-2\checkpoints\2026-04-04_18-36-46-957654_ho_Classical_seed0\model_weights.pth
INFO:src.utils.logger:It: 1280, Loss: 5.793e-03, Loss_res: 8.041e-04,  Loss_bcs: 2.122e-05, Loss_ut_ics: 2.484e-05, Loss_norm: 2.540e-08, Loss_gauge: 0.000e+00, w_pde: 1.00e+00, L^2_error: 1.310e-02, lr: 1.000e-03, Time: 6.19e+01
INFO:src.utils.logger:Model state saved to results\ho\Classical\20260404-183638_seed0_pinn_pesosvf_2-64-64-64-64-2\checkpoints\2026-04-04_18-36-46-957654_ho_Classical_seed0\model.pth
INFO:src.utils.logger:Model weights saved to results\ho\Classical\20260404-183638_seed0_pinn_pesosvf_2-64-64-64-64-2\checkpoints\2026-04-04_18-36-46-957654_ho_Classical_seed0\model_weights.pth
INFO:src.utils.logger:It: 1290, Loss: 5.587e-03, Loss_res: 7.149e-04,  Loss_bcs: 2.096e-05, Loss_ut_ics: 2.425e-05, Loss_norm: 3.084e-08, Loss_gauge: 0.000e+00, w_pde: 1.00e+00, L^2_error: 1.291e-02, lr: 1.000e-03, Time: 6.23e+01
INFO:src.utils.logger:Model state saved to results\ho\Classical\20260404-183638_seed0_pinn_pesosvf_2-64-64-64-64-2\checkpoints\2026-04-04_18-36-46-957654_ho_Classical_seed0\model.pth
INFO:src.utils.logger:Model weights saved to results\ho\Classical\20260404-183638_seed0_pinn_pesosvf_2-64-64-64-64-2\checkpoints\2026-04-04_18-36-46-957654_ho_Classical_seed0\model_weights.pth
INFO:src.utils.logger:It: 1300, Loss: 5.557e-03, Loss_res: 7.766e-04,  Loss_bcs: 2.080e-05, Loss_ut_ics: 2.380e-05, Loss_norm: 3.088e-08, Loss_gauge: 0.000e+00, w_pde: 1.00e+00, L^2_error: 1.280e-02, lr: 1.000e-03, Time: 6.27e+01
INFO:src.utils.logger:Model state saved to results\ho\Classical\20260404-183638_seed0_pinn_pesosvf_2-64-64-64-64-2\checkpoints\2026-04-04_18-36-46-957654_ho_Classical_seed0\model.pth
INFO:src.utils.logger:Model weights saved to results\ho\Classical\20260404-183638_seed0_pinn_pesosvf_2-64-64-64-64-2\checkpoints\2026-04-04_18-36-46-957654_ho_Classical_seed0\model_weights.pth
INFO:src.utils.logger:It: 1310, Loss: 5.424e-03, Loss_res: 6.875e-04,  Loss_bcs: 2.272e-05, Loss_ut_ics: 2.357e-05, Loss_norm: 2.360e-08, Loss_gauge: 0.000e+00, w_pde: 1.00e+00, L^2_error: 1.266e-02, lr: 1.000e-03, Time: 6.31e+01
INFO:src.utils.logger:Model state saved to results\ho\Classical\20260404-183638_seed0_pinn_pesosvf_2-64-64-64-64-2\checkpoints\2026-04-04_18-36-46-957654_ho_Classical_seed0\model.pth
INFO:src.utils.logger:Model weights saved to results\ho\Classical\20260404-183638_seed0_pinn_pesosvf_2-64-64-64-64-2\checkpoints\2026-04-04_18-36-46-957654_ho_Classical_seed0\model_weights.pth
INFO:src.utils.logger:It: 1320, Loss: 5.287e-03, Loss_res: 6.583e-04,  Loss_bcs: 2.145e-05, Loss_ut_ics: 2.304e-05, Loss_norm: 3.476e-08, Loss_gauge: 0.000e+00, w_pde: 1.00e+00, L^2_error: 1.256e-02, lr: 1.000e-03, Time: 6.36e+01
INFO:src.utils.logger:Model state saved to results\ho\Classical\20260404-183638_seed0_pinn_pesosvf_2-64-64-64-64-2\checkpoints\2026-04-04_18-36-46-957654_ho_Classical_seed0\model.pth
INFO:src.utils.logger:Model weights saved to results\ho\Classical\20260404-183638_seed0_pinn_pesosvf_2-64-64-64-64-2\checkpoints\2026-04-04_18-36-46-957654_ho_Classical_seed0\model_weights.pth
INFO:src.utils.logger:It: 1330, Loss: 5.642e-03, Loss_res: 6.744e-04,  Loss_bcs: 2.622e-05, Loss_ut_ics: 2.471e-05, Loss_norm: 1.613e-08, Loss_gauge: 0.000e+00, w_pde: 1.00e+00, L^2_error: 1.294e-02, lr: 1.000e-03, Time: 6.40e+01
INFO:src.utils.logger:Model state saved to results\ho\Classical\20260404-183638_seed0_pinn_pesosvf_2-64-64-64-64-2\checkpoints\2026-04-04_18-36-46-957654_ho_Classical_seed0\model.pth
INFO:src.utils.logger:Model weights saved to results\ho\Classical\20260404-183638_seed0_pinn_pesosvf_2-64-64-64-64-2\checkpoints\2026-04-04_18-36-46-957654_ho_Classical_seed0\model_weights.pth
INFO:src.utils.logger:It: 1340, Loss: 1.809e-02, Loss_res: 1.052e-03,  Loss_bcs: 1.630e-04, Loss_ut_ics: 8.439e-05, Loss_norm: 6.553e-08, Loss_gauge: 0.000e+00, w_pde: 1.00e+00, L^2_error: 2.544e-02, lr: 1.000e-03, Time: 6.45e+01
INFO:src.utils.logger:Model state saved to results\ho\Classical\20260404-183638_seed0_pinn_pesosvf_2-64-64-64-64-2\checkpoints\2026-04-04_18-36-46-957654_ho_Classical_seed0\model.pth
INFO:src.utils.logger:Model weights saved to results\ho\Classical\20260404-183638_seed0_pinn_pesosvf_2-64-64-64-64-2\checkpoints\2026-04-04_18-36-46-957654_ho_Classical_seed0\model_weights.pth
INFO:src.utils.logger:It: 1350, Loss: 8.710e-02, Loss_res: 2.960e-03,  Loss_bcs: 8.235e-04, Loss_ut_ics: 4.165e-04, Loss_norm: 5.687e-07, Loss_gauge: 0.000e+00, w_pde: 1.00e+00, L^2_error: 3.612e-02, lr: 1.000e-03, Time: 6.50e+01
INFO:src.utils.logger:Model state saved to results\ho\Classical\20260404-183638_seed0_pinn_pesosvf_2-64-64-64-64-2\checkpoints\2026-04-04_18-36-46-957654_ho_Classical_seed0\model.pth
INFO:src.utils.logger:Model weights saved to results\ho\Classical\20260404-183638_seed0_pinn_pesosvf_2-64-64-64-64-2\checkpoints\2026-04-04_18-36-46-957654_ho_Classical_seed0\model_weights.pth
INFO:src.utils.logger:It: 1360, Loss: 4.885e-03, Loss_res: 6.051e-04,  Loss_bcs: 2.120e-05, Loss_ut_ics: 2.129e-05, Loss_norm: 1.192e-08, Loss_gauge: 0.000e+00, w_pde: 1.00e+00, L^2_error: 1.646e-02, lr: 1.000e-03, Time: 6.55e+01
INFO:src.utils.logger:Model state saved to results\ho\Classical\20260404-183638_seed0_pinn_pesosvf_2-64-64-64-64-2\checkpoints\2026-04-04_18-36-46-957654_ho_Classical_seed0\model.pth
INFO:src.utils.logger:Model weights saved to results\ho\Classical\20260404-183638_seed0_pinn_pesosvf_2-64-64-64-64-2\checkpoints\2026-04-04_18-36-46-957654_ho_Classical_seed0\model_weights.pth
INFO:src.utils.logger:It: 1370, Loss: 1.353e-02, Loss_res: 1.041e-03,  Loss_bcs: 7.899e-05, Loss_ut_ics: 6.205e-05, Loss_norm: 7.549e-08, Loss_gauge: 0.000e+00, w_pde: 1.00e+00, L^2_error: 1.729e-02, lr: 1.000e-03, Time: 6.59e+01
INFO:src.utils.logger:Model state saved to results\ho\Classical\20260404-183638_seed0_pinn_pesosvf_2-64-64-64-64-2\checkpoints\2026-04-04_18-36-46-957654_ho_Classical_seed0\model.pth
INFO:src.utils.logger:Model weights saved to results\ho\Classical\20260404-183638_seed0_pinn_pesosvf_2-64-64-64-64-2\checkpoints\2026-04-04_18-36-46-957654_ho_Classical_seed0\model_weights.pth
INFO:src.utils.logger:It: 1380, Loss: 5.376e-03, Loss_res: 6.906e-04,  Loss_bcs: 1.731e-05, Loss_ut_ics: 2.334e-05, Loss_norm: 1.540e-08, Loss_gauge: 0.000e+00, w_pde: 1.00e+00, L^2_error: 1.445e-02, lr: 1.000e-03, Time: 6.64e+01
INFO:src.utils.logger:Model state saved to results\ho\Classical\20260404-183638_seed0_pinn_pesosvf_2-64-64-64-64-2\checkpoints\2026-04-04_18-36-46-957654_ho_Classical_seed0\model.pth
INFO:src.utils.logger:Model weights saved to results\ho\Classical\20260404-183638_seed0_pinn_pesosvf_2-64-64-64-64-2\checkpoints\2026-04-04_18-36-46-957654_ho_Classical_seed0\model_weights.pth
INFO:src.utils.logger:It: 1390, Loss: 5.401e-03, Loss_res: 5.921e-04,  Loss_bcs: 3.096e-05, Loss_ut_ics: 2.389e-05, Loss_norm: 2.548e-08, Loss_gauge: 0.000e+00, w_pde: 1.00e+00, L^2_error: 1.188e-02, lr: 1.000e-03, Time: 6.68e+01
INFO:src.utils.logger:Model state saved to results\ho\Classical\20260404-183638_seed0_pinn_pesosvf_2-64-64-64-64-2\checkpoints\2026-04-04_18-36-46-957654_ho_Classical_seed0\model.pth
INFO:src.utils.logger:Model weights saved to results\ho\Classical\20260404-183638_seed0_pinn_pesosvf_2-64-64-64-64-2\checkpoints\2026-04-04_18-36-46-957654_ho_Classical_seed0\model_weights.pth
INFO:src.utils.logger:It: 1400, Loss: 4.516e-03, Loss_res: 5.579e-04,  Loss_bcs: 1.795e-05, Loss_ut_ics: 1.970e-05, Loss_norm: 1.465e-09, Loss_gauge: 0.000e+00, w_pde: 1.00e+00, L^2_error: 1.176e-02, lr: 1.000e-03, Time: 6.73e+01
INFO:src.utils.logger:Model state saved to results\ho\Classical\20260404-183638_seed0_pinn_pesosvf_2-64-64-64-64-2\checkpoints\2026-04-04_18-36-46-957654_ho_Classical_seed0\model.pth
INFO:src.utils.logger:Model weights saved to results\ho\Classical\20260404-183638_seed0_pinn_pesosvf_2-64-64-64-64-2\checkpoints\2026-04-04_18-36-46-957654_ho_Classical_seed0\model_weights.pth
INFO:src.utils.logger:It: 1410, Loss: 4.499e-03, Loss_res: 5.957e-04,  Loss_bcs: 1.284e-05, Loss_ut_ics: 1.945e-05, Loss_norm: 1.210e-08, Loss_gauge: 0.000e+00, w_pde: 1.00e+00, L^2_error: 1.187e-02, lr: 1.000e-03, Time: 6.77e+01
INFO:src.utils.logger:Model state saved to results\ho\Classical\20260404-183638_seed0_pinn_pesosvf_2-64-64-64-64-2\checkpoints\2026-04-04_18-36-46-957654_ho_Classical_seed0\model.pth
INFO:src.utils.logger:Model weights saved to results\ho\Classical\20260404-183638_seed0_pinn_pesosvf_2-64-64-64-64-2\checkpoints\2026-04-04_18-36-46-957654_ho_Classical_seed0\model_weights.pth
INFO:src.utils.logger:It: 1420, Loss: 4.271e-03, Loss_res: 5.917e-04,  Loss_bcs: 1.395e-05, Loss_ut_ics: 1.833e-05, Loss_norm: 3.970e-09, Loss_gauge: 0.000e+00, w_pde: 1.00e+00, L^2_error: 1.143e-02, lr: 1.000e-03, Time: 6.81e+01
INFO:src.utils.logger:Model state saved to results\ho\Classical\20260404-183638_seed0_pinn_pesosvf_2-64-64-64-64-2\checkpoints\2026-04-04_18-36-46-957654_ho_Classical_seed0\model.pth
INFO:src.utils.logger:Model weights saved to results\ho\Classical\20260404-183638_seed0_pinn_pesosvf_2-64-64-64-64-2\checkpoints\2026-04-04_18-36-46-957654_ho_Classical_seed0\model_weights.pth
INFO:src.utils.logger:It: 1430, Loss: 4.122e-03, Loss_res: 5.568e-04,  Loss_bcs: 1.243e-05, Loss_ut_ics: 1.776e-05, Loss_norm: 1.010e-08, Loss_gauge: 0.000e+00, w_pde: 1.00e+00, L^2_error: 1.133e-02, lr: 1.000e-03, Time: 6.86e+01
INFO:src.utils.logger:Model state saved to results\ho\Classical\20260404-183638_seed0_pinn_pesosvf_2-64-64-64-64-2\checkpoints\2026-04-04_18-36-46-957654_ho_Classical_seed0\model.pth
INFO:src.utils.logger:Model weights saved to results\ho\Classical\20260404-183638_seed0_pinn_pesosvf_2-64-64-64-64-2\checkpoints\2026-04-04_18-36-46-957654_ho_Classical_seed0\model_weights.pth
INFO:src.utils.logger:It: 1440, Loss: 4.037e-03, Loss_res: 5.580e-04,  Loss_bcs: 1.101e-05, Loss_ut_ics: 1.734e-05, Loss_norm: 2.841e-08, Loss_gauge: 0.000e+00, w_pde: 1.00e+00, L^2_error: 1.127e-02, lr: 1.000e-03, Time: 6.90e+01
INFO:src.utils.logger:Model state saved to results\ho\Classical\20260404-183638_seed0_pinn_pesosvf_2-64-64-64-64-2\checkpoints\2026-04-04_18-36-46-957654_ho_Classical_seed0\model.pth
INFO:src.utils.logger:Model weights saved to results\ho\Classical\20260404-183638_seed0_pinn_pesosvf_2-64-64-64-64-2\checkpoints\2026-04-04_18-36-46-957654_ho_Classical_seed0\model_weights.pth
INFO:src.utils.logger:It: 1450, Loss: 3.916e-03, Loss_res: 5.261e-04,  Loss_bcs: 1.235e-05, Loss_ut_ics: 1.689e-05, Loss_norm: 4.420e-09, Loss_gauge: 0.000e+00, w_pde: 1.00e+00, L^2_error: 1.113e-02, lr: 1.000e-03, Time: 6.95e+01
INFO:src.utils.logger:Model state saved to results\ho\Classical\20260404-183638_seed0_pinn_pesosvf_2-64-64-64-64-2\checkpoints\2026-04-04_18-36-46-957654_ho_Classical_seed0\model.pth
INFO:src.utils.logger:Model weights saved to results\ho\Classical\20260404-183638_seed0_pinn_pesosvf_2-64-64-64-64-2\checkpoints\2026-04-04_18-36-46-957654_ho_Classical_seed0\model_weights.pth
INFO:src.utils.logger:It: 1460, Loss: 3.841e-03, Loss_res: 5.308e-04,  Loss_bcs: 1.128e-05, Loss_ut_ics: 1.649e-05, Loss_norm: 1.762e-08, Loss_gauge: 0.000e+00, w_pde: 1.00e+00, L^2_error: 1.101e-02, lr: 1.000e-03, Time: 6.99e+01
INFO:src.utils.logger:Model state saved to results\ho\Classical\20260404-183638_seed0_pinn_pesosvf_2-64-64-64-64-2\checkpoints\2026-04-04_18-36-46-957654_ho_Classical_seed0\model.pth
INFO:src.utils.logger:Model weights saved to results\ho\Classical\20260404-183638_seed0_pinn_pesosvf_2-64-64-64-64-2\checkpoints\2026-04-04_18-36-46-957654_ho_Classical_seed0\model_weights.pth
INFO:src.utils.logger:It: 1470, Loss: 3.764e-03, Loss_res: 5.424e-04,  Loss_bcs: 1.127e-05, Loss_ut_ics: 1.605e-05, Loss_norm: 1.465e-08, Loss_gauge: 0.000e+00, w_pde: 1.00e+00, L^2_error: 1.093e-02, lr: 1.000e-03, Time: 7.03e+01
INFO:src.utils.logger:Model state saved to results\ho\Classical\20260404-183638_seed0_pinn_pesosvf_2-64-64-64-64-2\checkpoints\2026-04-04_18-36-46-957654_ho_Classical_seed0\model.pth
INFO:src.utils.logger:Model weights saved to results\ho\Classical\20260404-183638_seed0_pinn_pesosvf_2-64-64-64-64-2\checkpoints\2026-04-04_18-36-46-957654_ho_Classical_seed0\model_weights.pth
INFO:src.utils.logger:It: 1480, Loss: 3.696e-03, Loss_res: 5.498e-04,  Loss_bcs: 1.056e-05, Loss_ut_ics: 1.568e-05, Loss_norm: 2.312e-08, Loss_gauge: 0.000e+00, w_pde: 1.00e+00, L^2_error: 1.087e-02, lr: 1.000e-03, Time: 7.08e+01
INFO:src.utils.logger:Model state saved to results\ho\Classical\20260404-183638_seed0_pinn_pesosvf_2-64-64-64-64-2\checkpoints\2026-04-04_18-36-46-957654_ho_Classical_seed0\model.pth
INFO:src.utils.logger:Model weights saved to results\ho\Classical\20260404-183638_seed0_pinn_pesosvf_2-64-64-64-64-2\checkpoints\2026-04-04_18-36-46-957654_ho_Classical_seed0\model_weights.pth
INFO:src.utils.logger:It: 1490, Loss: 3.882e-03, Loss_res: 6.092e-04,  Loss_bcs: 9.753e-06, Loss_ut_ics: 1.631e-05, Loss_norm: 2.617e-08, Loss_gauge: 0.000e+00, w_pde: 1.00e+00, L^2_error: 1.136e-02, lr: 1.000e-03, Time: 7.12e+01
INFO:src.utils.logger:Model state saved to results\ho\Classical\20260404-183638_seed0_pinn_pesosvf_2-64-64-64-64-2\checkpoints\2026-04-04_18-36-46-957654_ho_Classical_seed0\model.pth
INFO:src.utils.logger:Model weights saved to results\ho\Classical\20260404-183638_seed0_pinn_pesosvf_2-64-64-64-64-2\checkpoints\2026-04-04_18-36-46-957654_ho_Classical_seed0\model_weights.pth
INFO:src.utils.logger:It: 1500, Loss: 1.107e-02, Loss_res: 8.673e-04,  Loss_bcs: 5.751e-05, Loss_ut_ics: 5.073e-05, Loss_norm: 1.709e-08, Loss_gauge: 0.000e+00, w_pde: 1.00e+00, L^2_error: 2.164e-02, lr: 1.000e-03, Time: 7.16e+01
INFO:src.utils.logger:Model state saved to results\ho\Classical\20260404-183638_seed0_pinn_pesosvf_2-64-64-64-64-2\checkpoints\2026-04-04_18-36-46-957654_ho_Classical_seed0\model.pth
INFO:src.utils.logger:Model weights saved to results\ho\Classical\20260404-183638_seed0_pinn_pesosvf_2-64-64-64-64-2\checkpoints\2026-04-04_18-36-46-957654_ho_Classical_seed0\model_weights.pth
