checkpoint path: self.log_path='./results/models/checkpoints/smoke_schrodinger\\2025-12-15_11-54-04-448660_box_Classical'
It: 1, Loss: 2.823e+02, Loss_res: 2.726e-02,  Loss_bcs: 0.000e+00, Loss_ut_ics: 9.378e-01, Loss_norm: 9.981e-01, w_pde: 2.50e-03, L^2_error: 9.797e-01, lr: 1.000e-03, Time: 1.10e-01
Model state saved to ./results/models/checkpoints/smoke_schrodinger\2025-12-15_11-54-04-448660_box_Classical\model.pth
Model state saved to ./results/models/checkpoints/smoke_schrodinger\2025-12-15_11-54-04-448660_box_Classical\model_weights.pth
It: 100, Loss: 7.114e+00, Loss_res: 2.618e+01,  Loss_bcs: 0.000e+00, Loss_ut_ics: 1.882e-03, Loss_norm: 2.936e-03, w_pde: 2.50e-01, L^2_error: 9.325e-01, lr: 1.000e-03, Time: 1.40e+01
Model state saved to ./results/models/checkpoints/smoke_schrodinger\2025-12-15_11-54-04-448660_box_Classical\model.pth
Model state saved to ./results/models/checkpoints/smoke_schrodinger\2025-12-15_11-54-04-448660_box_Classical\model_weights.pth
It: 200, Loss: 1.354e+01, Loss_res: 2.529e+01,  Loss_bcs: 0.000e+00, Loss_ut_ics: 2.956e-03, Loss_norm: 7.047e-03, w_pde: 5.00e-01, L^2_error: 9.219e-01, lr: 1.000e-03, Time: 2.40e+01
Model state saved to ./results/models/checkpoints/smoke_schrodinger\2025-12-15_11-54-04-448660_box_Classical\model.pth
Model state saved to ./results/models/checkpoints/smoke_schrodinger\2025-12-15_11-54-04-448660_box_Classical\model_weights.pth
It: 300, Loss: 1.633e+01, Loss_res: 1.967e+01,  Loss_bcs: 0.000e+00, Loss_ut_ics: 5.212e-03, Loss_norm: 1.471e-02, w_pde: 7.50e-01, L^2_error: 8.005e-01, lr: 1.000e-03, Time: 3.29e+01
Model state saved to ./results/models/checkpoints/smoke_schrodinger\2025-12-15_11-54-04-448660_box_Classical\model.pth
Model state saved to ./results/models/checkpoints/smoke_schrodinger\2025-12-15_11-54-04-448660_box_Classical\model_weights.pth
It: 400, Loss: 4.529e+00, Loss_res: 4.032e+00,  Loss_bcs: 0.000e+00, Loss_ut_ics: 1.655e-03, Loss_norm: 1.077e-03, w_pde: 1.00e+00, L^2_error: 1.391e-01, lr: 1.000e-03, Time: 4.19e+01
Model state saved to ./results/models/checkpoints/smoke_schrodinger\2025-12-15_11-54-04-448660_box_Classical\model.pth
Model state saved to ./results/models/checkpoints/smoke_schrodinger\2025-12-15_11-54-04-448660_box_Classical\model_weights.pth
It: 500, Loss: 4.261e+00, Loss_res: 3.796e+00,  Loss_bcs: 0.000e+00, Loss_ut_ics: 1.550e-03, Loss_norm: 8.300e-04, w_pde: 1.00e+00, L^2_error: 1.096e-01, lr: 1.000e-03, Time: 5.17e+01
Model state saved to ./results/models/checkpoints/smoke_schrodinger\2025-12-15_11-54-04-448660_box_Classical\model.pth
Model state saved to ./results/models/checkpoints/smoke_schrodinger\2025-12-15_11-54-04-448660_box_Classical\model_weights.pth
It: 600, Loss: 3.523e+00, Loss_res: 3.090e+00,  Loss_bcs: 0.000e+00, Loss_ut_ics: 1.441e-03, Loss_norm: 7.624e-04, w_pde: 1.00e+00, L^2_error: 9.780e-02, lr: 1.000e-03, Time: 6.12e+01
Model state saved to ./results/models/checkpoints/smoke_schrodinger\2025-12-15_11-54-04-448660_box_Classical\model.pth
Model state saved to ./results/models/checkpoints/smoke_schrodinger\2025-12-15_11-54-04-448660_box_Classical\model_weights.pth
It: 700, Loss: 1.548e+00, Loss_res: 1.373e+00,  Loss_bcs: 0.000e+00, Loss_ut_ics: 5.811e-04, Loss_norm: 2.788e-04, w_pde: 1.00e+00, L^2_error: 7.583e-02, lr: 1.000e-03, Time: 7.14e+01
Model state saved to ./results/models/checkpoints/smoke_schrodinger\2025-12-15_11-54-04-448660_box_Classical\model.pth
Model state saved to ./results/models/checkpoints/smoke_schrodinger\2025-12-15_11-54-04-448660_box_Classical\model_weights.pth
It: 800, Loss: 2.319e-01, Loss_res: 1.881e-01,  Loss_bcs: 0.000e+00, Loss_ut_ics: 1.457e-04, Loss_norm: 1.355e-05, w_pde: 1.00e+00, L^2_error: 3.295e-02, lr: 1.000e-03, Time: 8.06e+01
Model state saved to ./results/models/checkpoints/smoke_schrodinger\2025-12-15_11-54-04-448660_box_Classical\model.pth
Model state saved to ./results/models/checkpoints/smoke_schrodinger\2025-12-15_11-54-04-448660_box_Classical\model_weights.pth
It: 900, Loss: 6.837e-02, Loss_res: 6.146e-02,  Loss_bcs: 0.000e+00, Loss_ut_ics: 2.305e-05, Loss_norm: 2.068e-06, w_pde: 1.00e+00, L^2_error: 1.324e-02, lr: 1.000e-03, Time: 8.99e+01
Model state saved to ./results/models/checkpoints/smoke_schrodinger\2025-12-15_11-54-04-448660_box_Classical\model.pth
Model state saved to ./results/models/checkpoints/smoke_schrodinger\2025-12-15_11-54-04-448660_box_Classical\model_weights.pth
It: 1000, Loss: 3.524e-02, Loss_res: 3.317e-02,  Loss_bcs: 0.000e+00, Loss_ut_ics: 6.891e-06, Loss_norm: 8.488e-07, w_pde: 1.00e+00, L^2_error: 8.187e-03, lr: 1.000e-03, Time: 9.88e+01
Model state saved to ./results/models/checkpoints/smoke_schrodinger\2025-12-15_11-54-04-448660_box_Classical\model.pth
Model state saved to ./results/models/checkpoints/smoke_schrodinger\2025-12-15_11-54-04-448660_box_Classical\model_weights.pth
It: 1100, Loss: 2.404e-02, Loss_res: 2.301e-02,  Loss_bcs: 0.000e+00, Loss_ut_ics: 3.444e-06, Loss_norm: 4.521e-07, w_pde: 1.00e+00, L^2_error: 5.900e-03, lr: 1.000e-03, Time: 1.08e+02
Model state saved to ./results/models/checkpoints/smoke_schrodinger\2025-12-15_11-54-04-448660_box_Classical\model.pth
Model state saved to ./results/models/checkpoints/smoke_schrodinger\2025-12-15_11-54-04-448660_box_Classical\model_weights.pth
It: 1200, Loss: 1.733e-02, Loss_res: 1.649e-02,  Loss_bcs: 0.000e+00, Loss_ut_ics: 2.821e-06, Loss_norm: 7.685e-08, w_pde: 1.00e+00, L^2_error: 5.065e-03, lr: 1.000e-03, Time: 1.17e+02
Model state saved to ./results/models/checkpoints/smoke_schrodinger\2025-12-15_11-54-04-448660_box_Classical\model.pth
Model state saved to ./results/models/checkpoints/smoke_schrodinger\2025-12-15_11-54-04-448660_box_Classical\model_weights.pth
It: 1300, Loss: 1.393e-02, Loss_res: 1.332e-02,  Loss_bcs: 0.000e+00, Loss_ut_ics: 2.036e-06, Loss_norm: 9.412e-08, w_pde: 1.00e+00, L^2_error: 4.429e-03, lr: 1.000e-03, Time: 1.26e+02
Model state saved to ./results/models/checkpoints/smoke_schrodinger\2025-12-15_11-54-04-448660_box_Classical\model.pth
Model state saved to ./results/models/checkpoints/smoke_schrodinger\2025-12-15_11-54-04-448660_box_Classical\model_weights.pth
It: 1400, Loss: 1.080e-02, Loss_res: 9.791e-03,  Loss_bcs: 0.000e+00, Loss_ut_ics: 3.355e-06, Loss_norm: 1.759e-09, w_pde: 1.00e+00, L^2_error: 3.596e-03, lr: 1.000e-03, Time: 1.35e+02
Model state saved to ./results/models/checkpoints/smoke_schrodinger\2025-12-15_11-54-04-448660_box_Classical\model.pth
Model state saved to ./results/models/checkpoints/smoke_schrodinger\2025-12-15_11-54-04-448660_box_Classical\model_weights.pth
It: 1500, Loss: 8.304e-03, Loss_res: 7.390e-03,  Loss_bcs: 0.000e+00, Loss_ut_ics: 3.046e-06, Loss_norm: 2.363e-08, w_pde: 1.00e+00, L^2_error: 3.406e-03, lr: 1.000e-03, Time: 1.44e+02
Model state saved to ./results/models/checkpoints/smoke_schrodinger\2025-12-15_11-54-04-448660_box_Classical\model.pth
Model state saved to ./results/models/checkpoints/smoke_schrodinger\2025-12-15_11-54-04-448660_box_Classical\model_weights.pth
