checkpoint path: self.log_path='./results/models/checkpoints/schrodinger\\barrier\\2025-12-11_11-57-11-236270'
Using Classical Solver
Total number of parameters: 7902
It: 1, Loss: 3.919e+00, Loss_res: 3.058e+00,  Loss_bcs: 6.495e-03, Loss_ut_ics: 8.543e-01, L^2_error: 1.003924e+00, lr: 1.000e-03, Time: 1.42e-01
Model state saved to ./results/models/checkpoints/schrodinger\barrier\2025-12-11_11-57-11-236270\model.pth
Model state saved to ./results/models/checkpoints/schrodinger\barrier\2025-12-11_11-57-11-236270\model_weights.pth
It: 200, Loss: 9.882e-01, Loss_res: 3.464e-03,  Loss_bcs: 8.965e-06, Loss_ut_ics: 9.847e-01, L^2_error: 9.985380e-01, lr: 1.000e-03, Time: 1.03e+01
Model state saved to ./results/models/checkpoints/schrodinger\barrier\2025-12-11_11-57-11-236270\model.pth
Model state saved to ./results/models/checkpoints/schrodinger\barrier\2025-12-11_11-57-11-236270\model_weights.pth
It: 400, Loss: 1.016e+00, Loss_res: 3.696e-03,  Loss_bcs: 1.207e-05, Loss_ut_ics: 1.012e+00, L^2_error: 9.987831e-01, lr: 1.000e-03, Time: 2.14e+01
Model state saved to ./results/models/checkpoints/schrodinger\barrier\2025-12-11_11-57-11-236270\model.pth
Model state saved to ./results/models/checkpoints/schrodinger\barrier\2025-12-11_11-57-11-236270\model_weights.pth
It: 600, Loss: 9.673e-01, Loss_res: 3.795e-03,  Loss_bcs: 1.405e-05, Loss_ut_ics: 9.635e-01, L^2_error: 9.988232e-01, lr: 1.000e-03, Time: 3.36e+01
Model state saved to ./results/models/checkpoints/schrodinger\barrier\2025-12-11_11-57-11-236270\model.pth
Model state saved to ./results/models/checkpoints/schrodinger\barrier\2025-12-11_11-57-11-236270\model_weights.pth
It: 800, Loss: 9.898e-01, Loss_res: 3.709e-03,  Loss_bcs: 1.567e-05, Loss_ut_ics: 9.861e-01, L^2_error: 9.990681e-01, lr: 1.000e-03, Time: 4.43e+01
Model state saved to ./results/models/checkpoints/schrodinger\barrier\2025-12-11_11-57-11-236270\model.pth
Model state saved to ./results/models/checkpoints/schrodinger\barrier\2025-12-11_11-57-11-236270\model_weights.pth
It: 1000, Loss: 9.598e-01, Loss_res: 4.746e-03,  Loss_bcs: 3.127e-05, Loss_ut_ics: 9.550e-01, L^2_error: 9.995267e-01, lr: 1.000e-03, Time: 5.37e+01
Model state saved to ./results/models/checkpoints/schrodinger\barrier\2025-12-11_11-57-11-236270\model.pth
Model state saved to ./results/models/checkpoints/schrodinger\barrier\2025-12-11_11-57-11-236270\model_weights.pth
It: 1200, Loss: 9.970e-01, Loss_res: 3.638e-03,  Loss_bcs: 6.212e-05, Loss_ut_ics: 9.933e-01, L^2_error: 1.001775e+00, lr: 1.000e-03, Time: 6.28e+01
Model state saved to ./results/models/checkpoints/schrodinger\barrier\2025-12-11_11-57-11-236270\model.pth
Model state saved to ./results/models/checkpoints/schrodinger\barrier\2025-12-11_11-57-11-236270\model_weights.pth
It: 1400, Loss: 1.028e+00, Loss_res: 9.486e-03,  Loss_bcs: 3.106e-04, Loss_ut_ics: 1.018e+00, L^2_error: 1.000186e+00, lr: 1.000e-03, Time: 7.50e+01
Model state saved to ./results/models/checkpoints/schrodinger\barrier\2025-12-11_11-57-11-236270\model.pth
Model state saved to ./results/models/checkpoints/schrodinger\barrier\2025-12-11_11-57-11-236270\model_weights.pth
It: 1600, Loss: 1.034e+00, Loss_res: 6.296e-03,  Loss_bcs: 5.344e-04, Loss_ut_ics: 1.027e+00, L^2_error: 1.005068e+00, lr: 1.000e-03, Time: 8.89e+01
Model state saved to ./results/models/checkpoints/schrodinger\barrier\2025-12-11_11-57-11-236270\model.pth
Model state saved to ./results/models/checkpoints/schrodinger\barrier\2025-12-11_11-57-11-236270\model_weights.pth
It: 1800, Loss: 1.044e+00, Loss_res: 9.323e-03,  Loss_bcs: 1.280e-03, Loss_ut_ics: 1.033e+00, L^2_error: 1.008949e+00, lr: 1.000e-03, Time: 1.08e+02
Model state saved to ./results/models/checkpoints/schrodinger\barrier\2025-12-11_11-57-11-236270\model.pth
Model state saved to ./results/models/checkpoints/schrodinger\barrier\2025-12-11_11-57-11-236270\model_weights.pth
It: 2000, Loss: 9.577e-01, Loss_res: 1.853e-02,  Loss_bcs: 2.895e-03, Loss_ut_ics: 9.363e-01, L^2_error: 1.009866e+00, lr: 1.000e-03, Time: 1.28e+02
Model state saved to ./results/models/checkpoints/schrodinger\barrier\2025-12-11_11-57-11-236270\model.pth
Model state saved to ./results/models/checkpoints/schrodinger\barrier\2025-12-11_11-57-11-236270\model_weights.pth
It: 2200, Loss: 9.636e-01, Loss_res: 1.895e-02,  Loss_bcs: 3.908e-03, Loss_ut_ics: 9.408e-01, L^2_error: 1.013209e+00, lr: 1.000e-03, Time: 1.49e+02
Model state saved to ./results/models/checkpoints/schrodinger\barrier\2025-12-11_11-57-11-236270\model.pth
Model state saved to ./results/models/checkpoints/schrodinger\barrier\2025-12-11_11-57-11-236270\model_weights.pth
It: 2400, Loss: 9.702e-01, Loss_res: 1.530e-02,  Loss_bcs: 4.212e-03, Loss_ut_ics: 9.507e-01, L^2_error: 1.014455e+00, lr: 1.000e-03, Time: 1.65e+02
Model state saved to ./results/models/checkpoints/schrodinger\barrier\2025-12-11_11-57-11-236270\model.pth
Model state saved to ./results/models/checkpoints/schrodinger\barrier\2025-12-11_11-57-11-236270\model_weights.pth
It: 2600, Loss: 1.007e+00, Loss_res: 1.643e-02,  Loss_bcs: 4.242e-03, Loss_ut_ics: 9.859e-01, L^2_error: 1.013173e+00, lr: 1.000e-03, Time: 1.80e+02
Model state saved to ./results/models/checkpoints/schrodinger\barrier\2025-12-11_11-57-11-236270\model.pth
Model state saved to ./results/models/checkpoints/schrodinger\barrier\2025-12-11_11-57-11-236270\model_weights.pth
It: 2800, Loss: 9.623e-01, Loss_res: 1.907e-02,  Loss_bcs: 4.446e-03, Loss_ut_ics: 9.388e-01, L^2_error: 1.013942e+00, lr: 1.000e-03, Time: 1.95e+02
Model state saved to ./results/models/checkpoints/schrodinger\barrier\2025-12-11_11-57-11-236270\model.pth
Model state saved to ./results/models/checkpoints/schrodinger\barrier\2025-12-11_11-57-11-236270\model_weights.pth
It: 3000, Loss: 1.019e+00, Loss_res: 1.740e-02,  Loss_bcs: 4.780e-03, Loss_ut_ics: 9.964e-01, L^2_error: 1.011999e+00, lr: 1.000e-03, Time: 2.07e+02
Model state saved to ./results/models/checkpoints/schrodinger\barrier\2025-12-11_11-57-11-236270\model.pth
Model state saved to ./results/models/checkpoints/schrodinger\barrier\2025-12-11_11-57-11-236270\model_weights.pth
It: 3200, Loss: 9.716e-01, Loss_res: 1.873e-02,  Loss_bcs: 4.708e-03, Loss_ut_ics: 9.482e-01, L^2_error: 1.013569e+00, lr: 1.000e-03, Time: 2.23e+02
Model state saved to ./results/models/checkpoints/schrodinger\barrier\2025-12-11_11-57-11-236270\model.pth
Model state saved to ./results/models/checkpoints/schrodinger\barrier\2025-12-11_11-57-11-236270\model_weights.pth
It: 3400, Loss: 9.684e-01, Loss_res: 2.045e-02,  Loss_bcs: 5.312e-03, Loss_ut_ics: 9.427e-01, L^2_error: 1.011600e+00, lr: 1.000e-03, Time: 2.40e+02
Model state saved to ./results/models/checkpoints/schrodinger\barrier\2025-12-11_11-57-11-236270\model.pth
Model state saved to ./results/models/checkpoints/schrodinger\barrier\2025-12-11_11-57-11-236270\model_weights.pth
It: 3600, Loss: 9.555e-01, Loss_res: 2.140e-02,  Loss_bcs: 5.532e-03, Loss_ut_ics: 9.285e-01, L^2_error: 1.012065e+00, lr: 1.000e-03, Time: 2.56e+02
Model state saved to ./results/models/checkpoints/schrodinger\barrier\2025-12-11_11-57-11-236270\model.pth
Model state saved to ./results/models/checkpoints/schrodinger\barrier\2025-12-11_11-57-11-236270\model_weights.pth
It: 3800, Loss: 9.881e-01, Loss_res: 2.009e-02,  Loss_bcs: 5.626e-03, Loss_ut_ics: 9.624e-01, L^2_error: 1.008722e+00, lr: 1.000e-03, Time: 2.70e+02
Model state saved to ./results/models/checkpoints/schrodinger\barrier\2025-12-11_11-57-11-236270\model.pth
Model state saved to ./results/models/checkpoints/schrodinger\barrier\2025-12-11_11-57-11-236270\model_weights.pth
It: 4000, Loss: 9.848e-01, Loss_res: 2.716e-02,  Loss_bcs: 6.685e-03, Loss_ut_ics: 9.509e-01, L^2_error: 1.011437e+00, lr: 1.000e-03, Time: 2.82e+02
Model state saved to ./results/models/checkpoints/schrodinger\barrier\2025-12-11_11-57-11-236270\model.pth
Model state saved to ./results/models/checkpoints/schrodinger\barrier\2025-12-11_11-57-11-236270\model_weights.pth
It: 4200, Loss: 9.846e-01, Loss_res: 2.405e-02,  Loss_bcs: 6.412e-03, Loss_ut_ics: 9.541e-01, L^2_error: 1.010456e+00, lr: 1.000e-03, Time: 2.93e+02
Model state saved to ./results/models/checkpoints/schrodinger\barrier\2025-12-11_11-57-11-236270\model.pth
Model state saved to ./results/models/checkpoints/schrodinger\barrier\2025-12-11_11-57-11-236270\model_weights.pth
It: 4400, Loss: 9.319e-01, Loss_res: 2.581e-02,  Loss_bcs: 6.759e-03, Loss_ut_ics: 8.993e-01, L^2_error: 1.009802e+00, lr: 1.000e-03, Time: 3.02e+02
Model state saved to ./results/models/checkpoints/schrodinger\barrier\2025-12-11_11-57-11-236270\model.pth
Model state saved to ./results/models/checkpoints/schrodinger\barrier\2025-12-11_11-57-11-236270\model_weights.pth
It: 4600, Loss: 1.020e+00, Loss_res: 4.372e-02,  Loss_bcs: 7.172e-03, Loss_ut_ics: 9.690e-01, L^2_error: 1.013277e+00, lr: 1.000e-03, Time: 3.12e+02
Model state saved to ./results/models/checkpoints/schrodinger\barrier\2025-12-11_11-57-11-236270\model.pth
Model state saved to ./results/models/checkpoints/schrodinger\barrier\2025-12-11_11-57-11-236270\model_weights.pth
It: 4800, Loss: 9.825e-01, Loss_res: 3.542e-02,  Loss_bcs: 1.102e-02, Loss_ut_ics: 9.361e-01, L^2_error: 1.007451e+00, lr: 1.000e-03, Time: 3.22e+02
Model state saved to ./results/models/checkpoints/schrodinger\barrier\2025-12-11_11-57-11-236270\model.pth
Model state saved to ./results/models/checkpoints/schrodinger\barrier\2025-12-11_11-57-11-236270\model_weights.pth
It: 5000, Loss: 9.128e-01, Loss_res: 3.692e-02,  Loss_bcs: 1.238e-02, Loss_ut_ics: 8.635e-01, L^2_error: 1.008722e+00, lr: 1.000e-03, Time: 3.31e+02
Model state saved to ./results/models/checkpoints/schrodinger\barrier\2025-12-11_11-57-11-236270\model.pth
Model state saved to ./results/models/checkpoints/schrodinger\barrier\2025-12-11_11-57-11-236270\model_weights.pth
