INFO:src.utils.logger:It: 1, Loss: 4.934e+01, Loss_res: 7.041e-01,  Loss_bcs: 1.774e-01, Loss_ut_ics: 2.377e-01, Loss_norm: 3.240e-01, Loss_gauge: 0.000e+00, w_pde: 3.33e-03, L^2_error: 1.004e+00, lr: 1.000e-03, Time: 8.78e-02
INFO:src.utils.logger:Model state saved to results\ho\Classical\20260501-153951_seed0_bf_ho_2-64-64-64-2_seed42\checkpoints\2026-05-01_15-40-06-331882_ho_Classical_seed42\model.pth
INFO:src.utils.logger:Model weights saved to results\ho\Classical\20260501-153951_seed0_bf_ho_2-64-64-64-2_seed42\checkpoints\2026-05-01_15-40-06-331882_ho_Classical_seed42\model_weights.pth
INFO:src.utils.logger:It: 10, Loss: 1.996e+01, Loss_res: 2.169e-01,  Loss_bcs: 7.502e-02, Loss_ut_ics: 8.863e-02, Loss_norm: 4.307e-01, Loss_gauge: 0.000e+00, w_pde: 3.33e-02, L^2_error: 7.170e-01, lr: 1.000e-03, Time: 7.69e-01
INFO:src.utils.logger:Model state saved to results\ho\Classical\20260501-153951_seed0_bf_ho_2-64-64-64-2_seed42\checkpoints\2026-05-01_15-40-06-331882_ho_Classical_seed42\model.pth
INFO:src.utils.logger:Model weights saved to results\ho\Classical\20260501-153951_seed0_bf_ho_2-64-64-64-2_seed42\checkpoints\2026-05-01_15-40-06-331882_ho_Classical_seed42\model_weights.pth
INFO:src.utils.logger:It: 20, Loss: 1.365e+01, Loss_res: 3.287e-01,  Loss_bcs: 1.369e-01, Loss_ut_ics: 6.733e-02, Loss_norm: 5.420e-03, Loss_gauge: 0.000e+00, w_pde: 6.67e-02, L^2_error: 6.514e-01, lr: 1.000e-03, Time: 1.44e+00
INFO:src.utils.logger:Model state saved to results\ho\Classical\20260501-153951_seed0_bf_ho_2-64-64-64-2_seed42\checkpoints\2026-05-01_15-40-06-331882_ho_Classical_seed42\model.pth
INFO:src.utils.logger:Model weights saved to results\ho\Classical\20260501-153951_seed0_bf_ho_2-64-64-64-2_seed42\checkpoints\2026-05-01_15-40-06-331882_ho_Classical_seed42\model_weights.pth
INFO:src.utils.logger:It: 30, Loss: 1.152e+01, Loss_res: 2.377e-01,  Loss_bcs: 9.080e-02, Loss_ut_ics: 5.594e-02, Loss_norm: 4.382e-02, Loss_gauge: 0.000e+00, w_pde: 1.00e-01, L^2_error: 5.791e-01, lr: 1.000e-03, Time: 2.19e+00
INFO:src.utils.logger:Model state saved to results\ho\Classical\20260501-153951_seed0_bf_ho_2-64-64-64-2_seed42\checkpoints\2026-05-01_15-40-06-331882_ho_Classical_seed42\model.pth
INFO:src.utils.logger:Model weights saved to results\ho\Classical\20260501-153951_seed0_bf_ho_2-64-64-64-2_seed42\checkpoints\2026-05-01_15-40-06-331882_ho_Classical_seed42\model_weights.pth
INFO:src.utils.logger:It: 40, Loss: 1.057e+01, Loss_res: 1.818e-01,  Loss_bcs: 6.677e-02, Loss_ut_ics: 4.977e-02, Loss_norm: 1.040e-01, Loss_gauge: 0.000e+00, w_pde: 1.33e-01, L^2_error: 5.399e-01, lr: 1.000e-03, Time: 2.88e+00
INFO:src.utils.logger:Model state saved to results\ho\Classical\20260501-153951_seed0_bf_ho_2-64-64-64-2_seed42\checkpoints\2026-05-01_15-40-06-331882_ho_Classical_seed42\model.pth
INFO:src.utils.logger:Model weights saved to results\ho\Classical\20260501-153951_seed0_bf_ho_2-64-64-64-2_seed42\checkpoints\2026-05-01_15-40-06-331882_ho_Classical_seed42\model_weights.pth
INFO:src.utils.logger:It: 50, Loss: 8.653e+00, Loss_res: 2.494e-01,  Loss_bcs: 7.266e-02, Loss_ut_ics: 4.216e-02, Loss_norm: 2.122e-02, Loss_gauge: 0.000e+00, w_pde: 1.67e-01, L^2_error: 5.181e-01, lr: 1.000e-03, Time: 3.52e+00
INFO:src.utils.logger:Model state saved to results\ho\Classical\20260501-153951_seed0_bf_ho_2-64-64-64-2_seed42\checkpoints\2026-05-01_15-40-06-331882_ho_Classical_seed42\model.pth
INFO:src.utils.logger:Model weights saved to results\ho\Classical\20260501-153951_seed0_bf_ho_2-64-64-64-2_seed42\checkpoints\2026-05-01_15-40-06-331882_ho_Classical_seed42\model_weights.pth
INFO:src.utils.logger:It: 60, Loss: 6.538e+00, Loss_res: 1.746e-01,  Loss_bcs: 5.136e-02, Loss_ut_ics: 3.161e-02, Loss_norm: 2.589e-02, Loss_gauge: 0.000e+00, w_pde: 2.00e-01, L^2_error: 4.347e-01, lr: 1.000e-03, Time: 4.22e+00
INFO:src.utils.logger:Model state saved to results\ho\Classical\20260501-153951_seed0_bf_ho_2-64-64-64-2_seed42\checkpoints\2026-05-01_15-40-06-331882_ho_Classical_seed42\model.pth
INFO:src.utils.logger:Model weights saved to results\ho\Classical\20260501-153951_seed0_bf_ho_2-64-64-64-2_seed42\checkpoints\2026-05-01_15-40-06-331882_ho_Classical_seed42\model_weights.pth
INFO:src.utils.logger:It: 70, Loss: 4.228e+00, Loss_res: 1.135e-01,  Loss_bcs: 3.274e-02, Loss_ut_ics: 2.028e-02, Loss_norm: 2.271e-02, Loss_gauge: 0.000e+00, w_pde: 2.33e-01, L^2_error: 3.469e-01, lr: 1.000e-03, Time: 4.86e+00
INFO:src.utils.logger:Model state saved to results\ho\Classical\20260501-153951_seed0_bf_ho_2-64-64-64-2_seed42\checkpoints\2026-05-01_15-40-06-331882_ho_Classical_seed42\model.pth
INFO:src.utils.logger:Model weights saved to results\ho\Classical\20260501-153951_seed0_bf_ho_2-64-64-64-2_seed42\checkpoints\2026-05-01_15-40-06-331882_ho_Classical_seed42\model_weights.pth
INFO:src.utils.logger:It: 80, Loss: 2.135e+00, Loss_res: 8.080e-02,  Loss_bcs: 1.956e-02, Loss_ut_ics: 1.021e-02, Loss_norm: 1.050e-02, Loss_gauge: 0.000e+00, w_pde: 2.67e-01, L^2_error: 2.585e-01, lr: 1.000e-03, Time: 5.46e+00
INFO:src.utils.logger:Model state saved to results\ho\Classical\20260501-153951_seed0_bf_ho_2-64-64-64-2_seed42\checkpoints\2026-05-01_15-40-06-331882_ho_Classical_seed42\model.pth
INFO:src.utils.logger:Model weights saved to results\ho\Classical\20260501-153951_seed0_bf_ho_2-64-64-64-2_seed42\checkpoints\2026-05-01_15-40-06-331882_ho_Classical_seed42\model_weights.pth
INFO:src.utils.logger:It: 90, Loss: 7.834e-01, Loss_res: 5.937e-02,  Loss_bcs: 7.811e-03, Loss_ut_ics: 3.649e-03, Loss_norm: 5.593e-03, Loss_gauge: 0.000e+00, w_pde: 3.00e-01, L^2_error: 1.799e-01, lr: 1.000e-03, Time: 6.14e+00
INFO:src.utils.logger:Model state saved to results\ho\Classical\20260501-153951_seed0_bf_ho_2-64-64-64-2_seed42\checkpoints\2026-05-01_15-40-06-331882_ho_Classical_seed42\model.pth
INFO:src.utils.logger:Model weights saved to results\ho\Classical\20260501-153951_seed0_bf_ho_2-64-64-64-2_seed42\checkpoints\2026-05-01_15-40-06-331882_ho_Classical_seed42\model_weights.pth
INFO:src.utils.logger:It: 100, Loss: 2.909e-01, Loss_res: 6.776e-02,  Loss_bcs: 2.559e-03, Loss_ut_ics: 1.278e-03, Loss_norm: 2.034e-03, Loss_gauge: 0.000e+00, w_pde: 3.33e-01, L^2_error: 1.528e-01, lr: 1.000e-03, Time: 6.74e+00
INFO:src.utils.logger:Model state saved to results\ho\Classical\20260501-153951_seed0_bf_ho_2-64-64-64-2_seed42\checkpoints\2026-05-01_15-40-06-331882_ho_Classical_seed42\model.pth
INFO:src.utils.logger:Model weights saved to results\ho\Classical\20260501-153951_seed0_bf_ho_2-64-64-64-2_seed42\checkpoints\2026-05-01_15-40-06-331882_ho_Classical_seed42\model_weights.pth
INFO:src.utils.logger:It: 110, Loss: 2.156e-01, Loss_res: 7.108e-02,  Loss_bcs: 9.839e-04, Loss_ut_ics: 9.293e-04, Loss_norm: 5.421e-04, Loss_gauge: 0.000e+00, w_pde: 3.67e-01, L^2_error: 1.431e-01, lr: 1.000e-03, Time: 7.33e+00
INFO:src.utils.logger:Model state saved to results\ho\Classical\20260501-153951_seed0_bf_ho_2-64-64-64-2_seed42\checkpoints\2026-05-01_15-40-06-331882_ho_Classical_seed42\model.pth
INFO:src.utils.logger:Model weights saved to results\ho\Classical\20260501-153951_seed0_bf_ho_2-64-64-64-2_seed42\checkpoints\2026-05-01_15-40-06-331882_ho_Classical_seed42\model_weights.pth
INFO:src.utils.logger:It: 120, Loss: 1.659e-01, Loss_res: 6.158e-02,  Loss_bcs: 5.857e-04, Loss_ut_ics: 7.025e-04, Loss_norm: 4.558e-05, Loss_gauge: 0.000e+00, w_pde: 4.00e-01, L^2_error: 1.219e-01, lr: 1.000e-03, Time: 7.94e+00
INFO:src.utils.logger:Model state saved to results\ho\Classical\20260501-153951_seed0_bf_ho_2-64-64-64-2_seed42\checkpoints\2026-05-01_15-40-06-331882_ho_Classical_seed42\model.pth
INFO:src.utils.logger:Model weights saved to results\ho\Classical\20260501-153951_seed0_bf_ho_2-64-64-64-2_seed42\checkpoints\2026-05-01_15-40-06-331882_ho_Classical_seed42\model_weights.pth
INFO:src.utils.logger:It: 130, Loss: 1.174e-01, Loss_res: 4.022e-02,  Loss_bcs: 4.403e-04, Loss_ut_ics: 4.968e-04, Loss_norm: 4.480e-05, Loss_gauge: 0.000e+00, w_pde: 4.33e-01, L^2_error: 9.802e-02, lr: 1.000e-03, Time: 8.53e+00
INFO:src.utils.logger:Model state saved to results\ho\Classical\20260501-153951_seed0_bf_ho_2-64-64-64-2_seed42\checkpoints\2026-05-01_15-40-06-331882_ho_Classical_seed42\model.pth
INFO:src.utils.logger:Model weights saved to results\ho\Classical\20260501-153951_seed0_bf_ho_2-64-64-64-2_seed42\checkpoints\2026-05-01_15-40-06-331882_ho_Classical_seed42\model_weights.pth
INFO:src.utils.logger:It: 140, Loss: 9.146e-02, Loss_res: 2.841e-02,  Loss_bcs: 2.986e-04, Loss_ut_ics: 3.891e-04, Loss_norm: 1.649e-05, Loss_gauge: 0.000e+00, w_pde: 4.67e-01, L^2_error: 8.235e-02, lr: 1.000e-03, Time: 9.16e+00
INFO:src.utils.logger:Model state saved to results\ho\Classical\20260501-153951_seed0_bf_ho_2-64-64-64-2_seed42\checkpoints\2026-05-01_15-40-06-331882_ho_Classical_seed42\model.pth
INFO:src.utils.logger:Model weights saved to results\ho\Classical\20260501-153951_seed0_bf_ho_2-64-64-64-2_seed42\checkpoints\2026-05-01_15-40-06-331882_ho_Classical_seed42\model_weights.pth
INFO:src.utils.logger:It: 150, Loss: 7.400e-02, Loss_res: 2.350e-02,  Loss_bcs: 2.940e-04, Loss_ut_ics: 3.083e-04, Loss_norm: 6.080e-05, Loss_gauge: 0.000e+00, w_pde: 5.00e-01, L^2_error: 7.709e-02, lr: 1.000e-03, Time: 1.01e+01
INFO:src.utils.logger:Model state saved to results\ho\Classical\20260501-153951_seed0_bf_ho_2-64-64-64-2_seed42\checkpoints\2026-05-01_15-40-06-331882_ho_Classical_seed42\model.pth
INFO:src.utils.logger:Model weights saved to results\ho\Classical\20260501-153951_seed0_bf_ho_2-64-64-64-2_seed42\checkpoints\2026-05-01_15-40-06-331882_ho_Classical_seed42\model_weights.pth
INFO:src.utils.logger:It: 160, Loss: 6.310e-02, Loss_res: 2.428e-02,  Loss_bcs: 3.077e-04, Loss_ut_ics: 2.475e-04, Loss_norm: 6.659e-05, Loss_gauge: 0.000e+00, w_pde: 5.33e-01, L^2_error: 7.623e-02, lr: 1.000e-03, Time: 1.07e+01
INFO:src.utils.logger:Model state saved to results\ho\Classical\20260501-153951_seed0_bf_ho_2-64-64-64-2_seed42\checkpoints\2026-05-01_15-40-06-331882_ho_Classical_seed42\model.pth
INFO:src.utils.logger:Model weights saved to results\ho\Classical\20260501-153951_seed0_bf_ho_2-64-64-64-2_seed42\checkpoints\2026-05-01_15-40-06-331882_ho_Classical_seed42\model_weights.pth
INFO:src.utils.logger:It: 170, Loss: 5.508e-02, Loss_res: 2.297e-02,  Loss_bcs: 3.320e-04, Loss_ut_ics: 2.082e-04, Loss_norm: 1.695e-05, Loss_gauge: 0.000e+00, w_pde: 5.67e-01, L^2_error: 7.498e-02, lr: 1.000e-03, Time: 1.13e+01
INFO:src.utils.logger:Model state saved to results\ho\Classical\20260501-153951_seed0_bf_ho_2-64-64-64-2_seed42\checkpoints\2026-05-01_15-40-06-331882_ho_Classical_seed42\model.pth
INFO:src.utils.logger:Model weights saved to results\ho\Classical\20260501-153951_seed0_bf_ho_2-64-64-64-2_seed42\checkpoints\2026-05-01_15-40-06-331882_ho_Classical_seed42\model_weights.pth
INFO:src.utils.logger:It: 180, Loss: 4.952e-02, Loss_res: 2.109e-02,  Loss_bcs: 4.332e-04, Loss_ut_ics: 1.821e-04, Loss_norm: 2.833e-06, Loss_gauge: 0.000e+00, w_pde: 6.00e-01, L^2_error: 7.243e-02, lr: 1.000e-03, Time: 1.19e+01
INFO:src.utils.logger:Model state saved to results\ho\Classical\20260501-153951_seed0_bf_ho_2-64-64-64-2_seed42\checkpoints\2026-05-01_15-40-06-331882_ho_Classical_seed42\model.pth
INFO:src.utils.logger:Model weights saved to results\ho\Classical\20260501-153951_seed0_bf_ho_2-64-64-64-2_seed42\checkpoints\2026-05-01_15-40-06-331882_ho_Classical_seed42\model_weights.pth
INFO:src.utils.logger:It: 190, Loss: 4.586e-02, Loss_res: 1.979e-02,  Loss_bcs: 4.242e-04, Loss_ut_ics: 1.644e-04, Loss_norm: 3.440e-06, Loss_gauge: 0.000e+00, w_pde: 6.33e-01, L^2_error: 6.997e-02, lr: 1.000e-03, Time: 1.25e+01
INFO:src.utils.logger:Model state saved to results\ho\Classical\20260501-153951_seed0_bf_ho_2-64-64-64-2_seed42\checkpoints\2026-05-01_15-40-06-331882_ho_Classical_seed42\model.pth
INFO:src.utils.logger:Model weights saved to results\ho\Classical\20260501-153951_seed0_bf_ho_2-64-64-64-2_seed42\checkpoints\2026-05-01_15-40-06-331882_ho_Classical_seed42\model_weights.pth
INFO:src.utils.logger:It: 200, Loss: 4.402e-02, Loss_res: 1.962e-02,  Loss_bcs: 4.153e-04, Loss_ut_ics: 1.525e-04, Loss_norm: 5.218e-06, Loss_gauge: 0.000e+00, w_pde: 6.67e-01, L^2_error: 6.772e-02, lr: 1.000e-03, Time: 1.31e+01
INFO:src.utils.logger:Model state saved to results\ho\Classical\20260501-153951_seed0_bf_ho_2-64-64-64-2_seed42\checkpoints\2026-05-01_15-40-06-331882_ho_Classical_seed42\model.pth
INFO:src.utils.logger:Model weights saved to results\ho\Classical\20260501-153951_seed0_bf_ho_2-64-64-64-2_seed42\checkpoints\2026-05-01_15-40-06-331882_ho_Classical_seed42\model_weights.pth
INFO:src.utils.logger:It: 210, Loss: 4.219e-02, Loss_res: 1.841e-02,  Loss_bcs: 4.667e-04, Loss_ut_ics: 1.441e-04, Loss_norm: 4.011e-06, Loss_gauge: 0.000e+00, w_pde: 7.00e-01, L^2_error: 6.597e-02, lr: 1.000e-03, Time: 1.37e+01
INFO:src.utils.logger:Model state saved to results\ho\Classical\20260501-153951_seed0_bf_ho_2-64-64-64-2_seed42\checkpoints\2026-05-01_15-40-06-331882_ho_Classical_seed42\model.pth
INFO:src.utils.logger:Model weights saved to results\ho\Classical\20260501-153951_seed0_bf_ho_2-64-64-64-2_seed42\checkpoints\2026-05-01_15-40-06-331882_ho_Classical_seed42\model_weights.pth
INFO:src.utils.logger:It: 220, Loss: 3.978e-02, Loss_res: 1.600e-02,  Loss_bcs: 4.306e-04, Loss_ut_ics: 1.380e-04, Loss_norm: 2.811e-06, Loss_gauge: 0.000e+00, w_pde: 7.33e-01, L^2_error: 6.448e-02, lr: 1.000e-03, Time: 1.43e+01
INFO:src.utils.logger:Model state saved to results\ho\Classical\20260501-153951_seed0_bf_ho_2-64-64-64-2_seed42\checkpoints\2026-05-01_15-40-06-331882_ho_Classical_seed42\model.pth
INFO:src.utils.logger:Model weights saved to results\ho\Classical\20260501-153951_seed0_bf_ho_2-64-64-64-2_seed42\checkpoints\2026-05-01_15-40-06-331882_ho_Classical_seed42\model_weights.pth
INFO:src.utils.logger:It: 230, Loss: 4.018e-02, Loss_res: 1.684e-02,  Loss_bcs: 4.751e-04, Loss_ut_ics: 1.339e-04, Loss_norm: 2.623e-06, Loss_gauge: 0.000e+00, w_pde: 7.67e-01, L^2_error: 6.297e-02, lr: 1.000e-03, Time: 1.49e+01
INFO:src.utils.logger:Model state saved to results\ho\Classical\20260501-153951_seed0_bf_ho_2-64-64-64-2_seed42\checkpoints\2026-05-01_15-40-06-331882_ho_Classical_seed42\model.pth
INFO:src.utils.logger:Model weights saved to results\ho\Classical\20260501-153951_seed0_bf_ho_2-64-64-64-2_seed42\checkpoints\2026-05-01_15-40-06-331882_ho_Classical_seed42\model_weights.pth
INFO:src.utils.logger:It: 240, Loss: 3.747e-02, Loss_res: 1.357e-02,  Loss_bcs: 4.871e-04, Loss_ut_ics: 1.306e-04, Loss_norm: 1.874e-06, Loss_gauge: 0.000e+00, w_pde: 8.00e-01, L^2_error: 6.121e-02, lr: 1.000e-03, Time: 1.54e+01
INFO:src.utils.logger:Model state saved to results\ho\Classical\20260501-153951_seed0_bf_ho_2-64-64-64-2_seed42\checkpoints\2026-05-01_15-40-06-331882_ho_Classical_seed42\model.pth
INFO:src.utils.logger:Model weights saved to results\ho\Classical\20260501-153951_seed0_bf_ho_2-64-64-64-2_seed42\checkpoints\2026-05-01_15-40-06-331882_ho_Classical_seed42\model_weights.pth
INFO:src.utils.logger:It: 250, Loss: 3.936e-02, Loss_res: 1.585e-02,  Loss_bcs: 4.655e-04, Loss_ut_ics: 1.283e-04, Loss_norm: 2.283e-06, Loss_gauge: 0.000e+00, w_pde: 8.33e-01, L^2_error: 5.966e-02, lr: 1.000e-03, Time: 1.60e+01
INFO:src.utils.logger:Model state saved to results\ho\Classical\20260501-153951_seed0_bf_ho_2-64-64-64-2_seed42\checkpoints\2026-05-01_15-40-06-331882_ho_Classical_seed42\model.pth
INFO:src.utils.logger:Model weights saved to results\ho\Classical\20260501-153951_seed0_bf_ho_2-64-64-64-2_seed42\checkpoints\2026-05-01_15-40-06-331882_ho_Classical_seed42\model_weights.pth
INFO:src.utils.logger:It: 260, Loss: 3.649e-02, Loss_res: 1.243e-02,  Loss_bcs: 4.509e-04, Loss_ut_ics: 1.263e-04, Loss_norm: 1.797e-06, Loss_gauge: 0.000e+00, w_pde: 8.67e-01, L^2_error: 5.795e-02, lr: 1.000e-03, Time: 1.66e+01
INFO:src.utils.logger:Model state saved to results\ho\Classical\20260501-153951_seed0_bf_ho_2-64-64-64-2_seed42\checkpoints\2026-05-01_15-40-06-331882_ho_Classical_seed42\model.pth
INFO:src.utils.logger:Model weights saved to results\ho\Classical\20260501-153951_seed0_bf_ho_2-64-64-64-2_seed42\checkpoints\2026-05-01_15-40-06-331882_ho_Classical_seed42\model_weights.pth
INFO:src.utils.logger:It: 270, Loss: 3.782e-02, Loss_res: 1.381e-02,  Loss_bcs: 4.636e-04, Loss_ut_ics: 1.246e-04, Loss_norm: 9.857e-07, Loss_gauge: 0.000e+00, w_pde: 9.00e-01, L^2_error: 5.631e-02, lr: 1.000e-03, Time: 1.72e+01
INFO:src.utils.logger:Model state saved to results\ho\Classical\20260501-153951_seed0_bf_ho_2-64-64-64-2_seed42\checkpoints\2026-05-01_15-40-06-331882_ho_Classical_seed42\model.pth
INFO:src.utils.logger:Model weights saved to results\ho\Classical\20260501-153951_seed0_bf_ho_2-64-64-64-2_seed42\checkpoints\2026-05-01_15-40-06-331882_ho_Classical_seed42\model_weights.pth
INFO:src.utils.logger:It: 280, Loss: 3.515e-02, Loss_res: 1.081e-02,  Loss_bcs: 4.127e-04, Loss_ut_ics: 1.232e-04, Loss_norm: 1.067e-06, Loss_gauge: 0.000e+00, w_pde: 9.33e-01, L^2_error: 5.488e-02, lr: 1.000e-03, Time: 1.78e+01
INFO:src.utils.logger:Model state saved to results\ho\Classical\20260501-153951_seed0_bf_ho_2-64-64-64-2_seed42\checkpoints\2026-05-01_15-40-06-331882_ho_Classical_seed42\model.pth
INFO:src.utils.logger:Model weights saved to results\ho\Classical\20260501-153951_seed0_bf_ho_2-64-64-64-2_seed42\checkpoints\2026-05-01_15-40-06-331882_ho_Classical_seed42\model_weights.pth
INFO:src.utils.logger:It: 290, Loss: 3.577e-02, Loss_res: 1.137e-02,  Loss_bcs: 3.880e-04, Loss_ut_ics: 1.219e-04, Loss_norm: 1.034e-06, Loss_gauge: 0.000e+00, w_pde: 9.67e-01, L^2_error: 5.343e-02, lr: 1.000e-03, Time: 1.84e+01
INFO:src.utils.logger:Model state saved to results\ho\Classical\20260501-153951_seed0_bf_ho_2-64-64-64-2_seed42\checkpoints\2026-05-01_15-40-06-331882_ho_Classical_seed42\model.pth
INFO:src.utils.logger:Model weights saved to results\ho\Classical\20260501-153951_seed0_bf_ho_2-64-64-64-2_seed42\checkpoints\2026-05-01_15-40-06-331882_ho_Classical_seed42\model_weights.pth
INFO:src.utils.logger:It: 300, Loss: 3.623e-02, Loss_res: 1.160e-02,  Loss_bcs: 3.685e-04, Loss_ut_ics: 1.213e-04, Loss_norm: 7.201e-07, Loss_gauge: 0.000e+00, w_pde: 1.00e+00, L^2_error: 5.174e-02, lr: 1.000e-03, Time: 1.90e+01
INFO:src.utils.logger:Model state saved to results\ho\Classical\20260501-153951_seed0_bf_ho_2-64-64-64-2_seed42\checkpoints\2026-05-01_15-40-06-331882_ho_Classical_seed42\model.pth
INFO:src.utils.logger:Model weights saved to results\ho\Classical\20260501-153951_seed0_bf_ho_2-64-64-64-2_seed42\checkpoints\2026-05-01_15-40-06-331882_ho_Classical_seed42\model_weights.pth
INFO:src.utils.logger:It: 310, Loss: 3.437e-02, Loss_res: 1.004e-02,  Loss_bcs: 3.641e-04, Loss_ut_ics: 1.198e-04, Loss_norm: 6.868e-07, Loss_gauge: 0.000e+00, w_pde: 1.00e+00, L^2_error: 5.017e-02, lr: 1.000e-03, Time: 1.96e+01
INFO:src.utils.logger:Model state saved to results\ho\Classical\20260501-153951_seed0_bf_ho_2-64-64-64-2_seed42\checkpoints\2026-05-01_15-40-06-331882_ho_Classical_seed42\model.pth
INFO:src.utils.logger:Model weights saved to results\ho\Classical\20260501-153951_seed0_bf_ho_2-64-64-64-2_seed42\checkpoints\2026-05-01_15-40-06-331882_ho_Classical_seed42\model_weights.pth
INFO:src.utils.logger:It: 320, Loss: 3.468e-02, Loss_res: 1.042e-02,  Loss_bcs: 3.366e-04, Loss_ut_ics: 1.196e-04, Loss_norm: 7.205e-07, Loss_gauge: 0.000e+00, w_pde: 1.00e+00, L^2_error: 4.927e-02, lr: 1.000e-03, Time: 2.02e+01
INFO:src.utils.logger:Model state saved to results\ho\Classical\20260501-153951_seed0_bf_ho_2-64-64-64-2_seed42\checkpoints\2026-05-01_15-40-06-331882_ho_Classical_seed42\model.pth
INFO:src.utils.logger:Model weights saved to results\ho\Classical\20260501-153951_seed0_bf_ho_2-64-64-64-2_seed42\checkpoints\2026-05-01_15-40-06-331882_ho_Classical_seed42\model_weights.pth
INFO:src.utils.logger:It: 330, Loss: 3.259e-02, Loss_res: 8.695e-03,  Loss_bcs: 3.334e-04, Loss_ut_ics: 1.178e-04, Loss_norm: 9.678e-07, Loss_gauge: 0.000e+00, w_pde: 1.00e+00, L^2_error: 4.761e-02, lr: 1.000e-03, Time: 2.08e+01
INFO:src.utils.logger:Model state saved to results\ho\Classical\20260501-153951_seed0_bf_ho_2-64-64-64-2_seed42\checkpoints\2026-05-01_15-40-06-331882_ho_Classical_seed42\model.pth
INFO:src.utils.logger:Model weights saved to results\ho\Classical\20260501-153951_seed0_bf_ho_2-64-64-64-2_seed42\checkpoints\2026-05-01_15-40-06-331882_ho_Classical_seed42\model_weights.pth
INFO:src.utils.logger:It: 340, Loss: 3.220e-02, Loss_res: 8.192e-03,  Loss_bcs: 3.287e-04, Loss_ut_ics: 1.184e-04, Loss_norm: 1.021e-06, Loss_gauge: 0.000e+00, w_pde: 1.00e+00, L^2_error: 4.607e-02, lr: 1.000e-03, Time: 2.14e+01
INFO:src.utils.logger:Model state saved to results\ho\Classical\20260501-153951_seed0_bf_ho_2-64-64-64-2_seed42\checkpoints\2026-05-01_15-40-06-331882_ho_Classical_seed42\model.pth
INFO:src.utils.logger:Model weights saved to results\ho\Classical\20260501-153951_seed0_bf_ho_2-64-64-64-2_seed42\checkpoints\2026-05-01_15-40-06-331882_ho_Classical_seed42\model_weights.pth
INFO:src.utils.logger:It: 350, Loss: 3.168e-02, Loss_res: 8.173e-03,  Loss_bcs: 3.035e-04, Loss_ut_ics: 1.160e-04, Loss_norm: 7.964e-07, Loss_gauge: 0.000e+00, w_pde: 1.00e+00, L^2_error: 4.522e-02, lr: 1.000e-03, Time: 2.24e+01
INFO:src.utils.logger:Model state saved to results\ho\Classical\20260501-153951_seed0_bf_ho_2-64-64-64-2_seed42\checkpoints\2026-05-01_15-40-06-331882_ho_Classical_seed42\model.pth
INFO:src.utils.logger:Model weights saved to results\ho\Classical\20260501-153951_seed0_bf_ho_2-64-64-64-2_seed42\checkpoints\2026-05-01_15-40-06-331882_ho_Classical_seed42\model_weights.pth
INFO:src.utils.logger:It: 360, Loss: 3.103e-02, Loss_res: 7.091e-03,  Loss_bcs: 2.816e-04, Loss_ut_ics: 1.183e-04, Loss_norm: 6.928e-07, Loss_gauge: 0.000e+00, w_pde: 1.00e+00, L^2_error: 4.425e-02, lr: 1.000e-03, Time: 2.30e+01
INFO:src.utils.logger:Model state saved to results\ho\Classical\20260501-153951_seed0_bf_ho_2-64-64-64-2_seed42\checkpoints\2026-05-01_15-40-06-331882_ho_Classical_seed42\model.pth
INFO:src.utils.logger:Model weights saved to results\ho\Classical\20260501-153951_seed0_bf_ho_2-64-64-64-2_seed42\checkpoints\2026-05-01_15-40-06-331882_ho_Classical_seed42\model_weights.pth
INFO:src.utils.logger:It: 370, Loss: 3.014e-02, Loss_res: 6.686e-03,  Loss_bcs: 2.782e-04, Loss_ut_ics: 1.159e-04, Loss_norm: 5.566e-07, Loss_gauge: 0.000e+00, w_pde: 1.00e+00, L^2_error: 4.265e-02, lr: 1.000e-03, Time: 2.35e+01
INFO:src.utils.logger:Model state saved to results\ho\Classical\20260501-153951_seed0_bf_ho_2-64-64-64-2_seed42\checkpoints\2026-05-01_15-40-06-331882_ho_Classical_seed42\model.pth
INFO:src.utils.logger:Model weights saved to results\ho\Classical\20260501-153951_seed0_bf_ho_2-64-64-64-2_seed42\checkpoints\2026-05-01_15-40-06-331882_ho_Classical_seed42\model_weights.pth
INFO:src.utils.logger:It: 380, Loss: 2.947e-02, Loss_res: 6.087e-03,  Loss_bcs: 2.775e-04, Loss_ut_ics: 1.155e-04, Loss_norm: 7.095e-07, Loss_gauge: 0.000e+00, w_pde: 1.00e+00, L^2_error: 4.178e-02, lr: 1.000e-03, Time: 2.41e+01
INFO:src.utils.logger:Model state saved to results\ho\Classical\20260501-153951_seed0_bf_ho_2-64-64-64-2_seed42\checkpoints\2026-05-01_15-40-06-331882_ho_Classical_seed42\model.pth
INFO:src.utils.logger:Model weights saved to results\ho\Classical\20260501-153951_seed0_bf_ho_2-64-64-64-2_seed42\checkpoints\2026-05-01_15-40-06-331882_ho_Classical_seed42\model_weights.pth
INFO:src.utils.logger:It: 390, Loss: 2.884e-02, Loss_res: 5.856e-03,  Loss_bcs: 2.729e-04, Loss_ut_ics: 1.135e-04, Loss_norm: 5.651e-07, Loss_gauge: 0.000e+00, w_pde: 1.00e+00, L^2_error: 4.065e-02, lr: 1.000e-03, Time: 2.48e+01
INFO:src.utils.logger:Model state saved to results\ho\Classical\20260501-153951_seed0_bf_ho_2-64-64-64-2_seed42\checkpoints\2026-05-01_15-40-06-331882_ho_Classical_seed42\model.pth
INFO:src.utils.logger:Model weights saved to results\ho\Classical\20260501-153951_seed0_bf_ho_2-64-64-64-2_seed42\checkpoints\2026-05-01_15-40-06-331882_ho_Classical_seed42\model_weights.pth
INFO:src.utils.logger:It: 400, Loss: 2.896e-02, Loss_res: 6.245e-03,  Loss_bcs: 2.620e-04, Loss_ut_ics: 1.122e-04, Loss_norm: 9.052e-07, Loss_gauge: 0.000e+00, w_pde: 1.00e+00, L^2_error: 3.949e-02, lr: 1.000e-03, Time: 2.56e+01
INFO:src.utils.logger:Model state saved to results\ho\Classical\20260501-153951_seed0_bf_ho_2-64-64-64-2_seed42\checkpoints\2026-05-01_15-40-06-331882_ho_Classical_seed42\model.pth
INFO:src.utils.logger:Model weights saved to results\ho\Classical\20260501-153951_seed0_bf_ho_2-64-64-64-2_seed42\checkpoints\2026-05-01_15-40-06-331882_ho_Classical_seed42\model_weights.pth
INFO:src.utils.logger:It: 410, Loss: 2.819e-02, Loss_res: 5.660e-03,  Loss_bcs: 2.611e-04, Loss_ut_ics: 1.113e-04, Loss_norm: 1.389e-06, Loss_gauge: 0.000e+00, w_pde: 1.00e+00, L^2_error: 3.862e-02, lr: 1.000e-03, Time: 2.64e+01
INFO:src.utils.logger:Model state saved to results\ho\Classical\20260501-153951_seed0_bf_ho_2-64-64-64-2_seed42\checkpoints\2026-05-01_15-40-06-331882_ho_Classical_seed42\model.pth
INFO:src.utils.logger:Model weights saved to results\ho\Classical\20260501-153951_seed0_bf_ho_2-64-64-64-2_seed42\checkpoints\2026-05-01_15-40-06-331882_ho_Classical_seed42\model_weights.pth
INFO:src.utils.logger:It: 420, Loss: 2.792e-02, Loss_res: 5.469e-03,  Loss_bcs: 2.501e-04, Loss_ut_ics: 1.110e-04, Loss_norm: 6.178e-07, Loss_gauge: 0.000e+00, w_pde: 1.00e+00, L^2_error: 3.775e-02, lr: 1.000e-03, Time: 2.70e+01
INFO:src.utils.logger:Model state saved to results\ho\Classical\20260501-153951_seed0_bf_ho_2-64-64-64-2_seed42\checkpoints\2026-05-01_15-40-06-331882_ho_Classical_seed42\model.pth
INFO:src.utils.logger:Model weights saved to results\ho\Classical\20260501-153951_seed0_bf_ho_2-64-64-64-2_seed42\checkpoints\2026-05-01_15-40-06-331882_ho_Classical_seed42\model_weights.pth
INFO:src.utils.logger:It: 430, Loss: 2.808e-02, Loss_res: 5.623e-03,  Loss_bcs: 2.576e-04, Loss_ut_ics: 1.110e-04, Loss_norm: 6.791e-07, Loss_gauge: 0.000e+00, w_pde: 1.00e+00, L^2_error: 3.682e-02, lr: 1.000e-03, Time: 2.77e+01
INFO:src.utils.logger:Model state saved to results\ho\Classical\20260501-153951_seed0_bf_ho_2-64-64-64-2_seed42\checkpoints\2026-05-01_15-40-06-331882_ho_Classical_seed42\model.pth
INFO:src.utils.logger:Model weights saved to results\ho\Classical\20260501-153951_seed0_bf_ho_2-64-64-64-2_seed42\checkpoints\2026-05-01_15-40-06-331882_ho_Classical_seed42\model_weights.pth
INFO:src.utils.logger:It: 440, Loss: 2.795e-02, Loss_res: 5.588e-03,  Loss_bcs: 2.403e-04, Loss_ut_ics: 1.106e-04, Loss_norm: 3.236e-07, Loss_gauge: 0.000e+00, w_pde: 1.00e+00, L^2_error: 3.656e-02, lr: 1.000e-03, Time: 2.83e+01
INFO:src.utils.logger:Model state saved to results\ho\Classical\20260501-153951_seed0_bf_ho_2-64-64-64-2_seed42\checkpoints\2026-05-01_15-40-06-331882_ho_Classical_seed42\model.pth
INFO:src.utils.logger:Model weights saved to results\ho\Classical\20260501-153951_seed0_bf_ho_2-64-64-64-2_seed42\checkpoints\2026-05-01_15-40-06-331882_ho_Classical_seed42\model_weights.pth
INFO:src.utils.logger:It: 450, Loss: 2.749e-02, Loss_res: 5.164e-03,  Loss_bcs: 2.497e-04, Loss_ut_ics: 1.104e-04, Loss_norm: 6.346e-07, Loss_gauge: 0.000e+00, w_pde: 1.00e+00, L^2_error: 3.518e-02, lr: 1.000e-03, Time: 2.89e+01
INFO:src.utils.logger:Model state saved to results\ho\Classical\20260501-153951_seed0_bf_ho_2-64-64-64-2_seed42\checkpoints\2026-05-01_15-40-06-331882_ho_Classical_seed42\model.pth
INFO:src.utils.logger:Model weights saved to results\ho\Classical\20260501-153951_seed0_bf_ho_2-64-64-64-2_seed42\checkpoints\2026-05-01_15-40-06-331882_ho_Classical_seed42\model_weights.pth
INFO:src.utils.logger:It: 460, Loss: 2.616e-02, Loss_res: 4.339e-03,  Loss_bcs: 2.342e-04, Loss_ut_ics: 1.079e-04, Loss_norm: 7.294e-07, Loss_gauge: 0.000e+00, w_pde: 1.00e+00, L^2_error: 3.489e-02, lr: 1.000e-03, Time: 2.97e+01
INFO:src.utils.logger:Model state saved to results\ho\Classical\20260501-153951_seed0_bf_ho_2-64-64-64-2_seed42\checkpoints\2026-05-01_15-40-06-331882_ho_Classical_seed42\model.pth
INFO:src.utils.logger:Model weights saved to results\ho\Classical\20260501-153951_seed0_bf_ho_2-64-64-64-2_seed42\checkpoints\2026-05-01_15-40-06-331882_ho_Classical_seed42\model_weights.pth
INFO:src.utils.logger:It: 470, Loss: 2.939e-02, Loss_res: 4.466e-03,  Loss_bcs: 2.483e-04, Loss_ut_ics: 1.234e-04, Loss_norm: 1.929e-07, Loss_gauge: 0.000e+00, w_pde: 1.00e+00, L^2_error: 3.689e-02, lr: 1.000e-03, Time: 3.03e+01
INFO:src.utils.logger:Model state saved to results\ho\Classical\20260501-153951_seed0_bf_ho_2-64-64-64-2_seed42\checkpoints\2026-05-01_15-40-06-331882_ho_Classical_seed42\model.pth
INFO:src.utils.logger:Model weights saved to results\ho\Classical\20260501-153951_seed0_bf_ho_2-64-64-64-2_seed42\checkpoints\2026-05-01_15-40-06-331882_ho_Classical_seed42\model_weights.pth
INFO:src.utils.logger:It: 480, Loss: 2.839e-02, Loss_res: 4.257e-03,  Loss_bcs: 2.415e-04, Loss_ut_ics: 1.194e-04, Loss_norm: 6.147e-07, Loss_gauge: 0.000e+00, w_pde: 1.00e+00, L^2_error: 3.477e-02, lr: 1.000e-03, Time: 3.09e+01
INFO:src.utils.logger:Model state saved to results\ho\Classical\20260501-153951_seed0_bf_ho_2-64-64-64-2_seed42\checkpoints\2026-05-01_15-40-06-331882_ho_Classical_seed42\model.pth
INFO:src.utils.logger:Model weights saved to results\ho\Classical\20260501-153951_seed0_bf_ho_2-64-64-64-2_seed42\checkpoints\2026-05-01_15-40-06-331882_ho_Classical_seed42\model_weights.pth
INFO:src.utils.logger:It: 490, Loss: 2.803e-02, Loss_res: 4.653e-03,  Loss_bcs: 2.591e-04, Loss_ut_ics: 1.155e-04, Loss_norm: 6.701e-07, Loss_gauge: 0.000e+00, w_pde: 1.00e+00, L^2_error: 3.272e-02, lr: 1.000e-03, Time: 3.15e+01
INFO:src.utils.logger:Model state saved to results\ho\Classical\20260501-153951_seed0_bf_ho_2-64-64-64-2_seed42\checkpoints\2026-05-01_15-40-06-331882_ho_Classical_seed42\model.pth
INFO:src.utils.logger:Model weights saved to results\ho\Classical\20260501-153951_seed0_bf_ho_2-64-64-64-2_seed42\checkpoints\2026-05-01_15-40-06-331882_ho_Classical_seed42\model_weights.pth
INFO:src.utils.logger:It: 500, Loss: 2.535e-02, Loss_res: 4.068e-03,  Loss_bcs: 2.279e-04, Loss_ut_ics: 1.053e-04, Loss_norm: 3.951e-07, Loss_gauge: 0.000e+00, w_pde: 1.00e+00, L^2_error: 3.234e-02, lr: 1.000e-03, Time: 3.21e+01
INFO:src.utils.logger:Model state saved to results\ho\Classical\20260501-153951_seed0_bf_ho_2-64-64-64-2_seed42\checkpoints\2026-05-01_15-40-06-331882_ho_Classical_seed42\model.pth
INFO:src.utils.logger:Model weights saved to results\ho\Classical\20260501-153951_seed0_bf_ho_2-64-64-64-2_seed42\checkpoints\2026-05-01_15-40-06-331882_ho_Classical_seed42\model_weights.pth
INFO:src.utils.logger:It: 510, Loss: 2.675e-02, Loss_res: 3.889e-03,  Loss_bcs: 2.330e-04, Loss_ut_ics: 1.131e-04, Loss_norm: 3.439e-07, Loss_gauge: 0.000e+00, w_pde: 1.00e+00, L^2_error: 3.347e-02, lr: 1.000e-03, Time: 3.27e+01
INFO:src.utils.logger:Model state saved to results\ho\Classical\20260501-153951_seed0_bf_ho_2-64-64-64-2_seed42\checkpoints\2026-05-01_15-40-06-331882_ho_Classical_seed42\model.pth
INFO:src.utils.logger:Model weights saved to results\ho\Classical\20260501-153951_seed0_bf_ho_2-64-64-64-2_seed42\checkpoints\2026-05-01_15-40-06-331882_ho_Classical_seed42\model_weights.pth
INFO:src.utils.logger:It: 520, Loss: 3.061e-02, Loss_res: 3.515e-03,  Loss_bcs: 2.654e-04, Loss_ut_ics: 1.341e-04, Loss_norm: 1.513e-07, Loss_gauge: 0.000e+00, w_pde: 1.00e+00, L^2_error: 3.563e-02, lr: 1.000e-03, Time: 3.34e+01
INFO:src.utils.logger:Model state saved to results\ho\Classical\20260501-153951_seed0_bf_ho_2-64-64-64-2_seed42\checkpoints\2026-05-01_15-40-06-331882_ho_Classical_seed42\model.pth
INFO:src.utils.logger:Model weights saved to results\ho\Classical\20260501-153951_seed0_bf_ho_2-64-64-64-2_seed42\checkpoints\2026-05-01_15-40-06-331882_ho_Classical_seed42\model_weights.pth
INFO:src.utils.logger:It: 530, Loss: 2.455e-02, Loss_res: 3.409e-03,  Loss_bcs: 2.214e-04, Loss_ut_ics: 1.046e-04, Loss_norm: 2.231e-07, Loss_gauge: 0.000e+00, w_pde: 1.00e+00, L^2_error: 3.085e-02, lr: 1.000e-03, Time: 3.40e+01
INFO:src.utils.logger:Model state saved to results\ho\Classical\20260501-153951_seed0_bf_ho_2-64-64-64-2_seed42\checkpoints\2026-05-01_15-40-06-331882_ho_Classical_seed42\model.pth
INFO:src.utils.logger:Model weights saved to results\ho\Classical\20260501-153951_seed0_bf_ho_2-64-64-64-2_seed42\checkpoints\2026-05-01_15-40-06-331882_ho_Classical_seed42\model_weights.pth
INFO:src.utils.logger:It: 540, Loss: 2.930e-02, Loss_res: 4.263e-03,  Loss_bcs: 2.730e-04, Loss_ut_ics: 1.238e-04, Loss_norm: 3.848e-07, Loss_gauge: 0.000e+00, w_pde: 1.00e+00, L^2_error: 3.109e-02, lr: 1.000e-03, Time: 3.47e+01
INFO:src.utils.logger:Model state saved to results\ho\Classical\20260501-153951_seed0_bf_ho_2-64-64-64-2_seed42\checkpoints\2026-05-01_15-40-06-331882_ho_Classical_seed42\model.pth
INFO:src.utils.logger:Model weights saved to results\ho\Classical\20260501-153951_seed0_bf_ho_2-64-64-64-2_seed42\checkpoints\2026-05-01_15-40-06-331882_ho_Classical_seed42\model_weights.pth
INFO:src.utils.logger:It: 550, Loss: 2.396e-02, Loss_res: 3.337e-03,  Loss_bcs: 2.189e-04, Loss_ut_ics: 1.020e-04, Loss_norm: 4.138e-07, Loss_gauge: 0.000e+00, w_pde: 1.00e+00, L^2_error: 2.997e-02, lr: 1.000e-03, Time: 3.54e+01
INFO:src.utils.logger:Model state saved to results\ho\Classical\20260501-153951_seed0_bf_ho_2-64-64-64-2_seed42\checkpoints\2026-05-01_15-40-06-331882_ho_Classical_seed42\model.pth
INFO:src.utils.logger:Model weights saved to results\ho\Classical\20260501-153951_seed0_bf_ho_2-64-64-64-2_seed42\checkpoints\2026-05-01_15-40-06-331882_ho_Classical_seed42\model_weights.pth
INFO:src.utils.logger:It: 560, Loss: 2.598e-02, Loss_res: 3.403e-03,  Loss_bcs: 2.320e-04, Loss_ut_ics: 1.117e-04, Loss_norm: 3.089e-07, Loss_gauge: 0.000e+00, w_pde: 1.00e+00, L^2_error: 3.168e-02, lr: 1.000e-03, Time: 3.64e+01
INFO:src.utils.logger:Model state saved to results\ho\Classical\20260501-153951_seed0_bf_ho_2-64-64-64-2_seed42\checkpoints\2026-05-01_15-40-06-331882_ho_Classical_seed42\model.pth
INFO:src.utils.logger:Model weights saved to results\ho\Classical\20260501-153951_seed0_bf_ho_2-64-64-64-2_seed42\checkpoints\2026-05-01_15-40-06-331882_ho_Classical_seed42\model_weights.pth
INFO:src.utils.logger:It: 570, Loss: 2.977e-02, Loss_res: 3.108e-03,  Loss_bcs: 2.653e-04, Loss_ut_ics: 1.320e-04, Loss_norm: 1.333e-07, Loss_gauge: 0.000e+00, w_pde: 1.00e+00, L^2_error: 3.408e-02, lr: 1.000e-03, Time: 3.72e+01
INFO:src.utils.logger:Model state saved to results\ho\Classical\20260501-153951_seed0_bf_ho_2-64-64-64-2_seed42\checkpoints\2026-05-01_15-40-06-331882_ho_Classical_seed42\model.pth
INFO:src.utils.logger:Model weights saved to results\ho\Classical\20260501-153951_seed0_bf_ho_2-64-64-64-2_seed42\checkpoints\2026-05-01_15-40-06-331882_ho_Classical_seed42\model_weights.pth
INFO:src.utils.logger:It: 580, Loss: 2.569e-02, Loss_res: 2.939e-03,  Loss_bcs: 2.314e-04, Loss_ut_ics: 1.126e-04, Loss_norm: 2.934e-07, Loss_gauge: 0.000e+00, w_pde: 1.00e+00, L^2_error: 3.039e-02, lr: 1.000e-03, Time: 3.81e+01
INFO:src.utils.logger:Model state saved to results\ho\Classical\20260501-153951_seed0_bf_ho_2-64-64-64-2_seed42\checkpoints\2026-05-01_15-40-06-331882_ho_Classical_seed42\model.pth
INFO:src.utils.logger:Model weights saved to results\ho\Classical\20260501-153951_seed0_bf_ho_2-64-64-64-2_seed42\checkpoints\2026-05-01_15-40-06-331882_ho_Classical_seed42\model_weights.pth
INFO:src.utils.logger:It: 590, Loss: 2.412e-02, Loss_res: 3.349e-03,  Loss_bcs: 2.253e-04, Loss_ut_ics: 1.027e-04, Loss_norm: 6.349e-07, Loss_gauge: 0.000e+00, w_pde: 1.00e+00, L^2_error: 2.843e-02, lr: 1.000e-03, Time: 3.89e+01
INFO:src.utils.logger:Model state saved to results\ho\Classical\20260501-153951_seed0_bf_ho_2-64-64-64-2_seed42\checkpoints\2026-05-01_15-40-06-331882_ho_Classical_seed42\model.pth
INFO:src.utils.logger:Model weights saved to results\ho\Classical\20260501-153951_seed0_bf_ho_2-64-64-64-2_seed42\checkpoints\2026-05-01_15-40-06-331882_ho_Classical_seed42\model_weights.pth
INFO:src.utils.logger:It: 600, Loss: 2.413e-02, Loss_res: 3.277e-03,  Loss_bcs: 2.257e-04, Loss_ut_ics: 1.031e-04, Loss_norm: 3.178e-07, Loss_gauge: 0.000e+00, w_pde: 1.00e+00, L^2_error: 2.820e-02, lr: 1.000e-03, Time: 3.98e+01
INFO:src.utils.logger:Model state saved to results\ho\Classical\20260501-153951_seed0_bf_ho_2-64-64-64-2_seed42\checkpoints\2026-05-01_15-40-06-331882_ho_Classical_seed42\model.pth
INFO:src.utils.logger:Model weights saved to results\ho\Classical\20260501-153951_seed0_bf_ho_2-64-64-64-2_seed42\checkpoints\2026-05-01_15-40-06-331882_ho_Classical_seed42\model_weights.pth
INFO:src.utils.logger:It: 610, Loss: 2.475e-02, Loss_res: 3.056e-03,  Loss_bcs: 2.320e-04, Loss_ut_ics: 1.073e-04, Loss_norm: 4.106e-07, Loss_gauge: 0.000e+00, w_pde: 1.00e+00, L^2_error: 2.826e-02, lr: 1.000e-03, Time: 4.06e+01
INFO:src.utils.logger:Model state saved to results\ho\Classical\20260501-153951_seed0_bf_ho_2-64-64-64-2_seed42\checkpoints\2026-05-01_15-40-06-331882_ho_Classical_seed42\model.pth
INFO:src.utils.logger:Model weights saved to results\ho\Classical\20260501-153951_seed0_bf_ho_2-64-64-64-2_seed42\checkpoints\2026-05-01_15-40-06-331882_ho_Classical_seed42\model_weights.pth
INFO:src.utils.logger:It: 620, Loss: 4.996e-02, Loss_res: 4.457e-03,  Loss_bcs: 4.729e-04, Loss_ut_ics: 2.251e-04, Loss_norm: 7.795e-07, Loss_gauge: 0.000e+00, w_pde: 1.00e+00, L^2_error: 3.474e-02, lr: 1.000e-03, Time: 4.13e+01
INFO:src.utils.logger:Model state saved to results\ho\Classical\20260501-153951_seed0_bf_ho_2-64-64-64-2_seed42\checkpoints\2026-05-01_15-40-06-331882_ho_Classical_seed42\model.pth
INFO:src.utils.logger:Model weights saved to results\ho\Classical\20260501-153951_seed0_bf_ho_2-64-64-64-2_seed42\checkpoints\2026-05-01_15-40-06-331882_ho_Classical_seed42\model_weights.pth
INFO:src.utils.logger:It: 630, Loss: 2.933e-02, Loss_res: 2.912e-03,  Loss_bcs: 2.641e-04, Loss_ut_ics: 1.307e-04, Loss_norm: 1.973e-07, Loss_gauge: 0.000e+00, w_pde: 1.00e+00, L^2_error: 3.005e-02, lr: 1.000e-03, Time: 4.20e+01
INFO:src.utils.logger:Model state saved to results\ho\Classical\20260501-153951_seed0_bf_ho_2-64-64-64-2_seed42\checkpoints\2026-05-01_15-40-06-331882_ho_Classical_seed42\model.pth
INFO:src.utils.logger:Model weights saved to results\ho\Classical\20260501-153951_seed0_bf_ho_2-64-64-64-2_seed42\checkpoints\2026-05-01_15-40-06-331882_ho_Classical_seed42\model_weights.pth
INFO:src.utils.logger:It: 640, Loss: 2.279e-02, Loss_res: 3.061e-03,  Loss_bcs: 2.127e-04, Loss_ut_ics: 9.757e-05, Loss_norm: 5.433e-07, Loss_gauge: 0.000e+00, w_pde: 1.00e+00, L^2_error: 2.744e-02, lr: 1.000e-03, Time: 4.27e+01
INFO:src.utils.logger:Model state saved to results\ho\Classical\20260501-153951_seed0_bf_ho_2-64-64-64-2_seed42\checkpoints\2026-05-01_15-40-06-331882_ho_Classical_seed42\model.pth
INFO:src.utils.logger:Model weights saved to results\ho\Classical\20260501-153951_seed0_bf_ho_2-64-64-64-2_seed42\checkpoints\2026-05-01_15-40-06-331882_ho_Classical_seed42\model_weights.pth
INFO:src.utils.logger:It: 650, Loss: 2.228e-02, Loss_res: 2.857e-03,  Loss_bcs: 2.072e-04, Loss_ut_ics: 9.606e-05, Loss_norm: 1.659e-07, Loss_gauge: 0.000e+00, w_pde: 1.00e+00, L^2_error: 2.688e-02, lr: 1.000e-03, Time: 4.34e+01
INFO:src.utils.logger:Model state saved to results\ho\Classical\20260501-153951_seed0_bf_ho_2-64-64-64-2_seed42\checkpoints\2026-05-01_15-40-06-331882_ho_Classical_seed42\model.pth
INFO:src.utils.logger:Model weights saved to results\ho\Classical\20260501-153951_seed0_bf_ho_2-64-64-64-2_seed42\checkpoints\2026-05-01_15-40-06-331882_ho_Classical_seed42\model_weights.pth
INFO:src.utils.logger:It: 660, Loss: 2.210e-02, Loss_res: 2.808e-03,  Loss_bcs: 2.043e-04, Loss_ut_ics: 9.543e-05, Loss_norm: 2.793e-07, Loss_gauge: 0.000e+00, w_pde: 1.00e+00, L^2_error: 2.684e-02, lr: 1.000e-03, Time: 4.43e+01
INFO:src.utils.logger:Model state saved to results\ho\Classical\20260501-153951_seed0_bf_ho_2-64-64-64-2_seed42\checkpoints\2026-05-01_15-40-06-331882_ho_Classical_seed42\model.pth
INFO:src.utils.logger:Model weights saved to results\ho\Classical\20260501-153951_seed0_bf_ho_2-64-64-64-2_seed42\checkpoints\2026-05-01_15-40-06-331882_ho_Classical_seed42\model_weights.pth
INFO:src.utils.logger:It: 670, Loss: 2.223e-02, Loss_res: 2.828e-03,  Loss_bcs: 2.047e-04, Loss_ut_ics: 9.596e-05, Loss_norm: 2.447e-07, Loss_gauge: 0.000e+00, w_pde: 1.00e+00, L^2_error: 2.689e-02, lr: 1.000e-03, Time: 4.47e+01
INFO:src.utils.logger:Model state saved to results\ho\Classical\20260501-153951_seed0_bf_ho_2-64-64-64-2_seed42\checkpoints\2026-05-01_15-40-06-331882_ho_Classical_seed42\model.pth
INFO:src.utils.logger:Model weights saved to results\ho\Classical\20260501-153951_seed0_bf_ho_2-64-64-64-2_seed42\checkpoints\2026-05-01_15-40-06-331882_ho_Classical_seed42\model_weights.pth
INFO:src.utils.logger:It: 680, Loss: 2.221e-02, Loss_res: 2.830e-03,  Loss_bcs: 2.066e-04, Loss_ut_ics: 9.585e-05, Loss_norm: 3.820e-07, Loss_gauge: 0.000e+00, w_pde: 1.00e+00, L^2_error: 2.622e-02, lr: 1.000e-03, Time: 4.52e+01
INFO:src.utils.logger:Model state saved to results\ho\Classical\20260501-153951_seed0_bf_ho_2-64-64-64-2_seed42\checkpoints\2026-05-01_15-40-06-331882_ho_Classical_seed42\model.pth
INFO:src.utils.logger:Model weights saved to results\ho\Classical\20260501-153951_seed0_bf_ho_2-64-64-64-2_seed42\checkpoints\2026-05-01_15-40-06-331882_ho_Classical_seed42\model_weights.pth
INFO:src.utils.logger:It: 690, Loss: 2.249e-02, Loss_res: 3.022e-03,  Loss_bcs: 2.073e-04, Loss_ut_ics: 9.631e-05, Loss_norm: 2.802e-07, Loss_gauge: 0.000e+00, w_pde: 1.00e+00, L^2_error: 2.603e-02, lr: 1.000e-03, Time: 4.57e+01
INFO:src.utils.logger:Model state saved to results\ho\Classical\20260501-153951_seed0_bf_ho_2-64-64-64-2_seed42\checkpoints\2026-05-01_15-40-06-331882_ho_Classical_seed42\model.pth
INFO:src.utils.logger:Model weights saved to results\ho\Classical\20260501-153951_seed0_bf_ho_2-64-64-64-2_seed42\checkpoints\2026-05-01_15-40-06-331882_ho_Classical_seed42\model_weights.pth
INFO:src.utils.logger:It: 700, Loss: 2.994e-02, Loss_res: 3.153e-03,  Loss_bcs: 2.798e-04, Loss_ut_ics: 1.325e-04, Loss_norm: 4.626e-07, Loss_gauge: 0.000e+00, w_pde: 1.00e+00, L^2_error: 2.996e-02, lr: 1.000e-03, Time: 4.62e+01
INFO:src.utils.logger:Model state saved to results\ho\Classical\20260501-153951_seed0_bf_ho_2-64-64-64-2_seed42\checkpoints\2026-05-01_15-40-06-331882_ho_Classical_seed42\model.pth
INFO:src.utils.logger:Model weights saved to results\ho\Classical\20260501-153951_seed0_bf_ho_2-64-64-64-2_seed42\checkpoints\2026-05-01_15-40-06-331882_ho_Classical_seed42\model_weights.pth
INFO:src.utils.logger:It: 710, Loss: 2.752e-02, Loss_res: 2.989e-03,  Loss_bcs: 2.591e-04, Loss_ut_ics: 1.213e-04, Loss_norm: 7.916e-07, Loss_gauge: 0.000e+00, w_pde: 1.00e+00, L^2_error: 2.587e-02, lr: 1.000e-03, Time: 4.67e+01
INFO:src.utils.logger:Model state saved to results\ho\Classical\20260501-153951_seed0_bf_ho_2-64-64-64-2_seed42\checkpoints\2026-05-01_15-40-06-331882_ho_Classical_seed42\model.pth
INFO:src.utils.logger:Model weights saved to results\ho\Classical\20260501-153951_seed0_bf_ho_2-64-64-64-2_seed42\checkpoints\2026-05-01_15-40-06-331882_ho_Classical_seed42\model_weights.pth
INFO:src.utils.logger:It: 720, Loss: 2.161e-02, Loss_res: 2.836e-03,  Loss_bcs: 1.982e-04, Loss_ut_ics: 9.287e-05, Loss_norm: 5.113e-08, Loss_gauge: 0.000e+00, w_pde: 1.00e+00, L^2_error: 2.566e-02, lr: 1.000e-03, Time: 4.72e+01
INFO:src.utils.logger:Model state saved to results\ho\Classical\20260501-153951_seed0_bf_ho_2-64-64-64-2_seed42\checkpoints\2026-05-01_15-40-06-331882_ho_Classical_seed42\model.pth
INFO:src.utils.logger:Model weights saved to results\ho\Classical\20260501-153951_seed0_bf_ho_2-64-64-64-2_seed42\checkpoints\2026-05-01_15-40-06-331882_ho_Classical_seed42\model_weights.pth
INFO:src.utils.logger:It: 730, Loss: 2.144e-02, Loss_res: 2.434e-03,  Loss_bcs: 1.995e-04, Loss_ut_ics: 9.405e-05, Loss_norm: 1.004e-07, Loss_gauge: 0.000e+00, w_pde: 1.00e+00, L^2_error: 2.694e-02, lr: 1.000e-03, Time: 4.77e+01
INFO:src.utils.logger:Model state saved to results\ho\Classical\20260501-153951_seed0_bf_ho_2-64-64-64-2_seed42\checkpoints\2026-05-01_15-40-06-331882_ho_Classical_seed42\model.pth
INFO:src.utils.logger:Model weights saved to results\ho\Classical\20260501-153951_seed0_bf_ho_2-64-64-64-2_seed42\checkpoints\2026-05-01_15-40-06-331882_ho_Classical_seed42\model_weights.pth
INFO:src.utils.logger:It: 740, Loss: 2.165e-02, Loss_res: 2.675e-03,  Loss_bcs: 2.013e-04, Loss_ut_ics: 9.387e-05, Loss_norm: 3.419e-07, Loss_gauge: 0.000e+00, w_pde: 1.00e+00, L^2_error: 2.559e-02, lr: 1.000e-03, Time: 4.82e+01
INFO:src.utils.logger:Model state saved to results\ho\Classical\20260501-153951_seed0_bf_ho_2-64-64-64-2_seed42\checkpoints\2026-05-01_15-40-06-331882_ho_Classical_seed42\model.pth
INFO:src.utils.logger:Model weights saved to results\ho\Classical\20260501-153951_seed0_bf_ho_2-64-64-64-2_seed42\checkpoints\2026-05-01_15-40-06-331882_ho_Classical_seed42\model_weights.pth
INFO:src.utils.logger:It: 750, Loss: 2.081e-02, Loss_res: 2.482e-03,  Loss_bcs: 1.914e-04, Loss_ut_ics: 9.069e-05, Loss_norm: 1.447e-07, Loss_gauge: 0.000e+00, w_pde: 1.00e+00, L^2_error: 2.579e-02, lr: 1.000e-03, Time: 4.88e+01
INFO:src.utils.logger:Model state saved to results\ho\Classical\20260501-153951_seed0_bf_ho_2-64-64-64-2_seed42\checkpoints\2026-05-01_15-40-06-331882_ho_Classical_seed42\model.pth
INFO:src.utils.logger:Model weights saved to results\ho\Classical\20260501-153951_seed0_bf_ho_2-64-64-64-2_seed42\checkpoints\2026-05-01_15-40-06-331882_ho_Classical_seed42\model_weights.pth
INFO:src.utils.logger:It: 760, Loss: 2.098e-02, Loss_res: 2.739e-03,  Loss_bcs: 1.895e-04, Loss_ut_ics: 9.025e-05, Loss_norm: 9.060e-08, Loss_gauge: 0.000e+00, w_pde: 1.00e+00, L^2_error: 2.552e-02, lr: 1.000e-03, Time: 4.93e+01
INFO:src.utils.logger:Model state saved to results\ho\Classical\20260501-153951_seed0_bf_ho_2-64-64-64-2_seed42\checkpoints\2026-05-01_15-40-06-331882_ho_Classical_seed42\model.pth
INFO:src.utils.logger:Model weights saved to results\ho\Classical\20260501-153951_seed0_bf_ho_2-64-64-64-2_seed42\checkpoints\2026-05-01_15-40-06-331882_ho_Classical_seed42\model_weights.pth
INFO:src.utils.logger:It: 770, Loss: 2.086e-02, Loss_res: 2.511e-03,  Loss_bcs: 1.911e-04, Loss_ut_ics: 9.078e-05, Loss_norm: 2.731e-07, Loss_gauge: 0.000e+00, w_pde: 1.00e+00, L^2_error: 2.515e-02, lr: 1.000e-03, Time: 4.99e+01
INFO:src.utils.logger:Model state saved to results\ho\Classical\20260501-153951_seed0_bf_ho_2-64-64-64-2_seed42\checkpoints\2026-05-01_15-40-06-331882_ho_Classical_seed42\model.pth
INFO:src.utils.logger:Model weights saved to results\ho\Classical\20260501-153951_seed0_bf_ho_2-64-64-64-2_seed42\checkpoints\2026-05-01_15-40-06-331882_ho_Classical_seed42\model_weights.pth
INFO:src.utils.logger:It: 780, Loss: 2.163e-02, Loss_res: 2.665e-03,  Loss_bcs: 1.983e-04, Loss_ut_ics: 9.380e-05, Loss_norm: 2.136e-07, Loss_gauge: 0.000e+00, w_pde: 1.00e+00, L^2_error: 2.528e-02, lr: 1.000e-03, Time: 5.03e+01
INFO:src.utils.logger:Model state saved to results\ho\Classical\20260501-153951_seed0_bf_ho_2-64-64-64-2_seed42\checkpoints\2026-05-01_15-40-06-331882_ho_Classical_seed42\model.pth
INFO:src.utils.logger:Model weights saved to results\ho\Classical\20260501-153951_seed0_bf_ho_2-64-64-64-2_seed42\checkpoints\2026-05-01_15-40-06-331882_ho_Classical_seed42\model_weights.pth
INFO:src.utils.logger:It: 790, Loss: 4.690e-02, Loss_res: 3.824e-03,  Loss_bcs: 4.246e-04, Loss_ut_ics: 2.133e-04, Loss_norm: 3.095e-07, Loss_gauge: 0.000e+00, w_pde: 1.00e+00, L^2_error: 3.797e-02, lr: 1.000e-03, Time: 5.07e+01
INFO:src.utils.logger:Model state saved to results\ho\Classical\20260501-153951_seed0_bf_ho_2-64-64-64-2_seed42\checkpoints\2026-05-01_15-40-06-331882_ho_Classical_seed42\model.pth
INFO:src.utils.logger:Model weights saved to results\ho\Classical\20260501-153951_seed0_bf_ho_2-64-64-64-2_seed42\checkpoints\2026-05-01_15-40-06-331882_ho_Classical_seed42\model_weights.pth
INFO:src.utils.logger:It: 800, Loss: 2.814e-02, Loss_res: 2.609e-03,  Loss_bcs: 2.555e-04, Loss_ut_ics: 1.264e-04, Loss_norm: 3.357e-08, Loss_gauge: 0.000e+00, w_pde: 1.00e+00, L^2_error: 3.278e-02, lr: 1.000e-03, Time: 5.12e+01
INFO:src.utils.logger:Model state saved to results\ho\Classical\20260501-153951_seed0_bf_ho_2-64-64-64-2_seed42\checkpoints\2026-05-01_15-40-06-331882_ho_Classical_seed42\model.pth
INFO:src.utils.logger:Model weights saved to results\ho\Classical\20260501-153951_seed0_bf_ho_2-64-64-64-2_seed42\checkpoints\2026-05-01_15-40-06-331882_ho_Classical_seed42\model_weights.pth
INFO:src.utils.logger:It: 810, Loss: 2.598e-02, Loss_res: 2.621e-03,  Loss_bcs: 2.399e-04, Loss_ut_ics: 1.156e-04, Loss_norm: 3.938e-07, Loss_gauge: 0.000e+00, w_pde: 1.00e+00, L^2_error: 2.649e-02, lr: 1.000e-03, Time: 5.16e+01
INFO:src.utils.logger:Model state saved to results\ho\Classical\20260501-153951_seed0_bf_ho_2-64-64-64-2_seed42\checkpoints\2026-05-01_15-40-06-331882_ho_Classical_seed42\model.pth
INFO:src.utils.logger:Model weights saved to results\ho\Classical\20260501-153951_seed0_bf_ho_2-64-64-64-2_seed42\checkpoints\2026-05-01_15-40-06-331882_ho_Classical_seed42\model_weights.pth
INFO:src.utils.logger:It: 820, Loss: 2.147e-02, Loss_res: 2.426e-03,  Loss_bcs: 1.969e-04, Loss_ut_ics: 9.425e-05, Loss_norm: 5.133e-08, Loss_gauge: 0.000e+00, w_pde: 1.00e+00, L^2_error: 2.524e-02, lr: 1.000e-03, Time: 5.21e+01
INFO:src.utils.logger:Model state saved to results\ho\Classical\20260501-153951_seed0_bf_ho_2-64-64-64-2_seed42\checkpoints\2026-05-01_15-40-06-331882_ho_Classical_seed42\model.pth
INFO:src.utils.logger:Model weights saved to results\ho\Classical\20260501-153951_seed0_bf_ho_2-64-64-64-2_seed42\checkpoints\2026-05-01_15-40-06-331882_ho_Classical_seed42\model_weights.pth
INFO:src.utils.logger:It: 830, Loss: 1.971e-02, Loss_res: 2.237e-03,  Loss_bcs: 1.805e-04, Loss_ut_ics: 8.646e-05, Loss_norm: 4.999e-07, Loss_gauge: 0.000e+00, w_pde: 1.00e+00, L^2_error: 2.450e-02, lr: 1.000e-03, Time: 5.25e+01
INFO:src.utils.logger:Model state saved to results\ho\Classical\20260501-153951_seed0_bf_ho_2-64-64-64-2_seed42\checkpoints\2026-05-01_15-40-06-331882_ho_Classical_seed42\model.pth
INFO:src.utils.logger:Model weights saved to results\ho\Classical\20260501-153951_seed0_bf_ho_2-64-64-64-2_seed42\checkpoints\2026-05-01_15-40-06-331882_ho_Classical_seed42\model_weights.pth
INFO:src.utils.logger:It: 840, Loss: 1.965e-02, Loss_res: 2.306e-03,  Loss_bcs: 1.800e-04, Loss_ut_ics: 8.583e-05, Loss_norm: 8.593e-08, Loss_gauge: 0.000e+00, w_pde: 1.00e+00, L^2_error: 2.441e-02, lr: 1.000e-03, Time: 5.30e+01
INFO:src.utils.logger:Model state saved to results\ho\Classical\20260501-153951_seed0_bf_ho_2-64-64-64-2_seed42\checkpoints\2026-05-01_15-40-06-331882_ho_Classical_seed42\model.pth
INFO:src.utils.logger:Model weights saved to results\ho\Classical\20260501-153951_seed0_bf_ho_2-64-64-64-2_seed42\checkpoints\2026-05-01_15-40-06-331882_ho_Classical_seed42\model_weights.pth
INFO:src.utils.logger:It: 850, Loss: 1.981e-02, Loss_res: 2.558e-03,  Loss_bcs: 1.781e-04, Loss_ut_ics: 8.538e-05, Loss_norm: 1.321e-07, Loss_gauge: 0.000e+00, w_pde: 1.00e+00, L^2_error: 2.426e-02, lr: 1.000e-03, Time: 5.34e+01
INFO:src.utils.logger:Model state saved to results\ho\Classical\20260501-153951_seed0_bf_ho_2-64-64-64-2_seed42\checkpoints\2026-05-01_15-40-06-331882_ho_Classical_seed42\model.pth
INFO:src.utils.logger:Model weights saved to results\ho\Classical\20260501-153951_seed0_bf_ho_2-64-64-64-2_seed42\checkpoints\2026-05-01_15-40-06-331882_ho_Classical_seed42\model_weights.pth
INFO:src.utils.logger:It: 860, Loss: 1.953e-02, Loss_res: 2.480e-03,  Loss_bcs: 1.732e-04, Loss_ut_ics: 8.438e-05, Loss_norm: 6.800e-08, Loss_gauge: 0.000e+00, w_pde: 1.00e+00, L^2_error: 2.418e-02, lr: 1.000e-03, Time: 5.39e+01
INFO:src.utils.logger:Model state saved to results\ho\Classical\20260501-153951_seed0_bf_ho_2-64-64-64-2_seed42\checkpoints\2026-05-01_15-40-06-331882_ho_Classical_seed42\model.pth
INFO:src.utils.logger:Model weights saved to results\ho\Classical\20260501-153951_seed0_bf_ho_2-64-64-64-2_seed42\checkpoints\2026-05-01_15-40-06-331882_ho_Classical_seed42\model_weights.pth
INFO:src.utils.logger:It: 870, Loss: 1.924e-02, Loss_res: 2.302e-03,  Loss_bcs: 1.724e-04, Loss_ut_ics: 8.384e-05, Loss_norm: 1.466e-07, Loss_gauge: 0.000e+00, w_pde: 1.00e+00, L^2_error: 2.408e-02, lr: 1.000e-03, Time: 5.45e+01
INFO:src.utils.logger:Model state saved to results\ho\Classical\20260501-153951_seed0_bf_ho_2-64-64-64-2_seed42\checkpoints\2026-05-01_15-40-06-331882_ho_Classical_seed42\model.pth
INFO:src.utils.logger:Model weights saved to results\ho\Classical\20260501-153951_seed0_bf_ho_2-64-64-64-2_seed42\checkpoints\2026-05-01_15-40-06-331882_ho_Classical_seed42\model_weights.pth
INFO:src.utils.logger:It: 880, Loss: 1.921e-02, Loss_res: 2.271e-03,  Loss_bcs: 1.729e-04, Loss_ut_ics: 8.381e-05, Loss_norm: 8.567e-08, Loss_gauge: 0.000e+00, w_pde: 1.00e+00, L^2_error: 2.419e-02, lr: 1.000e-03, Time: 5.50e+01
INFO:src.utils.logger:Model state saved to results\ho\Classical\20260501-153951_seed0_bf_ho_2-64-64-64-2_seed42\checkpoints\2026-05-01_15-40-06-331882_ho_Classical_seed42\model.pth
INFO:src.utils.logger:Model weights saved to results\ho\Classical\20260501-153951_seed0_bf_ho_2-64-64-64-2_seed42\checkpoints\2026-05-01_15-40-06-331882_ho_Classical_seed42\model_weights.pth
INFO:src.utils.logger:It: 890, Loss: 2.174e-02, Loss_res: 2.260e-03,  Loss_bcs: 1.972e-04, Loss_ut_ics: 9.643e-05, Loss_norm: 2.238e-08, Loss_gauge: 0.000e+00, w_pde: 1.00e+00, L^2_error: 2.708e-02, lr: 1.000e-03, Time: 5.54e+01
INFO:src.utils.logger:Model state saved to results\ho\Classical\20260501-153951_seed0_bf_ho_2-64-64-64-2_seed42\checkpoints\2026-05-01_15-40-06-331882_ho_Classical_seed42\model.pth
INFO:src.utils.logger:Model weights saved to results\ho\Classical\20260501-153951_seed0_bf_ho_2-64-64-64-2_seed42\checkpoints\2026-05-01_15-40-06-331882_ho_Classical_seed42\model_weights.pth
INFO:src.utils.logger:It: 900, Loss: 1.044e-01, Loss_res: 4.889e-03,  Loss_bcs: 9.438e-04, Loss_ut_ics: 4.928e-04, Loss_norm: 4.844e-06, Loss_gauge: 0.000e+00, w_pde: 1.00e+00, L^2_error: 4.833e-02, lr: 1.000e-03, Time: 5.59e+01
INFO:src.utils.logger:Model state saved to results\ho\Classical\20260501-153951_seed0_bf_ho_2-64-64-64-2_seed42\checkpoints\2026-05-01_15-40-06-331882_ho_Classical_seed42\model.pth
INFO:src.utils.logger:Model weights saved to results\ho\Classical\20260501-153951_seed0_bf_ho_2-64-64-64-2_seed42\checkpoints\2026-05-01_15-40-06-331882_ho_Classical_seed42\model_weights.pth
INFO:src.utils.logger:It: 910, Loss: 2.040e-02, Loss_res: 2.374e-03,  Loss_bcs: 1.837e-04, Loss_ut_ics: 8.918e-05, Loss_norm: 3.803e-07, Loss_gauge: 0.000e+00, w_pde: 1.00e+00, L^2_error: 3.035e-02, lr: 1.000e-03, Time: 5.64e+01
INFO:src.utils.logger:Model state saved to results\ho\Classical\20260501-153951_seed0_bf_ho_2-64-64-64-2_seed42\checkpoints\2026-05-01_15-40-06-331882_ho_Classical_seed42\model.pth
INFO:src.utils.logger:Model weights saved to results\ho\Classical\20260501-153951_seed0_bf_ho_2-64-64-64-2_seed42\checkpoints\2026-05-01_15-40-06-331882_ho_Classical_seed42\model_weights.pth
INFO:src.utils.logger:It: 920, Loss: 2.114e-02, Loss_res: 2.433e-03,  Loss_bcs: 1.862e-04, Loss_ut_ics: 9.262e-05, Loss_norm: 5.863e-08, Loss_gauge: 0.000e+00, w_pde: 1.00e+00, L^2_error: 2.358e-02, lr: 1.000e-03, Time: 5.71e+01
INFO:src.utils.logger:Model state saved to results\ho\Classical\20260501-153951_seed0_bf_ho_2-64-64-64-2_seed42\checkpoints\2026-05-01_15-40-06-331882_ho_Classical_seed42\model.pth
INFO:src.utils.logger:Model weights saved to results\ho\Classical\20260501-153951_seed0_bf_ho_2-64-64-64-2_seed42\checkpoints\2026-05-01_15-40-06-331882_ho_Classical_seed42\model_weights.pth
INFO:src.utils.logger:It: 930, Loss: 2.138e-02, Loss_res: 2.383e-03,  Loss_bcs: 1.910e-04, Loss_ut_ics: 9.400e-05, Loss_norm: 4.689e-07, Loss_gauge: 0.000e+00, w_pde: 1.00e+00, L^2_error: 2.402e-02, lr: 1.000e-03, Time: 5.76e+01
INFO:src.utils.logger:Model state saved to results\ho\Classical\20260501-153951_seed0_bf_ho_2-64-64-64-2_seed42\checkpoints\2026-05-01_15-40-06-331882_ho_Classical_seed42\model.pth
INFO:src.utils.logger:Model weights saved to results\ho\Classical\20260501-153951_seed0_bf_ho_2-64-64-64-2_seed42\checkpoints\2026-05-01_15-40-06-331882_ho_Classical_seed42\model_weights.pth
INFO:src.utils.logger:It: 940, Loss: 1.923e-02, Loss_res: 2.278e-03,  Loss_bcs: 1.707e-04, Loss_ut_ics: 8.390e-05, Loss_norm: 2.708e-07, Loss_gauge: 0.000e+00, w_pde: 1.00e+00, L^2_error: 2.389e-02, lr: 1.000e-03, Time: 5.81e+01
INFO:src.utils.logger:Model state saved to results\ho\Classical\20260501-153951_seed0_bf_ho_2-64-64-64-2_seed42\checkpoints\2026-05-01_15-40-06-331882_ho_Classical_seed42\model.pth
INFO:src.utils.logger:Model weights saved to results\ho\Classical\20260501-153951_seed0_bf_ho_2-64-64-64-2_seed42\checkpoints\2026-05-01_15-40-06-331882_ho_Classical_seed42\model_weights.pth
INFO:src.utils.logger:It: 950, Loss: 1.836e-02, Loss_res: 2.123e-03,  Loss_bcs: 1.640e-04, Loss_ut_ics: 8.035e-05, Loss_norm: 1.153e-07, Loss_gauge: 0.000e+00, w_pde: 1.00e+00, L^2_error: 2.335e-02, lr: 1.000e-03, Time: 5.87e+01
INFO:src.utils.logger:Model state saved to results\ho\Classical\20260501-153951_seed0_bf_ho_2-64-64-64-2_seed42\checkpoints\2026-05-01_15-40-06-331882_ho_Classical_seed42\model.pth
INFO:src.utils.logger:Model weights saved to results\ho\Classical\20260501-153951_seed0_bf_ho_2-64-64-64-2_seed42\checkpoints\2026-05-01_15-40-06-331882_ho_Classical_seed42\model_weights.pth
INFO:src.utils.logger:It: 960, Loss: 1.845e-02, Loss_res: 2.219e-03,  Loss_bcs: 1.659e-04, Loss_ut_ics: 8.034e-05, Loss_norm: 1.491e-07, Loss_gauge: 0.000e+00, w_pde: 1.00e+00, L^2_error: 2.352e-02, lr: 1.000e-03, Time: 5.91e+01
INFO:src.utils.logger:Model state saved to results\ho\Classical\20260501-153951_seed0_bf_ho_2-64-64-64-2_seed42\checkpoints\2026-05-01_15-40-06-331882_ho_Classical_seed42\model.pth
INFO:src.utils.logger:Model weights saved to results\ho\Classical\20260501-153951_seed0_bf_ho_2-64-64-64-2_seed42\checkpoints\2026-05-01_15-40-06-331882_ho_Classical_seed42\model_weights.pth
INFO:src.utils.logger:It: 970, Loss: 1.818e-02, Loss_res: 2.218e-03,  Loss_bcs: 1.600e-04, Loss_ut_ics: 7.902e-05, Loss_norm: 1.100e-07, Loss_gauge: 0.000e+00, w_pde: 1.00e+00, L^2_error: 2.330e-02, lr: 1.000e-03, Time: 5.96e+01
INFO:src.utils.logger:Model state saved to results\ho\Classical\20260501-153951_seed0_bf_ho_2-64-64-64-2_seed42\checkpoints\2026-05-01_15-40-06-331882_ho_Classical_seed42\model.pth
INFO:src.utils.logger:Model weights saved to results\ho\Classical\20260501-153951_seed0_bf_ho_2-64-64-64-2_seed42\checkpoints\2026-05-01_15-40-06-331882_ho_Classical_seed42\model_weights.pth
INFO:src.utils.logger:It: 980, Loss: 1.808e-02, Loss_res: 2.181e-03,  Loss_bcs: 1.580e-04, Loss_ut_ics: 7.871e-05, Loss_norm: 8.687e-08, Loss_gauge: 0.000e+00, w_pde: 1.00e+00, L^2_error: 2.310e-02, lr: 1.000e-03, Time: 6.00e+01
INFO:src.utils.logger:Model state saved to results\ho\Classical\20260501-153951_seed0_bf_ho_2-64-64-64-2_seed42\checkpoints\2026-05-01_15-40-06-331882_ho_Classical_seed42\model.pth
INFO:src.utils.logger:Model weights saved to results\ho\Classical\20260501-153951_seed0_bf_ho_2-64-64-64-2_seed42\checkpoints\2026-05-01_15-40-06-331882_ho_Classical_seed42\model_weights.pth
INFO:src.utils.logger:It: 990, Loss: 1.796e-02, Loss_res: 2.085e-03,  Loss_bcs: 1.565e-04, Loss_ut_ics: 7.857e-05, Loss_norm: 1.091e-07, Loss_gauge: 0.000e+00, w_pde: 1.00e+00, L^2_error: 2.316e-02, lr: 1.000e-03, Time: 6.04e+01
INFO:src.utils.logger:Model state saved to results\ho\Classical\20260501-153951_seed0_bf_ho_2-64-64-64-2_seed42\checkpoints\2026-05-01_15-40-06-331882_ho_Classical_seed42\model.pth
INFO:src.utils.logger:Model weights saved to results\ho\Classical\20260501-153951_seed0_bf_ho_2-64-64-64-2_seed42\checkpoints\2026-05-01_15-40-06-331882_ho_Classical_seed42\model_weights.pth
INFO:src.utils.logger:It: 1000, Loss: 1.807e-02, Loss_res: 2.285e-03,  Loss_bcs: 1.550e-04, Loss_ut_ics: 7.814e-05, Loss_norm: 1.586e-07, Loss_gauge: 0.000e+00, w_pde: 1.00e+00, L^2_error: 2.299e-02, lr: 1.000e-03, Time: 6.09e+01
INFO:src.utils.logger:Model state saved to results\ho\Classical\20260501-153951_seed0_bf_ho_2-64-64-64-2_seed42\checkpoints\2026-05-01_15-40-06-331882_ho_Classical_seed42\model.pth
INFO:src.utils.logger:Model weights saved to results\ho\Classical\20260501-153951_seed0_bf_ho_2-64-64-64-2_seed42\checkpoints\2026-05-01_15-40-06-331882_ho_Classical_seed42\model_weights.pth
INFO:src.utils.logger:It: 1010, Loss: 1.781e-02, Loss_res: 2.201e-03,  Loss_bcs: 1.522e-04, Loss_ut_ics: 7.730e-05, Loss_norm: 8.109e-08, Loss_gauge: 0.000e+00, w_pde: 1.00e+00, L^2_error: 2.312e-02, lr: 1.000e-03, Time: 6.14e+01
INFO:src.utils.logger:Model state saved to results\ho\Classical\20260501-153951_seed0_bf_ho_2-64-64-64-2_seed42\checkpoints\2026-05-01_15-40-06-331882_ho_Classical_seed42\model.pth
INFO:src.utils.logger:Model weights saved to results\ho\Classical\20260501-153951_seed0_bf_ho_2-64-64-64-2_seed42\checkpoints\2026-05-01_15-40-06-331882_ho_Classical_seed42\model_weights.pth
INFO:src.utils.logger:It: 1020, Loss: 1.761e-02, Loss_res: 2.097e-03,  Loss_bcs: 1.514e-04, Loss_ut_ics: 7.679e-05, Loss_norm: 2.798e-07, Loss_gauge: 0.000e+00, w_pde: 1.00e+00, L^2_error: 2.284e-02, lr: 1.000e-03, Time: 6.19e+01
INFO:src.utils.logger:Model state saved to results\ho\Classical\20260501-153951_seed0_bf_ho_2-64-64-64-2_seed42\checkpoints\2026-05-01_15-40-06-331882_ho_Classical_seed42\model.pth
INFO:src.utils.logger:Model weights saved to results\ho\Classical\20260501-153951_seed0_bf_ho_2-64-64-64-2_seed42\checkpoints\2026-05-01_15-40-06-331882_ho_Classical_seed42\model_weights.pth
INFO:src.utils.logger:It: 1030, Loss: 1.749e-02, Loss_res: 2.115e-03,  Loss_bcs: 1.516e-04, Loss_ut_ics: 7.612e-05, Loss_norm: 1.214e-07, Loss_gauge: 0.000e+00, w_pde: 1.00e+00, L^2_error: 2.278e-02, lr: 1.000e-03, Time: 6.24e+01
INFO:src.utils.logger:Model state saved to results\ho\Classical\20260501-153951_seed0_bf_ho_2-64-64-64-2_seed42\checkpoints\2026-05-01_15-40-06-331882_ho_Classical_seed42\model.pth
INFO:src.utils.logger:Model weights saved to results\ho\Classical\20260501-153951_seed0_bf_ho_2-64-64-64-2_seed42\checkpoints\2026-05-01_15-40-06-331882_ho_Classical_seed42\model_weights.pth
INFO:src.utils.logger:It: 1040, Loss: 1.760e-02, Loss_res: 2.197e-03,  Loss_bcs: 1.472e-04, Loss_ut_ics: 7.629e-05, Loss_norm: 5.337e-08, Loss_gauge: 0.000e+00, w_pde: 1.00e+00, L^2_error: 2.292e-02, lr: 1.000e-03, Time: 6.29e+01
INFO:src.utils.logger:Model state saved to results\ho\Classical\20260501-153951_seed0_bf_ho_2-64-64-64-2_seed42\checkpoints\2026-05-01_15-40-06-331882_ho_Classical_seed42\model.pth
INFO:src.utils.logger:Model weights saved to results\ho\Classical\20260501-153951_seed0_bf_ho_2-64-64-64-2_seed42\checkpoints\2026-05-01_15-40-06-331882_ho_Classical_seed42\model_weights.pth
INFO:src.utils.logger:It: 1050, Loss: 2.453e-02, Loss_res: 2.265e-03,  Loss_bcs: 2.179e-04, Loss_ut_ics: 1.103e-04, Loss_norm: 6.336e-08, Loss_gauge: 0.000e+00, w_pde: 1.00e+00, L^2_error: 2.903e-02, lr: 1.000e-03, Time: 6.34e+01
INFO:src.utils.logger:Model state saved to results\ho\Classical\20260501-153951_seed0_bf_ho_2-64-64-64-2_seed42\checkpoints\2026-05-01_15-40-06-331882_ho_Classical_seed42\model.pth
INFO:src.utils.logger:Model weights saved to results\ho\Classical\20260501-153951_seed0_bf_ho_2-64-64-64-2_seed42\checkpoints\2026-05-01_15-40-06-331882_ho_Classical_seed42\model_weights.pth
INFO:src.utils.logger:It: 1060, Loss: 5.793e-02, Loss_res: 3.188e-03,  Loss_bcs: 5.231e-04, Loss_ut_ics: 2.711e-04, Loss_norm: 8.862e-07, Loss_gauge: 0.000e+00, w_pde: 1.00e+00, L^2_error: 3.097e-02, lr: 1.000e-03, Time: 6.38e+01
INFO:src.utils.logger:Model state saved to results\ho\Classical\20260501-153951_seed0_bf_ho_2-64-64-64-2_seed42\checkpoints\2026-05-01_15-40-06-331882_ho_Classical_seed42\model.pth
INFO:src.utils.logger:Model weights saved to results\ho\Classical\20260501-153951_seed0_bf_ho_2-64-64-64-2_seed42\checkpoints\2026-05-01_15-40-06-331882_ho_Classical_seed42\model_weights.pth
INFO:src.utils.logger:It: 1070, Loss: 1.898e-02, Loss_res: 2.174e-03,  Loss_bcs: 1.647e-04, Loss_ut_ics: 8.321e-05, Loss_norm: 5.707e-08, Loss_gauge: 0.000e+00, w_pde: 1.00e+00, L^2_error: 2.781e-02, lr: 1.000e-03, Time: 6.43e+01
INFO:src.utils.logger:Model state saved to results\ho\Classical\20260501-153951_seed0_bf_ho_2-64-64-64-2_seed42\checkpoints\2026-05-01_15-40-06-331882_ho_Classical_seed42\model.pth
INFO:src.utils.logger:Model weights saved to results\ho\Classical\20260501-153951_seed0_bf_ho_2-64-64-64-2_seed42\checkpoints\2026-05-01_15-40-06-331882_ho_Classical_seed42\model_weights.pth
INFO:src.utils.logger:It: 1080, Loss: 2.199e-02, Loss_res: 2.266e-03,  Loss_bcs: 1.875e-04, Loss_ut_ics: 9.769e-05, Loss_norm: 3.755e-07, Loss_gauge: 0.000e+00, w_pde: 1.00e+00, L^2_error: 2.355e-02, lr: 1.000e-03, Time: 6.47e+01
INFO:src.utils.logger:Model state saved to results\ho\Classical\20260501-153951_seed0_bf_ho_2-64-64-64-2_seed42\checkpoints\2026-05-01_15-40-06-331882_ho_Classical_seed42\model.pth
INFO:src.utils.logger:Model weights saved to results\ho\Classical\20260501-153951_seed0_bf_ho_2-64-64-64-2_seed42\checkpoints\2026-05-01_15-40-06-331882_ho_Classical_seed42\model_weights.pth
INFO:src.utils.logger:It: 1090, Loss: 1.760e-02, Loss_res: 2.132e-03,  Loss_bcs: 1.478e-04, Loss_ut_ics: 7.658e-05, Loss_norm: 4.478e-07, Loss_gauge: 0.000e+00, w_pde: 1.00e+00, L^2_error: 2.323e-02, lr: 1.000e-03, Time: 6.52e+01
INFO:src.utils.logger:Model state saved to results\ho\Classical\20260501-153951_seed0_bf_ho_2-64-64-64-2_seed42\checkpoints\2026-05-01_15-40-06-331882_ho_Classical_seed42\model.pth
INFO:src.utils.logger:Model weights saved to results\ho\Classical\20260501-153951_seed0_bf_ho_2-64-64-64-2_seed42\checkpoints\2026-05-01_15-40-06-331882_ho_Classical_seed42\model_weights.pth
INFO:src.utils.logger:It: 1100, Loss: 1.741e-02, Loss_res: 2.026e-03,  Loss_bcs: 1.509e-04, Loss_ut_ics: 7.617e-05, Loss_norm: 6.044e-08, Loss_gauge: 0.000e+00, w_pde: 1.00e+00, L^2_error: 2.251e-02, lr: 1.000e-03, Time: 6.57e+01
INFO:src.utils.logger:Model state saved to results\ho\Classical\20260501-153951_seed0_bf_ho_2-64-64-64-2_seed42\checkpoints\2026-05-01_15-40-06-331882_ho_Classical_seed42\model.pth
INFO:src.utils.logger:Model weights saved to results\ho\Classical\20260501-153951_seed0_bf_ho_2-64-64-64-2_seed42\checkpoints\2026-05-01_15-40-06-331882_ho_Classical_seed42\model_weights.pth
INFO:src.utils.logger:It: 1110, Loss: 1.663e-02, Loss_res: 1.982e-03,  Loss_bcs: 1.390e-04, Loss_ut_ics: 7.254e-05, Loss_norm: 2.199e-07, Loss_gauge: 0.000e+00, w_pde: 1.00e+00, L^2_error: 2.234e-02, lr: 1.000e-03, Time: 6.61e+01
INFO:src.utils.logger:Model state saved to results\ho\Classical\20260501-153951_seed0_bf_ho_2-64-64-64-2_seed42\checkpoints\2026-05-01_15-40-06-331882_ho_Classical_seed42\model.pth
INFO:src.utils.logger:Model weights saved to results\ho\Classical\20260501-153951_seed0_bf_ho_2-64-64-64-2_seed42\checkpoints\2026-05-01_15-40-06-331882_ho_Classical_seed42\model_weights.pth
INFO:src.utils.logger:It: 1120, Loss: 1.667e-02, Loss_res: 2.003e-03,  Loss_bcs: 1.391e-04, Loss_ut_ics: 7.262e-05, Loss_norm: 1.328e-07, Loss_gauge: 0.000e+00, w_pde: 1.00e+00, L^2_error: 2.215e-02, lr: 1.000e-03, Time: 6.66e+01
INFO:src.utils.logger:Model state saved to results\ho\Classical\20260501-153951_seed0_bf_ho_2-64-64-64-2_seed42\checkpoints\2026-05-01_15-40-06-331882_ho_Classical_seed42\model.pth
INFO:src.utils.logger:Model weights saved to results\ho\Classical\20260501-153951_seed0_bf_ho_2-64-64-64-2_seed42\checkpoints\2026-05-01_15-40-06-331882_ho_Classical_seed42\model_weights.pth
INFO:src.utils.logger:It: 1130, Loss: 1.640e-02, Loss_res: 1.889e-03,  Loss_bcs: 1.359e-04, Loss_ut_ics: 7.190e-05, Loss_norm: 5.198e-08, Loss_gauge: 0.000e+00, w_pde: 1.00e+00, L^2_error: 2.217e-02, lr: 1.000e-03, Time: 6.70e+01
INFO:src.utils.logger:Model state saved to results\ho\Classical\20260501-153951_seed0_bf_ho_2-64-64-64-2_seed42\checkpoints\2026-05-01_15-40-06-331882_ho_Classical_seed42\model.pth
INFO:src.utils.logger:Model weights saved to results\ho\Classical\20260501-153951_seed0_bf_ho_2-64-64-64-2_seed42\checkpoints\2026-05-01_15-40-06-331882_ho_Classical_seed42\model_weights.pth
INFO:src.utils.logger:It: 1140, Loss: 1.641e-02, Loss_res: 2.059e-03,  Loss_bcs: 1.347e-04, Loss_ut_ics: 7.108e-05, Loss_norm: 1.849e-07, Loss_gauge: 0.000e+00, w_pde: 1.00e+00, L^2_error: 2.216e-02, lr: 1.000e-03, Time: 6.75e+01
INFO:src.utils.logger:Model state saved to results\ho\Classical\20260501-153951_seed0_bf_ho_2-64-64-64-2_seed42\checkpoints\2026-05-01_15-40-06-331882_ho_Classical_seed42\model.pth
INFO:src.utils.logger:Model weights saved to results\ho\Classical\20260501-153951_seed0_bf_ho_2-64-64-64-2_seed42\checkpoints\2026-05-01_15-40-06-331882_ho_Classical_seed42\model_weights.pth
INFO:src.utils.logger:It: 1150, Loss: 1.619e-02, Loss_res: 1.936e-03,  Loss_bcs: 1.324e-04, Loss_ut_ics: 7.063e-05, Loss_norm: 1.987e-07, Loss_gauge: 0.000e+00, w_pde: 1.00e+00, L^2_error: 2.194e-02, lr: 1.000e-03, Time: 6.79e+01
INFO:src.utils.logger:Model state saved to results\ho\Classical\20260501-153951_seed0_bf_ho_2-64-64-64-2_seed42\checkpoints\2026-05-01_15-40-06-331882_ho_Classical_seed42\model.pth
INFO:src.utils.logger:Model weights saved to results\ho\Classical\20260501-153951_seed0_bf_ho_2-64-64-64-2_seed42\checkpoints\2026-05-01_15-40-06-331882_ho_Classical_seed42\model_weights.pth
INFO:src.utils.logger:It: 1160, Loss: 1.627e-02, Loss_res: 2.091e-03,  Loss_bcs: 1.292e-04, Loss_ut_ics: 7.024e-05, Loss_norm: 9.030e-08, Loss_gauge: 0.000e+00, w_pde: 1.00e+00, L^2_error: 2.187e-02, lr: 1.000e-03, Time: 6.84e+01
INFO:src.utils.logger:Model state saved to results\ho\Classical\20260501-153951_seed0_bf_ho_2-64-64-64-2_seed42\checkpoints\2026-05-01_15-40-06-331882_ho_Classical_seed42\model.pth
INFO:src.utils.logger:Model weights saved to results\ho\Classical\20260501-153951_seed0_bf_ho_2-64-64-64-2_seed42\checkpoints\2026-05-01_15-40-06-331882_ho_Classical_seed42\model_weights.pth
INFO:src.utils.logger:It: 1170, Loss: 1.604e-02, Loss_res: 1.958e-03,  Loss_bcs: 1.298e-04, Loss_ut_ics: 6.976e-05, Loss_norm: 6.163e-08, Loss_gauge: 0.000e+00, w_pde: 1.00e+00, L^2_error: 2.185e-02, lr: 1.000e-03, Time: 6.88e+01
INFO:src.utils.logger:Model state saved to results\ho\Classical\20260501-153951_seed0_bf_ho_2-64-64-64-2_seed42\checkpoints\2026-05-01_15-40-06-331882_ho_Classical_seed42\model.pth
INFO:src.utils.logger:Model weights saved to results\ho\Classical\20260501-153951_seed0_bf_ho_2-64-64-64-2_seed42\checkpoints\2026-05-01_15-40-06-331882_ho_Classical_seed42\model_weights.pth
INFO:src.utils.logger:It: 1180, Loss: 1.579e-02, Loss_res: 1.798e-03,  Loss_bcs: 1.320e-04, Loss_ut_ics: 6.929e-05, Loss_norm: 2.041e-07, Loss_gauge: 0.000e+00, w_pde: 1.00e+00, L^2_error: 2.175e-02, lr: 1.000e-03, Time: 6.93e+01
INFO:src.utils.logger:Model state saved to results\ho\Classical\20260501-153951_seed0_bf_ho_2-64-64-64-2_seed42\checkpoints\2026-05-01_15-40-06-331882_ho_Classical_seed42\model.pth
INFO:src.utils.logger:Model weights saved to results\ho\Classical\20260501-153951_seed0_bf_ho_2-64-64-64-2_seed42\checkpoints\2026-05-01_15-40-06-331882_ho_Classical_seed42\model_weights.pth
INFO:src.utils.logger:It: 1190, Loss: 1.599e-02, Loss_res: 1.926e-03,  Loss_bcs: 1.255e-04, Loss_ut_ics: 6.971e-05, Loss_norm: 1.001e-07, Loss_gauge: 0.000e+00, w_pde: 1.00e+00, L^2_error: 2.193e-02, lr: 1.000e-03, Time: 6.97e+01
INFO:src.utils.logger:Model state saved to results\ho\Classical\20260501-153951_seed0_bf_ho_2-64-64-64-2_seed42\checkpoints\2026-05-01_15-40-06-331882_ho_Classical_seed42\model.pth
INFO:src.utils.logger:Model weights saved to results\ho\Classical\20260501-153951_seed0_bf_ho_2-64-64-64-2_seed42\checkpoints\2026-05-01_15-40-06-331882_ho_Classical_seed42\model_weights.pth
INFO:src.utils.logger:It: 1200, Loss: 2.824e-02, Loss_res: 2.449e-03,  Loss_bcs: 2.223e-04, Loss_ut_ics: 1.278e-04, Loss_norm: 6.426e-07, Loss_gauge: 0.000e+00, w_pde: 1.00e+00, L^2_error: 3.244e-02, lr: 1.000e-03, Time: 7.02e+01
INFO:src.utils.logger:Model state saved to results\ho\Classical\20260501-153951_seed0_bf_ho_2-64-64-64-2_seed42\checkpoints\2026-05-01_15-40-06-331882_ho_Classical_seed42\model.pth
INFO:src.utils.logger:Model weights saved to results\ho\Classical\20260501-153951_seed0_bf_ho_2-64-64-64-2_seed42\checkpoints\2026-05-01_15-40-06-331882_ho_Classical_seed42\model_weights.pth
INFO:src.utils.logger:It: 1210, Loss: 2.391e-02, Loss_res: 2.162e-03,  Loss_bcs: 1.888e-04, Loss_ut_ics: 1.077e-04, Loss_norm: 3.195e-06, Loss_gauge: 0.000e+00, w_pde: 1.00e+00, L^2_error: 2.263e-02, lr: 1.000e-03, Time: 7.06e+01
INFO:src.utils.logger:Model state saved to results\ho\Classical\20260501-153951_seed0_bf_ho_2-64-64-64-2_seed42\checkpoints\2026-05-01_15-40-06-331882_ho_Classical_seed42\model.pth
INFO:src.utils.logger:Model weights saved to results\ho\Classical\20260501-153951_seed0_bf_ho_2-64-64-64-2_seed42\checkpoints\2026-05-01_15-40-06-331882_ho_Classical_seed42\model_weights.pth
INFO:src.utils.logger:It: 1220, Loss: 4.009e-02, Loss_res: 3.028e-03,  Loss_bcs: 3.278e-04, Loss_ut_ics: 1.837e-04, Loss_norm: 1.159e-07, Loss_gauge: 0.000e+00, w_pde: 1.00e+00, L^2_error: 2.793e-02, lr: 1.000e-03, Time: 7.11e+01
INFO:src.utils.logger:Model state saved to results\ho\Classical\20260501-153951_seed0_bf_ho_2-64-64-64-2_seed42\checkpoints\2026-05-01_15-40-06-331882_ho_Classical_seed42\model.pth
INFO:src.utils.logger:Model weights saved to results\ho\Classical\20260501-153951_seed0_bf_ho_2-64-64-64-2_seed42\checkpoints\2026-05-01_15-40-06-331882_ho_Classical_seed42\model_weights.pth
INFO:src.utils.logger:It: 1230, Loss: 2.387e-02, Loss_res: 2.218e-03,  Loss_bcs: 1.932e-04, Loss_ut_ics: 1.073e-04, Loss_norm: 6.199e-07, Loss_gauge: 0.000e+00, w_pde: 1.00e+00, L^2_error: 2.613e-02, lr: 1.000e-03, Time: 7.15e+01
INFO:src.utils.logger:Model state saved to results\ho\Classical\20260501-153951_seed0_bf_ho_2-64-64-64-2_seed42\checkpoints\2026-05-01_15-40-06-331882_ho_Classical_seed42\model.pth
INFO:src.utils.logger:Model weights saved to results\ho\Classical\20260501-153951_seed0_bf_ho_2-64-64-64-2_seed42\checkpoints\2026-05-01_15-40-06-331882_ho_Classical_seed42\model_weights.pth
INFO:src.utils.logger:It: 1240, Loss: 1.727e-02, Loss_res: 1.916e-03,  Loss_bcs: 1.371e-04, Loss_ut_ics: 7.606e-05, Loss_norm: 2.039e-07, Loss_gauge: 0.000e+00, w_pde: 1.00e+00, L^2_error: 2.355e-02, lr: 1.000e-03, Time: 7.20e+01
INFO:src.utils.logger:Model state saved to results\ho\Classical\20260501-153951_seed0_bf_ho_2-64-64-64-2_seed42\checkpoints\2026-05-01_15-40-06-331882_ho_Classical_seed42\model.pth
INFO:src.utils.logger:Model weights saved to results\ho\Classical\20260501-153951_seed0_bf_ho_2-64-64-64-2_seed42\checkpoints\2026-05-01_15-40-06-331882_ho_Classical_seed42\model_weights.pth
INFO:src.utils.logger:It: 1250, Loss: 1.557e-02, Loss_res: 2.101e-03,  Loss_bcs: 1.239e-04, Loss_ut_ics: 6.671e-05, Loss_norm: 2.169e-07, Loss_gauge: 0.000e+00, w_pde: 1.00e+00, L^2_error: 2.179e-02, lr: 1.000e-03, Time: 7.24e+01
INFO:src.utils.logger:Model state saved to results\ho\Classical\20260501-153951_seed0_bf_ho_2-64-64-64-2_seed42\checkpoints\2026-05-01_15-40-06-331882_ho_Classical_seed42\model.pth
INFO:src.utils.logger:Model weights saved to results\ho\Classical\20260501-153951_seed0_bf_ho_2-64-64-64-2_seed42\checkpoints\2026-05-01_15-40-06-331882_ho_Classical_seed42\model_weights.pth
INFO:src.utils.logger:It: 1260, Loss: 1.529e-02, Loss_res: 1.854e-03,  Loss_bcs: 1.215e-04, Loss_ut_ics: 6.657e-05, Loss_norm: 3.552e-08, Loss_gauge: 0.000e+00, w_pde: 1.00e+00, L^2_error: 2.127e-02, lr: 1.000e-03, Time: 7.29e+01
INFO:src.utils.logger:Model state saved to results\ho\Classical\20260501-153951_seed0_bf_ho_2-64-64-64-2_seed42\checkpoints\2026-05-01_15-40-06-331882_ho_Classical_seed42\model.pth
INFO:src.utils.logger:Model weights saved to results\ho\Classical\20260501-153951_seed0_bf_ho_2-64-64-64-2_seed42\checkpoints\2026-05-01_15-40-06-331882_ho_Classical_seed42\model_weights.pth
INFO:src.utils.logger:It: 1270, Loss: 1.513e-02, Loss_res: 1.742e-03,  Loss_bcs: 1.211e-04, Loss_ut_ics: 6.631e-05, Loss_norm: 2.458e-07, Loss_gauge: 0.000e+00, w_pde: 1.00e+00, L^2_error: 2.128e-02, lr: 1.000e-03, Time: 7.34e+01
INFO:src.utils.logger:Model state saved to results\ho\Classical\20260501-153951_seed0_bf_ho_2-64-64-64-2_seed42\checkpoints\2026-05-01_15-40-06-331882_ho_Classical_seed42\model.pth
INFO:src.utils.logger:Model weights saved to results\ho\Classical\20260501-153951_seed0_bf_ho_2-64-64-64-2_seed42\checkpoints\2026-05-01_15-40-06-331882_ho_Classical_seed42\model_weights.pth
INFO:src.utils.logger:It: 1280, Loss: 1.503e-02, Loss_res: 1.887e-03,  Loss_bcs: 1.155e-04, Loss_ut_ics: 6.516e-05, Loss_norm: 4.273e-08, Loss_gauge: 0.000e+00, w_pde: 1.00e+00, L^2_error: 2.107e-02, lr: 1.000e-03, Time: 7.38e+01
INFO:src.utils.logger:Model state saved to results\ho\Classical\20260501-153951_seed0_bf_ho_2-64-64-64-2_seed42\checkpoints\2026-05-01_15-40-06-331882_ho_Classical_seed42\model.pth
INFO:src.utils.logger:Model weights saved to results\ho\Classical\20260501-153951_seed0_bf_ho_2-64-64-64-2_seed42\checkpoints\2026-05-01_15-40-06-331882_ho_Classical_seed42\model_weights.pth
INFO:src.utils.logger:It: 1290, Loss: 1.499e-02, Loss_res: 1.920e-03,  Loss_bcs: 1.152e-04, Loss_ut_ics: 6.479e-05, Loss_norm: 2.663e-07, Loss_gauge: 0.000e+00, w_pde: 1.00e+00, L^2_error: 2.107e-02, lr: 1.000e-03, Time: 7.43e+01
INFO:src.utils.logger:Model state saved to results\ho\Classical\20260501-153951_seed0_bf_ho_2-64-64-64-2_seed42\checkpoints\2026-05-01_15-40-06-331882_ho_Classical_seed42\model.pth
INFO:src.utils.logger:Model weights saved to results\ho\Classical\20260501-153951_seed0_bf_ho_2-64-64-64-2_seed42\checkpoints\2026-05-01_15-40-06-331882_ho_Classical_seed42\model_weights.pth
INFO:src.utils.logger:It: 1300, Loss: 1.480e-02, Loss_res: 1.818e-03,  Loss_bcs: 1.103e-04, Loss_ut_ics: 6.434e-05, Loss_norm: 4.317e-08, Loss_gauge: 0.000e+00, w_pde: 1.00e+00, L^2_error: 2.102e-02, lr: 1.000e-03, Time: 7.48e+01
INFO:src.utils.logger:Model state saved to results\ho\Classical\20260501-153951_seed0_bf_ho_2-64-64-64-2_seed42\checkpoints\2026-05-01_15-40-06-331882_ho_Classical_seed42\model.pth
INFO:src.utils.logger:Model weights saved to results\ho\Classical\20260501-153951_seed0_bf_ho_2-64-64-64-2_seed42\checkpoints\2026-05-01_15-40-06-331882_ho_Classical_seed42\model_weights.pth
INFO:src.utils.logger:It: 1310, Loss: 1.464e-02, Loss_res: 1.753e-03,  Loss_bcs: 1.125e-04, Loss_ut_ics: 6.388e-05, Loss_norm: 3.824e-07, Loss_gauge: 0.000e+00, w_pde: 1.00e+00, L^2_error: 2.083e-02, lr: 1.000e-03, Time: 7.53e+01
INFO:src.utils.logger:Model state saved to results\ho\Classical\20260501-153951_seed0_bf_ho_2-64-64-64-2_seed42\checkpoints\2026-05-01_15-40-06-331882_ho_Classical_seed42\model.pth
INFO:src.utils.logger:Model weights saved to results\ho\Classical\20260501-153951_seed0_bf_ho_2-64-64-64-2_seed42\checkpoints\2026-05-01_15-40-06-331882_ho_Classical_seed42\model_weights.pth
INFO:src.utils.logger:It: 1320, Loss: 1.457e-02, Loss_res: 1.784e-03,  Loss_bcs: 1.095e-04, Loss_ut_ics: 6.339e-05, Loss_norm: 2.010e-08, Loss_gauge: 0.000e+00, w_pde: 1.00e+00, L^2_error: 2.085e-02, lr: 1.000e-03, Time: 7.58e+01
INFO:src.utils.logger:Model state saved to results\ho\Classical\20260501-153951_seed0_bf_ho_2-64-64-64-2_seed42\checkpoints\2026-05-01_15-40-06-331882_ho_Classical_seed42\model.pth
INFO:src.utils.logger:Model weights saved to results\ho\Classical\20260501-153951_seed0_bf_ho_2-64-64-64-2_seed42\checkpoints\2026-05-01_15-40-06-331882_ho_Classical_seed42\model_weights.pth
INFO:src.utils.logger:It: 1330, Loss: 1.442e-02, Loss_res: 1.711e-03,  Loss_bcs: 1.095e-04, Loss_ut_ics: 6.300e-05, Loss_norm: 1.047e-07, Loss_gauge: 0.000e+00, w_pde: 1.00e+00, L^2_error: 2.074e-02, lr: 1.000e-03, Time: 7.63e+01
INFO:src.utils.logger:Model state saved to results\ho\Classical\20260501-153951_seed0_bf_ho_2-64-64-64-2_seed42\checkpoints\2026-05-01_15-40-06-331882_ho_Classical_seed42\model.pth
INFO:src.utils.logger:Model weights saved to results\ho\Classical\20260501-153951_seed0_bf_ho_2-64-64-64-2_seed42\checkpoints\2026-05-01_15-40-06-331882_ho_Classical_seed42\model_weights.pth
INFO:src.utils.logger:It: 1340, Loss: 1.442e-02, Loss_res: 1.811e-03,  Loss_bcs: 1.065e-04, Loss_ut_ics: 6.251e-05, Loss_norm: 1.632e-07, Loss_gauge: 0.000e+00, w_pde: 1.00e+00, L^2_error: 2.063e-02, lr: 1.000e-03, Time: 7.67e+01
INFO:src.utils.logger:Model state saved to results\ho\Classical\20260501-153951_seed0_bf_ho_2-64-64-64-2_seed42\checkpoints\2026-05-01_15-40-06-331882_ho_Classical_seed42\model.pth
INFO:src.utils.logger:Model weights saved to results\ho\Classical\20260501-153951_seed0_bf_ho_2-64-64-64-2_seed42\checkpoints\2026-05-01_15-40-06-331882_ho_Classical_seed42\model_weights.pth
INFO:src.utils.logger:It: 1350, Loss: 1.426e-02, Loss_res: 1.674e-03,  Loss_bcs: 1.105e-04, Loss_ut_ics: 6.236e-05, Loss_norm: 6.042e-08, Loss_gauge: 0.000e+00, w_pde: 1.00e+00, L^2_error: 2.062e-02, lr: 1.000e-03, Time: 7.72e+01
INFO:src.utils.logger:Model state saved to results\ho\Classical\20260501-153951_seed0_bf_ho_2-64-64-64-2_seed42\checkpoints\2026-05-01_15-40-06-331882_ho_Classical_seed42\model.pth
INFO:src.utils.logger:Model weights saved to results\ho\Classical\20260501-153951_seed0_bf_ho_2-64-64-64-2_seed42\checkpoints\2026-05-01_15-40-06-331882_ho_Classical_seed42\model_weights.pth
INFO:src.utils.logger:It: 1360, Loss: 1.424e-02, Loss_res: 1.766e-03,  Loss_bcs: 1.046e-04, Loss_ut_ics: 6.184e-05, Loss_norm: 8.661e-08, Loss_gauge: 0.000e+00, w_pde: 1.00e+00, L^2_error: 2.071e-02, lr: 1.000e-03, Time: 7.76e+01
INFO:src.utils.logger:Model state saved to results\ho\Classical\20260501-153951_seed0_bf_ho_2-64-64-64-2_seed42\checkpoints\2026-05-01_15-40-06-331882_ho_Classical_seed42\model.pth
INFO:src.utils.logger:Model weights saved to results\ho\Classical\20260501-153951_seed0_bf_ho_2-64-64-64-2_seed42\checkpoints\2026-05-01_15-40-06-331882_ho_Classical_seed42\model_weights.pth
INFO:src.utils.logger:It: 1370, Loss: 1.410e-02, Loss_res: 1.740e-03,  Loss_bcs: 1.047e-04, Loss_ut_ics: 6.125e-05, Loss_norm: 3.636e-08, Loss_gauge: 0.000e+00, w_pde: 1.00e+00, L^2_error: 2.063e-02, lr: 1.000e-03, Time: 7.83e+01
INFO:src.utils.logger:Model state saved to results\ho\Classical\20260501-153951_seed0_bf_ho_2-64-64-64-2_seed42\checkpoints\2026-05-01_15-40-06-331882_ho_Classical_seed42\model.pth
INFO:src.utils.logger:Model weights saved to results\ho\Classical\20260501-153951_seed0_bf_ho_2-64-64-64-2_seed42\checkpoints\2026-05-01_15-40-06-331882_ho_Classical_seed42\model_weights.pth
INFO:src.utils.logger:It: 1380, Loss: 1.416e-02, Loss_res: 1.689e-03,  Loss_bcs: 1.018e-04, Loss_ut_ics: 6.185e-05, Loss_norm: 2.077e-07, Loss_gauge: 0.000e+00, w_pde: 1.00e+00, L^2_error: 2.091e-02, lr: 1.000e-03, Time: 7.87e+01
INFO:src.utils.logger:Model state saved to results\ho\Classical\20260501-153951_seed0_bf_ho_2-64-64-64-2_seed42\checkpoints\2026-05-01_15-40-06-331882_ho_Classical_seed42\model.pth
INFO:src.utils.logger:Model weights saved to results\ho\Classical\20260501-153951_seed0_bf_ho_2-64-64-64-2_seed42\checkpoints\2026-05-01_15-40-06-331882_ho_Classical_seed42\model_weights.pth
INFO:src.utils.logger:It: 1390, Loss: 3.145e-02, Loss_res: 2.407e-03,  Loss_bcs: 2.417e-04, Loss_ut_ics: 1.440e-04, Loss_norm: 4.772e-07, Loss_gauge: 0.000e+00, w_pde: 1.00e+00, L^2_error: 3.500e-02, lr: 1.000e-03, Time: 7.92e+01
INFO:src.utils.logger:Model state saved to results\ho\Classical\20260501-153951_seed0_bf_ho_2-64-64-64-2_seed42\checkpoints\2026-05-01_15-40-06-331882_ho_Classical_seed42\model.pth
INFO:src.utils.logger:Model weights saved to results\ho\Classical\20260501-153951_seed0_bf_ho_2-64-64-64-2_seed42\checkpoints\2026-05-01_15-40-06-331882_ho_Classical_seed42\model_weights.pth
INFO:src.utils.logger:It: 1400, Loss: 1.758e-02, Loss_res: 1.821e-03,  Loss_bcs: 1.274e-04, Loss_ut_ics: 7.809e-05, Loss_norm: 1.792e-06, Loss_gauge: 0.000e+00, w_pde: 1.00e+00, L^2_error: 2.184e-02, lr: 1.000e-03, Time: 7.96e+01
INFO:src.utils.logger:Model state saved to results\ho\Classical\20260501-153951_seed0_bf_ho_2-64-64-64-2_seed42\checkpoints\2026-05-01_15-40-06-331882_ho_Classical_seed42\model.pth
INFO:src.utils.logger:Model weights saved to results\ho\Classical\20260501-153951_seed0_bf_ho_2-64-64-64-2_seed42\checkpoints\2026-05-01_15-40-06-331882_ho_Classical_seed42\model_weights.pth
INFO:src.utils.logger:It: 1410, Loss: 3.541e-02, Loss_res: 2.559e-03,  Loss_bcs: 2.798e-04, Loss_ut_ics: 1.628e-04, Loss_norm: 4.066e-07, Loss_gauge: 0.000e+00, w_pde: 1.00e+00, L^2_error: 3.026e-02, lr: 1.000e-03, Time: 8.01e+01
INFO:src.utils.logger:Model state saved to results\ho\Classical\20260501-153951_seed0_bf_ho_2-64-64-64-2_seed42\checkpoints\2026-05-01_15-40-06-331882_ho_Classical_seed42\model.pth
INFO:src.utils.logger:Model weights saved to results\ho\Classical\20260501-153951_seed0_bf_ho_2-64-64-64-2_seed42\checkpoints\2026-05-01_15-40-06-331882_ho_Classical_seed42\model_weights.pth
INFO:src.utils.logger:It: 1420, Loss: 1.502e-02, Loss_res: 1.731e-03,  Loss_bcs: 1.089e-04, Loss_ut_ics: 6.591e-05, Loss_norm: 1.132e-08, Loss_gauge: 0.000e+00, w_pde: 1.00e+00, L^2_error: 2.393e-02, lr: 1.000e-03, Time: 8.06e+01
INFO:src.utils.logger:Model state saved to results\ho\Classical\20260501-153951_seed0_bf_ho_2-64-64-64-2_seed42\checkpoints\2026-05-01_15-40-06-331882_ho_Classical_seed42\model.pth
INFO:src.utils.logger:Model weights saved to results\ho\Classical\20260501-153951_seed0_bf_ho_2-64-64-64-2_seed42\checkpoints\2026-05-01_15-40-06-331882_ho_Classical_seed42\model_weights.pth
INFO:src.utils.logger:It: 1430, Loss: 1.453e-02, Loss_res: 1.729e-03,  Loss_bcs: 1.128e-04, Loss_ut_ics: 6.345e-05, Loss_norm: 4.887e-07, Loss_gauge: 0.000e+00, w_pde: 1.00e+00, L^2_error: 2.027e-02, lr: 1.000e-03, Time: 8.10e+01
INFO:src.utils.logger:Model state saved to results\ho\Classical\20260501-153951_seed0_bf_ho_2-64-64-64-2_seed42\checkpoints\2026-05-01_15-40-06-331882_ho_Classical_seed42\model.pth
INFO:src.utils.logger:Model weights saved to results\ho\Classical\20260501-153951_seed0_bf_ho_2-64-64-64-2_seed42\checkpoints\2026-05-01_15-40-06-331882_ho_Classical_seed42\model_weights.pth
INFO:src.utils.logger:It: 1440, Loss: 1.454e-02, Loss_res: 1.728e-03,  Loss_bcs: 1.093e-04, Loss_ut_ics: 6.353e-05, Loss_norm: 6.055e-08, Loss_gauge: 0.000e+00, w_pde: 1.00e+00, L^2_error: 2.054e-02, lr: 1.000e-03, Time: 8.15e+01
INFO:src.utils.logger:Model state saved to results\ho\Classical\20260501-153951_seed0_bf_ho_2-64-64-64-2_seed42\checkpoints\2026-05-01_15-40-06-331882_ho_Classical_seed42\model.pth
INFO:src.utils.logger:Model weights saved to results\ho\Classical\20260501-153951_seed0_bf_ho_2-64-64-64-2_seed42\checkpoints\2026-05-01_15-40-06-331882_ho_Classical_seed42\model_weights.pth
INFO:src.utils.logger:It: 1450, Loss: 1.341e-02, Loss_res: 1.711e-03,  Loss_bcs: 9.683e-05, Loss_ut_ics: 5.801e-05, Loss_norm: 3.211e-07, Loss_gauge: 0.000e+00, w_pde: 1.00e+00, L^2_error: 2.006e-02, lr: 1.000e-03, Time: 8.19e+01
INFO:src.utils.logger:Model state saved to results\ho\Classical\20260501-153951_seed0_bf_ho_2-64-64-64-2_seed42\checkpoints\2026-05-01_15-40-06-331882_ho_Classical_seed42\model.pth
INFO:src.utils.logger:Model weights saved to results\ho\Classical\20260501-153951_seed0_bf_ho_2-64-64-64-2_seed42\checkpoints\2026-05-01_15-40-06-331882_ho_Classical_seed42\model_weights.pth
INFO:src.utils.logger:It: 1460, Loss: 1.334e-02, Loss_res: 1.601e-03,  Loss_bcs: 9.223e-05, Loss_ut_ics: 5.821e-05, Loss_norm: 6.030e-08, Loss_gauge: 0.000e+00, w_pde: 1.00e+00, L^2_error: 2.012e-02, lr: 1.000e-03, Time: 8.24e+01
INFO:src.utils.logger:Model state saved to results\ho\Classical\20260501-153951_seed0_bf_ho_2-64-64-64-2_seed42\checkpoints\2026-05-01_15-40-06-331882_ho_Classical_seed42\model.pth
INFO:src.utils.logger:Model weights saved to results\ho\Classical\20260501-153951_seed0_bf_ho_2-64-64-64-2_seed42\checkpoints\2026-05-01_15-40-06-331882_ho_Classical_seed42\model_weights.pth
INFO:src.utils.logger:It: 1470, Loss: 1.314e-02, Loss_res: 1.596e-03,  Loss_bcs: 9.259e-05, Loss_ut_ics: 5.724e-05, Loss_norm: 1.068e-08, Loss_gauge: 0.000e+00, w_pde: 1.00e+00, L^2_error: 1.990e-02, lr: 1.000e-03, Time: 8.28e+01
INFO:src.utils.logger:Model state saved to results\ho\Classical\20260501-153951_seed0_bf_ho_2-64-64-64-2_seed42\checkpoints\2026-05-01_15-40-06-331882_ho_Classical_seed42\model.pth
INFO:src.utils.logger:Model weights saved to results\ho\Classical\20260501-153951_seed0_bf_ho_2-64-64-64-2_seed42\checkpoints\2026-05-01_15-40-06-331882_ho_Classical_seed42\model_weights.pth
INFO:src.utils.logger:It: 1480, Loss: 1.290e-02, Loss_res: 1.466e-03,  Loss_bcs: 8.959e-05, Loss_ut_ics: 5.674e-05, Loss_norm: 8.727e-08, Loss_gauge: 0.000e+00, w_pde: 1.00e+00, L^2_error: 1.980e-02, lr: 1.000e-03, Time: 8.33e+01
INFO:src.utils.logger:Model state saved to results\ho\Classical\20260501-153951_seed0_bf_ho_2-64-64-64-2_seed42\checkpoints\2026-05-01_15-40-06-331882_ho_Classical_seed42\model.pth
INFO:src.utils.logger:Model weights saved to results\ho\Classical\20260501-153951_seed0_bf_ho_2-64-64-64-2_seed42\checkpoints\2026-05-01_15-40-06-331882_ho_Classical_seed42\model_weights.pth
INFO:src.utils.logger:It: 1490, Loss: 1.302e-02, Loss_res: 1.664e-03,  Loss_bcs: 8.955e-05, Loss_ut_ics: 5.633e-05, Loss_norm: 2.361e-07, Loss_gauge: 0.000e+00, w_pde: 1.00e+00, L^2_error: 1.973e-02, lr: 1.000e-03, Time: 8.37e+01
INFO:src.utils.logger:Model state saved to results\ho\Classical\20260501-153951_seed0_bf_ho_2-64-64-64-2_seed42\checkpoints\2026-05-01_15-40-06-331882_ho_Classical_seed42\model.pth
INFO:src.utils.logger:Model weights saved to results\ho\Classical\20260501-153951_seed0_bf_ho_2-64-64-64-2_seed42\checkpoints\2026-05-01_15-40-06-331882_ho_Classical_seed42\model_weights.pth
INFO:src.utils.logger:It: 1500, Loss: 1.283e-02, Loss_res: 1.565e-03,  Loss_bcs: 8.763e-05, Loss_ut_ics: 5.588e-05, Loss_norm: 5.960e-08, Loss_gauge: 0.000e+00, w_pde: 1.00e+00, L^2_error: 1.960e-02, lr: 1.000e-03, Time: 8.42e+01
INFO:src.utils.logger:Model state saved to results\ho\Classical\20260501-153951_seed0_bf_ho_2-64-64-64-2_seed42\checkpoints\2026-05-01_15-40-06-331882_ho_Classical_seed42\model.pth
INFO:src.utils.logger:Model weights saved to results\ho\Classical\20260501-153951_seed0_bf_ho_2-64-64-64-2_seed42\checkpoints\2026-05-01_15-40-06-331882_ho_Classical_seed42\model_weights.pth
