It: 1, Loss: 5.783e+01, Loss_res: 1.119e+01,  Loss_bcs: 1.836e-01, Loss_ut_ics: 2.498e-01, Loss_norm: 1.424e+00, w_pde: 5.00e-02, L^2_error: 1.633e+00, lr: 1.000e-03, Time: 1.09e+00
Model state saved to ./results/models/checkpoints/smoke_schrodinger\2025-12-21_16-00-27-046605_ho_DV\model.pth
Model state saved to ./results/models/checkpoints/smoke_schrodinger\2025-12-21_16-00-27-046605_ho_DV\model_weights.pth
It: 10, Loss: 2.250e+01, Loss_res: 7.466e-01,  Loss_bcs: 1.221e-02, Loss_ut_ics: 9.374e-02, Loss_norm: 6.725e-01, w_pde: 5.00e-01, L^2_error: 1.035e+00, lr: 1.000e-03, Time: 1.04e+01
Model state saved to ./results/models/checkpoints/smoke_schrodinger\2025-12-21_16-00-27-046605_ho_DV\model.pth
Model state saved to ./results/models/checkpoints/smoke_schrodinger\2025-12-21_16-00-27-046605_ho_DV\model_weights.pth
It: 20, Loss: 2.209e+01, Loss_res: 7.189e-01,  Loss_bcs: 1.570e-02, Loss_ut_ics: 8.638e-02, Loss_norm: 8.165e-01, w_pde: 1.00e+00, L^2_error: 1.008e+00, lr: 1.000e-03, Time: 2.10e+01
Model state saved to ./results/models/checkpoints/smoke_schrodinger\2025-12-21_16-00-27-046605_ho_DV\model.pth
Model state saved to ./results/models/checkpoints/smoke_schrodinger\2025-12-21_16-00-27-046605_ho_DV\model_weights.pth
It: 30, Loss: 2.110e+01, Loss_res: 8.094e-01,  Loss_bcs: 1.565e-02, Loss_ut_ics: 8.112e-02, Loss_norm: 8.097e-01, w_pde: 1.00e+00, L^2_error: 9.719e-01, lr: 1.000e-03, Time: 3.11e+01
Model state saved to ./results/models/checkpoints/smoke_schrodinger\2025-12-21_16-00-27-046605_ho_DV\model.pth
Model state saved to ./results/models/checkpoints/smoke_schrodinger\2025-12-21_16-00-27-046605_ho_DV\model_weights.pth
It: 40, Loss: 1.993e+01, Loss_res: 7.534e-01,  Loss_bcs: 1.440e-02, Loss_ut_ics: 7.534e-02, Loss_norm: 8.183e-01, w_pde: 1.00e+00, L^2_error: 9.468e-01, lr: 1.000e-03, Time: 4.15e+01
Model state saved to ./results/models/checkpoints/smoke_schrodinger\2025-12-21_16-00-27-046605_ho_DV\model.pth
Model state saved to ./results/models/checkpoints/smoke_schrodinger\2025-12-21_16-00-27-046605_ho_DV\model_weights.pth
It: 50, Loss: 1.951e+01, Loss_res: 8.224e-01,  Loss_bcs: 1.362e-02, Loss_ut_ics: 7.369e-02, Loss_norm: 7.868e-01, w_pde: 1.00e+00, L^2_error: 9.408e-01, lr: 1.000e-03, Time: 5.24e+01
Model state saved to ./results/models/checkpoints/smoke_schrodinger\2025-12-21_16-00-27-046605_ho_DV\model.pth
Model state saved to ./results/models/checkpoints/smoke_schrodinger\2025-12-21_16-00-27-046605_ho_DV\model_weights.pth
It: 60, Loss: 1.866e+01, Loss_res: 6.536e-01,  Loss_bcs: 8.237e-03, Loss_ut_ics: 6.992e-02, Loss_norm: 8.022e-01, w_pde: 1.00e+00, L^2_error: 9.179e-01, lr: 1.000e-03, Time: 6.28e+01
Model state saved to ./results/models/checkpoints/smoke_schrodinger\2025-12-21_16-00-27-046605_ho_DV\model.pth
Model state saved to ./results/models/checkpoints/smoke_schrodinger\2025-12-21_16-00-27-046605_ho_DV\model_weights.pth
It: 70, Loss: 1.665e+01, Loss_res: 4.416e-01,  Loss_bcs: 3.107e-03, Loss_ut_ics: 6.210e-02, Loss_norm: 7.565e-01, w_pde: 1.00e+00, L^2_error: 8.648e-01, lr: 1.000e-03, Time: 7.33e+01
Model state saved to ./results/models/checkpoints/smoke_schrodinger\2025-12-21_16-00-27-046605_ho_DV\model.pth
Model state saved to ./results/models/checkpoints/smoke_schrodinger\2025-12-21_16-00-27-046605_ho_DV\model_weights.pth
It: 80, Loss: 1.275e+01, Loss_res: 4.988e-01,  Loss_bcs: 1.156e-02, Loss_ut_ics: 4.742e-02, Loss_norm: 5.501e-01, w_pde: 1.00e+00, L^2_error: 7.628e-01, lr: 1.000e-03, Time: 8.32e+01
Model state saved to ./results/models/checkpoints/smoke_schrodinger\2025-12-21_16-00-27-046605_ho_DV\model.pth
Model state saved to ./results/models/checkpoints/smoke_schrodinger\2025-12-21_16-00-27-046605_ho_DV\model_weights.pth
It: 90, Loss: 9.244e+00, Loss_res: 9.196e-01,  Loss_bcs: 2.170e-02, Loss_ut_ics: 3.877e-02, Loss_norm: 1.100e-01, w_pde: 1.00e+00, L^2_error: 7.135e-01, lr: 1.000e-03, Time: 9.29e+01
Model state saved to ./results/models/checkpoints/smoke_schrodinger\2025-12-21_16-00-27-046605_ho_DV\model.pth
Model state saved to ./results/models/checkpoints/smoke_schrodinger\2025-12-21_16-00-27-046605_ho_DV\model_weights.pth
It: 100, Loss: 7.226e+00, Loss_res: 1.082e+00,  Loss_bcs: 2.250e-02, Loss_ut_ics: 3.041e-02, Loss_norm: 7.909e-03, w_pde: 1.00e+00, L^2_error: 6.485e-01, lr: 1.000e-03, Time: 1.01e+02
Model state saved to ./results/models/checkpoints/smoke_schrodinger\2025-12-21_16-00-27-046605_ho_DV\model.pth
Model state saved to ./results/models/checkpoints/smoke_schrodinger\2025-12-21_16-00-27-046605_ho_DV\model_weights.pth
It: 110, Loss: 3.465e+00, Loss_res: 4.496e-01,  Loss_bcs: 2.798e-03, Loss_ut_ics: 1.348e-02, Loss_norm: 6.327e-02, w_pde: 1.00e+00, L^2_error: 4.576e-01, lr: 1.000e-03, Time: 1.10e+02
Model state saved to ./results/models/checkpoints/smoke_schrodinger\2025-12-21_16-00-27-046605_ho_DV\model.pth
Model state saved to ./results/models/checkpoints/smoke_schrodinger\2025-12-21_16-00-27-046605_ho_DV\model_weights.pth
It: 120, Loss: 1.896e+00, Loss_res: 3.742e-01,  Loss_bcs: 1.595e-02, Loss_ut_ics: 7.109e-03, Loss_norm: 1.674e-02, w_pde: 1.00e+00, L^2_error: 4.081e-01, lr: 1.000e-03, Time: 1.19e+02
Model state saved to ./results/models/checkpoints/smoke_schrodinger\2025-12-21_16-00-27-046605_ho_DV\model.pth
Model state saved to ./results/models/checkpoints/smoke_schrodinger\2025-12-21_16-00-27-046605_ho_DV\model_weights.pth
It: 130, Loss: 1.211e+00, Loss_res: 3.361e-01,  Loss_bcs: 4.280e-03, Loss_ut_ics: 4.343e-03, Loss_norm: 3.141e-04, w_pde: 1.00e+00, L^2_error: 3.652e-01, lr: 1.000e-03, Time: 1.27e+02
Model state saved to ./results/models/checkpoints/smoke_schrodinger\2025-12-21_16-00-27-046605_ho_DV\model.pth
Model state saved to ./results/models/checkpoints/smoke_schrodinger\2025-12-21_16-00-27-046605_ho_DV\model_weights.pth
It: 140, Loss: 1.034e+00, Loss_res: 3.588e-01,  Loss_bcs: 5.924e-03, Loss_ut_ics: 3.329e-03, Loss_norm: 7.789e-04, w_pde: 1.00e+00, L^2_error: 3.432e-01, lr: 1.000e-03, Time: 1.36e+02
Model state saved to ./results/models/checkpoints/smoke_schrodinger\2025-12-21_16-00-27-046605_ho_DV\model.pth
Model state saved to ./results/models/checkpoints/smoke_schrodinger\2025-12-21_16-00-27-046605_ho_DV\model_weights.pth
It: 150, Loss: 8.947e-01, Loss_res: 3.555e-01,  Loss_bcs: 6.796e-03, Loss_ut_ics: 2.636e-03, Loss_norm: 1.030e-03, w_pde: 1.00e+00, L^2_error: 3.229e-01, lr: 1.000e-03, Time: 1.44e+02
Model state saved to ./results/models/checkpoints/smoke_schrodinger\2025-12-21_16-00-27-046605_ho_DV\model.pth
Model state saved to ./results/models/checkpoints/smoke_schrodinger\2025-12-21_16-00-27-046605_ho_DV\model_weights.pth
It: 160, Loss: 7.795e-01, Loss_res: 3.034e-01,  Loss_bcs: 3.360e-03, Loss_ut_ics: 2.353e-03, Loss_norm: 4.536e-04, w_pde: 1.00e+00, L^2_error: 3.212e-01, lr: 1.000e-03, Time: 1.53e+02
Model state saved to ./results/models/checkpoints/smoke_schrodinger\2025-12-21_16-00-27-046605_ho_DV\model.pth
Model state saved to ./results/models/checkpoints/smoke_schrodinger\2025-12-21_16-00-27-046605_ho_DV\model_weights.pth
It: 170, Loss: 6.547e-01, Loss_res: 2.628e-01,  Loss_bcs: 3.484e-03, Loss_ut_ics: 1.920e-03, Loss_norm: 8.668e-04, w_pde: 1.00e+00, L^2_error: 3.181e-01, lr: 1.000e-03, Time: 1.62e+02
Model state saved to ./results/models/checkpoints/smoke_schrodinger\2025-12-21_16-00-27-046605_ho_DV\model.pth
Model state saved to ./results/models/checkpoints/smoke_schrodinger\2025-12-21_16-00-27-046605_ho_DV\model_weights.pth
It: 180, Loss: 5.889e-01, Loss_res: 2.657e-01,  Loss_bcs: 2.884e-03, Loss_ut_ics: 1.580e-03, Loss_norm: 8.842e-04, w_pde: 1.00e+00, L^2_error: 3.140e-01, lr: 1.000e-03, Time: 1.71e+02
Model state saved to ./results/models/checkpoints/smoke_schrodinger\2025-12-21_16-00-27-046605_ho_DV\model.pth
Model state saved to ./results/models/checkpoints/smoke_schrodinger\2025-12-21_16-00-27-046605_ho_DV\model_weights.pth
It: 190, Loss: 5.002e-01, Loss_res: 2.367e-01,  Loss_bcs: 2.354e-03, Loss_ut_ics: 1.290e-03, Loss_norm: 6.414e-04, w_pde: 1.00e+00, L^2_error: 3.103e-01, lr: 1.000e-03, Time: 1.79e+02
Model state saved to ./results/models/checkpoints/smoke_schrodinger\2025-12-21_16-00-27-046605_ho_DV\model.pth
Model state saved to ./results/models/checkpoints/smoke_schrodinger\2025-12-21_16-00-27-046605_ho_DV\model_weights.pth
It: 200, Loss: 4.409e-01, Loss_res: 2.264e-01,  Loss_bcs: 1.895e-03, Loss_ut_ics: 1.050e-03, Loss_norm: 5.128e-04, w_pde: 1.00e+00, L^2_error: 3.058e-01, lr: 1.000e-03, Time: 1.88e+02
Model state saved to ./results/models/checkpoints/smoke_schrodinger\2025-12-21_16-00-27-046605_ho_DV\model.pth
Model state saved to ./results/models/checkpoints/smoke_schrodinger\2025-12-21_16-00-27-046605_ho_DV\model_weights.pth
It: 210, Loss: 3.978e-01, Loss_res: 2.220e-01,  Loss_bcs: 1.336e-03, Loss_ut_ics: 8.608e-04, Loss_norm: 4.685e-04, w_pde: 1.00e+00, L^2_error: 3.024e-01, lr: 1.000e-03, Time: 1.96e+02
Model state saved to ./results/models/checkpoints/smoke_schrodinger\2025-12-21_16-00-27-046605_ho_DV\model.pth
Model state saved to ./results/models/checkpoints/smoke_schrodinger\2025-12-21_16-00-27-046605_ho_DV\model_weights.pth
It: 220, Loss: 3.604e-01, Loss_res: 2.180e-01,  Loss_bcs: 1.061e-03, Loss_ut_ics: 6.944e-04, Loss_norm: 4.910e-04, w_pde: 1.00e+00, L^2_error: 2.996e-01, lr: 1.000e-03, Time: 2.05e+02
Model state saved to ./results/models/checkpoints/smoke_schrodinger\2025-12-21_16-00-27-046605_ho_DV\model.pth
Model state saved to ./results/models/checkpoints/smoke_schrodinger\2025-12-21_16-00-27-046605_ho_DV\model_weights.pth
It: 230, Loss: 3.171e-01, Loss_res: 2.023e-01,  Loss_bcs: 7.844e-04, Loss_ut_ics: 5.595e-04, Loss_norm: 4.234e-04, w_pde: 1.00e+00, L^2_error: 2.978e-01, lr: 1.000e-03, Time: 2.13e+02
Model state saved to ./results/models/checkpoints/smoke_schrodinger\2025-12-21_16-00-27-046605_ho_DV\model.pth
Model state saved to ./results/models/checkpoints/smoke_schrodinger\2025-12-21_16-00-27-046605_ho_DV\model_weights.pth
It: 240, Loss: 2.912e-01, Loss_res: 1.984e-01,  Loss_bcs: 5.331e-04, Loss_ut_ics: 4.522e-04, Loss_norm: 3.706e-04, w_pde: 1.00e+00, L^2_error: 2.962e-01, lr: 1.000e-03, Time: 2.22e+02
Model state saved to ./results/models/checkpoints/smoke_schrodinger\2025-12-21_16-00-27-046605_ho_DV\model.pth
Model state saved to ./results/models/checkpoints/smoke_schrodinger\2025-12-21_16-00-27-046605_ho_DV\model_weights.pth
It: 250, Loss: 2.623e-01, Loss_res: 1.872e-01,  Loss_bcs: 3.366e-04, Loss_ut_ics: 3.653e-04, Loss_norm: 3.307e-04, w_pde: 1.00e+00, L^2_error: 2.950e-01, lr: 1.000e-03, Time: 2.31e+02
Model state saved to ./results/models/checkpoints/smoke_schrodinger\2025-12-21_16-00-27-046605_ho_DV\model.pth
Model state saved to ./results/models/checkpoints/smoke_schrodinger\2025-12-21_16-00-27-046605_ho_DV\model_weights.pth
It: 260, Loss: 2.563e-01, Loss_res: 1.952e-01,  Loss_bcs: 2.031e-04, Loss_ut_ics: 2.966e-04, Loss_norm: 3.081e-04, w_pde: 1.00e+00, L^2_error: 2.937e-01, lr: 1.000e-03, Time: 2.39e+02
Model state saved to ./results/models/checkpoints/smoke_schrodinger\2025-12-21_16-00-27-046605_ho_DV\model.pth
Model state saved to ./results/models/checkpoints/smoke_schrodinger\2025-12-21_16-00-27-046605_ho_DV\model_weights.pth
It: 270, Loss: 2.309e-01, Loss_res: 1.814e-01,  Loss_bcs: 1.322e-04, Loss_ut_ics: 2.397e-04, Loss_norm: 2.922e-04, w_pde: 1.00e+00, L^2_error: 2.927e-01, lr: 1.000e-03, Time: 2.50e+02
Model state saved to ./results/models/checkpoints/smoke_schrodinger\2025-12-21_16-00-27-046605_ho_DV\model.pth
Model state saved to ./results/models/checkpoints/smoke_schrodinger\2025-12-21_16-00-27-046605_ho_DV\model_weights.pth
It: 280, Loss: 2.203e-01, Loss_res: 1.797e-01,  Loss_bcs: 7.809e-05, Loss_ut_ics: 1.960e-04, Loss_norm: 2.662e-04, w_pde: 1.00e+00, L^2_error: 2.919e-01, lr: 1.000e-03, Time: 2.58e+02
Model state saved to ./results/models/checkpoints/smoke_schrodinger\2025-12-21_16-00-27-046605_ho_DV\model.pth
Model state saved to ./results/models/checkpoints/smoke_schrodinger\2025-12-21_16-00-27-046605_ho_DV\model_weights.pth
It: 290, Loss: 2.173e-01, Loss_res: 1.836e-01,  Loss_bcs: 3.916e-05, Loss_ut_ics: 1.627e-04, Loss_norm: 2.434e-04, w_pde: 1.00e+00, L^2_error: 2.912e-01, lr: 1.000e-03, Time: 2.68e+02
Model state saved to ./results/models/checkpoints/smoke_schrodinger\2025-12-21_16-00-27-046605_ho_DV\model.pth
Model state saved to ./results/models/checkpoints/smoke_schrodinger\2025-12-21_16-00-27-046605_ho_DV\model_weights.pth
It: 300, Loss: 2.080e-01, Loss_res: 1.795e-01,  Loss_bcs: 2.751e-05, Loss_ut_ics: 1.366e-04, Loss_norm: 2.277e-04, w_pde: 1.00e+00, L^2_error: 2.907e-01, lr: 1.000e-03, Time: 2.76e+02
Model state saved to ./results/models/checkpoints/smoke_schrodinger\2025-12-21_16-00-27-046605_ho_DV\model.pth
Model state saved to ./results/models/checkpoints/smoke_schrodinger\2025-12-21_16-00-27-046605_ho_DV\model_weights.pth
It: 310, Loss: 1.861e-01, Loss_res: 1.614e-01,  Loss_bcs: 1.353e-05, Loss_ut_ics: 1.185e-04, Loss_norm: 2.099e-04, w_pde: 1.00e+00, L^2_error: 2.904e-01, lr: 1.000e-03, Time: 2.85e+02
Model state saved to ./results/models/checkpoints/smoke_schrodinger\2025-12-21_16-00-27-046605_ho_DV\model.pth
Model state saved to ./results/models/checkpoints/smoke_schrodinger\2025-12-21_16-00-27-046605_ho_DV\model_weights.pth
It: 320, Loss: 1.966e-01, Loss_res: 1.746e-01,  Loss_bcs: 1.290e-05, Loss_ut_ics: 1.050e-04, Loss_norm: 1.996e-04, w_pde: 1.00e+00, L^2_error: 2.900e-01, lr: 1.000e-03, Time: 2.95e+02
Model state saved to ./results/models/checkpoints/smoke_schrodinger\2025-12-21_16-00-27-046605_ho_DV\model.pth
Model state saved to ./results/models/checkpoints/smoke_schrodinger\2025-12-21_16-00-27-046605_ho_DV\model_weights.pth
It: 330, Loss: 2.064e-01, Loss_res: 1.864e-01,  Loss_bcs: 1.287e-05, Loss_ut_ics: 9.516e-05, Loss_norm: 1.903e-04, w_pde: 1.00e+00, L^2_error: 2.897e-01, lr: 1.000e-03, Time: 3.06e+02
Model state saved to ./results/models/checkpoints/smoke_schrodinger\2025-12-21_16-00-27-046605_ho_DV\model.pth
Model state saved to ./results/models/checkpoints/smoke_schrodinger\2025-12-21_16-00-27-046605_ho_DV\model_weights.pth
It: 340, Loss: 2.022e-01, Loss_res: 1.836e-01,  Loss_bcs: 1.705e-05, Loss_ut_ics: 8.825e-05, Loss_norm: 1.777e-04, w_pde: 1.00e+00, L^2_error: 2.895e-01, lr: 1.000e-03, Time: 3.16e+02
Model state saved to ./results/models/checkpoints/smoke_schrodinger\2025-12-21_16-00-27-046605_ho_DV\model.pth
Model state saved to ./results/models/checkpoints/smoke_schrodinger\2025-12-21_16-00-27-046605_ho_DV\model_weights.pth
It: 350, Loss: 1.791e-01, Loss_res: 1.614e-01,  Loss_bcs: 2.394e-05, Loss_ut_ics: 8.376e-05, Loss_norm: 1.704e-04, w_pde: 1.00e+00, L^2_error: 2.892e-01, lr: 1.000e-03, Time: 3.25e+02
Model state saved to ./results/models/checkpoints/smoke_schrodinger\2025-12-21_16-00-27-046605_ho_DV\model.pth
Model state saved to ./results/models/checkpoints/smoke_schrodinger\2025-12-21_16-00-27-046605_ho_DV\model_weights.pth
It: 360, Loss: 2.075e-01, Loss_res: 1.907e-01,  Loss_bcs: 3.254e-05, Loss_ut_ics: 8.023e-05, Loss_norm: 1.566e-04, w_pde: 1.00e+00, L^2_error: 2.890e-01, lr: 1.000e-03, Time: 3.34e+02
Model state saved to ./results/models/checkpoints/smoke_schrodinger\2025-12-21_16-00-27-046605_ho_DV\model.pth
Model state saved to ./results/models/checkpoints/smoke_schrodinger\2025-12-21_16-00-27-046605_ho_DV\model_weights.pth
It: 370, Loss: 2.000e-01, Loss_res: 1.838e-01,  Loss_bcs: 4.028e-05, Loss_ut_ics: 7.728e-05, Loss_norm: 1.458e-04, w_pde: 1.00e+00, L^2_error: 2.889e-01, lr: 1.000e-03, Time: 3.42e+02
Model state saved to ./results/models/checkpoints/smoke_schrodinger\2025-12-21_16-00-27-046605_ho_DV\model.pth
Model state saved to ./results/models/checkpoints/smoke_schrodinger\2025-12-21_16-00-27-046605_ho_DV\model_weights.pth
It: 380, Loss: 1.969e-01, Loss_res: 1.811e-01,  Loss_bcs: 5.241e-05, Loss_ut_ics: 7.564e-05, Loss_norm: 1.403e-04, w_pde: 1.00e+00, L^2_error: 2.886e-01, lr: 1.000e-03, Time: 3.51e+02
Model state saved to ./results/models/checkpoints/smoke_schrodinger\2025-12-21_16-00-27-046605_ho_DV\model.pth
Model state saved to ./results/models/checkpoints/smoke_schrodinger\2025-12-21_16-00-27-046605_ho_DV\model_weights.pth
It: 390, Loss: 1.880e-01, Loss_res: 1.722e-01,  Loss_bcs: 5.423e-05, Loss_ut_ics: 7.490e-05, Loss_norm: 1.386e-04, w_pde: 1.00e+00, L^2_error: 2.883e-01, lr: 1.000e-03, Time: 3.61e+02
Model state saved to ./results/models/checkpoints/smoke_schrodinger\2025-12-21_16-00-27-046605_ho_DV\model.pth
Model state saved to ./results/models/checkpoints/smoke_schrodinger\2025-12-21_16-00-27-046605_ho_DV\model_weights.pth
It: 400, Loss: 1.796e-01, Loss_res: 1.643e-01,  Loss_bcs: 6.081e-05, Loss_ut_ics: 7.303e-05, Loss_norm: 1.211e-04, w_pde: 1.00e+00, L^2_error: 2.882e-01, lr: 1.000e-03, Time: 3.69e+02
Model state saved to ./results/models/checkpoints/smoke_schrodinger\2025-12-21_16-00-27-046605_ho_DV\model.pth
Model state saved to ./results/models/checkpoints/smoke_schrodinger\2025-12-21_16-00-27-046605_ho_DV\model_weights.pth
It: 410, Loss: 1.734e-01, Loss_res: 1.582e-01,  Loss_bcs: 6.535e-05, Loss_ut_ics: 7.273e-05, Loss_norm: 1.242e-04, w_pde: 1.00e+00, L^2_error: 2.879e-01, lr: 1.000e-03, Time: 3.78e+02
Model state saved to ./results/models/checkpoints/smoke_schrodinger\2025-12-21_16-00-27-046605_ho_DV\model.pth
Model state saved to ./results/models/checkpoints/smoke_schrodinger\2025-12-21_16-00-27-046605_ho_DV\model_weights.pth
It: 420, Loss: 1.917e-01, Loss_res: 1.767e-01,  Loss_bcs: 7.550e-05, Loss_ut_ics: 7.188e-05, Loss_norm: 1.123e-04, w_pde: 1.00e+00, L^2_error: 2.877e-01, lr: 1.000e-03, Time: 3.87e+02
Model state saved to ./results/models/checkpoints/smoke_schrodinger\2025-12-21_16-00-27-046605_ho_DV\model.pth
Model state saved to ./results/models/checkpoints/smoke_schrodinger\2025-12-21_16-00-27-046605_ho_DV\model_weights.pth
It: 430, Loss: 1.889e-01, Loss_res: 1.740e-01,  Loss_bcs: 8.808e-05, Loss_ut_ics: 7.129e-05, Loss_norm: 1.079e-04, w_pde: 1.00e+00, L^2_error: 2.876e-01, lr: 1.000e-03, Time: 3.97e+02
Model state saved to ./results/models/checkpoints/smoke_schrodinger\2025-12-21_16-00-27-046605_ho_DV\model.pth
Model state saved to ./results/models/checkpoints/smoke_schrodinger\2025-12-21_16-00-27-046605_ho_DV\model_weights.pth
It: 440, Loss: 1.768e-01, Loss_res: 1.617e-01,  Loss_bcs: 6.890e-05, Loss_ut_ics: 7.204e-05, Loss_norm: 1.191e-04, w_pde: 1.00e+00, L^2_error: 2.871e-01, lr: 1.000e-03, Time: 4.06e+02
Model state saved to ./results/models/checkpoints/smoke_schrodinger\2025-12-21_16-00-27-046605_ho_DV\model.pth
Model state saved to ./results/models/checkpoints/smoke_schrodinger\2025-12-21_16-00-27-046605_ho_DV\model_weights.pth
It: 450, Loss: 1.814e-01, Loss_res: 1.665e-01,  Loss_bcs: 7.816e-05, Loss_ut_ics: 7.144e-05, Loss_norm: 1.073e-04, w_pde: 1.00e+00, L^2_error: 2.869e-01, lr: 1.000e-03, Time: 4.14e+02
Model state saved to ./results/models/checkpoints/smoke_schrodinger\2025-12-21_16-00-27-046605_ho_DV\model.pth
Model state saved to ./results/models/checkpoints/smoke_schrodinger\2025-12-21_16-00-27-046605_ho_DV\model_weights.pth
It: 460, Loss: 1.885e-01, Loss_res: 1.736e-01,  Loss_bcs: 8.548e-05, Loss_ut_ics: 7.104e-05, Loss_norm: 1.061e-04, w_pde: 1.00e+00, L^2_error: 2.866e-01, lr: 1.000e-03, Time: 4.22e+02
Model state saved to ./results/models/checkpoints/smoke_schrodinger\2025-12-21_16-00-27-046605_ho_DV\model.pth
Model state saved to ./results/models/checkpoints/smoke_schrodinger\2025-12-21_16-00-27-046605_ho_DV\model_weights.pth
It: 470, Loss: 1.992e-01, Loss_res: 1.843e-01,  Loss_bcs: 8.552e-05, Loss_ut_ics: 7.164e-05, Loss_norm: 1.090e-04, w_pde: 1.00e+00, L^2_error: 2.862e-01, lr: 1.000e-03, Time: 4.31e+02
Model state saved to ./results/models/checkpoints/smoke_schrodinger\2025-12-21_16-00-27-046605_ho_DV\model.pth
Model state saved to ./results/models/checkpoints/smoke_schrodinger\2025-12-21_16-00-27-046605_ho_DV\model_weights.pth
It: 480, Loss: 1.641e-01, Loss_res: 1.491e-01,  Loss_bcs: 7.248e-05, Loss_ut_ics: 7.210e-05, Loss_norm: 1.057e-04, w_pde: 1.00e+00, L^2_error: 2.859e-01, lr: 1.000e-03, Time: 4.39e+02
Model state saved to ./results/models/checkpoints/smoke_schrodinger\2025-12-21_16-00-27-046605_ho_DV\model.pth
Model state saved to ./results/models/checkpoints/smoke_schrodinger\2025-12-21_16-00-27-046605_ho_DV\model_weights.pth
