It: 1, Loss: 1.801e+02, Loss_res: 7.000e+01,  Loss_bcs: 1.836e-01, Loss_ut_ics: 8.466e-01, Loss_norm: 1.424e+00, Loss_gauge: 0.000e+00, w_pde: 5.00e-02, L^2_error: 1.912e+00, lr: 1.000e-03, Time: 5.25e-01
Model state saved to ./results/models/checkpoints/smoke_schrodinger\2025-12-21_16-17-31-609597_ho_DV\model.pth
Model state saved to ./results/models/checkpoints/smoke_schrodinger\2025-12-21_16-17-31-609597_ho_DV\model_weights.pth
It: 10, Loss: 3.048e+01, Loss_res: 3.826e+00,  Loss_bcs: 9.162e-03, Loss_ut_ics: 1.235e-01, Loss_norm: 7.717e-01, Loss_gauge: 0.000e+00, w_pde: 5.00e-01, L^2_error: 1.028e+00, lr: 1.000e-03, Time: 5.00e+00
Model state saved to ./results/models/checkpoints/smoke_schrodinger\2025-12-21_16-17-31-609597_ho_DV\model.pth
Model state saved to ./results/models/checkpoints/smoke_schrodinger\2025-12-21_16-17-31-609597_ho_DV\model_weights.pth
It: 20, Loss: 2.316e+01, Loss_res: 6.573e+00,  Loss_bcs: 1.933e-02, Loss_ut_ics: 7.048e-02, Loss_norm: 4.942e-01, Loss_gauge: 0.000e+00, w_pde: 1.00e+00, L^2_error: 7.772e-01, lr: 1.000e-03, Time: 1.02e+01
Model state saved to ./results/models/checkpoints/smoke_schrodinger\2025-12-21_16-17-31-609597_ho_DV\model.pth
Model state saved to ./results/models/checkpoints/smoke_schrodinger\2025-12-21_16-17-31-609597_ho_DV\model_weights.pth
It: 30, Loss: 1.323e+01, Loss_res: 2.528e+00,  Loss_bcs: 2.632e-02, Loss_ut_ics: 5.100e-02, Loss_norm: 9.468e-02, Loss_gauge: 0.000e+00, w_pde: 1.00e+00, L^2_error: 7.838e-01, lr: 1.000e-03, Time: 1.52e+01
Model state saved to ./results/models/checkpoints/smoke_schrodinger\2025-12-21_16-17-31-609597_ho_DV\model.pth
Model state saved to ./results/models/checkpoints/smoke_schrodinger\2025-12-21_16-17-31-609597_ho_DV\model_weights.pth
It: 40, Loss: 1.120e+01, Loss_res: 1.325e+00,  Loss_bcs: 9.544e-03, Loss_ut_ics: 4.478e-02, Loss_norm: 1.825e-01, Loss_gauge: 0.000e+00, w_pde: 1.00e+00, L^2_error: 7.034e-01, lr: 1.000e-03, Time: 2.04e+01
Model state saved to ./results/models/checkpoints/smoke_schrodinger\2025-12-21_16-17-31-609597_ho_DV\model.pth
Model state saved to ./results/models/checkpoints/smoke_schrodinger\2025-12-21_16-17-31-609597_ho_DV\model_weights.pth
It: 50, Loss: 8.846e+00, Loss_res: 6.298e-01,  Loss_bcs: 1.477e-03, Loss_ut_ics: 3.235e-02, Loss_norm: 3.488e-01, Loss_gauge: 0.000e+00, w_pde: 1.00e+00, L^2_error: 6.053e-01, lr: 1.000e-03, Time: 2.56e+01
Model state saved to ./results/models/checkpoints/smoke_schrodinger\2025-12-21_16-17-31-609597_ho_DV\model.pth
Model state saved to ./results/models/checkpoints/smoke_schrodinger\2025-12-21_16-17-31-609597_ho_DV\model_weights.pth
It: 60, Loss: 6.806e+00, Loss_res: 4.378e-01,  Loss_bcs: 2.592e-03, Loss_ut_ics: 2.667e-02, Loss_norm: 2.064e-01, Loss_gauge: 0.000e+00, w_pde: 1.00e+00, L^2_error: 5.588e-01, lr: 1.000e-03, Time: 3.09e+01
Model state saved to ./results/models/checkpoints/smoke_schrodinger\2025-12-21_16-17-31-609597_ho_DV\model.pth
Model state saved to ./results/models/checkpoints/smoke_schrodinger\2025-12-21_16-17-31-609597_ho_DV\model_weights.pth
It: 70, Loss: 5.543e+00, Loss_res: 4.728e-01,  Loss_bcs: 4.907e-03, Loss_ut_ics: 2.366e-02, Loss_norm: 6.656e-02, Loss_gauge: 0.000e+00, w_pde: 1.00e+00, L^2_error: 5.337e-01, lr: 1.000e-03, Time: 3.61e+01
Model state saved to ./results/models/checkpoints/smoke_schrodinger\2025-12-21_16-17-31-609597_ho_DV\model.pth
Model state saved to ./results/models/checkpoints/smoke_schrodinger\2025-12-21_16-17-31-609597_ho_DV\model_weights.pth
It: 80, Loss: 4.742e+00, Loss_res: 4.644e-01,  Loss_bcs: 1.333e-02, Loss_ut_ics: 2.047e-02, Loss_norm: 3.397e-02, Loss_gauge: 0.000e+00, w_pde: 1.00e+00, L^2_error: 4.977e-01, lr: 1.000e-03, Time: 4.16e+01
Model state saved to ./results/models/checkpoints/smoke_schrodinger\2025-12-21_16-17-31-609597_ho_DV\model.pth
Model state saved to ./results/models/checkpoints/smoke_schrodinger\2025-12-21_16-17-31-609597_ho_DV\model_weights.pth
It: 90, Loss: 4.606e+00, Loss_res: 6.055e-01,  Loss_bcs: 1.551e-02, Loss_ut_ics: 1.958e-02, Loss_norm: 1.393e-02, Loss_gauge: 0.000e+00, w_pde: 1.00e+00, L^2_error: 4.896e-01, lr: 1.000e-03, Time: 4.68e+01
Model state saved to ./results/models/checkpoints/smoke_schrodinger\2025-12-21_16-17-31-609597_ho_DV\model.pth
Model state saved to ./results/models/checkpoints/smoke_schrodinger\2025-12-21_16-17-31-609597_ho_DV\model_weights.pth
It: 100, Loss: 4.390e+00, Loss_res: 5.355e-01,  Loss_bcs: 1.259e-02, Loss_ut_ics: 1.896e-02, Loss_norm: 1.004e-02, Loss_gauge: 0.000e+00, w_pde: 1.00e+00, L^2_error: 4.811e-01, lr: 1.000e-03, Time: 5.22e+01
Model state saved to ./results/models/checkpoints/smoke_schrodinger\2025-12-21_16-17-31-609597_ho_DV\model.pth
Model state saved to ./results/models/checkpoints/smoke_schrodinger\2025-12-21_16-17-31-609597_ho_DV\model_weights.pth
It: 110, Loss: 4.097e+00, Loss_res: 4.611e-01,  Loss_bcs: 1.102e-02, Loss_ut_ics: 1.769e-02, Loss_norm: 1.757e-02, Loss_gauge: 0.000e+00, w_pde: 1.00e+00, L^2_error: 4.640e-01, lr: 1.000e-03, Time: 5.75e+01
Model state saved to ./results/models/checkpoints/smoke_schrodinger\2025-12-21_16-17-31-609597_ho_DV\model.pth
Model state saved to ./results/models/checkpoints/smoke_schrodinger\2025-12-21_16-17-31-609597_ho_DV\model_weights.pth
It: 120, Loss: 3.805e+00, Loss_res: 3.977e-01,  Loss_bcs: 8.830e-03, Loss_ut_ics: 1.653e-02, Loss_norm: 1.869e-02, Loss_gauge: 0.000e+00, w_pde: 1.00e+00, L^2_error: 4.497e-01, lr: 1.000e-03, Time: 6.33e+01
Model state saved to ./results/models/checkpoints/smoke_schrodinger\2025-12-21_16-17-31-609597_ho_DV\model.pth
Model state saved to ./results/models/checkpoints/smoke_schrodinger\2025-12-21_16-17-31-609597_ho_DV\model_weights.pth
It: 130, Loss: 3.571e+00, Loss_res: 4.577e-01,  Loss_bcs: 7.138e-03, Loss_ut_ics: 1.512e-02, Loss_norm: 1.627e-02, Loss_gauge: 0.000e+00, w_pde: 1.00e+00, L^2_error: 4.308e-01, lr: 1.000e-03, Time: 6.88e+01
Model state saved to ./results/models/checkpoints/smoke_schrodinger\2025-12-21_16-17-31-609597_ho_DV\model.pth
Model state saved to ./results/models/checkpoints/smoke_schrodinger\2025-12-21_16-17-31-609597_ho_DV\model_weights.pth
It: 140, Loss: 3.078e+00, Loss_res: 3.256e-01,  Loss_bcs: 5.322e-03, Loss_ut_ics: 1.337e-02, Loss_norm: 1.472e-02, Loss_gauge: 0.000e+00, w_pde: 1.00e+00, L^2_error: 4.041e-01, lr: 1.000e-03, Time: 7.43e+01
Model state saved to ./results/models/checkpoints/smoke_schrodinger\2025-12-21_16-17-31-609597_ho_DV\model.pth
Model state saved to ./results/models/checkpoints/smoke_schrodinger\2025-12-21_16-17-31-609597_ho_DV\model_weights.pth
It: 150, Loss: 2.605e+00, Loss_res: 2.778e-01,  Loss_bcs: 3.605e-03, Loss_ut_ics: 1.127e-02, Loss_norm: 1.396e-02, Loss_gauge: 0.000e+00, w_pde: 1.00e+00, L^2_error: 3.702e-01, lr: 1.000e-03, Time: 7.96e+01
Model state saved to ./results/models/checkpoints/smoke_schrodinger\2025-12-21_16-17-31-609597_ho_DV\model.pth
Model state saved to ./results/models/checkpoints/smoke_schrodinger\2025-12-21_16-17-31-609597_ho_DV\model_weights.pth
It: 160, Loss: 2.059e+00, Loss_res: 1.858e-01,  Loss_bcs: 1.776e-03, Loss_ut_ics: 9.067e-03, Loss_norm: 1.167e-02, Loss_gauge: 0.000e+00, w_pde: 1.00e+00, L^2_error: 3.316e-01, lr: 1.000e-03, Time: 8.50e+01
Model state saved to ./results/models/checkpoints/smoke_schrodinger\2025-12-21_16-17-31-609597_ho_DV\model.pth
Model state saved to ./results/models/checkpoints/smoke_schrodinger\2025-12-21_16-17-31-609597_ho_DV\model_weights.pth
It: 170, Loss: 1.552e+00, Loss_res: 1.257e-01,  Loss_bcs: 7.157e-04, Loss_ut_ics: 6.889e-03, Loss_norm: 9.603e-03, Loss_gauge: 0.000e+00, w_pde: 1.00e+00, L^2_error: 2.892e-01, lr: 1.000e-03, Time: 9.03e+01
Model state saved to ./results/models/checkpoints/smoke_schrodinger\2025-12-21_16-17-31-609597_ho_DV\model.pth
Model state saved to ./results/models/checkpoints/smoke_schrodinger\2025-12-21_16-17-31-609597_ho_DV\model_weights.pth
It: 180, Loss: 1.139e+00, Loss_res: 1.067e-01,  Loss_bcs: 4.381e-04, Loss_ut_ics: 4.984e-03, Loss_norm: 7.077e-03, Loss_gauge: 0.000e+00, w_pde: 1.00e+00, L^2_error: 2.481e-01, lr: 1.000e-03, Time: 9.55e+01
Model state saved to ./results/models/checkpoints/smoke_schrodinger\2025-12-21_16-17-31-609597_ho_DV\model.pth
Model state saved to ./results/models/checkpoints/smoke_schrodinger\2025-12-21_16-17-31-609597_ho_DV\model_weights.pth
It: 190, Loss: 8.379e-01, Loss_res: 9.606e-02,  Loss_bcs: 6.045e-04, Loss_ut_ics: 3.601e-03, Loss_norm: 4.193e-03, Loss_gauge: 0.000e+00, w_pde: 1.00e+00, L^2_error: 2.152e-01, lr: 1.000e-03, Time: 1.01e+02
Model state saved to ./results/models/checkpoints/smoke_schrodinger\2025-12-21_16-17-31-609597_ho_DV\model.pth
Model state saved to ./results/models/checkpoints/smoke_schrodinger\2025-12-21_16-17-31-609597_ho_DV\model_weights.pth
It: 200, Loss: 6.605e-01, Loss_res: 1.101e-01,  Loss_bcs: 8.062e-04, Loss_ut_ics: 2.690e-03, Loss_norm: 2.314e-03, Loss_gauge: 0.000e+00, w_pde: 1.00e+00, L^2_error: 1.914e-01, lr: 1.000e-03, Time: 1.06e+02
Model state saved to ./results/models/checkpoints/smoke_schrodinger\2025-12-21_16-17-31-609597_ho_DV\model.pth
Model state saved to ./results/models/checkpoints/smoke_schrodinger\2025-12-21_16-17-31-609597_ho_DV\model_weights.pth
It: 210, Loss: 5.466e-01, Loss_res: 1.065e-01,  Loss_bcs: 1.051e-03, Loss_ut_ics: 2.169e-03, Loss_norm: 1.035e-03, Loss_gauge: 0.000e+00, w_pde: 1.00e+00, L^2_error: 1.772e-01, lr: 1.000e-03, Time: 1.11e+02
Model state saved to ./results/models/checkpoints/smoke_schrodinger\2025-12-21_16-17-31-609597_ho_DV\model.pth
Model state saved to ./results/models/checkpoints/smoke_schrodinger\2025-12-21_16-17-31-609597_ho_DV\model_weights.pth
It: 220, Loss: 4.758e-01, Loss_res: 1.011e-01,  Loss_bcs: 1.193e-03, Loss_ut_ics: 1.854e-03, Loss_norm: 5.495e-04, Loss_gauge: 0.000e+00, w_pde: 1.00e+00, L^2_error: 1.687e-01, lr: 1.000e-03, Time: 1.16e+02
Model state saved to ./results/models/checkpoints/smoke_schrodinger\2025-12-21_16-17-31-609597_ho_DV\model.pth
Model state saved to ./results/models/checkpoints/smoke_schrodinger\2025-12-21_16-17-31-609597_ho_DV\model_weights.pth
It: 230, Loss: 4.277e-01, Loss_res: 1.000e-01,  Loss_bcs: 1.244e-03, Loss_ut_ics: 1.625e-03, Loss_norm: 2.662e-04, Loss_gauge: 0.000e+00, w_pde: 1.00e+00, L^2_error: 1.628e-01, lr: 1.000e-03, Time: 1.22e+02
Model state saved to ./results/models/checkpoints/smoke_schrodinger\2025-12-21_16-17-31-609597_ho_DV\model.pth
Model state saved to ./results/models/checkpoints/smoke_schrodinger\2025-12-21_16-17-31-609597_ho_DV\model_weights.pth
It: 240, Loss: 3.806e-01, Loss_res: 8.482e-02,  Loss_bcs: 1.240e-03, Loss_ut_ics: 1.468e-03, Loss_norm: 1.724e-04, Loss_gauge: 0.000e+00, w_pde: 1.00e+00, L^2_error: 1.589e-01, lr: 1.000e-03, Time: 1.27e+02
Model state saved to ./results/models/checkpoints/smoke_schrodinger\2025-12-21_16-17-31-609597_ho_DV\model.pth
Model state saved to ./results/models/checkpoints/smoke_schrodinger\2025-12-21_16-17-31-609597_ho_DV\model_weights.pth
It: 250, Loss: 3.465e-01, Loss_res: 8.038e-02,  Loss_bcs: 1.225e-03, Loss_ut_ics: 1.321e-03, Loss_norm: 1.129e-04, Loss_gauge: 0.000e+00, w_pde: 1.00e+00, L^2_error: 1.552e-01, lr: 1.000e-03, Time: 1.32e+02
Model state saved to ./results/models/checkpoints/smoke_schrodinger\2025-12-21_16-17-31-609597_ho_DV\model.pth
Model state saved to ./results/models/checkpoints/smoke_schrodinger\2025-12-21_16-17-31-609597_ho_DV\model_weights.pth
It: 260, Loss: 3.248e-01, Loss_res: 8.352e-02,  Loss_bcs: 1.204e-03, Loss_ut_ics: 1.198e-03, Loss_norm: 1.080e-04, Loss_gauge: 0.000e+00, w_pde: 1.00e+00, L^2_error: 1.519e-01, lr: 1.000e-03, Time: 1.37e+02
Model state saved to ./results/models/checkpoints/smoke_schrodinger\2025-12-21_16-17-31-609597_ho_DV\model.pth
Model state saved to ./results/models/checkpoints/smoke_schrodinger\2025-12-21_16-17-31-609597_ho_DV\model_weights.pth
It: 270, Loss: 2.960e-01, Loss_res: 7.470e-02,  Loss_bcs: 1.054e-03, Loss_ut_ics: 1.098e-03, Loss_norm: 1.189e-04, Loss_gauge: 0.000e+00, w_pde: 1.00e+00, L^2_error: 1.491e-01, lr: 1.000e-03, Time: 1.43e+02
Model state saved to ./results/models/checkpoints/smoke_schrodinger\2025-12-21_16-17-31-609597_ho_DV\model.pth
Model state saved to ./results/models/checkpoints/smoke_schrodinger\2025-12-21_16-17-31-609597_ho_DV\model_weights.pth
It: 280, Loss: 2.628e-01, Loss_res: 6.093e-02,  Loss_bcs: 1.010e-03, Loss_ut_ics: 1.002e-03, Loss_norm: 9.002e-05, Loss_gauge: 0.000e+00, w_pde: 1.00e+00, L^2_error: 1.457e-01, lr: 1.000e-03, Time: 1.48e+02
Model state saved to ./results/models/checkpoints/smoke_schrodinger\2025-12-21_16-17-31-609597_ho_DV\model.pth
Model state saved to ./results/models/checkpoints/smoke_schrodinger\2025-12-21_16-17-31-609597_ho_DV\model_weights.pth
It: 290, Loss: 2.466e-01, Loss_res: 6.278e-02,  Loss_bcs: 9.699e-04, Loss_ut_ics: 9.126e-04, Loss_norm: 7.408e-05, Loss_gauge: 0.000e+00, w_pde: 1.00e+00, L^2_error: 1.425e-01, lr: 1.000e-03, Time: 1.53e+02
Model state saved to ./results/models/checkpoints/smoke_schrodinger\2025-12-21_16-17-31-609597_ho_DV\model.pth
Model state saved to ./results/models/checkpoints/smoke_schrodinger\2025-12-21_16-17-31-609597_ho_DV\model_weights.pth
It: 300, Loss: 2.295e-01, Loss_res: 6.141e-02,  Loss_bcs: 9.403e-04, Loss_ut_ics: 8.332e-04, Loss_norm: 9.381e-05, Loss_gauge: 0.000e+00, w_pde: 1.00e+00, L^2_error: 1.392e-01, lr: 1.000e-03, Time: 1.58e+02
Model state saved to ./results/models/checkpoints/smoke_schrodinger\2025-12-21_16-17-31-609597_ho_DV\model.pth
Model state saved to ./results/models/checkpoints/smoke_schrodinger\2025-12-21_16-17-31-609597_ho_DV\model_weights.pth
It: 310, Loss: 2.108e-01, Loss_res: 5.587e-02,  Loss_bcs: 8.535e-04, Loss_ut_ics: 7.680e-04, Loss_norm: 8.757e-05, Loss_gauge: 0.000e+00, w_pde: 1.00e+00, L^2_error: 1.368e-01, lr: 1.000e-03, Time: 1.64e+02
Model state saved to ./results/models/checkpoints/smoke_schrodinger\2025-12-21_16-17-31-609597_ho_DV\model.pth
Model state saved to ./results/models/checkpoints/smoke_schrodinger\2025-12-21_16-17-31-609597_ho_DV\model_weights.pth
It: 320, Loss: 1.916e-01, Loss_res: 4.923e-02,  Loss_bcs: 8.059e-04, Loss_ut_ics: 7.062e-04, Loss_norm: 5.658e-05, Loss_gauge: 0.000e+00, w_pde: 1.00e+00, L^2_error: 1.341e-01, lr: 1.000e-03, Time: 1.69e+02
Model state saved to ./results/models/checkpoints/smoke_schrodinger\2025-12-21_16-17-31-609597_ho_DV\model.pth
Model state saved to ./results/models/checkpoints/smoke_schrodinger\2025-12-21_16-17-31-609597_ho_DV\model_weights.pth
It: 330, Loss: 1.825e-01, Loss_res: 5.119e-02,  Loss_bcs: 7.346e-04, Loss_ut_ics: 6.513e-04, Loss_norm: 6.666e-05, Loss_gauge: 0.000e+00, w_pde: 1.00e+00, L^2_error: 1.317e-01, lr: 1.000e-03, Time: 1.74e+02
Model state saved to ./results/models/checkpoints/smoke_schrodinger\2025-12-21_16-17-31-609597_ho_DV\model.pth
Model state saved to ./results/models/checkpoints/smoke_schrodinger\2025-12-21_16-17-31-609597_ho_DV\model_weights.pth
It: 340, Loss: 1.714e-01, Loss_res: 5.035e-02,  Loss_bcs: 6.914e-04, Loss_ut_ics: 6.004e-04, Loss_norm: 5.401e-05, Loss_gauge: 0.000e+00, w_pde: 1.00e+00, L^2_error: 1.294e-01, lr: 1.000e-03, Time: 1.80e+02
Model state saved to ./results/models/checkpoints/smoke_schrodinger\2025-12-21_16-17-31-609597_ho_DV\model.pth
Model state saved to ./results/models/checkpoints/smoke_schrodinger\2025-12-21_16-17-31-609597_ho_DV\model_weights.pth
It: 350, Loss: 1.608e-01, Loss_res: 4.931e-02,  Loss_bcs: 6.442e-04, Loss_ut_ics: 5.532e-04, Loss_norm: 4.519e-05, Loss_gauge: 0.000e+00, w_pde: 1.00e+00, L^2_error: 1.271e-01, lr: 1.000e-03, Time: 1.85e+02
Model state saved to ./results/models/checkpoints/smoke_schrodinger\2025-12-21_16-17-31-609597_ho_DV\model.pth
Model state saved to ./results/models/checkpoints/smoke_schrodinger\2025-12-21_16-17-31-609597_ho_DV\model_weights.pth
It: 360, Loss: 1.527e-01, Loss_res: 4.956e-02,  Loss_bcs: 6.139e-04, Loss_ut_ics: 5.113e-04, Loss_norm: 4.614e-05, Loss_gauge: 0.000e+00, w_pde: 1.00e+00, L^2_error: 1.250e-01, lr: 1.000e-03, Time: 1.91e+02
Model state saved to ./results/models/checkpoints/smoke_schrodinger\2025-12-21_16-17-31-609597_ho_DV\model.pth
Model state saved to ./results/models/checkpoints/smoke_schrodinger\2025-12-21_16-17-31-609597_ho_DV\model_weights.pth
It: 370, Loss: 1.415e-01, Loss_res: 4.607e-02,  Loss_bcs: 5.711e-04, Loss_ut_ics: 4.731e-04, Loss_norm: 4.045e-05, Loss_gauge: 0.000e+00, w_pde: 1.00e+00, L^2_error: 1.233e-01, lr: 1.000e-03, Time: 1.97e+02
Model state saved to ./results/models/checkpoints/smoke_schrodinger\2025-12-21_16-17-31-609597_ho_DV\model.pth
Model state saved to ./results/models/checkpoints/smoke_schrodinger\2025-12-21_16-17-31-609597_ho_DV\model_weights.pth
It: 380, Loss: 1.289e-01, Loss_res: 4.025e-02,  Loss_bcs: 5.173e-04, Loss_ut_ics: 4.398e-04, Loss_norm: 4.093e-05, Loss_gauge: 0.000e+00, w_pde: 1.00e+00, L^2_error: 1.216e-01, lr: 1.000e-03, Time: 2.02e+02
Model state saved to ./results/models/checkpoints/smoke_schrodinger\2025-12-21_16-17-31-609597_ho_DV\model.pth
Model state saved to ./results/models/checkpoints/smoke_schrodinger\2025-12-21_16-17-31-609597_ho_DV\model_weights.pth
It: 390, Loss: 1.233e-01, Loss_res: 4.099e-02,  Loss_bcs: 4.811e-04, Loss_ut_ics: 4.084e-04, Loss_norm: 3.159e-05, Loss_gauge: 0.000e+00, w_pde: 1.00e+00, L^2_error: 1.200e-01, lr: 1.000e-03, Time: 2.07e+02
Model state saved to ./results/models/checkpoints/smoke_schrodinger\2025-12-21_16-17-31-609597_ho_DV\model.pth
Model state saved to ./results/models/checkpoints/smoke_schrodinger\2025-12-21_16-17-31-609597_ho_DV\model_weights.pth
It: 400, Loss: 1.173e-01, Loss_res: 4.076e-02,  Loss_bcs: 4.515e-04, Loss_ut_ics: 3.799e-04, Loss_norm: 2.959e-05, Loss_gauge: 0.000e+00, w_pde: 1.00e+00, L^2_error: 1.188e-01, lr: 1.000e-03, Time: 2.13e+02
Model state saved to ./results/models/checkpoints/smoke_schrodinger\2025-12-21_16-17-31-609597_ho_DV\model.pth
Model state saved to ./results/models/checkpoints/smoke_schrodinger\2025-12-21_16-17-31-609597_ho_DV\model_weights.pth
It: 410, Loss: 1.138e-01, Loss_res: 4.266e-02,  Loss_bcs: 4.138e-04, Loss_ut_ics: 3.529e-04, Loss_norm: 2.845e-05, Loss_gauge: 0.000e+00, w_pde: 1.00e+00, L^2_error: 1.173e-01, lr: 1.000e-03, Time: 2.18e+02
Model state saved to ./results/models/checkpoints/smoke_schrodinger\2025-12-21_16-17-31-609597_ho_DV\model.pth
Model state saved to ./results/models/checkpoints/smoke_schrodinger\2025-12-21_16-17-31-609597_ho_DV\model_weights.pth
It: 420, Loss: 1.061e-01, Loss_res: 3.963e-02,  Loss_bcs: 3.838e-04, Loss_ut_ics: 3.298e-04, Loss_norm: 2.498e-05, Loss_gauge: 0.000e+00, w_pde: 1.00e+00, L^2_error: 1.159e-01, lr: 1.000e-03, Time: 2.25e+02
Model state saved to ./results/models/checkpoints/smoke_schrodinger\2025-12-21_16-17-31-609597_ho_DV\model.pth
Model state saved to ./results/models/checkpoints/smoke_schrodinger\2025-12-21_16-17-31-609597_ho_DV\model_weights.pth
It: 430, Loss: 1.006e-01, Loss_res: 3.877e-02,  Loss_bcs: 3.559e-04, Loss_ut_ics: 3.069e-04, Loss_norm: 2.160e-05, Loss_gauge: 0.000e+00, w_pde: 1.00e+00, L^2_error: 1.148e-01, lr: 1.000e-03, Time: 2.31e+02
Model state saved to ./results/models/checkpoints/smoke_schrodinger\2025-12-21_16-17-31-609597_ho_DV\model.pth
Model state saved to ./results/models/checkpoints/smoke_schrodinger\2025-12-21_16-17-31-609597_ho_DV\model_weights.pth
It: 440, Loss: 9.815e-02, Loss_res: 4.011e-02,  Loss_bcs: 3.205e-04, Loss_ut_ics: 2.880e-04, Loss_norm: 2.273e-05, Loss_gauge: 0.000e+00, w_pde: 1.00e+00, L^2_error: 1.140e-01, lr: 1.000e-03, Time: 2.37e+02
Model state saved to ./results/models/checkpoints/smoke_schrodinger\2025-12-21_16-17-31-609597_ho_DV\model.pth
Model state saved to ./results/models/checkpoints/smoke_schrodinger\2025-12-21_16-17-31-609597_ho_DV\model_weights.pth
It: 450, Loss: 9.110e-02, Loss_res: 3.718e-02,  Loss_bcs: 3.216e-04, Loss_ut_ics: 2.676e-04, Loss_norm: 1.801e-05, Loss_gauge: 0.000e+00, w_pde: 1.00e+00, L^2_error: 1.129e-01, lr: 1.000e-03, Time: 2.43e+02
Model state saved to ./results/models/checkpoints/smoke_schrodinger\2025-12-21_16-17-31-609597_ho_DV\model.pth
Model state saved to ./results/models/checkpoints/smoke_schrodinger\2025-12-21_16-17-31-609597_ho_DV\model_weights.pth
It: 460, Loss: 8.895e-02, Loss_res: 3.809e-02,  Loss_bcs: 2.821e-04, Loss_ut_ics: 2.523e-04, Loss_norm: 2.247e-05, Loss_gauge: 0.000e+00, w_pde: 1.00e+00, L^2_error: 1.121e-01, lr: 1.000e-03, Time: 2.50e+02
Model state saved to ./results/models/checkpoints/smoke_schrodinger\2025-12-21_16-17-31-609597_ho_DV\model.pth
Model state saved to ./results/models/checkpoints/smoke_schrodinger\2025-12-21_16-17-31-609597_ho_DV\model_weights.pth
It: 470, Loss: 7.604e-02, Loss_res: 2.847e-02,  Loss_bcs: 2.633e-04, Loss_ut_ics: 2.362e-04, Loss_norm: 1.487e-05, Loss_gauge: 0.000e+00, w_pde: 1.00e+00, L^2_error: 1.112e-01, lr: 1.000e-03, Time: 2.56e+02
Model state saved to ./results/models/checkpoints/smoke_schrodinger\2025-12-21_16-17-31-609597_ho_DV\model.pth
Model state saved to ./results/models/checkpoints/smoke_schrodinger\2025-12-21_16-17-31-609597_ho_DV\model_weights.pth
It: 480, Loss: 7.644e-02, Loss_res: 3.184e-02,  Loss_bcs: 2.408e-04, Loss_ut_ics: 2.214e-04, Loss_norm: 1.620e-05, Loss_gauge: 0.000e+00, w_pde: 1.00e+00, L^2_error: 1.105e-01, lr: 1.000e-03, Time: 2.62e+02
Model state saved to ./results/models/checkpoints/smoke_schrodinger\2025-12-21_16-17-31-609597_ho_DV\model.pth
Model state saved to ./results/models/checkpoints/smoke_schrodinger\2025-12-21_16-17-31-609597_ho_DV\model_weights.pth
It: 490, Loss: 7.589e-02, Loss_res: 3.394e-02,  Loss_bcs: 2.286e-04, Loss_ut_ics: 2.082e-04, Loss_norm: 1.578e-05, Loss_gauge: 0.000e+00, w_pde: 1.00e+00, L^2_error: 1.098e-01, lr: 1.000e-03, Time: 2.68e+02
Model state saved to ./results/models/checkpoints/smoke_schrodinger\2025-12-21_16-17-31-609597_ho_DV\model.pth
Model state saved to ./results/models/checkpoints/smoke_schrodinger\2025-12-21_16-17-31-609597_ho_DV\model_weights.pth
It: 500, Loss: 7.078e-02, Loss_res: 3.115e-02,  Loss_bcs: 2.039e-04, Loss_ut_ics: 1.968e-04, Loss_norm: 1.534e-05, Loss_gauge: 0.000e+00, w_pde: 1.00e+00, L^2_error: 1.090e-01, lr: 1.000e-03, Time: 2.74e+02
Model state saved to ./results/models/checkpoints/smoke_schrodinger\2025-12-21_16-17-31-609597_ho_DV\model.pth
Model state saved to ./results/models/checkpoints/smoke_schrodinger\2025-12-21_16-17-31-609597_ho_DV\model_weights.pth
It: 1, Loss: 4.098e-02, Loss_res: 3.279e-02,  Loss_bcs: 2.016e-04, Loss_ut_ics: 1.953e-04, Loss_norm: 1.519e-05, Loss_gauge: 0.000e+00, w_pde: 5.00e-02, L^2_error: 1.634e-01, lr: 1.000e-03, Time: 8.46e-01
Model state saved to ./results/models/checkpoints/smoke_schrodinger\2025-12-21_16-17-31-609597_ho_DV\model.pth
Model state saved to ./results/models/checkpoints/smoke_schrodinger\2025-12-21_16-17-31-609597_ho_DV\model_weights.pth
It: 10, Loss: 1.932e-01, Loss_res: 1.129e-01,  Loss_bcs: 5.151e-04, Loss_ut_ics: 6.428e-04, Loss_norm: 1.537e-03, Loss_gauge: 0.000e+00, w_pde: 5.00e-01, L^2_error: 1.252e-01, lr: 1.000e-03, Time: 8.40e+00
Model state saved to ./results/models/checkpoints/smoke_schrodinger\2025-12-21_16-17-31-609597_ho_DV\model.pth
Model state saved to ./results/models/checkpoints/smoke_schrodinger\2025-12-21_16-17-31-609597_ho_DV\model_weights.pth
It: 20, Loss: 9.748e-02, Loss_res: 4.867e-02,  Loss_bcs: 3.499e-04, Loss_ut_ics: 2.026e-04, Loss_norm: 1.588e-03, Loss_gauge: 0.000e+00, w_pde: 1.00e+00, L^2_error: 1.065e-01, lr: 1.000e-03, Time: 1.70e+01
Model state saved to ./results/models/checkpoints/smoke_schrodinger\2025-12-21_16-17-31-609597_ho_DV\model.pth
Model state saved to ./results/models/checkpoints/smoke_schrodinger\2025-12-21_16-17-31-609597_ho_DV\model_weights.pth
It: 30, Loss: 5.873e-02, Loss_res: 3.064e-02,  Loss_bcs: 1.629e-04, Loss_ut_ics: 1.130e-04, Loss_norm: 1.066e-03, Loss_gauge: 0.000e+00, w_pde: 1.00e+00, L^2_error: 1.073e-01, lr: 1.000e-03, Time: 2.52e+01
Model state saved to ./results/models/checkpoints/smoke_schrodinger\2025-12-21_16-17-31-609597_ho_DV\model.pth
Model state saved to ./results/models/checkpoints/smoke_schrodinger\2025-12-21_16-17-31-609597_ho_DV\model_weights.pth
It: 40, Loss: 4.262e-02, Loss_res: 2.714e-02,  Loss_bcs: 6.685e-05, Loss_ut_ics: 7.249e-05, Loss_norm: 1.835e-04, Loss_gauge: 0.000e+00, w_pde: 1.00e+00, L^2_error: 1.024e-01, lr: 1.000e-03, Time: 3.37e+01
Model state saved to ./results/models/checkpoints/smoke_schrodinger\2025-12-21_16-17-31-609597_ho_DV\model.pth
Model state saved to ./results/models/checkpoints/smoke_schrodinger\2025-12-21_16-17-31-609597_ho_DV\model_weights.pth
It: 50, Loss: 3.429e-02, Loss_res: 2.459e-02,  Loss_bcs: 1.062e-04, Loss_ut_ics: 4.668e-05, Loss_norm: 5.048e-05, Loss_gauge: 0.000e+00, w_pde: 1.00e+00, L^2_error: 1.036e-01, lr: 1.000e-03, Time: 4.20e+01
Model state saved to ./results/models/checkpoints/smoke_schrodinger\2025-12-21_16-17-31-609597_ho_DV\model.pth
Model state saved to ./results/models/checkpoints/smoke_schrodinger\2025-12-21_16-17-31-609597_ho_DV\model_weights.pth
It: 60, Loss: 3.063e-02, Loss_res: 2.350e-02,  Loss_bcs: 9.475e-05, Loss_ut_ics: 3.492e-05, Loss_norm: 9.264e-06, Loss_gauge: 0.000e+00, w_pde: 1.00e+00, L^2_error: 1.011e-01, lr: 1.000e-03, Time: 5.04e+01
Model state saved to ./results/models/checkpoints/smoke_schrodinger\2025-12-21_16-17-31-609597_ho_DV\model.pth
Model state saved to ./results/models/checkpoints/smoke_schrodinger\2025-12-21_16-17-31-609597_ho_DV\model_weights.pth
It: 70, Loss: 2.962e-02, Loss_res: 2.332e-02,  Loss_bcs: 7.029e-05, Loss_ut_ics: 3.096e-05, Loss_norm: 6.582e-06, Loss_gauge: 0.000e+00, w_pde: 1.00e+00, L^2_error: 1.008e-01, lr: 1.000e-03, Time: 5.91e+01
Model state saved to ./results/models/checkpoints/smoke_schrodinger\2025-12-21_16-17-31-609597_ho_DV\model.pth
Model state saved to ./results/models/checkpoints/smoke_schrodinger\2025-12-21_16-17-31-609597_ho_DV\model_weights.pth
It: 80, Loss: 2.883e-02, Loss_res: 2.338e-02,  Loss_bcs: 7.681e-05, Loss_ut_ics: 2.664e-05, Loss_norm: 7.772e-06, Loss_gauge: 0.000e+00, w_pde: 1.00e+00, L^2_error: 1.010e-01, lr: 1.000e-03, Time: 6.82e+01
Model state saved to ./results/models/checkpoints/smoke_schrodinger\2025-12-21_16-17-31-609597_ho_DV\model.pth
Model state saved to ./results/models/checkpoints/smoke_schrodinger\2025-12-21_16-17-31-609597_ho_DV\model_weights.pth
It: 90, Loss: 2.730e-02, Loss_res: 2.255e-02,  Loss_bcs: 7.040e-05, Loss_ut_ics: 2.329e-05, Loss_norm: 4.602e-06, Loss_gauge: 0.000e+00, w_pde: 1.00e+00, L^2_error: 1.007e-01, lr: 1.000e-03, Time: 7.67e+01
Model state saved to ./results/models/checkpoints/smoke_schrodinger\2025-12-21_16-17-31-609597_ho_DV\model.pth
Model state saved to ./results/models/checkpoints/smoke_schrodinger\2025-12-21_16-17-31-609597_ho_DV\model_weights.pth
It: 100, Loss: 2.990e-02, Loss_res: 2.570e-02,  Loss_bcs: 5.604e-05, Loss_ut_ics: 2.058e-05, Loss_norm: 6.147e-06, Loss_gauge: 0.000e+00, w_pde: 1.00e+00, L^2_error: 1.003e-01, lr: 1.000e-03, Time: 8.53e+01
Model state saved to ./results/models/checkpoints/smoke_schrodinger\2025-12-21_16-17-31-609597_ho_DV\model.pth
Model state saved to ./results/models/checkpoints/smoke_schrodinger\2025-12-21_16-17-31-609597_ho_DV\model_weights.pth
It: 110, Loss: 2.378e-02, Loss_res: 1.998e-02,  Loss_bcs: 5.732e-05, Loss_ut_ics: 1.855e-05, Loss_norm: 5.670e-06, Loss_gauge: 0.000e+00, w_pde: 1.00e+00, L^2_error: 9.996e-02, lr: 1.000e-03, Time: 9.38e+01
Model state saved to ./results/models/checkpoints/smoke_schrodinger\2025-12-21_16-17-31-609597_ho_DV\model.pth
Model state saved to ./results/models/checkpoints/smoke_schrodinger\2025-12-21_16-17-31-609597_ho_DV\model_weights.pth
It: 120, Loss: 2.292e-02, Loss_res: 1.955e-02,  Loss_bcs: 4.401e-05, Loss_ut_ics: 1.650e-05, Loss_norm: 3.872e-06, Loss_gauge: 0.000e+00, w_pde: 1.00e+00, L^2_error: 9.958e-02, lr: 1.000e-03, Time: 1.02e+02
Model state saved to ./results/models/checkpoints/smoke_schrodinger\2025-12-21_16-17-31-609597_ho_DV\model.pth
Model state saved to ./results/models/checkpoints/smoke_schrodinger\2025-12-21_16-17-31-609597_ho_DV\model_weights.pth
It: 130, Loss: 2.470e-02, Loss_res: 2.168e-02,  Loss_bcs: 3.580e-05, Loss_ut_ics: 1.483e-05, Loss_norm: 3.551e-06, Loss_gauge: 0.000e+00, w_pde: 1.00e+00, L^2_error: 9.917e-02, lr: 1.000e-03, Time: 1.11e+02
Model state saved to ./results/models/checkpoints/smoke_schrodinger\2025-12-21_16-17-31-609597_ho_DV\model.pth
Model state saved to ./results/models/checkpoints/smoke_schrodinger\2025-12-21_16-17-31-609597_ho_DV\model_weights.pth
It: 140, Loss: 2.455e-02, Loss_res: 2.188e-02,  Loss_bcs: 3.814e-05, Loss_ut_ics: 1.304e-05, Loss_norm: 3.672e-06, Loss_gauge: 0.000e+00, w_pde: 1.00e+00, L^2_error: 9.888e-02, lr: 1.000e-03, Time: 1.20e+02
Model state saved to ./results/models/checkpoints/smoke_schrodinger\2025-12-21_16-17-31-609597_ho_DV\model.pth
Model state saved to ./results/models/checkpoints/smoke_schrodinger\2025-12-21_16-17-31-609597_ho_DV\model_weights.pth
It: 150, Loss: 2.422e-02, Loss_res: 2.181e-02,  Loss_bcs: 4.256e-05, Loss_ut_ics: 1.175e-05, Loss_norm: 4.140e-06, Loss_gauge: 0.000e+00, w_pde: 1.00e+00, L^2_error: 9.848e-02, lr: 1.000e-03, Time: 1.29e+02
Model state saved to ./results/models/checkpoints/smoke_schrodinger\2025-12-21_16-17-31-609597_ho_DV\model.pth
Model state saved to ./results/models/checkpoints/smoke_schrodinger\2025-12-21_16-17-31-609597_ho_DV\model_weights.pth
It: 160, Loss: 1.976e-02, Loss_res: 1.758e-02,  Loss_bcs: 3.453e-05, Loss_ut_ics: 1.064e-05, Loss_norm: 3.556e-06, Loss_gauge: 0.000e+00, w_pde: 1.00e+00, L^2_error: 9.833e-02, lr: 1.000e-03, Time: 1.37e+02
Model state saved to ./results/models/checkpoints/smoke_schrodinger\2025-12-21_16-17-31-609597_ho_DV\model.pth
Model state saved to ./results/models/checkpoints/smoke_schrodinger\2025-12-21_16-17-31-609597_ho_DV\model_weights.pth
It: 170, Loss: 2.514e-02, Loss_res: 2.315e-02,  Loss_bcs: 2.711e-05, Loss_ut_ics: 9.713e-06, Loss_norm: 3.810e-06, Loss_gauge: 0.000e+00, w_pde: 1.00e+00, L^2_error: 9.816e-02, lr: 1.000e-03, Time: 1.46e+02
Model state saved to ./results/models/checkpoints/smoke_schrodinger\2025-12-21_16-17-31-609597_ho_DV\model.pth
Model state saved to ./results/models/checkpoints/smoke_schrodinger\2025-12-21_16-17-31-609597_ho_DV\model_weights.pth
It: 180, Loss: 2.067e-02, Loss_res: 1.886e-02,  Loss_bcs: 2.789e-05, Loss_ut_ics: 8.839e-06, Loss_norm: 3.662e-06, Loss_gauge: 0.000e+00, w_pde: 1.00e+00, L^2_error: 9.786e-02, lr: 1.000e-03, Time: 1.55e+02
Model state saved to ./results/models/checkpoints/smoke_schrodinger\2025-12-21_16-17-31-609597_ho_DV\model.pth
Model state saved to ./results/models/checkpoints/smoke_schrodinger\2025-12-21_16-17-31-609597_ho_DV\model_weights.pth
It: 190, Loss: 2.065e-02, Loss_res: 1.900e-02,  Loss_bcs: 2.573e-05, Loss_ut_ics: 8.032e-06, Loss_norm: 4.115e-06, Loss_gauge: 0.000e+00, w_pde: 1.00e+00, L^2_error: 9.759e-02, lr: 1.000e-03, Time: 1.64e+02
Model state saved to ./results/models/checkpoints/smoke_schrodinger\2025-12-21_16-17-31-609597_ho_DV\model.pth
Model state saved to ./results/models/checkpoints/smoke_schrodinger\2025-12-21_16-17-31-609597_ho_DV\model_weights.pth
It: 200, Loss: 2.312e-02, Loss_res: 2.159e-02,  Loss_bcs: 2.123e-05, Loss_ut_ics: 7.454e-06, Loss_norm: 4.051e-06, Loss_gauge: 0.000e+00, w_pde: 1.00e+00, L^2_error: 9.736e-02, lr: 1.000e-03, Time: 1.72e+02
Model state saved to ./results/models/checkpoints/smoke_schrodinger\2025-12-21_16-17-31-609597_ho_DV\model.pth
Model state saved to ./results/models/checkpoints/smoke_schrodinger\2025-12-21_16-17-31-609597_ho_DV\model_weights.pth
It: 210, Loss: 2.009e-02, Loss_res: 1.868e-02,  Loss_bcs: 1.616e-05, Loss_ut_ics: 6.811e-06, Loss_norm: 4.377e-06, Loss_gauge: 0.000e+00, w_pde: 1.00e+00, L^2_error: 9.708e-02, lr: 1.000e-03, Time: 1.81e+02
Model state saved to ./results/models/checkpoints/smoke_schrodinger\2025-12-21_16-17-31-609597_ho_DV\model.pth
Model state saved to ./results/models/checkpoints/smoke_schrodinger\2025-12-21_16-17-31-609597_ho_DV\model_weights.pth
It: 220, Loss: 2.355e-02, Loss_res: 2.224e-02,  Loss_bcs: 1.673e-05, Loss_ut_ics: 6.365e-06, Loss_norm: 3.936e-06, Loss_gauge: 0.000e+00, w_pde: 1.00e+00, L^2_error: 9.684e-02, lr: 1.000e-03, Time: 1.89e+02
Model state saved to ./results/models/checkpoints/smoke_schrodinger\2025-12-21_16-17-31-609597_ho_DV\model.pth
Model state saved to ./results/models/checkpoints/smoke_schrodinger\2025-12-21_16-17-31-609597_ho_DV\model_weights.pth
It: 230, Loss: 2.022e-02, Loss_res: 1.898e-02,  Loss_bcs: 1.787e-05, Loss_ut_ics: 6.023e-06, Loss_norm: 5.247e-06, Loss_gauge: 0.000e+00, w_pde: 1.00e+00, L^2_error: 9.651e-02, lr: 1.000e-03, Time: 1.98e+02
Model state saved to ./results/models/checkpoints/smoke_schrodinger\2025-12-21_16-17-31-609597_ho_DV\model.pth
Model state saved to ./results/models/checkpoints/smoke_schrodinger\2025-12-21_16-17-31-609597_ho_DV\model_weights.pth
It: 240, Loss: 2.250e-02, Loss_res: 2.135e-02,  Loss_bcs: 1.756e-05, Loss_ut_ics: 5.549e-06, Loss_norm: 4.453e-06, Loss_gauge: 0.000e+00, w_pde: 1.00e+00, L^2_error: 9.633e-02, lr: 1.000e-03, Time: 2.07e+02
Model state saved to ./results/models/checkpoints/smoke_schrodinger\2025-12-21_16-17-31-609597_ho_DV\model.pth
Model state saved to ./results/models/checkpoints/smoke_schrodinger\2025-12-21_16-17-31-609597_ho_DV\model_weights.pth
It: 250, Loss: 2.144e-02, Loss_res: 2.037e-02,  Loss_bcs: 1.674e-05, Loss_ut_ics: 5.158e-06, Loss_norm: 4.891e-06, Loss_gauge: 0.000e+00, w_pde: 1.00e+00, L^2_error: 9.614e-02, lr: 1.000e-03, Time: 2.15e+02
Model state saved to ./results/models/checkpoints/smoke_schrodinger\2025-12-21_16-17-31-609597_ho_DV\model.pth
Model state saved to ./results/models/checkpoints/smoke_schrodinger\2025-12-21_16-17-31-609597_ho_DV\model_weights.pth
It: 260, Loss: 2.532e-02, Loss_res: 2.427e-02,  Loss_bcs: 1.171e-05, Loss_ut_ics: 5.091e-06, Loss_norm: 5.285e-06, Loss_gauge: 0.000e+00, w_pde: 1.00e+00, L^2_error: 9.574e-02, lr: 1.000e-03, Time: 2.24e+02
Model state saved to ./results/models/checkpoints/smoke_schrodinger\2025-12-21_16-17-31-609597_ho_DV\model.pth
Model state saved to ./results/models/checkpoints/smoke_schrodinger\2025-12-21_16-17-31-609597_ho_DV\model_weights.pth
It: 270, Loss: 2.158e-02, Loss_res: 2.064e-02,  Loss_bcs: 1.262e-05, Loss_ut_ics: 4.479e-06, Loss_norm: 4.649e-06, Loss_gauge: 0.000e+00, w_pde: 1.00e+00, L^2_error: 9.555e-02, lr: 1.000e-03, Time: 2.32e+02
Model state saved to ./results/models/checkpoints/smoke_schrodinger\2025-12-21_16-17-31-609597_ho_DV\model.pth
Model state saved to ./results/models/checkpoints/smoke_schrodinger\2025-12-21_16-17-31-609597_ho_DV\model_weights.pth
It: 280, Loss: 2.034e-02, Loss_res: 1.938e-02,  Loss_bcs: 1.254e-05, Loss_ut_ics: 4.605e-06, Loss_norm: 5.947e-06, Loss_gauge: 0.000e+00, w_pde: 1.00e+00, L^2_error: 9.519e-02, lr: 1.000e-03, Time: 2.41e+02
Model state saved to ./results/models/checkpoints/smoke_schrodinger\2025-12-21_16-17-31-609597_ho_DV\model.pth
Model state saved to ./results/models/checkpoints/smoke_schrodinger\2025-12-21_16-17-31-609597_ho_DV\model_weights.pth
It: 290, Loss: 2.021e-02, Loss_res: 1.931e-02,  Loss_bcs: 9.119e-06, Loss_ut_ics: 4.316e-06, Loss_norm: 5.106e-06, Loss_gauge: 0.000e+00, w_pde: 1.00e+00, L^2_error: 9.494e-02, lr: 1.000e-03, Time: 2.49e+02
Model state saved to ./results/models/checkpoints/smoke_schrodinger\2025-12-21_16-17-31-609597_ho_DV\model.pth
Model state saved to ./results/models/checkpoints/smoke_schrodinger\2025-12-21_16-17-31-609597_ho_DV\model_weights.pth
It: 300, Loss: 2.147e-02, Loss_res: 2.061e-02,  Loss_bcs: 1.117e-05, Loss_ut_ics: 4.098e-06, Loss_norm: 5.208e-06, Loss_gauge: 0.000e+00, w_pde: 1.00e+00, L^2_error: 9.474e-02, lr: 1.000e-03, Time: 2.58e+02
Model state saved to ./results/models/checkpoints/smoke_schrodinger\2025-12-21_16-17-31-609597_ho_DV\model.pth
Model state saved to ./results/models/checkpoints/smoke_schrodinger\2025-12-21_16-17-31-609597_ho_DV\model_weights.pth
It: 310, Loss: 2.120e-02, Loss_res: 2.035e-02,  Loss_bcs: 9.618e-06, Loss_ut_ics: 4.080e-06, Loss_norm: 6.060e-06, Loss_gauge: 0.000e+00, w_pde: 1.00e+00, L^2_error: 9.429e-02, lr: 1.000e-03, Time: 2.67e+02
Model state saved to ./results/models/checkpoints/smoke_schrodinger\2025-12-21_16-17-31-609597_ho_DV\model.pth
Model state saved to ./results/models/checkpoints/smoke_schrodinger\2025-12-21_16-17-31-609597_ho_DV\model_weights.pth
It: 320, Loss: 1.865e-02, Loss_res: 1.783e-02,  Loss_bcs: 8.581e-06, Loss_ut_ics: 3.917e-06, Loss_norm: 4.918e-06, Loss_gauge: 0.000e+00, w_pde: 1.00e+00, L^2_error: 9.410e-02, lr: 1.000e-03, Time: 2.76e+02
Model state saved to ./results/models/checkpoints/smoke_schrodinger\2025-12-21_16-17-31-609597_ho_DV\model.pth
Model state saved to ./results/models/checkpoints/smoke_schrodinger\2025-12-21_16-17-31-609597_ho_DV\model_weights.pth
It: 330, Loss: 2.132e-02, Loss_res: 2.054e-02,  Loss_bcs: 7.290e-06, Loss_ut_ics: 3.685e-06, Loss_norm: 5.535e-06, Loss_gauge: 0.000e+00, w_pde: 1.00e+00, L^2_error: 9.362e-02, lr: 1.000e-03, Time: 2.84e+02
Model state saved to ./results/models/checkpoints/smoke_schrodinger\2025-12-21_16-17-31-609597_ho_DV\model.pth
Model state saved to ./results/models/checkpoints/smoke_schrodinger\2025-12-21_16-17-31-609597_ho_DV\model_weights.pth
It: 340, Loss: 1.965e-02, Loss_res: 1.889e-02,  Loss_bcs: 7.503e-06, Loss_ut_ics: 3.615e-06, Loss_norm: 5.202e-06, Loss_gauge: 0.000e+00, w_pde: 1.00e+00, L^2_error: 9.334e-02, lr: 1.000e-03, Time: 2.94e+02
Model state saved to ./results/models/checkpoints/smoke_schrodinger\2025-12-21_16-17-31-609597_ho_DV\model.pth
Model state saved to ./results/models/checkpoints/smoke_schrodinger\2025-12-21_16-17-31-609597_ho_DV\model_weights.pth
It: 350, Loss: 1.544e-02, Loss_res: 1.467e-02,  Loss_bcs: 6.205e-06, Loss_ut_ics: 3.677e-06, Loss_norm: 5.707e-06, Loss_gauge: 0.000e+00, w_pde: 1.00e+00, L^2_error: 9.285e-02, lr: 1.000e-03, Time: 3.02e+02
Model state saved to ./results/models/checkpoints/smoke_schrodinger\2025-12-21_16-17-31-609597_ho_DV\model.pth
Model state saved to ./results/models/checkpoints/smoke_schrodinger\2025-12-21_16-17-31-609597_ho_DV\model_weights.pth
It: 360, Loss: 1.922e-02, Loss_res: 1.849e-02,  Loss_bcs: 7.026e-06, Loss_ut_ics: 3.467e-06, Loss_norm: 5.423e-06, Loss_gauge: 0.000e+00, w_pde: 1.00e+00, L^2_error: 9.256e-02, lr: 1.000e-03, Time: 3.10e+02
Model state saved to ./results/models/checkpoints/smoke_schrodinger\2025-12-21_16-17-31-609597_ho_DV\model.pth
Model state saved to ./results/models/checkpoints/smoke_schrodinger\2025-12-21_16-17-31-609597_ho_DV\model_weights.pth
It: 370, Loss: 1.730e-02, Loss_res: 1.654e-02,  Loss_bcs: 5.361e-06, Loss_ut_ics: 3.630e-06, Loss_norm: 6.300e-06, Loss_gauge: 0.000e+00, w_pde: 1.00e+00, L^2_error: 9.232e-02, lr: 1.000e-03, Time: 3.19e+02
Model state saved to ./results/models/checkpoints/smoke_schrodinger\2025-12-21_16-17-31-609597_ho_DV\model.pth
Model state saved to ./results/models/checkpoints/smoke_schrodinger\2025-12-21_16-17-31-609597_ho_DV\model_weights.pth
It: 380, Loss: 2.031e-02, Loss_res: 1.960e-02,  Loss_bcs: 6.559e-06, Loss_ut_ics: 3.381e-06, Loss_norm: 6.032e-06, Loss_gauge: 0.000e+00, w_pde: 1.00e+00, L^2_error: 9.176e-02, lr: 1.000e-03, Time: 3.28e+02
Model state saved to ./results/models/checkpoints/smoke_schrodinger\2025-12-21_16-17-31-609597_ho_DV\model.pth
Model state saved to ./results/models/checkpoints/smoke_schrodinger\2025-12-21_16-17-31-609597_ho_DV\model_weights.pth
It: 390, Loss: 1.733e-02, Loss_res: 1.665e-02,  Loss_bcs: 5.414e-06, Loss_ut_ics: 3.251e-06, Loss_norm: 5.416e-06, Loss_gauge: 0.000e+00, w_pde: 1.00e+00, L^2_error: 9.132e-02, lr: 1.000e-03, Time: 3.37e+02
Model state saved to ./results/models/checkpoints/smoke_schrodinger\2025-12-21_16-17-31-609597_ho_DV\model.pth
Model state saved to ./results/models/checkpoints/smoke_schrodinger\2025-12-21_16-17-31-609597_ho_DV\model_weights.pth
It: 400, Loss: 1.868e-02, Loss_res: 1.795e-02,  Loss_bcs: 5.844e-06, Loss_ut_ics: 3.449e-06, Loss_norm: 6.012e-06, Loss_gauge: 0.000e+00, w_pde: 1.00e+00, L^2_error: 9.093e-02, lr: 1.000e-03, Time: 3.46e+02
Model state saved to ./results/models/checkpoints/smoke_schrodinger\2025-12-21_16-17-31-609597_ho_DV\model.pth
Model state saved to ./results/models/checkpoints/smoke_schrodinger\2025-12-21_16-17-31-609597_ho_DV\model_weights.pth
It: 410, Loss: 2.098e-02, Loss_res: 2.024e-02,  Loss_bcs: 5.544e-06, Loss_ut_ics: 3.511e-06, Loss_norm: 5.891e-06, Loss_gauge: 0.000e+00, w_pde: 1.00e+00, L^2_error: 9.053e-02, lr: 1.000e-03, Time: 3.55e+02
Model state saved to ./results/models/checkpoints/smoke_schrodinger\2025-12-21_16-17-31-609597_ho_DV\model.pth
Model state saved to ./results/models/checkpoints/smoke_schrodinger\2025-12-21_16-17-31-609597_ho_DV\model_weights.pth
It: 420, Loss: 1.640e-02, Loss_res: 1.572e-02,  Loss_bcs: 4.571e-06, Loss_ut_ics: 3.268e-06, Loss_norm: 5.652e-06, Loss_gauge: 0.000e+00, w_pde: 1.00e+00, L^2_error: 8.991e-02, lr: 1.000e-03, Time: 3.64e+02
Model state saved to ./results/models/checkpoints/smoke_schrodinger\2025-12-21_16-17-31-609597_ho_DV\model.pth
Model state saved to ./results/models/checkpoints/smoke_schrodinger\2025-12-21_16-17-31-609597_ho_DV\model_weights.pth
It: 430, Loss: 1.632e-02, Loss_res: 1.564e-02,  Loss_bcs: 5.052e-06, Loss_ut_ics: 3.186e-06, Loss_norm: 5.953e-06, Loss_gauge: 0.000e+00, w_pde: 1.00e+00, L^2_error: 8.933e-02, lr: 1.000e-03, Time: 3.72e+02
Model state saved to ./results/models/checkpoints/smoke_schrodinger\2025-12-21_16-17-31-609597_ho_DV\model.pth
Model state saved to ./results/models/checkpoints/smoke_schrodinger\2025-12-21_16-17-31-609597_ho_DV\model_weights.pth
It: 440, Loss: 1.973e-02, Loss_res: 1.903e-02,  Loss_bcs: 4.379e-06, Loss_ut_ics: 3.350e-06, Loss_norm: 4.533e-06, Loss_gauge: 0.000e+00, w_pde: 1.00e+00, L^2_error: 8.895e-02, lr: 1.000e-03, Time: 3.81e+02
Model state saved to ./results/models/checkpoints/smoke_schrodinger\2025-12-21_16-17-31-609597_ho_DV\model.pth
Model state saved to ./results/models/checkpoints/smoke_schrodinger\2025-12-21_16-17-31-609597_ho_DV\model_weights.pth
It: 450, Loss: 1.862e-02, Loss_res: 1.792e-02,  Loss_bcs: 3.390e-06, Loss_ut_ics: 3.327e-06, Loss_norm: 5.732e-06, Loss_gauge: 0.000e+00, w_pde: 1.00e+00, L^2_error: 8.836e-02, lr: 1.000e-03, Time: 3.89e+02
Model state saved to ./results/models/checkpoints/smoke_schrodinger\2025-12-21_16-17-31-609597_ho_DV\model.pth
Model state saved to ./results/models/checkpoints/smoke_schrodinger\2025-12-21_16-17-31-609597_ho_DV\model_weights.pth
It: 460, Loss: 1.512e-02, Loss_res: 1.441e-02,  Loss_bcs: 4.983e-06, Loss_ut_ics: 3.394e-06, Loss_norm: 5.569e-06, Loss_gauge: 0.000e+00, w_pde: 1.00e+00, L^2_error: 8.772e-02, lr: 1.000e-03, Time: 3.97e+02
Model state saved to ./results/models/checkpoints/smoke_schrodinger\2025-12-21_16-17-31-609597_ho_DV\model.pth
Model state saved to ./results/models/checkpoints/smoke_schrodinger\2025-12-21_16-17-31-609597_ho_DV\model_weights.pth
It: 470, Loss: 1.827e-02, Loss_res: 1.757e-02,  Loss_bcs: 5.212e-06, Loss_ut_ics: 3.362e-06, Loss_norm: 4.571e-06, Loss_gauge: 0.000e+00, w_pde: 1.00e+00, L^2_error: 8.677e-02, lr: 1.000e-03, Time: 4.06e+02
Model state saved to ./results/models/checkpoints/smoke_schrodinger\2025-12-21_16-17-31-609597_ho_DV\model.pth
Model state saved to ./results/models/checkpoints/smoke_schrodinger\2025-12-21_16-17-31-609597_ho_DV\model_weights.pth
It: 480, Loss: 1.908e-02, Loss_res: 1.839e-02,  Loss_bcs: 4.021e-06, Loss_ut_ics: 3.267e-06, Loss_norm: 7.003e-06, Loss_gauge: 0.000e+00, w_pde: 1.00e+00, L^2_error: 8.606e-02, lr: 1.000e-03, Time: 4.14e+02
Model state saved to ./results/models/checkpoints/smoke_schrodinger\2025-12-21_16-17-31-609597_ho_DV\model.pth
Model state saved to ./results/models/checkpoints/smoke_schrodinger\2025-12-21_16-17-31-609597_ho_DV\model_weights.pth
It: 490, Loss: 1.841e-02, Loss_res: 1.770e-02,  Loss_bcs: 3.702e-06, Loss_ut_ics: 3.409e-06, Loss_norm: 5.165e-06, Loss_gauge: 0.000e+00, w_pde: 1.00e+00, L^2_error: 8.537e-02, lr: 1.000e-03, Time: 4.22e+02
Model state saved to ./results/models/checkpoints/smoke_schrodinger\2025-12-21_16-17-31-609597_ho_DV\model.pth
Model state saved to ./results/models/checkpoints/smoke_schrodinger\2025-12-21_16-17-31-609597_ho_DV\model_weights.pth
It: 500, Loss: 1.754e-02, Loss_res: 1.684e-02,  Loss_bcs: 4.625e-06, Loss_ut_ics: 3.328e-06, Loss_norm: 5.232e-06, Loss_gauge: 0.000e+00, w_pde: 1.00e+00, L^2_error: 8.427e-02, lr: 1.000e-03, Time: 4.31e+02
Model state saved to ./results/models/checkpoints/smoke_schrodinger\2025-12-21_16-17-31-609597_ho_DV\model.pth
Model state saved to ./results/models/checkpoints/smoke_schrodinger\2025-12-21_16-17-31-609597_ho_DV\model_weights.pth
