checkpoint path: self.log_path='../../results/models/checkpoints/complex_wave/2025-08-12_20-30-51-678084'
Using Classical Solver
The settings used:
batch_size : 64
epochs : 20000
lr : 0.0005
seed : 42
print_every : 100
log_path : ../../results/models/checkpoints/complex_wave
input_dim : 2
output_dim : 1
num_qubits : 5
hidden_dim : 50
num_quantum_layers : 1
classic_network : [2, 50, 1]
q_ansatz : sim_circ_5
mode : hybrid
activation : null
shots : None
problem : complex_wave
solver : Classical
device : cpu
method : None
cutoff_dim : 20
class : CVNeuralNetwork2
encoding : None
Total number of parameters: 7851
It: 0, Loss: 2.372e+02, Loss_res: 8.122e-05,  Loss_bcs: 2.372e+01, Loss_ut_ics: 5.717e-05, lr: 5.000e-04, Time: 7.47e-02
Model state saved to ../../results/models/checkpoints/complex_wave/2025-08-12_20-30-51-678084/model.pth
Model state saved to ../../results/models/checkpoints/complex_wave/2025-08-12_20-30-51-678084/model_weights.pth
It: 100, Loss: 6.378e+01, Loss_res: 8.996e+01,  Loss_bcs: 5.297e+00, Loss_ut_ics: 1.812e+01, lr: 5.000e-04, Time: 5.26e-03
Model state saved to ../../results/models/checkpoints/complex_wave/2025-08-12_20-30-51-678084/model.pth
Model state saved to ../../results/models/checkpoints/complex_wave/2025-08-12_20-30-51-678084/model_weights.pth
It: 200, Loss: 5.653e+04, Loss_res: 5.647e+05,  Loss_bcs: 4.861e+00, Loss_ut_ics: 1.040e+02, lr: 5.000e-04, Time: 5.00e-03
Model state saved to ../../results/models/checkpoints/complex_wave/2025-08-12_20-30-51-678084/model.pth
Model state saved to ../../results/models/checkpoints/complex_wave/2025-08-12_20-30-51-678084/model_weights.pth
It: 300, Loss: 5.303e+01, Loss_res: 4.781e+01,  Loss_bcs: 2.086e+00, Loss_ut_ics: 2.739e+02, lr: 5.000e-04, Time: 5.41e-03
Model state saved to ../../results/models/checkpoints/complex_wave/2025-08-12_20-30-51-678084/model.pth
Model state saved to ../../results/models/checkpoints/complex_wave/2025-08-12_20-30-51-678084/model_weights.pth
It: 400, Loss: 3.186e+01, Loss_res: 8.042e+01,  Loss_bcs: 8.800e-01, Loss_ut_ics: 1.502e+02, lr: 5.000e-04, Time: 5.02e-03
Model state saved to ../../results/models/checkpoints/complex_wave/2025-08-12_20-30-51-678084/model.pth
Model state saved to ../../results/models/checkpoints/complex_wave/2025-08-12_20-30-51-678084/model_weights.pth
It: 500, Loss: 9.025e+01, Loss_res: 7.069e+02,  Loss_bcs: 1.088e+00, Loss_ut_ics: 8.676e+01, lr: 5.000e-04, Time: 4.86e-03
Model state saved to ../../results/models/checkpoints/complex_wave/2025-08-12_20-30-51-678084/model.pth
Model state saved to ../../results/models/checkpoints/complex_wave/2025-08-12_20-30-51-678084/model_weights.pth
It: 600, Loss: 1.275e+01, Loss_res: 6.210e+01,  Loss_bcs: 3.852e-01, Loss_ut_ics: 2.688e+01, lr: 5.000e-04, Time: 4.86e-03
Model state saved to ../../results/models/checkpoints/complex_wave/2025-08-12_20-30-51-678084/model.pth
Model state saved to ../../results/models/checkpoints/complex_wave/2025-08-12_20-30-51-678084/model_weights.pth
It: 700, Loss: 1.325e+01, Loss_res: 6.414e+01,  Loss_bcs: 4.893e-01, Loss_ut_ics: 1.944e+01, lr: 5.000e-04, Time: 5.52e-03
Model state saved to ../../results/models/checkpoints/complex_wave/2025-08-12_20-30-51-678084/model.pth
Model state saved to ../../results/models/checkpoints/complex_wave/2025-08-12_20-30-51-678084/model_weights.pth
It: 800, Loss: 3.474e+00, Loss_res: 1.159e+01,  Loss_bcs: 1.295e-01, Loss_ut_ics: 1.020e+01, lr: 5.000e-04, Time: 5.05e-03
Model state saved to ../../results/models/checkpoints/complex_wave/2025-08-12_20-30-51-678084/model.pth
Model state saved to ../../results/models/checkpoints/complex_wave/2025-08-12_20-30-51-678084/model_weights.pth
It: 900, Loss: 1.296e+00, Loss_res: 3.931e+00,  Loss_bcs: 6.210e-02, Loss_ut_ics: 2.817e+00, lr: 5.000e-04, Time: 7.37e-03
Model state saved to ../../results/models/checkpoints/complex_wave/2025-08-12_20-30-51-678084/model.pth
Model state saved to ../../results/models/checkpoints/complex_wave/2025-08-12_20-30-51-678084/model_weights.pth
It: 1000, Loss: 6.777e+00, Loss_res: 6.027e+01,  Loss_bcs: 6.427e-02, Loss_ut_ics: 1.074e+00, lr: 5.000e-04, Time: 4.74e-03
Model state saved to ../../results/models/checkpoints/complex_wave/2025-08-12_20-30-51-678084/model.pth
Model state saved to ../../results/models/checkpoints/complex_wave/2025-08-12_20-30-51-678084/model_weights.pth
It: 1100, Loss: 2.136e+00, Loss_res: 1.538e+01,  Loss_bcs: 4.009e-02, Loss_ut_ics: 1.976e+00, lr: 5.000e-04, Time: 6.51e-03
Model state saved to ../../results/models/checkpoints/complex_wave/2025-08-12_20-30-51-678084/model.pth
Model state saved to ../../results/models/checkpoints/complex_wave/2025-08-12_20-30-51-678084/model_weights.pth
It: 1200, Loss: 1.155e+00, Loss_res: 5.160e+00,  Loss_bcs: 2.058e-02, Loss_ut_ics: 4.333e+00, lr: 5.000e-04, Time: 5.23e-03
Model state saved to ../../results/models/checkpoints/complex_wave/2025-08-12_20-30-51-678084/model.pth
Model state saved to ../../results/models/checkpoints/complex_wave/2025-08-12_20-30-51-678084/model_weights.pth
It: 1300, Loss: 5.816e-01, Loss_res: 6.501e-01,  Loss_bcs: 4.631e-02, Loss_ut_ics: 5.346e-01, lr: 5.000e-04, Time: 4.55e-03
Model state saved to ../../results/models/checkpoints/complex_wave/2025-08-12_20-30-51-678084/model.pth
Model state saved to ../../results/models/checkpoints/complex_wave/2025-08-12_20-30-51-678084/model_weights.pth
It: 1400, Loss: 3.519e-01, Loss_res: 8.713e-01,  Loss_bcs: 1.720e-02, Loss_ut_ics: 9.273e-01, lr: 5.000e-04, Time: 5.71e-03
Model state saved to ../../results/models/checkpoints/complex_wave/2025-08-12_20-30-51-678084/model.pth
Model state saved to ../../results/models/checkpoints/complex_wave/2025-08-12_20-30-51-678084/model_weights.pth
It: 1500, Loss: 1.270e+00, Loss_res: 9.819e+00,  Loss_bcs: 1.913e-02, Loss_ut_ics: 9.663e-01, lr: 5.000e-04, Time: 5.54e-03
Model state saved to ../../results/models/checkpoints/complex_wave/2025-08-12_20-30-51-678084/model.pth
Model state saved to ../../results/models/checkpoints/complex_wave/2025-08-12_20-30-51-678084/model_weights.pth
It: 1600, Loss: 2.093e-01, Loss_res: 4.712e-01,  Loss_bcs: 9.487e-03, Loss_ut_ics: 6.734e-01, lr: 5.000e-04, Time: 4.69e-03
Model state saved to ../../results/models/checkpoints/complex_wave/2025-08-12_20-30-51-678084/model.pth
Model state saved to ../../results/models/checkpoints/complex_wave/2025-08-12_20-30-51-678084/model_weights.pth
It: 1700, Loss: 3.345e-01, Loss_res: 9.656e-01,  Loss_bcs: 1.861e-02, Loss_ut_ics: 5.186e-01, lr: 5.000e-04, Time: 6.68e-03
Model state saved to ../../results/models/checkpoints/complex_wave/2025-08-12_20-30-51-678084/model.pth
Model state saved to ../../results/models/checkpoints/complex_wave/2025-08-12_20-30-51-678084/model_weights.pth
It: 1800, Loss: 3.098e-01, Loss_res: 1.407e+00,  Loss_bcs: 8.166e-03, Loss_ut_ics: 8.743e-01, lr: 5.000e-04, Time: 4.65e-03
Model state saved to ../../results/models/checkpoints/complex_wave/2025-08-12_20-30-51-678084/model.pth
Model state saved to ../../results/models/checkpoints/complex_wave/2025-08-12_20-30-51-678084/model_weights.pth
It: 1900, Loss: 2.893e-01, Loss_res: 3.723e-01,  Loss_bcs: 1.405e-02, Loss_ut_ics: 1.116e+00, lr: 5.000e-04, Time: 6.93e-03
Model state saved to ../../results/models/checkpoints/complex_wave/2025-08-12_20-30-51-678084/model.pth
Model state saved to ../../results/models/checkpoints/complex_wave/2025-08-12_20-30-51-678084/model_weights.pth
It: 2000, Loss: 3.850e-01, Loss_res: 6.275e-01,  Loss_bcs: 1.886e-02, Loss_ut_ics: 1.336e+00, lr: 5.000e-04, Time: 5.76e-03
Model state saved to ../../results/models/checkpoints/complex_wave/2025-08-12_20-30-51-678084/model.pth
Model state saved to ../../results/models/checkpoints/complex_wave/2025-08-12_20-30-51-678084/model_weights.pth
It: 2100, Loss: 3.870e-01, Loss_res: 2.663e-01,  Loss_bcs: 1.679e-02, Loss_ut_ics: 1.925e+00, lr: 5.000e-04, Time: 6.58e-03
Model state saved to ../../results/models/checkpoints/complex_wave/2025-08-12_20-30-51-678084/model.pth
Model state saved to ../../results/models/checkpoints/complex_wave/2025-08-12_20-30-51-678084/model_weights.pth
It: 2200, Loss: 1.951e-01, Loss_res: 3.821e-01,  Loss_bcs: 1.237e-02, Loss_ut_ics: 3.314e-01, lr: 5.000e-04, Time: 5.74e-03
Model state saved to ../../results/models/checkpoints/complex_wave/2025-08-12_20-30-51-678084/model.pth
Model state saved to ../../results/models/checkpoints/complex_wave/2025-08-12_20-30-51-678084/model_weights.pth
It: 2300, Loss: 2.362e-01, Loss_res: 3.340e-01,  Loss_bcs: 1.064e-02, Loss_ut_ics: 9.648e-01, lr: 5.000e-04, Time: 6.79e-03
Model state saved to ../../results/models/checkpoints/complex_wave/2025-08-12_20-30-51-678084/model.pth
Model state saved to ../../results/models/checkpoints/complex_wave/2025-08-12_20-30-51-678084/model_weights.pth
It: 2400, Loss: 1.897e-01, Loss_res: 1.682e-01,  Loss_bcs: 1.277e-02, Loss_ut_ics: 4.513e-01, lr: 5.000e-04, Time: 6.49e-03
Model state saved to ../../results/models/checkpoints/complex_wave/2025-08-12_20-30-51-678084/model.pth
Model state saved to ../../results/models/checkpoints/complex_wave/2025-08-12_20-30-51-678084/model_weights.pth
It: 2500, Loss: 4.417e-01, Loss_res: 1.966e-01,  Loss_bcs: 5.122e-03, Loss_ut_ics: 3.708e+00, lr: 5.000e-04, Time: 5.53e-03
Model state saved to ../../results/models/checkpoints/complex_wave/2025-08-12_20-30-51-678084/model.pth
Model state saved to ../../results/models/checkpoints/complex_wave/2025-08-12_20-30-51-678084/model_weights.pth
It: 2600, Loss: 4.006e-01, Loss_res: 1.160e+00,  Loss_bcs: 1.839e-02, Loss_ut_ics: 1.007e+00, lr: 5.000e-04, Time: 8.98e-03
Model state saved to ../../results/models/checkpoints/complex_wave/2025-08-12_20-30-51-678084/model.pth
Model state saved to ../../results/models/checkpoints/complex_wave/2025-08-12_20-30-51-678084/model_weights.pth
It: 2700, Loss: 4.386e-01, Loss_res: 7.883e-01,  Loss_bcs: 2.877e-02, Loss_ut_ics: 7.203e-01, lr: 5.000e-04, Time: 5.69e-03
Model state saved to ../../results/models/checkpoints/complex_wave/2025-08-12_20-30-51-678084/model.pth
Model state saved to ../../results/models/checkpoints/complex_wave/2025-08-12_20-30-51-678084/model_weights.pth
It: 2800, Loss: 2.847e-01, Loss_res: 4.823e-01,  Loss_bcs: 1.941e-02, Loss_ut_ics: 4.237e-01, lr: 5.000e-04, Time: 6.46e-03
Model state saved to ../../results/models/checkpoints/complex_wave/2025-08-12_20-30-51-678084/model.pth
Model state saved to ../../results/models/checkpoints/complex_wave/2025-08-12_20-30-51-678084/model_weights.pth
It: 2900, Loss: 5.815e-01, Loss_res: 9.673e-01,  Loss_bcs: 2.269e-02, Loss_ut_ics: 2.578e+00, lr: 5.000e-04, Time: 5.10e-03
Model state saved to ../../results/models/checkpoints/complex_wave/2025-08-12_20-30-51-678084/model.pth
Model state saved to ../../results/models/checkpoints/complex_wave/2025-08-12_20-30-51-678084/model_weights.pth
It: 3000, Loss: 1.398e-01, Loss_res: 8.554e-01,  Loss_bcs: 4.871e-03, Loss_ut_ics: 5.590e-02, lr: 5.000e-04, Time: 4.91e-03
Model state saved to ../../results/models/checkpoints/complex_wave/2025-08-12_20-30-51-678084/model.pth
Model state saved to ../../results/models/checkpoints/complex_wave/2025-08-12_20-30-51-678084/model_weights.pth
It: 3100, Loss: 3.087e-01, Loss_res: 2.154e-01,  Loss_bcs: 1.936e-02, Loss_ut_ics: 9.358e-01, lr: 5.000e-04, Time: 5.93e-03
Model state saved to ../../results/models/checkpoints/complex_wave/2025-08-12_20-30-51-678084/model.pth
Model state saved to ../../results/models/checkpoints/complex_wave/2025-08-12_20-30-51-678084/model_weights.pth
It: 3200, Loss: 4.212e-01, Loss_res: 9.687e-01,  Loss_bcs: 1.898e-02, Loss_ut_ics: 1.346e+00, lr: 5.000e-04, Time: 6.15e-03
Model state saved to ../../results/models/checkpoints/complex_wave/2025-08-12_20-30-51-678084/model.pth
Model state saved to ../../results/models/checkpoints/complex_wave/2025-08-12_20-30-51-678084/model_weights.pth
It: 3300, Loss: 1.235e-01, Loss_res: 1.316e-01,  Loss_bcs: 8.739e-03, Loss_ut_ics: 2.299e-01, lr: 5.000e-04, Time: 6.89e-03
Model state saved to ../../results/models/checkpoints/complex_wave/2025-08-12_20-30-51-678084/model.pth
Model state saved to ../../results/models/checkpoints/complex_wave/2025-08-12_20-30-51-678084/model_weights.pth
It: 3400, Loss: 1.195e-01, Loss_res: 2.734e-01,  Loss_bcs: 2.495e-03, Loss_ut_ics: 6.718e-01, lr: 5.000e-04, Time: 5.47e-03
Model state saved to ../../results/models/checkpoints/complex_wave/2025-08-12_20-30-51-678084/model.pth
Model state saved to ../../results/models/checkpoints/complex_wave/2025-08-12_20-30-51-678084/model_weights.pth
It: 3500, Loss: 1.275e+00, Loss_res: 6.621e+00,  Loss_bcs: 6.015e-03, Loss_ut_ics: 5.530e+00, lr: 5.000e-04, Time: 6.03e-03
Model state saved to ../../results/models/checkpoints/complex_wave/2025-08-12_20-30-51-678084/model.pth
Model state saved to ../../results/models/checkpoints/complex_wave/2025-08-12_20-30-51-678084/model_weights.pth
It: 3600, Loss: 1.236e-01, Loss_res: 3.279e-01,  Loss_bcs: 5.950e-03, Loss_ut_ics: 3.131e-01, lr: 5.000e-04, Time: 5.21e-03
Model state saved to ../../results/models/checkpoints/complex_wave/2025-08-12_20-30-51-678084/model.pth
Model state saved to ../../results/models/checkpoints/complex_wave/2025-08-12_20-30-51-678084/model_weights.pth
It: 3700, Loss: 5.869e-01, Loss_res: 5.146e-01,  Loss_bcs: 3.722e-02, Loss_ut_ics: 1.632e+00, lr: 5.000e-04, Time: 5.70e-03
Model state saved to ../../results/models/checkpoints/complex_wave/2025-08-12_20-30-51-678084/model.pth
Model state saved to ../../results/models/checkpoints/complex_wave/2025-08-12_20-30-51-678084/model_weights.pth
It: 3800, Loss: 5.529e-01, Loss_res: 1.623e-01,  Loss_bcs: 3.522e-02, Loss_ut_ics: 1.844e+00, lr: 5.000e-04, Time: 6.59e-03
Model state saved to ../../results/models/checkpoints/complex_wave/2025-08-12_20-30-51-678084/model.pth
Model state saved to ../../results/models/checkpoints/complex_wave/2025-08-12_20-30-51-678084/model_weights.pth
It: 3900, Loss: 3.456e-01, Loss_res: 5.493e-01,  Loss_bcs: 1.498e-02, Loss_ut_ics: 1.409e+00, lr: 5.000e-04, Time: 6.72e-03
Model state saved to ../../results/models/checkpoints/complex_wave/2025-08-12_20-30-51-678084/model.pth
Model state saved to ../../results/models/checkpoints/complex_wave/2025-08-12_20-30-51-678084/model_weights.pth
It: 4000, Loss: 3.141e-01, Loss_res: 2.765e-01,  Loss_bcs: 2.572e-02, Loss_ut_ics: 2.930e-01, lr: 5.000e-04, Time: 6.26e-03
Model state saved to ../../results/models/checkpoints/complex_wave/2025-08-12_20-30-51-678084/model.pth
Model state saved to ../../results/models/checkpoints/complex_wave/2025-08-12_20-30-51-678084/model_weights.pth
It: 4100, Loss: 1.033e-01, Loss_res: 2.586e-01,  Loss_bcs: 5.132e-03, Loss_ut_ics: 2.615e-01, lr: 5.000e-04, Time: 4.95e-03
Model state saved to ../../results/models/checkpoints/complex_wave/2025-08-12_20-30-51-678084/model.pth
Model state saved to ../../results/models/checkpoints/complex_wave/2025-08-12_20-30-51-678084/model_weights.pth
It: 4200, Loss: 4.910e-01, Loss_res: 1.509e-01,  Loss_bcs: 4.322e-02, Loss_ut_ics: 4.374e-01, lr: 5.000e-04, Time: 5.22e-03
Model state saved to ../../results/models/checkpoints/complex_wave/2025-08-12_20-30-51-678084/model.pth
Model state saved to ../../results/models/checkpoints/complex_wave/2025-08-12_20-30-51-678084/model_weights.pth
It: 4300, Loss: 2.527e-01, Loss_res: 1.699e-01,  Loss_bcs: 1.381e-02, Loss_ut_ics: 9.762e-01, lr: 5.000e-04, Time: 8.00e-03
Model state saved to ../../results/models/checkpoints/complex_wave/2025-08-12_20-30-51-678084/model.pth
Model state saved to ../../results/models/checkpoints/complex_wave/2025-08-12_20-30-51-678084/model_weights.pth
It: 4400, Loss: 1.715e-01, Loss_res: 1.578e-01,  Loss_bcs: 1.190e-02, Loss_ut_ics: 3.671e-01, lr: 5.000e-04, Time: 6.53e-03
Model state saved to ../../results/models/checkpoints/complex_wave/2025-08-12_20-30-51-678084/model.pth
Model state saved to ../../results/models/checkpoints/complex_wave/2025-08-12_20-30-51-678084/model_weights.pth
It: 4500, Loss: 1.690e-01, Loss_res: 4.313e-01,  Loss_bcs: 1.109e-02, Loss_ut_ics: 1.495e-01, lr: 5.000e-04, Time: 5.90e-03
Model state saved to ../../results/models/checkpoints/complex_wave/2025-08-12_20-30-51-678084/model.pth
Model state saved to ../../results/models/checkpoints/complex_wave/2025-08-12_20-30-51-678084/model_weights.pth
It: 4600, Loss: 3.507e-01, Loss_res: 2.565e+00,  Loss_bcs: 7.945e-03, Loss_ut_ics: 1.471e-01, lr: 5.000e-04, Time: 8.07e-03
Model state saved to ../../results/models/checkpoints/complex_wave/2025-08-12_20-30-51-678084/model.pth
Model state saved to ../../results/models/checkpoints/complex_wave/2025-08-12_20-30-51-678084/model_weights.pth
It: 4700, Loss: 1.102e-01, Loss_res: 3.055e-01,  Loss_bcs: 5.750e-03, Loss_ut_ics: 2.213e-01, lr: 5.000e-04, Time: 5.15e-03
Model state saved to ../../results/models/checkpoints/complex_wave/2025-08-12_20-30-51-678084/model.pth
Model state saved to ../../results/models/checkpoints/complex_wave/2025-08-12_20-30-51-678084/model_weights.pth
It: 4800, Loss: 3.485e-01, Loss_res: 9.128e-01,  Loss_bcs: 2.413e-02, Loss_ut_ics: 1.585e-01, lr: 5.000e-04, Time: 5.12e-03
Model state saved to ../../results/models/checkpoints/complex_wave/2025-08-12_20-30-51-678084/model.pth
Model state saved to ../../results/models/checkpoints/complex_wave/2025-08-12_20-30-51-678084/model_weights.pth
It: 4900, Loss: 2.559e-01, Loss_res: 1.054e-01,  Loss_bcs: 2.141e-02, Loss_ut_ics: 3.132e-01, lr: 5.000e-04, Time: 6.83e-03
Model state saved to ../../results/models/checkpoints/complex_wave/2025-08-12_20-30-51-678084/model.pth
Model state saved to ../../results/models/checkpoints/complex_wave/2025-08-12_20-30-51-678084/model_weights.pth
It: 5000, Loss: 3.524e-01, Loss_res: 4.857e-01,  Loss_bcs: 3.494e-03, Loss_ut_ics: 2.689e+00, lr: 5.000e-04, Time: 5.02e-03
Model state saved to ../../results/models/checkpoints/complex_wave/2025-08-12_20-30-51-678084/model.pth
Model state saved to ../../results/models/checkpoints/complex_wave/2025-08-12_20-30-51-678084/model_weights.pth
It: 5100, Loss: 2.741e-01, Loss_res: 3.824e-01,  Loss_bcs: 6.028e-03, Loss_ut_ics: 1.756e+00, lr: 5.000e-04, Time: 5.19e-03
Model state saved to ../../results/models/checkpoints/complex_wave/2025-08-12_20-30-51-678084/model.pth
Model state saved to ../../results/models/checkpoints/complex_wave/2025-08-12_20-30-51-678084/model_weights.pth
It: 5200, Loss: 7.849e-02, Loss_res: 1.176e-01,  Loss_bcs: 4.981e-03, Loss_ut_ics: 1.692e-01, lr: 5.000e-04, Time: 5.30e-03
Model state saved to ../../results/models/checkpoints/complex_wave/2025-08-12_20-30-51-678084/model.pth
Model state saved to ../../results/models/checkpoints/complex_wave/2025-08-12_20-30-51-678084/model_weights.pth
It: 5300, Loss: 1.015e-01, Loss_res: 1.696e-01,  Loss_bcs: 3.719e-03, Loss_ut_ics: 4.731e-01, lr: 5.000e-04, Time: 5.45e-03
Model state saved to ../../results/models/checkpoints/complex_wave/2025-08-12_20-30-51-678084/model.pth
Model state saved to ../../results/models/checkpoints/complex_wave/2025-08-12_20-30-51-678084/model_weights.pth
It: 5400, Loss: 1.145e-01, Loss_res: 3.360e-01,  Loss_bcs: 2.639e-03, Loss_ut_ics: 5.448e-01, lr: 5.000e-04, Time: 6.15e-03
Model state saved to ../../results/models/checkpoints/complex_wave/2025-08-12_20-30-51-678084/model.pth
Model state saved to ../../results/models/checkpoints/complex_wave/2025-08-12_20-30-51-678084/model_weights.pth
It: 5500, Loss: 2.238e-01, Loss_res: 1.304e+00,  Loss_bcs: 3.827e-03, Loss_ut_ics: 5.512e-01, lr: 5.000e-04, Time: 7.28e-03
Model state saved to ../../results/models/checkpoints/complex_wave/2025-08-12_20-30-51-678084/model.pth
Model state saved to ../../results/models/checkpoints/complex_wave/2025-08-12_20-30-51-678084/model_weights.pth
It: 5600, Loss: 1.354e-01, Loss_res: 4.321e-01,  Loss_bcs: 4.433e-03, Loss_ut_ics: 4.781e-01, lr: 5.000e-04, Time: 2.05e-02
Model state saved to ../../results/models/checkpoints/complex_wave/2025-08-12_20-30-51-678084/model.pth
Model state saved to ../../results/models/checkpoints/complex_wave/2025-08-12_20-30-51-678084/model_weights.pth
It: 5700, Loss: 6.207e-01, Loss_res: 8.253e-01,  Loss_bcs: 5.060e-02, Loss_ut_ics: 3.223e-01, lr: 5.000e-04, Time: 1.07e-02
Model state saved to ../../results/models/checkpoints/complex_wave/2025-08-12_20-30-51-678084/model.pth
Model state saved to ../../results/models/checkpoints/complex_wave/2025-08-12_20-30-51-678084/model_weights.pth
It: 5800, Loss: 2.009e-01, Loss_res: 2.397e-01,  Loss_bcs: 7.074e-03, Loss_ut_ics: 1.062e+00, lr: 5.000e-04, Time: 5.71e-03
Model state saved to ../../results/models/checkpoints/complex_wave/2025-08-12_20-30-51-678084/model.pth
Model state saved to ../../results/models/checkpoints/complex_wave/2025-08-12_20-30-51-678084/model_weights.pth
It: 5900, Loss: 3.407e-01, Loss_res: 4.921e-01,  Loss_bcs: 1.789e-02, Loss_ut_ics: 1.126e+00, lr: 5.000e-04, Time: 5.61e-03
Model state saved to ../../results/models/checkpoints/complex_wave/2025-08-12_20-30-51-678084/model.pth
Model state saved to ../../results/models/checkpoints/complex_wave/2025-08-12_20-30-51-678084/model_weights.pth
It: 6000, Loss: 2.095e-01, Loss_res: 1.799e-01,  Loss_bcs: 9.298e-03, Loss_ut_ics: 9.853e-01, lr: 5.000e-04, Time: 5.10e-03
Model state saved to ../../results/models/checkpoints/complex_wave/2025-08-12_20-30-51-678084/model.pth
Model state saved to ../../results/models/checkpoints/complex_wave/2025-08-12_20-30-51-678084/model_weights.pth
It: 6100, Loss: 1.119e+00, Loss_res: 5.320e+00,  Loss_bcs: 5.346e-02, Loss_ut_ics: 5.257e-01, lr: 4.500e-04, Time: 7.19e-03
Model state saved to ../../results/models/checkpoints/complex_wave/2025-08-12_20-30-51-678084/model.pth
Model state saved to ../../results/models/checkpoints/complex_wave/2025-08-12_20-30-51-678084/model_weights.pth
It: 6200, Loss: 1.238e-01, Loss_res: 3.117e-01,  Loss_bcs: 5.226e-03, Loss_ut_ics: 4.041e-01, lr: 4.500e-04, Time: 6.25e-03
Model state saved to ../../results/models/checkpoints/complex_wave/2025-08-12_20-30-51-678084/model.pth
Model state saved to ../../results/models/checkpoints/complex_wave/2025-08-12_20-30-51-678084/model_weights.pth
It: 6300, Loss: 1.047e-01, Loss_res: 3.513e-01,  Loss_bcs: 3.195e-03, Loss_ut_ics: 3.763e-01, lr: 4.500e-04, Time: 5.44e-03
Model state saved to ../../results/models/checkpoints/complex_wave/2025-08-12_20-30-51-678084/model.pth
Model state saved to ../../results/models/checkpoints/complex_wave/2025-08-12_20-30-51-678084/model_weights.pth
It: 6400, Loss: 1.795e-01, Loss_res: 1.913e-01,  Loss_bcs: 5.560e-03, Loss_ut_ics: 1.048e+00, lr: 4.500e-04, Time: 6.17e-03
Model state saved to ../../results/models/checkpoints/complex_wave/2025-08-12_20-30-51-678084/model.pth
Model state saved to ../../results/models/checkpoints/complex_wave/2025-08-12_20-30-51-678084/model_weights.pth
It: 6500, Loss: 1.745e-01, Loss_res: 1.004e-01,  Loss_bcs: 8.137e-03, Loss_ut_ics: 8.308e-01, lr: 4.500e-04, Time: 6.18e-03
Model state saved to ../../results/models/checkpoints/complex_wave/2025-08-12_20-30-51-678084/model.pth
Model state saved to ../../results/models/checkpoints/complex_wave/2025-08-12_20-30-51-678084/model_weights.pth
It: 6600, Loss: 2.940e-01, Loss_res: 4.122e-01,  Loss_bcs: 2.473e-03, Loss_ut_ics: 2.281e+00, lr: 4.500e-04, Time: 5.48e-03
Model state saved to ../../results/models/checkpoints/complex_wave/2025-08-12_20-30-51-678084/model.pth
Model state saved to ../../results/models/checkpoints/complex_wave/2025-08-12_20-30-51-678084/model_weights.pth
It: 6700, Loss: 5.288e-01, Loss_res: 2.395e-01,  Loss_bcs: 2.493e-02, Loss_ut_ics: 2.555e+00, lr: 4.500e-04, Time: 5.06e-03
Model state saved to ../../results/models/checkpoints/complex_wave/2025-08-12_20-30-51-678084/model.pth
Model state saved to ../../results/models/checkpoints/complex_wave/2025-08-12_20-30-51-678084/model_weights.pth
It: 6800, Loss: 2.176e-01, Loss_res: 2.049e-01,  Loss_bcs: 3.350e-03, Loss_ut_ics: 1.636e+00, lr: 4.500e-04, Time: 7.21e-03
Model state saved to ../../results/models/checkpoints/complex_wave/2025-08-12_20-30-51-678084/model.pth
Model state saved to ../../results/models/checkpoints/complex_wave/2025-08-12_20-30-51-678084/model_weights.pth
It: 6900, Loss: 7.600e-01, Loss_res: 6.390e+00,  Loss_bcs: 6.916e-03, Loss_ut_ics: 5.181e-01, lr: 4.500e-04, Time: 6.16e-03
Model state saved to ../../results/models/checkpoints/complex_wave/2025-08-12_20-30-51-678084/model.pth
Model state saved to ../../results/models/checkpoints/complex_wave/2025-08-12_20-30-51-678084/model_weights.pth
It: 7000, Loss: 2.041e-01, Loss_res: 2.452e-01,  Loss_bcs: 1.715e-02, Loss_ut_ics: 8.074e-02, lr: 4.500e-04, Time: 5.82e-03
Model state saved to ../../results/models/checkpoints/complex_wave/2025-08-12_20-30-51-678084/model.pth
Model state saved to ../../results/models/checkpoints/complex_wave/2025-08-12_20-30-51-678084/model_weights.pth
It: 7100, Loss: 6.316e-02, Loss_res: 1.582e-01,  Loss_bcs: 1.871e-03, Loss_ut_ics: 2.864e-01, lr: 4.500e-04, Time: 5.91e-03
Model state saved to ../../results/models/checkpoints/complex_wave/2025-08-12_20-30-51-678084/model.pth
Model state saved to ../../results/models/checkpoints/complex_wave/2025-08-12_20-30-51-678084/model_weights.pth
It: 7200, Loss: 7.737e-02, Loss_res: 1.447e-01,  Loss_bcs: 5.276e-03, Loss_ut_ics: 1.013e-01, lr: 4.500e-04, Time: 6.92e-03
Model state saved to ../../results/models/checkpoints/complex_wave/2025-08-12_20-30-51-678084/model.pth
Model state saved to ../../results/models/checkpoints/complex_wave/2025-08-12_20-30-51-678084/model_weights.pth
It: 7300, Loss: 1.263e-01, Loss_res: 1.665e-01,  Loss_bcs: 6.651e-03, Loss_ut_ics: 4.318e-01, lr: 4.500e-04, Time: 6.08e-03
Model state saved to ../../results/models/checkpoints/complex_wave/2025-08-12_20-30-51-678084/model.pth
Model state saved to ../../results/models/checkpoints/complex_wave/2025-08-12_20-30-51-678084/model_weights.pth
It: 7400, Loss: 9.869e-02, Loss_res: 9.937e-02,  Loss_bcs: 5.127e-03, Loss_ut_ics: 3.748e-01, lr: 4.500e-04, Time: 5.25e-03
Model state saved to ../../results/models/checkpoints/complex_wave/2025-08-12_20-30-51-678084/model.pth
Model state saved to ../../results/models/checkpoints/complex_wave/2025-08-12_20-30-51-678084/model_weights.pth
It: 7500, Loss: 1.556e-01, Loss_res: 1.584e-01,  Loss_bcs: 9.993e-03, Loss_ut_ics: 3.982e-01, lr: 4.500e-04, Time: 5.15e-03
Model state saved to ../../results/models/checkpoints/complex_wave/2025-08-12_20-30-51-678084/model.pth
Model state saved to ../../results/models/checkpoints/complex_wave/2025-08-12_20-30-51-678084/model_weights.pth
It: 7600, Loss: 1.266e+00, Loss_res: 1.184e+01,  Loss_bcs: 5.515e-03, Loss_ut_ics: 2.745e-01, lr: 4.500e-04, Time: 7.16e-03
Model state saved to ../../results/models/checkpoints/complex_wave/2025-08-12_20-30-51-678084/model.pth
Model state saved to ../../results/models/checkpoints/complex_wave/2025-08-12_20-30-51-678084/model_weights.pth
It: 7700, Loss: 1.280e-01, Loss_res: 1.520e-01,  Loss_bcs: 7.784e-03, Loss_ut_ics: 3.498e-01, lr: 4.500e-04, Time: 5.45e-03
Model state saved to ../../results/models/checkpoints/complex_wave/2025-08-12_20-30-51-678084/model.pth
Model state saved to ../../results/models/checkpoints/complex_wave/2025-08-12_20-30-51-678084/model_weights.pth
It: 7800, Loss: 1.907e-01, Loss_res: 2.240e-01,  Loss_bcs: 4.918e-03, Loss_ut_ics: 1.191e+00, lr: 4.500e-04, Time: 7.56e-03
Model state saved to ../../results/models/checkpoints/complex_wave/2025-08-12_20-30-51-678084/model.pth
Model state saved to ../../results/models/checkpoints/complex_wave/2025-08-12_20-30-51-678084/model_weights.pth
It: 7900, Loss: 2.575e-01, Loss_res: 1.656e+00,  Loss_bcs: 7.082e-03, Loss_ut_ics: 2.106e-01, lr: 4.500e-04, Time: 6.18e-03
Model state saved to ../../results/models/checkpoints/complex_wave/2025-08-12_20-30-51-678084/model.pth
Model state saved to ../../results/models/checkpoints/complex_wave/2025-08-12_20-30-51-678084/model_weights.pth
It: 8000, Loss: 2.715e-01, Loss_res: 8.384e-02,  Loss_bcs: 2.081e-02, Loss_ut_ics: 5.505e-01, lr: 4.500e-04, Time: 7.00e-03
Model state saved to ../../results/models/checkpoints/complex_wave/2025-08-12_20-30-51-678084/model.pth
Model state saved to ../../results/models/checkpoints/complex_wave/2025-08-12_20-30-51-678084/model_weights.pth
It: 8100, Loss: 1.138e-01, Loss_res: 8.754e-02,  Loss_bcs: 2.792e-03, Loss_ut_ics: 7.709e-01, lr: 4.500e-04, Time: 7.71e-03
Model state saved to ../../results/models/checkpoints/complex_wave/2025-08-12_20-30-51-678084/model.pth
Model state saved to ../../results/models/checkpoints/complex_wave/2025-08-12_20-30-51-678084/model_weights.pth
It: 8200, Loss: 8.220e-02, Loss_res: 4.943e-02,  Loss_bcs: 5.640e-03, Loss_ut_ics: 2.086e-01, lr: 4.500e-04, Time: 5.89e-03
Model state saved to ../../results/models/checkpoints/complex_wave/2025-08-12_20-30-51-678084/model.pth
Model state saved to ../../results/models/checkpoints/complex_wave/2025-08-12_20-30-51-678084/model_weights.pth
It: 8300, Loss: 1.202e-01, Loss_res: 8.850e-02,  Loss_bcs: 4.618e-03, Loss_ut_ics: 6.518e-01, lr: 4.500e-04, Time: 5.40e-03
Model state saved to ../../results/models/checkpoints/complex_wave/2025-08-12_20-30-51-678084/model.pth
Model state saved to ../../results/models/checkpoints/complex_wave/2025-08-12_20-30-51-678084/model_weights.pth
It: 8400, Loss: 1.444e-01, Loss_res: 4.133e-01,  Loss_bcs: 2.450e-03, Loss_ut_ics: 7.859e-01, lr: 4.500e-04, Time: 6.18e-03
Model state saved to ../../results/models/checkpoints/complex_wave/2025-08-12_20-30-51-678084/model.pth
Model state saved to ../../results/models/checkpoints/complex_wave/2025-08-12_20-30-51-678084/model_weights.pth
It: 8500, Loss: 2.688e-01, Loss_res: 4.062e-01,  Loss_bcs: 1.740e-02, Loss_ut_ics: 5.419e-01, lr: 4.500e-04, Time: 1.06e-02
Model state saved to ../../results/models/checkpoints/complex_wave/2025-08-12_20-30-51-678084/model.pth
Model state saved to ../../results/models/checkpoints/complex_wave/2025-08-12_20-30-51-678084/model_weights.pth
It: 8600, Loss: 2.646e-01, Loss_res: 7.735e-02,  Loss_bcs: 2.339e-02, Loss_ut_ics: 2.297e-01, lr: 4.500e-04, Time: 5.90e-03
Model state saved to ../../results/models/checkpoints/complex_wave/2025-08-12_20-30-51-678084/model.pth
Model state saved to ../../results/models/checkpoints/complex_wave/2025-08-12_20-30-51-678084/model_weights.pth
It: 8700, Loss: 2.484e-01, Loss_res: 2.489e-01,  Loss_bcs: 1.761e-02, Loss_ut_ics: 4.741e-01, lr: 4.500e-04, Time: 5.43e-03
Model state saved to ../../results/models/checkpoints/complex_wave/2025-08-12_20-30-51-678084/model.pth
Model state saved to ../../results/models/checkpoints/complex_wave/2025-08-12_20-30-51-678084/model_weights.pth
It: 8800, Loss: 8.563e-01, Loss_res: 6.576e-02,  Loss_bcs: 7.977e-02, Loss_ut_ics: 5.200e-01, lr: 4.500e-04, Time: 6.59e-03
Model state saved to ../../results/models/checkpoints/complex_wave/2025-08-12_20-30-51-678084/model.pth
Model state saved to ../../results/models/checkpoints/complex_wave/2025-08-12_20-30-51-678084/model_weights.pth
It: 8900, Loss: 1.478e-01, Loss_res: 1.041e-01,  Loss_bcs: 1.223e-02, Loss_ut_ics: 1.514e-01, lr: 4.500e-04, Time: 5.83e-03
Model state saved to ../../results/models/checkpoints/complex_wave/2025-08-12_20-30-51-678084/model.pth
Model state saved to ../../results/models/checkpoints/complex_wave/2025-08-12_20-30-51-678084/model_weights.pth
It: 9000, Loss: 1.691e-01, Loss_res: 1.277e-01,  Loss_bcs: 2.858e-03, Loss_ut_ics: 1.278e+00, lr: 4.500e-04, Time: 7.27e-03
Model state saved to ../../results/models/checkpoints/complex_wave/2025-08-12_20-30-51-678084/model.pth
Model state saved to ../../results/models/checkpoints/complex_wave/2025-08-12_20-30-51-678084/model_weights.pth
It: 9100, Loss: 9.012e-02, Loss_res: 1.318e-01,  Loss_bcs: 1.939e-03, Loss_ut_ics: 5.755e-01, lr: 4.500e-04, Time: 5.43e-03
Model state saved to ../../results/models/checkpoints/complex_wave/2025-08-12_20-30-51-678084/model.pth
Model state saved to ../../results/models/checkpoints/complex_wave/2025-08-12_20-30-51-678084/model_weights.pth
It: 9200, Loss: 7.884e-02, Loss_res: 1.371e-01,  Loss_bcs: 3.434e-03, Loss_ut_ics: 3.079e-01, lr: 4.500e-04, Time: 9.07e-03
Model state saved to ../../results/models/checkpoints/complex_wave/2025-08-12_20-30-51-678084/model.pth
Model state saved to ../../results/models/checkpoints/complex_wave/2025-08-12_20-30-51-678084/model_weights.pth
It: 9300, Loss: 2.420e-01, Loss_res: 1.545e-01,  Loss_bcs: 5.379e-03, Loss_ut_ics: 1.728e+00, lr: 4.500e-04, Time: 5.95e-03
Model state saved to ../../results/models/checkpoints/complex_wave/2025-08-12_20-30-51-678084/model.pth
Model state saved to ../../results/models/checkpoints/complex_wave/2025-08-12_20-30-51-678084/model_weights.pth
It: 9400, Loss: 8.345e-01, Loss_res: 6.554e+00,  Loss_bcs: 1.966e-03, Loss_ut_ics: 1.594e+00, lr: 4.500e-04, Time: 6.19e-03
Model state saved to ../../results/models/checkpoints/complex_wave/2025-08-12_20-30-51-678084/model.pth
Model state saved to ../../results/models/checkpoints/complex_wave/2025-08-12_20-30-51-678084/model_weights.pth
It: 9500, Loss: 1.762e-01, Loss_res: 1.129e-01,  Loss_bcs: 3.114e-03, Loss_ut_ics: 1.338e+00, lr: 4.500e-04, Time: 6.31e-03
Model state saved to ../../results/models/checkpoints/complex_wave/2025-08-12_20-30-51-678084/model.pth
Model state saved to ../../results/models/checkpoints/complex_wave/2025-08-12_20-30-51-678084/model_weights.pth
It: 9600, Loss: 1.268e-01, Loss_res: 3.996e-01,  Loss_bcs: 5.285e-03, Loss_ut_ics: 3.394e-01, lr: 4.500e-04, Time: 4.96e-03
Model state saved to ../../results/models/checkpoints/complex_wave/2025-08-12_20-30-51-678084/model.pth
Model state saved to ../../results/models/checkpoints/complex_wave/2025-08-12_20-30-51-678084/model_weights.pth
It: 9700, Loss: 1.887e-01, Loss_res: 2.594e-01,  Loss_bcs: 2.766e-03, Loss_ut_ics: 1.351e+00, lr: 4.500e-04, Time: 5.56e-03
Model state saved to ../../results/models/checkpoints/complex_wave/2025-08-12_20-30-51-678084/model.pth
Model state saved to ../../results/models/checkpoints/complex_wave/2025-08-12_20-30-51-678084/model_weights.pth
It: 9800, Loss: 4.306e-01, Loss_res: 1.434e-01,  Loss_bcs: 3.845e-02, Loss_ut_ics: 3.172e-01, lr: 4.500e-04, Time: 5.51e-03
Model state saved to ../../results/models/checkpoints/complex_wave/2025-08-12_20-30-51-678084/model.pth
Model state saved to ../../results/models/checkpoints/complex_wave/2025-08-12_20-30-51-678084/model_weights.pth
It: 9900, Loss: 2.247e-01, Loss_res: 1.417e-01,  Loss_bcs: 2.047e-02, Loss_ut_ics: 5.832e-02, lr: 4.500e-04, Time: 6.16e-03
Model state saved to ../../results/models/checkpoints/complex_wave/2025-08-12_20-30-51-678084/model.pth
Model state saved to ../../results/models/checkpoints/complex_wave/2025-08-12_20-30-51-678084/model_weights.pth
It: 10000, Loss: 1.529e-01, Loss_res: 1.109e-01,  Loss_bcs: 1.048e-02, Loss_ut_ics: 3.697e-01, lr: 4.050e-04, Time: 5.52e-03
Model state saved to ../../results/models/checkpoints/complex_wave/2025-08-12_20-30-51-678084/model.pth
Model state saved to ../../results/models/checkpoints/complex_wave/2025-08-12_20-30-51-678084/model_weights.pth
It: 10100, Loss: 2.481e-01, Loss_res: 1.172e-01,  Loss_bcs: 6.377e-03, Loss_ut_ics: 1.726e+00, lr: 4.050e-04, Time: 5.76e-03
Model state saved to ../../results/models/checkpoints/complex_wave/2025-08-12_20-30-51-678084/model.pth
Model state saved to ../../results/models/checkpoints/complex_wave/2025-08-12_20-30-51-678084/model_weights.pth
It: 10200, Loss: 1.029e+00, Loss_res: 8.922e-02,  Loss_bcs: 8.650e-02, Loss_ut_ics: 1.549e+00, lr: 4.050e-04, Time: 5.49e-03
Model state saved to ../../results/models/checkpoints/complex_wave/2025-08-12_20-30-51-678084/model.pth
Model state saved to ../../results/models/checkpoints/complex_wave/2025-08-12_20-30-51-678084/model_weights.pth
It: 10300, Loss: 1.493e-01, Loss_res: 1.514e-01,  Loss_bcs: 1.994e-03, Loss_ut_ics: 1.142e+00, lr: 4.050e-04, Time: 4.89e-03
Model state saved to ../../results/models/checkpoints/complex_wave/2025-08-12_20-30-51-678084/model.pth
Model state saved to ../../results/models/checkpoints/complex_wave/2025-08-12_20-30-51-678084/model_weights.pth
It: 10400, Loss: 1.960e-01, Loss_res: 9.568e-02,  Loss_bcs: 2.621e-03, Loss_ut_ics: 1.602e+00, lr: 4.050e-04, Time: 6.19e-03
Model state saved to ../../results/models/checkpoints/complex_wave/2025-08-12_20-30-51-678084/model.pth
Model state saved to ../../results/models/checkpoints/complex_wave/2025-08-12_20-30-51-678084/model_weights.pth
It: 10500, Loss: 1.698e-01, Loss_res: 7.871e-01,  Loss_bcs: 3.611e-03, Loss_ut_ics: 5.500e-01, lr: 4.050e-04, Time: 4.99e-03
Model state saved to ../../results/models/checkpoints/complex_wave/2025-08-12_20-30-51-678084/model.pth
Model state saved to ../../results/models/checkpoints/complex_wave/2025-08-12_20-30-51-678084/model_weights.pth
It: 10600, Loss: 2.985e-01, Loss_res: 2.344e-01,  Loss_bcs: 1.926e-03, Loss_ut_ics: 2.558e+00, lr: 4.050e-04, Time: 6.75e-03
Model state saved to ../../results/models/checkpoints/complex_wave/2025-08-12_20-30-51-678084/model.pth
Model state saved to ../../results/models/checkpoints/complex_wave/2025-08-12_20-30-51-678084/model_weights.pth
It: 10700, Loss: 8.690e-02, Loss_res: 4.461e-02,  Loss_bcs: 6.996e-03, Loss_ut_ics: 1.248e-01, lr: 4.050e-04, Time: 5.59e-03
Model state saved to ../../results/models/checkpoints/complex_wave/2025-08-12_20-30-51-678084/model.pth
Model state saved to ../../results/models/checkpoints/complex_wave/2025-08-12_20-30-51-678084/model_weights.pth
It: 10800, Loss: 4.639e-02, Loss_res: 8.560e-02,  Loss_bcs: 1.247e-03, Loss_ut_ics: 2.536e-01, lr: 4.050e-04, Time: 5.71e-03
Model state saved to ../../results/models/checkpoints/complex_wave/2025-08-12_20-30-51-678084/model.pth
Model state saved to ../../results/models/checkpoints/complex_wave/2025-08-12_20-30-51-678084/model_weights.pth
It: 10900, Loss: 3.079e-01, Loss_res: 1.081e+00,  Loss_bcs: 1.636e-02, Loss_ut_ics: 3.610e-01, lr: 4.050e-04, Time: 5.34e-03
Model state saved to ../../results/models/checkpoints/complex_wave/2025-08-12_20-30-51-678084/model.pth
Model state saved to ../../results/models/checkpoints/complex_wave/2025-08-12_20-30-51-678084/model_weights.pth
It: 11000, Loss: 1.010e-01, Loss_res: 5.441e-02,  Loss_bcs: 2.053e-03, Loss_ut_ics: 7.507e-01, lr: 4.050e-04, Time: 6.14e-03
Model state saved to ../../results/models/checkpoints/complex_wave/2025-08-12_20-30-51-678084/model.pth
Model state saved to ../../results/models/checkpoints/complex_wave/2025-08-12_20-30-51-678084/model_weights.pth
It: 11100, Loss: 3.362e-01, Loss_res: 1.066e+00,  Loss_bcs: 3.932e-03, Loss_ut_ics: 1.903e+00, lr: 4.050e-04, Time: 4.81e-03
Model state saved to ../../results/models/checkpoints/complex_wave/2025-08-12_20-30-51-678084/model.pth
Model state saved to ../../results/models/checkpoints/complex_wave/2025-08-12_20-30-51-678084/model_weights.pth
It: 11200, Loss: 4.809e-02, Loss_res: 5.199e-02,  Loss_bcs: 7.679e-04, Loss_ut_ics: 3.521e-01, lr: 4.050e-04, Time: 4.88e-03
Model state saved to ../../results/models/checkpoints/complex_wave/2025-08-12_20-30-51-678084/model.pth
Model state saved to ../../results/models/checkpoints/complex_wave/2025-08-12_20-30-51-678084/model_weights.pth
It: 11300, Loss: 1.289e-01, Loss_res: 8.928e-01,  Loss_bcs: 2.342e-03, Loss_ut_ics: 1.618e-01, lr: 4.050e-04, Time: 5.33e-03
Model state saved to ../../results/models/checkpoints/complex_wave/2025-08-12_20-30-51-678084/model.pth
Model state saved to ../../results/models/checkpoints/complex_wave/2025-08-12_20-30-51-678084/model_weights.pth
It: 11400, Loss: 1.462e-01, Loss_res: 4.205e-01,  Loss_bcs: 1.070e-03, Loss_ut_ics: 9.349e-01, lr: 4.050e-04, Time: 4.96e-03
Model state saved to ../../results/models/checkpoints/complex_wave/2025-08-12_20-30-51-678084/model.pth
Model state saved to ../../results/models/checkpoints/complex_wave/2025-08-12_20-30-51-678084/model_weights.pth
It: 11500, Loss: 1.147e-01, Loss_res: 6.254e-02,  Loss_bcs: 1.117e-03, Loss_ut_ics: 9.727e-01, lr: 4.050e-04, Time: 5.00e-03
Model state saved to ../../results/models/checkpoints/complex_wave/2025-08-12_20-30-51-678084/model.pth
Model state saved to ../../results/models/checkpoints/complex_wave/2025-08-12_20-30-51-678084/model_weights.pth
It: 11600, Loss: 1.573e-01, Loss_res: 1.075e-01,  Loss_bcs: 1.121e-03, Loss_ut_ics: 1.353e+00, lr: 3.645e-04, Time: 4.88e-03
Model state saved to ../../results/models/checkpoints/complex_wave/2025-08-12_20-30-51-678084/model.pth
Model state saved to ../../results/models/checkpoints/complex_wave/2025-08-12_20-30-51-678084/model_weights.pth
It: 11700, Loss: 1.218e-01, Loss_res: 7.430e-02,  Loss_bcs: 8.656e-03, Loss_ut_ics: 2.781e-01, lr: 3.645e-04, Time: 5.12e-03
Model state saved to ../../results/models/checkpoints/complex_wave/2025-08-12_20-30-51-678084/model.pth
Model state saved to ../../results/models/checkpoints/complex_wave/2025-08-12_20-30-51-678084/model_weights.pth
It: 11800, Loss: 4.796e-02, Loss_res: 1.301e-01,  Loss_bcs: 2.797e-03, Loss_ut_ics: 6.984e-02, lr: 3.645e-04, Time: 4.88e-03
Model state saved to ../../results/models/checkpoints/complex_wave/2025-08-12_20-30-51-678084/model.pth
Model state saved to ../../results/models/checkpoints/complex_wave/2025-08-12_20-30-51-678084/model_weights.pth
It: 11900, Loss: 1.348e-01, Loss_res: 2.983e-01,  Loss_bcs: 3.961e-03, Loss_ut_ics: 6.532e-01, lr: 3.645e-04, Time: 4.85e-03
Model state saved to ../../results/models/checkpoints/complex_wave/2025-08-12_20-30-51-678084/model.pth
Model state saved to ../../results/models/checkpoints/complex_wave/2025-08-12_20-30-51-678084/model_weights.pth
It: 12000, Loss: 2.699e-01, Loss_res: 1.941e+00,  Loss_bcs: 5.422e-03, Loss_ut_ics: 2.158e-01, lr: 3.645e-04, Time: 4.94e-03
Model state saved to ../../results/models/checkpoints/complex_wave/2025-08-12_20-30-51-678084/model.pth
Model state saved to ../../results/models/checkpoints/complex_wave/2025-08-12_20-30-51-678084/model_weights.pth
It: 12100, Loss: 9.014e-02, Loss_res: 1.463e-01,  Loss_bcs: 4.133e-03, Loss_ut_ics: 3.418e-01, lr: 3.645e-04, Time: 5.42e-03
Model state saved to ../../results/models/checkpoints/complex_wave/2025-08-12_20-30-51-678084/model.pth
Model state saved to ../../results/models/checkpoints/complex_wave/2025-08-12_20-30-51-678084/model_weights.pth
It: 12200, Loss: 5.023e-02, Loss_res: 1.334e-01,  Loss_bcs: 8.310e-04, Loss_ut_ics: 2.857e-01, lr: 3.645e-04, Time: 5.01e-03
Model state saved to ../../results/models/checkpoints/complex_wave/2025-08-12_20-30-51-678084/model.pth
Model state saved to ../../results/models/checkpoints/complex_wave/2025-08-12_20-30-51-678084/model_weights.pth
It: 12300, Loss: 1.275e-01, Loss_res: 1.486e-01,  Loss_bcs: 2.997e-03, Loss_ut_ics: 8.270e-01, lr: 3.645e-04, Time: 5.85e-03
Model state saved to ../../results/models/checkpoints/complex_wave/2025-08-12_20-30-51-678084/model.pth
Model state saved to ../../results/models/checkpoints/complex_wave/2025-08-12_20-30-51-678084/model_weights.pth
It: 12400, Loss: 1.924e-01, Loss_res: 1.474e-01,  Loss_bcs: 6.555e-03, Loss_ut_ics: 1.121e+00, lr: 3.645e-04, Time: 5.61e-03
Model state saved to ../../results/models/checkpoints/complex_wave/2025-08-12_20-30-51-678084/model.pth
Model state saved to ../../results/models/checkpoints/complex_wave/2025-08-12_20-30-51-678084/model_weights.pth
It: 12500, Loss: 3.752e-02, Loss_res: 1.065e-01,  Loss_bcs: 1.293e-03, Loss_ut_ics: 1.394e-01, lr: 3.645e-04, Time: 5.61e-03
Model state saved to ../../results/models/checkpoints/complex_wave/2025-08-12_20-30-51-678084/model.pth
Model state saved to ../../results/models/checkpoints/complex_wave/2025-08-12_20-30-51-678084/model_weights.pth
It: 12600, Loss: 6.114e-02, Loss_res: 6.690e-02,  Loss_bcs: 3.960e-03, Loss_ut_ics: 1.485e-01, lr: 3.281e-04, Time: 4.82e-03
Model state saved to ../../results/models/checkpoints/complex_wave/2025-08-12_20-30-51-678084/model.pth
Model state saved to ../../results/models/checkpoints/complex_wave/2025-08-12_20-30-51-678084/model_weights.pth
It: 12700, Loss: 6.862e-02, Loss_res: 6.380e-02,  Loss_bcs: 5.495e-03, Loss_ut_ics: 7.293e-02, lr: 3.281e-04, Time: 5.01e-03
Model state saved to ../../results/models/checkpoints/complex_wave/2025-08-12_20-30-51-678084/model.pth
Model state saved to ../../results/models/checkpoints/complex_wave/2025-08-12_20-30-51-678084/model_weights.pth
It: 12800, Loss: 8.124e-02, Loss_res: 2.814e-01,  Loss_bcs: 9.158e-04, Loss_ut_ics: 4.394e-01, lr: 3.281e-04, Time: 5.36e-03
Model state saved to ../../results/models/checkpoints/complex_wave/2025-08-12_20-30-51-678084/model.pth
Model state saved to ../../results/models/checkpoints/complex_wave/2025-08-12_20-30-51-678084/model_weights.pth
It: 12900, Loss: 9.682e-02, Loss_res: 1.090e-01,  Loss_bcs: 2.558e-03, Loss_ut_ics: 6.034e-01, lr: 3.281e-04, Time: 5.24e-03
Model state saved to ../../results/models/checkpoints/complex_wave/2025-08-12_20-30-51-678084/model.pth
Model state saved to ../../results/models/checkpoints/complex_wave/2025-08-12_20-30-51-678084/model_weights.pth
It: 13000, Loss: 3.125e-02, Loss_res: 4.240e-02,  Loss_bcs: 4.146e-04, Loss_ut_ics: 2.286e-01, lr: 3.281e-04, Time: 6.42e-03
Model state saved to ../../results/models/checkpoints/complex_wave/2025-08-12_20-30-51-678084/model.pth
Model state saved to ../../results/models/checkpoints/complex_wave/2025-08-12_20-30-51-678084/model_weights.pth
It: 13100, Loss: 4.411e-02, Loss_res: 1.351e-01,  Loss_bcs: 1.770e-03, Loss_ut_ics: 1.290e-01, lr: 3.281e-04, Time: 5.91e-03
Model state saved to ../../results/models/checkpoints/complex_wave/2025-08-12_20-30-51-678084/model.pth
Model state saved to ../../results/models/checkpoints/complex_wave/2025-08-12_20-30-51-678084/model_weights.pth
It: 13200, Loss: 4.976e-02, Loss_res: 1.286e-01,  Loss_bcs: 1.538e-03, Loss_ut_ics: 2.152e-01, lr: 3.281e-04, Time: 5.04e-03
Model state saved to ../../results/models/checkpoints/complex_wave/2025-08-12_20-30-51-678084/model.pth
Model state saved to ../../results/models/checkpoints/complex_wave/2025-08-12_20-30-51-678084/model_weights.pth
It: 13300, Loss: 8.660e-02, Loss_res: 1.706e-01,  Loss_bcs: 4.168e-03, Loss_ut_ics: 2.786e-01, lr: 3.281e-04, Time: 5.22e-03
Model state saved to ../../results/models/checkpoints/complex_wave/2025-08-12_20-30-51-678084/model.pth
Model state saved to ../../results/models/checkpoints/complex_wave/2025-08-12_20-30-51-678084/model_weights.pth
It: 13400, Loss: 1.381e-01, Loss_res: 1.210e-01,  Loss_bcs: 2.624e-03, Loss_ut_ics: 9.974e-01, lr: 3.281e-04, Time: 5.04e-03
Model state saved to ../../results/models/checkpoints/complex_wave/2025-08-12_20-30-51-678084/model.pth
Model state saved to ../../results/models/checkpoints/complex_wave/2025-08-12_20-30-51-678084/model_weights.pth
It: 13500, Loss: 1.100e-01, Loss_res: 7.719e-02,  Loss_bcs: 2.586e-03, Loss_ut_ics: 7.641e-01, lr: 3.281e-04, Time: 4.99e-03
Model state saved to ../../results/models/checkpoints/complex_wave/2025-08-12_20-30-51-678084/model.pth
Model state saved to ../../results/models/checkpoints/complex_wave/2025-08-12_20-30-51-678084/model_weights.pth
It: 13600, Loss: 2.212e-01, Loss_res: 2.003e-01,  Loss_bcs: 8.558e-03, Loss_ut_ics: 1.156e+00, lr: 3.281e-04, Time: 5.29e-03
Model state saved to ../../results/models/checkpoints/complex_wave/2025-08-12_20-30-51-678084/model.pth
Model state saved to ../../results/models/checkpoints/complex_wave/2025-08-12_20-30-51-678084/model_weights.pth
It: 13700, Loss: 2.202e-01, Loss_res: 6.937e-02,  Loss_bcs: 1.349e-02, Loss_ut_ics: 7.842e-01, lr: 3.281e-04, Time: 5.09e-03
Model state saved to ../../results/models/checkpoints/complex_wave/2025-08-12_20-30-51-678084/model.pth
Model state saved to ../../results/models/checkpoints/complex_wave/2025-08-12_20-30-51-678084/model_weights.pth
It: 13800, Loss: 8.391e-02, Loss_res: 3.401e-02,  Loss_bcs: 5.359e-03, Loss_ut_ics: 2.691e-01, lr: 3.281e-04, Time: 5.16e-03
Model state saved to ../../results/models/checkpoints/complex_wave/2025-08-12_20-30-51-678084/model.pth
Model state saved to ../../results/models/checkpoints/complex_wave/2025-08-12_20-30-51-678084/model_weights.pth
It: 13900, Loss: 1.621e-01, Loss_res: 4.913e-01,  Loss_bcs: 6.269e-04, Loss_ut_ics: 1.067e+00, lr: 2.952e-04, Time: 5.27e-03
Model state saved to ../../results/models/checkpoints/complex_wave/2025-08-12_20-30-51-678084/model.pth
Model state saved to ../../results/models/checkpoints/complex_wave/2025-08-12_20-30-51-678084/model_weights.pth
It: 14000, Loss: 7.451e-02, Loss_res: 1.646e-01,  Loss_bcs: 2.056e-03, Loss_ut_ics: 3.748e-01, lr: 2.952e-04, Time: 5.09e-03
Model state saved to ../../results/models/checkpoints/complex_wave/2025-08-12_20-30-51-678084/model.pth
Model state saved to ../../results/models/checkpoints/complex_wave/2025-08-12_20-30-51-678084/model_weights.pth
It: 14100, Loss: 6.160e-02, Loss_res: 5.547e-02,  Loss_bcs: 3.084e-03, Loss_ut_ics: 2.522e-01, lr: 2.952e-04, Time: 5.01e-03
Model state saved to ../../results/models/checkpoints/complex_wave/2025-08-12_20-30-51-678084/model.pth
Model state saved to ../../results/models/checkpoints/complex_wave/2025-08-12_20-30-51-678084/model_weights.pth
It: 14200, Loss: 9.621e-02, Loss_res: 8.713e-02,  Loss_bcs: 5.366e-04, Loss_ut_ics: 8.213e-01, lr: 2.952e-04, Time: 5.04e-03
Model state saved to ../../results/models/checkpoints/complex_wave/2025-08-12_20-30-51-678084/model.pth
Model state saved to ../../results/models/checkpoints/complex_wave/2025-08-12_20-30-51-678084/model_weights.pth
It: 14300, Loss: 4.039e-02, Loss_res: 1.071e-01,  Loss_bcs: 8.905e-04, Loss_ut_ics: 2.078e-01, lr: 2.952e-04, Time: 5.02e-03
Model state saved to ../../results/models/checkpoints/complex_wave/2025-08-12_20-30-51-678084/model.pth
Model state saved to ../../results/models/checkpoints/complex_wave/2025-08-12_20-30-51-678084/model_weights.pth
It: 14400, Loss: 1.321e-01, Loss_res: 4.778e-01,  Loss_bcs: 1.880e-03, Loss_ut_ics: 6.553e-01, lr: 2.952e-04, Time: 5.30e-03
Model state saved to ../../results/models/checkpoints/complex_wave/2025-08-12_20-30-51-678084/model.pth
Model state saved to ../../results/models/checkpoints/complex_wave/2025-08-12_20-30-51-678084/model_weights.pth
It: 14500, Loss: 9.815e-01, Loss_res: 8.921e+00,  Loss_bcs: 1.693e-03, Loss_ut_ics: 7.245e-01, lr: 2.952e-04, Time: 4.96e-03
Model state saved to ../../results/models/checkpoints/complex_wave/2025-08-12_20-30-51-678084/model.pth
Model state saved to ../../results/models/checkpoints/complex_wave/2025-08-12_20-30-51-678084/model_weights.pth
It: 14600, Loss: 1.099e-01, Loss_res: 6.405e-02,  Loss_bcs: 2.372e-03, Loss_ut_ics: 7.979e-01, lr: 2.952e-04, Time: 5.85e-03
Model state saved to ../../results/models/checkpoints/complex_wave/2025-08-12_20-30-51-678084/model.pth
Model state saved to ../../results/models/checkpoints/complex_wave/2025-08-12_20-30-51-678084/model_weights.pth
It: 14700, Loss: 3.935e-02, Loss_res: 6.436e-02,  Loss_bcs: 2.340e-03, Loss_ut_ics: 9.518e-02, lr: 2.952e-04, Time: 5.17e-03
Model state saved to ../../results/models/checkpoints/complex_wave/2025-08-12_20-30-51-678084/model.pth
Model state saved to ../../results/models/checkpoints/complex_wave/2025-08-12_20-30-51-678084/model_weights.pth
It: 14800, Loss: 4.761e-02, Loss_res: 1.744e-01,  Loss_bcs: 2.044e-03, Loss_ut_ics: 9.731e-02, lr: 2.952e-04, Time: 5.05e-03
Model state saved to ../../results/models/checkpoints/complex_wave/2025-08-12_20-30-51-678084/model.pth
Model state saved to ../../results/models/checkpoints/complex_wave/2025-08-12_20-30-51-678084/model_weights.pth
It: 14900, Loss: 4.940e-02, Loss_res: 5.564e-02,  Loss_bcs: 3.540e-03, Loss_ut_ics: 8.434e-02, lr: 2.952e-04, Time: 5.16e-03
Model state saved to ../../results/models/checkpoints/complex_wave/2025-08-12_20-30-51-678084/model.pth
Model state saved to ../../results/models/checkpoints/complex_wave/2025-08-12_20-30-51-678084/model_weights.pth
It: 15000, Loss: 1.033e-01, Loss_res: 2.143e-01,  Loss_bcs: 6.769e-03, Loss_ut_ics: 1.414e-01, lr: 2.952e-04, Time: 5.47e-03
Model state saved to ../../results/models/checkpoints/complex_wave/2025-08-12_20-30-51-678084/model.pth
Model state saved to ../../results/models/checkpoints/complex_wave/2025-08-12_20-30-51-678084/model_weights.pth
It: 15100, Loss: 5.988e-02, Loss_res: 6.936e-02,  Loss_bcs: 7.794e-04, Loss_ut_ics: 4.515e-01, lr: 2.952e-04, Time: 5.09e-03
Model state saved to ../../results/models/checkpoints/complex_wave/2025-08-12_20-30-51-678084/model.pth
Model state saved to ../../results/models/checkpoints/complex_wave/2025-08-12_20-30-51-678084/model_weights.pth
It: 15200, Loss: 6.403e-02, Loss_res: 8.074e-02,  Loss_bcs: 8.365e-04, Loss_ut_ics: 4.760e-01, lr: 2.952e-04, Time: 5.40e-03
Model state saved to ../../results/models/checkpoints/complex_wave/2025-08-12_20-30-51-678084/model.pth
Model state saved to ../../results/models/checkpoints/complex_wave/2025-08-12_20-30-51-678084/model_weights.pth
It: 15300, Loss: 1.479e-01, Loss_res: 7.154e-02,  Loss_bcs: 1.248e-02, Loss_ut_ics: 1.591e-01, lr: 2.952e-04, Time: 5.24e-03
Model state saved to ../../results/models/checkpoints/complex_wave/2025-08-12_20-30-51-678084/model.pth
Model state saved to ../../results/models/checkpoints/complex_wave/2025-08-12_20-30-51-678084/model_weights.pth
It: 15400, Loss: 7.095e-02, Loss_res: 4.980e-01,  Loss_bcs: 8.631e-04, Loss_ut_ics: 1.252e-01, lr: 2.952e-04, Time: 6.49e-03
Model state saved to ../../results/models/checkpoints/complex_wave/2025-08-12_20-30-51-678084/model.pth
Model state saved to ../../results/models/checkpoints/complex_wave/2025-08-12_20-30-51-678084/model_weights.pth
It: 15500, Loss: 4.841e-02, Loss_res: 3.290e-02,  Loss_bcs: 2.460e-03, Loss_ut_ics: 2.052e-01, lr: 2.952e-04, Time: 5.55e-03
Model state saved to ../../results/models/checkpoints/complex_wave/2025-08-12_20-30-51-678084/model.pth
Model state saved to ../../results/models/checkpoints/complex_wave/2025-08-12_20-30-51-678084/model_weights.pth
It: 15600, Loss: 9.983e-02, Loss_res: 4.832e-02,  Loss_bcs: 3.962e-03, Loss_ut_ics: 5.539e-01, lr: 2.952e-04, Time: 4.87e-03
Model state saved to ../../results/models/checkpoints/complex_wave/2025-08-12_20-30-51-678084/model.pth
Model state saved to ../../results/models/checkpoints/complex_wave/2025-08-12_20-30-51-678084/model_weights.pth
It: 15700, Loss: 1.608e-01, Loss_res: 4.315e-01,  Loss_bcs: 8.044e-03, Loss_ut_ics: 3.719e-01, lr: 2.952e-04, Time: 6.23e-03
Model state saved to ../../results/models/checkpoints/complex_wave/2025-08-12_20-30-51-678084/model.pth
Model state saved to ../../results/models/checkpoints/complex_wave/2025-08-12_20-30-51-678084/model_weights.pth
It: 15800, Loss: 1.011e-01, Loss_res: 1.164e-01,  Loss_bcs: 4.550e-03, Loss_ut_ics: 4.396e-01, lr: 2.952e-04, Time: 5.13e-03
Model state saved to ../../results/models/checkpoints/complex_wave/2025-08-12_20-30-51-678084/model.pth
Model state saved to ../../results/models/checkpoints/complex_wave/2025-08-12_20-30-51-678084/model_weights.pth
It: 15900, Loss: 2.797e-02, Loss_res: 2.237e-01,  Loss_bcs: 2.516e-04, Loss_ut_ics: 3.080e-02, lr: 2.952e-04, Time: 5.35e-03
Model state saved to ../../results/models/checkpoints/complex_wave/2025-08-12_20-30-51-678084/model.pth
Model state saved to ../../results/models/checkpoints/complex_wave/2025-08-12_20-30-51-678084/model_weights.pth
It: 16000, Loss: 6.313e-02, Loss_res: 1.308e-01,  Loss_bcs: 3.515e-03, Loss_ut_ics: 1.490e-01, lr: 2.952e-04, Time: 5.32e-03
Model state saved to ../../results/models/checkpoints/complex_wave/2025-08-12_20-30-51-678084/model.pth
Model state saved to ../../results/models/checkpoints/complex_wave/2025-08-12_20-30-51-678084/model_weights.pth
It: 16100, Loss: 2.346e-01, Loss_res: 1.899e+00,  Loss_bcs: 3.365e-03, Loss_ut_ics: 1.111e-01, lr: 2.952e-04, Time: 5.03e-03
Model state saved to ../../results/models/checkpoints/complex_wave/2025-08-12_20-30-51-678084/model.pth
Model state saved to ../../results/models/checkpoints/complex_wave/2025-08-12_20-30-51-678084/model_weights.pth
It: 16200, Loss: 2.885e-01, Loss_res: 4.669e-01,  Loss_bcs: 2.125e-02, Loss_ut_ics: 2.924e-01, lr: 2.952e-04, Time: 5.62e-03
Model state saved to ../../results/models/checkpoints/complex_wave/2025-08-12_20-30-51-678084/model.pth
Model state saved to ../../results/models/checkpoints/complex_wave/2025-08-12_20-30-51-678084/model_weights.pth
It: 16300, Loss: 1.081e-01, Loss_res: 5.001e-02,  Loss_bcs: 8.206e-03, Loss_ut_ics: 2.102e-01, lr: 2.952e-04, Time: 5.35e-03
Model state saved to ../../results/models/checkpoints/complex_wave/2025-08-12_20-30-51-678084/model.pth
Model state saved to ../../results/models/checkpoints/complex_wave/2025-08-12_20-30-51-678084/model_weights.pth
It: 16400, Loss: 1.413e-01, Loss_res: 5.759e-02,  Loss_bcs: 1.312e-02, Loss_ut_ics: 4.348e-02, lr: 2.952e-04, Time: 5.47e-03
Model state saved to ../../results/models/checkpoints/complex_wave/2025-08-12_20-30-51-678084/model.pth
Model state saved to ../../results/models/checkpoints/complex_wave/2025-08-12_20-30-51-678084/model_weights.pth
It: 16500, Loss: 1.040e-01, Loss_res: 7.323e-02,  Loss_bcs: 2.490e-03, Loss_ut_ics: 7.175e-01, lr: 2.952e-04, Time: 5.35e-03
Model state saved to ../../results/models/checkpoints/complex_wave/2025-08-12_20-30-51-678084/model.pth
Model state saved to ../../results/models/checkpoints/complex_wave/2025-08-12_20-30-51-678084/model_weights.pth
It: 16600, Loss: 5.122e-02, Loss_res: 6.068e-02,  Loss_bcs: 1.098e-03, Loss_ut_ics: 3.418e-01, lr: 2.952e-04, Time: 5.32e-03
Model state saved to ../../results/models/checkpoints/complex_wave/2025-08-12_20-30-51-678084/model.pth
Model state saved to ../../results/models/checkpoints/complex_wave/2025-08-12_20-30-51-678084/model_weights.pth
It: 16700, Loss: 9.113e-02, Loss_res: 2.163e-01,  Loss_bcs: 3.492e-03, Loss_ut_ics: 3.458e-01, lr: 2.952e-04, Time: 5.17e-03
Model state saved to ../../results/models/checkpoints/complex_wave/2025-08-12_20-30-51-678084/model.pth
Model state saved to ../../results/models/checkpoints/complex_wave/2025-08-12_20-30-51-678084/model_weights.pth
It: 16800, Loss: 8.141e-02, Loss_res: 2.172e-01,  Loss_bcs: 5.315e-03, Loss_ut_ics: 6.539e-02, lr: 2.952e-04, Time: 5.18e-03
Model state saved to ../../results/models/checkpoints/complex_wave/2025-08-12_20-30-51-678084/model.pth
Model state saved to ../../results/models/checkpoints/complex_wave/2025-08-12_20-30-51-678084/model_weights.pth
It: 16900, Loss: 1.014e-01, Loss_res: 2.074e-01,  Loss_bcs: 3.205e-03, Loss_ut_ics: 4.861e-01, lr: 2.952e-04, Time: 4.93e-03
Model state saved to ../../results/models/checkpoints/complex_wave/2025-08-12_20-30-51-678084/model.pth
Model state saved to ../../results/models/checkpoints/complex_wave/2025-08-12_20-30-51-678084/model_weights.pth
It: 17000, Loss: 1.824e-01, Loss_res: 7.628e-02,  Loss_bcs: 1.031e-02, Loss_ut_ics: 7.168e-01, lr: 2.952e-04, Time: 5.82e-03
Model state saved to ../../results/models/checkpoints/complex_wave/2025-08-12_20-30-51-678084/model.pth
Model state saved to ../../results/models/checkpoints/complex_wave/2025-08-12_20-30-51-678084/model_weights.pth
It: 17100, Loss: 9.544e-01, Loss_res: 8.941e+00,  Loss_bcs: 4.160e-03, Loss_ut_ics: 1.872e-01, lr: 2.952e-04, Time: 5.37e-03
Model state saved to ../../results/models/checkpoints/complex_wave/2025-08-12_20-30-51-678084/model.pth
Model state saved to ../../results/models/checkpoints/complex_wave/2025-08-12_20-30-51-678084/model_weights.pth
It: 17200, Loss: 2.145e-02, Loss_res: 2.917e-02,  Loss_bcs: 3.570e-04, Loss_ut_ics: 1.497e-01, lr: 2.657e-04, Time: 5.97e-03
Model state saved to ../../results/models/checkpoints/complex_wave/2025-08-12_20-30-51-678084/model.pth
Model state saved to ../../results/models/checkpoints/complex_wave/2025-08-12_20-30-51-678084/model_weights.pth
It: 17300, Loss: 4.337e-01, Loss_res: 4.931e-02,  Loss_bcs: 7.494e-03, Loss_ut_ics: 3.539e+00, lr: 2.657e-04, Time: 5.68e-03
Model state saved to ../../results/models/checkpoints/complex_wave/2025-08-12_20-30-51-678084/model.pth
Model state saved to ../../results/models/checkpoints/complex_wave/2025-08-12_20-30-51-678084/model_weights.pth
It: 17400, Loss: 2.338e-01, Loss_res: 1.859e+00,  Loss_bcs: 2.677e-03, Loss_ut_ics: 2.110e-01, lr: 2.657e-04, Time: 5.25e-03
Model state saved to ../../results/models/checkpoints/complex_wave/2025-08-12_20-30-51-678084/model.pth
Model state saved to ../../results/models/checkpoints/complex_wave/2025-08-12_20-30-51-678084/model_weights.pth
It: 17500, Loss: 1.000e-01, Loss_res: 1.035e-01,  Loss_bcs: 5.624e-03, Loss_ut_ics: 3.342e-01, lr: 2.657e-04, Time: 5.53e-03
Model state saved to ../../results/models/checkpoints/complex_wave/2025-08-12_20-30-51-678084/model.pth
Model state saved to ../../results/models/checkpoints/complex_wave/2025-08-12_20-30-51-678084/model_weights.pth
It: 17600, Loss: 3.831e-02, Loss_res: 3.279e-02,  Loss_bcs: 9.804e-04, Loss_ut_ics: 2.522e-01, lr: 2.657e-04, Time: 5.39e-03
Model state saved to ../../results/models/checkpoints/complex_wave/2025-08-12_20-30-51-678084/model.pth
Model state saved to ../../results/models/checkpoints/complex_wave/2025-08-12_20-30-51-678084/model_weights.pth
It: 17700, Loss: 6.782e-02, Loss_res: 4.664e-02,  Loss_bcs: 4.418e-03, Loss_ut_ics: 1.897e-01, lr: 2.657e-04, Time: 5.21e-03
Model state saved to ../../results/models/checkpoints/complex_wave/2025-08-12_20-30-51-678084/model.pth
Model state saved to ../../results/models/checkpoints/complex_wave/2025-08-12_20-30-51-678084/model_weights.pth
It: 17800, Loss: 1.083e-01, Loss_res: 4.576e-02,  Loss_bcs: 2.555e-03, Loss_ut_ics: 7.813e-01, lr: 2.657e-04, Time: 5.40e-03
Model state saved to ../../results/models/checkpoints/complex_wave/2025-08-12_20-30-51-678084/model.pth
Model state saved to ../../results/models/checkpoints/complex_wave/2025-08-12_20-30-51-678084/model_weights.pth
It: 17900, Loss: 1.231e-01, Loss_res: 7.572e-01,  Loss_bcs: 3.500e-03, Loss_ut_ics: 1.243e-01, lr: 2.657e-04, Time: 4.91e-03
Model state saved to ../../results/models/checkpoints/complex_wave/2025-08-12_20-30-51-678084/model.pth
Model state saved to ../../results/models/checkpoints/complex_wave/2025-08-12_20-30-51-678084/model_weights.pth
It: 18000, Loss: 1.518e-01, Loss_res: 1.194e+00,  Loss_bcs: 2.552e-03, Loss_ut_ics: 6.881e-02, lr: 2.657e-04, Time: 5.21e-03
Model state saved to ../../results/models/checkpoints/complex_wave/2025-08-12_20-30-51-678084/model.pth
Model state saved to ../../results/models/checkpoints/complex_wave/2025-08-12_20-30-51-678084/model_weights.pth
It: 18100, Loss: 1.105e-01, Loss_res: 5.800e-02,  Loss_bcs: 5.720e-03, Loss_ut_ics: 4.753e-01, lr: 2.657e-04, Time: 4.85e-03
Model state saved to ../../results/models/checkpoints/complex_wave/2025-08-12_20-30-51-678084/model.pth
Model state saved to ../../results/models/checkpoints/complex_wave/2025-08-12_20-30-51-678084/model_weights.pth
It: 18200, Loss: 2.383e-02, Loss_res: 9.454e-02,  Loss_bcs: 4.618e-04, Loss_ut_ics: 9.756e-02, lr: 2.657e-04, Time: 5.31e-03
Model state saved to ../../results/models/checkpoints/complex_wave/2025-08-12_20-30-51-678084/model.pth
Model state saved to ../../results/models/checkpoints/complex_wave/2025-08-12_20-30-51-678084/model_weights.pth
It: 18300, Loss: 7.958e-02, Loss_res: 7.707e-02,  Loss_bcs: 1.729e-03, Loss_ut_ics: 5.459e-01, lr: 2.657e-04, Time: 5.81e-03
Model state saved to ../../results/models/checkpoints/complex_wave/2025-08-12_20-30-51-678084/model.pth
Model state saved to ../../results/models/checkpoints/complex_wave/2025-08-12_20-30-51-678084/model_weights.pth
It: 18400, Loss: 8.123e-02, Loss_res: 7.319e-02,  Loss_bcs: 7.256e-04, Loss_ut_ics: 6.665e-01, lr: 2.657e-04, Time: 5.14e-03
Model state saved to ../../results/models/checkpoints/complex_wave/2025-08-12_20-30-51-678084/model.pth
Model state saved to ../../results/models/checkpoints/complex_wave/2025-08-12_20-30-51-678084/model_weights.pth
It: 18500, Loss: 5.831e-02, Loss_res: 4.775e-02,  Loss_bcs: 7.055e-04, Loss_ut_ics: 4.648e-01, lr: 2.657e-04, Time: 5.32e-03
Model state saved to ../../results/models/checkpoints/complex_wave/2025-08-12_20-30-51-678084/model.pth
Model state saved to ../../results/models/checkpoints/complex_wave/2025-08-12_20-30-51-678084/model_weights.pth
It: 18600, Loss: 1.410e-01, Loss_res: 1.031e+00,  Loss_bcs: 1.957e-03, Loss_ut_ics: 1.825e-01, lr: 2.657e-04, Time: 5.25e-03
Model state saved to ../../results/models/checkpoints/complex_wave/2025-08-12_20-30-51-678084/model.pth
Model state saved to ../../results/models/checkpoints/complex_wave/2025-08-12_20-30-51-678084/model_weights.pth
It: 18700, Loss: 8.038e-02, Loss_res: 3.529e-01,  Loss_bcs: 2.405e-03, Loss_ut_ics: 2.104e-01, lr: 2.657e-04, Time: 4.87e-03
Model state saved to ../../results/models/checkpoints/complex_wave/2025-08-12_20-30-51-678084/model.pth
Model state saved to ../../results/models/checkpoints/complex_wave/2025-08-12_20-30-51-678084/model_weights.pth
It: 18800, Loss: 4.532e-02, Loss_res: 5.731e-02,  Loss_bcs: 2.739e-03, Loss_ut_ics: 1.220e-01, lr: 2.657e-04, Time: 5.13e-03
Model state saved to ../../results/models/checkpoints/complex_wave/2025-08-12_20-30-51-678084/model.pth
Model state saved to ../../results/models/checkpoints/complex_wave/2025-08-12_20-30-51-678084/model_weights.pth
It: 18900, Loss: 5.489e-02, Loss_res: 7.804e-02,  Loss_bcs: 1.563e-03, Loss_ut_ics: 3.146e-01, lr: 2.657e-04, Time: 5.06e-03
Model state saved to ../../results/models/checkpoints/complex_wave/2025-08-12_20-30-51-678084/model.pth
Model state saved to ../../results/models/checkpoints/complex_wave/2025-08-12_20-30-51-678084/model_weights.pth
It: 19000, Loss: 4.301e-01, Loss_res: 3.998e+00,  Loss_bcs: 5.180e-04, Loss_ut_ics: 2.517e-01, lr: 2.657e-04, Time: 4.77e-03
Model state saved to ../../results/models/checkpoints/complex_wave/2025-08-12_20-30-51-678084/model.pth
Model state saved to ../../results/models/checkpoints/complex_wave/2025-08-12_20-30-51-678084/model_weights.pth
It: 19100, Loss: 6.589e-02, Loss_res: 7.357e-02,  Loss_bcs: 6.111e-04, Loss_ut_ics: 5.242e-01, lr: 2.657e-04, Time: 5.57e-03
Model state saved to ../../results/models/checkpoints/complex_wave/2025-08-12_20-30-51-678084/model.pth
Model state saved to ../../results/models/checkpoints/complex_wave/2025-08-12_20-30-51-678084/model_weights.pth
It: 19200, Loss: 6.428e-02, Loss_res: 5.683e-02,  Loss_bcs: 3.843e-03, Loss_ut_ics: 2.016e-01, lr: 2.391e-04, Time: 5.60e-03
Model state saved to ../../results/models/checkpoints/complex_wave/2025-08-12_20-30-51-678084/model.pth
Model state saved to ../../results/models/checkpoints/complex_wave/2025-08-12_20-30-51-678084/model_weights.pth
It: 19300, Loss: 1.776e-02, Loss_res: 4.147e-02,  Loss_bcs: 1.006e-03, Loss_ut_ics: 3.561e-02, lr: 2.391e-04, Time: 5.43e-03
Model state saved to ../../results/models/checkpoints/complex_wave/2025-08-12_20-30-51-678084/model.pth
Model state saved to ../../results/models/checkpoints/complex_wave/2025-08-12_20-30-51-678084/model_weights.pth
It: 19400, Loss: 3.785e-02, Loss_res: 8.147e-02,  Loss_bcs: 2.244e-03, Loss_ut_ics: 7.264e-02, lr: 2.391e-04, Time: 5.40e-03
Model state saved to ../../results/models/checkpoints/complex_wave/2025-08-12_20-30-51-678084/model.pth
Model state saved to ../../results/models/checkpoints/complex_wave/2025-08-12_20-30-51-678084/model_weights.pth
It: 19500, Loss: 2.574e-02, Loss_res: 7.609e-02,  Loss_bcs: 7.653e-04, Loss_ut_ics: 1.047e-01, lr: 2.391e-04, Time: 5.31e-03
Model state saved to ../../results/models/checkpoints/complex_wave/2025-08-12_20-30-51-678084/model.pth
Model state saved to ../../results/models/checkpoints/complex_wave/2025-08-12_20-30-51-678084/model_weights.pth
It: 19600, Loss: 2.629e-01, Loss_res: 1.801e-01,  Loss_bcs: 2.020e-02, Loss_ut_ics: 4.282e-01, lr: 2.391e-04, Time: 5.91e-03
Model state saved to ../../results/models/checkpoints/complex_wave/2025-08-12_20-30-51-678084/model.pth
Model state saved to ../../results/models/checkpoints/complex_wave/2025-08-12_20-30-51-678084/model_weights.pth
It: 19700, Loss: 6.626e-02, Loss_res: 6.334e-02,  Loss_bcs: 3.430e-04, Loss_ut_ics: 5.650e-01, lr: 2.391e-04, Time: 5.14e-03
Model state saved to ../../results/models/checkpoints/complex_wave/2025-08-12_20-30-51-678084/model.pth
Model state saved to ../../results/models/checkpoints/complex_wave/2025-08-12_20-30-51-678084/model_weights.pth
It: 19800, Loss: 9.376e-02, Loss_res: 1.288e-01,  Loss_bcs: 9.723e-04, Loss_ut_ics: 7.116e-01, lr: 2.391e-04, Time: 5.40e-03
Model state saved to ../../results/models/checkpoints/complex_wave/2025-08-12_20-30-51-678084/model.pth
Model state saved to ../../results/models/checkpoints/complex_wave/2025-08-12_20-30-51-678084/model_weights.pth
It: 19900, Loss: 6.173e-02, Loss_res: 1.530e-01,  Loss_bcs: 1.636e-03, Loss_ut_ics: 3.008e-01, lr: 2.391e-04, Time: 5.43e-03
Model state saved to ../../results/models/checkpoints/complex_wave/2025-08-12_20-30-51-678084/model.pth
Model state saved to ../../results/models/checkpoints/complex_wave/2025-08-12_20-30-51-678084/model_weights.pth
It: 20000, Loss: 5.182e-02, Loss_res: 1.837e-01,  Loss_bcs: 1.208e-03, Loss_ut_ics: 2.137e-01, lr: 2.391e-04, Time: 5.24e-03
Model state saved to ../../results/models/checkpoints/complex_wave/2025-08-12_20-30-51-678084/model.pth
Model state saved to ../../results/models/checkpoints/complex_wave/2025-08-12_20-30-51-678084/model_weights.pth
Model state saved to ../../results/models/checkpoints/complex_wave/2025-08-12_20-30-51-678084/model.pth
Model state saved to ../../results/models/checkpoints/complex_wave/2025-08-12_20-30-51-678084/model_weights.pth
Training completed successfuly!
Total number of parameters: 7851
Relative L2 error_u: 1.12e+02
Relative L2 error_f: 4.08e+02
Relative L2 error_u: 1.10e+02
Relative L2 error_f: 4.08e+02
