INFO:src.utils.logger:It: 1, Loss: 7.670e+01, Loss_res: 1.576e+00,  Loss_bcs: 4.608e-01, Loss_ut_ics: 3.793e-01, Loss_norm: 7.606e-02, Loss_gauge: 0.000e+00, w_pde: 3.33e-03, L^2_error: 1.146e+00, lr: 1.000e-03, Time: 7.14e-02
INFO:src.utils.logger:Model state saved to results\ho\Classical\20260404-182822_seed0_pinn_pesosvf_2-64-64-64-2\checkpoints\2026-04-04_18-28-30-979344_ho_Classical_seed0\model.pth
INFO:src.utils.logger:Model weights saved to results\ho\Classical\20260404-182822_seed0_pinn_pesosvf_2-64-64-64-2\checkpoints\2026-04-04_18-28-30-979344_ho_Classical_seed0\model_weights.pth
INFO:src.utils.logger:It: 10, Loss: 1.753e+01, Loss_res: 1.778e-01,  Loss_bcs: 7.750e-02, Loss_ut_ics: 7.791e-02, Loss_norm: 3.734e-01, Loss_gauge: 0.000e+00, w_pde: 3.33e-02, L^2_error: 6.385e-01, lr: 1.000e-03, Time: 4.41e-01
INFO:src.utils.logger:Model state saved to results\ho\Classical\20260404-182822_seed0_pinn_pesosvf_2-64-64-64-2\checkpoints\2026-04-04_18-28-30-979344_ho_Classical_seed0\model.pth
INFO:src.utils.logger:Model weights saved to results\ho\Classical\20260404-182822_seed0_pinn_pesosvf_2-64-64-64-2\checkpoints\2026-04-04_18-28-30-979344_ho_Classical_seed0\model_weights.pth
INFO:src.utils.logger:It: 20, Loss: 1.351e+01, Loss_res: 4.639e-01,  Loss_bcs: 1.436e-01, Loss_ut_ics: 6.621e-02, Loss_norm: 1.796e-02, Loss_gauge: 0.000e+00, w_pde: 6.67e-02, L^2_error: 6.714e-01, lr: 1.000e-03, Time: 9.80e-01
INFO:src.utils.logger:Model state saved to results\ho\Classical\20260404-182822_seed0_pinn_pesosvf_2-64-64-64-2\checkpoints\2026-04-04_18-28-30-979344_ho_Classical_seed0\model.pth
INFO:src.utils.logger:Model weights saved to results\ho\Classical\20260404-182822_seed0_pinn_pesosvf_2-64-64-64-2\checkpoints\2026-04-04_18-28-30-979344_ho_Classical_seed0\model_weights.pth
INFO:src.utils.logger:It: 30, Loss: 1.169e+01, Loss_res: 2.290e-01,  Loss_bcs: 9.376e-02, Loss_ut_ics: 5.661e-02, Loss_norm: 5.130e-02, Loss_gauge: 0.000e+00, w_pde: 1.00e-01, L^2_error: 5.975e-01, lr: 1.000e-03, Time: 1.53e+00
INFO:src.utils.logger:Model state saved to results\ho\Classical\20260404-182822_seed0_pinn_pesosvf_2-64-64-64-2\checkpoints\2026-04-04_18-28-30-979344_ho_Classical_seed0\model.pth
INFO:src.utils.logger:Model weights saved to results\ho\Classical\20260404-182822_seed0_pinn_pesosvf_2-64-64-64-2\checkpoints\2026-04-04_18-28-30-979344_ho_Classical_seed0\model_weights.pth
INFO:src.utils.logger:It: 40, Loss: 1.108e+01, Loss_res: 2.164e-01,  Loss_bcs: 7.736e-02, Loss_ut_ics: 5.250e-02, Loss_norm: 9.396e-02, Loss_gauge: 0.000e+00, w_pde: 1.33e-01, L^2_error: 5.820e-01, lr: 1.000e-03, Time: 2.12e+00
INFO:src.utils.logger:Model state saved to results\ho\Classical\20260404-182822_seed0_pinn_pesosvf_2-64-64-64-2\checkpoints\2026-04-04_18-28-30-979344_ho_Classical_seed0\model.pth
INFO:src.utils.logger:Model weights saved to results\ho\Classical\20260404-182822_seed0_pinn_pesosvf_2-64-64-64-2\checkpoints\2026-04-04_18-28-30-979344_ho_Classical_seed0\model_weights.pth
INFO:src.utils.logger:It: 50, Loss: 9.751e+00, Loss_res: 2.521e-01,  Loss_bcs: 8.005e-02, Loss_ut_ics: 4.737e-02, Loss_norm: 3.111e-02, Loss_gauge: 0.000e+00, w_pde: 1.67e-01, L^2_error: 5.588e-01, lr: 1.000e-03, Time: 2.96e+00
INFO:src.utils.logger:Model state saved to results\ho\Classical\20260404-182822_seed0_pinn_pesosvf_2-64-64-64-2\checkpoints\2026-04-04_18-28-30-979344_ho_Classical_seed0\model.pth
INFO:src.utils.logger:Model weights saved to results\ho\Classical\20260404-182822_seed0_pinn_pesosvf_2-64-64-64-2\checkpoints\2026-04-04_18-28-30-979344_ho_Classical_seed0\model_weights.pth
INFO:src.utils.logger:It: 60, Loss: 8.116e+00, Loss_res: 2.168e-01,  Loss_bcs: 6.389e-02, Loss_ut_ics: 3.928e-02, Loss_norm: 3.079e-02, Loss_gauge: 0.000e+00, w_pde: 2.00e-01, L^2_error: 5.032e-01, lr: 1.000e-03, Time: 3.39e+00
INFO:src.utils.logger:Model state saved to results\ho\Classical\20260404-182822_seed0_pinn_pesosvf_2-64-64-64-2\checkpoints\2026-04-04_18-28-30-979344_ho_Classical_seed0\model.pth
INFO:src.utils.logger:Model weights saved to results\ho\Classical\20260404-182822_seed0_pinn_pesosvf_2-64-64-64-2\checkpoints\2026-04-04_18-28-30-979344_ho_Classical_seed0\model_weights.pth
INFO:src.utils.logger:It: 70, Loss: 6.187e+00, Loss_res: 1.597e-01,  Loss_bcs: 4.308e-02, Loss_ut_ics: 2.968e-02, Loss_norm: 3.414e-02, Loss_gauge: 0.000e+00, w_pde: 2.33e-01, L^2_error: 4.352e-01, lr: 1.000e-03, Time: 3.81e+00
INFO:src.utils.logger:Model state saved to results\ho\Classical\20260404-182822_seed0_pinn_pesosvf_2-64-64-64-2\checkpoints\2026-04-04_18-28-30-979344_ho_Classical_seed0\model.pth
INFO:src.utils.logger:Model weights saved to results\ho\Classical\20260404-182822_seed0_pinn_pesosvf_2-64-64-64-2\checkpoints\2026-04-04_18-28-30-979344_ho_Classical_seed0\model_weights.pth
INFO:src.utils.logger:It: 80, Loss: 4.056e+00, Loss_res: 1.046e-01,  Loss_bcs: 2.683e-02, Loss_ut_ics: 1.950e-02, Loss_norm: 2.023e-02, Loss_gauge: 0.000e+00, w_pde: 2.67e-01, L^2_error: 3.430e-01, lr: 1.000e-03, Time: 4.26e+00
INFO:src.utils.logger:Model state saved to results\ho\Classical\20260404-182822_seed0_pinn_pesosvf_2-64-64-64-2\checkpoints\2026-04-04_18-28-30-979344_ho_Classical_seed0\model.pth
INFO:src.utils.logger:Model weights saved to results\ho\Classical\20260404-182822_seed0_pinn_pesosvf_2-64-64-64-2\checkpoints\2026-04-04_18-28-30-979344_ho_Classical_seed0\model_weights.pth
INFO:src.utils.logger:It: 90, Loss: 2.188e+00, Loss_res: 5.758e-02,  Loss_bcs: 1.165e-02, Loss_ut_ics: 1.047e-02, Loss_norm: 1.302e-02, Loss_gauge: 0.000e+00, w_pde: 3.00e-01, L^2_error: 2.404e-01, lr: 1.000e-03, Time: 4.79e+00
INFO:src.utils.logger:Model state saved to results\ho\Classical\20260404-182822_seed0_pinn_pesosvf_2-64-64-64-2\checkpoints\2026-04-04_18-28-30-979344_ho_Classical_seed0\model.pth
INFO:src.utils.logger:Model weights saved to results\ho\Classical\20260404-182822_seed0_pinn_pesosvf_2-64-64-64-2\checkpoints\2026-04-04_18-28-30-979344_ho_Classical_seed0\model_weights.pth
INFO:src.utils.logger:It: 100, Loss: 1.020e+00, Loss_res: 3.657e-02,  Loss_bcs: 3.844e-03, Loss_ut_ics: 4.896e-03, Loss_norm: 4.960e-03, Loss_gauge: 0.000e+00, w_pde: 3.33e-01, L^2_error: 1.507e-01, lr: 1.000e-03, Time: 5.27e+00
INFO:src.utils.logger:Model state saved to results\ho\Classical\20260404-182822_seed0_pinn_pesosvf_2-64-64-64-2\checkpoints\2026-04-04_18-28-30-979344_ho_Classical_seed0\model.pth
INFO:src.utils.logger:Model weights saved to results\ho\Classical\20260404-182822_seed0_pinn_pesosvf_2-64-64-64-2\checkpoints\2026-04-04_18-28-30-979344_ho_Classical_seed0\model_weights.pth
INFO:src.utils.logger:It: 110, Loss: 5.696e-01, Loss_res: 3.809e-02,  Loss_bcs: 1.767e-03, Loss_ut_ics: 2.735e-03, Loss_norm: 1.360e-03, Loss_gauge: 0.000e+00, w_pde: 3.67e-01, L^2_error: 1.067e-01, lr: 1.000e-03, Time: 5.87e+00
INFO:src.utils.logger:Model state saved to results\ho\Classical\20260404-182822_seed0_pinn_pesosvf_2-64-64-64-2\checkpoints\2026-04-04_18-28-30-979344_ho_Classical_seed0\model.pth
INFO:src.utils.logger:Model weights saved to results\ho\Classical\20260404-182822_seed0_pinn_pesosvf_2-64-64-64-2\checkpoints\2026-04-04_18-28-30-979344_ho_Classical_seed0\model_weights.pth
INFO:src.utils.logger:It: 120, Loss: 4.004e-01, Loss_res: 4.048e-02,  Loss_bcs: 1.467e-03, Loss_ut_ics: 1.908e-03, Loss_norm: 2.027e-04, Loss_gauge: 0.000e+00, w_pde: 4.00e-01, L^2_error: 8.717e-02, lr: 1.000e-03, Time: 6.40e+00
INFO:src.utils.logger:Model state saved to results\ho\Classical\20260404-182822_seed0_pinn_pesosvf_2-64-64-64-2\checkpoints\2026-04-04_18-28-30-979344_ho_Classical_seed0\model.pth
INFO:src.utils.logger:Model weights saved to results\ho\Classical\20260404-182822_seed0_pinn_pesosvf_2-64-64-64-2\checkpoints\2026-04-04_18-28-30-979344_ho_Classical_seed0\model_weights.pth
INFO:src.utils.logger:It: 130, Loss: 2.578e-01, Loss_res: 3.361e-02,  Loss_bcs: 9.557e-04, Loss_ut_ics: 1.211e-03, Loss_norm: 6.180e-06, Loss_gauge: 0.000e+00, w_pde: 4.33e-01, L^2_error: 7.175e-02, lr: 1.000e-03, Time: 6.91e+00
INFO:src.utils.logger:Model state saved to results\ho\Classical\20260404-182822_seed0_pinn_pesosvf_2-64-64-64-2\checkpoints\2026-04-04_18-28-30-979344_ho_Classical_seed0\model.pth
INFO:src.utils.logger:Model weights saved to results\ho\Classical\20260404-182822_seed0_pinn_pesosvf_2-64-64-64-2\checkpoints\2026-04-04_18-28-30-979344_ho_Classical_seed0\model_weights.pth
INFO:src.utils.logger:It: 140, Loss: 1.559e-01, Loss_res: 2.373e-02,  Loss_bcs: 5.400e-04, Loss_ut_ics: 7.203e-04, Loss_norm: 4.816e-05, Loss_gauge: 0.000e+00, w_pde: 4.67e-01, L^2_error: 5.655e-02, lr: 1.000e-03, Time: 7.51e+00
INFO:src.utils.logger:Model state saved to results\ho\Classical\20260404-182822_seed0_pinn_pesosvf_2-64-64-64-2\checkpoints\2026-04-04_18-28-30-979344_ho_Classical_seed0\model.pth
INFO:src.utils.logger:Model weights saved to results\ho\Classical\20260404-182822_seed0_pinn_pesosvf_2-64-64-64-2\checkpoints\2026-04-04_18-28-30-979344_ho_Classical_seed0\model_weights.pth
INFO:src.utils.logger:It: 150, Loss: 1.011e-01, Loss_res: 1.827e-02,  Loss_bcs: 4.421e-04, Loss_ut_ics: 4.562e-04, Loss_norm: 5.001e-05, Loss_gauge: 0.000e+00, w_pde: 5.00e-01, L^2_error: 5.129e-02, lr: 1.000e-03, Time: 7.99e+00
INFO:src.utils.logger:Model state saved to results\ho\Classical\20260404-182822_seed0_pinn_pesosvf_2-64-64-64-2\checkpoints\2026-04-04_18-28-30-979344_ho_Classical_seed0\model.pth
INFO:src.utils.logger:Model weights saved to results\ho\Classical\20260404-182822_seed0_pinn_pesosvf_2-64-64-64-2\checkpoints\2026-04-04_18-28-30-979344_ho_Classical_seed0\model_weights.pth
INFO:src.utils.logger:It: 160, Loss: 7.261e-02, Loss_res: 1.639e-02,  Loss_bcs: 5.827e-04, Loss_ut_ics: 3.145e-04, Loss_norm: 7.710e-05, Loss_gauge: 0.000e+00, w_pde: 5.33e-01, L^2_error: 5.174e-02, lr: 1.000e-03, Time: 8.53e+00
INFO:src.utils.logger:Model state saved to results\ho\Classical\20260404-182822_seed0_pinn_pesosvf_2-64-64-64-2\checkpoints\2026-04-04_18-28-30-979344_ho_Classical_seed0\model.pth
INFO:src.utils.logger:Model weights saved to results\ho\Classical\20260404-182822_seed0_pinn_pesosvf_2-64-64-64-2\checkpoints\2026-04-04_18-28-30-979344_ho_Classical_seed0\model_weights.pth
INFO:src.utils.logger:It: 170, Loss: 5.895e-02, Loss_res: 1.760e-02,  Loss_bcs: 8.010e-04, Loss_ut_ics: 2.395e-04, Loss_norm: 5.394e-05, Loss_gauge: 0.000e+00, w_pde: 5.67e-01, L^2_error: 5.418e-02, lr: 1.000e-03, Time: 9.03e+00
INFO:src.utils.logger:Model state saved to results\ho\Classical\20260404-182822_seed0_pinn_pesosvf_2-64-64-64-2\checkpoints\2026-04-04_18-28-30-979344_ho_Classical_seed0\model.pth
INFO:src.utils.logger:Model weights saved to results\ho\Classical\20260404-182822_seed0_pinn_pesosvf_2-64-64-64-2\checkpoints\2026-04-04_18-28-30-979344_ho_Classical_seed0\model_weights.pth
INFO:src.utils.logger:It: 180, Loss: 5.087e-02, Loss_res: 1.522e-02,  Loss_bcs: 9.111e-04, Loss_ut_ics: 2.038e-04, Loss_norm: 1.405e-05, Loss_gauge: 0.000e+00, w_pde: 6.00e-01, L^2_error: 5.704e-02, lr: 1.000e-03, Time: 9.56e+00
INFO:src.utils.logger:Model state saved to results\ho\Classical\20260404-182822_seed0_pinn_pesosvf_2-64-64-64-2\checkpoints\2026-04-04_18-28-30-979344_ho_Classical_seed0\model.pth
INFO:src.utils.logger:Model weights saved to results\ho\Classical\20260404-182822_seed0_pinn_pesosvf_2-64-64-64-2\checkpoints\2026-04-04_18-28-30-979344_ho_Classical_seed0\model_weights.pth
INFO:src.utils.logger:It: 190, Loss: 4.894e-02, Loss_res: 1.644e-02,  Loss_bcs: 9.927e-04, Loss_ut_ics: 1.876e-04, Loss_norm: 3.274e-06, Loss_gauge: 0.000e+00, w_pde: 6.33e-01, L^2_error: 5.913e-02, lr: 1.000e-03, Time: 1.01e+01
INFO:src.utils.logger:Model state saved to results\ho\Classical\20260404-182822_seed0_pinn_pesosvf_2-64-64-64-2\checkpoints\2026-04-04_18-28-30-979344_ho_Classical_seed0\model.pth
INFO:src.utils.logger:Model weights saved to results\ho\Classical\20260404-182822_seed0_pinn_pesosvf_2-64-64-64-2\checkpoints\2026-04-04_18-28-30-979344_ho_Classical_seed0\model_weights.pth
INFO:src.utils.logger:It: 200, Loss: 4.856e-02, Loss_res: 1.740e-02,  Loss_bcs: 9.734e-04, Loss_ut_ics: 1.799e-04, Loss_norm: 2.846e-06, Loss_gauge: 0.000e+00, w_pde: 6.67e-01, L^2_error: 6.044e-02, lr: 1.000e-03, Time: 1.08e+01
INFO:src.utils.logger:Model state saved to results\ho\Classical\20260404-182822_seed0_pinn_pesosvf_2-64-64-64-2\checkpoints\2026-04-04_18-28-30-979344_ho_Classical_seed0\model.pth
INFO:src.utils.logger:Model weights saved to results\ho\Classical\20260404-182822_seed0_pinn_pesosvf_2-64-64-64-2\checkpoints\2026-04-04_18-28-30-979344_ho_Classical_seed0\model_weights.pth
INFO:src.utils.logger:It: 210, Loss: 4.694e-02, Loss_res: 1.542e-02,  Loss_bcs: 1.019e-03, Loss_ut_ics: 1.755e-04, Loss_norm: 3.710e-06, Loss_gauge: 0.000e+00, w_pde: 7.00e-01, L^2_error: 6.107e-02, lr: 1.000e-03, Time: 1.12e+01
INFO:src.utils.logger:Model state saved to results\ho\Classical\20260404-182822_seed0_pinn_pesosvf_2-64-64-64-2\checkpoints\2026-04-04_18-28-30-979344_ho_Classical_seed0\model.pth
INFO:src.utils.logger:Model weights saved to results\ho\Classical\20260404-182822_seed0_pinn_pesosvf_2-64-64-64-2\checkpoints\2026-04-04_18-28-30-979344_ho_Classical_seed0\model_weights.pth
INFO:src.utils.logger:It: 220, Loss: 4.647e-02, Loss_res: 1.499e-02,  Loss_bcs: 9.750e-04, Loss_ut_ics: 1.724e-04, Loss_norm: 3.529e-06, Loss_gauge: 0.000e+00, w_pde: 7.33e-01, L^2_error: 6.112e-02, lr: 1.000e-03, Time: 1.16e+01
INFO:src.utils.logger:Model state saved to results\ho\Classical\20260404-182822_seed0_pinn_pesosvf_2-64-64-64-2\checkpoints\2026-04-04_18-28-30-979344_ho_Classical_seed0\model.pth
INFO:src.utils.logger:Model weights saved to results\ho\Classical\20260404-182822_seed0_pinn_pesosvf_2-64-64-64-2\checkpoints\2026-04-04_18-28-30-979344_ho_Classical_seed0\model_weights.pth
INFO:src.utils.logger:It: 230, Loss: 4.592e-02, Loss_res: 1.428e-02,  Loss_bcs: 1.012e-03, Loss_ut_ics: 1.697e-04, Loss_norm: 2.986e-06, Loss_gauge: 0.000e+00, w_pde: 7.67e-01, L^2_error: 6.074e-02, lr: 1.000e-03, Time: 1.20e+01
INFO:src.utils.logger:Model state saved to results\ho\Classical\20260404-182822_seed0_pinn_pesosvf_2-64-64-64-2\checkpoints\2026-04-04_18-28-30-979344_ho_Classical_seed0\model.pth
INFO:src.utils.logger:Model weights saved to results\ho\Classical\20260404-182822_seed0_pinn_pesosvf_2-64-64-64-2\checkpoints\2026-04-04_18-28-30-979344_ho_Classical_seed0\model_weights.pth
INFO:src.utils.logger:It: 240, Loss: 4.600e-02, Loss_res: 1.448e-02,  Loss_bcs: 9.592e-04, Loss_ut_ics: 1.672e-04, Loss_norm: 2.456e-06, Loss_gauge: 0.000e+00, w_pde: 8.00e-01, L^2_error: 6.028e-02, lr: 1.000e-03, Time: 1.25e+01
INFO:src.utils.logger:Model state saved to results\ho\Classical\20260404-182822_seed0_pinn_pesosvf_2-64-64-64-2\checkpoints\2026-04-04_18-28-30-979344_ho_Classical_seed0\model.pth
INFO:src.utils.logger:Model weights saved to results\ho\Classical\20260404-182822_seed0_pinn_pesosvf_2-64-64-64-2\checkpoints\2026-04-04_18-28-30-979344_ho_Classical_seed0\model_weights.pth
INFO:src.utils.logger:It: 250, Loss: 4.569e-02, Loss_res: 1.407e-02,  Loss_bcs: 9.808e-04, Loss_ut_ics: 1.649e-04, Loss_norm: 2.535e-06, Loss_gauge: 0.000e+00, w_pde: 8.33e-01, L^2_error: 5.946e-02, lr: 1.000e-03, Time: 1.29e+01
INFO:src.utils.logger:Model state saved to results\ho\Classical\20260404-182822_seed0_pinn_pesosvf_2-64-64-64-2\checkpoints\2026-04-04_18-28-30-979344_ho_Classical_seed0\model.pth
INFO:src.utils.logger:Model weights saved to results\ho\Classical\20260404-182822_seed0_pinn_pesosvf_2-64-64-64-2\checkpoints\2026-04-04_18-28-30-979344_ho_Classical_seed0\model_weights.pth
INFO:src.utils.logger:It: 260, Loss: 4.693e-02, Loss_res: 1.558e-02,  Loss_bcs: 8.930e-04, Loss_ut_ics: 1.626e-04, Loss_norm: 1.831e-06, Loss_gauge: 0.000e+00, w_pde: 8.67e-01, L^2_error: 5.879e-02, lr: 1.000e-03, Time: 1.33e+01
INFO:src.utils.logger:Model state saved to results\ho\Classical\20260404-182822_seed0_pinn_pesosvf_2-64-64-64-2\checkpoints\2026-04-04_18-28-30-979344_ho_Classical_seed0\model.pth
INFO:src.utils.logger:Model weights saved to results\ho\Classical\20260404-182822_seed0_pinn_pesosvf_2-64-64-64-2\checkpoints\2026-04-04_18-28-30-979344_ho_Classical_seed0\model_weights.pth
INFO:src.utils.logger:It: 270, Loss: 4.440e-02, Loss_res: 1.266e-02,  Loss_bcs: 9.139e-04, Loss_ut_ics: 1.604e-04, Loss_norm: 1.456e-06, Loss_gauge: 0.000e+00, w_pde: 9.00e-01, L^2_error: 5.804e-02, lr: 1.000e-03, Time: 1.37e+01
INFO:src.utils.logger:Model state saved to results\ho\Classical\20260404-182822_seed0_pinn_pesosvf_2-64-64-64-2\checkpoints\2026-04-04_18-28-30-979344_ho_Classical_seed0\model.pth
INFO:src.utils.logger:Model weights saved to results\ho\Classical\20260404-182822_seed0_pinn_pesosvf_2-64-64-64-2\checkpoints\2026-04-04_18-28-30-979344_ho_Classical_seed0\model_weights.pth
INFO:src.utils.logger:It: 280, Loss: 4.459e-02, Loss_res: 1.297e-02,  Loss_bcs: 8.306e-04, Loss_ut_ics: 1.582e-04, Loss_norm: 1.581e-06, Loss_gauge: 0.000e+00, w_pde: 9.33e-01, L^2_error: 5.734e-02, lr: 1.000e-03, Time: 1.42e+01
INFO:src.utils.logger:Model state saved to results\ho\Classical\20260404-182822_seed0_pinn_pesosvf_2-64-64-64-2\checkpoints\2026-04-04_18-28-30-979344_ho_Classical_seed0\model.pth
INFO:src.utils.logger:Model weights saved to results\ho\Classical\20260404-182822_seed0_pinn_pesosvf_2-64-64-64-2\checkpoints\2026-04-04_18-28-30-979344_ho_Classical_seed0\model_weights.pth
INFO:src.utils.logger:It: 290, Loss: 4.631e-02, Loss_res: 1.478e-02,  Loss_bcs: 8.150e-04, Loss_ut_ics: 1.560e-04, Loss_norm: 1.706e-06, Loss_gauge: 0.000e+00, w_pde: 9.67e-01, L^2_error: 5.660e-02, lr: 1.000e-03, Time: 1.45e+01
INFO:src.utils.logger:Model state saved to results\ho\Classical\20260404-182822_seed0_pinn_pesosvf_2-64-64-64-2\checkpoints\2026-04-04_18-28-30-979344_ho_Classical_seed0\model.pth
INFO:src.utils.logger:Model weights saved to results\ho\Classical\20260404-182822_seed0_pinn_pesosvf_2-64-64-64-2\checkpoints\2026-04-04_18-28-30-979344_ho_Classical_seed0\model_weights.pth
INFO:src.utils.logger:It: 300, Loss: 4.344e-02, Loss_res: 1.183e-02,  Loss_bcs: 8.048e-04, Loss_ut_ics: 1.540e-04, Loss_norm: 1.816e-06, Loss_gauge: 0.000e+00, w_pde: 1.00e+00, L^2_error: 5.590e-02, lr: 1.000e-03, Time: 1.49e+01
INFO:src.utils.logger:Model state saved to results\ho\Classical\20260404-182822_seed0_pinn_pesosvf_2-64-64-64-2\checkpoints\2026-04-04_18-28-30-979344_ho_Classical_seed0\model.pth
INFO:src.utils.logger:Model weights saved to results\ho\Classical\20260404-182822_seed0_pinn_pesosvf_2-64-64-64-2\checkpoints\2026-04-04_18-28-30-979344_ho_Classical_seed0\model_weights.pth
INFO:src.utils.logger:It: 310, Loss: 4.354e-02, Loss_res: 1.239e-02,  Loss_bcs: 7.713e-04, Loss_ut_ics: 1.519e-04, Loss_norm: 1.220e-06, Loss_gauge: 0.000e+00, w_pde: 1.00e+00, L^2_error: 5.538e-02, lr: 1.000e-03, Time: 1.54e+01
INFO:src.utils.logger:Model state saved to results\ho\Classical\20260404-182822_seed0_pinn_pesosvf_2-64-64-64-2\checkpoints\2026-04-04_18-28-30-979344_ho_Classical_seed0\model.pth
INFO:src.utils.logger:Model weights saved to results\ho\Classical\20260404-182822_seed0_pinn_pesosvf_2-64-64-64-2\checkpoints\2026-04-04_18-28-30-979344_ho_Classical_seed0\model_weights.pth
INFO:src.utils.logger:It: 320, Loss: 4.168e-02, Loss_res: 1.094e-02,  Loss_bcs: 7.807e-04, Loss_ut_ics: 1.498e-04, Loss_norm: 8.709e-07, Loss_gauge: 0.000e+00, w_pde: 1.00e+00, L^2_error: 5.446e-02, lr: 1.000e-03, Time: 1.59e+01
INFO:src.utils.logger:Model state saved to results\ho\Classical\20260404-182822_seed0_pinn_pesosvf_2-64-64-64-2\checkpoints\2026-04-04_18-28-30-979344_ho_Classical_seed0\model.pth
INFO:src.utils.logger:Model weights saved to results\ho\Classical\20260404-182822_seed0_pinn_pesosvf_2-64-64-64-2\checkpoints\2026-04-04_18-28-30-979344_ho_Classical_seed0\model_weights.pth
INFO:src.utils.logger:It: 330, Loss: 4.125e-02, Loss_res: 1.099e-02,  Loss_bcs: 7.135e-04, Loss_ut_ics: 1.477e-04, Loss_norm: 9.737e-07, Loss_gauge: 0.000e+00, w_pde: 1.00e+00, L^2_error: 5.378e-02, lr: 1.000e-03, Time: 1.63e+01
INFO:src.utils.logger:Model state saved to results\ho\Classical\20260404-182822_seed0_pinn_pesosvf_2-64-64-64-2\checkpoints\2026-04-04_18-28-30-979344_ho_Classical_seed0\model.pth
INFO:src.utils.logger:Model weights saved to results\ho\Classical\20260404-182822_seed0_pinn_pesosvf_2-64-64-64-2\checkpoints\2026-04-04_18-28-30-979344_ho_Classical_seed0\model_weights.pth
INFO:src.utils.logger:It: 340, Loss: 4.102e-02, Loss_res: 1.123e-02,  Loss_bcs: 6.851e-04, Loss_ut_ics: 1.455e-04, Loss_norm: 9.773e-07, Loss_gauge: 0.000e+00, w_pde: 1.00e+00, L^2_error: 5.322e-02, lr: 1.000e-03, Time: 1.68e+01
INFO:src.utils.logger:Model state saved to results\ho\Classical\20260404-182822_seed0_pinn_pesosvf_2-64-64-64-2\checkpoints\2026-04-04_18-28-30-979344_ho_Classical_seed0\model.pth
INFO:src.utils.logger:Model weights saved to results\ho\Classical\20260404-182822_seed0_pinn_pesosvf_2-64-64-64-2\checkpoints\2026-04-04_18-28-30-979344_ho_Classical_seed0\model_weights.pth
INFO:src.utils.logger:It: 350, Loss: 4.063e-02, Loss_res: 1.123e-02,  Loss_bcs: 6.933e-04, Loss_ut_ics: 1.435e-04, Loss_norm: 7.844e-07, Loss_gauge: 0.000e+00, w_pde: 1.00e+00, L^2_error: 5.252e-02, lr: 1.000e-03, Time: 1.72e+01
INFO:src.utils.logger:Model state saved to results\ho\Classical\20260404-182822_seed0_pinn_pesosvf_2-64-64-64-2\checkpoints\2026-04-04_18-28-30-979344_ho_Classical_seed0\model.pth
INFO:src.utils.logger:Model weights saved to results\ho\Classical\20260404-182822_seed0_pinn_pesosvf_2-64-64-64-2\checkpoints\2026-04-04_18-28-30-979344_ho_Classical_seed0\model_weights.pth
INFO:src.utils.logger:It: 360, Loss: 3.928e-02, Loss_res: 1.026e-02,  Loss_bcs: 6.850e-04, Loss_ut_ics: 1.417e-04, Loss_norm: 6.234e-07, Loss_gauge: 0.000e+00, w_pde: 1.00e+00, L^2_error: 5.189e-02, lr: 1.000e-03, Time: 1.76e+01
INFO:src.utils.logger:Model state saved to results\ho\Classical\20260404-182822_seed0_pinn_pesosvf_2-64-64-64-2\checkpoints\2026-04-04_18-28-30-979344_ho_Classical_seed0\model.pth
INFO:src.utils.logger:Model weights saved to results\ho\Classical\20260404-182822_seed0_pinn_pesosvf_2-64-64-64-2\checkpoints\2026-04-04_18-28-30-979344_ho_Classical_seed0\model_weights.pth
INFO:src.utils.logger:It: 370, Loss: 4.040e-02, Loss_res: 1.182e-02,  Loss_bcs: 6.322e-04, Loss_ut_ics: 1.397e-04, Loss_norm: 7.025e-07, Loss_gauge: 0.000e+00, w_pde: 1.00e+00, L^2_error: 5.135e-02, lr: 1.000e-03, Time: 1.82e+01
INFO:src.utils.logger:Model state saved to results\ho\Classical\20260404-182822_seed0_pinn_pesosvf_2-64-64-64-2\checkpoints\2026-04-04_18-28-30-979344_ho_Classical_seed0\model.pth
INFO:src.utils.logger:Model weights saved to results\ho\Classical\20260404-182822_seed0_pinn_pesosvf_2-64-64-64-2\checkpoints\2026-04-04_18-28-30-979344_ho_Classical_seed0\model_weights.pth
INFO:src.utils.logger:It: 380, Loss: 3.862e-02, Loss_res: 1.046e-02,  Loss_bcs: 6.054e-04, Loss_ut_ics: 1.378e-04, Loss_norm: 7.431e-07, Loss_gauge: 0.000e+00, w_pde: 1.00e+00, L^2_error: 5.062e-02, lr: 1.000e-03, Time: 1.87e+01
INFO:src.utils.logger:Model state saved to results\ho\Classical\20260404-182822_seed0_pinn_pesosvf_2-64-64-64-2\checkpoints\2026-04-04_18-28-30-979344_ho_Classical_seed0\model.pth
INFO:src.utils.logger:Model weights saved to results\ho\Classical\20260404-182822_seed0_pinn_pesosvf_2-64-64-64-2\checkpoints\2026-04-04_18-28-30-979344_ho_Classical_seed0\model_weights.pth
INFO:src.utils.logger:It: 390, Loss: 3.852e-02, Loss_res: 1.074e-02,  Loss_bcs: 5.724e-04, Loss_ut_ics: 1.360e-04, Loss_norm: 6.246e-07, Loss_gauge: 0.000e+00, w_pde: 1.00e+00, L^2_error: 4.997e-02, lr: 1.000e-03, Time: 1.91e+01
INFO:src.utils.logger:Model state saved to results\ho\Classical\20260404-182822_seed0_pinn_pesosvf_2-64-64-64-2\checkpoints\2026-04-04_18-28-30-979344_ho_Classical_seed0\model.pth
INFO:src.utils.logger:Model weights saved to results\ho\Classical\20260404-182822_seed0_pinn_pesosvf_2-64-64-64-2\checkpoints\2026-04-04_18-28-30-979344_ho_Classical_seed0\model_weights.pth
INFO:src.utils.logger:It: 400, Loss: 3.639e-02, Loss_res: 8.972e-03,  Loss_bcs: 5.658e-04, Loss_ut_ics: 1.343e-04, Loss_norm: 7.196e-07, Loss_gauge: 0.000e+00, w_pde: 1.00e+00, L^2_error: 4.934e-02, lr: 1.000e-03, Time: 1.96e+01
INFO:src.utils.logger:Model state saved to results\ho\Classical\20260404-182822_seed0_pinn_pesosvf_2-64-64-64-2\checkpoints\2026-04-04_18-28-30-979344_ho_Classical_seed0\model.pth
INFO:src.utils.logger:Model weights saved to results\ho\Classical\20260404-182822_seed0_pinn_pesosvf_2-64-64-64-2\checkpoints\2026-04-04_18-28-30-979344_ho_Classical_seed0\model_weights.pth
INFO:src.utils.logger:It: 410, Loss: 3.756e-02, Loss_res: 1.050e-02,  Loss_bcs: 5.655e-04, Loss_ut_ics: 1.325e-04, Loss_norm: 7.392e-07, Loss_gauge: 0.000e+00, w_pde: 1.00e+00, L^2_error: 4.879e-02, lr: 1.000e-03, Time: 2.01e+01
INFO:src.utils.logger:Model state saved to results\ho\Classical\20260404-182822_seed0_pinn_pesosvf_2-64-64-64-2\checkpoints\2026-04-04_18-28-30-979344_ho_Classical_seed0\model.pth
INFO:src.utils.logger:Model weights saved to results\ho\Classical\20260404-182822_seed0_pinn_pesosvf_2-64-64-64-2\checkpoints\2026-04-04_18-28-30-979344_ho_Classical_seed0\model_weights.pth
INFO:src.utils.logger:It: 420, Loss: 3.567e-02, Loss_res: 8.965e-03,  Loss_bcs: 5.503e-04, Loss_ut_ics: 1.308e-04, Loss_norm: 3.987e-07, Loss_gauge: 0.000e+00, w_pde: 1.00e+00, L^2_error: 4.816e-02, lr: 1.000e-03, Time: 2.05e+01
INFO:src.utils.logger:Model state saved to results\ho\Classical\20260404-182822_seed0_pinn_pesosvf_2-64-64-64-2\checkpoints\2026-04-04_18-28-30-979344_ho_Classical_seed0\model.pth
INFO:src.utils.logger:Model weights saved to results\ho\Classical\20260404-182822_seed0_pinn_pesosvf_2-64-64-64-2\checkpoints\2026-04-04_18-28-30-979344_ho_Classical_seed0\model_weights.pth
INFO:src.utils.logger:It: 430, Loss: 3.511e-02, Loss_res: 8.732e-03,  Loss_bcs: 5.522e-04, Loss_ut_ics: 1.291e-04, Loss_norm: 3.722e-07, Loss_gauge: 0.000e+00, w_pde: 1.00e+00, L^2_error: 4.764e-02, lr: 1.000e-03, Time: 2.13e+01
INFO:src.utils.logger:Model state saved to results\ho\Classical\20260404-182822_seed0_pinn_pesosvf_2-64-64-64-2\checkpoints\2026-04-04_18-28-30-979344_ho_Classical_seed0\model.pth
INFO:src.utils.logger:Model weights saved to results\ho\Classical\20260404-182822_seed0_pinn_pesosvf_2-64-64-64-2\checkpoints\2026-04-04_18-28-30-979344_ho_Classical_seed0\model_weights.pth
INFO:src.utils.logger:It: 440, Loss: 3.464e-02, Loss_res: 8.606e-03,  Loss_bcs: 5.291e-04, Loss_ut_ics: 1.275e-04, Loss_norm: 6.166e-07, Loss_gauge: 0.000e+00, w_pde: 1.00e+00, L^2_error: 4.703e-02, lr: 1.000e-03, Time: 2.17e+01
INFO:src.utils.logger:Model state saved to results\ho\Classical\20260404-182822_seed0_pinn_pesosvf_2-64-64-64-2\checkpoints\2026-04-04_18-28-30-979344_ho_Classical_seed0\model.pth
INFO:src.utils.logger:Model weights saved to results\ho\Classical\20260404-182822_seed0_pinn_pesosvf_2-64-64-64-2\checkpoints\2026-04-04_18-28-30-979344_ho_Classical_seed0\model_weights.pth
INFO:src.utils.logger:It: 450, Loss: 3.457e-02, Loss_res: 8.860e-03,  Loss_bcs: 5.009e-04, Loss_ut_ics: 1.260e-04, Loss_norm: 5.136e-07, Loss_gauge: 0.000e+00, w_pde: 1.00e+00, L^2_error: 4.641e-02, lr: 1.000e-03, Time: 2.21e+01
INFO:src.utils.logger:Model state saved to results\ho\Classical\20260404-182822_seed0_pinn_pesosvf_2-64-64-64-2\checkpoints\2026-04-04_18-28-30-979344_ho_Classical_seed0\model.pth
INFO:src.utils.logger:Model weights saved to results\ho\Classical\20260404-182822_seed0_pinn_pesosvf_2-64-64-64-2\checkpoints\2026-04-04_18-28-30-979344_ho_Classical_seed0\model_weights.pth
INFO:src.utils.logger:It: 460, Loss: 3.449e-02, Loss_res: 9.092e-03,  Loss_bcs: 4.747e-04, Loss_ut_ics: 1.246e-04, Loss_norm: 4.384e-07, Loss_gauge: 0.000e+00, w_pde: 1.00e+00, L^2_error: 4.582e-02, lr: 1.000e-03, Time: 2.25e+01
INFO:src.utils.logger:Model state saved to results\ho\Classical\20260404-182822_seed0_pinn_pesosvf_2-64-64-64-2\checkpoints\2026-04-04_18-28-30-979344_ho_Classical_seed0\model.pth
INFO:src.utils.logger:Model weights saved to results\ho\Classical\20260404-182822_seed0_pinn_pesosvf_2-64-64-64-2\checkpoints\2026-04-04_18-28-30-979344_ho_Classical_seed0\model_weights.pth
INFO:src.utils.logger:It: 470, Loss: 3.284e-02, Loss_res: 7.756e-03,  Loss_bcs: 4.669e-04, Loss_ut_ics: 1.231e-04, Loss_norm: 2.401e-07, Loss_gauge: 0.000e+00, w_pde: 1.00e+00, L^2_error: 4.530e-02, lr: 1.000e-03, Time: 2.30e+01
INFO:src.utils.logger:Model state saved to results\ho\Classical\20260404-182822_seed0_pinn_pesosvf_2-64-64-64-2\checkpoints\2026-04-04_18-28-30-979344_ho_Classical_seed0\model.pth
INFO:src.utils.logger:Model weights saved to results\ho\Classical\20260404-182822_seed0_pinn_pesosvf_2-64-64-64-2\checkpoints\2026-04-04_18-28-30-979344_ho_Classical_seed0\model_weights.pth
INFO:src.utils.logger:It: 480, Loss: 3.357e-02, Loss_res: 8.760e-03,  Loss_bcs: 4.620e-04, Loss_ut_ics: 1.218e-04, Loss_norm: 3.376e-07, Loss_gauge: 0.000e+00, w_pde: 1.00e+00, L^2_error: 4.470e-02, lr: 1.000e-03, Time: 2.37e+01
INFO:src.utils.logger:Model state saved to results\ho\Classical\20260404-182822_seed0_pinn_pesosvf_2-64-64-64-2\checkpoints\2026-04-04_18-28-30-979344_ho_Classical_seed0\model.pth
INFO:src.utils.logger:Model weights saved to results\ho\Classical\20260404-182822_seed0_pinn_pesosvf_2-64-64-64-2\checkpoints\2026-04-04_18-28-30-979344_ho_Classical_seed0\model_weights.pth
INFO:src.utils.logger:It: 490, Loss: 3.172e-02, Loss_res: 7.207e-03,  Loss_bcs: 4.422e-04, Loss_ut_ics: 1.204e-04, Loss_norm: 4.577e-07, Loss_gauge: 0.000e+00, w_pde: 1.00e+00, L^2_error: 4.412e-02, lr: 1.000e-03, Time: 2.41e+01
INFO:src.utils.logger:Model state saved to results\ho\Classical\20260404-182822_seed0_pinn_pesosvf_2-64-64-64-2\checkpoints\2026-04-04_18-28-30-979344_ho_Classical_seed0\model.pth
INFO:src.utils.logger:Model weights saved to results\ho\Classical\20260404-182822_seed0_pinn_pesosvf_2-64-64-64-2\checkpoints\2026-04-04_18-28-30-979344_ho_Classical_seed0\model_weights.pth
INFO:src.utils.logger:It: 500, Loss: 3.226e-02, Loss_res: 8.033e-03,  Loss_bcs: 4.142e-04, Loss_ut_ics: 1.191e-04, Loss_norm: 4.511e-07, Loss_gauge: 0.000e+00, w_pde: 1.00e+00, L^2_error: 4.358e-02, lr: 1.000e-03, Time: 2.44e+01
INFO:src.utils.logger:Model state saved to results\ho\Classical\20260404-182822_seed0_pinn_pesosvf_2-64-64-64-2\checkpoints\2026-04-04_18-28-30-979344_ho_Classical_seed0\model.pth
INFO:src.utils.logger:Model weights saved to results\ho\Classical\20260404-182822_seed0_pinn_pesosvf_2-64-64-64-2\checkpoints\2026-04-04_18-28-30-979344_ho_Classical_seed0\model_weights.pth
INFO:src.utils.logger:It: 510, Loss: 3.157e-02, Loss_res: 7.566e-03,  Loss_bcs: 4.186e-04, Loss_ut_ics: 1.179e-04, Loss_norm: 6.205e-07, Loss_gauge: 0.000e+00, w_pde: 1.00e+00, L^2_error: 4.305e-02, lr: 1.000e-03, Time: 2.48e+01
INFO:src.utils.logger:Model state saved to results\ho\Classical\20260404-182822_seed0_pinn_pesosvf_2-64-64-64-2\checkpoints\2026-04-04_18-28-30-979344_ho_Classical_seed0\model.pth
INFO:src.utils.logger:Model weights saved to results\ho\Classical\20260404-182822_seed0_pinn_pesosvf_2-64-64-64-2\checkpoints\2026-04-04_18-28-30-979344_ho_Classical_seed0\model_weights.pth
INFO:src.utils.logger:It: 520, Loss: 3.014e-02, Loss_res: 6.437e-03,  Loss_bcs: 3.948e-04, Loss_ut_ics: 1.165e-04, Loss_norm: 4.129e-07, Loss_gauge: 0.000e+00, w_pde: 1.00e+00, L^2_error: 4.253e-02, lr: 1.000e-03, Time: 2.52e+01
INFO:src.utils.logger:Model state saved to results\ho\Classical\20260404-182822_seed0_pinn_pesosvf_2-64-64-64-2\checkpoints\2026-04-04_18-28-30-979344_ho_Classical_seed0\model.pth
INFO:src.utils.logger:Model weights saved to results\ho\Classical\20260404-182822_seed0_pinn_pesosvf_2-64-64-64-2\checkpoints\2026-04-04_18-28-30-979344_ho_Classical_seed0\model_weights.pth
INFO:src.utils.logger:It: 530, Loss: 3.104e-02, Loss_res: 7.578e-03,  Loss_bcs: 3.773e-04, Loss_ut_ics: 1.154e-04, Loss_norm: 3.983e-07, Loss_gauge: 0.000e+00, w_pde: 1.00e+00, L^2_error: 4.195e-02, lr: 1.000e-03, Time: 2.56e+01
INFO:src.utils.logger:Model state saved to results\ho\Classical\20260404-182822_seed0_pinn_pesosvf_2-64-64-64-2\checkpoints\2026-04-04_18-28-30-979344_ho_Classical_seed0\model.pth
INFO:src.utils.logger:Model weights saved to results\ho\Classical\20260404-182822_seed0_pinn_pesosvf_2-64-64-64-2\checkpoints\2026-04-04_18-28-30-979344_ho_Classical_seed0\model_weights.pth
INFO:src.utils.logger:It: 540, Loss: 3.024e-02, Loss_res: 6.990e-03,  Loss_bcs: 3.852e-04, Loss_ut_ics: 1.143e-04, Loss_norm: 3.218e-07, Loss_gauge: 0.000e+00, w_pde: 1.00e+00, L^2_error: 4.137e-02, lr: 1.000e-03, Time: 2.61e+01
INFO:src.utils.logger:Model state saved to results\ho\Classical\20260404-182822_seed0_pinn_pesosvf_2-64-64-64-2\checkpoints\2026-04-04_18-28-30-979344_ho_Classical_seed0\model.pth
INFO:src.utils.logger:Model weights saved to results\ho\Classical\20260404-182822_seed0_pinn_pesosvf_2-64-64-64-2\checkpoints\2026-04-04_18-28-30-979344_ho_Classical_seed0\model_weights.pth
INFO:src.utils.logger:It: 550, Loss: 2.916e-02, Loss_res: 6.160e-03,  Loss_bcs: 3.612e-04, Loss_ut_ics: 1.132e-04, Loss_norm: 2.744e-07, Loss_gauge: 0.000e+00, w_pde: 1.00e+00, L^2_error: 4.083e-02, lr: 1.000e-03, Time: 2.65e+01
INFO:src.utils.logger:Model state saved to results\ho\Classical\20260404-182822_seed0_pinn_pesosvf_2-64-64-64-2\checkpoints\2026-04-04_18-28-30-979344_ho_Classical_seed0\model.pth
INFO:src.utils.logger:Model weights saved to results\ho\Classical\20260404-182822_seed0_pinn_pesosvf_2-64-64-64-2\checkpoints\2026-04-04_18-28-30-979344_ho_Classical_seed0\model_weights.pth
INFO:src.utils.logger:It: 560, Loss: 2.888e-02, Loss_res: 6.132e-03,  Loss_bcs: 3.576e-04, Loss_ut_ics: 1.119e-04, Loss_norm: 4.091e-07, Loss_gauge: 0.000e+00, w_pde: 1.00e+00, L^2_error: 4.033e-02, lr: 1.000e-03, Time: 2.70e+01
INFO:src.utils.logger:Model state saved to results\ho\Classical\20260404-182822_seed0_pinn_pesosvf_2-64-64-64-2\checkpoints\2026-04-04_18-28-30-979344_ho_Classical_seed0\model.pth
INFO:src.utils.logger:Model weights saved to results\ho\Classical\20260404-182822_seed0_pinn_pesosvf_2-64-64-64-2\checkpoints\2026-04-04_18-28-30-979344_ho_Classical_seed0\model_weights.pth
INFO:src.utils.logger:It: 570, Loss: 2.844e-02, Loss_res: 5.897e-03,  Loss_bcs: 3.528e-04, Loss_ut_ics: 1.109e-04, Loss_norm: 6.934e-07, Loss_gauge: 0.000e+00, w_pde: 1.00e+00, L^2_error: 3.986e-02, lr: 1.000e-03, Time: 2.74e+01
INFO:src.utils.logger:Model state saved to results\ho\Classical\20260404-182822_seed0_pinn_pesosvf_2-64-64-64-2\checkpoints\2026-04-04_18-28-30-979344_ho_Classical_seed0\model.pth
INFO:src.utils.logger:Model weights saved to results\ho\Classical\20260404-182822_seed0_pinn_pesosvf_2-64-64-64-2\checkpoints\2026-04-04_18-28-30-979344_ho_Classical_seed0\model_weights.pth
INFO:src.utils.logger:It: 580, Loss: 2.828e-02, Loss_res: 5.935e-03,  Loss_bcs: 3.567e-04, Loss_ut_ics: 1.099e-04, Loss_norm: 3.355e-07, Loss_gauge: 0.000e+00, w_pde: 1.00e+00, L^2_error: 3.933e-02, lr: 1.000e-03, Time: 2.80e+01
INFO:src.utils.logger:Model state saved to results\ho\Classical\20260404-182822_seed0_pinn_pesosvf_2-64-64-64-2\checkpoints\2026-04-04_18-28-30-979344_ho_Classical_seed0\model.pth
INFO:src.utils.logger:Model weights saved to results\ho\Classical\20260404-182822_seed0_pinn_pesosvf_2-64-64-64-2\checkpoints\2026-04-04_18-28-30-979344_ho_Classical_seed0\model_weights.pth
INFO:src.utils.logger:It: 590, Loss: 2.801e-02, Loss_res: 5.902e-03,  Loss_bcs: 3.287e-04, Loss_ut_ics: 1.089e-04, Loss_norm: 2.941e-07, Loss_gauge: 0.000e+00, w_pde: 1.00e+00, L^2_error: 3.883e-02, lr: 1.000e-03, Time: 2.85e+01
INFO:src.utils.logger:Model state saved to results\ho\Classical\20260404-182822_seed0_pinn_pesosvf_2-64-64-64-2\checkpoints\2026-04-04_18-28-30-979344_ho_Classical_seed0\model.pth
INFO:src.utils.logger:Model weights saved to results\ho\Classical\20260404-182822_seed0_pinn_pesosvf_2-64-64-64-2\checkpoints\2026-04-04_18-28-30-979344_ho_Classical_seed0\model_weights.pth
INFO:src.utils.logger:It: 600, Loss: 2.761e-02, Loss_res: 5.683e-03,  Loss_bcs: 3.318e-04, Loss_ut_ics: 1.080e-04, Loss_norm: 1.730e-07, Loss_gauge: 0.000e+00, w_pde: 1.00e+00, L^2_error: 3.837e-02, lr: 1.000e-03, Time: 2.89e+01
INFO:src.utils.logger:Model state saved to results\ho\Classical\20260404-182822_seed0_pinn_pesosvf_2-64-64-64-2\checkpoints\2026-04-04_18-28-30-979344_ho_Classical_seed0\model.pth
INFO:src.utils.logger:Model weights saved to results\ho\Classical\20260404-182822_seed0_pinn_pesosvf_2-64-64-64-2\checkpoints\2026-04-04_18-28-30-979344_ho_Classical_seed0\model_weights.pth
INFO:src.utils.logger:It: 610, Loss: 2.731e-02, Loss_res: 5.563e-03,  Loss_bcs: 3.197e-04, Loss_ut_ics: 1.071e-04, Loss_norm: 3.690e-07, Loss_gauge: 0.000e+00, w_pde: 1.00e+00, L^2_error: 3.786e-02, lr: 1.000e-03, Time: 2.94e+01
INFO:src.utils.logger:Model state saved to results\ho\Classical\20260404-182822_seed0_pinn_pesosvf_2-64-64-64-2\checkpoints\2026-04-04_18-28-30-979344_ho_Classical_seed0\model.pth
INFO:src.utils.logger:Model weights saved to results\ho\Classical\20260404-182822_seed0_pinn_pesosvf_2-64-64-64-2\checkpoints\2026-04-04_18-28-30-979344_ho_Classical_seed0\model_weights.pth
INFO:src.utils.logger:It: 620, Loss: 2.678e-02, Loss_res: 5.271e-03,  Loss_bcs: 3.074e-04, Loss_ut_ics: 1.060e-04, Loss_norm: 4.482e-07, Loss_gauge: 0.000e+00, w_pde: 1.00e+00, L^2_error: 3.736e-02, lr: 1.000e-03, Time: 2.98e+01
INFO:src.utils.logger:Model state saved to results\ho\Classical\20260404-182822_seed0_pinn_pesosvf_2-64-64-64-2\checkpoints\2026-04-04_18-28-30-979344_ho_Classical_seed0\model.pth
INFO:src.utils.logger:Model weights saved to results\ho\Classical\20260404-182822_seed0_pinn_pesosvf_2-64-64-64-2\checkpoints\2026-04-04_18-28-30-979344_ho_Classical_seed0\model_weights.pth
INFO:src.utils.logger:It: 630, Loss: 2.667e-02, Loss_res: 5.305e-03,  Loss_bcs: 3.042e-04, Loss_ut_ics: 1.053e-04, Loss_norm: 4.222e-07, Loss_gauge: 0.000e+00, w_pde: 1.00e+00, L^2_error: 3.692e-02, lr: 1.000e-03, Time: 3.03e+01
INFO:src.utils.logger:Model state saved to results\ho\Classical\20260404-182822_seed0_pinn_pesosvf_2-64-64-64-2\checkpoints\2026-04-04_18-28-30-979344_ho_Classical_seed0\model.pth
INFO:src.utils.logger:Model weights saved to results\ho\Classical\20260404-182822_seed0_pinn_pesosvf_2-64-64-64-2\checkpoints\2026-04-04_18-28-30-979344_ho_Classical_seed0\model_weights.pth
INFO:src.utils.logger:It: 640, Loss: 2.624e-02, Loss_res: 5.091e-03,  Loss_bcs: 2.952e-04, Loss_ut_ics: 1.042e-04, Loss_norm: 5.043e-07, Loss_gauge: 0.000e+00, w_pde: 1.00e+00, L^2_error: 3.650e-02, lr: 1.000e-03, Time: 3.07e+01
INFO:src.utils.logger:Model state saved to results\ho\Classical\20260404-182822_seed0_pinn_pesosvf_2-64-64-64-2\checkpoints\2026-04-04_18-28-30-979344_ho_Classical_seed0\model.pth
INFO:src.utils.logger:Model weights saved to results\ho\Classical\20260404-182822_seed0_pinn_pesosvf_2-64-64-64-2\checkpoints\2026-04-04_18-28-30-979344_ho_Classical_seed0\model_weights.pth
INFO:src.utils.logger:It: 650, Loss: 2.603e-02, Loss_res: 5.053e-03,  Loss_bcs: 2.839e-04, Loss_ut_ics: 1.034e-04, Loss_norm: 3.423e-07, Loss_gauge: 0.000e+00, w_pde: 1.00e+00, L^2_error: 3.602e-02, lr: 1.000e-03, Time: 3.11e+01
INFO:src.utils.logger:Model state saved to results\ho\Classical\20260404-182822_seed0_pinn_pesosvf_2-64-64-64-2\checkpoints\2026-04-04_18-28-30-979344_ho_Classical_seed0\model.pth
INFO:src.utils.logger:Model weights saved to results\ho\Classical\20260404-182822_seed0_pinn_pesosvf_2-64-64-64-2\checkpoints\2026-04-04_18-28-30-979344_ho_Classical_seed0\model_weights.pth
INFO:src.utils.logger:It: 660, Loss: 2.528e-02, Loss_res: 4.402e-03,  Loss_bcs: 2.835e-04, Loss_ut_ics: 1.029e-04, Loss_norm: 2.498e-07, Loss_gauge: 0.000e+00, w_pde: 1.00e+00, L^2_error: 3.558e-02, lr: 1.000e-03, Time: 3.16e+01
INFO:src.utils.logger:Model state saved to results\ho\Classical\20260404-182822_seed0_pinn_pesosvf_2-64-64-64-2\checkpoints\2026-04-04_18-28-30-979344_ho_Classical_seed0\model.pth
INFO:src.utils.logger:Model weights saved to results\ho\Classical\20260404-182822_seed0_pinn_pesosvf_2-64-64-64-2\checkpoints\2026-04-04_18-28-30-979344_ho_Classical_seed0\model_weights.pth
INFO:src.utils.logger:It: 670, Loss: 2.538e-02, Loss_res: 4.723e-03,  Loss_bcs: 2.798e-04, Loss_ut_ics: 1.019e-04, Loss_norm: 2.929e-07, Loss_gauge: 0.000e+00, w_pde: 1.00e+00, L^2_error: 3.517e-02, lr: 1.000e-03, Time: 3.21e+01
INFO:src.utils.logger:Model state saved to results\ho\Classical\20260404-182822_seed0_pinn_pesosvf_2-64-64-64-2\checkpoints\2026-04-04_18-28-30-979344_ho_Classical_seed0\model.pth
INFO:src.utils.logger:Model weights saved to results\ho\Classical\20260404-182822_seed0_pinn_pesosvf_2-64-64-64-2\checkpoints\2026-04-04_18-28-30-979344_ho_Classical_seed0\model_weights.pth
INFO:src.utils.logger:It: 680, Loss: 2.504e-02, Loss_res: 4.581e-03,  Loss_bcs: 2.740e-04, Loss_ut_ics: 1.009e-04, Loss_norm: 6.747e-07, Loss_gauge: 0.000e+00, w_pde: 1.00e+00, L^2_error: 3.475e-02, lr: 1.000e-03, Time: 3.25e+01
INFO:src.utils.logger:Model state saved to results\ho\Classical\20260404-182822_seed0_pinn_pesosvf_2-64-64-64-2\checkpoints\2026-04-04_18-28-30-979344_ho_Classical_seed0\model.pth
INFO:src.utils.logger:Model weights saved to results\ho\Classical\20260404-182822_seed0_pinn_pesosvf_2-64-64-64-2\checkpoints\2026-04-04_18-28-30-979344_ho_Classical_seed0\model_weights.pth
INFO:src.utils.logger:It: 690, Loss: 2.491e-02, Loss_res: 4.635e-03,  Loss_bcs: 2.605e-04, Loss_ut_ics: 1.001e-04, Loss_norm: 1.493e-07, Loss_gauge: 0.000e+00, w_pde: 1.00e+00, L^2_error: 3.434e-02, lr: 1.000e-03, Time: 3.29e+01
INFO:src.utils.logger:Model state saved to results\ho\Classical\20260404-182822_seed0_pinn_pesosvf_2-64-64-64-2\checkpoints\2026-04-04_18-28-30-979344_ho_Classical_seed0\model.pth
INFO:src.utils.logger:Model weights saved to results\ho\Classical\20260404-182822_seed0_pinn_pesosvf_2-64-64-64-2\checkpoints\2026-04-04_18-28-30-979344_ho_Classical_seed0\model_weights.pth
INFO:src.utils.logger:It: 700, Loss: 2.449e-02, Loss_res: 4.370e-03,  Loss_bcs: 2.553e-04, Loss_ut_ics: 9.932e-05, Loss_norm: 3.408e-07, Loss_gauge: 0.000e+00, w_pde: 1.00e+00, L^2_error: 3.396e-02, lr: 1.000e-03, Time: 3.33e+01
INFO:src.utils.logger:Model state saved to results\ho\Classical\20260404-182822_seed0_pinn_pesosvf_2-64-64-64-2\checkpoints\2026-04-04_18-28-30-979344_ho_Classical_seed0\model.pth
INFO:src.utils.logger:Model weights saved to results\ho\Classical\20260404-182822_seed0_pinn_pesosvf_2-64-64-64-2\checkpoints\2026-04-04_18-28-30-979344_ho_Classical_seed0\model_weights.pth
INFO:src.utils.logger:It: 710, Loss: 2.395e-02, Loss_res: 3.975e-03,  Loss_bcs: 2.491e-04, Loss_ut_ics: 9.865e-05, Loss_norm: 3.234e-07, Loss_gauge: 0.000e+00, w_pde: 1.00e+00, L^2_error: 3.348e-02, lr: 1.000e-03, Time: 3.37e+01
INFO:src.utils.logger:Model state saved to results\ho\Classical\20260404-182822_seed0_pinn_pesosvf_2-64-64-64-2\checkpoints\2026-04-04_18-28-30-979344_ho_Classical_seed0\model.pth
INFO:src.utils.logger:Model weights saved to results\ho\Classical\20260404-182822_seed0_pinn_pesosvf_2-64-64-64-2\checkpoints\2026-04-04_18-28-30-979344_ho_Classical_seed0\model_weights.pth
INFO:src.utils.logger:It: 720, Loss: 2.344e-02, Loss_res: 3.662e-03,  Loss_bcs: 2.455e-04, Loss_ut_ics: 9.768e-05, Loss_norm: 3.242e-07, Loss_gauge: 0.000e+00, w_pde: 1.00e+00, L^2_error: 3.306e-02, lr: 1.000e-03, Time: 3.41e+01
INFO:src.utils.logger:Model state saved to results\ho\Classical\20260404-182822_seed0_pinn_pesosvf_2-64-64-64-2\checkpoints\2026-04-04_18-28-30-979344_ho_Classical_seed0\model.pth
INFO:src.utils.logger:Model weights saved to results\ho\Classical\20260404-182822_seed0_pinn_pesosvf_2-64-64-64-2\checkpoints\2026-04-04_18-28-30-979344_ho_Classical_seed0\model_weights.pth
INFO:src.utils.logger:It: 730, Loss: 2.354e-02, Loss_res: 3.915e-03,  Loss_bcs: 2.410e-04, Loss_ut_ics: 9.691e-05, Loss_norm: 7.227e-07, Loss_gauge: 0.000e+00, w_pde: 1.00e+00, L^2_error: 3.272e-02, lr: 1.000e-03, Time: 3.45e+01
INFO:src.utils.logger:Model state saved to results\ho\Classical\20260404-182822_seed0_pinn_pesosvf_2-64-64-64-2\checkpoints\2026-04-04_18-28-30-979344_ho_Classical_seed0\model.pth
INFO:src.utils.logger:Model weights saved to results\ho\Classical\20260404-182822_seed0_pinn_pesosvf_2-64-64-64-2\checkpoints\2026-04-04_18-28-30-979344_ho_Classical_seed0\model_weights.pth
INFO:src.utils.logger:It: 740, Loss: 2.333e-02, Loss_res: 3.855e-03,  Loss_bcs: 2.280e-04, Loss_ut_ics: 9.621e-05, Loss_norm: 8.884e-08, Loss_gauge: 0.000e+00, w_pde: 1.00e+00, L^2_error: 3.240e-02, lr: 1.000e-03, Time: 3.49e+01
INFO:src.utils.logger:Model state saved to results\ho\Classical\20260404-182822_seed0_pinn_pesosvf_2-64-64-64-2\checkpoints\2026-04-04_18-28-30-979344_ho_Classical_seed0\model.pth
INFO:src.utils.logger:Model weights saved to results\ho\Classical\20260404-182822_seed0_pinn_pesosvf_2-64-64-64-2\checkpoints\2026-04-04_18-28-30-979344_ho_Classical_seed0\model_weights.pth
INFO:src.utils.logger:It: 750, Loss: 2.359e-02, Loss_res: 4.226e-03,  Loss_bcs: 2.321e-04, Loss_ut_ics: 9.567e-05, Loss_norm: 3.484e-07, Loss_gauge: 0.000e+00, w_pde: 1.00e+00, L^2_error: 3.200e-02, lr: 1.000e-03, Time: 3.53e+01
INFO:src.utils.logger:Model state saved to results\ho\Classical\20260404-182822_seed0_pinn_pesosvf_2-64-64-64-2\checkpoints\2026-04-04_18-28-30-979344_ho_Classical_seed0\model.pth
INFO:src.utils.logger:Model weights saved to results\ho\Classical\20260404-182822_seed0_pinn_pesosvf_2-64-64-64-2\checkpoints\2026-04-04_18-28-30-979344_ho_Classical_seed0\model_weights.pth
INFO:src.utils.logger:It: 760, Loss: 2.301e-02, Loss_res: 3.850e-03,  Loss_bcs: 2.294e-04, Loss_ut_ics: 9.465e-05, Loss_norm: 4.547e-07, Loss_gauge: 0.000e+00, w_pde: 1.00e+00, L^2_error: 3.163e-02, lr: 1.000e-03, Time: 3.57e+01
INFO:src.utils.logger:Model state saved to results\ho\Classical\20260404-182822_seed0_pinn_pesosvf_2-64-64-64-2\checkpoints\2026-04-04_18-28-30-979344_ho_Classical_seed0\model.pth
INFO:src.utils.logger:Model weights saved to results\ho\Classical\20260404-182822_seed0_pinn_pesosvf_2-64-64-64-2\checkpoints\2026-04-04_18-28-30-979344_ho_Classical_seed0\model_weights.pth
INFO:src.utils.logger:It: 770, Loss: 2.265e-02, Loss_res: 3.639e-03,  Loss_bcs: 2.220e-04, Loss_ut_ics: 9.393e-05, Loss_norm: 1.758e-07, Loss_gauge: 0.000e+00, w_pde: 1.00e+00, L^2_error: 3.134e-02, lr: 1.000e-03, Time: 3.60e+01
INFO:src.utils.logger:Model state saved to results\ho\Classical\20260404-182822_seed0_pinn_pesosvf_2-64-64-64-2\checkpoints\2026-04-04_18-28-30-979344_ho_Classical_seed0\model.pth
INFO:src.utils.logger:Model weights saved to results\ho\Classical\20260404-182822_seed0_pinn_pesosvf_2-64-64-64-2\checkpoints\2026-04-04_18-28-30-979344_ho_Classical_seed0\model_weights.pth
INFO:src.utils.logger:It: 780, Loss: 2.265e-02, Loss_res: 3.795e-03,  Loss_bcs: 2.173e-04, Loss_ut_ics: 9.321e-05, Loss_norm: 2.097e-07, Loss_gauge: 0.000e+00, w_pde: 1.00e+00, L^2_error: 3.094e-02, lr: 1.000e-03, Time: 3.65e+01
INFO:src.utils.logger:Model state saved to results\ho\Classical\20260404-182822_seed0_pinn_pesosvf_2-64-64-64-2\checkpoints\2026-04-04_18-28-30-979344_ho_Classical_seed0\model.pth
INFO:src.utils.logger:Model weights saved to results\ho\Classical\20260404-182822_seed0_pinn_pesosvf_2-64-64-64-2\checkpoints\2026-04-04_18-28-30-979344_ho_Classical_seed0\model_weights.pth
INFO:src.utils.logger:It: 790, Loss: 2.232e-02, Loss_res: 3.618e-03,  Loss_bcs: 2.133e-04, Loss_ut_ics: 9.244e-05, Loss_norm: 1.282e-07, Loss_gauge: 0.000e+00, w_pde: 1.00e+00, L^2_error: 3.061e-02, lr: 1.000e-03, Time: 3.70e+01
INFO:src.utils.logger:Model state saved to results\ho\Classical\20260404-182822_seed0_pinn_pesosvf_2-64-64-64-2\checkpoints\2026-04-04_18-28-30-979344_ho_Classical_seed0\model.pth
INFO:src.utils.logger:Model weights saved to results\ho\Classical\20260404-182822_seed0_pinn_pesosvf_2-64-64-64-2\checkpoints\2026-04-04_18-28-30-979344_ho_Classical_seed0\model_weights.pth
INFO:src.utils.logger:It: 800, Loss: 2.155e-02, Loss_res: 3.001e-03,  Loss_bcs: 2.106e-04, Loss_ut_ics: 9.170e-05, Loss_norm: 2.506e-07, Loss_gauge: 0.000e+00, w_pde: 1.00e+00, L^2_error: 3.027e-02, lr: 1.000e-03, Time: 3.74e+01
INFO:src.utils.logger:Model state saved to results\ho\Classical\20260404-182822_seed0_pinn_pesosvf_2-64-64-64-2\checkpoints\2026-04-04_18-28-30-979344_ho_Classical_seed0\model.pth
INFO:src.utils.logger:Model weights saved to results\ho\Classical\20260404-182822_seed0_pinn_pesosvf_2-64-64-64-2\checkpoints\2026-04-04_18-28-30-979344_ho_Classical_seed0\model_weights.pth
INFO:src.utils.logger:It: 810, Loss: 2.165e-02, Loss_res: 3.251e-03,  Loss_bcs: 2.054e-04, Loss_ut_ics: 9.096e-05, Loss_norm: 5.043e-07, Loss_gauge: 0.000e+00, w_pde: 1.00e+00, L^2_error: 2.999e-02, lr: 1.000e-03, Time: 3.78e+01
INFO:src.utils.logger:Model state saved to results\ho\Classical\20260404-182822_seed0_pinn_pesosvf_2-64-64-64-2\checkpoints\2026-04-04_18-28-30-979344_ho_Classical_seed0\model.pth
INFO:src.utils.logger:Model weights saved to results\ho\Classical\20260404-182822_seed0_pinn_pesosvf_2-64-64-64-2\checkpoints\2026-04-04_18-28-30-979344_ho_Classical_seed0\model_weights.pth
INFO:src.utils.logger:It: 820, Loss: 2.100e-02, Loss_res: 2.746e-03,  Loss_bcs: 2.048e-04, Loss_ut_ics: 9.026e-05, Loss_norm: 3.894e-07, Loss_gauge: 0.000e+00, w_pde: 1.00e+00, L^2_error: 2.967e-02, lr: 1.000e-03, Time: 3.82e+01
INFO:src.utils.logger:Model state saved to results\ho\Classical\20260404-182822_seed0_pinn_pesosvf_2-64-64-64-2\checkpoints\2026-04-04_18-28-30-979344_ho_Classical_seed0\model.pth
INFO:src.utils.logger:Model weights saved to results\ho\Classical\20260404-182822_seed0_pinn_pesosvf_2-64-64-64-2\checkpoints\2026-04-04_18-28-30-979344_ho_Classical_seed0\model_weights.pth
INFO:src.utils.logger:It: 830, Loss: 2.143e-02, Loss_res: 3.334e-03,  Loss_bcs: 1.978e-04, Loss_ut_ics: 8.946e-05, Loss_norm: 2.433e-07, Loss_gauge: 0.000e+00, w_pde: 1.00e+00, L^2_error: 2.934e-02, lr: 1.000e-03, Time: 3.86e+01
INFO:src.utils.logger:Model state saved to results\ho\Classical\20260404-182822_seed0_pinn_pesosvf_2-64-64-64-2\checkpoints\2026-04-04_18-28-30-979344_ho_Classical_seed0\model.pth
INFO:src.utils.logger:Model weights saved to results\ho\Classical\20260404-182822_seed0_pinn_pesosvf_2-64-64-64-2\checkpoints\2026-04-04_18-28-30-979344_ho_Classical_seed0\model_weights.pth
INFO:src.utils.logger:It: 840, Loss: 2.118e-02, Loss_res: 3.203e-03,  Loss_bcs: 1.958e-04, Loss_ut_ics: 8.890e-05, Loss_norm: 2.434e-07, Loss_gauge: 0.000e+00, w_pde: 1.00e+00, L^2_error: 2.913e-02, lr: 1.000e-03, Time: 3.92e+01
INFO:src.utils.logger:Model state saved to results\ho\Classical\20260404-182822_seed0_pinn_pesosvf_2-64-64-64-2\checkpoints\2026-04-04_18-28-30-979344_ho_Classical_seed0\model.pth
INFO:src.utils.logger:Model weights saved to results\ho\Classical\20260404-182822_seed0_pinn_pesosvf_2-64-64-64-2\checkpoints\2026-04-04_18-28-30-979344_ho_Classical_seed0\model_weights.pth
INFO:src.utils.logger:It: 850, Loss: 2.092e-02, Loss_res: 3.107e-03,  Loss_bcs: 1.926e-04, Loss_ut_ics: 8.810e-05, Loss_norm: 3.154e-07, Loss_gauge: 0.000e+00, w_pde: 1.00e+00, L^2_error: 2.888e-02, lr: 1.000e-03, Time: 4.00e+01
INFO:src.utils.logger:Model state saved to results\ho\Classical\20260404-182822_seed0_pinn_pesosvf_2-64-64-64-2\checkpoints\2026-04-04_18-28-30-979344_ho_Classical_seed0\model.pth
INFO:src.utils.logger:Model weights saved to results\ho\Classical\20260404-182822_seed0_pinn_pesosvf_2-64-64-64-2\checkpoints\2026-04-04_18-28-30-979344_ho_Classical_seed0\model_weights.pth
INFO:src.utils.logger:It: 860, Loss: 2.067e-02, Loss_res: 3.001e-03,  Loss_bcs: 1.897e-04, Loss_ut_ics: 8.740e-05, Loss_norm: 1.336e-07, Loss_gauge: 0.000e+00, w_pde: 1.00e+00, L^2_error: 2.855e-02, lr: 1.000e-03, Time: 4.05e+01
INFO:src.utils.logger:Model state saved to results\ho\Classical\20260404-182822_seed0_pinn_pesosvf_2-64-64-64-2\checkpoints\2026-04-04_18-28-30-979344_ho_Classical_seed0\model.pth
INFO:src.utils.logger:Model weights saved to results\ho\Classical\20260404-182822_seed0_pinn_pesosvf_2-64-64-64-2\checkpoints\2026-04-04_18-28-30-979344_ho_Classical_seed0\model_weights.pth
INFO:src.utils.logger:It: 870, Loss: 2.037e-02, Loss_res: 2.860e-03,  Loss_bcs: 1.848e-04, Loss_ut_ics: 8.663e-05, Loss_norm: 1.376e-07, Loss_gauge: 0.000e+00, w_pde: 1.00e+00, L^2_error: 2.826e-02, lr: 1.000e-03, Time: 4.09e+01
INFO:src.utils.logger:Model state saved to results\ho\Classical\20260404-182822_seed0_pinn_pesosvf_2-64-64-64-2\checkpoints\2026-04-04_18-28-30-979344_ho_Classical_seed0\model.pth
INFO:src.utils.logger:Model weights saved to results\ho\Classical\20260404-182822_seed0_pinn_pesosvf_2-64-64-64-2\checkpoints\2026-04-04_18-28-30-979344_ho_Classical_seed0\model_weights.pth
INFO:src.utils.logger:It: 880, Loss: 2.048e-02, Loss_res: 3.113e-03,  Loss_bcs: 1.848e-04, Loss_ut_ics: 8.590e-05, Loss_norm: 4.336e-07, Loss_gauge: 0.000e+00, w_pde: 1.00e+00, L^2_error: 2.803e-02, lr: 1.000e-03, Time: 4.14e+01
INFO:src.utils.logger:Model state saved to results\ho\Classical\20260404-182822_seed0_pinn_pesosvf_2-64-64-64-2\checkpoints\2026-04-04_18-28-30-979344_ho_Classical_seed0\model.pth
INFO:src.utils.logger:Model weights saved to results\ho\Classical\20260404-182822_seed0_pinn_pesosvf_2-64-64-64-2\checkpoints\2026-04-04_18-28-30-979344_ho_Classical_seed0\model_weights.pth
INFO:src.utils.logger:It: 890, Loss: 1.989e-02, Loss_res: 2.624e-03,  Loss_bcs: 1.788e-04, Loss_ut_ics: 8.541e-05, Loss_norm: 4.830e-08, Loss_gauge: 0.000e+00, w_pde: 1.00e+00, L^2_error: 2.774e-02, lr: 1.000e-03, Time: 4.18e+01
INFO:src.utils.logger:Model state saved to results\ho\Classical\20260404-182822_seed0_pinn_pesosvf_2-64-64-64-2\checkpoints\2026-04-04_18-28-30-979344_ho_Classical_seed0\model.pth
INFO:src.utils.logger:Model weights saved to results\ho\Classical\20260404-182822_seed0_pinn_pesosvf_2-64-64-64-2\checkpoints\2026-04-04_18-28-30-979344_ho_Classical_seed0\model_weights.pth
INFO:src.utils.logger:It: 900, Loss: 2.008e-02, Loss_res: 3.010e-03,  Loss_bcs: 1.794e-04, Loss_ut_ics: 8.446e-05, Loss_norm: 2.537e-07, Loss_gauge: 0.000e+00, w_pde: 1.00e+00, L^2_error: 2.749e-02, lr: 1.000e-03, Time: 4.23e+01
INFO:src.utils.logger:Model state saved to results\ho\Classical\20260404-182822_seed0_pinn_pesosvf_2-64-64-64-2\checkpoints\2026-04-04_18-28-30-979344_ho_Classical_seed0\model.pth
INFO:src.utils.logger:Model weights saved to results\ho\Classical\20260404-182822_seed0_pinn_pesosvf_2-64-64-64-2\checkpoints\2026-04-04_18-28-30-979344_ho_Classical_seed0\model_weights.pth
INFO:src.utils.logger:It: 910, Loss: 1.986e-02, Loss_res: 2.917e-03,  Loss_bcs: 1.753e-04, Loss_ut_ics: 8.382e-05, Loss_norm: 1.617e-07, Loss_gauge: 0.000e+00, w_pde: 1.00e+00, L^2_error: 2.724e-02, lr: 1.000e-03, Time: 4.29e+01
INFO:src.utils.logger:Model state saved to results\ho\Classical\20260404-182822_seed0_pinn_pesosvf_2-64-64-64-2\checkpoints\2026-04-04_18-28-30-979344_ho_Classical_seed0\model.pth
INFO:src.utils.logger:Model weights saved to results\ho\Classical\20260404-182822_seed0_pinn_pesosvf_2-64-64-64-2\checkpoints\2026-04-04_18-28-30-979344_ho_Classical_seed0\model_weights.pth
INFO:src.utils.logger:It: 920, Loss: 1.949e-02, Loss_res: 2.700e-03,  Loss_bcs: 1.713e-04, Loss_ut_ics: 8.309e-05, Loss_norm: 2.102e-07, Loss_gauge: 0.000e+00, w_pde: 1.00e+00, L^2_error: 2.697e-02, lr: 1.000e-03, Time: 4.34e+01
INFO:src.utils.logger:Model state saved to results\ho\Classical\20260404-182822_seed0_pinn_pesosvf_2-64-64-64-2\checkpoints\2026-04-04_18-28-30-979344_ho_Classical_seed0\model.pth
INFO:src.utils.logger:Model weights saved to results\ho\Classical\20260404-182822_seed0_pinn_pesosvf_2-64-64-64-2\checkpoints\2026-04-04_18-28-30-979344_ho_Classical_seed0\model_weights.pth
INFO:src.utils.logger:It: 930, Loss: 1.935e-02, Loss_res: 2.712e-03,  Loss_bcs: 1.678e-04, Loss_ut_ics: 8.236e-05, Loss_norm: 1.265e-07, Loss_gauge: 0.000e+00, w_pde: 1.00e+00, L^2_error: 2.680e-02, lr: 1.000e-03, Time: 4.39e+01
INFO:src.utils.logger:Model state saved to results\ho\Classical\20260404-182822_seed0_pinn_pesosvf_2-64-64-64-2\checkpoints\2026-04-04_18-28-30-979344_ho_Classical_seed0\model.pth
INFO:src.utils.logger:Model weights saved to results\ho\Classical\20260404-182822_seed0_pinn_pesosvf_2-64-64-64-2\checkpoints\2026-04-04_18-28-30-979344_ho_Classical_seed0\model_weights.pth
INFO:src.utils.logger:It: 940, Loss: 1.926e-02, Loss_res: 2.746e-03,  Loss_bcs: 1.676e-04, Loss_ut_ics: 8.174e-05, Loss_norm: 2.409e-07, Loss_gauge: 0.000e+00, w_pde: 1.00e+00, L^2_error: 2.656e-02, lr: 1.000e-03, Time: 4.44e+01
INFO:src.utils.logger:Model state saved to results\ho\Classical\20260404-182822_seed0_pinn_pesosvf_2-64-64-64-2\checkpoints\2026-04-04_18-28-30-979344_ho_Classical_seed0\model.pth
INFO:src.utils.logger:Model weights saved to results\ho\Classical\20260404-182822_seed0_pinn_pesosvf_2-64-64-64-2\checkpoints\2026-04-04_18-28-30-979344_ho_Classical_seed0\model_weights.pth
INFO:src.utils.logger:It: 950, Loss: 1.894e-02, Loss_res: 2.592e-03,  Loss_bcs: 1.673e-04, Loss_ut_ics: 8.091e-05, Loss_norm: 2.480e-07, Loss_gauge: 0.000e+00, w_pde: 1.00e+00, L^2_error: 2.638e-02, lr: 1.000e-03, Time: 4.48e+01
INFO:src.utils.logger:Model state saved to results\ho\Classical\20260404-182822_seed0_pinn_pesosvf_2-64-64-64-2\checkpoints\2026-04-04_18-28-30-979344_ho_Classical_seed0\model.pth
INFO:src.utils.logger:Model weights saved to results\ho\Classical\20260404-182822_seed0_pinn_pesosvf_2-64-64-64-2\checkpoints\2026-04-04_18-28-30-979344_ho_Classical_seed0\model_weights.pth
INFO:src.utils.logger:It: 960, Loss: 1.879e-02, Loss_res: 2.585e-03,  Loss_bcs: 1.635e-04, Loss_ut_ics: 8.022e-05, Loss_norm: 3.270e-07, Loss_gauge: 0.000e+00, w_pde: 1.00e+00, L^2_error: 2.618e-02, lr: 1.000e-03, Time: 4.52e+01
INFO:src.utils.logger:Model state saved to results\ho\Classical\20260404-182822_seed0_pinn_pesosvf_2-64-64-64-2\checkpoints\2026-04-04_18-28-30-979344_ho_Classical_seed0\model.pth
INFO:src.utils.logger:Model weights saved to results\ho\Classical\20260404-182822_seed0_pinn_pesosvf_2-64-64-64-2\checkpoints\2026-04-04_18-28-30-979344_ho_Classical_seed0\model_weights.pth
INFO:src.utils.logger:It: 970, Loss: 1.852e-02, Loss_res: 2.415e-03,  Loss_bcs: 1.610e-04, Loss_ut_ics: 7.972e-05, Loss_norm: 2.109e-07, Loss_gauge: 0.000e+00, w_pde: 1.00e+00, L^2_error: 2.599e-02, lr: 1.000e-03, Time: 4.58e+01
INFO:src.utils.logger:Model state saved to results\ho\Classical\20260404-182822_seed0_pinn_pesosvf_2-64-64-64-2\checkpoints\2026-04-04_18-28-30-979344_ho_Classical_seed0\model.pth
INFO:src.utils.logger:Model weights saved to results\ho\Classical\20260404-182822_seed0_pinn_pesosvf_2-64-64-64-2\checkpoints\2026-04-04_18-28-30-979344_ho_Classical_seed0\model_weights.pth
INFO:src.utils.logger:It: 980, Loss: 1.854e-02, Loss_res: 2.616e-03,  Loss_bcs: 1.572e-04, Loss_ut_ics: 7.884e-05, Loss_norm: 2.563e-07, Loss_gauge: 0.000e+00, w_pde: 1.00e+00, L^2_error: 2.578e-02, lr: 1.000e-03, Time: 4.63e+01
INFO:src.utils.logger:Model state saved to results\ho\Classical\20260404-182822_seed0_pinn_pesosvf_2-64-64-64-2\checkpoints\2026-04-04_18-28-30-979344_ho_Classical_seed0\model.pth
INFO:src.utils.logger:Model weights saved to results\ho\Classical\20260404-182822_seed0_pinn_pesosvf_2-64-64-64-2\checkpoints\2026-04-04_18-28-30-979344_ho_Classical_seed0\model_weights.pth
INFO:src.utils.logger:It: 990, Loss: 1.812e-02, Loss_res: 2.344e-03,  Loss_bcs: 1.552e-04, Loss_ut_ics: 7.808e-05, Loss_norm: 2.058e-07, Loss_gauge: 0.000e+00, w_pde: 1.00e+00, L^2_error: 2.562e-02, lr: 1.000e-03, Time: 4.67e+01
INFO:src.utils.logger:Model state saved to results\ho\Classical\20260404-182822_seed0_pinn_pesosvf_2-64-64-64-2\checkpoints\2026-04-04_18-28-30-979344_ho_Classical_seed0\model.pth
INFO:src.utils.logger:Model weights saved to results\ho\Classical\20260404-182822_seed0_pinn_pesosvf_2-64-64-64-2\checkpoints\2026-04-04_18-28-30-979344_ho_Classical_seed0\model_weights.pth
INFO:src.utils.logger:It: 1000, Loss: 1.815e-02, Loss_res: 2.509e-03,  Loss_bcs: 1.504e-04, Loss_ut_ics: 7.746e-05, Loss_norm: 1.116e-07, Loss_gauge: 0.000e+00, w_pde: 1.00e+00, L^2_error: 2.538e-02, lr: 1.000e-03, Time: 4.72e+01
INFO:src.utils.logger:Model state saved to results\ho\Classical\20260404-182822_seed0_pinn_pesosvf_2-64-64-64-2\checkpoints\2026-04-04_18-28-30-979344_ho_Classical_seed0\model.pth
INFO:src.utils.logger:Model weights saved to results\ho\Classical\20260404-182822_seed0_pinn_pesosvf_2-64-64-64-2\checkpoints\2026-04-04_18-28-30-979344_ho_Classical_seed0\model_weights.pth
INFO:src.utils.logger:It: 1010, Loss: 1.802e-02, Loss_res: 2.540e-03,  Loss_bcs: 1.501e-04, Loss_ut_ics: 7.666e-05, Loss_norm: 2.749e-07, Loss_gauge: 0.000e+00, w_pde: 1.00e+00, L^2_error: 2.521e-02, lr: 1.000e-03, Time: 4.76e+01
INFO:src.utils.logger:Model state saved to results\ho\Classical\20260404-182822_seed0_pinn_pesosvf_2-64-64-64-2\checkpoints\2026-04-04_18-28-30-979344_ho_Classical_seed0\model.pth
INFO:src.utils.logger:Model weights saved to results\ho\Classical\20260404-182822_seed0_pinn_pesosvf_2-64-64-64-2\checkpoints\2026-04-04_18-28-30-979344_ho_Classical_seed0\model_weights.pth
INFO:src.utils.logger:It: 1020, Loss: 1.763e-02, Loss_res: 2.290e-03,  Loss_bcs: 1.479e-04, Loss_ut_ics: 7.598e-05, Loss_norm: 1.385e-07, Loss_gauge: 0.000e+00, w_pde: 1.00e+00, L^2_error: 2.507e-02, lr: 1.000e-03, Time: 4.82e+01
INFO:src.utils.logger:Model state saved to results\ho\Classical\20260404-182822_seed0_pinn_pesosvf_2-64-64-64-2\checkpoints\2026-04-04_18-28-30-979344_ho_Classical_seed0\model.pth
INFO:src.utils.logger:Model weights saved to results\ho\Classical\20260404-182822_seed0_pinn_pesosvf_2-64-64-64-2\checkpoints\2026-04-04_18-28-30-979344_ho_Classical_seed0\model_weights.pth
INFO:src.utils.logger:It: 1030, Loss: 1.752e-02, Loss_res: 2.303e-03,  Loss_bcs: 1.443e-04, Loss_ut_ics: 7.534e-05, Loss_norm: 1.718e-07, Loss_gauge: 0.000e+00, w_pde: 1.00e+00, L^2_error: 2.488e-02, lr: 1.000e-03, Time: 4.89e+01
INFO:src.utils.logger:Model state saved to results\ho\Classical\20260404-182822_seed0_pinn_pesosvf_2-64-64-64-2\checkpoints\2026-04-04_18-28-30-979344_ho_Classical_seed0\model.pth
INFO:src.utils.logger:Model weights saved to results\ho\Classical\20260404-182822_seed0_pinn_pesosvf_2-64-64-64-2\checkpoints\2026-04-04_18-28-30-979344_ho_Classical_seed0\model_weights.pth
INFO:src.utils.logger:It: 1040, Loss: 1.747e-02, Loss_res: 2.330e-03,  Loss_bcs: 1.411e-04, Loss_ut_ics: 7.499e-05, Loss_norm: 3.280e-07, Loss_gauge: 0.000e+00, w_pde: 1.00e+00, L^2_error: 2.487e-02, lr: 1.000e-03, Time: 4.94e+01
INFO:src.utils.logger:Model state saved to results\ho\Classical\20260404-182822_seed0_pinn_pesosvf_2-64-64-64-2\checkpoints\2026-04-04_18-28-30-979344_ho_Classical_seed0\model.pth
INFO:src.utils.logger:Model weights saved to results\ho\Classical\20260404-182822_seed0_pinn_pesosvf_2-64-64-64-2\checkpoints\2026-04-04_18-28-30-979344_ho_Classical_seed0\model_weights.pth
INFO:src.utils.logger:It: 1050, Loss: 1.711e-02, Loss_res: 2.189e-03,  Loss_bcs: 1.425e-04, Loss_ut_ics: 7.389e-05, Loss_norm: 1.758e-07, Loss_gauge: 0.000e+00, w_pde: 1.00e+00, L^2_error: 2.456e-02, lr: 1.000e-03, Time: 4.98e+01
INFO:src.utils.logger:Model state saved to results\ho\Classical\20260404-182822_seed0_pinn_pesosvf_2-64-64-64-2\checkpoints\2026-04-04_18-28-30-979344_ho_Classical_seed0\model.pth
INFO:src.utils.logger:Model weights saved to results\ho\Classical\20260404-182822_seed0_pinn_pesosvf_2-64-64-64-2\checkpoints\2026-04-04_18-28-30-979344_ho_Classical_seed0\model_weights.pth
INFO:src.utils.logger:It: 1060, Loss: 1.687e-02, Loss_res: 2.091e-03,  Loss_bcs: 1.378e-04, Loss_ut_ics: 7.319e-05, Loss_norm: 1.654e-07, Loss_gauge: 0.000e+00, w_pde: 1.00e+00, L^2_error: 2.440e-02, lr: 1.000e-03, Time: 5.02e+01
INFO:src.utils.logger:Model state saved to results\ho\Classical\20260404-182822_seed0_pinn_pesosvf_2-64-64-64-2\checkpoints\2026-04-04_18-28-30-979344_ho_Classical_seed0\model.pth
INFO:src.utils.logger:Model weights saved to results\ho\Classical\20260404-182822_seed0_pinn_pesosvf_2-64-64-64-2\checkpoints\2026-04-04_18-28-30-979344_ho_Classical_seed0\model_weights.pth
INFO:src.utils.logger:It: 1070, Loss: 1.865e-02, Loss_res: 2.436e-03,  Loss_bcs: 1.460e-04, Loss_ut_ics: 8.034e-05, Loss_norm: 1.041e-07, Loss_gauge: 0.000e+00, w_pde: 1.00e+00, L^2_error: 2.507e-02, lr: 1.000e-03, Time: 5.06e+01
INFO:src.utils.logger:Model state saved to results\ho\Classical\20260404-182822_seed0_pinn_pesosvf_2-64-64-64-2\checkpoints\2026-04-04_18-28-30-979344_ho_Classical_seed0\model.pth
INFO:src.utils.logger:Model weights saved to results\ho\Classical\20260404-182822_seed0_pinn_pesosvf_2-64-64-64-2\checkpoints\2026-04-04_18-28-30-979344_ho_Classical_seed0\model_weights.pth
INFO:src.utils.logger:It: 1080, Loss: 1.671e-02, Loss_res: 2.215e-03,  Loss_bcs: 1.331e-04, Loss_ut_ics: 7.179e-05, Loss_norm: 1.996e-07, Loss_gauge: 0.000e+00, w_pde: 1.00e+00, L^2_error: 2.444e-02, lr: 1.000e-03, Time: 5.11e+01
INFO:src.utils.logger:Model state saved to results\ho\Classical\20260404-182822_seed0_pinn_pesosvf_2-64-64-64-2\checkpoints\2026-04-04_18-28-30-979344_ho_Classical_seed0\model.pth
INFO:src.utils.logger:Model weights saved to results\ho\Classical\20260404-182822_seed0_pinn_pesosvf_2-64-64-64-2\checkpoints\2026-04-04_18-28-30-979344_ho_Classical_seed0\model_weights.pth
INFO:src.utils.logger:It: 1090, Loss: 1.652e-02, Loss_res: 2.172e-03,  Loss_bcs: 1.298e-04, Loss_ut_ics: 7.109e-05, Loss_norm: 1.055e-07, Loss_gauge: 0.000e+00, w_pde: 1.00e+00, L^2_error: 2.388e-02, lr: 1.000e-03, Time: 5.15e+01
INFO:src.utils.logger:Model state saved to results\ho\Classical\20260404-182822_seed0_pinn_pesosvf_2-64-64-64-2\checkpoints\2026-04-04_18-28-30-979344_ho_Classical_seed0\model.pth
INFO:src.utils.logger:Model weights saved to results\ho\Classical\20260404-182822_seed0_pinn_pesosvf_2-64-64-64-2\checkpoints\2026-04-04_18-28-30-979344_ho_Classical_seed0\model_weights.pth
INFO:src.utils.logger:It: 1100, Loss: 1.642e-02, Loss_res: 2.205e-03,  Loss_bcs: 1.292e-04, Loss_ut_ics: 7.045e-05, Loss_norm: 1.798e-07, Loss_gauge: 0.000e+00, w_pde: 1.00e+00, L^2_error: 2.399e-02, lr: 1.000e-03, Time: 5.19e+01
INFO:src.utils.logger:Model state saved to results\ho\Classical\20260404-182822_seed0_pinn_pesosvf_2-64-64-64-2\checkpoints\2026-04-04_18-28-30-979344_ho_Classical_seed0\model.pth
INFO:src.utils.logger:Model weights saved to results\ho\Classical\20260404-182822_seed0_pinn_pesosvf_2-64-64-64-2\checkpoints\2026-04-04_18-28-30-979344_ho_Classical_seed0\model_weights.pth
INFO:src.utils.logger:It: 1110, Loss: 1.611e-02, Loss_res: 2.035e-03,  Loss_bcs: 1.279e-04, Loss_ut_ics: 6.971e-05, Loss_norm: 2.192e-07, Loss_gauge: 0.000e+00, w_pde: 1.00e+00, L^2_error: 2.356e-02, lr: 1.000e-03, Time: 5.24e+01
INFO:src.utils.logger:Model state saved to results\ho\Classical\20260404-182822_seed0_pinn_pesosvf_2-64-64-64-2\checkpoints\2026-04-04_18-28-30-979344_ho_Classical_seed0\model.pth
INFO:src.utils.logger:Model weights saved to results\ho\Classical\20260404-182822_seed0_pinn_pesosvf_2-64-64-64-2\checkpoints\2026-04-04_18-28-30-979344_ho_Classical_seed0\model_weights.pth
INFO:src.utils.logger:It: 1120, Loss: 1.594e-02, Loss_res: 2.014e-03,  Loss_bcs: 1.241e-04, Loss_ut_ics: 6.901e-05, Loss_norm: 1.544e-07, Loss_gauge: 0.000e+00, w_pde: 1.00e+00, L^2_error: 2.353e-02, lr: 1.000e-03, Time: 5.28e+01
INFO:src.utils.logger:Model state saved to results\ho\Classical\20260404-182822_seed0_pinn_pesosvf_2-64-64-64-2\checkpoints\2026-04-04_18-28-30-979344_ho_Classical_seed0\model.pth
INFO:src.utils.logger:Model weights saved to results\ho\Classical\20260404-182822_seed0_pinn_pesosvf_2-64-64-64-2\checkpoints\2026-04-04_18-28-30-979344_ho_Classical_seed0\model_weights.pth
INFO:src.utils.logger:It: 1130, Loss: 1.592e-02, Loss_res: 2.055e-03,  Loss_bcs: 1.225e-04, Loss_ut_ics: 6.871e-05, Loss_norm: 1.215e-07, Loss_gauge: 0.000e+00, w_pde: 1.00e+00, L^2_error: 2.337e-02, lr: 1.000e-03, Time: 5.32e+01
INFO:src.utils.logger:Model state saved to results\ho\Classical\20260404-182822_seed0_pinn_pesosvf_2-64-64-64-2\checkpoints\2026-04-04_18-28-30-979344_ho_Classical_seed0\model.pth
INFO:src.utils.logger:Model weights saved to results\ho\Classical\20260404-182822_seed0_pinn_pesosvf_2-64-64-64-2\checkpoints\2026-04-04_18-28-30-979344_ho_Classical_seed0\model_weights.pth
INFO:src.utils.logger:It: 1140, Loss: 1.559e-02, Loss_res: 1.935e-03,  Loss_bcs: 1.179e-04, Loss_ut_ics: 6.766e-05, Loss_norm: 1.852e-07, Loss_gauge: 0.000e+00, w_pde: 1.00e+00, L^2_error: 2.321e-02, lr: 1.000e-03, Time: 5.36e+01
INFO:src.utils.logger:Model state saved to results\ho\Classical\20260404-182822_seed0_pinn_pesosvf_2-64-64-64-2\checkpoints\2026-04-04_18-28-30-979344_ho_Classical_seed0\model.pth
INFO:src.utils.logger:Model weights saved to results\ho\Classical\20260404-182822_seed0_pinn_pesosvf_2-64-64-64-2\checkpoints\2026-04-04_18-28-30-979344_ho_Classical_seed0\model_weights.pth
INFO:src.utils.logger:It: 1150, Loss: 1.584e-02, Loss_res: 1.945e-03,  Loss_bcs: 1.248e-04, Loss_ut_ics: 6.884e-05, Loss_norm: 5.556e-08, Loss_gauge: 0.000e+00, w_pde: 1.00e+00, L^2_error: 2.354e-02, lr: 1.000e-03, Time: 5.40e+01
INFO:src.utils.logger:Model state saved to results\ho\Classical\20260404-182822_seed0_pinn_pesosvf_2-64-64-64-2\checkpoints\2026-04-04_18-28-30-979344_ho_Classical_seed0\model.pth
INFO:src.utils.logger:Model weights saved to results\ho\Classical\20260404-182822_seed0_pinn_pesosvf_2-64-64-64-2\checkpoints\2026-04-04_18-28-30-979344_ho_Classical_seed0\model_weights.pth
INFO:src.utils.logger:It: 1160, Loss: 1.613e-02, Loss_res: 2.014e-03,  Loss_bcs: 1.251e-04, Loss_ut_ics: 6.996e-05, Loss_norm: 2.337e-07, Loss_gauge: 0.000e+00, w_pde: 1.00e+00, L^2_error: 2.388e-02, lr: 1.000e-03, Time: 5.45e+01
INFO:src.utils.logger:Model state saved to results\ho\Classical\20260404-182822_seed0_pinn_pesosvf_2-64-64-64-2\checkpoints\2026-04-04_18-28-30-979344_ho_Classical_seed0\model.pth
INFO:src.utils.logger:Model weights saved to results\ho\Classical\20260404-182822_seed0_pinn_pesosvf_2-64-64-64-2\checkpoints\2026-04-04_18-28-30-979344_ho_Classical_seed0\model_weights.pth
INFO:src.utils.logger:It: 1170, Loss: 2.425e-02, Loss_res: 1.903e-03,  Loss_bcs: 2.054e-04, Loss_ut_ics: 1.107e-04, Loss_norm: 6.467e-08, Loss_gauge: 0.000e+00, w_pde: 1.00e+00, L^2_error: 2.897e-02, lr: 1.000e-03, Time: 5.49e+01
INFO:src.utils.logger:Model state saved to results\ho\Classical\20260404-182822_seed0_pinn_pesosvf_2-64-64-64-2\checkpoints\2026-04-04_18-28-30-979344_ho_Classical_seed0\model.pth
INFO:src.utils.logger:Model weights saved to results\ho\Classical\20260404-182822_seed0_pinn_pesosvf_2-64-64-64-2\checkpoints\2026-04-04_18-28-30-979344_ho_Classical_seed0\model_weights.pth
INFO:src.utils.logger:It: 1180, Loss: 1.804e-02, Loss_res: 2.062e-03,  Loss_bcs: 1.367e-04, Loss_ut_ics: 7.922e-05, Loss_norm: 1.017e-07, Loss_gauge: 0.000e+00, w_pde: 1.00e+00, L^2_error: 2.418e-02, lr: 1.000e-03, Time: 5.53e+01
INFO:src.utils.logger:Model state saved to results\ho\Classical\20260404-182822_seed0_pinn_pesosvf_2-64-64-64-2\checkpoints\2026-04-04_18-28-30-979344_ho_Classical_seed0\model.pth
INFO:src.utils.logger:Model weights saved to results\ho\Classical\20260404-182822_seed0_pinn_pesosvf_2-64-64-64-2\checkpoints\2026-04-04_18-28-30-979344_ho_Classical_seed0\model_weights.pth
INFO:src.utils.logger:It: 1190, Loss: 1.650e-02, Loss_res: 2.041e-03,  Loss_bcs: 1.296e-04, Loss_ut_ics: 7.163e-05, Loss_norm: 2.397e-07, Loss_gauge: 0.000e+00, w_pde: 1.00e+00, L^2_error: 2.410e-02, lr: 1.000e-03, Time: 5.57e+01
INFO:src.utils.logger:Model state saved to results\ho\Classical\20260404-182822_seed0_pinn_pesosvf_2-64-64-64-2\checkpoints\2026-04-04_18-28-30-979344_ho_Classical_seed0\model.pth
INFO:src.utils.logger:Model weights saved to results\ho\Classical\20260404-182822_seed0_pinn_pesosvf_2-64-64-64-2\checkpoints\2026-04-04_18-28-30-979344_ho_Classical_seed0\model_weights.pth
INFO:src.utils.logger:It: 1200, Loss: 1.530e-02, Loss_res: 1.982e-03,  Loss_bcs: 1.090e-04, Loss_ut_ics: 6.605e-05, Loss_norm: 4.900e-08, Loss_gauge: 0.000e+00, w_pde: 1.00e+00, L^2_error: 2.250e-02, lr: 1.000e-03, Time: 5.61e+01
INFO:src.utils.logger:Model state saved to results\ho\Classical\20260404-182822_seed0_pinn_pesosvf_2-64-64-64-2\checkpoints\2026-04-04_18-28-30-979344_ho_Classical_seed0\model.pth
INFO:src.utils.logger:Model weights saved to results\ho\Classical\20260404-182822_seed0_pinn_pesosvf_2-64-64-64-2\checkpoints\2026-04-04_18-28-30-979344_ho_Classical_seed0\model_weights.pth
INFO:src.utils.logger:It: 1210, Loss: 1.460e-02, Loss_res: 1.882e-03,  Loss_bcs: 1.077e-04, Loss_ut_ics: 6.306e-05, Loss_norm: 2.130e-07, Loss_gauge: 0.000e+00, w_pde: 1.00e+00, L^2_error: 2.239e-02, lr: 1.000e-03, Time: 5.66e+01
INFO:src.utils.logger:Model state saved to results\ho\Classical\20260404-182822_seed0_pinn_pesosvf_2-64-64-64-2\checkpoints\2026-04-04_18-28-30-979344_ho_Classical_seed0\model.pth
INFO:src.utils.logger:Model weights saved to results\ho\Classical\20260404-182822_seed0_pinn_pesosvf_2-64-64-64-2\checkpoints\2026-04-04_18-28-30-979344_ho_Classical_seed0\model_weights.pth
INFO:src.utils.logger:It: 1220, Loss: 1.463e-02, Loss_res: 1.860e-03,  Loss_bcs: 1.086e-04, Loss_ut_ics: 6.329e-05, Loss_norm: 1.199e-07, Loss_gauge: 0.000e+00, w_pde: 1.00e+00, L^2_error: 2.253e-02, lr: 1.000e-03, Time: 5.71e+01
INFO:src.utils.logger:Model state saved to results\ho\Classical\20260404-182822_seed0_pinn_pesosvf_2-64-64-64-2\checkpoints\2026-04-04_18-28-30-979344_ho_Classical_seed0\model.pth
INFO:src.utils.logger:Model weights saved to results\ho\Classical\20260404-182822_seed0_pinn_pesosvf_2-64-64-64-2\checkpoints\2026-04-04_18-28-30-979344_ho_Classical_seed0\model_weights.pth
INFO:src.utils.logger:It: 1230, Loss: 1.430e-02, Loss_res: 1.853e-03,  Loss_bcs: 1.028e-04, Loss_ut_ics: 6.173e-05, Loss_norm: 1.340e-07, Loss_gauge: 0.000e+00, w_pde: 1.00e+00, L^2_error: 2.203e-02, lr: 1.000e-03, Time: 5.75e+01
INFO:src.utils.logger:Model state saved to results\ho\Classical\20260404-182822_seed0_pinn_pesosvf_2-64-64-64-2\checkpoints\2026-04-04_18-28-30-979344_ho_Classical_seed0\model.pth
INFO:src.utils.logger:Model weights saved to results\ho\Classical\20260404-182822_seed0_pinn_pesosvf_2-64-64-64-2\checkpoints\2026-04-04_18-28-30-979344_ho_Classical_seed0\model_weights.pth
INFO:src.utils.logger:It: 1240, Loss: 1.483e-02, Loss_res: 1.843e-03,  Loss_bcs: 1.057e-04, Loss_ut_ics: 6.439e-05, Loss_norm: 9.178e-08, Loss_gauge: 0.000e+00, w_pde: 1.00e+00, L^2_error: 2.211e-02, lr: 1.000e-03, Time: 5.79e+01
INFO:src.utils.logger:Model state saved to results\ho\Classical\20260404-182822_seed0_pinn_pesosvf_2-64-64-64-2\checkpoints\2026-04-04_18-28-30-979344_ho_Classical_seed0\model.pth
INFO:src.utils.logger:Model weights saved to results\ho\Classical\20260404-182822_seed0_pinn_pesosvf_2-64-64-64-2\checkpoints\2026-04-04_18-28-30-979344_ho_Classical_seed0\model_weights.pth
INFO:src.utils.logger:It: 1250, Loss: 1.557e-02, Loss_res: 1.913e-03,  Loss_bcs: 1.092e-04, Loss_ut_ics: 6.773e-05, Loss_norm: 6.931e-08, Loss_gauge: 0.000e+00, w_pde: 1.00e+00, L^2_error: 2.246e-02, lr: 1.000e-03, Time: 5.84e+01
INFO:src.utils.logger:Model state saved to results\ho\Classical\20260404-182822_seed0_pinn_pesosvf_2-64-64-64-2\checkpoints\2026-04-04_18-28-30-979344_ho_Classical_seed0\model.pth
INFO:src.utils.logger:Model weights saved to results\ho\Classical\20260404-182822_seed0_pinn_pesosvf_2-64-64-64-2\checkpoints\2026-04-04_18-28-30-979344_ho_Classical_seed0\model_weights.pth
INFO:src.utils.logger:It: 1260, Loss: 2.262e-02, Loss_res: 2.225e-03,  Loss_bcs: 1.674e-04, Loss_ut_ics: 1.011e-04, Loss_norm: 3.630e-09, Loss_gauge: 0.000e+00, w_pde: 1.00e+00, L^2_error: 2.614e-02, lr: 1.000e-03, Time: 5.87e+01
INFO:src.utils.logger:Model state saved to results\ho\Classical\20260404-182822_seed0_pinn_pesosvf_2-64-64-64-2\checkpoints\2026-04-04_18-28-30-979344_ho_Classical_seed0\model.pth
INFO:src.utils.logger:Model weights saved to results\ho\Classical\20260404-182822_seed0_pinn_pesosvf_2-64-64-64-2\checkpoints\2026-04-04_18-28-30-979344_ho_Classical_seed0\model_weights.pth
INFO:src.utils.logger:It: 1270, Loss: 1.565e-02, Loss_res: 1.789e-03,  Loss_bcs: 1.147e-04, Loss_ut_ics: 6.873e-05, Loss_norm: 2.369e-07, Loss_gauge: 0.000e+00, w_pde: 1.00e+00, L^2_error: 2.433e-02, lr: 1.000e-03, Time: 5.93e+01
INFO:src.utils.logger:Model state saved to results\ho\Classical\20260404-182822_seed0_pinn_pesosvf_2-64-64-64-2\checkpoints\2026-04-04_18-28-30-979344_ho_Classical_seed0\model.pth
INFO:src.utils.logger:Model weights saved to results\ho\Classical\20260404-182822_seed0_pinn_pesosvf_2-64-64-64-2\checkpoints\2026-04-04_18-28-30-979344_ho_Classical_seed0\model_weights.pth
INFO:src.utils.logger:It: 1280, Loss: 1.411e-02, Loss_res: 1.968e-03,  Loss_bcs: 9.577e-05, Loss_ut_ics: 6.023e-05, Loss_norm: 1.056e-07, Loss_gauge: 0.000e+00, w_pde: 1.00e+00, L^2_error: 2.173e-02, lr: 1.000e-03, Time: 5.97e+01
INFO:src.utils.logger:Model state saved to results\ho\Classical\20260404-182822_seed0_pinn_pesosvf_2-64-64-64-2\checkpoints\2026-04-04_18-28-30-979344_ho_Classical_seed0\model.pth
INFO:src.utils.logger:Model weights saved to results\ho\Classical\20260404-182822_seed0_pinn_pesosvf_2-64-64-64-2\checkpoints\2026-04-04_18-28-30-979344_ho_Classical_seed0\model_weights.pth
INFO:src.utils.logger:It: 1290, Loss: 1.345e-02, Loss_res: 1.741e-03,  Loss_bcs: 9.264e-05, Loss_ut_ics: 5.809e-05, Loss_norm: 1.475e-07, Loss_gauge: 0.000e+00, w_pde: 1.00e+00, L^2_error: 2.175e-02, lr: 1.000e-03, Time: 6.02e+01
INFO:src.utils.logger:Model state saved to results\ho\Classical\20260404-182822_seed0_pinn_pesosvf_2-64-64-64-2\checkpoints\2026-04-04_18-28-30-979344_ho_Classical_seed0\model.pth
INFO:src.utils.logger:Model weights saved to results\ho\Classical\20260404-182822_seed0_pinn_pesosvf_2-64-64-64-2\checkpoints\2026-04-04_18-28-30-979344_ho_Classical_seed0\model_weights.pth
INFO:src.utils.logger:It: 1300, Loss: 1.337e-02, Loss_res: 1.803e-03,  Loss_bcs: 8.908e-05, Loss_ut_ics: 5.738e-05, Loss_norm: 5.887e-08, Loss_gauge: 0.000e+00, w_pde: 1.00e+00, L^2_error: 2.130e-02, lr: 1.000e-03, Time: 6.06e+01
INFO:src.utils.logger:Model state saved to results\ho\Classical\20260404-182822_seed0_pinn_pesosvf_2-64-64-64-2\checkpoints\2026-04-04_18-28-30-979344_ho_Classical_seed0\model.pth
INFO:src.utils.logger:Model weights saved to results\ho\Classical\20260404-182822_seed0_pinn_pesosvf_2-64-64-64-2\checkpoints\2026-04-04_18-28-30-979344_ho_Classical_seed0\model_weights.pth
INFO:src.utils.logger:It: 1310, Loss: 1.373e-02, Loss_res: 1.777e-03,  Loss_bcs: 9.035e-05, Loss_ut_ics: 5.929e-05, Loss_norm: 1.274e-07, Loss_gauge: 0.000e+00, w_pde: 1.00e+00, L^2_error: 2.125e-02, lr: 1.000e-03, Time: 6.10e+01
INFO:src.utils.logger:Model state saved to results\ho\Classical\20260404-182822_seed0_pinn_pesosvf_2-64-64-64-2\checkpoints\2026-04-04_18-28-30-979344_ho_Classical_seed0\model.pth
INFO:src.utils.logger:Model weights saved to results\ho\Classical\20260404-182822_seed0_pinn_pesosvf_2-64-64-64-2\checkpoints\2026-04-04_18-28-30-979344_ho_Classical_seed0\model_weights.pth
INFO:src.utils.logger:It: 1320, Loss: 1.303e-02, Loss_res: 1.675e-03,  Loss_bcs: 8.868e-05, Loss_ut_ics: 5.632e-05, Loss_norm: 1.913e-07, Loss_gauge: 0.000e+00, w_pde: 1.00e+00, L^2_error: 2.141e-02, lr: 1.000e-03, Time: 6.13e+01
INFO:src.utils.logger:Model state saved to results\ho\Classical\20260404-182822_seed0_pinn_pesosvf_2-64-64-64-2\checkpoints\2026-04-04_18-28-30-979344_ho_Classical_seed0\model.pth
INFO:src.utils.logger:Model weights saved to results\ho\Classical\20260404-182822_seed0_pinn_pesosvf_2-64-64-64-2\checkpoints\2026-04-04_18-28-30-979344_ho_Classical_seed0\model_weights.pth
INFO:src.utils.logger:It: 1330, Loss: 1.472e-02, Loss_res: 1.617e-03,  Loss_bcs: 1.050e-04, Loss_ut_ics: 6.499e-05, Loss_norm: 2.925e-08, Loss_gauge: 0.000e+00, w_pde: 1.00e+00, L^2_error: 2.354e-02, lr: 1.000e-03, Time: 6.17e+01
INFO:src.utils.logger:Model state saved to results\ho\Classical\20260404-182822_seed0_pinn_pesosvf_2-64-64-64-2\checkpoints\2026-04-04_18-28-30-979344_ho_Classical_seed0\model.pth
INFO:src.utils.logger:Model weights saved to results\ho\Classical\20260404-182822_seed0_pinn_pesosvf_2-64-64-64-2\checkpoints\2026-04-04_18-28-30-979344_ho_Classical_seed0\model_weights.pth
INFO:src.utils.logger:It: 1340, Loss: 2.078e-02, Loss_res: 1.881e-03,  Loss_bcs: 1.627e-04, Loss_ut_ics: 9.365e-05, Loss_norm: 1.963e-07, Loss_gauge: 0.000e+00, w_pde: 1.00e+00, L^2_error: 2.555e-02, lr: 1.000e-03, Time: 6.23e+01
INFO:src.utils.logger:Model state saved to results\ho\Classical\20260404-182822_seed0_pinn_pesosvf_2-64-64-64-2\checkpoints\2026-04-04_18-28-30-979344_ho_Classical_seed0\model.pth
INFO:src.utils.logger:Model weights saved to results\ho\Classical\20260404-182822_seed0_pinn_pesosvf_2-64-64-64-2\checkpoints\2026-04-04_18-28-30-979344_ho_Classical_seed0\model_weights.pth
INFO:src.utils.logger:It: 1350, Loss: 1.461e-02, Loss_res: 1.830e-03,  Loss_bcs: 9.509e-05, Loss_ut_ics: 6.341e-05, Loss_norm: 2.546e-08, Loss_gauge: 0.000e+00, w_pde: 1.00e+00, L^2_error: 2.166e-02, lr: 1.000e-03, Time: 6.27e+01
INFO:src.utils.logger:Model state saved to results\ho\Classical\20260404-182822_seed0_pinn_pesosvf_2-64-64-64-2\checkpoints\2026-04-04_18-28-30-979344_ho_Classical_seed0\model.pth
INFO:src.utils.logger:Model weights saved to results\ho\Classical\20260404-182822_seed0_pinn_pesosvf_2-64-64-64-2\checkpoints\2026-04-04_18-28-30-979344_ho_Classical_seed0\model_weights.pth
INFO:src.utils.logger:It: 1360, Loss: 1.249e-02, Loss_res: 1.677e-03,  Loss_bcs: 8.032e-05, Loss_ut_ics: 5.368e-05, Loss_norm: 1.710e-07, Loss_gauge: 0.000e+00, w_pde: 1.00e+00, L^2_error: 2.088e-02, lr: 1.000e-03, Time: 6.34e+01
INFO:src.utils.logger:Model state saved to results\ho\Classical\20260404-182822_seed0_pinn_pesosvf_2-64-64-64-2\checkpoints\2026-04-04_18-28-30-979344_ho_Classical_seed0\model.pth
INFO:src.utils.logger:Model weights saved to results\ho\Classical\20260404-182822_seed0_pinn_pesosvf_2-64-64-64-2\checkpoints\2026-04-04_18-28-30-979344_ho_Classical_seed0\model_weights.pth
INFO:src.utils.logger:It: 1370, Loss: 1.270e-02, Loss_res: 1.676e-03,  Loss_bcs: 8.082e-05, Loss_ut_ics: 5.469e-05, Loss_norm: 1.491e-07, Loss_gauge: 0.000e+00, w_pde: 1.00e+00, L^2_error: 2.102e-02, lr: 1.000e-03, Time: 6.38e+01
INFO:src.utils.logger:Model state saved to results\ho\Classical\20260404-182822_seed0_pinn_pesosvf_2-64-64-64-2\checkpoints\2026-04-04_18-28-30-979344_ho_Classical_seed0\model.pth
INFO:src.utils.logger:Model weights saved to results\ho\Classical\20260404-182822_seed0_pinn_pesosvf_2-64-64-64-2\checkpoints\2026-04-04_18-28-30-979344_ho_Classical_seed0\model_weights.pth
INFO:src.utils.logger:It: 1380, Loss: 1.221e-02, Loss_res: 1.517e-03,  Loss_bcs: 7.904e-05, Loss_ut_ics: 5.307e-05, Loss_norm: 8.451e-08, Loss_gauge: 0.000e+00, w_pde: 1.00e+00, L^2_error: 2.074e-02, lr: 1.000e-03, Time: 6.43e+01
INFO:src.utils.logger:Model state saved to results\ho\Classical\20260404-182822_seed0_pinn_pesosvf_2-64-64-64-2\checkpoints\2026-04-04_18-28-30-979344_ho_Classical_seed0\model.pth
INFO:src.utils.logger:Model weights saved to results\ho\Classical\20260404-182822_seed0_pinn_pesosvf_2-64-64-64-2\checkpoints\2026-04-04_18-28-30-979344_ho_Classical_seed0\model_weights.pth
INFO:src.utils.logger:It: 1390, Loss: 1.284e-02, Loss_res: 1.522e-03,  Loss_bcs: 8.494e-05, Loss_ut_ics: 5.617e-05, Loss_norm: 1.920e-07, Loss_gauge: 0.000e+00, w_pde: 1.00e+00, L^2_error: 2.151e-02, lr: 1.000e-03, Time: 6.49e+01
INFO:src.utils.logger:Model state saved to results\ho\Classical\20260404-182822_seed0_pinn_pesosvf_2-64-64-64-2\checkpoints\2026-04-04_18-28-30-979344_ho_Classical_seed0\model.pth
INFO:src.utils.logger:Model weights saved to results\ho\Classical\20260404-182822_seed0_pinn_pesosvf_2-64-64-64-2\checkpoints\2026-04-04_18-28-30-979344_ho_Classical_seed0\model_weights.pth
INFO:src.utils.logger:It: 1400, Loss: 2.186e-02, Loss_res: 1.597e-03,  Loss_bcs: 1.703e-04, Loss_ut_ics: 1.004e-04, Loss_norm: 9.320e-10, Loss_gauge: 0.000e+00, w_pde: 1.00e+00, L^2_error: 2.859e-02, lr: 1.000e-03, Time: 6.55e+01
INFO:src.utils.logger:Model state saved to results\ho\Classical\20260404-182822_seed0_pinn_pesosvf_2-64-64-64-2\checkpoints\2026-04-04_18-28-30-979344_ho_Classical_seed0\model.pth
INFO:src.utils.logger:Model weights saved to results\ho\Classical\20260404-182822_seed0_pinn_pesosvf_2-64-64-64-2\checkpoints\2026-04-04_18-28-30-979344_ho_Classical_seed0\model_weights.pth
INFO:src.utils.logger:It: 1410, Loss: 1.242e-02, Loss_res: 1.432e-03,  Loss_bcs: 8.037e-05, Loss_ut_ics: 5.453e-05, Loss_norm: 2.320e-07, Loss_gauge: 0.000e+00, w_pde: 1.00e+00, L^2_error: 2.020e-02, lr: 1.000e-03, Time: 6.60e+01
INFO:src.utils.logger:Model state saved to results\ho\Classical\20260404-182822_seed0_pinn_pesosvf_2-64-64-64-2\checkpoints\2026-04-04_18-28-30-979344_ho_Classical_seed0\model.pth
INFO:src.utils.logger:Model weights saved to results\ho\Classical\20260404-182822_seed0_pinn_pesosvf_2-64-64-64-2\checkpoints\2026-04-04_18-28-30-979344_ho_Classical_seed0\model_weights.pth
INFO:src.utils.logger:It: 1420, Loss: 1.314e-02, Loss_res: 1.839e-03,  Loss_bcs: 7.810e-05, Loss_ut_ics: 5.610e-05, Loss_norm: 2.044e-08, Loss_gauge: 0.000e+00, w_pde: 1.00e+00, L^2_error: 2.006e-02, lr: 1.000e-03, Time: 6.64e+01
INFO:src.utils.logger:Model state saved to results\ho\Classical\20260404-182822_seed0_pinn_pesosvf_2-64-64-64-2\checkpoints\2026-04-04_18-28-30-979344_ho_Classical_seed0\model.pth
INFO:src.utils.logger:Model weights saved to results\ho\Classical\20260404-182822_seed0_pinn_pesosvf_2-64-64-64-2\checkpoints\2026-04-04_18-28-30-979344_ho_Classical_seed0\model_weights.pth
INFO:src.utils.logger:It: 1430, Loss: 1.207e-02, Loss_res: 1.487e-03,  Loss_bcs: 7.472e-05, Loss_ut_ics: 5.253e-05, Loss_norm: 4.564e-08, Loss_gauge: 0.000e+00, w_pde: 1.00e+00, L^2_error: 2.027e-02, lr: 1.000e-03, Time: 6.67e+01
INFO:src.utils.logger:Model state saved to results\ho\Classical\20260404-182822_seed0_pinn_pesosvf_2-64-64-64-2\checkpoints\2026-04-04_18-28-30-979344_ho_Classical_seed0\model.pth
INFO:src.utils.logger:Model weights saved to results\ho\Classical\20260404-182822_seed0_pinn_pesosvf_2-64-64-64-2\checkpoints\2026-04-04_18-28-30-979344_ho_Classical_seed0\model_weights.pth
INFO:src.utils.logger:It: 1440, Loss: 1.157e-02, Loss_res: 1.579e-03,  Loss_bcs: 6.677e-05, Loss_ut_ics: 4.963e-05, Loss_norm: 6.707e-08, Loss_gauge: 0.000e+00, w_pde: 1.00e+00, L^2_error: 1.988e-02, lr: 1.000e-03, Time: 6.72e+01
INFO:src.utils.logger:Model state saved to results\ho\Classical\20260404-182822_seed0_pinn_pesosvf_2-64-64-64-2\checkpoints\2026-04-04_18-28-30-979344_ho_Classical_seed0\model.pth
INFO:src.utils.logger:Model weights saved to results\ho\Classical\20260404-182822_seed0_pinn_pesosvf_2-64-64-64-2\checkpoints\2026-04-04_18-28-30-979344_ho_Classical_seed0\model_weights.pth
INFO:src.utils.logger:It: 1450, Loss: 1.170e-02, Loss_res: 1.553e-03,  Loss_bcs: 7.002e-05, Loss_ut_ics: 5.040e-05, Loss_norm: 4.872e-08, Loss_gauge: 0.000e+00, w_pde: 1.00e+00, L^2_error: 2.039e-02, lr: 1.000e-03, Time: 6.76e+01
INFO:src.utils.logger:Model state saved to results\ho\Classical\20260404-182822_seed0_pinn_pesosvf_2-64-64-64-2\checkpoints\2026-04-04_18-28-30-979344_ho_Classical_seed0\model.pth
INFO:src.utils.logger:Model weights saved to results\ho\Classical\20260404-182822_seed0_pinn_pesosvf_2-64-64-64-2\checkpoints\2026-04-04_18-28-30-979344_ho_Classical_seed0\model_weights.pth
INFO:src.utils.logger:It: 1460, Loss: 1.117e-02, Loss_res: 1.522e-03,  Loss_bcs: 6.476e-05, Loss_ut_ics: 4.790e-05, Loss_norm: 1.075e-07, Loss_gauge: 0.000e+00, w_pde: 1.00e+00, L^2_error: 1.966e-02, lr: 1.000e-03, Time: 6.80e+01
INFO:src.utils.logger:Model state saved to results\ho\Classical\20260404-182822_seed0_pinn_pesosvf_2-64-64-64-2\checkpoints\2026-04-04_18-28-30-979344_ho_Classical_seed0\model.pth
INFO:src.utils.logger:Model weights saved to results\ho\Classical\20260404-182822_seed0_pinn_pesosvf_2-64-64-64-2\checkpoints\2026-04-04_18-28-30-979344_ho_Classical_seed0\model_weights.pth
INFO:src.utils.logger:It: 1470, Loss: 1.107e-02, Loss_res: 1.515e-03,  Loss_bcs: 6.250e-05, Loss_ut_ics: 4.747e-05, Loss_norm: 6.541e-08, Loss_gauge: 0.000e+00, w_pde: 1.00e+00, L^2_error: 1.955e-02, lr: 1.000e-03, Time: 6.83e+01
INFO:src.utils.logger:Model state saved to results\ho\Classical\20260404-182822_seed0_pinn_pesosvf_2-64-64-64-2\checkpoints\2026-04-04_18-28-30-979344_ho_Classical_seed0\model.pth
INFO:src.utils.logger:Model weights saved to results\ho\Classical\20260404-182822_seed0_pinn_pesosvf_2-64-64-64-2\checkpoints\2026-04-04_18-28-30-979344_ho_Classical_seed0\model_weights.pth
INFO:src.utils.logger:It: 1480, Loss: 1.136e-02, Loss_res: 1.551e-03,  Loss_bcs: 6.447e-05, Loss_ut_ics: 4.873e-05, Loss_norm: 1.819e-07, Loss_gauge: 0.000e+00, w_pde: 1.00e+00, L^2_error: 1.967e-02, lr: 1.000e-03, Time: 6.87e+01
INFO:src.utils.logger:Model state saved to results\ho\Classical\20260404-182822_seed0_pinn_pesosvf_2-64-64-64-2\checkpoints\2026-04-04_18-28-30-979344_ho_Classical_seed0\model.pth
INFO:src.utils.logger:Model weights saved to results\ho\Classical\20260404-182822_seed0_pinn_pesosvf_2-64-64-64-2\checkpoints\2026-04-04_18-28-30-979344_ho_Classical_seed0\model_weights.pth
INFO:src.utils.logger:It: 1490, Loss: 2.658e-02, Loss_res: 2.255e-03,  Loss_bcs: 1.850e-04, Loss_ut_ics: 1.207e-04, Loss_norm: 2.390e-09, Loss_gauge: 0.000e+00, w_pde: 1.00e+00, L^2_error: 2.979e-02, lr: 1.000e-03, Time: 6.91e+01
INFO:src.utils.logger:Model state saved to results\ho\Classical\20260404-182822_seed0_pinn_pesosvf_2-64-64-64-2\checkpoints\2026-04-04_18-28-30-979344_ho_Classical_seed0\model.pth
INFO:src.utils.logger:Model weights saved to results\ho\Classical\20260404-182822_seed0_pinn_pesosvf_2-64-64-64-2\checkpoints\2026-04-04_18-28-30-979344_ho_Classical_seed0\model_weights.pth
INFO:src.utils.logger:It: 1500, Loss: 1.176e-02, Loss_res: 1.462e-03,  Loss_bcs: 7.020e-05, Loss_ut_ics: 5.113e-05, Loss_norm: 7.510e-08, Loss_gauge: 0.000e+00, w_pde: 1.00e+00, L^2_error: 2.305e-02, lr: 1.000e-03, Time: 6.95e+01
INFO:src.utils.logger:Model state saved to results\ho\Classical\20260404-182822_seed0_pinn_pesosvf_2-64-64-64-2\checkpoints\2026-04-04_18-28-30-979344_ho_Classical_seed0\model.pth
INFO:src.utils.logger:Model weights saved to results\ho\Classical\20260404-182822_seed0_pinn_pesosvf_2-64-64-64-2\checkpoints\2026-04-04_18-28-30-979344_ho_Classical_seed0\model_weights.pth
