Using DV Solver
The settings used:
batch_size : 64
epochs : 2000
lr : 0.001
seed : 42
print_every : 10
log_path : ./results/models/checkpoints/schrodinger/qho
input_dim : 2
output_dim : 2
num_qubits : 5
hidden_dim : 1
num_quantum_layers : 1
classic_network : [2, 1, 2]
q_ansatz : sim_circ_15
mode : hybrid
activation : null
shots : None
problem : schrodinger
solver : DV
device : cpu
method : None
cutoff_dim : 20
class : CVNeuralNetwork2
encoding : None
eq_params : {'example': 'ho', 'L': 5.0, 'T': 0.1, 'hbar': 1.0, 'mass': 1.0, 'n_level': 0, 'omega': 1.0, 'potential_fn': 'lambda t, x : 0.5 * 1.0 * (1.0**2) * (x**2)'}
Total number of parameters: 33
The circuit used in the study:
It: 1, Loss: 1.899e+02, Loss_res: 9.080e+01,  Loss_bcs: 2.961e+00, Loss_ut_ics: 2.660e+00, lr: 1.000e-03, Time: 2.44e+00
Model state saved to ./results/models/checkpoints/schrodinger/qho/2025-08-29_05-20-59-586279/model.pth
Model state saved to ./results/models/checkpoints/schrodinger/qho/2025-08-29_05-20-59-586279/model_weights.pth
It: 10, Loss: 1.704e+02, Loss_res: 8.155e+01,  Loss_bcs: 2.807e+00, Loss_ut_ics: 2.231e+00, lr: 1.000e-03, Time: 1.79e+01
Model state saved to ./results/models/checkpoints/schrodinger/qho/2025-08-29_05-20-59-586279/model.pth
Model state saved to ./results/models/checkpoints/schrodinger/qho/2025-08-29_05-20-59-586279/model_weights.pth
It: 20, Loss: 1.718e+02, Loss_res: 8.279e+01,  Loss_bcs: 2.641e+00, Loss_ut_ics: 1.802e+00, lr: 1.000e-03, Time: 3.58e+01
Model state saved to ./results/models/checkpoints/schrodinger/qho/2025-08-29_05-20-59-586279/model.pth
Model state saved to ./results/models/checkpoints/schrodinger/qho/2025-08-29_05-20-59-586279/model_weights.pth
It: 30, Loss: 1.035e+02, Loss_res: 4.821e+01,  Loss_bcs: 2.471e+00, Loss_ut_ics: 2.319e+00, lr: 1.000e-03, Time: 5.36e+01
Model state saved to ./results/models/checkpoints/schrodinger/qho/2025-08-29_05-20-59-586279/model.pth
Model state saved to ./results/models/checkpoints/schrodinger/qho/2025-08-29_05-20-59-586279/model_weights.pth
It: 40, Loss: 8.708e+01, Loss_res: 4.037e+01,  Loss_bcs: 2.311e+00, Loss_ut_ics: 2.012e+00, lr: 1.000e-03, Time: 7.10e+01
Model state saved to ./results/models/checkpoints/schrodinger/qho/2025-08-29_05-20-59-586279/model.pth
Model state saved to ./results/models/checkpoints/schrodinger/qho/2025-08-29_05-20-59-586279/model_weights.pth
It: 50, Loss: 9.957e+01, Loss_res: 4.710e+01,  Loss_bcs: 2.154e+00, Loss_ut_ics: 1.607e+00, lr: 1.000e-03, Time: 8.86e+01
Model state saved to ./results/models/checkpoints/schrodinger/qho/2025-08-29_05-20-59-586279/model.pth
Model state saved to ./results/models/checkpoints/schrodinger/qho/2025-08-29_05-20-59-586279/model_weights.pth
It: 60, Loss: 8.317e+01, Loss_res: 3.882e+01,  Loss_bcs: 1.987e+00, Loss_ut_ics: 1.770e+00, lr: 1.000e-03, Time: 1.06e+02
Model state saved to ./results/models/checkpoints/schrodinger/qho/2025-08-29_05-20-59-586279/model.pth
Model state saved to ./results/models/checkpoints/schrodinger/qho/2025-08-29_05-20-59-586279/model_weights.pth
It: 70, Loss: 1.232e+02, Loss_res: 5.927e+01,  Loss_bcs: 1.834e+00, Loss_ut_ics: 1.423e+00, lr: 1.000e-03, Time: 1.23e+02
Model state saved to ./results/models/checkpoints/schrodinger/qho/2025-08-29_05-20-59-586279/model.pth
Model state saved to ./results/models/checkpoints/schrodinger/qho/2025-08-29_05-20-59-586279/model_weights.pth
It: 80, Loss: 7.140e+01, Loss_res: 3.373e+01,  Loss_bcs: 1.664e+00, Loss_ut_ics: 1.143e+00, lr: 1.000e-03, Time: 1.41e+02
Model state saved to ./results/models/checkpoints/schrodinger/qho/2025-08-29_05-20-59-586279/model.pth
Model state saved to ./results/models/checkpoints/schrodinger/qho/2025-08-29_05-20-59-586279/model_weights.pth
It: 90, Loss: 1.177e+02, Loss_res: 5.698e+01,  Loss_bcs: 1.499e+00, Loss_ut_ics: 1.115e+00, lr: 1.000e-03, Time: 1.60e+02
Model state saved to ./results/models/checkpoints/schrodinger/qho/2025-08-29_05-20-59-586279/model.pth
Model state saved to ./results/models/checkpoints/schrodinger/qho/2025-08-29_05-20-59-586279/model_weights.pth
It: 100, Loss: 1.704e+02, Loss_res: 8.347e+01,  Loss_bcs: 1.331e+00, Loss_ut_ics: 1.053e+00, lr: 1.000e-03, Time: 1.78e+02
Model state saved to ./results/models/checkpoints/schrodinger/qho/2025-08-29_05-20-59-586279/model.pth
Model state saved to ./results/models/checkpoints/schrodinger/qho/2025-08-29_05-20-59-586279/model_weights.pth
It: 110, Loss: 7.596e+01, Loss_res: 3.636e+01,  Loss_bcs: 1.161e+00, Loss_ut_ics: 1.037e+00, lr: 1.000e-03, Time: 1.97e+02
Model state saved to ./results/models/checkpoints/schrodinger/qho/2025-08-29_05-20-59-586279/model.pth
Model state saved to ./results/models/checkpoints/schrodinger/qho/2025-08-29_05-20-59-586279/model_weights.pth
It: 120, Loss: 7.811e+01, Loss_res: 3.758e+01,  Loss_bcs: 1.017e+00, Loss_ut_ics: 9.732e-01, lr: 1.000e-03, Time: 2.13e+02
Model state saved to ./results/models/checkpoints/schrodinger/qho/2025-08-29_05-20-59-586279/model.pth
Model state saved to ./results/models/checkpoints/schrodinger/qho/2025-08-29_05-20-59-586279/model_weights.pth
It: 130, Loss: 6.085e+01, Loss_res: 2.925e+01,  Loss_bcs: 8.882e-01, Loss_ut_ics: 7.308e-01, lr: 1.000e-03, Time: 2.29e+02
Model state saved to ./results/models/checkpoints/schrodinger/qho/2025-08-29_05-20-59-586279/model.pth
Model state saved to ./results/models/checkpoints/schrodinger/qho/2025-08-29_05-20-59-586279/model_weights.pth
It: 140, Loss: 5.710e+01, Loss_res: 2.745e+01,  Loss_bcs: 7.762e-01, Loss_ut_ics: 7.112e-01, lr: 1.000e-03, Time: 2.45e+02
Model state saved to ./results/models/checkpoints/schrodinger/qho/2025-08-29_05-20-59-586279/model.pth
Model state saved to ./results/models/checkpoints/schrodinger/qho/2025-08-29_05-20-59-586279/model_weights.pth
It: 150, Loss: 3.603e+01, Loss_res: 1.728e+01,  Loss_bcs: 6.777e-01, Loss_ut_ics: 3.996e-01, lr: 1.000e-03, Time: 2.61e+02
Model state saved to ./results/models/checkpoints/schrodinger/qho/2025-08-29_05-20-59-586279/model.pth
Model state saved to ./results/models/checkpoints/schrodinger/qho/2025-08-29_05-20-59-586279/model_weights.pth
It: 160, Loss: 4.580e+01, Loss_res: 2.234e+01,  Loss_bcs: 5.909e-01, Loss_ut_ics: 2.611e-01, lr: 1.000e-03, Time: 2.78e+02
Model state saved to ./results/models/checkpoints/schrodinger/qho/2025-08-29_05-20-59-586279/model.pth
Model state saved to ./results/models/checkpoints/schrodinger/qho/2025-08-29_05-20-59-586279/model_weights.pth
It: 170, Loss: 1.801e+01, Loss_res: 8.559e+00,  Loss_bcs: 5.142e-01, Loss_ut_ics: 1.907e-01, lr: 1.000e-03, Time: 2.94e+02
Model state saved to ./results/models/checkpoints/schrodinger/qho/2025-08-29_05-20-59-586279/model.pth
Model state saved to ./results/models/checkpoints/schrodinger/qho/2025-08-29_05-20-59-586279/model_weights.pth
It: 180, Loss: 3.349e+01, Loss_res: 1.626e+01,  Loss_bcs: 4.498e-01, Loss_ut_ics: 2.630e-01, lr: 1.000e-03, Time: 3.10e+02
Model state saved to ./results/models/checkpoints/schrodinger/qho/2025-08-29_05-20-59-586279/model.pth
Model state saved to ./results/models/checkpoints/schrodinger/qho/2025-08-29_05-20-59-586279/model_weights.pth
It: 190, Loss: 4.084e+01, Loss_res: 1.994e+01,  Loss_bcs: 3.918e-01, Loss_ut_ics: 2.908e-01, lr: 1.000e-03, Time: 3.26e+02
Model state saved to ./results/models/checkpoints/schrodinger/qho/2025-08-29_05-20-59-586279/model.pth
Model state saved to ./results/models/checkpoints/schrodinger/qho/2025-08-29_05-20-59-586279/model_weights.pth
It: 200, Loss: 2.773e+01, Loss_res: 1.349e+01,  Loss_bcs: 3.418e-01, Loss_ut_ics: 2.091e-01, lr: 1.000e-03, Time: 3.42e+02
Model state saved to ./results/models/checkpoints/schrodinger/qho/2025-08-29_05-20-59-586279/model.pth
Model state saved to ./results/models/checkpoints/schrodinger/qho/2025-08-29_05-20-59-586279/model_weights.pth
It: 210, Loss: 1.958e+01, Loss_res: 9.541e+00,  Loss_bcs: 3.000e-01, Loss_ut_ics: 9.721e-02, lr: 1.000e-03, Time: 3.59e+02
Model state saved to ./results/models/checkpoints/schrodinger/qho/2025-08-29_05-20-59-586279/model.pth
Model state saved to ./results/models/checkpoints/schrodinger/qho/2025-08-29_05-20-59-586279/model_weights.pth
It: 220, Loss: 9.705e+00, Loss_res: 4.528e+00,  Loss_bcs: 2.631e-01, Loss_ut_ics: 1.934e-01, lr: 1.000e-03, Time: 3.75e+02
Model state saved to ./results/models/checkpoints/schrodinger/qho/2025-08-29_05-20-59-586279/model.pth
Model state saved to ./results/models/checkpoints/schrodinger/qho/2025-08-29_05-20-59-586279/model_weights.pth
It: 230, Loss: 2.557e+01, Loss_res: 1.250e+01,  Loss_bcs: 2.343e-01, Loss_ut_ics: 1.650e-01, lr: 1.000e-03, Time: 3.91e+02
Model state saved to ./results/models/checkpoints/schrodinger/qho/2025-08-29_05-20-59-586279/model.pth
Model state saved to ./results/models/checkpoints/schrodinger/qho/2025-08-29_05-20-59-586279/model_weights.pth
It: 240, Loss: 5.395e+00, Loss_res: 2.406e+00,  Loss_bcs: 2.080e-01, Loss_ut_ics: 1.871e-01, lr: 1.000e-03, Time: 4.07e+02
Model state saved to ./results/models/checkpoints/schrodinger/qho/2025-08-29_05-20-59-586279/model.pth
Model state saved to ./results/models/checkpoints/schrodinger/qho/2025-08-29_05-20-59-586279/model_weights.pth
It: 250, Loss: 9.831e+00, Loss_res: 4.749e+00,  Loss_bcs: 1.874e-01, Loss_ut_ics: 7.318e-02, lr: 1.000e-03, Time: 4.23e+02
Model state saved to ./results/models/checkpoints/schrodinger/qho/2025-08-29_05-20-59-586279/model.pth
Model state saved to ./results/models/checkpoints/schrodinger/qho/2025-08-29_05-20-59-586279/model_weights.pth
It: 260, Loss: 1.120e+01, Loss_res: 5.374e+00,  Loss_bcs: 1.704e-01, Loss_ut_ics: 1.406e-01, lr: 1.000e-03, Time: 4.40e+02
Model state saved to ./results/models/checkpoints/schrodinger/qho/2025-08-29_05-20-59-586279/model.pth
Model state saved to ./results/models/checkpoints/schrodinger/qho/2025-08-29_05-20-59-586279/model_weights.pth
It: 270, Loss: 1.120e+01, Loss_res: 5.455e+00,  Loss_bcs: 1.560e-01, Loss_ut_ics: 6.957e-02, lr: 1.000e-03, Time: 4.56e+02
Model state saved to ./results/models/checkpoints/schrodinger/qho/2025-08-29_05-20-59-586279/model.pth
Model state saved to ./results/models/checkpoints/schrodinger/qho/2025-08-29_05-20-59-586279/model_weights.pth
It: 280, Loss: 6.017e+00, Loss_res: 2.836e+00,  Loss_bcs: 1.425e-01, Loss_ut_ics: 1.009e-01, lr: 1.000e-03, Time: 4.72e+02
Model state saved to ./results/models/checkpoints/schrodinger/qho/2025-08-29_05-20-59-586279/model.pth
Model state saved to ./results/models/checkpoints/schrodinger/qho/2025-08-29_05-20-59-586279/model_weights.pth
It: 290, Loss: 8.856e+00, Loss_res: 4.266e+00,  Loss_bcs: 1.310e-01, Loss_ut_ics: 9.647e-02, lr: 1.000e-03, Time: 4.88e+02
Model state saved to ./results/models/checkpoints/schrodinger/qho/2025-08-29_05-20-59-586279/model.pth
Model state saved to ./results/models/checkpoints/schrodinger/qho/2025-08-29_05-20-59-586279/model_weights.pth
It: 300, Loss: 5.726e+00, Loss_res: 2.704e+00,  Loss_bcs: 1.211e-01, Loss_ut_ics: 9.896e-02, lr: 1.000e-03, Time: 5.04e+02
Model state saved to ./results/models/checkpoints/schrodinger/qho/2025-08-29_05-20-59-586279/model.pth
Model state saved to ./results/models/checkpoints/schrodinger/qho/2025-08-29_05-20-59-586279/model_weights.pth
It: 310, Loss: 4.522e+00, Loss_res: 2.095e+00,  Loss_bcs: 1.123e-01, Loss_ut_ics: 1.094e-01, lr: 1.000e-03, Time: 5.20e+02
Model state saved to ./results/models/checkpoints/schrodinger/qho/2025-08-29_05-20-59-586279/model.pth
Model state saved to ./results/models/checkpoints/schrodinger/qho/2025-08-29_05-20-59-586279/model_weights.pth
It: 320, Loss: 6.905e+00, Loss_res: 3.313e+00,  Loss_bcs: 1.044e-01, Loss_ut_ics: 8.760e-02, lr: 1.000e-03, Time: 5.36e+02
Model state saved to ./results/models/checkpoints/schrodinger/qho/2025-08-29_05-20-59-586279/model.pth
Model state saved to ./results/models/checkpoints/schrodinger/qho/2025-08-29_05-20-59-586279/model_weights.pth
It: 330, Loss: 1.028e+01, Loss_res: 5.007e+00,  Loss_bcs: 9.726e-02, Loss_ut_ics: 8.487e-02, lr: 1.000e-03, Time: 5.53e+02
Model state saved to ./results/models/checkpoints/schrodinger/qho/2025-08-29_05-20-59-586279/model.pth
Model state saved to ./results/models/checkpoints/schrodinger/qho/2025-08-29_05-20-59-586279/model_weights.pth
It: 340, Loss: 7.051e+00, Loss_res: 3.391e+00,  Loss_bcs: 9.042e-02, Loss_ut_ics: 8.920e-02, lr: 1.000e-03, Time: 5.69e+02
Model state saved to ./results/models/checkpoints/schrodinger/qho/2025-08-29_05-20-59-586279/model.pth
Model state saved to ./results/models/checkpoints/schrodinger/qho/2025-08-29_05-20-59-586279/model_weights.pth
It: 350, Loss: 6.857e+00, Loss_res: 3.299e+00,  Loss_bcs: 8.446e-02, Loss_ut_ics: 8.754e-02, lr: 1.000e-03, Time: 5.85e+02
Model state saved to ./results/models/checkpoints/schrodinger/qho/2025-08-29_05-20-59-586279/model.pth
Model state saved to ./results/models/checkpoints/schrodinger/qho/2025-08-29_05-20-59-586279/model_weights.pth
It: 360, Loss: 6.377e+00, Loss_res: 3.086e+00,  Loss_bcs: 7.902e-02, Loss_ut_ics: 6.316e-02, lr: 1.000e-03, Time: 6.01e+02
Model state saved to ./results/models/checkpoints/schrodinger/qho/2025-08-29_05-20-59-586279/model.pth
Model state saved to ./results/models/checkpoints/schrodinger/qho/2025-08-29_05-20-59-586279/model_weights.pth
It: 370, Loss: 5.731e+00, Loss_res: 2.760e+00,  Loss_bcs: 7.408e-02, Loss_ut_ics: 6.874e-02, lr: 1.000e-03, Time: 6.17e+02
Model state saved to ./results/models/checkpoints/schrodinger/qho/2025-08-29_05-20-59-586279/model.pth
Model state saved to ./results/models/checkpoints/schrodinger/qho/2025-08-29_05-20-59-586279/model_weights.pth
It: 380, Loss: 4.446e+00, Loss_res: 2.123e+00,  Loss_bcs: 6.919e-02, Loss_ut_ics: 6.555e-02, lr: 1.000e-03, Time: 6.33e+02
Model state saved to ./results/models/checkpoints/schrodinger/qho/2025-08-29_05-20-59-586279/model.pth
Model state saved to ./results/models/checkpoints/schrodinger/qho/2025-08-29_05-20-59-586279/model_weights.pth
It: 390, Loss: 4.592e+00, Loss_res: 2.183e+00,  Loss_bcs: 6.508e-02, Loss_ut_ics: 8.080e-02, lr: 1.000e-03, Time: 6.49e+02
Model state saved to ./results/models/checkpoints/schrodinger/qho/2025-08-29_05-20-59-586279/model.pth
Model state saved to ./results/models/checkpoints/schrodinger/qho/2025-08-29_05-20-59-586279/model_weights.pth
It: 400, Loss: 3.667e+00, Loss_res: 1.705e+00,  Loss_bcs: 6.144e-02, Loss_ut_ics: 9.806e-02, lr: 1.000e-03, Time: 6.66e+02
Model state saved to ./results/models/checkpoints/schrodinger/qho/2025-08-29_05-20-59-586279/model.pth
Model state saved to ./results/models/checkpoints/schrodinger/qho/2025-08-29_05-20-59-586279/model_weights.pth
It: 410, Loss: 2.784e+00, Loss_res: 1.278e+00,  Loss_bcs: 5.812e-02, Loss_ut_ics: 8.472e-02, lr: 1.000e-03, Time: 6.82e+02
Model state saved to ./results/models/checkpoints/schrodinger/qho/2025-08-29_05-20-59-586279/model.pth
Model state saved to ./results/models/checkpoints/schrodinger/qho/2025-08-29_05-20-59-586279/model_weights.pth
It: 420, Loss: 3.668e+00, Loss_res: 1.746e+00,  Loss_bcs: 5.506e-02, Loss_ut_ics: 6.078e-02, lr: 1.000e-03, Time: 6.98e+02
Model state saved to ./results/models/checkpoints/schrodinger/qho/2025-08-29_05-20-59-586279/model.pth
Model state saved to ./results/models/checkpoints/schrodinger/qho/2025-08-29_05-20-59-586279/model_weights.pth
It: 430, Loss: 3.216e+00, Loss_res: 1.495e+00,  Loss_bcs: 5.227e-02, Loss_ut_ics: 8.728e-02, lr: 1.000e-03, Time: 7.14e+02
Model state saved to ./results/models/checkpoints/schrodinger/qho/2025-08-29_05-20-59-586279/model.pth
Model state saved to ./results/models/checkpoints/schrodinger/qho/2025-08-29_05-20-59-586279/model_weights.pth
It: 440, Loss: 4.569e+00, Loss_res: 2.152e+00,  Loss_bcs: 4.940e-02, Loss_ut_ics: 1.078e-01, lr: 1.000e-03, Time: 7.30e+02
Model state saved to ./results/models/checkpoints/schrodinger/qho/2025-08-29_05-20-59-586279/model.pth
Model state saved to ./results/models/checkpoints/schrodinger/qho/2025-08-29_05-20-59-586279/model_weights.pth
It: 450, Loss: 3.079e+00, Loss_res: 1.401e+00,  Loss_bcs: 4.664e-02, Loss_ut_ics: 1.153e-01, lr: 1.000e-03, Time: 7.46e+02
Model state saved to ./results/models/checkpoints/schrodinger/qho/2025-08-29_05-20-59-586279/model.pth
Model state saved to ./results/models/checkpoints/schrodinger/qho/2025-08-29_05-20-59-586279/model_weights.pth
It: 460, Loss: 3.960e+00, Loss_res: 1.866e+00,  Loss_bcs: 4.402e-02, Loss_ut_ics: 9.186e-02, lr: 1.000e-03, Time: 7.62e+02
Model state saved to ./results/models/checkpoints/schrodinger/qho/2025-08-29_05-20-59-586279/model.pth
Model state saved to ./results/models/checkpoints/schrodinger/qho/2025-08-29_05-20-59-586279/model_weights.pth
It: 470, Loss: 2.513e+00, Loss_res: 1.101e+00,  Loss_bcs: 4.137e-02, Loss_ut_ics: 1.350e-01, lr: 1.000e-03, Time: 7.79e+02
Model state saved to ./results/models/checkpoints/schrodinger/qho/2025-08-29_05-20-59-586279/model.pth
Model state saved to ./results/models/checkpoints/schrodinger/qho/2025-08-29_05-20-59-586279/model_weights.pth
It: 480, Loss: 1.935e+00, Loss_res: 8.643e-01,  Loss_bcs: 3.893e-02, Loss_ut_ics: 8.390e-02, lr: 1.000e-03, Time: 7.96e+02
Model state saved to ./results/models/checkpoints/schrodinger/qho/2025-08-29_05-20-59-586279/model.pth
Model state saved to ./results/models/checkpoints/schrodinger/qho/2025-08-29_05-20-59-586279/model_weights.pth
It: 490, Loss: 2.900e+00, Loss_res: 1.401e+00,  Loss_bcs: 3.655e-02, Loss_ut_ics: 3.123e-02, lr: 1.000e-03, Time: 8.13e+02
Model state saved to ./results/models/checkpoints/schrodinger/qho/2025-08-29_05-20-59-586279/model.pth
Model state saved to ./results/models/checkpoints/schrodinger/qho/2025-08-29_05-20-59-586279/model_weights.pth
It: 500, Loss: 5.157e+00, Loss_res: 2.530e+00,  Loss_bcs: 3.418e-02, Loss_ut_ics: 3.162e-02, lr: 1.000e-03, Time: 8.30e+02
Model state saved to ./results/models/checkpoints/schrodinger/qho/2025-08-29_05-20-59-586279/model.pth
Model state saved to ./results/models/checkpoints/schrodinger/qho/2025-08-29_05-20-59-586279/model_weights.pth
It: 510, Loss: 2.012e+00, Loss_res: 9.643e-01,  Loss_bcs: 3.198e-02, Loss_ut_ics: 2.549e-02, lr: 1.000e-03, Time: 8.49e+02
Model state saved to ./results/models/checkpoints/schrodinger/qho/2025-08-29_05-20-59-586279/model.pth
Model state saved to ./results/models/checkpoints/schrodinger/qho/2025-08-29_05-20-59-586279/model_weights.pth
It: 520, Loss: 1.738e+00, Loss_res: 7.195e-01,  Loss_bcs: 2.999e-02, Loss_ut_ics: 1.344e-01, lr: 1.000e-03, Time: 8.65e+02
Model state saved to ./results/models/checkpoints/schrodinger/qho/2025-08-29_05-20-59-586279/model.pth
Model state saved to ./results/models/checkpoints/schrodinger/qho/2025-08-29_05-20-59-586279/model_weights.pth
It: 530, Loss: 1.434e+00, Loss_res: 6.784e-01,  Loss_bcs: 2.816e-02, Loss_ut_ics: 2.433e-02, lr: 1.000e-03, Time: 8.81e+02
Model state saved to ./results/models/checkpoints/schrodinger/qho/2025-08-29_05-20-59-586279/model.pth
Model state saved to ./results/models/checkpoints/schrodinger/qho/2025-08-29_05-20-59-586279/model_weights.pth
It: 540, Loss: 2.365e+00, Loss_res: 1.055e+00,  Loss_bcs: 2.643e-02, Loss_ut_ics: 1.148e-01, lr: 1.000e-03, Time: 8.99e+02
Model state saved to ./results/models/checkpoints/schrodinger/qho/2025-08-29_05-20-59-586279/model.pth
Model state saved to ./results/models/checkpoints/schrodinger/qho/2025-08-29_05-20-59-586279/model_weights.pth
It: 550, Loss: 2.048e+00, Loss_res: 8.620e-01,  Loss_bcs: 2.469e-02, Loss_ut_ics: 1.495e-01, lr: 1.000e-03, Time: 9.17e+02
Model state saved to ./results/models/checkpoints/schrodinger/qho/2025-08-29_05-20-59-586279/model.pth
Model state saved to ./results/models/checkpoints/schrodinger/qho/2025-08-29_05-20-59-586279/model_weights.pth
It: 560, Loss: 1.250e+00, Loss_res: 5.325e-01,  Loss_bcs: 2.309e-02, Loss_ut_ics: 8.088e-02, lr: 1.000e-03, Time: 9.35e+02
Model state saved to ./results/models/checkpoints/schrodinger/qho/2025-08-29_05-20-59-586279/model.pth
Model state saved to ./results/models/checkpoints/schrodinger/qho/2025-08-29_05-20-59-586279/model_weights.pth
It: 570, Loss: 1.113e+00, Loss_res: 5.136e-01,  Loss_bcs: 2.158e-02, Loss_ut_ics: 3.222e-02, lr: 1.000e-03, Time: 9.53e+02
Model state saved to ./results/models/checkpoints/schrodinger/qho/2025-08-29_05-20-59-586279/model.pth
Model state saved to ./results/models/checkpoints/schrodinger/qho/2025-08-29_05-20-59-586279/model_weights.pth
It: 580, Loss: 1.932e+00, Loss_res: 7.309e-01,  Loss_bcs: 2.014e-02, Loss_ut_ics: 2.252e-01, lr: 1.000e-03, Time: 9.71e+02
Model state saved to ./results/models/checkpoints/schrodinger/qho/2025-08-29_05-20-59-586279/model.pth
Model state saved to ./results/models/checkpoints/schrodinger/qho/2025-08-29_05-20-59-586279/model_weights.pth
It: 590, Loss: 1.550e+00, Loss_res: 7.165e-01,  Loss_bcs: 1.873e-02, Loss_ut_ics: 4.917e-02, lr: 1.000e-03, Time: 9.88e+02
Model state saved to ./results/models/checkpoints/schrodinger/qho/2025-08-29_05-20-59-586279/model.pth
Model state saved to ./results/models/checkpoints/schrodinger/qho/2025-08-29_05-20-59-586279/model_weights.pth
It: 600, Loss: 1.419e+00, Loss_res: 6.161e-01,  Loss_bcs: 1.732e-02, Loss_ut_ics: 8.459e-02, lr: 1.000e-03, Time: 1.01e+03
Model state saved to ./results/models/checkpoints/schrodinger/qho/2025-08-29_05-20-59-586279/model.pth
Model state saved to ./results/models/checkpoints/schrodinger/qho/2025-08-29_05-20-59-586279/model_weights.pth
It: 610, Loss: 1.070e+00, Loss_res: 4.225e-01,  Loss_bcs: 1.605e-02, Loss_ut_ics: 1.045e-01, lr: 1.000e-03, Time: 1.02e+03
Model state saved to ./results/models/checkpoints/schrodinger/qho/2025-08-29_05-20-59-586279/model.pth
Model state saved to ./results/models/checkpoints/schrodinger/qho/2025-08-29_05-20-59-586279/model_weights.pth
It: 620, Loss: 4.335e-01, Loss_res: 1.961e-01,  Loss_bcs: 1.488e-02, Loss_ut_ics: 1.328e-02, lr: 1.000e-03, Time: 1.04e+03
Model state saved to ./results/models/checkpoints/schrodinger/qho/2025-08-29_05-20-59-586279/model.pth
Model state saved to ./results/models/checkpoints/schrodinger/qho/2025-08-29_05-20-59-586279/model_weights.pth
It: 630, Loss: 1.408e+00, Loss_res: 6.154e-01,  Loss_bcs: 1.383e-02, Loss_ut_ics: 8.155e-02, lr: 1.000e-03, Time: 1.06e+03
Model state saved to ./results/models/checkpoints/schrodinger/qho/2025-08-29_05-20-59-586279/model.pth
Model state saved to ./results/models/checkpoints/schrodinger/qho/2025-08-29_05-20-59-586279/model_weights.pth
It: 640, Loss: 7.231e-01, Loss_res: 3.442e-01,  Loss_bcs: 1.280e-02, Loss_ut_ics: 1.092e-02, lr: 1.000e-03, Time: 1.07e+03
Model state saved to ./results/models/checkpoints/schrodinger/qho/2025-08-29_05-20-59-586279/model.pth
Model state saved to ./results/models/checkpoints/schrodinger/qho/2025-08-29_05-20-59-586279/model_weights.pth
It: 650, Loss: 8.090e-01, Loss_res: 3.850e-01,  Loss_bcs: 1.189e-02, Loss_ut_ics: 1.355e-02, lr: 1.000e-03, Time: 1.09e+03
Model state saved to ./results/models/checkpoints/schrodinger/qho/2025-08-29_05-20-59-586279/model.pth
Model state saved to ./results/models/checkpoints/schrodinger/qho/2025-08-29_05-20-59-586279/model_weights.pth
It: 660, Loss: 6.502e-01, Loss_res: 3.088e-01,  Loss_bcs: 1.110e-02, Loss_ut_ics: 1.074e-02, lr: 1.000e-03, Time: 1.11e+03
Model state saved to ./results/models/checkpoints/schrodinger/qho/2025-08-29_05-20-59-586279/model.pth
Model state saved to ./results/models/checkpoints/schrodinger/qho/2025-08-29_05-20-59-586279/model_weights.pth
It: 670, Loss: 9.042e-01, Loss_res: 2.610e-01,  Loss_bcs: 1.039e-02, Loss_ut_ics: 1.860e-01, lr: 1.000e-03, Time: 1.13e+03
Model state saved to ./results/models/checkpoints/schrodinger/qho/2025-08-29_05-20-59-586279/model.pth
Model state saved to ./results/models/checkpoints/schrodinger/qho/2025-08-29_05-20-59-586279/model_weights.pth
It: 680, Loss: 7.613e-01, Loss_res: 3.102e-01,  Loss_bcs: 9.646e-03, Loss_ut_ics: 6.561e-02, lr: 1.000e-03, Time: 1.15e+03
Model state saved to ./results/models/checkpoints/schrodinger/qho/2025-08-29_05-20-59-586279/model.pth
Model state saved to ./results/models/checkpoints/schrodinger/qho/2025-08-29_05-20-59-586279/model_weights.pth
It: 690, Loss: 4.702e-01, Loss_res: 2.090e-01,  Loss_bcs: 8.886e-03, Loss_ut_ics: 2.168e-02, lr: 1.000e-03, Time: 1.16e+03
Model state saved to ./results/models/checkpoints/schrodinger/qho/2025-08-29_05-20-59-586279/model.pth
Model state saved to ./results/models/checkpoints/schrodinger/qho/2025-08-29_05-20-59-586279/model_weights.pth
It: 700, Loss: 1.002e+00, Loss_res: 4.219e-01,  Loss_bcs: 8.238e-03, Loss_ut_ics: 7.488e-02, lr: 1.000e-03, Time: 1.18e+03
Model state saved to ./results/models/checkpoints/schrodinger/qho/2025-08-29_05-20-59-586279/model.pth
Model state saved to ./results/models/checkpoints/schrodinger/qho/2025-08-29_05-20-59-586279/model_weights.pth
It: 710, Loss: 4.195e-01, Loss_res: 1.328e-01,  Loss_bcs: 7.644e-03, Loss_ut_ics: 7.308e-02, lr: 1.000e-03, Time: 1.20e+03
Model state saved to ./results/models/checkpoints/schrodinger/qho/2025-08-29_05-20-59-586279/model.pth
Model state saved to ./results/models/checkpoints/schrodinger/qho/2025-08-29_05-20-59-586279/model_weights.pth
It: 720, Loss: 7.474e-01, Loss_res: 2.844e-01,  Loss_bcs: 7.123e-03, Loss_ut_ics: 8.580e-02, lr: 1.000e-03, Time: 1.22e+03
Model state saved to ./results/models/checkpoints/schrodinger/qho/2025-08-29_05-20-59-586279/model.pth
Model state saved to ./results/models/checkpoints/schrodinger/qho/2025-08-29_05-20-59-586279/model_weights.pth
It: 730, Loss: 6.984e-01, Loss_res: 1.697e-01,  Loss_bcs: 6.568e-03, Loss_ut_ics: 1.762e-01, lr: 1.000e-03, Time: 1.23e+03
Model state saved to ./results/models/checkpoints/schrodinger/qho/2025-08-29_05-20-59-586279/model.pth
Model state saved to ./results/models/checkpoints/schrodinger/qho/2025-08-29_05-20-59-586279/model_weights.pth
It: 740, Loss: 5.289e-01, Loss_res: 1.876e-01,  Loss_bcs: 6.053e-03, Loss_ut_ics: 7.385e-02, lr: 1.000e-03, Time: 1.25e+03
Model state saved to ./results/models/checkpoints/schrodinger/qho/2025-08-29_05-20-59-586279/model.pth
Model state saved to ./results/models/checkpoints/schrodinger/qho/2025-08-29_05-20-59-586279/model_weights.pth
It: 750, Loss: 5.129e-01, Loss_res: 1.686e-01,  Loss_bcs: 5.568e-03, Loss_ut_ics: 8.506e-02, lr: 1.000e-03, Time: 1.27e+03
Model state saved to ./results/models/checkpoints/schrodinger/qho/2025-08-29_05-20-59-586279/model.pth
Model state saved to ./results/models/checkpoints/schrodinger/qho/2025-08-29_05-20-59-586279/model_weights.pth
It: 760, Loss: 6.588e-01, Loss_res: 2.479e-01,  Loss_bcs: 5.088e-03, Loss_ut_ics: 7.894e-02, lr: 1.000e-03, Time: 1.29e+03
Model state saved to ./results/models/checkpoints/schrodinger/qho/2025-08-29_05-20-59-586279/model.pth
Model state saved to ./results/models/checkpoints/schrodinger/qho/2025-08-29_05-20-59-586279/model_weights.pth
It: 770, Loss: 4.717e-01, Loss_res: 1.549e-01,  Loss_bcs: 4.659e-03, Loss_ut_ics: 7.862e-02, lr: 1.000e-03, Time: 1.31e+03
Model state saved to ./results/models/checkpoints/schrodinger/qho/2025-08-29_05-20-59-586279/model.pth
Model state saved to ./results/models/checkpoints/schrodinger/qho/2025-08-29_05-20-59-586279/model_weights.pth
It: 780, Loss: 1.477e-01, Loss_res: 6.241e-02,  Loss_bcs: 4.274e-03, Loss_ut_ics: 9.323e-03, lr: 1.000e-03, Time: 1.32e+03
Model state saved to ./results/models/checkpoints/schrodinger/qho/2025-08-29_05-20-59-586279/model.pth
Model state saved to ./results/models/checkpoints/schrodinger/qho/2025-08-29_05-20-59-586279/model_weights.pth
It: 790, Loss: 4.683e-01, Loss_res: 1.758e-01,  Loss_bcs: 3.935e-03, Loss_ut_ics: 5.633e-02, lr: 1.000e-03, Time: 1.34e+03
Model state saved to ./results/models/checkpoints/schrodinger/qho/2025-08-29_05-20-59-586279/model.pth
Model state saved to ./results/models/checkpoints/schrodinger/qho/2025-08-29_05-20-59-586279/model_weights.pth
It: 800, Loss: 4.363e-01, Loss_res: 1.295e-01,  Loss_bcs: 3.579e-03, Loss_ut_ics: 8.686e-02, lr: 1.000e-03, Time: 1.36e+03
Model state saved to ./results/models/checkpoints/schrodinger/qho/2025-08-29_05-20-59-586279/model.pth
Model state saved to ./results/models/checkpoints/schrodinger/qho/2025-08-29_05-20-59-586279/model_weights.pth
It: 810, Loss: 3.840e-01, Loss_res: 1.872e-01,  Loss_bcs: 3.280e-03, Loss_ut_ics: 3.185e-03, lr: 1.000e-03, Time: 1.38e+03
Model state saved to ./results/models/checkpoints/schrodinger/qho/2025-08-29_05-20-59-586279/model.pth
Model state saved to ./results/models/checkpoints/schrodinger/qho/2025-08-29_05-20-59-586279/model_weights.pth
It: 820, Loss: 2.063e-01, Loss_res: 5.977e-02,  Loss_bcs: 2.993e-03, Loss_ut_ics: 4.189e-02, lr: 1.000e-03, Time: 1.39e+03
Model state saved to ./results/models/checkpoints/schrodinger/qho/2025-08-29_05-20-59-586279/model.pth
Model state saved to ./results/models/checkpoints/schrodinger/qho/2025-08-29_05-20-59-586279/model_weights.pth
It: 830, Loss: 3.282e-01, Loss_res: 7.445e-02,  Loss_bcs: 2.745e-03, Loss_ut_ics: 8.828e-02, lr: 1.000e-03, Time: 1.41e+03
Model state saved to ./results/models/checkpoints/schrodinger/qho/2025-08-29_05-20-59-586279/model.pth
Model state saved to ./results/models/checkpoints/schrodinger/qho/2025-08-29_05-20-59-586279/model_weights.pth
It: 840, Loss: 2.083e-01, Loss_res: 2.928e-02,  Loss_bcs: 2.524e-03, Loss_ut_ics: 7.362e-02, lr: 1.000e-03, Time: 1.43e+03
Model state saved to ./results/models/checkpoints/schrodinger/qho/2025-08-29_05-20-59-586279/model.pth
Model state saved to ./results/models/checkpoints/schrodinger/qho/2025-08-29_05-20-59-586279/model_weights.pth
It: 850, Loss: 2.312e-01, Loss_res: 8.100e-02,  Loss_bcs: 2.322e-03, Loss_ut_ics: 3.347e-02, lr: 1.000e-03, Time: 1.45e+03
Model state saved to ./results/models/checkpoints/schrodinger/qho/2025-08-29_05-20-59-586279/model.pth
Model state saved to ./results/models/checkpoints/schrodinger/qho/2025-08-29_05-20-59-586279/model_weights.pth
It: 860, Loss: 1.169e-01, Loss_res: 4.730e-02,  Loss_bcs: 2.117e-03, Loss_ut_ics: 1.008e-02, lr: 1.000e-03, Time: 1.46e+03
Model state saved to ./results/models/checkpoints/schrodinger/qho/2025-08-29_05-20-59-586279/model.pth
Model state saved to ./results/models/checkpoints/schrodinger/qho/2025-08-29_05-20-59-586279/model_weights.pth
It: 870, Loss: 3.150e-01, Loss_res: 9.067e-02,  Loss_bcs: 1.935e-03, Loss_ut_ics: 6.585e-02, lr: 1.000e-03, Time: 1.48e+03
Model state saved to ./results/models/checkpoints/schrodinger/qho/2025-08-29_05-20-59-586279/model.pth
Model state saved to ./results/models/checkpoints/schrodinger/qho/2025-08-29_05-20-59-586279/model_weights.pth
It: 880, Loss: 2.399e-01, Loss_res: 6.328e-02,  Loss_bcs: 1.752e-03, Loss_ut_ics: 5.578e-02, lr: 1.000e-03, Time: 1.50e+03
Model state saved to ./results/models/checkpoints/schrodinger/qho/2025-08-29_05-20-59-586279/model.pth
Model state saved to ./results/models/checkpoints/schrodinger/qho/2025-08-29_05-20-59-586279/model_weights.pth
It: 890, Loss: 2.793e-01, Loss_res: 6.626e-02,  Loss_bcs: 1.592e-03, Loss_ut_ics: 7.262e-02, lr: 1.000e-03, Time: 1.52e+03
Model state saved to ./results/models/checkpoints/schrodinger/qho/2025-08-29_05-20-59-586279/model.pth
Model state saved to ./results/models/checkpoints/schrodinger/qho/2025-08-29_05-20-59-586279/model_weights.pth
It: 900, Loss: 3.136e-01, Loss_res: 5.133e-02,  Loss_bcs: 1.456e-03, Loss_ut_ics: 1.048e-01, lr: 1.000e-03, Time: 1.53e+03
Model state saved to ./results/models/checkpoints/schrodinger/qho/2025-08-29_05-20-59-586279/model.pth
Model state saved to ./results/models/checkpoints/schrodinger/qho/2025-08-29_05-20-59-586279/model_weights.pth
It: 910, Loss: 1.093e-01, Loss_res: 4.968e-02,  Loss_bcs: 1.329e-03, Loss_ut_ics: 4.315e-03, lr: 1.000e-03, Time: 1.55e+03
Model state saved to ./results/models/checkpoints/schrodinger/qho/2025-08-29_05-20-59-586279/model.pth
Model state saved to ./results/models/checkpoints/schrodinger/qho/2025-08-29_05-20-59-586279/model_weights.pth
It: 920, Loss: 3.092e-01, Loss_res: 5.193e-02,  Loss_bcs: 1.208e-03, Loss_ut_ics: 1.021e-01, lr: 1.000e-03, Time: 1.57e+03
Model state saved to ./results/models/checkpoints/schrodinger/qho/2025-08-29_05-20-59-586279/model.pth
Model state saved to ./results/models/checkpoints/schrodinger/qho/2025-08-29_05-20-59-586279/model_weights.pth
It: 930, Loss: 5.320e-01, Loss_res: 3.392e-02,  Loss_bcs: 1.096e-03, Loss_ut_ics: 2.315e-01, lr: 1.000e-03, Time: 1.59e+03
Model state saved to ./results/models/checkpoints/schrodinger/qho/2025-08-29_05-20-59-586279/model.pth
Model state saved to ./results/models/checkpoints/schrodinger/qho/2025-08-29_05-20-59-586279/model_weights.pth
It: 940, Loss: 8.345e-02, Loss_res: 1.439e-02,  Loss_bcs: 9.970e-04, Loss_ut_ics: 2.684e-02, lr: 1.000e-03, Time: 1.60e+03
Model state saved to ./results/models/checkpoints/schrodinger/qho/2025-08-29_05-20-59-586279/model.pth
Model state saved to ./results/models/checkpoints/schrodinger/qho/2025-08-29_05-20-59-586279/model_weights.pth
It: 950, Loss: 5.602e-02, Loss_res: 2.076e-02,  Loss_bcs: 9.046e-04, Loss_ut_ics: 6.794e-03, lr: 1.000e-03, Time: 1.62e+03
Model state saved to ./results/models/checkpoints/schrodinger/qho/2025-08-29_05-20-59-586279/model.pth
Model state saved to ./results/models/checkpoints/schrodinger/qho/2025-08-29_05-20-59-586279/model_weights.pth
It: 960, Loss: 1.826e-01, Loss_res: 2.993e-02,  Loss_bcs: 8.254e-04, Loss_ut_ics: 6.093e-02, lr: 1.000e-03, Time: 1.64e+03
Model state saved to ./results/models/checkpoints/schrodinger/qho/2025-08-29_05-20-59-586279/model.pth
Model state saved to ./results/models/checkpoints/schrodinger/qho/2025-08-29_05-20-59-586279/model_weights.pth
It: 970, Loss: 3.314e-01, Loss_res: 2.514e-02,  Loss_bcs: 7.500e-04, Loss_ut_ics: 1.402e-01, lr: 1.000e-03, Time: 1.66e+03
Model state saved to ./results/models/checkpoints/schrodinger/qho/2025-08-29_05-20-59-586279/model.pth
Model state saved to ./results/models/checkpoints/schrodinger/qho/2025-08-29_05-20-59-586279/model_weights.pth
It: 980, Loss: 1.808e-01, Loss_res: 1.524e-02,  Loss_bcs: 6.818e-04, Loss_ut_ics: 7.484e-02, lr: 1.000e-03, Time: 1.67e+03
Model state saved to ./results/models/checkpoints/schrodinger/qho/2025-08-29_05-20-59-586279/model.pth
Model state saved to ./results/models/checkpoints/schrodinger/qho/2025-08-29_05-20-59-586279/model_weights.pth
It: 990, Loss: 2.157e-01, Loss_res: 1.257e-02,  Loss_bcs: 6.215e-04, Loss_ut_ics: 9.498e-02, lr: 1.000e-03, Time: 1.69e+03
Model state saved to ./results/models/checkpoints/schrodinger/qho/2025-08-29_05-20-59-586279/model.pth
Model state saved to ./results/models/checkpoints/schrodinger/qho/2025-08-29_05-20-59-586279/model_weights.pth
It: 1000, Loss: 5.793e-02, Loss_res: 1.378e-02,  Loss_bcs: 5.753e-04, Loss_ut_ics: 1.490e-02, lr: 1.000e-03, Time: 1.71e+03
Model state saved to ./results/models/checkpoints/schrodinger/qho/2025-08-29_05-20-59-586279/model.pth
Model state saved to ./results/models/checkpoints/schrodinger/qho/2025-08-29_05-20-59-586279/model_weights.pth
It: 1010, Loss: 1.591e-01, Loss_res: 2.488e-02,  Loss_bcs: 5.293e-04, Loss_ut_ics: 5.441e-02, lr: 1.000e-03, Time: 1.73e+03
Model state saved to ./results/models/checkpoints/schrodinger/qho/2025-08-29_05-20-59-586279/model.pth
Model state saved to ./results/models/checkpoints/schrodinger/qho/2025-08-29_05-20-59-586279/model_weights.pth
It: 1020, Loss: 1.982e-01, Loss_res: 1.764e-02,  Loss_bcs: 4.821e-04, Loss_ut_ics: 8.120e-02, lr: 1.000e-03, Time: 1.75e+03
Model state saved to ./results/models/checkpoints/schrodinger/qho/2025-08-29_05-20-59-586279/model.pth
Model state saved to ./results/models/checkpoints/schrodinger/qho/2025-08-29_05-20-59-586279/model_weights.pth
It: 1030, Loss: 2.112e-01, Loss_res: 1.729e-02,  Loss_bcs: 4.411e-04, Loss_ut_ics: 8.809e-02, lr: 1.000e-03, Time: 1.76e+03
Model state saved to ./results/models/checkpoints/schrodinger/qho/2025-08-29_05-20-59-586279/model.pth
Model state saved to ./results/models/checkpoints/schrodinger/qho/2025-08-29_05-20-59-586279/model_weights.pth
It: 1040, Loss: 2.214e-01, Loss_res: 1.910e-02,  Loss_bcs: 4.006e-04, Loss_ut_ics: 9.141e-02, lr: 1.000e-03, Time: 1.78e+03
Model state saved to ./results/models/checkpoints/schrodinger/qho/2025-08-29_05-20-59-586279/model.pth
Model state saved to ./results/models/checkpoints/schrodinger/qho/2025-08-29_05-20-59-586279/model_weights.pth
It: 1050, Loss: 3.486e-01, Loss_res: 9.086e-03,  Loss_bcs: 3.657e-04, Loss_ut_ics: 1.650e-01, lr: 1.000e-03, Time: 1.80e+03
Model state saved to ./results/models/checkpoints/schrodinger/qho/2025-08-29_05-20-59-586279/model.pth
Model state saved to ./results/models/checkpoints/schrodinger/qho/2025-08-29_05-20-59-586279/model_weights.pth
It: 1060, Loss: 2.142e-02, Loss_res: 1.029e-02,  Loss_bcs: 3.387e-04, Loss_ut_ics: 2.518e-04, lr: 1.000e-03, Time: 1.82e+03
Model state saved to ./results/models/checkpoints/schrodinger/qho/2025-08-29_05-20-59-586279/model.pth
Model state saved to ./results/models/checkpoints/schrodinger/qho/2025-08-29_05-20-59-586279/model_weights.pth
It: 1070, Loss: 2.236e-01, Loss_res: 9.789e-03,  Loss_bcs: 3.110e-04, Loss_ut_ics: 1.019e-01, lr: 1.000e-03, Time: 1.83e+03
Model state saved to ./results/models/checkpoints/schrodinger/qho/2025-08-29_05-20-59-586279/model.pth
Model state saved to ./results/models/checkpoints/schrodinger/qho/2025-08-29_05-20-59-586279/model_weights.pth
It: 1080, Loss: 3.527e-01, Loss_res: 1.109e-02,  Loss_bcs: 2.845e-04, Loss_ut_ics: 1.651e-01, lr: 1.000e-03, Time: 1.85e+03
Model state saved to ./results/models/checkpoints/schrodinger/qho/2025-08-29_05-20-59-586279/model.pth
Model state saved to ./results/models/checkpoints/schrodinger/qho/2025-08-29_05-20-59-586279/model_weights.pth
It: 1090, Loss: 3.494e-01, Loss_res: 1.075e-02,  Loss_bcs: 2.645e-04, Loss_ut_ics: 1.638e-01, lr: 1.000e-03, Time: 1.87e+03
Model state saved to ./results/models/checkpoints/schrodinger/qho/2025-08-29_05-20-59-586279/model.pth
Model state saved to ./results/models/checkpoints/schrodinger/qho/2025-08-29_05-20-59-586279/model_weights.pth
It: 1100, Loss: 3.459e-01, Loss_res: 4.248e-03,  Loss_bcs: 2.434e-04, Loss_ut_ics: 1.686e-01, lr: 1.000e-03, Time: 1.89e+03
Model state saved to ./results/models/checkpoints/schrodinger/qho/2025-08-29_05-20-59-586279/model.pth
Model state saved to ./results/models/checkpoints/schrodinger/qho/2025-08-29_05-20-59-586279/model_weights.pth
It: 1110, Loss: 4.407e-02, Loss_res: 6.275e-03,  Loss_bcs: 2.275e-04, Loss_ut_ics: 1.565e-02, lr: 1.000e-03, Time: 1.90e+03
Model state saved to ./results/models/checkpoints/schrodinger/qho/2025-08-29_05-20-59-586279/model.pth
Model state saved to ./results/models/checkpoints/schrodinger/qho/2025-08-29_05-20-59-586279/model_weights.pth
It: 1120, Loss: 1.596e-01, Loss_res: 8.137e-03,  Loss_bcs: 2.105e-04, Loss_ut_ics: 7.158e-02, lr: 1.000e-03, Time: 1.92e+03
Model state saved to ./results/models/checkpoints/schrodinger/qho/2025-08-29_05-20-59-586279/model.pth
Model state saved to ./results/models/checkpoints/schrodinger/qho/2025-08-29_05-20-59-586279/model_weights.pth
It: 1130, Loss: 2.063e-01, Loss_res: 9.400e-03,  Loss_bcs: 1.962e-04, Loss_ut_ics: 9.367e-02, lr: 1.000e-03, Time: 1.94e+03
Model state saved to ./results/models/checkpoints/schrodinger/qho/2025-08-29_05-20-59-586279/model.pth
Model state saved to ./results/models/checkpoints/schrodinger/qho/2025-08-29_05-20-59-586279/model_weights.pth
It: 1140, Loss: 1.118e-01, Loss_res: 6.695e-03,  Loss_bcs: 1.825e-04, Loss_ut_ics: 4.913e-02, lr: 1.000e-03, Time: 1.96e+03
Model state saved to ./results/models/checkpoints/schrodinger/qho/2025-08-29_05-20-59-586279/model.pth
Model state saved to ./results/models/checkpoints/schrodinger/qho/2025-08-29_05-20-59-586279/model_weights.pth
It: 1150, Loss: 2.374e-01, Loss_res: 4.168e-03,  Loss_bcs: 1.693e-04, Loss_ut_ics: 1.144e-01, lr: 1.000e-03, Time: 1.97e+03
Model state saved to ./results/models/checkpoints/schrodinger/qho/2025-08-29_05-20-59-586279/model.pth
Model state saved to ./results/models/checkpoints/schrodinger/qho/2025-08-29_05-20-59-586279/model_weights.pth
It: 1160, Loss: 2.746e-01, Loss_res: 3.998e-03,  Loss_bcs: 1.564e-04, Loss_ut_ics: 1.332e-01, lr: 1.000e-03, Time: 1.99e+03
Model state saved to ./results/models/checkpoints/schrodinger/qho/2025-08-29_05-20-59-586279/model.pth
Model state saved to ./results/models/checkpoints/schrodinger/qho/2025-08-29_05-20-59-586279/model_weights.pth
It: 1170, Loss: 1.908e-01, Loss_res: 5.324e-03,  Loss_bcs: 1.458e-04, Loss_ut_ics: 8.998e-02, lr: 1.000e-03, Time: 2.01e+03
Model state saved to ./results/models/checkpoints/schrodinger/qho/2025-08-29_05-20-59-586279/model.pth
Model state saved to ./results/models/checkpoints/schrodinger/qho/2025-08-29_05-20-59-586279/model_weights.pth
It: 1180, Loss: 1.949e-01, Loss_res: 2.321e-03,  Loss_bcs: 1.349e-04, Loss_ut_ics: 9.507e-02, lr: 1.000e-03, Time: 2.03e+03
Model state saved to ./results/models/checkpoints/schrodinger/qho/2025-08-29_05-20-59-586279/model.pth
Model state saved to ./results/models/checkpoints/schrodinger/qho/2025-08-29_05-20-59-586279/model_weights.pth
It: 1190, Loss: 2.289e-01, Loss_res: 4.442e-03,  Loss_bcs: 1.279e-04, Loss_ut_ics: 1.100e-01, lr: 1.000e-03, Time: 2.04e+03
Model state saved to ./results/models/checkpoints/schrodinger/qho/2025-08-29_05-20-59-586279/model.pth
Model state saved to ./results/models/checkpoints/schrodinger/qho/2025-08-29_05-20-59-586279/model_weights.pth
It: 1200, Loss: 4.529e-02, Loss_res: 5.535e-03,  Loss_bcs: 1.220e-04, Loss_ut_ics: 1.705e-02, lr: 1.000e-03, Time: 2.06e+03
Model state saved to ./results/models/checkpoints/schrodinger/qho/2025-08-29_05-20-59-586279/model.pth
Model state saved to ./results/models/checkpoints/schrodinger/qho/2025-08-29_05-20-59-586279/model_weights.pth
It: 1210, Loss: 2.732e-02, Loss_res: 3.766e-03,  Loss_bcs: 1.127e-04, Loss_ut_ics: 9.838e-03, lr: 1.000e-03, Time: 2.08e+03
Model state saved to ./results/models/checkpoints/schrodinger/qho/2025-08-29_05-20-59-586279/model.pth
Model state saved to ./results/models/checkpoints/schrodinger/qho/2025-08-29_05-20-59-586279/model_weights.pth
It: 1220, Loss: 3.701e-01, Loss_res: 2.185e-03,  Loss_bcs: 1.050e-04, Loss_ut_ics: 1.828e-01, lr: 1.000e-03, Time: 2.09e+03
Model state saved to ./results/models/checkpoints/schrodinger/qho/2025-08-29_05-20-59-586279/model.pth
Model state saved to ./results/models/checkpoints/schrodinger/qho/2025-08-29_05-20-59-586279/model_weights.pth
It: 1230, Loss: 7.269e-03, Loss_res: 3.498e-03,  Loss_bcs: 1.001e-04, Loss_ut_ics: 8.670e-05, lr: 1.000e-03, Time: 2.11e+03
Model state saved to ./results/models/checkpoints/schrodinger/qho/2025-08-29_05-20-59-586279/model.pth
Model state saved to ./results/models/checkpoints/schrodinger/qho/2025-08-29_05-20-59-586279/model_weights.pth
It: 1240, Loss: 5.226e-02, Loss_res: 2.700e-03,  Loss_bcs: 9.258e-05, Loss_ut_ics: 2.338e-02, lr: 1.000e-03, Time: 2.13e+03
Model state saved to ./results/models/checkpoints/schrodinger/qho/2025-08-29_05-20-59-586279/model.pth
Model state saved to ./results/models/checkpoints/schrodinger/qho/2025-08-29_05-20-59-586279/model_weights.pth
It: 1250, Loss: 2.575e-01, Loss_res: 2.789e-03,  Loss_bcs: 8.574e-05, Loss_ut_ics: 1.259e-01, lr: 1.000e-03, Time: 2.15e+03
Model state saved to ./results/models/checkpoints/schrodinger/qho/2025-08-29_05-20-59-586279/model.pth
Model state saved to ./results/models/checkpoints/schrodinger/qho/2025-08-29_05-20-59-586279/model_weights.pth
It: 1260, Loss: 9.105e-03, Loss_res: 2.386e-03,  Loss_bcs: 8.142e-05, Loss_ut_ics: 2.126e-03, lr: 1.000e-03, Time: 2.17e+03
Model state saved to ./results/models/checkpoints/schrodinger/qho/2025-08-29_05-20-59-586279/model.pth
Model state saved to ./results/models/checkpoints/schrodinger/qho/2025-08-29_05-20-59-586279/model_weights.pth
It: 1270, Loss: 4.661e-02, Loss_res: 4.155e-03,  Loss_bcs: 7.821e-05, Loss_ut_ics: 1.911e-02, lr: 1.000e-03, Time: 2.19e+03
Model state saved to ./results/models/checkpoints/schrodinger/qho/2025-08-29_05-20-59-586279/model.pth
Model state saved to ./results/models/checkpoints/schrodinger/qho/2025-08-29_05-20-59-586279/model_weights.pth
It: 1280, Loss: 5.108e-02, Loss_res: 2.277e-03,  Loss_bcs: 7.440e-05, Loss_ut_ics: 2.323e-02, lr: 1.000e-03, Time: 2.20e+03
Model state saved to ./results/models/checkpoints/schrodinger/qho/2025-08-29_05-20-59-586279/model.pth
Model state saved to ./results/models/checkpoints/schrodinger/qho/2025-08-29_05-20-59-586279/model_weights.pth
It: 1290, Loss: 2.451e-03, Loss_res: 1.149e-03,  Loss_bcs: 7.072e-05, Loss_ut_ics: 4.120e-05, lr: 1.000e-03, Time: 2.22e+03
Model state saved to ./results/models/checkpoints/schrodinger/qho/2025-08-29_05-20-59-586279/model.pth
Model state saved to ./results/models/checkpoints/schrodinger/qho/2025-08-29_05-20-59-586279/model_weights.pth
It: 1300, Loss: 1.844e-01, Loss_res: 2.063e-03,  Loss_bcs: 6.819e-05, Loss_ut_ics: 9.009e-02, lr: 1.000e-03, Time: 2.24e+03
Model state saved to ./results/models/checkpoints/schrodinger/qho/2025-08-29_05-20-59-586279/model.pth
Model state saved to ./results/models/checkpoints/schrodinger/qho/2025-08-29_05-20-59-586279/model_weights.pth
It: 1310, Loss: 3.507e-01, Loss_res: 3.026e-03,  Loss_bcs: 6.606e-05, Loss_ut_ics: 1.723e-01, lr: 1.000e-03, Time: 2.26e+03
Model state saved to ./results/models/checkpoints/schrodinger/qho/2025-08-29_05-20-59-586279/model.pth
Model state saved to ./results/models/checkpoints/schrodinger/qho/2025-08-29_05-20-59-586279/model_weights.pth
It: 1320, Loss: 1.995e-01, Loss_res: 2.920e-03,  Loss_bcs: 6.367e-05, Loss_ut_ics: 9.679e-02, lr: 1.000e-03, Time: 2.28e+03
Model state saved to ./results/models/checkpoints/schrodinger/qho/2025-08-29_05-20-59-586279/model.pth
Model state saved to ./results/models/checkpoints/schrodinger/qho/2025-08-29_05-20-59-586279/model_weights.pth
It: 1330, Loss: 1.700e-01, Loss_res: 3.148e-03,  Loss_bcs: 6.059e-05, Loss_ut_ics: 8.184e-02, lr: 1.000e-03, Time: 2.30e+03
Model state saved to ./results/models/checkpoints/schrodinger/qho/2025-08-29_05-20-59-586279/model.pth
Model state saved to ./results/models/checkpoints/schrodinger/qho/2025-08-29_05-20-59-586279/model_weights.pth
It: 1340, Loss: 6.136e-03, Loss_res: 2.270e-03,  Loss_bcs: 5.857e-05, Loss_ut_ics: 7.689e-04, lr: 1.000e-03, Time: 2.31e+03
Model state saved to ./results/models/checkpoints/schrodinger/qho/2025-08-29_05-20-59-586279/model.pth
Model state saved to ./results/models/checkpoints/schrodinger/qho/2025-08-29_05-20-59-586279/model_weights.pth
It: 1350, Loss: 4.155e-02, Loss_res: 2.085e-03,  Loss_bcs: 5.479e-05, Loss_ut_ics: 1.866e-02, lr: 1.000e-03, Time: 2.33e+03
Model state saved to ./results/models/checkpoints/schrodinger/qho/2025-08-29_05-20-59-586279/model.pth
Model state saved to ./results/models/checkpoints/schrodinger/qho/2025-08-29_05-20-59-586279/model_weights.pth
It: 1360, Loss: 1.124e-01, Loss_res: 2.219e-03,  Loss_bcs: 5.126e-05, Loss_ut_ics: 5.395e-02, lr: 1.000e-03, Time: 2.35e+03
Model state saved to ./results/models/checkpoints/schrodinger/qho/2025-08-29_05-20-59-586279/model.pth
Model state saved to ./results/models/checkpoints/schrodinger/qho/2025-08-29_05-20-59-586279/model_weights.pth
It: 1370, Loss: 1.941e-01, Loss_res: 1.662e-03,  Loss_bcs: 4.730e-05, Loss_ut_ics: 9.536e-02, lr: 1.000e-03, Time: 2.37e+03
Model state saved to ./results/models/checkpoints/schrodinger/qho/2025-08-29_05-20-59-586279/model.pth
Model state saved to ./results/models/checkpoints/schrodinger/qho/2025-08-29_05-20-59-586279/model_weights.pth
It: 1380, Loss: 1.948e-01, Loss_res: 2.044e-03,  Loss_bcs: 4.530e-05, Loss_ut_ics: 9.533e-02, lr: 1.000e-03, Time: 2.39e+03
Model state saved to ./results/models/checkpoints/schrodinger/qho/2025-08-29_05-20-59-586279/model.pth
Model state saved to ./results/models/checkpoints/schrodinger/qho/2025-08-29_05-20-59-586279/model_weights.pth
It: 1390, Loss: 3.794e-01, Loss_res: 1.168e-03,  Loss_bcs: 4.381e-05, Loss_ut_ics: 1.885e-01, lr: 1.000e-03, Time: 2.41e+03
Model state saved to ./results/models/checkpoints/schrodinger/qho/2025-08-29_05-20-59-586279/model.pth
Model state saved to ./results/models/checkpoints/schrodinger/qho/2025-08-29_05-20-59-586279/model_weights.pth
It: 1400, Loss: 7.818e-02, Loss_res: 8.935e-04,  Loss_bcs: 4.489e-05, Loss_ut_ics: 3.818e-02, lr: 1.000e-03, Time: 2.42e+03
Model state saved to ./results/models/checkpoints/schrodinger/qho/2025-08-29_05-20-59-586279/model.pth
Model state saved to ./results/models/checkpoints/schrodinger/qho/2025-08-29_05-20-59-586279/model_weights.pth
It: 1410, Loss: 3.554e-01, Loss_res: 1.834e-03,  Loss_bcs: 4.651e-05, Loss_ut_ics: 1.758e-01, lr: 1.000e-03, Time: 2.44e+03
Model state saved to ./results/models/checkpoints/schrodinger/qho/2025-08-29_05-20-59-586279/model.pth
Model state saved to ./results/models/checkpoints/schrodinger/qho/2025-08-29_05-20-59-586279/model_weights.pth
It: 1420, Loss: 4.780e-02, Loss_res: 1.954e-03,  Loss_bcs: 5.060e-05, Loss_ut_ics: 2.192e-02, lr: 1.000e-03, Time: 2.46e+03
Model state saved to ./results/models/checkpoints/schrodinger/qho/2025-08-29_05-20-59-586279/model.pth
Model state saved to ./results/models/checkpoints/schrodinger/qho/2025-08-29_05-20-59-586279/model_weights.pth
It: 1430, Loss: 1.593e-01, Loss_res: 2.864e-03,  Loss_bcs: 5.026e-05, Loss_ut_ics: 7.675e-02, lr: 1.000e-03, Time: 2.48e+03
Model state saved to ./results/models/checkpoints/schrodinger/qho/2025-08-29_05-20-59-586279/model.pth
Model state saved to ./results/models/checkpoints/schrodinger/qho/2025-08-29_05-20-59-586279/model_weights.pth
It: 1440, Loss: 1.223e-01, Loss_res: 1.721e-03,  Loss_bcs: 4.658e-05, Loss_ut_ics: 5.938e-02, lr: 1.000e-03, Time: 2.50e+03
Model state saved to ./results/models/checkpoints/schrodinger/qho/2025-08-29_05-20-59-586279/model.pth
Model state saved to ./results/models/checkpoints/schrodinger/qho/2025-08-29_05-20-59-586279/model_weights.pth
It: 1450, Loss: 1.778e-01, Loss_res: 1.942e-03,  Loss_bcs: 4.179e-05, Loss_ut_ics: 8.695e-02, lr: 1.000e-03, Time: 2.51e+03
Model state saved to ./results/models/checkpoints/schrodinger/qho/2025-08-29_05-20-59-586279/model.pth
Model state saved to ./results/models/checkpoints/schrodinger/qho/2025-08-29_05-20-59-586279/model_weights.pth
It: 1460, Loss: 3.244e-03, Loss_res: 1.590e-03,  Loss_bcs: 3.653e-05, Loss_ut_ics: 1.317e-05, lr: 1.000e-03, Time: 2.53e+03
Model state saved to ./results/models/checkpoints/schrodinger/qho/2025-08-29_05-20-59-586279/model.pth
Model state saved to ./results/models/checkpoints/schrodinger/qho/2025-08-29_05-20-59-586279/model_weights.pth
It: 1470, Loss: 1.925e-02, Loss_res: 8.390e-04,  Loss_bcs: 3.343e-05, Loss_ut_ics: 8.771e-03, lr: 1.000e-03, Time: 2.55e+03
Model state saved to ./results/models/checkpoints/schrodinger/qho/2025-08-29_05-20-59-586279/model.pth
Model state saved to ./results/models/checkpoints/schrodinger/qho/2025-08-29_05-20-59-586279/model_weights.pth
It: 1480, Loss: 3.236e-03, Loss_res: 1.580e-03,  Loss_bcs: 3.402e-05, Loss_ut_ics: 2.059e-05, lr: 1.000e-03, Time: 2.57e+03
Model state saved to ./results/models/checkpoints/schrodinger/qho/2025-08-29_05-20-59-586279/model.pth
Model state saved to ./results/models/checkpoints/schrodinger/qho/2025-08-29_05-20-59-586279/model_weights.pth
It: 1490, Loss: 4.957e-03, Loss_res: 9.617e-04,  Loss_bcs: 3.360e-05, Loss_ut_ics: 1.500e-03, lr: 1.000e-03, Time: 2.58e+03
Model state saved to ./results/models/checkpoints/schrodinger/qho/2025-08-29_05-20-59-586279/model.pth
Model state saved to ./results/models/checkpoints/schrodinger/qho/2025-08-29_05-20-59-586279/model_weights.pth
It: 1500, Loss: 2.095e-01, Loss_res: 1.362e-03,  Loss_bcs: 3.329e-05, Loss_ut_ics: 1.034e-01, lr: 1.000e-03, Time: 2.60e+03
Model state saved to ./results/models/checkpoints/schrodinger/qho/2025-08-29_05-20-59-586279/model.pth
Model state saved to ./results/models/checkpoints/schrodinger/qho/2025-08-29_05-20-59-586279/model_weights.pth
It: 1510, Loss: 5.178e-01, Loss_res: 1.193e-03,  Loss_bcs: 3.500e-05, Loss_ut_ics: 2.577e-01, lr: 1.000e-03, Time: 2.62e+03
Model state saved to ./results/models/checkpoints/schrodinger/qho/2025-08-29_05-20-59-586279/model.pth
Model state saved to ./results/models/checkpoints/schrodinger/qho/2025-08-29_05-20-59-586279/model_weights.pth
It: 1520, Loss: 2.134e-01, Loss_res: 2.329e-03,  Loss_bcs: 3.777e-05, Loss_ut_ics: 1.044e-01, lr: 1.000e-03, Time: 2.64e+03
Model state saved to ./results/models/checkpoints/schrodinger/qho/2025-08-29_05-20-59-586279/model.pth
Model state saved to ./results/models/checkpoints/schrodinger/qho/2025-08-29_05-20-59-586279/model_weights.pth
It: 1530, Loss: 2.419e-01, Loss_res: 1.342e-03,  Loss_bcs: 3.959e-05, Loss_ut_ics: 1.196e-01, lr: 1.000e-03, Time: 2.66e+03
Model state saved to ./results/models/checkpoints/schrodinger/qho/2025-08-29_05-20-59-586279/model.pth
Model state saved to ./results/models/checkpoints/schrodinger/qho/2025-08-29_05-20-59-586279/model_weights.pth
It: 1540, Loss: 1.624e-01, Loss_res: 1.723e-03,  Loss_bcs: 3.918e-05, Loss_ut_ics: 7.947e-02, lr: 1.000e-03, Time: 2.67e+03
Model state saved to ./results/models/checkpoints/schrodinger/qho/2025-08-29_05-20-59-586279/model.pth
Model state saved to ./results/models/checkpoints/schrodinger/qho/2025-08-29_05-20-59-586279/model_weights.pth
It: 1550, Loss: 2.287e-01, Loss_res: 1.397e-03,  Loss_bcs: 3.785e-05, Loss_ut_ics: 1.130e-01, lr: 1.000e-03, Time: 2.69e+03
Model state saved to ./results/models/checkpoints/schrodinger/qho/2025-08-29_05-20-59-586279/model.pth
Model state saved to ./results/models/checkpoints/schrodinger/qho/2025-08-29_05-20-59-586279/model_weights.pth
It: 1560, Loss: 2.548e-01, Loss_res: 1.406e-03,  Loss_bcs: 3.637e-05, Loss_ut_ics: 1.260e-01, lr: 1.000e-03, Time: 2.71e+03
Model state saved to ./results/models/checkpoints/schrodinger/qho/2025-08-29_05-20-59-586279/model.pth
Model state saved to ./results/models/checkpoints/schrodinger/qho/2025-08-29_05-20-59-586279/model_weights.pth
It: 1570, Loss: 2.249e-01, Loss_res: 1.269e-03,  Loss_bcs: 3.454e-05, Loss_ut_ics: 1.112e-01, lr: 1.000e-03, Time: 2.72e+03
Model state saved to ./results/models/checkpoints/schrodinger/qho/2025-08-29_05-20-59-586279/model.pth
Model state saved to ./results/models/checkpoints/schrodinger/qho/2025-08-29_05-20-59-586279/model_weights.pth
It: 1580, Loss: 2.045e-01, Loss_res: 1.540e-03,  Loss_bcs: 3.410e-05, Loss_ut_ics: 1.007e-01, lr: 1.000e-03, Time: 2.74e+03
Model state saved to ./results/models/checkpoints/schrodinger/qho/2025-08-29_05-20-59-586279/model.pth
Model state saved to ./results/models/checkpoints/schrodinger/qho/2025-08-29_05-20-59-586279/model_weights.pth
It: 1590, Loss: 6.010e-02, Loss_res: 1.224e-03,  Loss_bcs: 3.406e-05, Loss_ut_ics: 2.881e-02, lr: 1.000e-03, Time: 2.76e+03
Model state saved to ./results/models/checkpoints/schrodinger/qho/2025-08-29_05-20-59-586279/model.pth
Model state saved to ./results/models/checkpoints/schrodinger/qho/2025-08-29_05-20-59-586279/model_weights.pth
It: 1600, Loss: 6.744e-02, Loss_res: 6.458e-04,  Loss_bcs: 3.552e-05, Loss_ut_ics: 3.306e-02, lr: 1.000e-03, Time: 2.77e+03
Model state saved to ./results/models/checkpoints/schrodinger/qho/2025-08-29_05-20-59-586279/model.pth
Model state saved to ./results/models/checkpoints/schrodinger/qho/2025-08-29_05-20-59-586279/model_weights.pth
It: 1610, Loss: 1.003e-01, Loss_res: 6.012e-04,  Loss_bcs: 3.688e-05, Loss_ut_ics: 4.955e-02, lr: 1.000e-03, Time: 2.79e+03
Model state saved to ./results/models/checkpoints/schrodinger/qho/2025-08-29_05-20-59-586279/model.pth
Model state saved to ./results/models/checkpoints/schrodinger/qho/2025-08-29_05-20-59-586279/model_weights.pth
It: 1620, Loss: 2.254e-01, Loss_res: 5.431e-04,  Loss_bcs: 3.872e-05, Loss_ut_ics: 1.121e-01, lr: 1.000e-03, Time: 2.81e+03
Model state saved to ./results/models/checkpoints/schrodinger/qho/2025-08-29_05-20-59-586279/model.pth
Model state saved to ./results/models/checkpoints/schrodinger/qho/2025-08-29_05-20-59-586279/model_weights.pth
It: 1630, Loss: 1.989e-01, Loss_res: 1.670e-03,  Loss_bcs: 4.214e-05, Loss_ut_ics: 9.776e-02, lr: 1.000e-03, Time: 2.83e+03
Model state saved to ./results/models/checkpoints/schrodinger/qho/2025-08-29_05-20-59-586279/model.pth
Model state saved to ./results/models/checkpoints/schrodinger/qho/2025-08-29_05-20-59-586279/model_weights.pth
It: 1640, Loss: 1.992e-01, Loss_res: 1.776e-03,  Loss_bcs: 4.470e-05, Loss_ut_ics: 9.778e-02, lr: 1.000e-03, Time: 2.84e+03
Model state saved to ./results/models/checkpoints/schrodinger/qho/2025-08-29_05-20-59-586279/model.pth
Model state saved to ./results/models/checkpoints/schrodinger/qho/2025-08-29_05-20-59-586279/model_weights.pth
It: 1650, Loss: 1.536e-01, Loss_res: 1.531e-03,  Loss_bcs: 4.718e-05, Loss_ut_ics: 7.525e-02, lr: 1.000e-03, Time: 2.86e+03
Model state saved to ./results/models/checkpoints/schrodinger/qho/2025-08-29_05-20-59-586279/model.pth
Model state saved to ./results/models/checkpoints/schrodinger/qho/2025-08-29_05-20-59-586279/model_weights.pth
It: 1660, Loss: 1.985e-02, Loss_res: 2.018e-03,  Loss_bcs: 4.623e-05, Loss_ut_ics: 7.886e-03, lr: 1.000e-03, Time: 2.88e+03
Model state saved to ./results/models/checkpoints/schrodinger/qho/2025-08-29_05-20-59-586279/model.pth
Model state saved to ./results/models/checkpoints/schrodinger/qho/2025-08-29_05-20-59-586279/model_weights.pth
It: 1670, Loss: 6.293e-02, Loss_res: 1.307e-03,  Loss_bcs: 4.211e-05, Loss_ut_ics: 3.014e-02, lr: 1.000e-03, Time: 2.90e+03
Model state saved to ./results/models/checkpoints/schrodinger/qho/2025-08-29_05-20-59-586279/model.pth
Model state saved to ./results/models/checkpoints/schrodinger/qho/2025-08-29_05-20-59-586279/model_weights.pth
It: 1680, Loss: 1.419e-01, Loss_res: 1.542e-03,  Loss_bcs: 4.000e-05, Loss_ut_ics: 6.940e-02, lr: 1.000e-03, Time: 2.92e+03
Model state saved to ./results/models/checkpoints/schrodinger/qho/2025-08-29_05-20-59-586279/model.pth
Model state saved to ./results/models/checkpoints/schrodinger/qho/2025-08-29_05-20-59-586279/model_weights.pth
It: 1690, Loss: 6.288e-02, Loss_res: 1.800e-03,  Loss_bcs: 3.952e-05, Loss_ut_ics: 2.962e-02, lr: 1.000e-03, Time: 2.93e+03
Model state saved to ./results/models/checkpoints/schrodinger/qho/2025-08-29_05-20-59-586279/model.pth
Model state saved to ./results/models/checkpoints/schrodinger/qho/2025-08-29_05-20-59-586279/model_weights.pth
It: 1700, Loss: 1.922e-01, Loss_res: 1.040e-03,  Loss_bcs: 4.081e-05, Loss_ut_ics: 9.506e-02, lr: 1.000e-03, Time: 2.95e+03
Model state saved to ./results/models/checkpoints/schrodinger/qho/2025-08-29_05-20-59-586279/model.pth
Model state saved to ./results/models/checkpoints/schrodinger/qho/2025-08-29_05-20-59-586279/model_weights.pth
It: 1710, Loss: 2.984e-01, Loss_res: 2.179e-03,  Loss_bcs: 4.128e-05, Loss_ut_ics: 1.470e-01, lr: 1.000e-03, Time: 2.97e+03
Model state saved to ./results/models/checkpoints/schrodinger/qho/2025-08-29_05-20-59-586279/model.pth
Model state saved to ./results/models/checkpoints/schrodinger/qho/2025-08-29_05-20-59-586279/model_weights.pth
It: 1720, Loss: 1.324e-01, Loss_res: 1.529e-03,  Loss_bcs: 3.964e-05, Loss_ut_ics: 6.467e-02, lr: 1.000e-03, Time: 2.99e+03
Model state saved to ./results/models/checkpoints/schrodinger/qho/2025-08-29_05-20-59-586279/model.pth
Model state saved to ./results/models/checkpoints/schrodinger/qho/2025-08-29_05-20-59-586279/model_weights.pth
It: 1730, Loss: 1.629e-01, Loss_res: 1.783e-03,  Loss_bcs: 3.752e-05, Loss_ut_ics: 7.967e-02, lr: 1.000e-03, Time: 3.00e+03
Model state saved to ./results/models/checkpoints/schrodinger/qho/2025-08-29_05-20-59-586279/model.pth
Model state saved to ./results/models/checkpoints/schrodinger/qho/2025-08-29_05-20-59-586279/model_weights.pth
It: 1740, Loss: 2.297e-01, Loss_res: 2.376e-03,  Loss_bcs: 3.603e-05, Loss_ut_ics: 1.125e-01, lr: 1.000e-03, Time: 3.02e+03
Model state saved to ./results/models/checkpoints/schrodinger/qho/2025-08-29_05-20-59-586279/model.pth
Model state saved to ./results/models/checkpoints/schrodinger/qho/2025-08-29_05-20-59-586279/model_weights.pth
It: 1750, Loss: 3.603e-03, Loss_res: 1.756e-03,  Loss_bcs: 3.706e-05, Loss_ut_ics: 2.677e-05, lr: 1.000e-03, Time: 3.04e+03
Model state saved to ./results/models/checkpoints/schrodinger/qho/2025-08-29_05-20-59-586279/model.pth
Model state saved to ./results/models/checkpoints/schrodinger/qho/2025-08-29_05-20-59-586279/model_weights.pth
It: 1760, Loss: 2.955e-01, Loss_res: 9.350e-04,  Loss_bcs: 4.023e-05, Loss_ut_ics: 1.468e-01, lr: 1.000e-03, Time: 3.06e+03
Model state saved to ./results/models/checkpoints/schrodinger/qho/2025-08-29_05-20-59-586279/model.pth
Model state saved to ./results/models/checkpoints/schrodinger/qho/2025-08-29_05-20-59-586279/model_weights.pth
It: 1770, Loss: 3.086e-01, Loss_res: 1.354e-03,  Loss_bcs: 4.504e-05, Loss_ut_ics: 1.529e-01, lr: 1.000e-03, Time: 3.07e+03
Model state saved to ./results/models/checkpoints/schrodinger/qho/2025-08-29_05-20-59-586279/model.pth
Model state saved to ./results/models/checkpoints/schrodinger/qho/2025-08-29_05-20-59-586279/model_weights.pth
It: 1780, Loss: 1.372e-01, Loss_res: 1.450e-03,  Loss_bcs: 4.672e-05, Loss_ut_ics: 6.713e-02, lr: 1.000e-03, Time: 3.09e+03
Model state saved to ./results/models/checkpoints/schrodinger/qho/2025-08-29_05-20-59-586279/model.pth
Model state saved to ./results/models/checkpoints/schrodinger/qho/2025-08-29_05-20-59-586279/model_weights.pth
It: 1790, Loss: 4.317e-02, Loss_res: 1.359e-03,  Loss_bcs: 4.356e-05, Loss_ut_ics: 2.020e-02, lr: 1.000e-03, Time: 3.11e+03
Model state saved to ./results/models/checkpoints/schrodinger/qho/2025-08-29_05-20-59-586279/model.pth
Model state saved to ./results/models/checkpoints/schrodinger/qho/2025-08-29_05-20-59-586279/model_weights.pth
It: 1800, Loss: 3.824e-01, Loss_res: 1.518e-03,  Loss_bcs: 3.914e-05, Loss_ut_ics: 1.896e-01, lr: 1.000e-03, Time: 3.13e+03
Model state saved to ./results/models/checkpoints/schrodinger/qho/2025-08-29_05-20-59-586279/model.pth
Model state saved to ./results/models/checkpoints/schrodinger/qho/2025-08-29_05-20-59-586279/model_weights.pth
It: 1810, Loss: 1.229e-01, Loss_res: 1.293e-03,  Loss_bcs: 3.603e-05, Loss_ut_ics: 6.016e-02, lr: 1.000e-03, Time: 3.14e+03
Model state saved to ./results/models/checkpoints/schrodinger/qho/2025-08-29_05-20-59-586279/model.pth
Model state saved to ./results/models/checkpoints/schrodinger/qho/2025-08-29_05-20-59-586279/model_weights.pth
It: 1820, Loss: 7.127e-03, Loss_res: 1.451e-03,  Loss_bcs: 3.503e-05, Loss_ut_ics: 2.095e-03, lr: 1.000e-03, Time: 3.16e+03
Model state saved to ./results/models/checkpoints/schrodinger/qho/2025-08-29_05-20-59-586279/model.pth
Model state saved to ./results/models/checkpoints/schrodinger/qho/2025-08-29_05-20-59-586279/model_weights.pth
It: 1830, Loss: 2.107e-01, Loss_res: 1.753e-03,  Loss_bcs: 3.560e-05, Loss_ut_ics: 1.036e-01, lr: 1.000e-03, Time: 3.18e+03
Model state saved to ./results/models/checkpoints/schrodinger/qho/2025-08-29_05-20-59-586279/model.pth
Model state saved to ./results/models/checkpoints/schrodinger/qho/2025-08-29_05-20-59-586279/model_weights.pth
It: 1840, Loss: 1.989e-01, Loss_res: 1.449e-03,  Loss_bcs: 3.660e-05, Loss_ut_ics: 9.796e-02, lr: 1.000e-03, Time: 3.20e+03
Model state saved to ./results/models/checkpoints/schrodinger/qho/2025-08-29_05-20-59-586279/model.pth
Model state saved to ./results/models/checkpoints/schrodinger/qho/2025-08-29_05-20-59-586279/model_weights.pth
It: 1850, Loss: 1.274e-01, Loss_res: 1.056e-03,  Loss_bcs: 3.737e-05, Loss_ut_ics: 6.261e-02, lr: 1.000e-03, Time: 3.21e+03
Model state saved to ./results/models/checkpoints/schrodinger/qho/2025-08-29_05-20-59-586279/model.pth
Model state saved to ./results/models/checkpoints/schrodinger/qho/2025-08-29_05-20-59-586279/model_weights.pth
It: 1860, Loss: 1.379e-01, Loss_res: 1.670e-03,  Loss_bcs: 3.898e-05, Loss_ut_ics: 6.726e-02, lr: 1.000e-03, Time: 3.23e+03
Model state saved to ./results/models/checkpoints/schrodinger/qho/2025-08-29_05-20-59-586279/model.pth
Model state saved to ./results/models/checkpoints/schrodinger/qho/2025-08-29_05-20-59-586279/model_weights.pth
It: 1870, Loss: 1.937e-01, Loss_res: 1.229e-03,  Loss_bcs: 3.831e-05, Loss_ut_ics: 9.561e-02, lr: 1.000e-03, Time: 3.25e+03
Model state saved to ./results/models/checkpoints/schrodinger/qho/2025-08-29_05-20-59-586279/model.pth
Model state saved to ./results/models/checkpoints/schrodinger/qho/2025-08-29_05-20-59-586279/model_weights.pth
It: 1880, Loss: 1.940e-01, Loss_res: 1.023e-03,  Loss_bcs: 3.572e-05, Loss_ut_ics: 9.594e-02, lr: 1.000e-03, Time: 3.27e+03
Model state saved to ./results/models/checkpoints/schrodinger/qho/2025-08-29_05-20-59-586279/model.pth
Model state saved to ./results/models/checkpoints/schrodinger/qho/2025-08-29_05-20-59-586279/model_weights.pth
It: 1890, Loss: 2.849e-01, Loss_res: 1.212e-03,  Loss_bcs: 3.352e-05, Loss_ut_ics: 1.412e-01, lr: 1.000e-03, Time: 3.28e+03
Model state saved to ./results/models/checkpoints/schrodinger/qho/2025-08-29_05-20-59-586279/model.pth
Model state saved to ./results/models/checkpoints/schrodinger/qho/2025-08-29_05-20-59-586279/model_weights.pth
It: 1900, Loss: 5.156e-01, Loss_res: 1.057e-03,  Loss_bcs: 3.237e-05, Loss_ut_ics: 2.567e-01, lr: 1.000e-03, Time: 3.30e+03
Model state saved to ./results/models/checkpoints/schrodinger/qho/2025-08-29_05-20-59-586279/model.pth
Model state saved to ./results/models/checkpoints/schrodinger/qho/2025-08-29_05-20-59-586279/model_weights.pth
It: 1910, Loss: 2.954e-01, Loss_res: 1.190e-03,  Loss_bcs: 3.083e-05, Loss_ut_ics: 1.465e-01, lr: 1.000e-03, Time: 3.32e+03
Model state saved to ./results/models/checkpoints/schrodinger/qho/2025-08-29_05-20-59-586279/model.pth
Model state saved to ./results/models/checkpoints/schrodinger/qho/2025-08-29_05-20-59-586279/model_weights.pth
It: 1920, Loss: 2.383e-01, Loss_res: 1.415e-03,  Loss_bcs: 3.067e-05, Loss_ut_ics: 1.177e-01, lr: 1.000e-03, Time: 3.34e+03
Model state saved to ./results/models/checkpoints/schrodinger/qho/2025-08-29_05-20-59-586279/model.pth
Model state saved to ./results/models/checkpoints/schrodinger/qho/2025-08-29_05-20-59-586279/model_weights.pth
It: 1930, Loss: 3.659e-01, Loss_res: 1.263e-03,  Loss_bcs: 3.223e-05, Loss_ut_ics: 1.816e-01, lr: 1.000e-03, Time: 3.35e+03
Model state saved to ./results/models/checkpoints/schrodinger/qho/2025-08-29_05-20-59-586279/model.pth
Model state saved to ./results/models/checkpoints/schrodinger/qho/2025-08-29_05-20-59-586279/model_weights.pth
It: 1940, Loss: 3.859e-03, Loss_res: 1.544e-03,  Loss_bcs: 3.226e-05, Loss_ut_ics: 3.697e-04, lr: 1.000e-03, Time: 3.37e+03
Model state saved to ./results/models/checkpoints/schrodinger/qho/2025-08-29_05-20-59-586279/model.pth
Model state saved to ./results/models/checkpoints/schrodinger/qho/2025-08-29_05-20-59-586279/model_weights.pth
It: 1950, Loss: 2.704e-01, Loss_res: 1.521e-03,  Loss_bcs: 3.236e-05, Loss_ut_ics: 1.337e-01, lr: 1.000e-03, Time: 3.39e+03
Model state saved to ./results/models/checkpoints/schrodinger/qho/2025-08-29_05-20-59-586279/model.pth
Model state saved to ./results/models/checkpoints/schrodinger/qho/2025-08-29_05-20-59-586279/model_weights.pth
It: 1960, Loss: 3.344e-03, Loss_res: 1.584e-03,  Loss_bcs: 3.306e-05, Loss_ut_ics: 7.111e-05, lr: 1.000e-03, Time: 3.40e+03
Model state saved to ./results/models/checkpoints/schrodinger/qho/2025-08-29_05-20-59-586279/model.pth
Model state saved to ./results/models/checkpoints/schrodinger/qho/2025-08-29_05-20-59-586279/model_weights.pth
It: 1970, Loss: 2.201e-01, Loss_res: 1.193e-03,  Loss_bcs: 3.146e-05, Loss_ut_ics: 1.089e-01, lr: 1.000e-03, Time: 3.42e+03
Model state saved to ./results/models/checkpoints/schrodinger/qho/2025-08-29_05-20-59-586279/model.pth
Model state saved to ./results/models/checkpoints/schrodinger/qho/2025-08-29_05-20-59-586279/model_weights.pth
It: 1980, Loss: 4.343e-01, Loss_res: 1.146e-03,  Loss_bcs: 3.019e-05, Loss_ut_ics: 2.160e-01, lr: 1.000e-03, Time: 3.44e+03
Model state saved to ./results/models/checkpoints/schrodinger/qho/2025-08-29_05-20-59-586279/model.pth
Model state saved to ./results/models/checkpoints/schrodinger/qho/2025-08-29_05-20-59-586279/model_weights.pth
It: 1990, Loss: 1.349e-01, Loss_res: 8.454e-04,  Loss_bcs: 3.021e-05, Loss_ut_ics: 6.658e-02, lr: 1.000e-03, Time: 3.45e+03
Model state saved to ./results/models/checkpoints/schrodinger/qho/2025-08-29_05-20-59-586279/model.pth
Model state saved to ./results/models/checkpoints/schrodinger/qho/2025-08-29_05-20-59-586279/model_weights.pth
It: 2000, Loss: 1.233e-01, Loss_res: 8.894e-04,  Loss_bcs: 2.993e-05, Loss_ut_ics: 6.073e-02, lr: 1.000e-03, Time: 3.47e+03
Model state saved to ./results/models/checkpoints/schrodinger/qho/2025-08-29_05-20-59-586279/model.pth
Model state saved to ./results/models/checkpoints/schrodinger/qho/2025-08-29_05-20-59-586279/model_weights.pth
Model state saved to ./results/models/checkpoints/schrodinger/qho/2025-08-29_05-20-59-586279/model.pth
Model state saved to ./results/models/checkpoints/schrodinger/qho/2025-08-29_05-20-59-586279/model_weights.pth
Training completed successfuly!, shots made: 60000
