INFO:src.utils.logger:It: 1, Loss: 2.482e+02, Loss_res: 4.766e-01,  Loss_bcs: 0.000e+00, Loss_ut_ics: 9.731e-01, Loss_norm: 9.902e-01, Loss_gauge: 0.000e+00, w_pde: 3.33e-03, L^2_error: 9.213e-01, lr: 1.000e-03, Time: 7.79e-02
INFO:src.utils.logger:Model state saved to results\box\Classical\20260501-141201_seed0_bf_box__2-64-64-64-64-2_seed0\checkpoints\2026-05-01_14-12-08-563642_box_Classical_seed0\model.pth
INFO:src.utils.logger:Model weights saved to results\box\Classical\20260501-141201_seed0_bf_box__2-64-64-64-64-2_seed0\checkpoints\2026-05-01_14-12-08-563642_box_Classical_seed0\model_weights.pth
INFO:src.utils.logger:It: 50, Loss: 9.048e+00, Loss_res: 3.020e+01,  Loss_bcs: 0.000e+00, Loss_ut_ics: 1.577e-02, Loss_norm: 1.449e-02, Loss_gauge: 0.000e+00, w_pde: 1.67e-01, L^2_error: 9.177e-01, lr: 1.000e-03, Time: 2.95e+00
INFO:src.utils.logger:Model state saved to results\box\Classical\20260501-141201_seed0_bf_box__2-64-64-64-64-2_seed0\checkpoints\2026-05-01_14-12-08-563642_box_Classical_seed0\model.pth
INFO:src.utils.logger:Model weights saved to results\box\Classical\20260501-141201_seed0_bf_box__2-64-64-64-64-2_seed0\checkpoints\2026-05-01_14-12-08-563642_box_Classical_seed0\model_weights.pth
INFO:src.utils.logger:It: 100, Loss: 9.833e+00, Loss_res: 2.570e+01,  Loss_bcs: 0.000e+00, Loss_ut_ics: 4.963e-03, Loss_norm: 4.764e-03, Loss_gauge: 0.000e+00, w_pde: 3.33e-01, L^2_error: 9.056e-01, lr: 1.000e-03, Time: 6.09e+00
INFO:src.utils.logger:Model state saved to results\box\Classical\20260501-141201_seed0_bf_box__2-64-64-64-64-2_seed0\checkpoints\2026-05-01_14-12-08-563642_box_Classical_seed0\model.pth
INFO:src.utils.logger:Model weights saved to results\box\Classical\20260501-141201_seed0_bf_box__2-64-64-64-64-2_seed0\checkpoints\2026-05-01_14-12-08-563642_box_Classical_seed0\model_weights.pth
INFO:src.utils.logger:It: 150, Loss: 9.220e+00, Loss_res: 1.661e+01,  Loss_bcs: 0.000e+00, Loss_ut_ics: 3.563e-03, Loss_norm: 4.994e-03, Loss_gauge: 0.000e+00, w_pde: 5.00e-01, L^2_error: 7.199e-01, lr: 1.000e-03, Time: 8.79e+00
INFO:src.utils.logger:Model state saved to results\box\Classical\20260501-141201_seed0_bf_box__2-64-64-64-64-2_seed0\checkpoints\2026-05-01_14-12-08-563642_box_Classical_seed0\model.pth
INFO:src.utils.logger:Model weights saved to results\box\Classical\20260501-141201_seed0_bf_box__2-64-64-64-64-2_seed0\checkpoints\2026-05-01_14-12-08-563642_box_Classical_seed0\model_weights.pth
INFO:src.utils.logger:It: 200, Loss: 3.991e+00, Loss_res: 5.214e+00,  Loss_bcs: 0.000e+00, Loss_ut_ics: 1.967e-03, Loss_norm: 4.702e-03, Loss_gauge: 0.000e+00, w_pde: 6.67e-01, L^2_error: 2.616e-01, lr: 1.000e-03, Time: 1.17e+01
INFO:src.utils.logger:Model state saved to results\box\Classical\20260501-141201_seed0_bf_box__2-64-64-64-64-2_seed0\checkpoints\2026-05-01_14-12-08-563642_box_Classical_seed0\model.pth
INFO:src.utils.logger:Model weights saved to results\box\Classical\20260501-141201_seed0_bf_box__2-64-64-64-64-2_seed0\checkpoints\2026-05-01_14-12-08-563642_box_Classical_seed0\model_weights.pth
INFO:src.utils.logger:It: 250, Loss: 3.781e+00, Loss_res: 4.143e+00,  Loss_bcs: 0.000e+00, Loss_ut_ics: 1.198e-03, Loss_norm: 5.864e-03, Loss_gauge: 0.000e+00, w_pde: 8.33e-01, L^2_error: 1.376e-01, lr: 1.000e-03, Time: 1.45e+01
INFO:src.utils.logger:Model state saved to results\box\Classical\20260501-141201_seed0_bf_box__2-64-64-64-64-2_seed0\checkpoints\2026-05-01_14-12-08-563642_box_Classical_seed0\model.pth
INFO:src.utils.logger:Model weights saved to results\box\Classical\20260501-141201_seed0_bf_box__2-64-64-64-64-2_seed0\checkpoints\2026-05-01_14-12-08-563642_box_Classical_seed0\model_weights.pth
INFO:src.utils.logger:It: 300, Loss: 3.081e+00, Loss_res: 2.754e+00,  Loss_bcs: 0.000e+00, Loss_ut_ics: 1.166e-03, Loss_norm: 7.006e-03, Loss_gauge: 0.000e+00, w_pde: 1.00e+00, L^2_error: 1.159e-01, lr: 1.000e-03, Time: 1.72e+01
INFO:src.utils.logger:Model state saved to results\box\Classical\20260501-141201_seed0_bf_box__2-64-64-64-64-2_seed0\checkpoints\2026-05-01_14-12-08-563642_box_Classical_seed0\model.pth
INFO:src.utils.logger:Model weights saved to results\box\Classical\20260501-141201_seed0_bf_box__2-64-64-64-64-2_seed0\checkpoints\2026-05-01_14-12-08-563642_box_Classical_seed0\model_weights.pth
INFO:src.utils.logger:It: 350, Loss: 2.261e+00, Loss_res: 1.985e+00,  Loss_bcs: 0.000e+00, Loss_ut_ics: 9.975e-04, Loss_norm: 5.265e-03, Loss_gauge: 0.000e+00, w_pde: 1.00e+00, L^2_error: 8.915e-02, lr: 1.000e-03, Time: 2.02e+01
INFO:src.utils.logger:Model state saved to results\box\Classical\20260501-141201_seed0_bf_box__2-64-64-64-64-2_seed0\checkpoints\2026-05-01_14-12-08-563642_box_Classical_seed0\model.pth
INFO:src.utils.logger:Model weights saved to results\box\Classical\20260501-141201_seed0_bf_box__2-64-64-64-64-2_seed0\checkpoints\2026-05-01_14-12-08-563642_box_Classical_seed0\model_weights.pth
INFO:src.utils.logger:It: 400, Loss: 1.545e+00, Loss_res: 1.375e+00,  Loss_bcs: 0.000e+00, Loss_ut_ics: 6.064e-04, Loss_norm: 3.703e-03, Loss_gauge: 0.000e+00, w_pde: 1.00e+00, L^2_error: 6.103e-02, lr: 1.000e-03, Time: 2.28e+01
INFO:src.utils.logger:Model state saved to results\box\Classical\20260501-141201_seed0_bf_box__2-64-64-64-64-2_seed0\checkpoints\2026-05-01_14-12-08-563642_box_Classical_seed0\model.pth
INFO:src.utils.logger:Model weights saved to results\box\Classical\20260501-141201_seed0_bf_box__2-64-64-64-64-2_seed0\checkpoints\2026-05-01_14-12-08-563642_box_Classical_seed0\model_weights.pth
INFO:src.utils.logger:It: 450, Loss: 7.745e-01, Loss_res: 6.905e-01,  Loss_bcs: 0.000e+00, Loss_ut_ics: 3.109e-04, Loss_norm: 1.269e-03, Loss_gauge: 0.000e+00, w_pde: 1.00e+00, L^2_error: 3.770e-02, lr: 1.000e-03, Time: 2.58e+01
INFO:src.utils.logger:Model state saved to results\box\Classical\20260501-141201_seed0_bf_box__2-64-64-64-64-2_seed0\checkpoints\2026-05-01_14-12-08-563642_box_Classical_seed0\model.pth
INFO:src.utils.logger:Model weights saved to results\box\Classical\20260501-141201_seed0_bf_box__2-64-64-64-64-2_seed0\checkpoints\2026-05-01_14-12-08-563642_box_Classical_seed0\model_weights.pth
INFO:src.utils.logger:It: 500, Loss: 2.929e-01, Loss_res: 2.527e-01,  Loss_bcs: 0.000e+00, Loss_ut_ics: 1.528e-04, Loss_norm: 4.030e-04, Loss_gauge: 0.000e+00, w_pde: 1.00e+00, L^2_error: 2.476e-02, lr: 1.000e-03, Time: 2.85e+01
INFO:src.utils.logger:Model state saved to results\box\Classical\20260501-141201_seed0_bf_box__2-64-64-64-64-2_seed0\checkpoints\2026-05-01_14-12-08-563642_box_Classical_seed0\model.pth
INFO:src.utils.logger:Model weights saved to results\box\Classical\20260501-141201_seed0_bf_box__2-64-64-64-64-2_seed0\checkpoints\2026-05-01_14-12-08-563642_box_Classical_seed0\model_weights.pth
INFO:src.utils.logger:It: 550, Loss: 1.361e-01, Loss_res: 1.082e-01,  Loss_bcs: 0.000e+00, Loss_ut_ics: 1.103e-04, Loss_norm: 6.437e-05, Loss_gauge: 0.000e+00, w_pde: 1.00e+00, L^2_error: 2.194e-02, lr: 1.000e-03, Time: 3.14e+01
INFO:src.utils.logger:Model state saved to results\box\Classical\20260501-141201_seed0_bf_box__2-64-64-64-64-2_seed0\checkpoints\2026-05-01_14-12-08-563642_box_Classical_seed0\model.pth
INFO:src.utils.logger:Model weights saved to results\box\Classical\20260501-141201_seed0_bf_box__2-64-64-64-64-2_seed0\checkpoints\2026-05-01_14-12-08-563642_box_Classical_seed0\model_weights.pth
INFO:src.utils.logger:It: 600, Loss: 8.458e-02, Loss_res: 6.811e-02,  Loss_bcs: 0.000e+00, Loss_ut_ics: 6.549e-05, Loss_norm: 1.889e-05, Loss_gauge: 0.000e+00, w_pde: 1.00e+00, L^2_error: 1.753e-02, lr: 1.000e-03, Time: 3.40e+01
INFO:src.utils.logger:Model state saved to results\box\Classical\20260501-141201_seed0_bf_box__2-64-64-64-64-2_seed0\checkpoints\2026-05-01_14-12-08-563642_box_Classical_seed0\model.pth
INFO:src.utils.logger:Model weights saved to results\box\Classical\20260501-141201_seed0_bf_box__2-64-64-64-64-2_seed0\checkpoints\2026-05-01_14-12-08-563642_box_Classical_seed0\model_weights.pth
INFO:src.utils.logger:It: 650, Loss: 6.085e-02, Loss_res: 5.220e-02,  Loss_bcs: 0.000e+00, Loss_ut_ics: 3.444e-05, Loss_norm: 6.712e-06, Loss_gauge: 0.000e+00, w_pde: 1.00e+00, L^2_error: 1.346e-02, lr: 1.000e-03, Time: 3.69e+01
INFO:src.utils.logger:Model state saved to results\box\Classical\20260501-141201_seed0_bf_box__2-64-64-64-64-2_seed0\checkpoints\2026-05-01_14-12-08-563642_box_Classical_seed0\model.pth
INFO:src.utils.logger:Model weights saved to results\box\Classical\20260501-141201_seed0_bf_box__2-64-64-64-64-2_seed0\checkpoints\2026-05-01_14-12-08-563642_box_Classical_seed0\model_weights.pth
INFO:src.utils.logger:It: 700, Loss: 4.257e-02, Loss_res: 3.693e-02,  Loss_bcs: 0.000e+00, Loss_ut_ics: 2.242e-05, Loss_norm: 5.956e-06, Loss_gauge: 0.000e+00, w_pde: 1.00e+00, L^2_error: 1.154e-02, lr: 1.000e-03, Time: 3.96e+01
INFO:src.utils.logger:Model state saved to results\box\Classical\20260501-141201_seed0_bf_box__2-64-64-64-64-2_seed0\checkpoints\2026-05-01_14-12-08-563642_box_Classical_seed0\model.pth
INFO:src.utils.logger:Model weights saved to results\box\Classical\20260501-141201_seed0_bf_box__2-64-64-64-64-2_seed0\checkpoints\2026-05-01_14-12-08-563642_box_Classical_seed0\model_weights.pth
INFO:src.utils.logger:It: 750, Loss: 3.393e-02, Loss_res: 3.032e-02,  Loss_bcs: 0.000e+00, Loss_ut_ics: 1.439e-05, Loss_norm: 2.743e-06, Loss_gauge: 0.000e+00, w_pde: 1.00e+00, L^2_error: 1.103e-02, lr: 1.000e-03, Time: 4.26e+01
INFO:src.utils.logger:Model state saved to results\box\Classical\20260501-141201_seed0_bf_box__2-64-64-64-64-2_seed0\checkpoints\2026-05-01_14-12-08-563642_box_Classical_seed0\model.pth
INFO:src.utils.logger:Model weights saved to results\box\Classical\20260501-141201_seed0_bf_box__2-64-64-64-64-2_seed0\checkpoints\2026-05-01_14-12-08-563642_box_Classical_seed0\model_weights.pth
INFO:src.utils.logger:It: 800, Loss: 2.941e-02, Loss_res: 2.704e-02,  Loss_bcs: 0.000e+00, Loss_ut_ics: 9.368e-06, Loss_norm: 4.580e-06, Loss_gauge: 0.000e+00, w_pde: 1.00e+00, L^2_error: 9.737e-03, lr: 1.000e-03, Time: 4.52e+01
INFO:src.utils.logger:Model state saved to results\box\Classical\20260501-141201_seed0_bf_box__2-64-64-64-64-2_seed0\checkpoints\2026-05-01_14-12-08-563642_box_Classical_seed0\model.pth
INFO:src.utils.logger:Model weights saved to results\box\Classical\20260501-141201_seed0_bf_box__2-64-64-64-64-2_seed0\checkpoints\2026-05-01_14-12-08-563642_box_Classical_seed0\model_weights.pth
INFO:src.utils.logger:It: 850, Loss: 3.001e-02, Loss_res: 2.837e-02,  Loss_bcs: 0.000e+00, Loss_ut_ics: 6.498e-06, Loss_norm: 4.406e-06, Loss_gauge: 0.000e+00, w_pde: 1.00e+00, L^2_error: 9.333e-03, lr: 1.000e-03, Time: 4.83e+01
INFO:src.utils.logger:Model state saved to results\box\Classical\20260501-141201_seed0_bf_box__2-64-64-64-64-2_seed0\checkpoints\2026-05-01_14-12-08-563642_box_Classical_seed0\model.pth
INFO:src.utils.logger:Model weights saved to results\box\Classical\20260501-141201_seed0_bf_box__2-64-64-64-64-2_seed0\checkpoints\2026-05-01_14-12-08-563642_box_Classical_seed0\model_weights.pth
INFO:src.utils.logger:It: 900, Loss: 2.303e-02, Loss_res: 2.197e-02,  Loss_bcs: 0.000e+00, Loss_ut_ics: 4.113e-06, Loss_norm: 6.327e-06, Loss_gauge: 0.000e+00, w_pde: 1.00e+00, L^2_error: 8.771e-03, lr: 1.000e-03, Time: 5.10e+01
INFO:src.utils.logger:Model state saved to results\box\Classical\20260501-141201_seed0_bf_box__2-64-64-64-64-2_seed0\checkpoints\2026-05-01_14-12-08-563642_box_Classical_seed0\model.pth
INFO:src.utils.logger:Model weights saved to results\box\Classical\20260501-141201_seed0_bf_box__2-64-64-64-64-2_seed0\checkpoints\2026-05-01_14-12-08-563642_box_Classical_seed0\model_weights.pth
INFO:src.utils.logger:It: 950, Loss: 2.106e-02, Loss_res: 2.002e-02,  Loss_bcs: 0.000e+00, Loss_ut_ics: 4.062e-06, Loss_norm: 3.624e-06, Loss_gauge: 0.000e+00, w_pde: 1.00e+00, L^2_error: 7.992e-03, lr: 1.000e-03, Time: 5.40e+01
INFO:src.utils.logger:Model state saved to results\box\Classical\20260501-141201_seed0_bf_box__2-64-64-64-64-2_seed0\checkpoints\2026-05-01_14-12-08-563642_box_Classical_seed0\model.pth
INFO:src.utils.logger:Model weights saved to results\box\Classical\20260501-141201_seed0_bf_box__2-64-64-64-64-2_seed0\checkpoints\2026-05-01_14-12-08-563642_box_Classical_seed0\model_weights.pth
INFO:src.utils.logger:It: 1000, Loss: 1.783e-02, Loss_res: 1.693e-02,  Loss_bcs: 0.000e+00, Loss_ut_ics: 3.575e-06, Loss_norm: 3.976e-07, Loss_gauge: 0.000e+00, w_pde: 1.00e+00, L^2_error: 7.563e-03, lr: 1.000e-03, Time: 5.67e+01
INFO:src.utils.logger:Model state saved to results\box\Classical\20260501-141201_seed0_bf_box__2-64-64-64-64-2_seed0\checkpoints\2026-05-01_14-12-08-563642_box_Classical_seed0\model.pth
INFO:src.utils.logger:Model weights saved to results\box\Classical\20260501-141201_seed0_bf_box__2-64-64-64-64-2_seed0\checkpoints\2026-05-01_14-12-08-563642_box_Classical_seed0\model_weights.pth
INFO:src.utils.logger:It: 1050, Loss: 1.781e-02, Loss_res: 1.695e-02,  Loss_bcs: 0.000e+00, Loss_ut_ics: 3.398e-06, Loss_norm: 1.302e-06, Loss_gauge: 0.000e+00, w_pde: 1.00e+00, L^2_error: 6.682e-03, lr: 1.000e-03, Time: 5.97e+01
INFO:src.utils.logger:Model state saved to results\box\Classical\20260501-141201_seed0_bf_box__2-64-64-64-64-2_seed0\checkpoints\2026-05-01_14-12-08-563642_box_Classical_seed0\model.pth
INFO:src.utils.logger:Model weights saved to results\box\Classical\20260501-141201_seed0_bf_box__2-64-64-64-64-2_seed0\checkpoints\2026-05-01_14-12-08-563642_box_Classical_seed0\model_weights.pth
INFO:src.utils.logger:It: 1100, Loss: 1.573e-02, Loss_res: 1.491e-02,  Loss_bcs: 0.000e+00, Loss_ut_ics: 3.218e-06, Loss_norm: 3.441e-06, Loss_gauge: 0.000e+00, w_pde: 1.00e+00, L^2_error: 6.483e-03, lr: 1.000e-03, Time: 6.23e+01
INFO:src.utils.logger:Model state saved to results\box\Classical\20260501-141201_seed0_bf_box__2-64-64-64-64-2_seed0\checkpoints\2026-05-01_14-12-08-563642_box_Classical_seed0\model.pth
INFO:src.utils.logger:Model weights saved to results\box\Classical\20260501-141201_seed0_bf_box__2-64-64-64-64-2_seed0\checkpoints\2026-05-01_14-12-08-563642_box_Classical_seed0\model_weights.pth
INFO:src.utils.logger:It: 1150, Loss: 1.437e-02, Loss_res: 1.370e-02,  Loss_bcs: 0.000e+00, Loss_ut_ics: 2.552e-06, Loss_norm: 5.614e-06, Loss_gauge: 0.000e+00, w_pde: 1.00e+00, L^2_error: 5.847e-03, lr: 1.000e-03, Time: 6.53e+01
INFO:src.utils.logger:Model state saved to results\box\Classical\20260501-141201_seed0_bf_box__2-64-64-64-64-2_seed0\checkpoints\2026-05-01_14-12-08-563642_box_Classical_seed0\model.pth
INFO:src.utils.logger:Model weights saved to results\box\Classical\20260501-141201_seed0_bf_box__2-64-64-64-64-2_seed0\checkpoints\2026-05-01_14-12-08-563642_box_Classical_seed0\model_weights.pth
INFO:src.utils.logger:It: 1200, Loss: 1.251e-02, Loss_res: 1.173e-02,  Loss_bcs: 0.000e+00, Loss_ut_ics: 3.108e-06, Loss_norm: 2.833e-07, Loss_gauge: 0.000e+00, w_pde: 1.00e+00, L^2_error: 5.659e-03, lr: 1.000e-03, Time: 6.81e+01
INFO:src.utils.logger:Model state saved to results\box\Classical\20260501-141201_seed0_bf_box__2-64-64-64-64-2_seed0\checkpoints\2026-05-01_14-12-08-563642_box_Classical_seed0\model.pth
INFO:src.utils.logger:Model weights saved to results\box\Classical\20260501-141201_seed0_bf_box__2-64-64-64-64-2_seed0\checkpoints\2026-05-01_14-12-08-563642_box_Classical_seed0\model_weights.pth
INFO:src.utils.logger:It: 1250, Loss: 1.175e-02, Loss_res: 1.114e-02,  Loss_bcs: 0.000e+00, Loss_ut_ics: 2.438e-06, Loss_norm: 5.796e-07, Loss_gauge: 0.000e+00, w_pde: 1.00e+00, L^2_error: 5.637e-03, lr: 1.000e-03, Time: 7.09e+01
INFO:src.utils.logger:Model state saved to results\box\Classical\20260501-141201_seed0_bf_box__2-64-64-64-64-2_seed0\checkpoints\2026-05-01_14-12-08-563642_box_Classical_seed0\model.pth
INFO:src.utils.logger:Model weights saved to results\box\Classical\20260501-141201_seed0_bf_box__2-64-64-64-64-2_seed0\checkpoints\2026-05-01_14-12-08-563642_box_Classical_seed0\model_weights.pth
INFO:src.utils.logger:It: 1300, Loss: 1.089e-02, Loss_res: 1.030e-02,  Loss_bcs: 0.000e+00, Loss_ut_ics: 2.326e-06, Loss_norm: 2.878e-06, Loss_gauge: 0.000e+00, w_pde: 1.00e+00, L^2_error: 4.691e-03, lr: 1.000e-03, Time: 7.37e+01
INFO:src.utils.logger:Model state saved to results\box\Classical\20260501-141201_seed0_bf_box__2-64-64-64-64-2_seed0\checkpoints\2026-05-01_14-12-08-563642_box_Classical_seed0\model.pth
INFO:src.utils.logger:Model weights saved to results\box\Classical\20260501-141201_seed0_bf_box__2-64-64-64-64-2_seed0\checkpoints\2026-05-01_14-12-08-563642_box_Classical_seed0\model_weights.pth
INFO:src.utils.logger:It: 1350, Loss: 9.665e-03, Loss_res: 9.227e-03,  Loss_bcs: 0.000e+00, Loss_ut_ics: 1.735e-06, Loss_norm: 8.783e-07, Loss_gauge: 0.000e+00, w_pde: 1.00e+00, L^2_error: 4.546e-03, lr: 1.000e-03, Time: 7.65e+01
INFO:src.utils.logger:Model state saved to results\box\Classical\20260501-141201_seed0_bf_box__2-64-64-64-64-2_seed0\checkpoints\2026-05-01_14-12-08-563642_box_Classical_seed0\model.pth
INFO:src.utils.logger:Model weights saved to results\box\Classical\20260501-141201_seed0_bf_box__2-64-64-64-64-2_seed0\checkpoints\2026-05-01_14-12-08-563642_box_Classical_seed0\model_weights.pth
INFO:src.utils.logger:It: 1400, Loss: 8.686e-03, Loss_res: 8.222e-03,  Loss_bcs: 0.000e+00, Loss_ut_ics: 1.814e-06, Loss_norm: 2.029e-06, Loss_gauge: 0.000e+00, w_pde: 1.00e+00, L^2_error: 4.240e-03, lr: 1.000e-03, Time: 7.95e+01
INFO:src.utils.logger:Model state saved to results\box\Classical\20260501-141201_seed0_bf_box__2-64-64-64-64-2_seed0\checkpoints\2026-05-01_14-12-08-563642_box_Classical_seed0\model.pth
INFO:src.utils.logger:Model weights saved to results\box\Classical\20260501-141201_seed0_bf_box__2-64-64-64-64-2_seed0\checkpoints\2026-05-01_14-12-08-563642_box_Classical_seed0\model_weights.pth
INFO:src.utils.logger:It: 1450, Loss: 7.328e-03, Loss_res: 6.850e-03,  Loss_bcs: 0.000e+00, Loss_ut_ics: 1.891e-06, Loss_norm: 1.037e-06, Loss_gauge: 0.000e+00, w_pde: 1.00e+00, L^2_error: 4.144e-03, lr: 1.000e-03, Time: 8.25e+01
INFO:src.utils.logger:Model state saved to results\box\Classical\20260501-141201_seed0_bf_box__2-64-64-64-64-2_seed0\checkpoints\2026-05-01_14-12-08-563642_box_Classical_seed0\model.pth
INFO:src.utils.logger:Model weights saved to results\box\Classical\20260501-141201_seed0_bf_box__2-64-64-64-64-2_seed0\checkpoints\2026-05-01_14-12-08-563642_box_Classical_seed0\model_weights.pth
INFO:src.utils.logger:It: 1500, Loss: 6.164e-03, Loss_res: 5.822e-03,  Loss_bcs: 0.000e+00, Loss_ut_ics: 1.350e-06, Loss_norm: 8.511e-07, Loss_gauge: 0.000e+00, w_pde: 1.00e+00, L^2_error: 4.251e-03, lr: 1.000e-03, Time: 8.56e+01
INFO:src.utils.logger:Model state saved to results\box\Classical\20260501-141201_seed0_bf_box__2-64-64-64-64-2_seed0\checkpoints\2026-05-01_14-12-08-563642_box_Classical_seed0\model.pth
INFO:src.utils.logger:Model weights saved to results\box\Classical\20260501-141201_seed0_bf_box__2-64-64-64-64-2_seed0\checkpoints\2026-05-01_14-12-08-563642_box_Classical_seed0\model_weights.pth
