INFO:src.utils.logger:It: 1, Loss: 3.460e+02, Loss_res: 4.240e-02,  Loss_bcs: 0.000e+00, Loss_ut_ics: 9.866e-01, Loss_norm: 9.994e-01, Loss_gauge: 0.000e+00, w_pde: 3.33e-03, L^2_error: 1.012e+00, lr: 1.000e-03, Time: 2.63e-01
INFO:src.utils.logger:Model state saved to results\barrier\Classical\20260226-085332_seed0_pinn_2-64-64-64-2_v3f\checkpoints\2026-02-26_08-53-57-401263_barrier_Classical_seed0\model.pth
INFO:src.utils.logger:Model weights saved to results\barrier\Classical\20260226-085332_seed0_pinn_2-64-64-64-2_v3f\checkpoints\2026-02-26_08-53-57-401263_barrier_Classical_seed0\model_weights.pth
INFO:src.utils.logger:It: 20, Loss: 2.485e+02, Loss_res: 4.825e+01,  Loss_bcs: 0.000e+00, Loss_ut_ics: 7.316e-01, Loss_norm: 5.161e-01, Loss_gauge: 0.000e+00, w_pde: 6.67e-02, L^2_error: 1.290e+00, lr: 1.000e-03, Time: 1.69e+00
INFO:src.utils.logger:Model state saved to results\barrier\Classical\20260226-085332_seed0_pinn_2-64-64-64-2_v3f\checkpoints\2026-02-26_08-53-57-401263_barrier_Classical_seed0\model.pth
INFO:src.utils.logger:Model weights saved to results\barrier\Classical\20260226-085332_seed0_pinn_2-64-64-64-2_v3f\checkpoints\2026-02-26_08-53-57-401263_barrier_Classical_seed0\model_weights.pth
INFO:src.utils.logger:It: 40, Loss: 4.964e+01, Loss_res: 2.863e+02,  Loss_bcs: 0.000e+00, Loss_ut_ics: 2.960e-02, Loss_norm: 5.159e-02, Loss_gauge: 0.000e+00, w_pde: 1.33e-01, L^2_error: 1.736e+00, lr: 1.000e-03, Time: 3.18e+00
INFO:src.utils.logger:Model state saved to results\barrier\Classical\20260226-085332_seed0_pinn_2-64-64-64-2_v3f\checkpoints\2026-02-26_08-53-57-401263_barrier_Classical_seed0\model.pth
INFO:src.utils.logger:Model weights saved to results\barrier\Classical\20260226-085332_seed0_pinn_2-64-64-64-2_v3f\checkpoints\2026-02-26_08-53-57-401263_barrier_Classical_seed0\model_weights.pth
INFO:src.utils.logger:It: 60, Loss: 6.944e+01, Loss_res: 2.404e+02,  Loss_bcs: 0.000e+00, Loss_ut_ics: 5.046e-02, Loss_norm: 1.242e-01, Loss_gauge: 0.000e+00, w_pde: 2.00e-01, L^2_error: 1.618e+00, lr: 1.000e-03, Time: 4.72e+00
INFO:src.utils.logger:Model state saved to results\barrier\Classical\20260226-085332_seed0_pinn_2-64-64-64-2_v3f\checkpoints\2026-02-26_08-53-57-401263_barrier_Classical_seed0\model.pth
INFO:src.utils.logger:Model weights saved to results\barrier\Classical\20260226-085332_seed0_pinn_2-64-64-64-2_v3f\checkpoints\2026-02-26_08-53-57-401263_barrier_Classical_seed0\model_weights.pth
INFO:src.utils.logger:It: 80, Loss: 8.136e+01, Loss_res: 2.493e+02,  Loss_bcs: 0.000e+00, Loss_ut_ics: 3.377e-02, Loss_norm: 9.480e-02, Loss_gauge: 0.000e+00, w_pde: 2.67e-01, L^2_error: 1.650e+00, lr: 1.000e-03, Time: 6.40e+00
INFO:src.utils.logger:Model state saved to results\barrier\Classical\20260226-085332_seed0_pinn_2-64-64-64-2_v3f\checkpoints\2026-02-26_08-53-57-401263_barrier_Classical_seed0\model.pth
INFO:src.utils.logger:Model weights saved to results\barrier\Classical\20260226-085332_seed0_pinn_2-64-64-64-2_v3f\checkpoints\2026-02-26_08-53-57-401263_barrier_Classical_seed0\model_weights.pth
INFO:src.utils.logger:It: 100, Loss: 9.268e+01, Loss_res: 2.045e+02,  Loss_bcs: 0.000e+00, Loss_ut_ics: 5.648e-02, Loss_norm: 1.517e-01, Loss_gauge: 0.000e+00, w_pde: 3.33e-01, L^2_error: 1.602e+00, lr: 1.000e-03, Time: 7.82e+00
INFO:src.utils.logger:Model state saved to results\barrier\Classical\20260226-085332_seed0_pinn_2-64-64-64-2_v3f\checkpoints\2026-02-26_08-53-57-401263_barrier_Classical_seed0\model.pth
INFO:src.utils.logger:Model weights saved to results\barrier\Classical\20260226-085332_seed0_pinn_2-64-64-64-2_v3f\checkpoints\2026-02-26_08-53-57-401263_barrier_Classical_seed0\model_weights.pth
INFO:src.utils.logger:It: 120, Loss: 9.534e+01, Loss_res: 1.705e+02,  Loss_bcs: 0.000e+00, Loss_ut_ics: 7.445e-02, Loss_norm: 9.636e-02, Loss_gauge: 0.000e+00, w_pde: 4.00e-01, L^2_error: 1.667e+00, lr: 1.000e-03, Time: 9.27e+00
INFO:src.utils.logger:Model state saved to results\barrier\Classical\20260226-085332_seed0_pinn_2-64-64-64-2_v3f\checkpoints\2026-02-26_08-53-57-401263_barrier_Classical_seed0\model.pth
INFO:src.utils.logger:Model weights saved to results\barrier\Classical\20260226-085332_seed0_pinn_2-64-64-64-2_v3f\checkpoints\2026-02-26_08-53-57-401263_barrier_Classical_seed0\model_weights.pth
INFO:src.utils.logger:It: 140, Loss: 9.197e+01, Loss_res: 1.346e+02,  Loss_bcs: 0.000e+00, Loss_ut_ics: 7.932e-02, Loss_norm: 1.076e-01, Loss_gauge: 0.000e+00, w_pde: 4.67e-01, L^2_error: 1.713e+00, lr: 1.000e-03, Time: 1.08e+01
INFO:src.utils.logger:Model state saved to results\barrier\Classical\20260226-085332_seed0_pinn_2-64-64-64-2_v3f\checkpoints\2026-02-26_08-53-57-401263_barrier_Classical_seed0\model.pth
INFO:src.utils.logger:Model weights saved to results\barrier\Classical\20260226-085332_seed0_pinn_2-64-64-64-2_v3f\checkpoints\2026-02-26_08-53-57-401263_barrier_Classical_seed0\model_weights.pth
INFO:src.utils.logger:It: 160, Loss: 9.051e+01, Loss_res: 1.206e+02,  Loss_bcs: 0.000e+00, Loss_ut_ics: 7.115e-02, Loss_norm: 9.678e-02, Loss_gauge: 0.000e+00, w_pde: 5.33e-01, L^2_error: 1.686e+00, lr: 1.000e-03, Time: 1.23e+01
INFO:src.utils.logger:Model state saved to results\barrier\Classical\20260226-085332_seed0_pinn_2-64-64-64-2_v3f\checkpoints\2026-02-26_08-53-57-401263_barrier_Classical_seed0\model.pth
INFO:src.utils.logger:Model weights saved to results\barrier\Classical\20260226-085332_seed0_pinn_2-64-64-64-2_v3f\checkpoints\2026-02-26_08-53-57-401263_barrier_Classical_seed0\model_weights.pth
INFO:src.utils.logger:It: 180, Loss: 6.800e+01, Loss_res: 8.755e+01,  Loss_bcs: 0.000e+00, Loss_ut_ics: 4.125e-02, Loss_norm: 6.191e-02, Loss_gauge: 0.000e+00, w_pde: 6.00e-01, L^2_error: 1.637e+00, lr: 1.000e-03, Time: 1.38e+01
INFO:src.utils.logger:Model state saved to results\barrier\Classical\20260226-085332_seed0_pinn_2-64-64-64-2_v3f\checkpoints\2026-02-26_08-53-57-401263_barrier_Classical_seed0\model.pth
INFO:src.utils.logger:Model weights saved to results\barrier\Classical\20260226-085332_seed0_pinn_2-64-64-64-2_v3f\checkpoints\2026-02-26_08-53-57-401263_barrier_Classical_seed0\model_weights.pth
INFO:src.utils.logger:It: 200, Loss: 6.605e+01, Loss_res: 8.384e+01,  Loss_bcs: 0.000e+00, Loss_ut_ics: 2.029e-02, Loss_norm: 8.141e-02, Loss_gauge: 0.000e+00, w_pde: 6.67e-01, L^2_error: 1.545e+00, lr: 1.000e-03, Time: 1.54e+01
INFO:src.utils.logger:Model state saved to results\barrier\Classical\20260226-085332_seed0_pinn_2-64-64-64-2_v3f\checkpoints\2026-02-26_08-53-57-401263_barrier_Classical_seed0\model.pth
INFO:src.utils.logger:Model weights saved to results\barrier\Classical\20260226-085332_seed0_pinn_2-64-64-64-2_v3f\checkpoints\2026-02-26_08-53-57-401263_barrier_Classical_seed0\model_weights.pth
INFO:src.utils.logger:It: 220, Loss: 6.260e+01, Loss_res: 7.172e+01,  Loss_bcs: 0.000e+00, Loss_ut_ics: 1.908e-02, Loss_norm: 8.549e-02, Loss_gauge: 0.000e+00, w_pde: 7.33e-01, L^2_error: 1.521e+00, lr: 1.000e-03, Time: 1.70e+01
INFO:src.utils.logger:Model state saved to results\barrier\Classical\20260226-085332_seed0_pinn_2-64-64-64-2_v3f\checkpoints\2026-02-26_08-53-57-401263_barrier_Classical_seed0\model.pth
INFO:src.utils.logger:Model weights saved to results\barrier\Classical\20260226-085332_seed0_pinn_2-64-64-64-2_v3f\checkpoints\2026-02-26_08-53-57-401263_barrier_Classical_seed0\model_weights.pth
INFO:src.utils.logger:It: 240, Loss: 5.866e+01, Loss_res: 6.057e+01,  Loss_bcs: 0.000e+00, Loss_ut_ics: 1.575e-02, Loss_norm: 1.096e-01, Loss_gauge: 0.000e+00, w_pde: 8.00e-01, L^2_error: 1.484e+00, lr: 1.000e-03, Time: 1.85e+01
INFO:src.utils.logger:Model state saved to results\barrier\Classical\20260226-085332_seed0_pinn_2-64-64-64-2_v3f\checkpoints\2026-02-26_08-53-57-401263_barrier_Classical_seed0\model.pth
INFO:src.utils.logger:Model weights saved to results\barrier\Classical\20260226-085332_seed0_pinn_2-64-64-64-2_v3f\checkpoints\2026-02-26_08-53-57-401263_barrier_Classical_seed0\model_weights.pth
INFO:src.utils.logger:It: 260, Loss: 6.040e+01, Loss_res: 5.579e+01,  Loss_bcs: 0.000e+00, Loss_ut_ics: 1.698e-02, Loss_norm: 1.391e-01, Loss_gauge: 0.000e+00, w_pde: 8.67e-01, L^2_error: 1.448e+00, lr: 1.000e-03, Time: 1.99e+01
INFO:src.utils.logger:Model state saved to results\barrier\Classical\20260226-085332_seed0_pinn_2-64-64-64-2_v3f\checkpoints\2026-02-26_08-53-57-401263_barrier_Classical_seed0\model.pth
INFO:src.utils.logger:Model weights saved to results\barrier\Classical\20260226-085332_seed0_pinn_2-64-64-64-2_v3f\checkpoints\2026-02-26_08-53-57-401263_barrier_Classical_seed0\model_weights.pth
INFO:src.utils.logger:It: 280, Loss: 4.796e+01, Loss_res: 3.880e+01,  Loss_bcs: 0.000e+00, Loss_ut_ics: 1.422e-02, Loss_norm: 1.496e-01, Loss_gauge: 0.000e+00, w_pde: 9.33e-01, L^2_error: 1.420e+00, lr: 1.000e-03, Time: 2.14e+01
INFO:src.utils.logger:Model state saved to results\barrier\Classical\20260226-085332_seed0_pinn_2-64-64-64-2_v3f\checkpoints\2026-02-26_08-53-57-401263_barrier_Classical_seed0\model.pth
INFO:src.utils.logger:Model weights saved to results\barrier\Classical\20260226-085332_seed0_pinn_2-64-64-64-2_v3f\checkpoints\2026-02-26_08-53-57-401263_barrier_Classical_seed0\model_weights.pth
INFO:src.utils.logger:It: 300, Loss: 4.970e+01, Loss_res: 3.924e+01,  Loss_bcs: 0.000e+00, Loss_ut_ics: 1.344e-02, Loss_norm: 1.287e-01, Loss_gauge: 0.000e+00, w_pde: 1.00e+00, L^2_error: 1.410e+00, lr: 1.000e-03, Time: 2.29e+01
INFO:src.utils.logger:Model state saved to results\barrier\Classical\20260226-085332_seed0_pinn_2-64-64-64-2_v3f\checkpoints\2026-02-26_08-53-57-401263_barrier_Classical_seed0\model.pth
INFO:src.utils.logger:Model weights saved to results\barrier\Classical\20260226-085332_seed0_pinn_2-64-64-64-2_v3f\checkpoints\2026-02-26_08-53-57-401263_barrier_Classical_seed0\model_weights.pth
INFO:src.utils.logger:It: 320, Loss: 5.005e+01, Loss_res: 4.001e+01,  Loss_bcs: 0.000e+00, Loss_ut_ics: 1.340e-02, Loss_norm: 1.204e-01, Loss_gauge: 0.000e+00, w_pde: 1.00e+00, L^2_error: 1.396e+00, lr: 1.000e-03, Time: 2.44e+01
INFO:src.utils.logger:Model state saved to results\barrier\Classical\20260226-085332_seed0_pinn_2-64-64-64-2_v3f\checkpoints\2026-02-26_08-53-57-401263_barrier_Classical_seed0\model.pth
INFO:src.utils.logger:Model weights saved to results\barrier\Classical\20260226-085332_seed0_pinn_2-64-64-64-2_v3f\checkpoints\2026-02-26_08-53-57-401263_barrier_Classical_seed0\model_weights.pth
INFO:src.utils.logger:It: 340, Loss: 4.191e+01, Loss_res: 3.350e+01,  Loss_bcs: 0.000e+00, Loss_ut_ics: 1.153e-02, Loss_norm: 9.898e-02, Loss_gauge: 0.000e+00, w_pde: 1.00e+00, L^2_error: 1.398e+00, lr: 1.000e-03, Time: 2.59e+01
INFO:src.utils.logger:Model state saved to results\barrier\Classical\20260226-085332_seed0_pinn_2-64-64-64-2_v3f\checkpoints\2026-02-26_08-53-57-401263_barrier_Classical_seed0\model.pth
INFO:src.utils.logger:Model weights saved to results\barrier\Classical\20260226-085332_seed0_pinn_2-64-64-64-2_v3f\checkpoints\2026-02-26_08-53-57-401263_barrier_Classical_seed0\model_weights.pth
INFO:src.utils.logger:It: 360, Loss: 3.867e+01, Loss_res: 3.164e+01,  Loss_bcs: 0.000e+00, Loss_ut_ics: 1.055e-02, Loss_norm: 7.725e-02, Loss_gauge: 0.000e+00, w_pde: 1.00e+00, L^2_error: 1.392e+00, lr: 1.000e-03, Time: 2.75e+01
INFO:src.utils.logger:Model state saved to results\barrier\Classical\20260226-085332_seed0_pinn_2-64-64-64-2_v3f\checkpoints\2026-02-26_08-53-57-401263_barrier_Classical_seed0\model.pth
INFO:src.utils.logger:Model weights saved to results\barrier\Classical\20260226-085332_seed0_pinn_2-64-64-64-2_v3f\checkpoints\2026-02-26_08-53-57-401263_barrier_Classical_seed0\model_weights.pth
INFO:src.utils.logger:It: 380, Loss: 3.325e+01, Loss_res: 2.729e+01,  Loss_bcs: 0.000e+00, Loss_ut_ics: 8.132e-03, Loss_norm: 7.033e-02, Loss_gauge: 0.000e+00, w_pde: 1.00e+00, L^2_error: 1.384e+00, lr: 1.000e-03, Time: 2.90e+01
INFO:src.utils.logger:Model state saved to results\barrier\Classical\20260226-085332_seed0_pinn_2-64-64-64-2_v3f\checkpoints\2026-02-26_08-53-57-401263_barrier_Classical_seed0\model.pth
INFO:src.utils.logger:Model weights saved to results\barrier\Classical\20260226-085332_seed0_pinn_2-64-64-64-2_v3f\checkpoints\2026-02-26_08-53-57-401263_barrier_Classical_seed0\model_weights.pth
INFO:src.utils.logger:It: 400, Loss: 3.210e+01, Loss_res: 2.728e+01,  Loss_bcs: 0.000e+00, Loss_ut_ics: 6.682e-03, Loss_norm: 5.620e-02, Loss_gauge: 0.000e+00, w_pde: 1.00e+00, L^2_error: 1.370e+00, lr: 1.000e-03, Time: 3.05e+01
INFO:src.utils.logger:Model state saved to results\barrier\Classical\20260226-085332_seed0_pinn_2-64-64-64-2_v3f\checkpoints\2026-02-26_08-53-57-401263_barrier_Classical_seed0\model.pth
INFO:src.utils.logger:Model weights saved to results\barrier\Classical\20260226-085332_seed0_pinn_2-64-64-64-2_v3f\checkpoints\2026-02-26_08-53-57-401263_barrier_Classical_seed0\model_weights.pth
INFO:src.utils.logger:It: 420, Loss: 2.734e+01, Loss_res: 2.231e+01,  Loss_bcs: 0.000e+00, Loss_ut_ics: 7.163e-03, Loss_norm: 5.767e-02, Loss_gauge: 0.000e+00, w_pde: 1.00e+00, L^2_error: 1.343e+00, lr: 1.000e-03, Time: 3.20e+01
INFO:src.utils.logger:Model state saved to results\barrier\Classical\20260226-085332_seed0_pinn_2-64-64-64-2_v3f\checkpoints\2026-02-26_08-53-57-401263_barrier_Classical_seed0\model.pth
INFO:src.utils.logger:Model weights saved to results\barrier\Classical\20260226-085332_seed0_pinn_2-64-64-64-2_v3f\checkpoints\2026-02-26_08-53-57-401263_barrier_Classical_seed0\model_weights.pth
INFO:src.utils.logger:It: 440, Loss: 3.371e+01, Loss_res: 2.939e+01,  Loss_bcs: 0.000e+00, Loss_ut_ics: 6.076e-03, Loss_norm: 4.990e-02, Loss_gauge: 0.000e+00, w_pde: 1.00e+00, L^2_error: 1.334e+00, lr: 1.000e-03, Time: 3.36e+01
INFO:src.utils.logger:Model state saved to results\barrier\Classical\20260226-085332_seed0_pinn_2-64-64-64-2_v3f\checkpoints\2026-02-26_08-53-57-401263_barrier_Classical_seed0\model.pth
INFO:src.utils.logger:Model weights saved to results\barrier\Classical\20260226-085332_seed0_pinn_2-64-64-64-2_v3f\checkpoints\2026-02-26_08-53-57-401263_barrier_Classical_seed0\model_weights.pth
INFO:src.utils.logger:It: 460, Loss: 2.592e+01, Loss_res: 2.187e+01,  Loss_bcs: 0.000e+00, Loss_ut_ics: 5.720e-03, Loss_norm: 4.669e-02, Loss_gauge: 0.000e+00, w_pde: 1.00e+00, L^2_error: 1.318e+00, lr: 1.000e-03, Time: 3.51e+01
INFO:src.utils.logger:Model state saved to results\barrier\Classical\20260226-085332_seed0_pinn_2-64-64-64-2_v3f\checkpoints\2026-02-26_08-53-57-401263_barrier_Classical_seed0\model.pth
INFO:src.utils.logger:Model weights saved to results\barrier\Classical\20260226-085332_seed0_pinn_2-64-64-64-2_v3f\checkpoints\2026-02-26_08-53-57-401263_barrier_Classical_seed0\model_weights.pth
INFO:src.utils.logger:It: 480, Loss: 2.470e+01, Loss_res: 2.057e+01,  Loss_bcs: 0.000e+00, Loss_ut_ics: 5.832e-03, Loss_norm: 4.760e-02, Loss_gauge: 0.000e+00, w_pde: 1.00e+00, L^2_error: 1.312e+00, lr: 1.000e-03, Time: 3.67e+01
INFO:src.utils.logger:Model state saved to results\barrier\Classical\20260226-085332_seed0_pinn_2-64-64-64-2_v3f\checkpoints\2026-02-26_08-53-57-401263_barrier_Classical_seed0\model.pth
INFO:src.utils.logger:Model weights saved to results\barrier\Classical\20260226-085332_seed0_pinn_2-64-64-64-2_v3f\checkpoints\2026-02-26_08-53-57-401263_barrier_Classical_seed0\model_weights.pth
INFO:src.utils.logger:It: 500, Loss: 2.659e+01, Loss_res: 2.245e+01,  Loss_bcs: 0.000e+00, Loss_ut_ics: 7.141e-03, Loss_norm: 4.000e-02, Loss_gauge: 0.000e+00, w_pde: 1.00e+00, L^2_error: 1.309e+00, lr: 1.000e-03, Time: 3.83e+01
INFO:src.utils.logger:Model state saved to results\barrier\Classical\20260226-085332_seed0_pinn_2-64-64-64-2_v3f\checkpoints\2026-02-26_08-53-57-401263_barrier_Classical_seed0\model.pth
INFO:src.utils.logger:Model weights saved to results\barrier\Classical\20260226-085332_seed0_pinn_2-64-64-64-2_v3f\checkpoints\2026-02-26_08-53-57-401263_barrier_Classical_seed0\model_weights.pth
INFO:src.utils.logger:It: 520, Loss: 2.365e+01, Loss_res: 2.040e+01,  Loss_bcs: 0.000e+00, Loss_ut_ics: 4.431e-03, Loss_norm: 3.840e-02, Loss_gauge: 0.000e+00, w_pde: 1.00e+00, L^2_error: 1.294e+00, lr: 1.000e-03, Time: 3.98e+01
INFO:src.utils.logger:Model state saved to results\barrier\Classical\20260226-085332_seed0_pinn_2-64-64-64-2_v3f\checkpoints\2026-02-26_08-53-57-401263_barrier_Classical_seed0\model.pth
INFO:src.utils.logger:Model weights saved to results\barrier\Classical\20260226-085332_seed0_pinn_2-64-64-64-2_v3f\checkpoints\2026-02-26_08-53-57-401263_barrier_Classical_seed0\model_weights.pth
INFO:src.utils.logger:It: 540, Loss: 2.278e+01, Loss_res: 1.920e+01,  Loss_bcs: 0.000e+00, Loss_ut_ics: 5.282e-03, Loss_norm: 3.996e-02, Loss_gauge: 0.000e+00, w_pde: 1.00e+00, L^2_error: 1.282e+00, lr: 1.000e-03, Time: 4.13e+01
INFO:src.utils.logger:Model state saved to results\barrier\Classical\20260226-085332_seed0_pinn_2-64-64-64-2_v3f\checkpoints\2026-02-26_08-53-57-401263_barrier_Classical_seed0\model.pth
INFO:src.utils.logger:Model weights saved to results\barrier\Classical\20260226-085332_seed0_pinn_2-64-64-64-2_v3f\checkpoints\2026-02-26_08-53-57-401263_barrier_Classical_seed0\model_weights.pth
INFO:src.utils.logger:It: 560, Loss: 2.541e+01, Loss_res: 2.221e+01,  Loss_bcs: 0.000e+00, Loss_ut_ics: 4.545e-03, Loss_norm: 3.681e-02, Loss_gauge: 0.000e+00, w_pde: 1.00e+00, L^2_error: 1.271e+00, lr: 1.000e-03, Time: 4.27e+01
INFO:src.utils.logger:Model state saved to results\barrier\Classical\20260226-085332_seed0_pinn_2-64-64-64-2_v3f\checkpoints\2026-02-26_08-53-57-401263_barrier_Classical_seed0\model.pth
INFO:src.utils.logger:Model weights saved to results\barrier\Classical\20260226-085332_seed0_pinn_2-64-64-64-2_v3f\checkpoints\2026-02-26_08-53-57-401263_barrier_Classical_seed0\model_weights.pth
INFO:src.utils.logger:It: 580, Loss: 2.652e+01, Loss_res: 2.331e+01,  Loss_bcs: 0.000e+00, Loss_ut_ics: 4.363e-03, Loss_norm: 3.796e-02, Loss_gauge: 0.000e+00, w_pde: 1.00e+00, L^2_error: 1.262e+00, lr: 1.000e-03, Time: 4.43e+01
INFO:src.utils.logger:Model state saved to results\barrier\Classical\20260226-085332_seed0_pinn_2-64-64-64-2_v3f\checkpoints\2026-02-26_08-53-57-401263_barrier_Classical_seed0\model.pth
INFO:src.utils.logger:Model weights saved to results\barrier\Classical\20260226-085332_seed0_pinn_2-64-64-64-2_v3f\checkpoints\2026-02-26_08-53-57-401263_barrier_Classical_seed0\model_weights.pth
INFO:src.utils.logger:It: 600, Loss: 2.273e+01, Loss_res: 2.032e+01,  Loss_bcs: 0.000e+00, Loss_ut_ics: 2.753e-03, Loss_norm: 3.166e-02, Loss_gauge: 0.000e+00, w_pde: 1.00e+00, L^2_error: 1.254e+00, lr: 1.000e-03, Time: 4.59e+01
INFO:src.utils.logger:Model state saved to results\barrier\Classical\20260226-085332_seed0_pinn_2-64-64-64-2_v3f\checkpoints\2026-02-26_08-53-57-401263_barrier_Classical_seed0\model.pth
INFO:src.utils.logger:Model weights saved to results\barrier\Classical\20260226-085332_seed0_pinn_2-64-64-64-2_v3f\checkpoints\2026-02-26_08-53-57-401263_barrier_Classical_seed0\model_weights.pth
INFO:src.utils.logger:It: 620, Loss: 2.397e+01, Loss_res: 2.144e+01,  Loss_bcs: 0.000e+00, Loss_ut_ics: 2.681e-03, Loss_norm: 3.455e-02, Loss_gauge: 0.000e+00, w_pde: 1.00e+00, L^2_error: 1.242e+00, lr: 1.000e-03, Time: 4.73e+01
INFO:src.utils.logger:Model state saved to results\barrier\Classical\20260226-085332_seed0_pinn_2-64-64-64-2_v3f\checkpoints\2026-02-26_08-53-57-401263_barrier_Classical_seed0\model.pth
INFO:src.utils.logger:Model weights saved to results\barrier\Classical\20260226-085332_seed0_pinn_2-64-64-64-2_v3f\checkpoints\2026-02-26_08-53-57-401263_barrier_Classical_seed0\model_weights.pth
INFO:src.utils.logger:It: 640, Loss: 2.419e+01, Loss_res: 2.179e+01,  Loss_bcs: 0.000e+00, Loss_ut_ics: 2.769e-03, Loss_norm: 3.134e-02, Loss_gauge: 0.000e+00, w_pde: 1.00e+00, L^2_error: 1.236e+00, lr: 1.000e-03, Time: 4.89e+01
INFO:src.utils.logger:Model state saved to results\barrier\Classical\20260226-085332_seed0_pinn_2-64-64-64-2_v3f\checkpoints\2026-02-26_08-53-57-401263_barrier_Classical_seed0\model.pth
INFO:src.utils.logger:Model weights saved to results\barrier\Classical\20260226-085332_seed0_pinn_2-64-64-64-2_v3f\checkpoints\2026-02-26_08-53-57-401263_barrier_Classical_seed0\model_weights.pth
INFO:src.utils.logger:It: 660, Loss: 1.999e+01, Loss_res: 1.765e+01,  Loss_bcs: 0.000e+00, Loss_ut_ics: 2.971e-03, Loss_norm: 2.905e-02, Loss_gauge: 0.000e+00, w_pde: 1.00e+00, L^2_error: 1.227e+00, lr: 1.000e-03, Time: 5.04e+01
INFO:src.utils.logger:Model state saved to results\barrier\Classical\20260226-085332_seed0_pinn_2-64-64-64-2_v3f\checkpoints\2026-02-26_08-53-57-401263_barrier_Classical_seed0\model.pth
INFO:src.utils.logger:Model weights saved to results\barrier\Classical\20260226-085332_seed0_pinn_2-64-64-64-2_v3f\checkpoints\2026-02-26_08-53-57-401263_barrier_Classical_seed0\model_weights.pth
INFO:src.utils.logger:It: 680, Loss: 2.365e+01, Loss_res: 2.118e+01,  Loss_bcs: 0.000e+00, Loss_ut_ics: 2.919e-03, Loss_norm: 3.190e-02, Loss_gauge: 0.000e+00, w_pde: 1.00e+00, L^2_error: 1.218e+00, lr: 1.000e-03, Time: 5.19e+01
INFO:src.utils.logger:Model state saved to results\barrier\Classical\20260226-085332_seed0_pinn_2-64-64-64-2_v3f\checkpoints\2026-02-26_08-53-57-401263_barrier_Classical_seed0\model.pth
INFO:src.utils.logger:Model weights saved to results\barrier\Classical\20260226-085332_seed0_pinn_2-64-64-64-2_v3f\checkpoints\2026-02-26_08-53-57-401263_barrier_Classical_seed0\model_weights.pth
INFO:src.utils.logger:It: 700, Loss: 1.914e+01, Loss_res: 1.697e+01,  Loss_bcs: 0.000e+00, Loss_ut_ics: 2.267e-03, Loss_norm: 2.976e-02, Loss_gauge: 0.000e+00, w_pde: 1.00e+00, L^2_error: 1.203e+00, lr: 1.000e-03, Time: 5.34e+01
INFO:src.utils.logger:Model state saved to results\barrier\Classical\20260226-085332_seed0_pinn_2-64-64-64-2_v3f\checkpoints\2026-02-26_08-53-57-401263_barrier_Classical_seed0\model.pth
INFO:src.utils.logger:Model weights saved to results\barrier\Classical\20260226-085332_seed0_pinn_2-64-64-64-2_v3f\checkpoints\2026-02-26_08-53-57-401263_barrier_Classical_seed0\model_weights.pth
INFO:src.utils.logger:It: 720, Loss: 1.958e+01, Loss_res: 1.721e+01,  Loss_bcs: 0.000e+00, Loss_ut_ics: 2.873e-03, Loss_norm: 3.031e-02, Loss_gauge: 0.000e+00, w_pde: 1.00e+00, L^2_error: 1.193e+00, lr: 1.000e-03, Time: 5.50e+01
INFO:src.utils.logger:Model state saved to results\barrier\Classical\20260226-085332_seed0_pinn_2-64-64-64-2_v3f\checkpoints\2026-02-26_08-53-57-401263_barrier_Classical_seed0\model.pth
INFO:src.utils.logger:Model weights saved to results\barrier\Classical\20260226-085332_seed0_pinn_2-64-64-64-2_v3f\checkpoints\2026-02-26_08-53-57-401263_barrier_Classical_seed0\model_weights.pth
INFO:src.utils.logger:It: 740, Loss: 1.997e+01, Loss_res: 1.777e+01,  Loss_bcs: 0.000e+00, Loss_ut_ics: 2.168e-03, Loss_norm: 3.094e-02, Loss_gauge: 0.000e+00, w_pde: 1.00e+00, L^2_error: 1.178e+00, lr: 1.000e-03, Time: 5.64e+01
INFO:src.utils.logger:Model state saved to results\barrier\Classical\20260226-085332_seed0_pinn_2-64-64-64-2_v3f\checkpoints\2026-02-26_08-53-57-401263_barrier_Classical_seed0\model.pth
INFO:src.utils.logger:Model weights saved to results\barrier\Classical\20260226-085332_seed0_pinn_2-64-64-64-2_v3f\checkpoints\2026-02-26_08-53-57-401263_barrier_Classical_seed0\model_weights.pth
INFO:src.utils.logger:It: 760, Loss: 2.069e+01, Loss_res: 1.804e+01,  Loss_bcs: 0.000e+00, Loss_ut_ics: 3.266e-03, Loss_norm: 3.339e-02, Loss_gauge: 0.000e+00, w_pde: 1.00e+00, L^2_error: 1.156e+00, lr: 1.000e-03, Time: 5.79e+01
INFO:src.utils.logger:Model state saved to results\barrier\Classical\20260226-085332_seed0_pinn_2-64-64-64-2_v3f\checkpoints\2026-02-26_08-53-57-401263_barrier_Classical_seed0\model.pth
INFO:src.utils.logger:Model weights saved to results\barrier\Classical\20260226-085332_seed0_pinn_2-64-64-64-2_v3f\checkpoints\2026-02-26_08-53-57-401263_barrier_Classical_seed0\model_weights.pth
INFO:src.utils.logger:It: 780, Loss: 1.812e+01, Loss_res: 1.565e+01,  Loss_bcs: 0.000e+00, Loss_ut_ics: 2.325e-03, Loss_norm: 3.543e-02, Loss_gauge: 0.000e+00, w_pde: 1.00e+00, L^2_error: 1.140e+00, lr: 1.000e-03, Time: 5.95e+01
INFO:src.utils.logger:Model state saved to results\barrier\Classical\20260226-085332_seed0_pinn_2-64-64-64-2_v3f\checkpoints\2026-02-26_08-53-57-401263_barrier_Classical_seed0\model.pth
INFO:src.utils.logger:Model weights saved to results\barrier\Classical\20260226-085332_seed0_pinn_2-64-64-64-2_v3f\checkpoints\2026-02-26_08-53-57-401263_barrier_Classical_seed0\model_weights.pth
INFO:src.utils.logger:It: 800, Loss: 1.617e+01, Loss_res: 1.386e+01,  Loss_bcs: 0.000e+00, Loss_ut_ics: 2.401e-03, Loss_norm: 3.179e-02, Loss_gauge: 0.000e+00, w_pde: 1.00e+00, L^2_error: 1.121e+00, lr: 1.000e-03, Time: 6.10e+01
INFO:src.utils.logger:Model state saved to results\barrier\Classical\20260226-085332_seed0_pinn_2-64-64-64-2_v3f\checkpoints\2026-02-26_08-53-57-401263_barrier_Classical_seed0\model.pth
INFO:src.utils.logger:Model weights saved to results\barrier\Classical\20260226-085332_seed0_pinn_2-64-64-64-2_v3f\checkpoints\2026-02-26_08-53-57-401263_barrier_Classical_seed0\model_weights.pth
INFO:src.utils.logger:It: 820, Loss: 1.777e+01, Loss_res: 1.565e+01,  Loss_bcs: 0.000e+00, Loss_ut_ics: 1.849e-03, Loss_norm: 3.128e-02, Loss_gauge: 0.000e+00, w_pde: 1.00e+00, L^2_error: 1.120e+00, lr: 1.000e-03, Time: 6.26e+01
INFO:src.utils.logger:Model state saved to results\barrier\Classical\20260226-085332_seed0_pinn_2-64-64-64-2_v3f\checkpoints\2026-02-26_08-53-57-401263_barrier_Classical_seed0\model.pth
INFO:src.utils.logger:Model weights saved to results\barrier\Classical\20260226-085332_seed0_pinn_2-64-64-64-2_v3f\checkpoints\2026-02-26_08-53-57-401263_barrier_Classical_seed0\model_weights.pth
INFO:src.utils.logger:It: 840, Loss: 1.724e+01, Loss_res: 1.488e+01,  Loss_bcs: 0.000e+00, Loss_ut_ics: 3.045e-03, Loss_norm: 2.880e-02, Loss_gauge: 0.000e+00, w_pde: 1.00e+00, L^2_error: 1.094e+00, lr: 1.000e-03, Time: 6.41e+01
INFO:src.utils.logger:Model state saved to results\barrier\Classical\20260226-085332_seed0_pinn_2-64-64-64-2_v3f\checkpoints\2026-02-26_08-53-57-401263_barrier_Classical_seed0\model.pth
INFO:src.utils.logger:Model weights saved to results\barrier\Classical\20260226-085332_seed0_pinn_2-64-64-64-2_v3f\checkpoints\2026-02-26_08-53-57-401263_barrier_Classical_seed0\model_weights.pth
INFO:src.utils.logger:It: 860, Loss: 1.612e+01, Loss_res: 1.350e+01,  Loss_bcs: 0.000e+00, Loss_ut_ics: 2.421e-03, Loss_norm: 3.790e-02, Loss_gauge: 0.000e+00, w_pde: 1.00e+00, L^2_error: 1.071e+00, lr: 1.000e-03, Time: 6.57e+01
INFO:src.utils.logger:Model state saved to results\barrier\Classical\20260226-085332_seed0_pinn_2-64-64-64-2_v3f\checkpoints\2026-02-26_08-53-57-401263_barrier_Classical_seed0\model.pth
INFO:src.utils.logger:Model weights saved to results\barrier\Classical\20260226-085332_seed0_pinn_2-64-64-64-2_v3f\checkpoints\2026-02-26_08-53-57-401263_barrier_Classical_seed0\model_weights.pth
INFO:src.utils.logger:It: 880, Loss: 1.527e+01, Loss_res: 1.291e+01,  Loss_bcs: 0.000e+00, Loss_ut_ics: 2.051e-03, Loss_norm: 3.477e-02, Loss_gauge: 0.000e+00, w_pde: 1.00e+00, L^2_error: 1.058e+00, lr: 1.000e-03, Time: 6.73e+01
INFO:src.utils.logger:Model state saved to results\barrier\Classical\20260226-085332_seed0_pinn_2-64-64-64-2_v3f\checkpoints\2026-02-26_08-53-57-401263_barrier_Classical_seed0\model.pth
INFO:src.utils.logger:Model weights saved to results\barrier\Classical\20260226-085332_seed0_pinn_2-64-64-64-2_v3f\checkpoints\2026-02-26_08-53-57-401263_barrier_Classical_seed0\model_weights.pth
INFO:src.utils.logger:It: 900, Loss: 1.482e+01, Loss_res: 1.251e+01,  Loss_bcs: 0.000e+00, Loss_ut_ics: 1.693e-03, Loss_norm: 3.618e-02, Loss_gauge: 0.000e+00, w_pde: 1.00e+00, L^2_error: 1.065e+00, lr: 1.000e-03, Time: 6.93e+01
INFO:src.utils.logger:Model state saved to results\barrier\Classical\20260226-085332_seed0_pinn_2-64-64-64-2_v3f\checkpoints\2026-02-26_08-53-57-401263_barrier_Classical_seed0\model.pth
INFO:src.utils.logger:Model weights saved to results\barrier\Classical\20260226-085332_seed0_pinn_2-64-64-64-2_v3f\checkpoints\2026-02-26_08-53-57-401263_barrier_Classical_seed0\model_weights.pth
INFO:src.utils.logger:It: 920, Loss: 1.749e+01, Loss_res: 1.497e+01,  Loss_bcs: 0.000e+00, Loss_ut_ics: 2.360e-03, Loss_norm: 3.631e-02, Loss_gauge: 0.000e+00, w_pde: 1.00e+00, L^2_error: 1.012e+00, lr: 1.000e-03, Time: 7.17e+01
INFO:src.utils.logger:Model state saved to results\barrier\Classical\20260226-085332_seed0_pinn_2-64-64-64-2_v3f\checkpoints\2026-02-26_08-53-57-401263_barrier_Classical_seed0\model.pth
INFO:src.utils.logger:Model weights saved to results\barrier\Classical\20260226-085332_seed0_pinn_2-64-64-64-2_v3f\checkpoints\2026-02-26_08-53-57-401263_barrier_Classical_seed0\model_weights.pth
INFO:src.utils.logger:It: 940, Loss: 1.779e+01, Loss_res: 1.568e+01,  Loss_bcs: 0.000e+00, Loss_ut_ics: 2.140e-03, Loss_norm: 2.926e-02, Loss_gauge: 0.000e+00, w_pde: 1.00e+00, L^2_error: 1.032e+00, lr: 1.000e-03, Time: 7.39e+01
INFO:src.utils.logger:Model state saved to results\barrier\Classical\20260226-085332_seed0_pinn_2-64-64-64-2_v3f\checkpoints\2026-02-26_08-53-57-401263_barrier_Classical_seed0\model.pth
INFO:src.utils.logger:Model weights saved to results\barrier\Classical\20260226-085332_seed0_pinn_2-64-64-64-2_v3f\checkpoints\2026-02-26_08-53-57-401263_barrier_Classical_seed0\model_weights.pth
INFO:src.utils.logger:It: 960, Loss: 1.511e+01, Loss_res: 1.326e+01,  Loss_bcs: 0.000e+00, Loss_ut_ics: 2.093e-03, Loss_norm: 2.459e-02, Loss_gauge: 0.000e+00, w_pde: 1.00e+00, L^2_error: 1.015e+00, lr: 1.000e-03, Time: 7.59e+01
INFO:src.utils.logger:Model state saved to results\barrier\Classical\20260226-085332_seed0_pinn_2-64-64-64-2_v3f\checkpoints\2026-02-26_08-53-57-401263_barrier_Classical_seed0\model.pth
INFO:src.utils.logger:Model weights saved to results\barrier\Classical\20260226-085332_seed0_pinn_2-64-64-64-2_v3f\checkpoints\2026-02-26_08-53-57-401263_barrier_Classical_seed0\model_weights.pth
INFO:src.utils.logger:It: 980, Loss: 1.483e+01, Loss_res: 1.293e+01,  Loss_bcs: 0.000e+00, Loss_ut_ics: 9.725e-04, Loss_norm: 3.209e-02, Loss_gauge: 0.000e+00, w_pde: 1.00e+00, L^2_error: 9.842e-01, lr: 1.000e-03, Time: 7.81e+01
INFO:src.utils.logger:Model state saved to results\barrier\Classical\20260226-085332_seed0_pinn_2-64-64-64-2_v3f\checkpoints\2026-02-26_08-53-57-401263_barrier_Classical_seed0\model.pth
INFO:src.utils.logger:Model weights saved to results\barrier\Classical\20260226-085332_seed0_pinn_2-64-64-64-2_v3f\checkpoints\2026-02-26_08-53-57-401263_barrier_Classical_seed0\model_weights.pth
INFO:src.utils.logger:It: 1000, Loss: 1.396e+01, Loss_res: 1.149e+01,  Loss_bcs: 0.000e+00, Loss_ut_ics: 1.887e-03, Loss_norm: 3.800e-02, Loss_gauge: 0.000e+00, w_pde: 1.00e+00, L^2_error: 9.624e-01, lr: 1.000e-03, Time: 7.96e+01
INFO:src.utils.logger:Model state saved to results\barrier\Classical\20260226-085332_seed0_pinn_2-64-64-64-2_v3f\checkpoints\2026-02-26_08-53-57-401263_barrier_Classical_seed0\model.pth
INFO:src.utils.logger:Model weights saved to results\barrier\Classical\20260226-085332_seed0_pinn_2-64-64-64-2_v3f\checkpoints\2026-02-26_08-53-57-401263_barrier_Classical_seed0\model_weights.pth
INFO:src.utils.logger:It: 1020, Loss: 1.538e+01, Loss_res: 1.352e+01,  Loss_bcs: 0.000e+00, Loss_ut_ics: 1.198e-03, Loss_norm: 2.992e-02, Loss_gauge: 0.000e+00, w_pde: 1.00e+00, L^2_error: 9.634e-01, lr: 1.000e-03, Time: 8.10e+01
INFO:src.utils.logger:Model state saved to results\barrier\Classical\20260226-085332_seed0_pinn_2-64-64-64-2_v3f\checkpoints\2026-02-26_08-53-57-401263_barrier_Classical_seed0\model.pth
INFO:src.utils.logger:Model weights saved to results\barrier\Classical\20260226-085332_seed0_pinn_2-64-64-64-2_v3f\checkpoints\2026-02-26_08-53-57-401263_barrier_Classical_seed0\model_weights.pth
INFO:src.utils.logger:It: 1040, Loss: 1.523e+01, Loss_res: 1.322e+01,  Loss_bcs: 0.000e+00, Loss_ut_ics: 1.709e-03, Loss_norm: 2.983e-02, Loss_gauge: 0.000e+00, w_pde: 1.00e+00, L^2_error: 9.349e-01, lr: 1.000e-03, Time: 8.27e+01
INFO:src.utils.logger:Model state saved to results\barrier\Classical\20260226-085332_seed0_pinn_2-64-64-64-2_v3f\checkpoints\2026-02-26_08-53-57-401263_barrier_Classical_seed0\model.pth
INFO:src.utils.logger:Model weights saved to results\barrier\Classical\20260226-085332_seed0_pinn_2-64-64-64-2_v3f\checkpoints\2026-02-26_08-53-57-401263_barrier_Classical_seed0\model_weights.pth
INFO:src.utils.logger:It: 1060, Loss: 1.353e+01, Loss_res: 1.154e+01,  Loss_bcs: 0.000e+00, Loss_ut_ics: 1.468e-03, Loss_norm: 3.095e-02, Loss_gauge: 0.000e+00, w_pde: 1.00e+00, L^2_error: 9.183e-01, lr: 1.000e-03, Time: 8.42e+01
INFO:src.utils.logger:Model state saved to results\barrier\Classical\20260226-085332_seed0_pinn_2-64-64-64-2_v3f\checkpoints\2026-02-26_08-53-57-401263_barrier_Classical_seed0\model.pth
INFO:src.utils.logger:Model weights saved to results\barrier\Classical\20260226-085332_seed0_pinn_2-64-64-64-2_v3f\checkpoints\2026-02-26_08-53-57-401263_barrier_Classical_seed0\model_weights.pth
INFO:src.utils.logger:It: 1080, Loss: 1.198e+01, Loss_res: 1.004e+01,  Loss_bcs: 0.000e+00, Loss_ut_ics: 1.166e-03, Loss_norm: 3.177e-02, Loss_gauge: 0.000e+00, w_pde: 1.00e+00, L^2_error: 8.965e-01, lr: 1.000e-03, Time: 8.57e+01
INFO:src.utils.logger:Model state saved to results\barrier\Classical\20260226-085332_seed0_pinn_2-64-64-64-2_v3f\checkpoints\2026-02-26_08-53-57-401263_barrier_Classical_seed0\model.pth
INFO:src.utils.logger:Model weights saved to results\barrier\Classical\20260226-085332_seed0_pinn_2-64-64-64-2_v3f\checkpoints\2026-02-26_08-53-57-401263_barrier_Classical_seed0\model_weights.pth
INFO:src.utils.logger:It: 1100, Loss: 1.148e+01, Loss_res: 9.932e+00,  Loss_bcs: 0.000e+00, Loss_ut_ics: 1.040e-03, Loss_norm: 2.465e-02, Loss_gauge: 0.000e+00, w_pde: 1.00e+00, L^2_error: 8.615e-01, lr: 1.000e-03, Time: 8.72e+01
INFO:src.utils.logger:Model state saved to results\barrier\Classical\20260226-085332_seed0_pinn_2-64-64-64-2_v3f\checkpoints\2026-02-26_08-53-57-401263_barrier_Classical_seed0\model.pth
INFO:src.utils.logger:Model weights saved to results\barrier\Classical\20260226-085332_seed0_pinn_2-64-64-64-2_v3f\checkpoints\2026-02-26_08-53-57-401263_barrier_Classical_seed0\model_weights.pth
INFO:src.utils.logger:It: 1120, Loss: 1.193e+01, Loss_res: 1.019e+01,  Loss_bcs: 0.000e+00, Loss_ut_ics: 1.784e-03, Loss_norm: 2.400e-02, Loss_gauge: 0.000e+00, w_pde: 1.00e+00, L^2_error: 8.569e-01, lr: 1.000e-03, Time: 8.89e+01
INFO:src.utils.logger:Model state saved to results\barrier\Classical\20260226-085332_seed0_pinn_2-64-64-64-2_v3f\checkpoints\2026-02-26_08-53-57-401263_barrier_Classical_seed0\model.pth
INFO:src.utils.logger:Model weights saved to results\barrier\Classical\20260226-085332_seed0_pinn_2-64-64-64-2_v3f\checkpoints\2026-02-26_08-53-57-401263_barrier_Classical_seed0\model_weights.pth
INFO:src.utils.logger:It: 1140, Loss: 1.320e+01, Loss_res: 1.149e+01,  Loss_bcs: 0.000e+00, Loss_ut_ics: 1.206e-03, Loss_norm: 2.701e-02, Loss_gauge: 0.000e+00, w_pde: 1.00e+00, L^2_error: 8.159e-01, lr: 1.000e-03, Time: 9.04e+01
INFO:src.utils.logger:Model state saved to results\barrier\Classical\20260226-085332_seed0_pinn_2-64-64-64-2_v3f\checkpoints\2026-02-26_08-53-57-401263_barrier_Classical_seed0\model.pth
INFO:src.utils.logger:Model weights saved to results\barrier\Classical\20260226-085332_seed0_pinn_2-64-64-64-2_v3f\checkpoints\2026-02-26_08-53-57-401263_barrier_Classical_seed0\model_weights.pth
INFO:src.utils.logger:It: 1160, Loss: 1.085e+01, Loss_res: 8.991e+00,  Loss_bcs: 0.000e+00, Loss_ut_ics: 1.138e-03, Loss_norm: 3.043e-02, Loss_gauge: 0.000e+00, w_pde: 1.00e+00, L^2_error: 8.031e-01, lr: 1.000e-03, Time: 9.19e+01
INFO:src.utils.logger:Model state saved to results\barrier\Classical\20260226-085332_seed0_pinn_2-64-64-64-2_v3f\checkpoints\2026-02-26_08-53-57-401263_barrier_Classical_seed0\model.pth
INFO:src.utils.logger:Model weights saved to results\barrier\Classical\20260226-085332_seed0_pinn_2-64-64-64-2_v3f\checkpoints\2026-02-26_08-53-57-401263_barrier_Classical_seed0\model_weights.pth
INFO:src.utils.logger:It: 1180, Loss: 9.383e+00, Loss_res: 7.798e+00,  Loss_bcs: 0.000e+00, Loss_ut_ics: 1.172e-03, Loss_norm: 2.466e-02, Loss_gauge: 0.000e+00, w_pde: 1.00e+00, L^2_error: 7.556e-01, lr: 1.000e-03, Time: 9.36e+01
INFO:src.utils.logger:Model state saved to results\barrier\Classical\20260226-085332_seed0_pinn_2-64-64-64-2_v3f\checkpoints\2026-02-26_08-53-57-401263_barrier_Classical_seed0\model.pth
INFO:src.utils.logger:Model weights saved to results\barrier\Classical\20260226-085332_seed0_pinn_2-64-64-64-2_v3f\checkpoints\2026-02-26_08-53-57-401263_barrier_Classical_seed0\model_weights.pth
INFO:src.utils.logger:It: 1200, Loss: 9.956e+00, Loss_res: 8.371e+00,  Loss_bcs: 0.000e+00, Loss_ut_ics: 1.036e-03, Loss_norm: 2.549e-02, Loss_gauge: 0.000e+00, w_pde: 1.00e+00, L^2_error: 7.698e-01, lr: 1.000e-03, Time: 9.50e+01
INFO:src.utils.logger:Model state saved to results\barrier\Classical\20260226-085332_seed0_pinn_2-64-64-64-2_v3f\checkpoints\2026-02-26_08-53-57-401263_barrier_Classical_seed0\model.pth
INFO:src.utils.logger:Model weights saved to results\barrier\Classical\20260226-085332_seed0_pinn_2-64-64-64-2_v3f\checkpoints\2026-02-26_08-53-57-401263_barrier_Classical_seed0\model_weights.pth
INFO:src.utils.logger:It: 1220, Loss: 9.782e+00, Loss_res: 7.947e+00,  Loss_bcs: 0.000e+00, Loss_ut_ics: 1.411e-03, Loss_norm: 2.823e-02, Loss_gauge: 0.000e+00, w_pde: 1.00e+00, L^2_error: 7.298e-01, lr: 1.000e-03, Time: 9.66e+01
INFO:src.utils.logger:Model state saved to results\barrier\Classical\20260226-085332_seed0_pinn_2-64-64-64-2_v3f\checkpoints\2026-02-26_08-53-57-401263_barrier_Classical_seed0\model.pth
INFO:src.utils.logger:Model weights saved to results\barrier\Classical\20260226-085332_seed0_pinn_2-64-64-64-2_v3f\checkpoints\2026-02-26_08-53-57-401263_barrier_Classical_seed0\model_weights.pth
INFO:src.utils.logger:It: 1240, Loss: 8.573e+00, Loss_res: 7.097e+00,  Loss_bcs: 0.000e+00, Loss_ut_ics: 5.257e-04, Loss_norm: 2.636e-02, Loss_gauge: 0.000e+00, w_pde: 1.00e+00, L^2_error: 7.106e-01, lr: 1.000e-03, Time: 9.82e+01
INFO:src.utils.logger:Model state saved to results\barrier\Classical\20260226-085332_seed0_pinn_2-64-64-64-2_v3f\checkpoints\2026-02-26_08-53-57-401263_barrier_Classical_seed0\model.pth
INFO:src.utils.logger:Model weights saved to results\barrier\Classical\20260226-085332_seed0_pinn_2-64-64-64-2_v3f\checkpoints\2026-02-26_08-53-57-401263_barrier_Classical_seed0\model_weights.pth
INFO:src.utils.logger:It: 1260, Loss: 8.382e+00, Loss_res: 6.682e+00,  Loss_bcs: 0.000e+00, Loss_ut_ics: 7.352e-04, Loss_norm: 2.960e-02, Loss_gauge: 0.000e+00, w_pde: 1.00e+00, L^2_error: 6.797e-01, lr: 1.000e-03, Time: 9.98e+01
INFO:src.utils.logger:Model state saved to results\barrier\Classical\20260226-085332_seed0_pinn_2-64-64-64-2_v3f\checkpoints\2026-02-26_08-53-57-401263_barrier_Classical_seed0\model.pth
INFO:src.utils.logger:Model weights saved to results\barrier\Classical\20260226-085332_seed0_pinn_2-64-64-64-2_v3f\checkpoints\2026-02-26_08-53-57-401263_barrier_Classical_seed0\model_weights.pth
INFO:src.utils.logger:It: 1280, Loss: 8.062e+00, Loss_res: 6.827e+00,  Loss_bcs: 0.000e+00, Loss_ut_ics: 1.313e-03, Loss_norm: 1.682e-02, Loss_gauge: 0.000e+00, w_pde: 1.00e+00, L^2_error: 6.164e-01, lr: 1.000e-03, Time: 1.01e+02
INFO:src.utils.logger:Model state saved to results\barrier\Classical\20260226-085332_seed0_pinn_2-64-64-64-2_v3f\checkpoints\2026-02-26_08-53-57-401263_barrier_Classical_seed0\model.pth
INFO:src.utils.logger:Model weights saved to results\barrier\Classical\20260226-085332_seed0_pinn_2-64-64-64-2_v3f\checkpoints\2026-02-26_08-53-57-401263_barrier_Classical_seed0\model_weights.pth
INFO:src.utils.logger:It: 1300, Loss: 8.486e+00, Loss_res: 7.397e+00,  Loss_bcs: 0.000e+00, Loss_ut_ics: 8.104e-04, Loss_norm: 1.690e-02, Loss_gauge: 0.000e+00, w_pde: 1.00e+00, L^2_error: 6.073e-01, lr: 1.000e-03, Time: 1.03e+02
INFO:src.utils.logger:Model state saved to results\barrier\Classical\20260226-085332_seed0_pinn_2-64-64-64-2_v3f\checkpoints\2026-02-26_08-53-57-401263_barrier_Classical_seed0\model.pth
INFO:src.utils.logger:Model weights saved to results\barrier\Classical\20260226-085332_seed0_pinn_2-64-64-64-2_v3f\checkpoints\2026-02-26_08-53-57-401263_barrier_Classical_seed0\model_weights.pth
INFO:src.utils.logger:It: 1320, Loss: 7.135e+00, Loss_res: 5.524e+00,  Loss_bcs: 0.000e+00, Loss_ut_ics: 8.888e-04, Loss_norm: 2.688e-02, Loss_gauge: 0.000e+00, w_pde: 1.00e+00, L^2_error: 6.057e-01, lr: 1.000e-03, Time: 1.04e+02
INFO:src.utils.logger:Model state saved to results\barrier\Classical\20260226-085332_seed0_pinn_2-64-64-64-2_v3f\checkpoints\2026-02-26_08-53-57-401263_barrier_Classical_seed0\model.pth
INFO:src.utils.logger:Model weights saved to results\barrier\Classical\20260226-085332_seed0_pinn_2-64-64-64-2_v3f\checkpoints\2026-02-26_08-53-57-401263_barrier_Classical_seed0\model_weights.pth
INFO:src.utils.logger:It: 1340, Loss: 6.890e+00, Loss_res: 5.740e+00,  Loss_bcs: 0.000e+00, Loss_ut_ics: 3.268e-04, Loss_norm: 2.105e-02, Loss_gauge: 0.000e+00, w_pde: 1.00e+00, L^2_error: 5.714e-01, lr: 1.000e-03, Time: 1.06e+02
INFO:src.utils.logger:Model state saved to results\barrier\Classical\20260226-085332_seed0_pinn_2-64-64-64-2_v3f\checkpoints\2026-02-26_08-53-57-401263_barrier_Classical_seed0\model.pth
INFO:src.utils.logger:Model weights saved to results\barrier\Classical\20260226-085332_seed0_pinn_2-64-64-64-2_v3f\checkpoints\2026-02-26_08-53-57-401263_barrier_Classical_seed0\model_weights.pth
INFO:src.utils.logger:It: 1360, Loss: 5.764e+00, Loss_res: 4.699e+00,  Loss_bcs: 0.000e+00, Loss_ut_ics: 5.788e-04, Loss_norm: 1.782e-02, Loss_gauge: 0.000e+00, w_pde: 1.00e+00, L^2_error: 5.331e-01, lr: 1.000e-03, Time: 1.08e+02
INFO:src.utils.logger:Model state saved to results\barrier\Classical\20260226-085332_seed0_pinn_2-64-64-64-2_v3f\checkpoints\2026-02-26_08-53-57-401263_barrier_Classical_seed0\model.pth
INFO:src.utils.logger:Model weights saved to results\barrier\Classical\20260226-085332_seed0_pinn_2-64-64-64-2_v3f\checkpoints\2026-02-26_08-53-57-401263_barrier_Classical_seed0\model_weights.pth
INFO:src.utils.logger:It: 1380, Loss: 6.024e+00, Loss_res: 5.305e+00,  Loss_bcs: 0.000e+00, Loss_ut_ics: 5.298e-04, Loss_norm: 1.121e-02, Loss_gauge: 0.000e+00, w_pde: 1.00e+00, L^2_error: 5.251e-01, lr: 1.000e-03, Time: 1.09e+02
INFO:src.utils.logger:Model state saved to results\barrier\Classical\20260226-085332_seed0_pinn_2-64-64-64-2_v3f\checkpoints\2026-02-26_08-53-57-401263_barrier_Classical_seed0\model.pth
INFO:src.utils.logger:Model weights saved to results\barrier\Classical\20260226-085332_seed0_pinn_2-64-64-64-2_v3f\checkpoints\2026-02-26_08-53-57-401263_barrier_Classical_seed0\model_weights.pth
INFO:src.utils.logger:It: 1400, Loss: 5.314e+00, Loss_res: 4.715e+00,  Loss_bcs: 0.000e+00, Loss_ut_ics: 3.919e-04, Loss_norm: 9.636e-03, Loss_gauge: 0.000e+00, w_pde: 1.00e+00, L^2_error: 4.824e-01, lr: 1.000e-03, Time: 1.11e+02
INFO:src.utils.logger:Model state saved to results\barrier\Classical\20260226-085332_seed0_pinn_2-64-64-64-2_v3f\checkpoints\2026-02-26_08-53-57-401263_barrier_Classical_seed0\model.pth
INFO:src.utils.logger:Model weights saved to results\barrier\Classical\20260226-085332_seed0_pinn_2-64-64-64-2_v3f\checkpoints\2026-02-26_08-53-57-401263_barrier_Classical_seed0\model_weights.pth
INFO:src.utils.logger:It: 1420, Loss: 5.346e+00, Loss_res: 4.677e+00,  Loss_bcs: 0.000e+00, Loss_ut_ics: 2.886e-04, Loss_norm: 1.164e-02, Loss_gauge: 0.000e+00, w_pde: 1.00e+00, L^2_error: 4.916e-01, lr: 1.000e-03, Time: 1.12e+02
INFO:src.utils.logger:Model state saved to results\barrier\Classical\20260226-085332_seed0_pinn_2-64-64-64-2_v3f\checkpoints\2026-02-26_08-53-57-401263_barrier_Classical_seed0\model.pth
INFO:src.utils.logger:Model weights saved to results\barrier\Classical\20260226-085332_seed0_pinn_2-64-64-64-2_v3f\checkpoints\2026-02-26_08-53-57-401263_barrier_Classical_seed0\model_weights.pth
INFO:src.utils.logger:It: 1440, Loss: 5.913e+00, Loss_res: 5.370e+00,  Loss_bcs: 0.000e+00, Loss_ut_ics: 2.725e-04, Loss_norm: 9.222e-03, Loss_gauge: 0.000e+00, w_pde: 1.00e+00, L^2_error: 4.748e-01, lr: 1.000e-03, Time: 1.14e+02
INFO:src.utils.logger:Model state saved to results\barrier\Classical\20260226-085332_seed0_pinn_2-64-64-64-2_v3f\checkpoints\2026-02-26_08-53-57-401263_barrier_Classical_seed0\model.pth
INFO:src.utils.logger:Model weights saved to results\barrier\Classical\20260226-085332_seed0_pinn_2-64-64-64-2_v3f\checkpoints\2026-02-26_08-53-57-401263_barrier_Classical_seed0\model_weights.pth
INFO:src.utils.logger:It: 1460, Loss: 4.792e+00, Loss_res: 4.149e+00,  Loss_bcs: 0.000e+00, Loss_ut_ics: 3.513e-04, Loss_norm: 1.076e-02, Loss_gauge: 0.000e+00, w_pde: 1.00e+00, L^2_error: 4.460e-01, lr: 1.000e-03, Time: 1.15e+02
INFO:src.utils.logger:Model state saved to results\barrier\Classical\20260226-085332_seed0_pinn_2-64-64-64-2_v3f\checkpoints\2026-02-26_08-53-57-401263_barrier_Classical_seed0\model.pth
INFO:src.utils.logger:Model weights saved to results\barrier\Classical\20260226-085332_seed0_pinn_2-64-64-64-2_v3f\checkpoints\2026-02-26_08-53-57-401263_barrier_Classical_seed0\model_weights.pth
INFO:src.utils.logger:It: 1480, Loss: 4.101e+00, Loss_res: 3.754e+00,  Loss_bcs: 0.000e+00, Loss_ut_ics: 1.525e-04, Loss_norm: 6.032e-03, Loss_gauge: 0.000e+00, w_pde: 1.00e+00, L^2_error: 4.201e-01, lr: 1.000e-03, Time: 1.17e+02
INFO:src.utils.logger:Model state saved to results\barrier\Classical\20260226-085332_seed0_pinn_2-64-64-64-2_v3f\checkpoints\2026-02-26_08-53-57-401263_barrier_Classical_seed0\model.pth
INFO:src.utils.logger:Model weights saved to results\barrier\Classical\20260226-085332_seed0_pinn_2-64-64-64-2_v3f\checkpoints\2026-02-26_08-53-57-401263_barrier_Classical_seed0\model_weights.pth
INFO:src.utils.logger:It: 1500, Loss: 3.825e+00, Loss_res: 3.335e+00,  Loss_bcs: 0.000e+00, Loss_ut_ics: 6.073e-04, Loss_norm: 6.162e-03, Loss_gauge: 0.000e+00, w_pde: 1.00e+00, L^2_error: 4.533e-01, lr: 1.000e-03, Time: 1.18e+02
INFO:src.utils.logger:Model state saved to results\barrier\Classical\20260226-085332_seed0_pinn_2-64-64-64-2_v3f\checkpoints\2026-02-26_08-53-57-401263_barrier_Classical_seed0\model.pth
INFO:src.utils.logger:Model weights saved to results\barrier\Classical\20260226-085332_seed0_pinn_2-64-64-64-2_v3f\checkpoints\2026-02-26_08-53-57-401263_barrier_Classical_seed0\model_weights.pth
INFO:src.utils.logger:checkpoint path: self.log_path='results\\barrier\\Classical\\20260226-085910_seed0_pinn_2-64-64-64-2_v3f-test2.5ke\\checkpoints\\2026-02-26_08-59-12-203565_barrier_Classical_seed0'
