Using DV Solver
Total number of parameters: 4113
The circuit used in the study:
It: 1, Loss: 1.013e+00, Loss_res: 3.957e-01,  Loss_bcs: 1.118e-02, Loss_ut_ics: 1.051e-01, lr: 1.000e-03, Time: 2.01e+00
Model state saved to ./results/benchmarks/schrodinger/parameter_grid/2025-09-02_11-45-50-074034/model.pth
Model state saved to ./results/benchmarks/schrodinger/parameter_grid/2025-09-02_11-45-50-074034/model_weights.pth
It: 10, Loss: 4.181e-01, Loss_res: 9.418e-02,  Loss_bcs: 3.283e-03, Loss_ut_ics: 1.132e-01, lr: 1.000e-03, Time: 1.84e+01
Model state saved to ./results/benchmarks/schrodinger/parameter_grid/2025-09-02_11-45-50-074034/model.pth
Model state saved to ./results/benchmarks/schrodinger/parameter_grid/2025-09-02_11-45-50-074034/model_weights.pth
It: 20, Loss: 3.373e-01, Loss_res: 5.837e-02,  Loss_bcs: 2.103e-03, Loss_ut_ics: 1.092e-01, lr: 1.000e-03, Time: 3.65e+01
Model state saved to ./results/benchmarks/schrodinger/parameter_grid/2025-09-02_11-45-50-074034/model.pth
Model state saved to ./results/benchmarks/schrodinger/parameter_grid/2025-09-02_11-45-50-074034/model_weights.pth
It: 30, Loss: 1.458e-01, Loss_res: 1.206e-03,  Loss_bcs: 4.945e-05, Loss_ut_ics: 7.168e-02, lr: 1.000e-03, Time: 5.50e+01
Model state saved to ./results/benchmarks/schrodinger/parameter_grid/2025-09-02_11-45-50-074034/model.pth
Model state saved to ./results/benchmarks/schrodinger/parameter_grid/2025-09-02_11-45-50-074034/model_weights.pth
It: 40, Loss: 1.236e-01, Loss_res: 8.044e-03,  Loss_bcs: 5.836e-04, Loss_ut_ics: 5.346e-02, lr: 1.000e-03, Time: 7.36e+01
Model state saved to ./results/benchmarks/schrodinger/parameter_grid/2025-09-02_11-45-50-074034/model.pth
Model state saved to ./results/benchmarks/schrodinger/parameter_grid/2025-09-02_11-45-50-074034/model_weights.pth
It: 50, Loss: 2.442e-01, Loss_res: 6.689e-03,  Loss_bcs: 4.574e-04, Loss_ut_ics: 1.152e-01, lr: 1.000e-03, Time: 9.15e+01
Model state saved to ./results/benchmarks/schrodinger/parameter_grid/2025-09-02_11-45-50-074034/model.pth
Model state saved to ./results/benchmarks/schrodinger/parameter_grid/2025-09-02_11-45-50-074034/model_weights.pth
It: 60, Loss: 1.506e-01, Loss_res: 2.345e-04,  Loss_bcs: 3.808e-05, Loss_ut_ics: 7.507e-02, lr: 1.000e-03, Time: 1.09e+02
Model state saved to ./results/benchmarks/schrodinger/parameter_grid/2025-09-02_11-45-50-074034/model.pth
Model state saved to ./results/benchmarks/schrodinger/parameter_grid/2025-09-02_11-45-50-074034/model_weights.pth
It: 70, Loss: 3.195e-01, Loss_res: 2.061e-03,  Loss_bcs: 4.609e-05, Loss_ut_ics: 1.577e-01, lr: 1.000e-03, Time: 1.27e+02
Model state saved to ./results/benchmarks/schrodinger/parameter_grid/2025-09-02_11-45-50-074034/model.pth
Model state saved to ./results/benchmarks/schrodinger/parameter_grid/2025-09-02_11-45-50-074034/model_weights.pth
It: 80, Loss: 5.182e-01, Loss_res: 2.001e-03,  Loss_bcs: 2.315e-04, Loss_ut_ics: 2.570e-01, lr: 1.000e-03, Time: 1.45e+02
Model state saved to ./results/benchmarks/schrodinger/parameter_grid/2025-09-02_11-45-50-074034/model.pth
Model state saved to ./results/benchmarks/schrodinger/parameter_grid/2025-09-02_11-45-50-074034/model_weights.pth
It: 90, Loss: 3.720e-01, Loss_res: 4.772e-04,  Loss_bcs: 3.915e-05, Loss_ut_ics: 1.855e-01, lr: 1.000e-03, Time: 1.63e+02
Model state saved to ./results/benchmarks/schrodinger/parameter_grid/2025-09-02_11-45-50-074034/model.pth
Model state saved to ./results/benchmarks/schrodinger/parameter_grid/2025-09-02_11-45-50-074034/model_weights.pth
It: 100, Loss: 1.356e-01, Loss_res: 3.231e-03,  Loss_bcs: 1.224e-04, Loss_ut_ics: 6.451e-02, lr: 1.000e-03, Time: 1.81e+02
Model state saved to ./results/benchmarks/schrodinger/parameter_grid/2025-09-02_11-45-50-074034/model.pth
Model state saved to ./results/benchmarks/schrodinger/parameter_grid/2025-09-02_11-45-50-074034/model_weights.pth
Model state saved to ./results/benchmarks/schrodinger/parameter_grid/2025-09-02_11-45-50-074034/model.pth
Model state saved to ./results/benchmarks/schrodinger/parameter_grid/2025-09-02_11-45-50-074034/model_weights.pth
Training completed successfuly!, shots made: 3000
Model score: 0.20055149495601654, under: ./results/benchmarks/schrodinger/parameter_grid/2025-09-02_11-42-28-094702
Model state saved to ./results/benchmarks/schrodinger/parameter_grid/2025-09-02_11-42-28-094702/model.pth
Model state saved to ./results/benchmarks/schrodinger/parameter_grid/2025-09-02_11-42-28-094702/model_weights.pth
Using DV Solver
Total number of parameters: 43
The circuit used in the study:
It: 1, Loss: 4.632e+01, Loss_res: 2.215e+01,  Loss_bcs: 7.236e-01, Loss_ut_ics: 6.528e-01, lr: 1.000e-03, Time: 2.91e+00
Model state saved to ./results/benchmarks/schrodinger/parameter_grid/2025-09-02_11-48-51-715013/model.pth
Model state saved to ./results/benchmarks/schrodinger/parameter_grid/2025-09-02_11-48-51-715013/model_weights.pth
