It: 1, Loss: 8.170e+02, Loss_res: 7.259e-01,  Loss_bcs: 0.000e+00, Loss_ut_ics: 1.021e+00, Loss_norm: 9.752e-01, Loss_gauge: 0.000e+00, w_pde: 0.00e+00, L^2_error: 1.013e+00, lr: 1.000e-03, Time: 9.79e-01
Model state saved to ./results/models/checkpoints/smoke_schrodinger\2025-12-23_13-28-19-124154_barrier_DV\model.pth
Model weights saved to ./results/models/checkpoints/smoke_schrodinger\2025-12-23_13-28-19-124154_barrier_DV\model_weights.pth
It: 10, Loss: 7.462e+02, Loss_res: 1.668e+00,  Loss_bcs: 0.000e+00, Loss_ut_ics: 9.328e-01, Loss_norm: 9.711e-01, Loss_gauge: 0.000e+00, w_pde: 0.00e+00, L^2_error: 1.052e+00, lr: 1.000e-03, Time: 9.00e+00
Model state saved to ./results/models/checkpoints/smoke_schrodinger\2025-12-23_13-28-19-124154_barrier_DV\model.pth
Model weights saved to ./results/models/checkpoints/smoke_schrodinger\2025-12-23_13-28-19-124154_barrier_DV\model_weights.pth
It: 20, Loss: 6.502e+02, Loss_res: 5.719e+00,  Loss_bcs: 0.000e+00, Loss_ut_ics: 8.127e-01, Loss_norm: 9.409e-01, Loss_gauge: 0.000e+00, w_pde: 0.00e+00, L^2_error: 1.123e+00, lr: 1.000e-03, Time: 1.83e+01
Model state saved to ./results/models/checkpoints/smoke_schrodinger\2025-12-23_13-28-19-124154_barrier_DV\model.pth
Model weights saved to ./results/models/checkpoints/smoke_schrodinger\2025-12-23_13-28-19-124154_barrier_DV\model_weights.pth
It: 30, Loss: 5.075e+02, Loss_res: 1.518e+01,  Loss_bcs: 0.000e+00, Loss_ut_ics: 6.343e-01, Loss_norm: 8.970e-01, Loss_gauge: 0.000e+00, w_pde: 0.00e+00, L^2_error: 1.222e+00, lr: 1.000e-03, Time: 2.78e+01
Model state saved to ./results/models/checkpoints/smoke_schrodinger\2025-12-23_13-28-19-124154_barrier_DV\model.pth
Model weights saved to ./results/models/checkpoints/smoke_schrodinger\2025-12-23_13-28-19-124154_barrier_DV\model_weights.pth
It: 40, Loss: 3.316e+02, Loss_res: 4.683e+01,  Loss_bcs: 0.000e+00, Loss_ut_ics: 4.145e-01, Loss_norm: 7.445e-01, Loss_gauge: 0.000e+00, w_pde: 0.00e+00, L^2_error: 1.378e+00, lr: 1.000e-03, Time: 3.67e+01
Model state saved to ./results/models/checkpoints/smoke_schrodinger\2025-12-23_13-28-19-124154_barrier_DV\model.pth
Model weights saved to ./results/models/checkpoints/smoke_schrodinger\2025-12-23_13-28-19-124154_barrier_DV\model_weights.pth
It: 50, Loss: 1.640e+02, Loss_res: 1.065e+02,  Loss_bcs: 0.000e+00, Loss_ut_ics: 2.050e-01, Loss_norm: 4.805e-01, Loss_gauge: 0.000e+00, w_pde: 0.00e+00, L^2_error: 1.568e+00, lr: 1.000e-03, Time: 4.63e+01
Model state saved to ./results/models/checkpoints/smoke_schrodinger\2025-12-23_13-28-19-124154_barrier_DV\model.pth
Model weights saved to ./results/models/checkpoints/smoke_schrodinger\2025-12-23_13-28-19-124154_barrier_DV\model_weights.pth
It: 60, Loss: 5.227e+01, Loss_res: 2.085e+02,  Loss_bcs: 0.000e+00, Loss_ut_ics: 6.534e-02, Loss_norm: 1.885e-01, Loss_gauge: 0.000e+00, w_pde: 0.00e+00, L^2_error: 1.765e+00, lr: 1.000e-03, Time: 5.59e+01
Model state saved to ./results/models/checkpoints/smoke_schrodinger\2025-12-23_13-28-19-124154_barrier_DV\model.pth
Model weights saved to ./results/models/checkpoints/smoke_schrodinger\2025-12-23_13-28-19-124154_barrier_DV\model_weights.pth
It: 70, Loss: 1.041e+01, Loss_res: 3.973e+02,  Loss_bcs: 0.000e+00, Loss_ut_ics: 1.301e-02, Loss_norm: 2.447e-02, Loss_gauge: 0.000e+00, w_pde: 0.00e+00, L^2_error: 1.925e+00, lr: 1.000e-03, Time: 6.60e+01
Model state saved to ./results/models/checkpoints/smoke_schrodinger\2025-12-23_13-28-19-124154_barrier_DV\model.pth
Model weights saved to ./results/models/checkpoints/smoke_schrodinger\2025-12-23_13-28-19-124154_barrier_DV\model_weights.pth
It: 80, Loss: 7.227e+00, Loss_res: 4.573e+02,  Loss_bcs: 0.000e+00, Loss_ut_ics: 9.034e-03, Loss_norm: 6.629e-04, Loss_gauge: 0.000e+00, w_pde: 0.00e+00, L^2_error: 2.010e+00, lr: 1.000e-03, Time: 7.56e+01
Model state saved to ./results/models/checkpoints/smoke_schrodinger\2025-12-23_13-28-19-124154_barrier_DV\model.pth
Model weights saved to ./results/models/checkpoints/smoke_schrodinger\2025-12-23_13-28-19-124154_barrier_DV\model_weights.pth
It: 90, Loss: 7.757e+00, Loss_res: 4.745e+02,  Loss_bcs: 0.000e+00, Loss_ut_ics: 9.697e-03, Loss_norm: 3.679e-03, Loss_gauge: 0.000e+00, w_pde: 0.00e+00, L^2_error: 2.021e+00, lr: 1.000e-03, Time: 8.64e+01
Model state saved to ./results/models/checkpoints/smoke_schrodinger\2025-12-23_13-28-19-124154_barrier_DV\model.pth
Model weights saved to ./results/models/checkpoints/smoke_schrodinger\2025-12-23_13-28-19-124154_barrier_DV\model_weights.pth
It: 100, Loss: 5.796e+00, Loss_res: 4.754e+02,  Loss_bcs: 0.000e+00, Loss_ut_ics: 7.245e-03, Loss_norm: 5.502e-07, Loss_gauge: 0.000e+00, w_pde: 0.00e+00, L^2_error: 1.988e+00, lr: 1.000e-03, Time: 9.69e+01
Model state saved to ./results/models/checkpoints/smoke_schrodinger\2025-12-23_13-28-19-124154_barrier_DV\model.pth
Model weights saved to ./results/models/checkpoints/smoke_schrodinger\2025-12-23_13-28-19-124154_barrier_DV\model_weights.pth
It: 110, Loss: 5.194e+00, Loss_res: 4.137e+02,  Loss_bcs: 0.000e+00, Loss_ut_ics: 6.492e-03, Loss_norm: 1.853e-03, Loss_gauge: 0.000e+00, w_pde: 0.00e+00, L^2_error: 1.972e+00, lr: 1.000e-03, Time: 1.07e+02
Model state saved to ./results/models/checkpoints/smoke_schrodinger\2025-12-23_13-28-19-124154_barrier_DV\model.pth
Model weights saved to ./results/models/checkpoints/smoke_schrodinger\2025-12-23_13-28-19-124154_barrier_DV\model_weights.pth
It: 120, Loss: 4.457e+00, Loss_res: 4.440e+02,  Loss_bcs: 0.000e+00, Loss_ut_ics: 5.571e-03, Loss_norm: 4.144e-04, Loss_gauge: 0.000e+00, w_pde: 0.00e+00, L^2_error: 1.984e+00, lr: 1.000e-03, Time: 1.18e+02
Model state saved to ./results/models/checkpoints/smoke_schrodinger\2025-12-23_13-28-19-124154_barrier_DV\model.pth
Model weights saved to ./results/models/checkpoints/smoke_schrodinger\2025-12-23_13-28-19-124154_barrier_DV\model_weights.pth
It: 130, Loss: 3.993e+00, Loss_res: 4.007e+02,  Loss_bcs: 0.000e+00, Loss_ut_ics: 4.991e-03, Loss_norm: 3.269e-04, Loss_gauge: 0.000e+00, w_pde: 0.00e+00, L^2_error: 1.984e+00, lr: 1.000e-03, Time: 1.29e+02
Model state saved to ./results/models/checkpoints/smoke_schrodinger\2025-12-23_13-28-19-124154_barrier_DV\model.pth
Model weights saved to ./results/models/checkpoints/smoke_schrodinger\2025-12-23_13-28-19-124154_barrier_DV\model_weights.pth
It: 140, Loss: 3.612e+00, Loss_res: 4.016e+02,  Loss_bcs: 0.000e+00, Loss_ut_ics: 4.515e-03, Loss_norm: 5.549e-04, Loss_gauge: 0.000e+00, w_pde: 0.00e+00, L^2_error: 1.981e+00, lr: 1.000e-03, Time: 1.40e+02
Model state saved to ./results/models/checkpoints/smoke_schrodinger\2025-12-23_13-28-19-124154_barrier_DV\model.pth
Model weights saved to ./results/models/checkpoints/smoke_schrodinger\2025-12-23_13-28-19-124154_barrier_DV\model_weights.pth
It: 150, Loss: 3.283e+00, Loss_res: 3.713e+02,  Loss_bcs: 0.000e+00, Loss_ut_ics: 4.104e-03, Loss_norm: 6.335e-04, Loss_gauge: 0.000e+00, w_pde: 0.00e+00, L^2_error: 1.981e+00, lr: 1.000e-03, Time: 1.50e+02
Model state saved to ./results/models/checkpoints/smoke_schrodinger\2025-12-23_13-28-19-124154_barrier_DV\model.pth
Model weights saved to ./results/models/checkpoints/smoke_schrodinger\2025-12-23_13-28-19-124154_barrier_DV\model_weights.pth
It: 160, Loss: 2.986e+00, Loss_res: 4.197e+02,  Loss_bcs: 0.000e+00, Loss_ut_ics: 3.732e-03, Loss_norm: 5.175e-04, Loss_gauge: 0.000e+00, w_pde: 0.00e+00, L^2_error: 1.982e+00, lr: 1.000e-03, Time: 1.62e+02
Model state saved to ./results/models/checkpoints/smoke_schrodinger\2025-12-23_13-28-19-124154_barrier_DV\model.pth
Model weights saved to ./results/models/checkpoints/smoke_schrodinger\2025-12-23_13-28-19-124154_barrier_DV\model_weights.pth
It: 170, Loss: 2.720e+00, Loss_res: 4.185e+02,  Loss_bcs: 0.000e+00, Loss_ut_ics: 3.400e-03, Loss_norm: 3.928e-04, Loss_gauge: 0.000e+00, w_pde: 0.00e+00, L^2_error: 1.984e+00, lr: 1.000e-03, Time: 1.70e+02
Model state saved to ./results/models/checkpoints/smoke_schrodinger\2025-12-23_13-28-19-124154_barrier_DV\model.pth
Model weights saved to ./results/models/checkpoints/smoke_schrodinger\2025-12-23_13-28-19-124154_barrier_DV\model_weights.pth
It: 180, Loss: 2.484e+00, Loss_res: 4.105e+02,  Loss_bcs: 0.000e+00, Loss_ut_ics: 3.104e-03, Loss_norm: 3.277e-04, Loss_gauge: 0.000e+00, w_pde: 0.00e+00, L^2_error: 1.985e+00, lr: 1.000e-03, Time: 1.79e+02
Model state saved to ./results/models/checkpoints/smoke_schrodinger\2025-12-23_13-28-19-124154_barrier_DV\model.pth
Model weights saved to ./results/models/checkpoints/smoke_schrodinger\2025-12-23_13-28-19-124154_barrier_DV\model_weights.pth
It: 190, Loss: 2.272e+00, Loss_res: 3.858e+02,  Loss_bcs: 0.000e+00, Loss_ut_ics: 2.839e-03, Loss_norm: 2.999e-04, Loss_gauge: 0.000e+00, w_pde: 0.00e+00, L^2_error: 1.985e+00, lr: 1.000e-03, Time: 1.88e+02
Model state saved to ./results/models/checkpoints/smoke_schrodinger\2025-12-23_13-28-19-124154_barrier_DV\model.pth
Model weights saved to ./results/models/checkpoints/smoke_schrodinger\2025-12-23_13-28-19-124154_barrier_DV\model_weights.pth
It: 200, Loss: 2.082e+00, Loss_res: 3.681e+02,  Loss_bcs: 0.000e+00, Loss_ut_ics: 2.602e-03, Loss_norm: 2.760e-04, Loss_gauge: 0.000e+00, w_pde: 0.00e+00, L^2_error: 1.986e+00, lr: 1.000e-03, Time: 1.97e+02
Model state saved to ./results/models/checkpoints/smoke_schrodinger\2025-12-23_13-28-19-124154_barrier_DV\model.pth
Model weights saved to ./results/models/checkpoints/smoke_schrodinger\2025-12-23_13-28-19-124154_barrier_DV\model_weights.pth
It: 210, Loss: 1.912e+00, Loss_res: 4.157e+02,  Loss_bcs: 0.000e+00, Loss_ut_ics: 2.390e-03, Loss_norm: 2.455e-04, Loss_gauge: 0.000e+00, w_pde: 0.00e+00, L^2_error: 1.986e+00, lr: 1.000e-03, Time: 2.07e+02
Model state saved to ./results/models/checkpoints/smoke_schrodinger\2025-12-23_13-28-19-124154_barrier_DV\model.pth
Model weights saved to ./results/models/checkpoints/smoke_schrodinger\2025-12-23_13-28-19-124154_barrier_DV\model_weights.pth
It: 220, Loss: 1.759e+00, Loss_res: 3.237e+02,  Loss_bcs: 0.000e+00, Loss_ut_ics: 2.199e-03, Loss_norm: 2.145e-04, Loss_gauge: 0.000e+00, w_pde: 0.00e+00, L^2_error: 1.987e+00, lr: 1.000e-03, Time: 2.15e+02
Model state saved to ./results/models/checkpoints/smoke_schrodinger\2025-12-23_13-28-19-124154_barrier_DV\model.pth
Model weights saved to ./results/models/checkpoints/smoke_schrodinger\2025-12-23_13-28-19-124154_barrier_DV\model_weights.pth
It: 230, Loss: 1.623e+00, Loss_res: 3.526e+02,  Loss_bcs: 0.000e+00, Loss_ut_ics: 2.029e-03, Loss_norm: 1.886e-04, Loss_gauge: 0.000e+00, w_pde: 0.00e+00, L^2_error: 1.987e+00, lr: 1.000e-03, Time: 2.23e+02
Model state saved to ./results/models/checkpoints/smoke_schrodinger\2025-12-23_13-28-19-124154_barrier_DV\model.pth
Model weights saved to ./results/models/checkpoints/smoke_schrodinger\2025-12-23_13-28-19-124154_barrier_DV\model_weights.pth
It: 240, Loss: 1.500e+00, Loss_res: 3.690e+02,  Loss_bcs: 0.000e+00, Loss_ut_ics: 1.876e-03, Loss_norm: 1.677e-04, Loss_gauge: 0.000e+00, w_pde: 0.00e+00, L^2_error: 1.988e+00, lr: 1.000e-03, Time: 2.31e+02
Model state saved to ./results/models/checkpoints/smoke_schrodinger\2025-12-23_13-28-19-124154_barrier_DV\model.pth
Model weights saved to ./results/models/checkpoints/smoke_schrodinger\2025-12-23_13-28-19-124154_barrier_DV\model_weights.pth
It: 250, Loss: 1.391e+00, Loss_res: 3.927e+02,  Loss_bcs: 0.000e+00, Loss_ut_ics: 1.738e-03, Loss_norm: 1.492e-04, Loss_gauge: 0.000e+00, w_pde: 0.00e+00, L^2_error: 1.988e+00, lr: 1.000e-03, Time: 2.39e+02
Model state saved to ./results/models/checkpoints/smoke_schrodinger\2025-12-23_13-28-19-124154_barrier_DV\model.pth
Model weights saved to ./results/models/checkpoints/smoke_schrodinger\2025-12-23_13-28-19-124154_barrier_DV\model_weights.pth
It: 260, Loss: 1.292e+00, Loss_res: 3.977e+02,  Loss_bcs: 0.000e+00, Loss_ut_ics: 1.615e-03, Loss_norm: 1.324e-04, Loss_gauge: 0.000e+00, w_pde: 0.00e+00, L^2_error: 1.988e+00, lr: 1.000e-03, Time: 2.48e+02
Model state saved to ./results/models/checkpoints/smoke_schrodinger\2025-12-23_13-28-19-124154_barrier_DV\model.pth
Model weights saved to ./results/models/checkpoints/smoke_schrodinger\2025-12-23_13-28-19-124154_barrier_DV\model_weights.pth
It: 270, Loss: 1.204e+00, Loss_res: 3.912e+02,  Loss_bcs: 0.000e+00, Loss_ut_ics: 1.504e-03, Loss_norm: 1.175e-04, Loss_gauge: 0.000e+00, w_pde: 0.00e+00, L^2_error: 1.989e+00, lr: 1.000e-03, Time: 2.56e+02
Model state saved to ./results/models/checkpoints/smoke_schrodinger\2025-12-23_13-28-19-124154_barrier_DV\model.pth
Model weights saved to ./results/models/checkpoints/smoke_schrodinger\2025-12-23_13-28-19-124154_barrier_DV\model_weights.pth
It: 280, Loss: 1.124e+00, Loss_res: 3.563e+02,  Loss_bcs: 0.000e+00, Loss_ut_ics: 1.405e-03, Loss_norm: 1.045e-04, Loss_gauge: 0.000e+00, w_pde: 0.00e+00, L^2_error: 1.989e+00, lr: 1.000e-03, Time: 2.65e+02
Model state saved to ./results/models/checkpoints/smoke_schrodinger\2025-12-23_13-28-19-124154_barrier_DV\model.pth
Model weights saved to ./results/models/checkpoints/smoke_schrodinger\2025-12-23_13-28-19-124154_barrier_DV\model_weights.pth
It: 290, Loss: 1.053e+00, Loss_res: 3.573e+02,  Loss_bcs: 0.000e+00, Loss_ut_ics: 1.316e-03, Loss_norm: 9.309e-05, Loss_gauge: 0.000e+00, w_pde: 0.00e+00, L^2_error: 1.989e+00, lr: 1.000e-03, Time: 2.73e+02
Model state saved to ./results/models/checkpoints/smoke_schrodinger\2025-12-23_13-28-19-124154_barrier_DV\model.pth
Model weights saved to ./results/models/checkpoints/smoke_schrodinger\2025-12-23_13-28-19-124154_barrier_DV\model_weights.pth
It: 300, Loss: 9.885e-01, Loss_res: 3.532e+02,  Loss_bcs: 0.000e+00, Loss_ut_ics: 1.236e-03, Loss_norm: 8.296e-05, Loss_gauge: 0.000e+00, w_pde: 0.00e+00, L^2_error: 1.990e+00, lr: 1.000e-03, Time: 2.83e+02
Model state saved to ./results/models/checkpoints/smoke_schrodinger\2025-12-23_13-28-19-124154_barrier_DV\model.pth
Model weights saved to ./results/models/checkpoints/smoke_schrodinger\2025-12-23_13-28-19-124154_barrier_DV\model_weights.pth
It: 310, Loss: 9.307e-01, Loss_res: 3.157e+02,  Loss_bcs: 0.000e+00, Loss_ut_ics: 1.163e-03, Loss_norm: 7.399e-05, Loss_gauge: 0.000e+00, w_pde: 0.00e+00, L^2_error: 1.990e+00, lr: 1.000e-03, Time: 2.92e+02
Model state saved to ./results/models/checkpoints/smoke_schrodinger\2025-12-23_13-28-19-124154_barrier_DV\model.pth
Model weights saved to ./results/models/checkpoints/smoke_schrodinger\2025-12-23_13-28-19-124154_barrier_DV\model_weights.pth
It: 320, Loss: 8.788e-01, Loss_res: 3.415e+02,  Loss_bcs: 0.000e+00, Loss_ut_ics: 1.098e-03, Loss_norm: 6.606e-05, Loss_gauge: 0.000e+00, w_pde: 0.00e+00, L^2_error: 1.990e+00, lr: 1.000e-03, Time: 3.02e+02
Model state saved to ./results/models/checkpoints/smoke_schrodinger\2025-12-23_13-28-19-124154_barrier_DV\model.pth
Model weights saved to ./results/models/checkpoints/smoke_schrodinger\2025-12-23_13-28-19-124154_barrier_DV\model_weights.pth
It: 330, Loss: 8.320e-01, Loss_res: 3.284e+02,  Loss_bcs: 0.000e+00, Loss_ut_ics: 1.040e-03, Loss_norm: 5.906e-05, Loss_gauge: 0.000e+00, w_pde: 0.00e+00, L^2_error: 1.991e+00, lr: 1.000e-03, Time: 3.11e+02
Model state saved to ./results/models/checkpoints/smoke_schrodinger\2025-12-23_13-28-19-124154_barrier_DV\model.pth
Model weights saved to ./results/models/checkpoints/smoke_schrodinger\2025-12-23_13-28-19-124154_barrier_DV\model_weights.pth
It: 340, Loss: 7.899e-01, Loss_res: 3.509e+02,  Loss_bcs: 0.000e+00, Loss_ut_ics: 9.874e-04, Loss_norm: 5.282e-05, Loss_gauge: 0.000e+00, w_pde: 0.00e+00, L^2_error: 1.991e+00, lr: 1.000e-03, Time: 3.20e+02
Model state saved to ./results/models/checkpoints/smoke_schrodinger\2025-12-23_13-28-19-124154_barrier_DV\model.pth
Model weights saved to ./results/models/checkpoints/smoke_schrodinger\2025-12-23_13-28-19-124154_barrier_DV\model_weights.pth
It: 350, Loss: 7.520e-01, Loss_res: 3.560e+02,  Loss_bcs: 0.000e+00, Loss_ut_ics: 9.400e-04, Loss_norm: 4.730e-05, Loss_gauge: 0.000e+00, w_pde: 0.00e+00, L^2_error: 1.991e+00, lr: 1.000e-03, Time: 3.29e+02
Model state saved to ./results/models/checkpoints/smoke_schrodinger\2025-12-23_13-28-19-124154_barrier_DV\model.pth
Model weights saved to ./results/models/checkpoints/smoke_schrodinger\2025-12-23_13-28-19-124154_barrier_DV\model_weights.pth
It: 360, Loss: 7.178e-01, Loss_res: 3.454e+02,  Loss_bcs: 0.000e+00, Loss_ut_ics: 8.972e-04, Loss_norm: 4.238e-05, Loss_gauge: 0.000e+00, w_pde: 0.00e+00, L^2_error: 1.991e+00, lr: 1.000e-03, Time: 3.37e+02
Model state saved to ./results/models/checkpoints/smoke_schrodinger\2025-12-23_13-28-19-124154_barrier_DV\model.pth
Model weights saved to ./results/models/checkpoints/smoke_schrodinger\2025-12-23_13-28-19-124154_barrier_DV\model_weights.pth
It: 370, Loss: 6.870e-01, Loss_res: 3.172e+02,  Loss_bcs: 0.000e+00, Loss_ut_ics: 8.587e-04, Loss_norm: 3.802e-05, Loss_gauge: 0.000e+00, w_pde: 0.00e+00, L^2_error: 1.991e+00, lr: 1.000e-03, Time: 3.47e+02
Model state saved to ./results/models/checkpoints/smoke_schrodinger\2025-12-23_13-28-19-124154_barrier_DV\model.pth
Model weights saved to ./results/models/checkpoints/smoke_schrodinger\2025-12-23_13-28-19-124154_barrier_DV\model_weights.pth
It: 380, Loss: 6.592e-01, Loss_res: 3.469e+02,  Loss_bcs: 0.000e+00, Loss_ut_ics: 8.240e-04, Loss_norm: 3.413e-05, Loss_gauge: 0.000e+00, w_pde: 0.00e+00, L^2_error: 1.991e+00, lr: 1.000e-03, Time: 3.56e+02
Model state saved to ./results/models/checkpoints/smoke_schrodinger\2025-12-23_13-28-19-124154_barrier_DV\model.pth
Model weights saved to ./results/models/checkpoints/smoke_schrodinger\2025-12-23_13-28-19-124154_barrier_DV\model_weights.pth
It: 390, Loss: 6.342e-01, Loss_res: 3.237e+02,  Loss_bcs: 0.000e+00, Loss_ut_ics: 7.927e-04, Loss_norm: 3.066e-05, Loss_gauge: 0.000e+00, w_pde: 0.00e+00, L^2_error: 1.992e+00, lr: 1.000e-03, Time: 3.67e+02
Model state saved to ./results/models/checkpoints/smoke_schrodinger\2025-12-23_13-28-19-124154_barrier_DV\model.pth
Model weights saved to ./results/models/checkpoints/smoke_schrodinger\2025-12-23_13-28-19-124154_barrier_DV\model_weights.pth
It: 400, Loss: 6.116e-01, Loss_res: 3.538e+02,  Loss_bcs: 0.000e+00, Loss_ut_ics: 7.645e-04, Loss_norm: 2.757e-05, Loss_gauge: 0.000e+00, w_pde: 0.00e+00, L^2_error: 1.992e+00, lr: 1.000e-03, Time: 3.77e+02
Model state saved to ./results/models/checkpoints/smoke_schrodinger\2025-12-23_13-28-19-124154_barrier_DV\model.pth
Model weights saved to ./results/models/checkpoints/smoke_schrodinger\2025-12-23_13-28-19-124154_barrier_DV\model_weights.pth
