checkpoint path: self.log_path='./results/models/checkpoints/smoke_schrodinger\\2025-12-15_12-56-02-623886_barrier_Classical'
It: 1, Loss: 5.000e+02, Loss_res: 4.061e-02,  Loss_bcs: 0.000e+00, Loss_ut_ics: 9.980e-01, Loss_norm: 9.993e-01, w_pde: 1.25e-03, L^2_error: 1.000e+00, lr: 1.000e-03, Time: 2.90e-01
Model state saved to ./results/models/checkpoints/smoke_schrodinger\2025-12-15_12-56-02-623886_barrier_Classical\model.pth
Model state saved to ./results/models/checkpoints/smoke_schrodinger\2025-12-15_12-56-02-623886_barrier_Classical\model_weights.pth
It: 100, Loss: 6.362e+01, Loss_res: 3.863e+02,  Loss_bcs: 0.000e+00, Loss_ut_ics: 3.053e-02, Loss_norm: 6.987e-02, w_pde: 1.25e-01, L^2_error: 1.555e+00, lr: 1.000e-03, Time: 2.28e+01
Model state saved to ./results/models/checkpoints/smoke_schrodinger\2025-12-15_12-56-02-623886_barrier_Classical\model.pth
Model state saved to ./results/models/checkpoints/smoke_schrodinger\2025-12-15_12-56-02-623886_barrier_Classical\model_weights.pth
It: 200, Loss: 9.084e+01, Loss_res: 2.767e+02,  Loss_bcs: 0.000e+00, Loss_ut_ics: 4.310e-02, Loss_norm: 1.184e-01, w_pde: 2.50e-01, L^2_error: 1.572e+00, lr: 1.000e-03, Time: 4.48e+01
Model state saved to ./results/models/checkpoints/smoke_schrodinger\2025-12-15_12-56-02-623886_barrier_Classical\model.pth
Model state saved to ./results/models/checkpoints/smoke_schrodinger\2025-12-15_12-56-02-623886_barrier_Classical\model_weights.pth
It: 300, Loss: 2.944e+01, Loss_res: 6.748e+01,  Loss_bcs: 0.000e+00, Loss_ut_ics: 8.231e-03, Loss_norm: 1.855e-02, w_pde: 3.75e-01, L^2_error: 1.120e+00, lr: 1.000e-03, Time: 6.67e+01
Model state saved to ./results/models/checkpoints/smoke_schrodinger\2025-12-15_12-56-02-623886_barrier_Classical\model.pth
Model state saved to ./results/models/checkpoints/smoke_schrodinger\2025-12-15_12-56-02-623886_barrier_Classical\model_weights.pth
It: 400, Loss: 3.058e+01, Loss_res: 5.354e+01,  Loss_bcs: 0.000e+00, Loss_ut_ics: 7.593e-03, Loss_norm: 1.494e-02, w_pde: 5.00e-01, L^2_error: 1.081e+00, lr: 1.000e-03, Time: 8.88e+01
Model state saved to ./results/models/checkpoints/smoke_schrodinger\2025-12-15_12-56-02-623886_barrier_Classical\model.pth
Model state saved to ./results/models/checkpoints/smoke_schrodinger\2025-12-15_12-56-02-623886_barrier_Classical\model_weights.pth
It: 500, Loss: 3.388e+01, Loss_res: 4.733e+01,  Loss_bcs: 0.000e+00, Loss_ut_ics: 8.566e-03, Loss_norm: 1.942e-02, w_pde: 6.25e-01, L^2_error: 1.058e+00, lr: 1.000e-03, Time: 1.11e+02
Model state saved to ./results/models/checkpoints/smoke_schrodinger\2025-12-15_12-56-02-623886_barrier_Classical\model.pth
Model state saved to ./results/models/checkpoints/smoke_schrodinger\2025-12-15_12-56-02-623886_barrier_Classical\model_weights.pth
It: 600, Loss: 3.710e+01, Loss_res: 4.407e+01,  Loss_bcs: 0.000e+00, Loss_ut_ics: 8.053e-03, Loss_norm: 2.193e-02, w_pde: 7.50e-01, L^2_error: 1.050e+00, lr: 1.000e-03, Time: 1.33e+02
Model state saved to ./results/models/checkpoints/smoke_schrodinger\2025-12-15_12-56-02-623886_barrier_Classical\model.pth
Model state saved to ./results/models/checkpoints/smoke_schrodinger\2025-12-15_12-56-02-623886_barrier_Classical\model_weights.pth
It: 700, Loss: 3.734e+01, Loss_res: 3.818e+01,  Loss_bcs: 0.000e+00, Loss_ut_ics: 7.815e-03, Loss_norm: 2.285e-02, w_pde: 8.75e-01, L^2_error: 1.036e+00, lr: 1.000e-03, Time: 1.55e+02
Model state saved to ./results/models/checkpoints/smoke_schrodinger\2025-12-15_12-56-02-623886_barrier_Classical\model.pth
Model state saved to ./results/models/checkpoints/smoke_schrodinger\2025-12-15_12-56-02-623886_barrier_Classical\model_weights.pth
It: 800, Loss: 3.487e+01, Loss_res: 3.179e+01,  Loss_bcs: 0.000e+00, Loss_ut_ics: 6.129e-03, Loss_norm: 1.953e-02, w_pde: 1.00e+00, L^2_error: 1.008e+00, lr: 1.000e-03, Time: 1.78e+02
Model state saved to ./results/models/checkpoints/smoke_schrodinger\2025-12-15_12-56-02-623886_barrier_Classical\model.pth
Model state saved to ./results/models/checkpoints/smoke_schrodinger\2025-12-15_12-56-02-623886_barrier_Classical\model_weights.pth
It: 900, Loss: 2.995e+01, Loss_res: 2.759e+01,  Loss_bcs: 0.000e+00, Loss_ut_ics: 4.700e-03, Loss_norm: 1.596e-02, w_pde: 1.00e+00, L^2_error: 9.780e-01, lr: 1.000e-03, Time: 2.00e+02
Model state saved to ./results/models/checkpoints/smoke_schrodinger\2025-12-15_12-56-02-623886_barrier_Classical\model.pth
Model state saved to ./results/models/checkpoints/smoke_schrodinger\2025-12-15_12-56-02-623886_barrier_Classical\model_weights.pth
It: 1000, Loss: 2.500e+01, Loss_res: 2.349e+01,  Loss_bcs: 0.000e+00, Loss_ut_ics: 3.013e-03, Loss_norm: 1.016e-02, w_pde: 1.00e+00, L^2_error: 9.331e-01, lr: 1.000e-03, Time: 2.23e+02
Model state saved to ./results/models/checkpoints/smoke_schrodinger\2025-12-15_12-56-02-623886_barrier_Classical\model.pth
Model state saved to ./results/models/checkpoints/smoke_schrodinger\2025-12-15_12-56-02-623886_barrier_Classical\model_weights.pth
It: 1100, Loss: 2.142e+01, Loss_res: 1.989e+01,  Loss_bcs: 0.000e+00, Loss_ut_ics: 3.050e-03, Loss_norm: 1.086e-02, w_pde: 1.00e+00, L^2_error: 8.849e-01, lr: 1.000e-03, Time: 2.45e+02
Model state saved to ./results/models/checkpoints/smoke_schrodinger\2025-12-15_12-56-02-623886_barrier_Classical\model.pth
Model state saved to ./results/models/checkpoints/smoke_schrodinger\2025-12-15_12-56-02-623886_barrier_Classical\model_weights.pth
It: 1200, Loss: 1.839e+01, Loss_res: 1.738e+01,  Loss_bcs: 0.000e+00, Loss_ut_ics: 2.024e-03, Loss_norm: 7.115e-03, w_pde: 1.00e+00, L^2_error: 8.137e-01, lr: 1.000e-03, Time: 2.68e+02
Model state saved to ./results/models/checkpoints/smoke_schrodinger\2025-12-15_12-56-02-623886_barrier_Classical\model.pth
Model state saved to ./results/models/checkpoints/smoke_schrodinger\2025-12-15_12-56-02-623886_barrier_Classical\model_weights.pth
It: 1300, Loss: 1.615e+01, Loss_res: 1.510e+01,  Loss_bcs: 0.000e+00, Loss_ut_ics: 2.084e-03, Loss_norm: 7.508e-03, w_pde: 1.00e+00, L^2_error: 7.484e-01, lr: 1.000e-03, Time: 2.91e+02
Model state saved to ./results/models/checkpoints/smoke_schrodinger\2025-12-15_12-56-02-623886_barrier_Classical\model.pth
Model state saved to ./results/models/checkpoints/smoke_schrodinger\2025-12-15_12-56-02-623886_barrier_Classical\model_weights.pth
It: 1400, Loss: 1.350e+01, Loss_res: 1.277e+01,  Loss_bcs: 0.000e+00, Loss_ut_ics: 1.464e-03, Loss_norm: 5.236e-03, w_pde: 1.00e+00, L^2_error: 6.740e-01, lr: 1.000e-03, Time: 3.15e+02
Model state saved to ./results/models/checkpoints/smoke_schrodinger\2025-12-15_12-56-02-623886_barrier_Classical\model.pth
Model state saved to ./results/models/checkpoints/smoke_schrodinger\2025-12-15_12-56-02-623886_barrier_Classical\model_weights.pth
It: 1500, Loss: 1.153e+01, Loss_res: 1.100e+01,  Loss_bcs: 0.000e+00, Loss_ut_ics: 1.045e-03, Loss_norm: 3.175e-03, w_pde: 1.00e+00, L^2_error: 6.123e-01, lr: 1.000e-03, Time: 3.40e+02
Model state saved to ./results/models/checkpoints/smoke_schrodinger\2025-12-15_12-56-02-623886_barrier_Classical\model.pth
Model state saved to ./results/models/checkpoints/smoke_schrodinger\2025-12-15_12-56-02-623886_barrier_Classical\model_weights.pth
It: 1600, Loss: 1.022e+01, Loss_res: 9.803e+00,  Loss_bcs: 0.000e+00, Loss_ut_ics: 8.200e-04, Loss_norm: 2.764e-03, w_pde: 1.00e+00, L^2_error: 5.503e-01, lr: 1.000e-03, Time: 3.64e+02
Model state saved to ./results/models/checkpoints/smoke_schrodinger\2025-12-15_12-56-02-623886_barrier_Classical\model.pth
Model state saved to ./results/models/checkpoints/smoke_schrodinger\2025-12-15_12-56-02-623886_barrier_Classical\model_weights.pth
It: 1700, Loss: 8.390e+00, Loss_res: 7.953e+00,  Loss_bcs: 0.000e+00, Loss_ut_ics: 8.686e-04, Loss_norm: 3.099e-03, w_pde: 1.00e+00, L^2_error: 4.809e-01, lr: 1.000e-03, Time: 3.87e+02
Model state saved to ./results/models/checkpoints/smoke_schrodinger\2025-12-15_12-56-02-623886_barrier_Classical\model.pth
Model state saved to ./results/models/checkpoints/smoke_schrodinger\2025-12-15_12-56-02-623886_barrier_Classical\model_weights.pth
It: 1800, Loss: 7.867e+00, Loss_res: 7.497e+00,  Loss_bcs: 0.000e+00, Loss_ut_ics: 7.357e-04, Loss_norm: 2.435e-03, w_pde: 1.00e+00, L^2_error: 4.374e-01, lr: 1.000e-03, Time: 4.09e+02
Model state saved to ./results/models/checkpoints/smoke_schrodinger\2025-12-15_12-56-02-623886_barrier_Classical\model.pth
Model state saved to ./results/models/checkpoints/smoke_schrodinger\2025-12-15_12-56-02-623886_barrier_Classical\model_weights.pth
It: 1900, Loss: 6.726e+00, Loss_res: 6.395e+00,  Loss_bcs: 0.000e+00, Loss_ut_ics: 6.581e-04, Loss_norm: 2.253e-03, w_pde: 1.00e+00, L^2_error: 3.932e-01, lr: 1.000e-03, Time: 4.31e+02
Model state saved to ./results/models/checkpoints/smoke_schrodinger\2025-12-15_12-56-02-623886_barrier_Classical\model.pth
Model state saved to ./results/models/checkpoints/smoke_schrodinger\2025-12-15_12-56-02-623886_barrier_Classical\model_weights.pth
It: 2000, Loss: 6.287e+00, Loss_res: 6.062e+00,  Loss_bcs: 0.000e+00, Loss_ut_ics: 4.477e-04, Loss_norm: 1.117e-03, w_pde: 1.00e+00, L^2_error: 3.695e-01, lr: 1.000e-03, Time: 4.54e+02
Model state saved to ./results/models/checkpoints/smoke_schrodinger\2025-12-15_12-56-02-623886_barrier_Classical\model.pth
Model state saved to ./results/models/checkpoints/smoke_schrodinger\2025-12-15_12-56-02-623886_barrier_Classical\model_weights.pth
It: 2100, Loss: 5.762e+00, Loss_res: 5.544e+00,  Loss_bcs: 0.000e+00, Loss_ut_ics: 4.336e-04, Loss_norm: 1.134e-03, w_pde: 1.00e+00, L^2_error: 3.271e-01, lr: 1.000e-03, Time: 4.76e+02
Model state saved to ./results/models/checkpoints/smoke_schrodinger\2025-12-15_12-56-02-623886_barrier_Classical\model.pth
Model state saved to ./results/models/checkpoints/smoke_schrodinger\2025-12-15_12-56-02-623886_barrier_Classical\model_weights.pth
It: 2200, Loss: 5.083e+00, Loss_res: 4.915e+00,  Loss_bcs: 0.000e+00, Loss_ut_ics: 3.348e-04, Loss_norm: 9.553e-04, w_pde: 1.00e+00, L^2_error: 3.080e-01, lr: 1.000e-03, Time: 4.98e+02
Model state saved to ./results/models/checkpoints/smoke_schrodinger\2025-12-15_12-56-02-623886_barrier_Classical\model.pth
Model state saved to ./results/models/checkpoints/smoke_schrodinger\2025-12-15_12-56-02-623886_barrier_Classical\model_weights.pth
It: 2300, Loss: 4.737e+00, Loss_res: 4.552e+00,  Loss_bcs: 0.000e+00, Loss_ut_ics: 3.684e-04, Loss_norm: 1.313e-03, w_pde: 1.00e+00, L^2_error: 2.839e-01, lr: 1.000e-03, Time: 5.20e+02
Model state saved to ./results/models/checkpoints/smoke_schrodinger\2025-12-15_12-56-02-623886_barrier_Classical\model.pth
Model state saved to ./results/models/checkpoints/smoke_schrodinger\2025-12-15_12-56-02-623886_barrier_Classical\model_weights.pth
It: 2400, Loss: 4.332e+00, Loss_res: 4.220e+00,  Loss_bcs: 0.000e+00, Loss_ut_ics: 2.221e-04, Loss_norm: 6.661e-04, w_pde: 1.00e+00, L^2_error: 2.571e-01, lr: 1.000e-03, Time: 5.42e+02
Model state saved to ./results/models/checkpoints/smoke_schrodinger\2025-12-15_12-56-02-623886_barrier_Classical\model.pth
Model state saved to ./results/models/checkpoints/smoke_schrodinger\2025-12-15_12-56-02-623886_barrier_Classical\model_weights.pth
It: 2500, Loss: 4.017e+00, Loss_res: 3.921e+00,  Loss_bcs: 0.000e+00, Loss_ut_ics: 1.906e-04, Loss_norm: 4.483e-04, w_pde: 1.00e+00, L^2_error: 2.336e-01, lr: 1.000e-03, Time: 5.64e+02
Model state saved to ./results/models/checkpoints/smoke_schrodinger\2025-12-15_12-56-02-623886_barrier_Classical\model.pth
Model state saved to ./results/models/checkpoints/smoke_schrodinger\2025-12-15_12-56-02-623886_barrier_Classical\model_weights.pth
It: 2600, Loss: 3.678e+00, Loss_res: 3.613e+00,  Loss_bcs: 0.000e+00, Loss_ut_ics: 1.295e-04, Loss_norm: 4.010e-04, w_pde: 1.00e+00, L^2_error: 2.181e-01, lr: 1.000e-03, Time: 5.86e+02
Model state saved to ./results/models/checkpoints/smoke_schrodinger\2025-12-15_12-56-02-623886_barrier_Classical\model.pth
Model state saved to ./results/models/checkpoints/smoke_schrodinger\2025-12-15_12-56-02-623886_barrier_Classical\model_weights.pth
It: 2700, Loss: 3.680e+00, Loss_res: 3.589e+00,  Loss_bcs: 0.000e+00, Loss_ut_ics: 1.800e-04, Loss_norm: 2.293e-04, w_pde: 1.00e+00, L^2_error: 1.981e-01, lr: 1.000e-03, Time: 6.08e+02
Model state saved to ./results/models/checkpoints/smoke_schrodinger\2025-12-15_12-56-02-623886_barrier_Classical\model.pth
Model state saved to ./results/models/checkpoints/smoke_schrodinger\2025-12-15_12-56-02-623886_barrier_Classical\model_weights.pth
It: 2800, Loss: 3.321e+00, Loss_res: 3.245e+00,  Loss_bcs: 0.000e+00, Loss_ut_ics: 1.506e-04, Loss_norm: 4.925e-04, w_pde: 1.00e+00, L^2_error: 1.883e-01, lr: 1.000e-03, Time: 6.31e+02
Model state saved to ./results/models/checkpoints/smoke_schrodinger\2025-12-15_12-56-02-623886_barrier_Classical\model.pth
Model state saved to ./results/models/checkpoints/smoke_schrodinger\2025-12-15_12-56-02-623886_barrier_Classical\model_weights.pth
It: 2900, Loss: 3.053e+00, Loss_res: 2.980e+00,  Loss_bcs: 0.000e+00, Loss_ut_ics: 1.448e-04, Loss_norm: 3.953e-04, w_pde: 1.00e+00, L^2_error: 1.696e-01, lr: 1.000e-03, Time: 6.55e+02
Model state saved to ./results/models/checkpoints/smoke_schrodinger\2025-12-15_12-56-02-623886_barrier_Classical\model.pth
Model state saved to ./results/models/checkpoints/smoke_schrodinger\2025-12-15_12-56-02-623886_barrier_Classical\model_weights.pth
It: 3000, Loss: 2.939e+00, Loss_res: 2.883e+00,  Loss_bcs: 0.000e+00, Loss_ut_ics: 1.114e-04, Loss_norm: 8.206e-05, w_pde: 1.00e+00, L^2_error: 1.590e-01, lr: 1.000e-03, Time: 6.78e+02
Model state saved to ./results/models/checkpoints/smoke_schrodinger\2025-12-15_12-56-02-623886_barrier_Classical\model.pth
Model state saved to ./results/models/checkpoints/smoke_schrodinger\2025-12-15_12-56-02-623886_barrier_Classical\model_weights.pth
