Using DV Solver
The settings used:
batch_size : 64
epochs : 2000
lr : 0.001
seed : 42
print_every : 10
log_path : ./results/models/checkpoints/schrodinger/qho
input_dim : 2
output_dim : 2
num_qubits : 5
hidden_dim : 50
num_quantum_layers : 1
classic_network : [2, 50, 2]
q_ansatz : sim_circ_19
mode : hybrid
activation : null
shots : None
problem : schrodinger
solver : DV
device : cpu
method : None
cutoff_dim : 20
class : CVNeuralNetwork2
encoding : None
eq_params : {'example': 'ho', 'L': 5.0, 'T': 0.2, 'hbar': 1.0, 'mass': 1.0, 'n_level': 2, 'omega': 1.0, 'potential_fn': 'lambda t, x : 0.5 * 1.0 * (1.0**2) * (x**2)'}
Total number of parameters: 822
The circuit used in the study:
It: 1, Loss: 3.490e+00, Loss_res: 1.526e+00,  Loss_bcs: 7.664e-02, Loss_ut_ics: 1.806e-01, lr: 1.000e-03, Time: 1.49e+00
Model state saved to ./results/models/checkpoints/schrodinger/qho/2025-08-22_11-20-33-172919/model.pth
Model state saved to ./results/models/checkpoints/schrodinger/qho/2025-08-22_11-20-33-172919/model_weights.pth
It: 10, Loss: 5.470e-01, Loss_res: 1.963e-01,  Loss_bcs: 8.412e-03, Loss_ut_ics: 7.301e-02, lr: 1.000e-03, Time: 1.05e+01
Model state saved to ./results/models/checkpoints/schrodinger/qho/2025-08-22_11-20-33-172919/model.pth
Model state saved to ./results/models/checkpoints/schrodinger/qho/2025-08-22_11-20-33-172919/model_weights.pth
It: 20, Loss: 1.902e-01, Loss_res: 1.883e-02,  Loss_bcs: 2.274e-03, Loss_ut_ics: 7.512e-02, lr: 1.000e-03, Time: 2.04e+01
Model state saved to ./results/models/checkpoints/schrodinger/qho/2025-08-22_11-20-33-172919/model.pth
Model state saved to ./results/models/checkpoints/schrodinger/qho/2025-08-22_11-20-33-172919/model_weights.pth
It: 30, Loss: 2.043e-01, Loss_res: 3.089e-02,  Loss_bcs: 4.001e-03, Loss_ut_ics: 6.927e-02, lr: 1.000e-03, Time: 3.04e+01
Model state saved to ./results/models/checkpoints/schrodinger/qho/2025-08-22_11-20-33-172919/model.pth
Model state saved to ./results/models/checkpoints/schrodinger/qho/2025-08-22_11-20-33-172919/model_weights.pth
It: 40, Loss: 1.629e-01, Loss_res: 1.453e-02,  Loss_bcs: 1.603e-03, Loss_ut_ics: 6.611e-02, lr: 1.000e-03, Time: 4.04e+01
Model state saved to ./results/models/checkpoints/schrodinger/qho/2025-08-22_11-20-33-172919/model.pth
Model state saved to ./results/models/checkpoints/schrodinger/qho/2025-08-22_11-20-33-172919/model_weights.pth
It: 50, Loss: 1.336e-01, Loss_res: 3.255e-03,  Loss_bcs: 3.640e-04, Loss_ut_ics: 6.338e-02, lr: 1.000e-03, Time: 5.06e+01
Model state saved to ./results/models/checkpoints/schrodinger/qho/2025-08-22_11-20-33-172919/model.pth
Model state saved to ./results/models/checkpoints/schrodinger/qho/2025-08-22_11-20-33-172919/model_weights.pth
It: 60, Loss: 1.256e-01, Loss_res: 8.725e-04,  Loss_bcs: 2.381e-05, Loss_ut_ics: 6.194e-02, lr: 1.000e-03, Time: 6.08e+01
Model state saved to ./results/models/checkpoints/schrodinger/qho/2025-08-22_11-20-33-172919/model.pth
Model state saved to ./results/models/checkpoints/schrodinger/qho/2025-08-22_11-20-33-172919/model_weights.pth
It: 70, Loss: 1.234e-01, Loss_res: 1.279e-03,  Loss_bcs: 6.158e-05, Loss_ut_ics: 6.041e-02, lr: 1.000e-03, Time: 7.09e+01
Model state saved to ./results/models/checkpoints/schrodinger/qho/2025-08-22_11-20-33-172919/model.pth
Model state saved to ./results/models/checkpoints/schrodinger/qho/2025-08-22_11-20-33-172919/model_weights.pth
It: 80, Loss: 1.226e-01, Loss_res: 1.435e-03,  Loss_bcs: 1.196e-04, Loss_ut_ics: 5.980e-02, lr: 1.000e-03, Time: 8.09e+01
Model state saved to ./results/models/checkpoints/schrodinger/qho/2025-08-22_11-20-33-172919/model.pth
Model state saved to ./results/models/checkpoints/schrodinger/qho/2025-08-22_11-20-33-172919/model_weights.pth
It: 90, Loss: 1.223e-01, Loss_res: 1.690e-03,  Loss_bcs: 1.502e-04, Loss_ut_ics: 5.936e-02, lr: 1.000e-03, Time: 9.09e+01
Model state saved to ./results/models/checkpoints/schrodinger/qho/2025-08-22_11-20-33-172919/model.pth
Model state saved to ./results/models/checkpoints/schrodinger/qho/2025-08-22_11-20-33-172919/model_weights.pth
It: 100, Loss: 1.220e-01, Loss_res: 1.774e-03,  Loss_bcs: 1.718e-04, Loss_ut_ics: 5.913e-02, lr: 1.000e-03, Time: 1.01e+02
Model state saved to ./results/models/checkpoints/schrodinger/qho/2025-08-22_11-20-33-172919/model.pth
Model state saved to ./results/models/checkpoints/schrodinger/qho/2025-08-22_11-20-33-172919/model_weights.pth
It: 110, Loss: 1.217e-01, Loss_res: 1.765e-03,  Loss_bcs: 1.737e-04, Loss_ut_ics: 5.902e-02, lr: 1.000e-03, Time: 1.12e+02
Model state saved to ./results/models/checkpoints/schrodinger/qho/2025-08-22_11-20-33-172919/model.pth
Model state saved to ./results/models/checkpoints/schrodinger/qho/2025-08-22_11-20-33-172919/model_weights.pth
It: 120, Loss: 1.215e-01, Loss_res: 1.677e-03,  Loss_bcs: 1.606e-04, Loss_ut_ics: 5.899e-02, lr: 1.000e-03, Time: 1.23e+02
Model state saved to ./results/models/checkpoints/schrodinger/qho/2025-08-22_11-20-33-172919/model.pth
Model state saved to ./results/models/checkpoints/schrodinger/qho/2025-08-22_11-20-33-172919/model_weights.pth
It: 130, Loss: 1.213e-01, Loss_res: 1.655e-03,  Loss_bcs: 1.383e-04, Loss_ut_ics: 5.891e-02, lr: 1.000e-03, Time: 1.33e+02
Model state saved to ./results/models/checkpoints/schrodinger/qho/2025-08-22_11-20-33-172919/model.pth
Model state saved to ./results/models/checkpoints/schrodinger/qho/2025-08-22_11-20-33-172919/model_weights.pth
It: 140, Loss: 1.210e-01, Loss_res: 1.618e-03,  Loss_bcs: 1.262e-04, Loss_ut_ics: 5.883e-02, lr: 1.000e-03, Time: 1.43e+02
Model state saved to ./results/models/checkpoints/schrodinger/qho/2025-08-22_11-20-33-172919/model.pth
Model state saved to ./results/models/checkpoints/schrodinger/qho/2025-08-22_11-20-33-172919/model_weights.pth
It: 150, Loss: 1.208e-01, Loss_res: 1.603e-03,  Loss_bcs: 1.196e-04, Loss_ut_ics: 5.873e-02, lr: 1.000e-03, Time: 1.53e+02
Model state saved to ./results/models/checkpoints/schrodinger/qho/2025-08-22_11-20-33-172919/model.pth
Model state saved to ./results/models/checkpoints/schrodinger/qho/2025-08-22_11-20-33-172919/model_weights.pth
It: 160, Loss: 1.205e-01, Loss_res: 1.604e-03,  Loss_bcs: 1.138e-04, Loss_ut_ics: 5.860e-02, lr: 1.000e-03, Time: 1.63e+02
Model state saved to ./results/models/checkpoints/schrodinger/qho/2025-08-22_11-20-33-172919/model.pth
Model state saved to ./results/models/checkpoints/schrodinger/qho/2025-08-22_11-20-33-172919/model_weights.pth
It: 170, Loss: 1.203e-01, Loss_res: 1.615e-03,  Loss_bcs: 1.083e-04, Loss_ut_ics: 5.846e-02, lr: 1.000e-03, Time: 1.74e+02
Model state saved to ./results/models/checkpoints/schrodinger/qho/2025-08-22_11-20-33-172919/model.pth
Model state saved to ./results/models/checkpoints/schrodinger/qho/2025-08-22_11-20-33-172919/model_weights.pth
It: 180, Loss: 1.200e-01, Loss_res: 1.628e-03,  Loss_bcs: 1.036e-04, Loss_ut_ics: 5.831e-02, lr: 1.000e-03, Time: 1.85e+02
Model state saved to ./results/models/checkpoints/schrodinger/qho/2025-08-22_11-20-33-172919/model.pth
Model state saved to ./results/models/checkpoints/schrodinger/qho/2025-08-22_11-20-33-172919/model_weights.pth
It: 190, Loss: 1.197e-01, Loss_res: 1.636e-03,  Loss_bcs: 9.956e-05, Loss_ut_ics: 5.815e-02, lr: 1.000e-03, Time: 1.95e+02
Model state saved to ./results/models/checkpoints/schrodinger/qho/2025-08-22_11-20-33-172919/model.pth
Model state saved to ./results/models/checkpoints/schrodinger/qho/2025-08-22_11-20-33-172919/model_weights.pth
It: 200, Loss: 1.194e-01, Loss_res: 1.644e-03,  Loss_bcs: 9.583e-05, Loss_ut_ics: 5.799e-02, lr: 1.000e-03, Time: 2.05e+02
Model state saved to ./results/models/checkpoints/schrodinger/qho/2025-08-22_11-20-33-172919/model.pth
Model state saved to ./results/models/checkpoints/schrodinger/qho/2025-08-22_11-20-33-172919/model_weights.pth
It: 210, Loss: 1.190e-01, Loss_res: 1.652e-03,  Loss_bcs: 9.261e-05, Loss_ut_ics: 5.783e-02, lr: 1.000e-03, Time: 2.16e+02
Model state saved to ./results/models/checkpoints/schrodinger/qho/2025-08-22_11-20-33-172919/model.pth
Model state saved to ./results/models/checkpoints/schrodinger/qho/2025-08-22_11-20-33-172919/model_weights.pth
It: 220, Loss: 1.187e-01, Loss_res: 1.659e-03,  Loss_bcs: 9.022e-05, Loss_ut_ics: 5.765e-02, lr: 1.000e-03, Time: 2.27e+02
Model state saved to ./results/models/checkpoints/schrodinger/qho/2025-08-22_11-20-33-172919/model.pth
Model state saved to ./results/models/checkpoints/schrodinger/qho/2025-08-22_11-20-33-172919/model_weights.pth
It: 230, Loss: 1.184e-01, Loss_res: 1.666e-03,  Loss_bcs: 8.876e-05, Loss_ut_ics: 5.747e-02, lr: 1.000e-03, Time: 2.37e+02
Model state saved to ./results/models/checkpoints/schrodinger/qho/2025-08-22_11-20-33-172919/model.pth
Model state saved to ./results/models/checkpoints/schrodinger/qho/2025-08-22_11-20-33-172919/model_weights.pth
It: 240, Loss: 1.180e-01, Loss_res: 1.674e-03,  Loss_bcs: 8.827e-05, Loss_ut_ics: 5.727e-02, lr: 1.000e-03, Time: 2.47e+02
Model state saved to ./results/models/checkpoints/schrodinger/qho/2025-08-22_11-20-33-172919/model.pth
Model state saved to ./results/models/checkpoints/schrodinger/qho/2025-08-22_11-20-33-172919/model_weights.pth
It: 250, Loss: 1.176e-01, Loss_res: 1.682e-03,  Loss_bcs: 8.879e-05, Loss_ut_ics: 5.707e-02, lr: 1.000e-03, Time: 2.58e+02
Model state saved to ./results/models/checkpoints/schrodinger/qho/2025-08-22_11-20-33-172919/model.pth
Model state saved to ./results/models/checkpoints/schrodinger/qho/2025-08-22_11-20-33-172919/model_weights.pth
It: 260, Loss: 1.172e-01, Loss_res: 1.690e-03,  Loss_bcs: 9.037e-05, Loss_ut_ics: 5.686e-02, lr: 1.000e-03, Time: 2.68e+02
Model state saved to ./results/models/checkpoints/schrodinger/qho/2025-08-22_11-20-33-172919/model.pth
Model state saved to ./results/models/checkpoints/schrodinger/qho/2025-08-22_11-20-33-172919/model_weights.pth
It: 270, Loss: 1.168e-01, Loss_res: 1.699e-03,  Loss_bcs: 9.307e-05, Loss_ut_ics: 5.663e-02, lr: 1.000e-03, Time: 2.78e+02
Model state saved to ./results/models/checkpoints/schrodinger/qho/2025-08-22_11-20-33-172919/model.pth
Model state saved to ./results/models/checkpoints/schrodinger/qho/2025-08-22_11-20-33-172919/model_weights.pth
It: 280, Loss: 1.163e-01, Loss_res: 1.708e-03,  Loss_bcs: 9.692e-05, Loss_ut_ics: 5.639e-02, lr: 1.000e-03, Time: 2.88e+02
Model state saved to ./results/models/checkpoints/schrodinger/qho/2025-08-22_11-20-33-172919/model.pth
Model state saved to ./results/models/checkpoints/schrodinger/qho/2025-08-22_11-20-33-172919/model_weights.pth
It: 290, Loss: 1.158e-01, Loss_res: 1.718e-03,  Loss_bcs: 1.020e-04, Loss_ut_ics: 5.615e-02, lr: 1.000e-03, Time: 2.98e+02
Model state saved to ./results/models/checkpoints/schrodinger/qho/2025-08-22_11-20-33-172919/model.pth
Model state saved to ./results/models/checkpoints/schrodinger/qho/2025-08-22_11-20-33-172919/model_weights.pth
It: 300, Loss: 1.153e-01, Loss_res: 1.729e-03,  Loss_bcs: 1.083e-04, Loss_ut_ics: 5.588e-02, lr: 1.000e-03, Time: 3.08e+02
Model state saved to ./results/models/checkpoints/schrodinger/qho/2025-08-22_11-20-33-172919/model.pth
Model state saved to ./results/models/checkpoints/schrodinger/qho/2025-08-22_11-20-33-172919/model_weights.pth
It: 310, Loss: 1.148e-01, Loss_res: 1.741e-03,  Loss_bcs: 1.159e-04, Loss_ut_ics: 5.561e-02, lr: 1.000e-03, Time: 3.18e+02
Model state saved to ./results/models/checkpoints/schrodinger/qho/2025-08-22_11-20-33-172919/model.pth
Model state saved to ./results/models/checkpoints/schrodinger/qho/2025-08-22_11-20-33-172919/model_weights.pth
It: 320, Loss: 1.143e-01, Loss_res: 1.755e-03,  Loss_bcs: 1.248e-04, Loss_ut_ics: 5.532e-02, lr: 1.000e-03, Time: 3.27e+02
Model state saved to ./results/models/checkpoints/schrodinger/qho/2025-08-22_11-20-33-172919/model.pth
Model state saved to ./results/models/checkpoints/schrodinger/qho/2025-08-22_11-20-33-172919/model_weights.pth
It: 330, Loss: 1.137e-01, Loss_res: 1.771e-03,  Loss_bcs: 1.350e-04, Loss_ut_ics: 5.501e-02, lr: 1.000e-03, Time: 3.37e+02
Model state saved to ./results/models/checkpoints/schrodinger/qho/2025-08-22_11-20-33-172919/model.pth
Model state saved to ./results/models/checkpoints/schrodinger/qho/2025-08-22_11-20-33-172919/model_weights.pth
It: 340, Loss: 1.131e-01, Loss_res: 1.789e-03,  Loss_bcs: 1.467e-04, Loss_ut_ics: 5.469e-02, lr: 1.000e-03, Time: 3.47e+02
Model state saved to ./results/models/checkpoints/schrodinger/qho/2025-08-22_11-20-33-172919/model.pth
Model state saved to ./results/models/checkpoints/schrodinger/qho/2025-08-22_11-20-33-172919/model_weights.pth
It: 350, Loss: 1.125e-01, Loss_res: 1.810e-03,  Loss_bcs: 1.597e-04, Loss_ut_ics: 5.435e-02, lr: 1.000e-03, Time: 3.65e+02
Model state saved to ./results/models/checkpoints/schrodinger/qho/2025-08-22_11-20-33-172919/model.pth
Model state saved to ./results/models/checkpoints/schrodinger/qho/2025-08-22_11-20-33-172919/model_weights.pth
It: 360, Loss: 1.118e-01, Loss_res: 1.833e-03,  Loss_bcs: 1.742e-04, Loss_ut_ics: 5.399e-02, lr: 1.000e-03, Time: 3.76e+02
Model state saved to ./results/models/checkpoints/schrodinger/qho/2025-08-22_11-20-33-172919/model.pth
Model state saved to ./results/models/checkpoints/schrodinger/qho/2025-08-22_11-20-33-172919/model_weights.pth
It: 370, Loss: 1.111e-01, Loss_res: 1.858e-03,  Loss_bcs: 1.902e-04, Loss_ut_ics: 5.362e-02, lr: 1.000e-03, Time: 3.87e+02
Model state saved to ./results/models/checkpoints/schrodinger/qho/2025-08-22_11-20-33-172919/model.pth
Model state saved to ./results/models/checkpoints/schrodinger/qho/2025-08-22_11-20-33-172919/model_weights.pth
It: 380, Loss: 1.104e-01, Loss_res: 1.886e-03,  Loss_bcs: 2.078e-04, Loss_ut_ics: 5.322e-02, lr: 1.000e-03, Time: 3.96e+02
Model state saved to ./results/models/checkpoints/schrodinger/qho/2025-08-22_11-20-33-172919/model.pth
Model state saved to ./results/models/checkpoints/schrodinger/qho/2025-08-22_11-20-33-172919/model_weights.pth
It: 390, Loss: 1.097e-01, Loss_res: 1.915e-03,  Loss_bcs: 2.270e-04, Loss_ut_ics: 5.281e-02, lr: 1.000e-03, Time: 4.07e+02
Model state saved to ./results/models/checkpoints/schrodinger/qho/2025-08-22_11-20-33-172919/model.pth
Model state saved to ./results/models/checkpoints/schrodinger/qho/2025-08-22_11-20-33-172919/model_weights.pth
It: 400, Loss: 1.089e-01, Loss_res: 1.946e-03,  Loss_bcs: 2.480e-04, Loss_ut_ics: 5.238e-02, lr: 1.000e-03, Time: 4.20e+02
Model state saved to ./results/models/checkpoints/schrodinger/qho/2025-08-22_11-20-33-172919/model.pth
Model state saved to ./results/models/checkpoints/schrodinger/qho/2025-08-22_11-20-33-172919/model_weights.pth
It: 410, Loss: 1.081e-01, Loss_res: 1.978e-03,  Loss_bcs: 2.708e-04, Loss_ut_ics: 5.192e-02, lr: 1.000e-03, Time: 4.32e+02
Model state saved to ./results/models/checkpoints/schrodinger/qho/2025-08-22_11-20-33-172919/model.pth
Model state saved to ./results/models/checkpoints/schrodinger/qho/2025-08-22_11-20-33-172919/model_weights.pth
It: 420, Loss: 1.072e-01, Loss_res: 2.010e-03,  Loss_bcs: 2.956e-04, Loss_ut_ics: 5.144e-02, lr: 1.000e-03, Time: 4.43e+02
Model state saved to ./results/models/checkpoints/schrodinger/qho/2025-08-22_11-20-33-172919/model.pth
Model state saved to ./results/models/checkpoints/schrodinger/qho/2025-08-22_11-20-33-172919/model_weights.pth
It: 430, Loss: 1.063e-01, Loss_res: 2.042e-03,  Loss_bcs: 3.227e-04, Loss_ut_ics: 5.093e-02, lr: 1.000e-03, Time: 4.54e+02
Model state saved to ./results/models/checkpoints/schrodinger/qho/2025-08-22_11-20-33-172919/model.pth
Model state saved to ./results/models/checkpoints/schrodinger/qho/2025-08-22_11-20-33-172919/model_weights.pth
It: 440, Loss: 1.053e-01, Loss_res: 2.073e-03,  Loss_bcs: 3.522e-04, Loss_ut_ics: 5.040e-02, lr: 1.000e-03, Time: 4.65e+02
Model state saved to ./results/models/checkpoints/schrodinger/qho/2025-08-22_11-20-33-172919/model.pth
Model state saved to ./results/models/checkpoints/schrodinger/qho/2025-08-22_11-20-33-172919/model_weights.pth
It: 450, Loss: 1.043e-01, Loss_res: 2.103e-03,  Loss_bcs: 3.843e-04, Loss_ut_ics: 4.983e-02, lr: 1.000e-03, Time: 4.75e+02
Model state saved to ./results/models/checkpoints/schrodinger/qho/2025-08-22_11-20-33-172919/model.pth
Model state saved to ./results/models/checkpoints/schrodinger/qho/2025-08-22_11-20-33-172919/model_weights.pth
It: 460, Loss: 1.031e-01, Loss_res: 2.131e-03,  Loss_bcs: 4.193e-04, Loss_ut_ics: 4.923e-02, lr: 1.000e-03, Time: 4.85e+02
Model state saved to ./results/models/checkpoints/schrodinger/qho/2025-08-22_11-20-33-172919/model.pth
Model state saved to ./results/models/checkpoints/schrodinger/qho/2025-08-22_11-20-33-172919/model_weights.pth
It: 470, Loss: 1.020e-01, Loss_res: 2.158e-03,  Loss_bcs: 4.576e-04, Loss_ut_ics: 4.859e-02, lr: 1.000e-03, Time: 4.96e+02
Model state saved to ./results/models/checkpoints/schrodinger/qho/2025-08-22_11-20-33-172919/model.pth
Model state saved to ./results/models/checkpoints/schrodinger/qho/2025-08-22_11-20-33-172919/model_weights.pth
It: 480, Loss: 1.007e-01, Loss_res: 2.183e-03,  Loss_bcs: 4.994e-04, Loss_ut_ics: 4.791e-02, lr: 1.000e-03, Time: 5.06e+02
Model state saved to ./results/models/checkpoints/schrodinger/qho/2025-08-22_11-20-33-172919/model.pth
Model state saved to ./results/models/checkpoints/schrodinger/qho/2025-08-22_11-20-33-172919/model_weights.pth
It: 490, Loss: 9.932e-02, Loss_res: 2.207e-03,  Loss_bcs: 5.451e-04, Loss_ut_ics: 4.718e-02, lr: 1.000e-03, Time: 5.16e+02
Model state saved to ./results/models/checkpoints/schrodinger/qho/2025-08-22_11-20-33-172919/model.pth
Model state saved to ./results/models/checkpoints/schrodinger/qho/2025-08-22_11-20-33-172919/model_weights.pth
It: 500, Loss: 9.785e-02, Loss_res: 2.230e-03,  Loss_bcs: 5.952e-04, Loss_ut_ics: 4.640e-02, lr: 1.000e-03, Time: 5.26e+02
Model state saved to ./results/models/checkpoints/schrodinger/qho/2025-08-22_11-20-33-172919/model.pth
Model state saved to ./results/models/checkpoints/schrodinger/qho/2025-08-22_11-20-33-172919/model_weights.pth
It: 510, Loss: 9.626e-02, Loss_res: 2.254e-03,  Loss_bcs: 6.500e-04, Loss_ut_ics: 4.555e-02, lr: 1.000e-03, Time: 5.36e+02
Model state saved to ./results/models/checkpoints/schrodinger/qho/2025-08-22_11-20-33-172919/model.pth
Model state saved to ./results/models/checkpoints/schrodinger/qho/2025-08-22_11-20-33-172919/model_weights.pth
It: 520, Loss: 9.455e-02, Loss_res: 2.279e-03,  Loss_bcs: 7.101e-04, Loss_ut_ics: 4.464e-02, lr: 1.000e-03, Time: 5.46e+02
Model state saved to ./results/models/checkpoints/schrodinger/qho/2025-08-22_11-20-33-172919/model.pth
Model state saved to ./results/models/checkpoints/schrodinger/qho/2025-08-22_11-20-33-172919/model_weights.pth
It: 530, Loss: 9.270e-02, Loss_res: 2.306e-03,  Loss_bcs: 7.761e-04, Loss_ut_ics: 4.366e-02, lr: 1.000e-03, Time: 5.56e+02
Model state saved to ./results/models/checkpoints/schrodinger/qho/2025-08-22_11-20-33-172919/model.pth
Model state saved to ./results/models/checkpoints/schrodinger/qho/2025-08-22_11-20-33-172919/model_weights.pth
It: 540, Loss: 9.071e-02, Loss_res: 2.338e-03,  Loss_bcs: 8.487e-04, Loss_ut_ics: 4.259e-02, lr: 1.000e-03, Time: 5.66e+02
Model state saved to ./results/models/checkpoints/schrodinger/qho/2025-08-22_11-20-33-172919/model.pth
Model state saved to ./results/models/checkpoints/schrodinger/qho/2025-08-22_11-20-33-172919/model_weights.pth
It: 550, Loss: 8.856e-02, Loss_res: 2.376e-03,  Loss_bcs: 9.287e-04, Loss_ut_ics: 4.144e-02, lr: 1.000e-03, Time: 5.76e+02
Model state saved to ./results/models/checkpoints/schrodinger/qho/2025-08-22_11-20-33-172919/model.pth
Model state saved to ./results/models/checkpoints/schrodinger/qho/2025-08-22_11-20-33-172919/model_weights.pth
It: 560, Loss: 8.624e-02, Loss_res: 2.421e-03,  Loss_bcs: 1.017e-03, Loss_ut_ics: 4.019e-02, lr: 1.000e-03, Time: 5.86e+02
Model state saved to ./results/models/checkpoints/schrodinger/qho/2025-08-22_11-20-33-172919/model.pth
Model state saved to ./results/models/checkpoints/schrodinger/qho/2025-08-22_11-20-33-172919/model_weights.pth
It: 570, Loss: 8.375e-02, Loss_res: 2.474e-03,  Loss_bcs: 1.114e-03, Loss_ut_ics: 3.884e-02, lr: 1.000e-03, Time: 5.96e+02
Model state saved to ./results/models/checkpoints/schrodinger/qho/2025-08-22_11-20-33-172919/model.pth
Model state saved to ./results/models/checkpoints/schrodinger/qho/2025-08-22_11-20-33-172919/model_weights.pth
It: 580, Loss: 8.108e-02, Loss_res: 2.536e-03,  Loss_bcs: 1.221e-03, Loss_ut_ics: 3.739e-02, lr: 1.000e-03, Time: 6.07e+02
Model state saved to ./results/models/checkpoints/schrodinger/qho/2025-08-22_11-20-33-172919/model.pth
Model state saved to ./results/models/checkpoints/schrodinger/qho/2025-08-22_11-20-33-172919/model_weights.pth
It: 590, Loss: 7.823e-02, Loss_res: 2.606e-03,  Loss_bcs: 1.339e-03, Loss_ut_ics: 3.584e-02, lr: 1.000e-03, Time: 6.18e+02
Model state saved to ./results/models/checkpoints/schrodinger/qho/2025-08-22_11-20-33-172919/model.pth
Model state saved to ./results/models/checkpoints/schrodinger/qho/2025-08-22_11-20-33-172919/model_weights.pth
It: 600, Loss: 7.519e-02, Loss_res: 2.683e-03,  Loss_bcs: 1.466e-03, Loss_ut_ics: 3.418e-02, lr: 1.000e-03, Time: 6.29e+02
Model state saved to ./results/models/checkpoints/schrodinger/qho/2025-08-22_11-20-33-172919/model.pth
Model state saved to ./results/models/checkpoints/schrodinger/qho/2025-08-22_11-20-33-172919/model_weights.pth
It: 610, Loss: 7.198e-02, Loss_res: 2.764e-03,  Loss_bcs: 1.603e-03, Loss_ut_ics: 3.242e-02, lr: 1.000e-03, Time: 6.39e+02
Model state saved to ./results/models/checkpoints/schrodinger/qho/2025-08-22_11-20-33-172919/model.pth
Model state saved to ./results/models/checkpoints/schrodinger/qho/2025-08-22_11-20-33-172919/model_weights.pth
It: 620, Loss: 6.860e-02, Loss_res: 2.845e-03,  Loss_bcs: 1.747e-03, Loss_ut_ics: 3.058e-02, lr: 1.000e-03, Time: 6.49e+02
Model state saved to ./results/models/checkpoints/schrodinger/qho/2025-08-22_11-20-33-172919/model.pth
Model state saved to ./results/models/checkpoints/schrodinger/qho/2025-08-22_11-20-33-172919/model_weights.pth
It: 630, Loss: 6.506e-02, Loss_res: 2.923e-03,  Loss_bcs: 1.897e-03, Loss_ut_ics: 2.866e-02, lr: 1.000e-03, Time: 6.61e+02
Model state saved to ./results/models/checkpoints/schrodinger/qho/2025-08-22_11-20-33-172919/model.pth
Model state saved to ./results/models/checkpoints/schrodinger/qho/2025-08-22_11-20-33-172919/model_weights.pth
It: 640, Loss: 6.139e-02, Loss_res: 2.995e-03,  Loss_bcs: 2.049e-03, Loss_ut_ics: 2.667e-02, lr: 1.000e-03, Time: 6.72e+02
Model state saved to ./results/models/checkpoints/schrodinger/qho/2025-08-22_11-20-33-172919/model.pth
Model state saved to ./results/models/checkpoints/schrodinger/qho/2025-08-22_11-20-33-172919/model_weights.pth
It: 650, Loss: 5.762e-02, Loss_res: 3.060e-03,  Loss_bcs: 2.198e-03, Loss_ut_ics: 2.465e-02, lr: 1.000e-03, Time: 6.82e+02
Model state saved to ./results/models/checkpoints/schrodinger/qho/2025-08-22_11-20-33-172919/model.pth
Model state saved to ./results/models/checkpoints/schrodinger/qho/2025-08-22_11-20-33-172919/model_weights.pth
It: 660, Loss: 5.379e-02, Loss_res: 3.119e-03,  Loss_bcs: 2.342e-03, Loss_ut_ics: 2.261e-02, lr: 1.000e-03, Time: 6.93e+02
Model state saved to ./results/models/checkpoints/schrodinger/qho/2025-08-22_11-20-33-172919/model.pth
Model state saved to ./results/models/checkpoints/schrodinger/qho/2025-08-22_11-20-33-172919/model_weights.pth
It: 670, Loss: 4.998e-02, Loss_res: 3.176e-03,  Loss_bcs: 2.476e-03, Loss_ut_ics: 2.057e-02, lr: 1.000e-03, Time: 7.04e+02
Model state saved to ./results/models/checkpoints/schrodinger/qho/2025-08-22_11-20-33-172919/model.pth
Model state saved to ./results/models/checkpoints/schrodinger/qho/2025-08-22_11-20-33-172919/model_weights.pth
It: 680, Loss: 4.624e-02, Loss_res: 3.237e-03,  Loss_bcs: 2.598e-03, Loss_ut_ics: 1.858e-02, lr: 1.000e-03, Time: 7.14e+02
Model state saved to ./results/models/checkpoints/schrodinger/qho/2025-08-22_11-20-33-172919/model.pth
Model state saved to ./results/models/checkpoints/schrodinger/qho/2025-08-22_11-20-33-172919/model_weights.pth
It: 690, Loss: 4.265e-02, Loss_res: 3.307e-03,  Loss_bcs: 2.707e-03, Loss_ut_ics: 1.666e-02, lr: 1.000e-03, Time: 7.23e+02
Model state saved to ./results/models/checkpoints/schrodinger/qho/2025-08-22_11-20-33-172919/model.pth
Model state saved to ./results/models/checkpoints/schrodinger/qho/2025-08-22_11-20-33-172919/model_weights.pth
It: 700, Loss: 3.928e-02, Loss_res: 3.390e-03,  Loss_bcs: 2.800e-03, Loss_ut_ics: 1.485e-02, lr: 1.000e-03, Time: 7.34e+02
Model state saved to ./results/models/checkpoints/schrodinger/qho/2025-08-22_11-20-33-172919/model.pth
Model state saved to ./results/models/checkpoints/schrodinger/qho/2025-08-22_11-20-33-172919/model_weights.pth
It: 710, Loss: 3.619e-02, Loss_res: 3.485e-03,  Loss_bcs: 2.876e-03, Loss_ut_ics: 1.317e-02, lr: 1.000e-03, Time: 7.43e+02
Model state saved to ./results/models/checkpoints/schrodinger/qho/2025-08-22_11-20-33-172919/model.pth
Model state saved to ./results/models/checkpoints/schrodinger/qho/2025-08-22_11-20-33-172919/model_weights.pth
It: 720, Loss: 3.341e-02, Loss_res: 3.585e-03,  Loss_bcs: 2.934e-03, Loss_ut_ics: 1.165e-02, lr: 1.000e-03, Time: 7.53e+02
Model state saved to ./results/models/checkpoints/schrodinger/qho/2025-08-22_11-20-33-172919/model.pth
Model state saved to ./results/models/checkpoints/schrodinger/qho/2025-08-22_11-20-33-172919/model_weights.pth
It: 730, Loss: 3.095e-02, Loss_res: 3.682e-03,  Loss_bcs: 2.972e-03, Loss_ut_ics: 1.031e-02, lr: 1.000e-03, Time: 7.64e+02
Model state saved to ./results/models/checkpoints/schrodinger/qho/2025-08-22_11-20-33-172919/model.pth
Model state saved to ./results/models/checkpoints/schrodinger/qho/2025-08-22_11-20-33-172919/model_weights.pth
It: 740, Loss: 2.879e-02, Loss_res: 3.764e-03,  Loss_bcs: 2.990e-03, Loss_ut_ics: 9.138e-03, lr: 1.000e-03, Time: 7.77e+02
Model state saved to ./results/models/checkpoints/schrodinger/qho/2025-08-22_11-20-33-172919/model.pth
Model state saved to ./results/models/checkpoints/schrodinger/qho/2025-08-22_11-20-33-172919/model_weights.pth
It: 750, Loss: 2.690e-02, Loss_res: 3.824e-03,  Loss_bcs: 2.985e-03, Loss_ut_ics: 8.133e-03, lr: 1.000e-03, Time: 7.87e+02
Model state saved to ./results/models/checkpoints/schrodinger/qho/2025-08-22_11-20-33-172919/model.pth
Model state saved to ./results/models/checkpoints/schrodinger/qho/2025-08-22_11-20-33-172919/model_weights.pth
It: 760, Loss: 2.523e-02, Loss_res: 3.855e-03,  Loss_bcs: 2.960e-03, Loss_ut_ics: 7.279e-03, lr: 1.000e-03, Time: 7.97e+02
Model state saved to ./results/models/checkpoints/schrodinger/qho/2025-08-22_11-20-33-172919/model.pth
Model state saved to ./results/models/checkpoints/schrodinger/qho/2025-08-22_11-20-33-172919/model_weights.pth
It: 770, Loss: 2.374e-02, Loss_res: 3.857e-03,  Loss_bcs: 2.914e-03, Loss_ut_ics: 6.556e-03, lr: 1.000e-03, Time: 8.07e+02
Model state saved to ./results/models/checkpoints/schrodinger/qho/2025-08-22_11-20-33-172919/model.pth
Model state saved to ./results/models/checkpoints/schrodinger/qho/2025-08-22_11-20-33-172919/model_weights.pth
It: 780, Loss: 2.240e-02, Loss_res: 3.831e-03,  Loss_bcs: 2.851e-03, Loss_ut_ics: 5.942e-03, lr: 1.000e-03, Time: 8.17e+02
Model state saved to ./results/models/checkpoints/schrodinger/qho/2025-08-22_11-20-33-172919/model.pth
Model state saved to ./results/models/checkpoints/schrodinger/qho/2025-08-22_11-20-33-172919/model_weights.pth
It: 790, Loss: 2.117e-02, Loss_res: 3.782e-03,  Loss_bcs: 2.774e-03, Loss_ut_ics: 5.418e-03, lr: 1.000e-03, Time: 8.27e+02
Model state saved to ./results/models/checkpoints/schrodinger/qho/2025-08-22_11-20-33-172919/model.pth
Model state saved to ./results/models/checkpoints/schrodinger/qho/2025-08-22_11-20-33-172919/model_weights.pth
It: 800, Loss: 2.005e-02, Loss_res: 3.713e-03,  Loss_bcs: 2.687e-03, Loss_ut_ics: 4.967e-03, lr: 1.000e-03, Time: 8.37e+02
Model state saved to ./results/models/checkpoints/schrodinger/qho/2025-08-22_11-20-33-172919/model.pth
Model state saved to ./results/models/checkpoints/schrodinger/qho/2025-08-22_11-20-33-172919/model_weights.pth
It: 810, Loss: 1.900e-02, Loss_res: 3.630e-03,  Loss_bcs: 2.595e-03, Loss_ut_ics: 4.574e-03, lr: 1.000e-03, Time: 8.47e+02
Model state saved to ./results/models/checkpoints/schrodinger/qho/2025-08-22_11-20-33-172919/model.pth
Model state saved to ./results/models/checkpoints/schrodinger/qho/2025-08-22_11-20-33-172919/model_weights.pth
It: 820, Loss: 1.803e-02, Loss_res: 3.538e-03,  Loss_bcs: 2.499e-03, Loss_ut_ics: 4.229e-03, lr: 1.000e-03, Time: 8.58e+02
Model state saved to ./results/models/checkpoints/schrodinger/qho/2025-08-22_11-20-33-172919/model.pth
Model state saved to ./results/models/checkpoints/schrodinger/qho/2025-08-22_11-20-33-172919/model_weights.pth
It: 830, Loss: 1.713e-02, Loss_res: 3.440e-03,  Loss_bcs: 2.403e-03, Loss_ut_ics: 3.922e-03, lr: 1.000e-03, Time: 8.68e+02
Model state saved to ./results/models/checkpoints/schrodinger/qho/2025-08-22_11-20-33-172919/model.pth
Model state saved to ./results/models/checkpoints/schrodinger/qho/2025-08-22_11-20-33-172919/model_weights.pth
It: 840, Loss: 1.628e-02, Loss_res: 3.340e-03,  Loss_bcs: 2.309e-03, Loss_ut_ics: 3.646e-03, lr: 1.000e-03, Time: 8.78e+02
Model state saved to ./results/models/checkpoints/schrodinger/qho/2025-08-22_11-20-33-172919/model.pth
Model state saved to ./results/models/checkpoints/schrodinger/qho/2025-08-22_11-20-33-172919/model_weights.pth
It: 850, Loss: 1.549e-02, Loss_res: 3.240e-03,  Loss_bcs: 2.217e-03, Loss_ut_ics: 3.397e-03, lr: 1.000e-03, Time: 8.88e+02
Model state saved to ./results/models/checkpoints/schrodinger/qho/2025-08-22_11-20-33-172919/model.pth
Model state saved to ./results/models/checkpoints/schrodinger/qho/2025-08-22_11-20-33-172919/model_weights.pth
It: 860, Loss: 1.475e-02, Loss_res: 3.142e-03,  Loss_bcs: 2.128e-03, Loss_ut_ics: 3.169e-03, lr: 1.000e-03, Time: 8.98e+02
Model state saved to ./results/models/checkpoints/schrodinger/qho/2025-08-22_11-20-33-172919/model.pth
Model state saved to ./results/models/checkpoints/schrodinger/qho/2025-08-22_11-20-33-172919/model_weights.pth
It: 870, Loss: 1.406e-02, Loss_res: 3.047e-03,  Loss_bcs: 2.043e-03, Loss_ut_ics: 2.960e-03, lr: 1.000e-03, Time: 9.09e+02
Model state saved to ./results/models/checkpoints/schrodinger/qho/2025-08-22_11-20-33-172919/model.pth
Model state saved to ./results/models/checkpoints/schrodinger/qho/2025-08-22_11-20-33-172919/model_weights.pth
It: 880, Loss: 1.341e-02, Loss_res: 2.956e-03,  Loss_bcs: 1.962e-03, Loss_ut_ics: 2.768e-03, lr: 1.000e-03, Time: 9.19e+02
Model state saved to ./results/models/checkpoints/schrodinger/qho/2025-08-22_11-20-33-172919/model.pth
Model state saved to ./results/models/checkpoints/schrodinger/qho/2025-08-22_11-20-33-172919/model_weights.pth
It: 890, Loss: 1.280e-02, Loss_res: 2.867e-03,  Loss_bcs: 1.884e-03, Loss_ut_ics: 2.591e-03, lr: 1.000e-03, Time: 9.29e+02
Model state saved to ./results/models/checkpoints/schrodinger/qho/2025-08-22_11-20-33-172919/model.pth
Model state saved to ./results/models/checkpoints/schrodinger/qho/2025-08-22_11-20-33-172919/model_weights.pth
It: 900, Loss: 1.223e-02, Loss_res: 2.783e-03,  Loss_bcs: 1.809e-03, Loss_ut_ics: 2.426e-03, lr: 1.000e-03, Time: 9.39e+02
Model state saved to ./results/models/checkpoints/schrodinger/qho/2025-08-22_11-20-33-172919/model.pth
Model state saved to ./results/models/checkpoints/schrodinger/qho/2025-08-22_11-20-33-172919/model_weights.pth
It: 910, Loss: 1.169e-02, Loss_res: 2.701e-03,  Loss_bcs: 1.737e-03, Loss_ut_ics: 2.274e-03, lr: 1.000e-03, Time: 9.49e+02
Model state saved to ./results/models/checkpoints/schrodinger/qho/2025-08-22_11-20-33-172919/model.pth
Model state saved to ./results/models/checkpoints/schrodinger/qho/2025-08-22_11-20-33-172919/model_weights.pth
It: 920, Loss: 1.117e-02, Loss_res: 2.621e-03,  Loss_bcs: 1.667e-03, Loss_ut_ics: 2.132e-03, lr: 1.000e-03, Time: 9.59e+02
Model state saved to ./results/models/checkpoints/schrodinger/qho/2025-08-22_11-20-33-172919/model.pth
Model state saved to ./results/models/checkpoints/schrodinger/qho/2025-08-22_11-20-33-172919/model_weights.pth
It: 930, Loss: 1.069e-02, Loss_res: 2.544e-03,  Loss_bcs: 1.600e-03, Loss_ut_ics: 2.000e-03, lr: 1.000e-03, Time: 9.69e+02
Model state saved to ./results/models/checkpoints/schrodinger/qho/2025-08-22_11-20-33-172919/model.pth
Model state saved to ./results/models/checkpoints/schrodinger/qho/2025-08-22_11-20-33-172919/model_weights.pth
It: 940, Loss: 1.023e-02, Loss_res: 2.469e-03,  Loss_bcs: 1.535e-03, Loss_ut_ics: 1.876e-03, lr: 1.000e-03, Time: 9.79e+02
Model state saved to ./results/models/checkpoints/schrodinger/qho/2025-08-22_11-20-33-172919/model.pth
Model state saved to ./results/models/checkpoints/schrodinger/qho/2025-08-22_11-20-33-172919/model_weights.pth
It: 950, Loss: 9.786e-03, Loss_res: 2.396e-03,  Loss_bcs: 1.472e-03, Loss_ut_ics: 1.761e-03, lr: 1.000e-03, Time: 9.89e+02
Model state saved to ./results/models/checkpoints/schrodinger/qho/2025-08-22_11-20-33-172919/model.pth
Model state saved to ./results/models/checkpoints/schrodinger/qho/2025-08-22_11-20-33-172919/model_weights.pth
It: 960, Loss: 9.366e-03, Loss_res: 2.324e-03,  Loss_bcs: 1.411e-03, Loss_ut_ics: 1.654e-03, lr: 1.000e-03, Time: 9.99e+02
Model state saved to ./results/models/checkpoints/schrodinger/qho/2025-08-22_11-20-33-172919/model.pth
Model state saved to ./results/models/checkpoints/schrodinger/qho/2025-08-22_11-20-33-172919/model_weights.pth
It: 970, Loss: 8.964e-03, Loss_res: 2.253e-03,  Loss_bcs: 1.352e-03, Loss_ut_ics: 1.553e-03, lr: 1.000e-03, Time: 1.01e+03
Model state saved to ./results/models/checkpoints/schrodinger/qho/2025-08-22_11-20-33-172919/model.pth
Model state saved to ./results/models/checkpoints/schrodinger/qho/2025-08-22_11-20-33-172919/model_weights.pth
It: 980, Loss: 8.579e-03, Loss_res: 2.183e-03,  Loss_bcs: 1.295e-03, Loss_ut_ics: 1.459e-03, lr: 1.000e-03, Time: 1.02e+03
Model state saved to ./results/models/checkpoints/schrodinger/qho/2025-08-22_11-20-33-172919/model.pth
Model state saved to ./results/models/checkpoints/schrodinger/qho/2025-08-22_11-20-33-172919/model_weights.pth
It: 990, Loss: 8.209e-03, Loss_res: 2.115e-03,  Loss_bcs: 1.239e-03, Loss_ut_ics: 1.370e-03, lr: 1.000e-03, Time: 1.03e+03
Model state saved to ./results/models/checkpoints/schrodinger/qho/2025-08-22_11-20-33-172919/model.pth
Model state saved to ./results/models/checkpoints/schrodinger/qho/2025-08-22_11-20-33-172919/model_weights.pth
It: 1000, Loss: 7.854e-03, Loss_res: 2.047e-03,  Loss_bcs: 1.184e-03, Loss_ut_ics: 1.288e-03, lr: 1.000e-03, Time: 1.04e+03
Model state saved to ./results/models/checkpoints/schrodinger/qho/2025-08-22_11-20-33-172919/model.pth
Model state saved to ./results/models/checkpoints/schrodinger/qho/2025-08-22_11-20-33-172919/model_weights.pth
It: 1010, Loss: 7.514e-03, Loss_res: 1.981e-03,  Loss_bcs: 1.132e-03, Loss_ut_ics: 1.210e-03, lr: 1.000e-03, Time: 1.05e+03
Model state saved to ./results/models/checkpoints/schrodinger/qho/2025-08-22_11-20-33-172919/model.pth
Model state saved to ./results/models/checkpoints/schrodinger/qho/2025-08-22_11-20-33-172919/model_weights.pth
It: 1020, Loss: 7.187e-03, Loss_res: 1.917e-03,  Loss_bcs: 1.081e-03, Loss_ut_ics: 1.137e-03, lr: 1.000e-03, Time: 1.06e+03
Model state saved to ./results/models/checkpoints/schrodinger/qho/2025-08-22_11-20-33-172919/model.pth
Model state saved to ./results/models/checkpoints/schrodinger/qho/2025-08-22_11-20-33-172919/model_weights.pth
It: 1030, Loss: 6.874e-03, Loss_res: 1.853e-03,  Loss_bcs: 1.032e-03, Loss_ut_ics: 1.068e-03, lr: 1.000e-03, Time: 1.07e+03
Model state saved to ./results/models/checkpoints/schrodinger/qho/2025-08-22_11-20-33-172919/model.pth
Model state saved to ./results/models/checkpoints/schrodinger/qho/2025-08-22_11-20-33-172919/model_weights.pth
It: 1040, Loss: 6.573e-03, Loss_res: 1.791e-03,  Loss_bcs: 9.839e-04, Loss_ut_ics: 1.003e-03, lr: 1.000e-03, Time: 1.08e+03
Model state saved to ./results/models/checkpoints/schrodinger/qho/2025-08-22_11-20-33-172919/model.pth
Model state saved to ./results/models/checkpoints/schrodinger/qho/2025-08-22_11-20-33-172919/model_weights.pth
It: 1050, Loss: 6.284e-03, Loss_res: 1.730e-03,  Loss_bcs: 9.380e-04, Loss_ut_ics: 9.425e-04, lr: 1.000e-03, Time: 1.09e+03
Model state saved to ./results/models/checkpoints/schrodinger/qho/2025-08-22_11-20-33-172919/model.pth
Model state saved to ./results/models/checkpoints/schrodinger/qho/2025-08-22_11-20-33-172919/model_weights.pth
It: 1060, Loss: 6.007e-03, Loss_res: 1.671e-03,  Loss_bcs: 8.937e-04, Loss_ut_ics: 8.853e-04, lr: 1.000e-03, Time: 1.10e+03
Model state saved to ./results/models/checkpoints/schrodinger/qho/2025-08-22_11-20-33-172919/model.pth
Model state saved to ./results/models/checkpoints/schrodinger/qho/2025-08-22_11-20-33-172919/model_weights.pth
It: 1070, Loss: 5.742e-03, Loss_res: 1.614e-03,  Loss_bcs: 8.511e-04, Loss_ut_ics: 8.316e-04, lr: 1.000e-03, Time: 1.11e+03
Model state saved to ./results/models/checkpoints/schrodinger/qho/2025-08-22_11-20-33-172919/model.pth
Model state saved to ./results/models/checkpoints/schrodinger/qho/2025-08-22_11-20-33-172919/model_weights.pth
It: 1080, Loss: 5.488e-03, Loss_res: 1.558e-03,  Loss_bcs: 8.102e-04, Loss_ut_ics: 7.811e-04, lr: 1.000e-03, Time: 1.12e+03
Model state saved to ./results/models/checkpoints/schrodinger/qho/2025-08-22_11-20-33-172919/model.pth
Model state saved to ./results/models/checkpoints/schrodinger/qho/2025-08-22_11-20-33-172919/model_weights.pth
It: 1090, Loss: 5.244e-03, Loss_res: 1.503e-03,  Loss_bcs: 7.709e-04, Loss_ut_ics: 7.336e-04, lr: 1.000e-03, Time: 1.13e+03
Model state saved to ./results/models/checkpoints/schrodinger/qho/2025-08-22_11-20-33-172919/model.pth
Model state saved to ./results/models/checkpoints/schrodinger/qho/2025-08-22_11-20-33-172919/model_weights.pth
It: 1100, Loss: 5.012e-03, Loss_res: 1.450e-03,  Loss_bcs: 7.333e-04, Loss_ut_ics: 6.890e-04, lr: 1.000e-03, Time: 1.14e+03
Model state saved to ./results/models/checkpoints/schrodinger/qho/2025-08-22_11-20-33-172919/model.pth
Model state saved to ./results/models/checkpoints/schrodinger/qho/2025-08-22_11-20-33-172919/model_weights.pth
It: 1110, Loss: 4.790e-03, Loss_res: 1.399e-03,  Loss_bcs: 6.973e-04, Loss_ut_ics: 6.470e-04, lr: 1.000e-03, Time: 1.15e+03
Model state saved to ./results/models/checkpoints/schrodinger/qho/2025-08-22_11-20-33-172919/model.pth
Model state saved to ./results/models/checkpoints/schrodinger/qho/2025-08-22_11-20-33-172919/model_weights.pth
It: 1120, Loss: 4.578e-03, Loss_res: 1.350e-03,  Loss_bcs: 6.629e-04, Loss_ut_ics: 6.077e-04, lr: 1.000e-03, Time: 1.16e+03
Model state saved to ./results/models/checkpoints/schrodinger/qho/2025-08-22_11-20-33-172919/model.pth
Model state saved to ./results/models/checkpoints/schrodinger/qho/2025-08-22_11-20-33-172919/model_weights.pth
It: 1130, Loss: 4.375e-03, Loss_res: 1.302e-03,  Loss_bcs: 6.301e-04, Loss_ut_ics: 5.707e-04, lr: 1.000e-03, Time: 1.17e+03
Model state saved to ./results/models/checkpoints/schrodinger/qho/2025-08-22_11-20-33-172919/model.pth
Model state saved to ./results/models/checkpoints/schrodinger/qho/2025-08-22_11-20-33-172919/model_weights.pth
It: 1140, Loss: 4.182e-03, Loss_res: 1.256e-03,  Loss_bcs: 5.988e-04, Loss_ut_ics: 5.361e-04, lr: 1.000e-03, Time: 1.18e+03
Model state saved to ./results/models/checkpoints/schrodinger/qho/2025-08-22_11-20-33-172919/model.pth
Model state saved to ./results/models/checkpoints/schrodinger/qho/2025-08-22_11-20-33-172919/model_weights.pth
It: 1150, Loss: 3.999e-03, Loss_res: 1.211e-03,  Loss_bcs: 5.690e-04, Loss_ut_ics: 5.037e-04, lr: 1.000e-03, Time: 1.20e+03
Model state saved to ./results/models/checkpoints/schrodinger/qho/2025-08-22_11-20-33-172919/model.pth
Model state saved to ./results/models/checkpoints/schrodinger/qho/2025-08-22_11-20-33-172919/model_weights.pth
It: 1160, Loss: 3.824e-03, Loss_res: 1.168e-03,  Loss_bcs: 5.407e-04, Loss_ut_ics: 4.733e-04, lr: 1.000e-03, Time: 1.21e+03
Model state saved to ./results/models/checkpoints/schrodinger/qho/2025-08-22_11-20-33-172919/model.pth
Model state saved to ./results/models/checkpoints/schrodinger/qho/2025-08-22_11-20-33-172919/model_weights.pth
It: 1170, Loss: 3.658e-03, Loss_res: 1.127e-03,  Loss_bcs: 5.139e-04, Loss_ut_ics: 4.449e-04, lr: 1.000e-03, Time: 1.22e+03
Model state saved to ./results/models/checkpoints/schrodinger/qho/2025-08-22_11-20-33-172919/model.pth
Model state saved to ./results/models/checkpoints/schrodinger/qho/2025-08-22_11-20-33-172919/model_weights.pth
It: 1180, Loss: 3.500e-03, Loss_res: 1.088e-03,  Loss_bcs: 4.884e-04, Loss_ut_ics: 4.183e-04, lr: 1.000e-03, Time: 1.23e+03
Model state saved to ./results/models/checkpoints/schrodinger/qho/2025-08-22_11-20-33-172919/model.pth
Model state saved to ./results/models/checkpoints/schrodinger/qho/2025-08-22_11-20-33-172919/model_weights.pth
It: 1190, Loss: 3.351e-03, Loss_res: 1.050e-03,  Loss_bcs: 4.643e-04, Loss_ut_ics: 3.935e-04, lr: 1.000e-03, Time: 1.24e+03
Model state saved to ./results/models/checkpoints/schrodinger/qho/2025-08-22_11-20-33-172919/model.pth
Model state saved to ./results/models/checkpoints/schrodinger/qho/2025-08-22_11-20-33-172919/model_weights.pth
It: 1200, Loss: 3.208e-03, Loss_res: 1.013e-03,  Loss_bcs: 4.416e-04, Loss_ut_ics: 3.703e-04, lr: 1.000e-03, Time: 1.25e+03
Model state saved to ./results/models/checkpoints/schrodinger/qho/2025-08-22_11-20-33-172919/model.pth
Model state saved to ./results/models/checkpoints/schrodinger/qho/2025-08-22_11-20-33-172919/model_weights.pth
It: 1210, Loss: 3.074e-03, Loss_res: 9.783e-04,  Loss_bcs: 4.200e-04, Loss_ut_ics: 3.486e-04, lr: 1.000e-03, Time: 1.26e+03
Model state saved to ./results/models/checkpoints/schrodinger/qho/2025-08-22_11-20-33-172919/model.pth
Model state saved to ./results/models/checkpoints/schrodinger/qho/2025-08-22_11-20-33-172919/model_weights.pth
It: 1220, Loss: 2.946e-03, Loss_res: 9.449e-04,  Loss_bcs: 3.998e-04, Loss_ut_ics: 3.284e-04, lr: 1.000e-03, Time: 1.27e+03
Model state saved to ./results/models/checkpoints/schrodinger/qho/2025-08-22_11-20-33-172919/model.pth
Model state saved to ./results/models/checkpoints/schrodinger/qho/2025-08-22_11-20-33-172919/model_weights.pth
It: 1230, Loss: 2.826e-03, Loss_res: 9.129e-04,  Loss_bcs: 3.806e-04, Loss_ut_ics: 3.096e-04, lr: 1.000e-03, Time: 1.28e+03
Model state saved to ./results/models/checkpoints/schrodinger/qho/2025-08-22_11-20-33-172919/model.pth
Model state saved to ./results/models/checkpoints/schrodinger/qho/2025-08-22_11-20-33-172919/model_weights.pth
It: 1240, Loss: 2.711e-03, Loss_res: 8.823e-04,  Loss_bcs: 3.627e-04, Loss_ut_ics: 2.920e-04, lr: 1.000e-03, Time: 1.29e+03
Model state saved to ./results/models/checkpoints/schrodinger/qho/2025-08-22_11-20-33-172919/model.pth
Model state saved to ./results/models/checkpoints/schrodinger/qho/2025-08-22_11-20-33-172919/model_weights.pth
It: 1250, Loss: 2.603e-03, Loss_res: 8.530e-04,  Loss_bcs: 3.457e-04, Loss_ut_ics: 2.757e-04, lr: 1.000e-03, Time: 1.30e+03
Model state saved to ./results/models/checkpoints/schrodinger/qho/2025-08-22_11-20-33-172919/model.pth
Model state saved to ./results/models/checkpoints/schrodinger/qho/2025-08-22_11-20-33-172919/model_weights.pth
It: 1260, Loss: 2.501e-03, Loss_res: 8.251e-04,  Loss_bcs: 3.298e-04, Loss_ut_ics: 2.605e-04, lr: 1.000e-03, Time: 1.31e+03
Model state saved to ./results/models/checkpoints/schrodinger/qho/2025-08-22_11-20-33-172919/model.pth
Model state saved to ./results/models/checkpoints/schrodinger/qho/2025-08-22_11-20-33-172919/model_weights.pth
It: 1270, Loss: 2.404e-03, Loss_res: 7.984e-04,  Loss_bcs: 3.149e-04, Loss_ut_ics: 2.463e-04, lr: 1.000e-03, Time: 1.32e+03
Model state saved to ./results/models/checkpoints/schrodinger/qho/2025-08-22_11-20-33-172919/model.pth
Model state saved to ./results/models/checkpoints/schrodinger/qho/2025-08-22_11-20-33-172919/model_weights.pth
It: 1280, Loss: 2.313e-03, Loss_res: 7.729e-04,  Loss_bcs: 3.009e-04, Loss_ut_ics: 2.332e-04, lr: 1.000e-03, Time: 1.33e+03
Model state saved to ./results/models/checkpoints/schrodinger/qho/2025-08-22_11-20-33-172919/model.pth
Model state saved to ./results/models/checkpoints/schrodinger/qho/2025-08-22_11-20-33-172919/model_weights.pth
It: 1290, Loss: 2.227e-03, Loss_res: 7.485e-04,  Loss_bcs: 2.878e-04, Loss_ut_ics: 2.209e-04, lr: 1.000e-03, Time: 1.34e+03
Model state saved to ./results/models/checkpoints/schrodinger/qho/2025-08-22_11-20-33-172919/model.pth
Model state saved to ./results/models/checkpoints/schrodinger/qho/2025-08-22_11-20-33-172919/model_weights.pth
It: 1300, Loss: 2.145e-03, Loss_res: 7.253e-04,  Loss_bcs: 2.755e-04, Loss_ut_ics: 2.095e-04, lr: 1.000e-03, Time: 1.35e+03
Model state saved to ./results/models/checkpoints/schrodinger/qho/2025-08-22_11-20-33-172919/model.pth
Model state saved to ./results/models/checkpoints/schrodinger/qho/2025-08-22_11-20-33-172919/model_weights.pth
It: 1310, Loss: 2.068e-03, Loss_res: 7.030e-04,  Loss_bcs: 2.639e-04, Loss_ut_ics: 1.990e-04, lr: 1.000e-03, Time: 1.36e+03
Model state saved to ./results/models/checkpoints/schrodinger/qho/2025-08-22_11-20-33-172919/model.pth
Model state saved to ./results/models/checkpoints/schrodinger/qho/2025-08-22_11-20-33-172919/model_weights.pth
It: 1320, Loss: 1.995e-03, Loss_res: 6.818e-04,  Loss_bcs: 2.531e-04, Loss_ut_ics: 1.891e-04, lr: 1.000e-03, Time: 1.37e+03
Model state saved to ./results/models/checkpoints/schrodinger/qho/2025-08-22_11-20-33-172919/model.pth
Model state saved to ./results/models/checkpoints/schrodinger/qho/2025-08-22_11-20-33-172919/model_weights.pth
It: 1330, Loss: 1.926e-03, Loss_res: 6.616e-04,  Loss_bcs: 2.430e-04, Loss_ut_ics: 1.800e-04, lr: 1.000e-03, Time: 1.38e+03
Model state saved to ./results/models/checkpoints/schrodinger/qho/2025-08-22_11-20-33-172919/model.pth
Model state saved to ./results/models/checkpoints/schrodinger/qho/2025-08-22_11-20-33-172919/model_weights.pth
It: 1340, Loss: 1.861e-03, Loss_res: 6.422e-04,  Loss_bcs: 2.335e-04, Loss_ut_ics: 1.715e-04, lr: 1.000e-03, Time: 1.39e+03
Model state saved to ./results/models/checkpoints/schrodinger/qho/2025-08-22_11-20-33-172919/model.pth
Model state saved to ./results/models/checkpoints/schrodinger/qho/2025-08-22_11-20-33-172919/model_weights.pth
It: 1350, Loss: 1.799e-03, Loss_res: 6.237e-04,  Loss_bcs: 2.246e-04, Loss_ut_ics: 1.637e-04, lr: 1.000e-03, Time: 1.40e+03
Model state saved to ./results/models/checkpoints/schrodinger/qho/2025-08-22_11-20-33-172919/model.pth
Model state saved to ./results/models/checkpoints/schrodinger/qho/2025-08-22_11-20-33-172919/model_weights.pth
It: 1360, Loss: 1.741e-03, Loss_res: 6.060e-04,  Loss_bcs: 2.163e-04, Loss_ut_ics: 1.564e-04, lr: 1.000e-03, Time: 1.41e+03
Model state saved to ./results/models/checkpoints/schrodinger/qho/2025-08-22_11-20-33-172919/model.pth
Model state saved to ./results/models/checkpoints/schrodinger/qho/2025-08-22_11-20-33-172919/model_weights.pth
It: 1370, Loss: 1.686e-03, Loss_res: 5.891e-04,  Loss_bcs: 2.085e-04, Loss_ut_ics: 1.496e-04, lr: 1.000e-03, Time: 1.42e+03
Model state saved to ./results/models/checkpoints/schrodinger/qho/2025-08-22_11-20-33-172919/model.pth
Model state saved to ./results/models/checkpoints/schrodinger/qho/2025-08-22_11-20-33-172919/model_weights.pth
It: 1380, Loss: 1.634e-03, Loss_res: 5.729e-04,  Loss_bcs: 2.012e-04, Loss_ut_ics: 1.433e-04, lr: 1.000e-03, Time: 1.43e+03
Model state saved to ./results/models/checkpoints/schrodinger/qho/2025-08-22_11-20-33-172919/model.pth
Model state saved to ./results/models/checkpoints/schrodinger/qho/2025-08-22_11-20-33-172919/model_weights.pth
It: 1390, Loss: 1.584e-03, Loss_res: 5.573e-04,  Loss_bcs: 1.943e-04, Loss_ut_ics: 1.375e-04, lr: 1.000e-03, Time: 1.44e+03
Model state saved to ./results/models/checkpoints/schrodinger/qho/2025-08-22_11-20-33-172919/model.pth
Model state saved to ./results/models/checkpoints/schrodinger/qho/2025-08-22_11-20-33-172919/model_weights.pth
It: 1400, Loss: 1.537e-03, Loss_res: 5.425e-04,  Loss_bcs: 1.879e-04, Loss_ut_ics: 1.321e-04, lr: 1.000e-03, Time: 1.45e+03
Model state saved to ./results/models/checkpoints/schrodinger/qho/2025-08-22_11-20-33-172919/model.pth
Model state saved to ./results/models/checkpoints/schrodinger/qho/2025-08-22_11-20-33-172919/model_weights.pth
It: 1410, Loss: 1.492e-03, Loss_res: 5.282e-04,  Loss_bcs: 1.818e-04, Loss_ut_ics: 1.271e-04, lr: 1.000e-03, Time: 1.46e+03
Model state saved to ./results/models/checkpoints/schrodinger/qho/2025-08-22_11-20-33-172919/model.pth
Model state saved to ./results/models/checkpoints/schrodinger/qho/2025-08-22_11-20-33-172919/model_weights.pth
It: 1420, Loss: 1.450e-03, Loss_res: 5.145e-04,  Loss_bcs: 1.762e-04, Loss_ut_ics: 1.225e-04, lr: 1.000e-03, Time: 1.47e+03
Model state saved to ./results/models/checkpoints/schrodinger/qho/2025-08-22_11-20-33-172919/model.pth
Model state saved to ./results/models/checkpoints/schrodinger/qho/2025-08-22_11-20-33-172919/model_weights.pth
It: 1430, Loss: 1.410e-03, Loss_res: 5.014e-04,  Loss_bcs: 1.708e-04, Loss_ut_ics: 1.181e-04, lr: 1.000e-03, Time: 1.48e+03
Model state saved to ./results/models/checkpoints/schrodinger/qho/2025-08-22_11-20-33-172919/model.pth
Model state saved to ./results/models/checkpoints/schrodinger/qho/2025-08-22_11-20-33-172919/model_weights.pth
It: 1440, Loss: 1.372e-03, Loss_res: 4.888e-04,  Loss_bcs: 1.658e-04, Loss_ut_ics: 1.141e-04, lr: 1.000e-03, Time: 1.49e+03
Model state saved to ./results/models/checkpoints/schrodinger/qho/2025-08-22_11-20-33-172919/model.pth
Model state saved to ./results/models/checkpoints/schrodinger/qho/2025-08-22_11-20-33-172919/model_weights.pth
It: 1450, Loss: 1.335e-03, Loss_res: 4.766e-04,  Loss_bcs: 1.611e-04, Loss_ut_ics: 1.104e-04, lr: 1.000e-03, Time: 1.50e+03
Model state saved to ./results/models/checkpoints/schrodinger/qho/2025-08-22_11-20-33-172919/model.pth
Model state saved to ./results/models/checkpoints/schrodinger/qho/2025-08-22_11-20-33-172919/model_weights.pth
It: 1460, Loss: 1.300e-03, Loss_res: 4.649e-04,  Loss_bcs: 1.566e-04, Loss_ut_ics: 1.070e-04, lr: 1.000e-03, Time: 1.51e+03
Model state saved to ./results/models/checkpoints/schrodinger/qho/2025-08-22_11-20-33-172919/model.pth
Model state saved to ./results/models/checkpoints/schrodinger/qho/2025-08-22_11-20-33-172919/model_weights.pth
It: 1470, Loss: 1.267e-03, Loss_res: 4.537e-04,  Loss_bcs: 1.524e-04, Loss_ut_ics: 1.038e-04, lr: 1.000e-03, Time: 1.52e+03
Model state saved to ./results/models/checkpoints/schrodinger/qho/2025-08-22_11-20-33-172919/model.pth
Model state saved to ./results/models/checkpoints/schrodinger/qho/2025-08-22_11-20-33-172919/model_weights.pth
It: 1480, Loss: 1.236e-03, Loss_res: 4.428e-04,  Loss_bcs: 1.485e-04, Loss_ut_ics: 1.008e-04, lr: 1.000e-03, Time: 1.53e+03
Model state saved to ./results/models/checkpoints/schrodinger/qho/2025-08-22_11-20-33-172919/model.pth
Model state saved to ./results/models/checkpoints/schrodinger/qho/2025-08-22_11-20-33-172919/model_weights.pth
It: 1490, Loss: 1.206e-03, Loss_res: 4.324e-04,  Loss_bcs: 1.447e-04, Loss_ut_ics: 9.810e-05, lr: 1.000e-03, Time: 1.54e+03
Model state saved to ./results/models/checkpoints/schrodinger/qho/2025-08-22_11-20-33-172919/model.pth
Model state saved to ./results/models/checkpoints/schrodinger/qho/2025-08-22_11-20-33-172919/model_weights.pth
It: 1500, Loss: 1.177e-03, Loss_res: 4.223e-04,  Loss_bcs: 1.412e-04, Loss_ut_ics: 9.555e-05, lr: 1.000e-03, Time: 1.55e+03
Model state saved to ./results/models/checkpoints/schrodinger/qho/2025-08-22_11-20-33-172919/model.pth
Model state saved to ./results/models/checkpoints/schrodinger/qho/2025-08-22_11-20-33-172919/model_weights.pth
It: 1510, Loss: 1.149e-03, Loss_res: 4.126e-04,  Loss_bcs: 1.378e-04, Loss_ut_ics: 9.318e-05, lr: 1.000e-03, Time: 1.56e+03
Model state saved to ./results/models/checkpoints/schrodinger/qho/2025-08-22_11-20-33-172919/model.pth
Model state saved to ./results/models/checkpoints/schrodinger/qho/2025-08-22_11-20-33-172919/model_weights.pth
It: 1520, Loss: 1.123e-03, Loss_res: 4.031e-04,  Loss_bcs: 1.347e-04, Loss_ut_ics: 9.098e-05, lr: 1.000e-03, Time: 1.57e+03
Model state saved to ./results/models/checkpoints/schrodinger/qho/2025-08-22_11-20-33-172919/model.pth
Model state saved to ./results/models/checkpoints/schrodinger/qho/2025-08-22_11-20-33-172919/model_weights.pth
It: 1530, Loss: 1.098e-03, Loss_res: 3.940e-04,  Loss_bcs: 1.317e-04, Loss_ut_ics: 8.895e-05, lr: 1.000e-03, Time: 1.58e+03
Model state saved to ./results/models/checkpoints/schrodinger/qho/2025-08-22_11-20-33-172919/model.pth
Model state saved to ./results/models/checkpoints/schrodinger/qho/2025-08-22_11-20-33-172919/model_weights.pth
It: 1540, Loss: 1.073e-03, Loss_res: 3.852e-04,  Loss_bcs: 1.288e-04, Loss_ut_ics: 8.705e-05, lr: 1.000e-03, Time: 1.59e+03
Model state saved to ./results/models/checkpoints/schrodinger/qho/2025-08-22_11-20-33-172919/model.pth
Model state saved to ./results/models/checkpoints/schrodinger/qho/2025-08-22_11-20-33-172919/model_weights.pth
It: 1550, Loss: 1.050e-03, Loss_res: 3.767e-04,  Loss_bcs: 1.261e-04, Loss_ut_ics: 8.529e-05, lr: 1.000e-03, Time: 1.60e+03
Model state saved to ./results/models/checkpoints/schrodinger/qho/2025-08-22_11-20-33-172919/model.pth
Model state saved to ./results/models/checkpoints/schrodinger/qho/2025-08-22_11-20-33-172919/model_weights.pth
It: 1560, Loss: 1.028e-03, Loss_res: 3.684e-04,  Loss_bcs: 1.235e-04, Loss_ut_ics: 8.365e-05, lr: 1.000e-03, Time: 1.61e+03
Model state saved to ./results/models/checkpoints/schrodinger/qho/2025-08-22_11-20-33-172919/model.pth
Model state saved to ./results/models/checkpoints/schrodinger/qho/2025-08-22_11-20-33-172919/model_weights.pth
It: 1570, Loss: 1.006e-03, Loss_res: 3.604e-04,  Loss_bcs: 1.211e-04, Loss_ut_ics: 8.215e-05, lr: 1.000e-03, Time: 1.62e+03
Model state saved to ./results/models/checkpoints/schrodinger/qho/2025-08-22_11-20-33-172919/model.pth
Model state saved to ./results/models/checkpoints/schrodinger/qho/2025-08-22_11-20-33-172919/model_weights.pth
It: 1580, Loss: 9.854e-04, Loss_res: 3.526e-04,  Loss_bcs: 1.187e-04, Loss_ut_ics: 8.073e-05, lr: 1.000e-03, Time: 1.63e+03
Model state saved to ./results/models/checkpoints/schrodinger/qho/2025-08-22_11-20-33-172919/model.pth
Model state saved to ./results/models/checkpoints/schrodinger/qho/2025-08-22_11-20-33-172919/model_weights.pth
It: 1590, Loss: 9.654e-04, Loss_res: 3.451e-04,  Loss_bcs: 1.165e-04, Loss_ut_ics: 7.942e-05, lr: 1.000e-03, Time: 1.64e+03
Model state saved to ./results/models/checkpoints/schrodinger/qho/2025-08-22_11-20-33-172919/model.pth
Model state saved to ./results/models/checkpoints/schrodinger/qho/2025-08-22_11-20-33-172919/model_weights.pth
It: 1600, Loss: 9.462e-04, Loss_res: 3.377e-04,  Loss_bcs: 1.143e-04, Loss_ut_ics: 7.820e-05, lr: 1.000e-03, Time: 1.65e+03
Model state saved to ./results/models/checkpoints/schrodinger/qho/2025-08-22_11-20-33-172919/model.pth
Model state saved to ./results/models/checkpoints/schrodinger/qho/2025-08-22_11-20-33-172919/model_weights.pth
It: 1610, Loss: 9.276e-04, Loss_res: 3.306e-04,  Loss_bcs: 1.123e-04, Loss_ut_ics: 7.707e-05, lr: 1.000e-03, Time: 1.66e+03
Model state saved to ./results/models/checkpoints/schrodinger/qho/2025-08-22_11-20-33-172919/model.pth
Model state saved to ./results/models/checkpoints/schrodinger/qho/2025-08-22_11-20-33-172919/model_weights.pth
It: 1620, Loss: 9.096e-04, Loss_res: 3.236e-04,  Loss_bcs: 1.104e-04, Loss_ut_ics: 7.601e-05, lr: 1.000e-03, Time: 1.67e+03
Model state saved to ./results/models/checkpoints/schrodinger/qho/2025-08-22_11-20-33-172919/model.pth
Model state saved to ./results/models/checkpoints/schrodinger/qho/2025-08-22_11-20-33-172919/model_weights.pth
It: 1630, Loss: 8.923e-04, Loss_res: 3.169e-04,  Loss_bcs: 1.085e-04, Loss_ut_ics: 7.502e-05, lr: 1.000e-03, Time: 1.68e+03
Model state saved to ./results/models/checkpoints/schrodinger/qho/2025-08-22_11-20-33-172919/model.pth
Model state saved to ./results/models/checkpoints/schrodinger/qho/2025-08-22_11-20-33-172919/model_weights.pth
It: 1640, Loss: 8.755e-04, Loss_res: 3.103e-04,  Loss_bcs: 1.067e-04, Loss_ut_ics: 7.410e-05, lr: 1.000e-03, Time: 1.69e+03
Model state saved to ./results/models/checkpoints/schrodinger/qho/2025-08-22_11-20-33-172919/model.pth
Model state saved to ./results/models/checkpoints/schrodinger/qho/2025-08-22_11-20-33-172919/model_weights.pth
It: 1650, Loss: 8.592e-04, Loss_res: 3.039e-04,  Loss_bcs: 1.050e-04, Loss_ut_ics: 7.325e-05, lr: 1.000e-03, Time: 1.70e+03
Model state saved to ./results/models/checkpoints/schrodinger/qho/2025-08-22_11-20-33-172919/model.pth
Model state saved to ./results/models/checkpoints/schrodinger/qho/2025-08-22_11-20-33-172919/model_weights.pth
It: 1660, Loss: 8.435e-04, Loss_res: 2.976e-04,  Loss_bcs: 1.033e-04, Loss_ut_ics: 7.246e-05, lr: 1.000e-03, Time: 1.71e+03
Model state saved to ./results/models/checkpoints/schrodinger/qho/2025-08-22_11-20-33-172919/model.pth
Model state saved to ./results/models/checkpoints/schrodinger/qho/2025-08-22_11-20-33-172919/model_weights.pth
It: 1670, Loss: 8.282e-04, Loss_res: 2.915e-04,  Loss_bcs: 1.018e-04, Loss_ut_ics: 7.172e-05, lr: 1.000e-03, Time: 1.72e+03
Model state saved to ./results/models/checkpoints/schrodinger/qho/2025-08-22_11-20-33-172919/model.pth
Model state saved to ./results/models/checkpoints/schrodinger/qho/2025-08-22_11-20-33-172919/model_weights.pth
It: 1680, Loss: 8.139e-04, Loss_res: 2.856e-04,  Loss_bcs: 1.007e-04, Loss_ut_ics: 7.107e-05, lr: 1.000e-03, Time: 1.73e+03
Model state saved to ./results/models/checkpoints/schrodinger/qho/2025-08-22_11-20-33-172919/model.pth
Model state saved to ./results/models/checkpoints/schrodinger/qho/2025-08-22_11-20-33-172919/model_weights.pth
It: 1690, Loss: 8.640e-04, Loss_res: 3.083e-04,  Loss_bcs: 1.044e-04, Loss_ut_ics: 7.152e-05, lr: 1.000e-03, Time: 1.74e+03
Model state saved to ./results/models/checkpoints/schrodinger/qho/2025-08-22_11-20-33-172919/model.pth
Model state saved to ./results/models/checkpoints/schrodinger/qho/2025-08-22_11-20-33-172919/model_weights.pth
It: 1700, Loss: 7.853e-04, Loss_res: 2.743e-04,  Loss_bcs: 9.663e-05, Loss_ut_ics: 7.000e-05, lr: 1.000e-03, Time: 1.75e+03
Model state saved to ./results/models/checkpoints/schrodinger/qho/2025-08-22_11-20-33-172919/model.pth
Model state saved to ./results/models/checkpoints/schrodinger/qho/2025-08-22_11-20-33-172919/model_weights.pth
It: 1710, Loss: 8.173e-04, Loss_res: 2.886e-04,  Loss_bcs: 9.997e-05, Loss_ut_ics: 7.011e-05, lr: 1.000e-03, Time: 1.76e+03
Model state saved to ./results/models/checkpoints/schrodinger/qho/2025-08-22_11-20-33-172919/model.pth
Model state saved to ./results/models/checkpoints/schrodinger/qho/2025-08-22_11-20-33-172919/model_weights.pth
It: 1720, Loss: 7.700e-04, Loss_res: 2.699e-04,  Loss_bcs: 9.227e-05, Loss_ut_ics: 6.893e-05, lr: 1.000e-03, Time: 1.77e+03
Model state saved to ./results/models/checkpoints/schrodinger/qho/2025-08-22_11-20-33-172919/model.pth
Model state saved to ./results/models/checkpoints/schrodinger/qho/2025-08-22_11-20-33-172919/model_weights.pth
It: 1730, Loss: 7.462e-04, Loss_res: 2.584e-04,  Loss_bcs: 9.268e-05, Loss_ut_ics: 6.831e-05, lr: 1.000e-03, Time: 1.78e+03
Model state saved to ./results/models/checkpoints/schrodinger/qho/2025-08-22_11-20-33-172919/model.pth
Model state saved to ./results/models/checkpoints/schrodinger/qho/2025-08-22_11-20-33-172919/model_weights.pth
It: 1740, Loss: 7.356e-04, Loss_res: 2.536e-04,  Loss_bcs: 9.282e-05, Loss_ut_ics: 6.782e-05, lr: 1.000e-03, Time: 1.79e+03
Model state saved to ./results/models/checkpoints/schrodinger/qho/2025-08-22_11-20-33-172919/model.pth
Model state saved to ./results/models/checkpoints/schrodinger/qho/2025-08-22_11-20-33-172919/model_weights.pth
It: 1750, Loss: 7.224e-04, Loss_res: 2.487e-04,  Loss_bcs: 9.024e-05, Loss_ut_ics: 6.737e-05, lr: 1.000e-03, Time: 1.80e+03
Model state saved to ./results/models/checkpoints/schrodinger/qho/2025-08-22_11-20-33-172919/model.pth
Model state saved to ./results/models/checkpoints/schrodinger/qho/2025-08-22_11-20-33-172919/model_weights.pth
It: 1760, Loss: 7.099e-04, Loss_res: 2.430e-04,  Loss_bcs: 9.012e-05, Loss_ut_ics: 6.687e-05, lr: 1.000e-03, Time: 1.81e+03
Model state saved to ./results/models/checkpoints/schrodinger/qho/2025-08-22_11-20-33-172919/model.pth
Model state saved to ./results/models/checkpoints/schrodinger/qho/2025-08-22_11-20-33-172919/model_weights.pth
It: 1770, Loss: 6.983e-04, Loss_res: 2.384e-04,  Loss_bcs: 8.853e-05, Loss_ut_ics: 6.650e-05, lr: 1.000e-03, Time: 1.82e+03
Model state saved to ./results/models/checkpoints/schrodinger/qho/2025-08-22_11-20-33-172919/model.pth
Model state saved to ./results/models/checkpoints/schrodinger/qho/2025-08-22_11-20-33-172919/model_weights.pth
It: 1780, Loss: 6.870e-04, Loss_res: 2.335e-04,  Loss_bcs: 8.787e-05, Loss_ut_ics: 6.609e-05, lr: 1.000e-03, Time: 1.83e+03
Model state saved to ./results/models/checkpoints/schrodinger/qho/2025-08-22_11-20-33-172919/model.pth
Model state saved to ./results/models/checkpoints/schrodinger/qho/2025-08-22_11-20-33-172919/model_weights.pth
It: 1790, Loss: 6.760e-04, Loss_res: 2.289e-04,  Loss_bcs: 8.664e-05, Loss_ut_ics: 6.576e-05, lr: 1.000e-03, Time: 1.84e+03
Model state saved to ./results/models/checkpoints/schrodinger/qho/2025-08-22_11-20-33-172919/model.pth
Model state saved to ./results/models/checkpoints/schrodinger/qho/2025-08-22_11-20-33-172919/model_weights.pth
It: 1800, Loss: 6.653e-04, Loss_res: 2.244e-04,  Loss_bcs: 8.574e-05, Loss_ut_ics: 6.542e-05, lr: 1.000e-03, Time: 1.85e+03
Model state saved to ./results/models/checkpoints/schrodinger/qho/2025-08-22_11-20-33-172919/model.pth
Model state saved to ./results/models/checkpoints/schrodinger/qho/2025-08-22_11-20-33-172919/model_weights.pth
It: 1810, Loss: 6.549e-04, Loss_res: 2.199e-04,  Loss_bcs: 8.486e-05, Loss_ut_ics: 6.510e-05, lr: 1.000e-03, Time: 1.86e+03
Model state saved to ./results/models/checkpoints/schrodinger/qho/2025-08-22_11-20-33-172919/model.pth
Model state saved to ./results/models/checkpoints/schrodinger/qho/2025-08-22_11-20-33-172919/model_weights.pth
It: 1820, Loss: 6.447e-04, Loss_res: 2.156e-04,  Loss_bcs: 8.395e-05, Loss_ut_ics: 6.480e-05, lr: 1.000e-03, Time: 1.87e+03
Model state saved to ./results/models/checkpoints/schrodinger/qho/2025-08-22_11-20-33-172919/model.pth
Model state saved to ./results/models/checkpoints/schrodinger/qho/2025-08-22_11-20-33-172919/model_weights.pth
It: 1830, Loss: 6.347e-04, Loss_res: 2.113e-04,  Loss_bcs: 8.312e-05, Loss_ut_ics: 6.451e-05, lr: 1.000e-03, Time: 1.88e+03
Model state saved to ./results/models/checkpoints/schrodinger/qho/2025-08-22_11-20-33-172919/model.pth
Model state saved to ./results/models/checkpoints/schrodinger/qho/2025-08-22_11-20-33-172919/model_weights.pth
It: 1840, Loss: 6.257e-04, Loss_res: 2.074e-04,  Loss_bcs: 8.261e-05, Loss_ut_ics: 6.417e-05, lr: 1.000e-03, Time: 1.89e+03
Model state saved to ./results/models/checkpoints/schrodinger/qho/2025-08-22_11-20-33-172919/model.pth
Model state saved to ./results/models/checkpoints/schrodinger/qho/2025-08-22_11-20-33-172919/model_weights.pth
It: 1850, Loss: 6.547e-04, Loss_res: 2.213e-04,  Loss_bcs: 8.478e-05, Loss_ut_ics: 6.364e-05, lr: 1.000e-03, Time: 1.91e+03
Model state saved to ./results/models/checkpoints/schrodinger/qho/2025-08-22_11-20-33-172919/model.pth
Model state saved to ./results/models/checkpoints/schrodinger/qho/2025-08-22_11-20-33-172919/model_weights.pth
It: 1860, Loss: 9.730e-04, Loss_res: 3.750e-04,  Loss_bcs: 9.208e-05, Loss_ut_ics: 6.546e-05, lr: 1.000e-03, Time: 1.92e+03
Model state saved to ./results/models/checkpoints/schrodinger/qho/2025-08-22_11-20-33-172919/model.pth
Model state saved to ./results/models/checkpoints/schrodinger/qho/2025-08-22_11-20-33-172919/model_weights.pth
It: 1870, Loss: 6.036e-04, Loss_res: 1.985e-04,  Loss_bcs: 7.744e-05, Loss_ut_ics: 6.460e-05, lr: 1.000e-03, Time: 1.93e+03
Model state saved to ./results/models/checkpoints/schrodinger/qho/2025-08-22_11-20-33-172919/model.pth
Model state saved to ./results/models/checkpoints/schrodinger/qho/2025-08-22_11-20-33-172919/model_weights.pth
It: 1880, Loss: 6.259e-04, Loss_res: 2.101e-04,  Loss_bcs: 7.558e-05, Loss_ut_ics: 6.510e-05, lr: 1.000e-03, Time: 1.94e+03
Model state saved to ./results/models/checkpoints/schrodinger/qho/2025-08-22_11-20-33-172919/model.pth
Model state saved to ./results/models/checkpoints/schrodinger/qho/2025-08-22_11-20-33-172919/model_weights.pth
It: 1890, Loss: 5.894e-04, Loss_res: 1.922e-04,  Loss_bcs: 7.904e-05, Loss_ut_ics: 6.298e-05, lr: 1.000e-03, Time: 1.95e+03
Model state saved to ./results/models/checkpoints/schrodinger/qho/2025-08-22_11-20-33-172919/model.pth
Model state saved to ./results/models/checkpoints/schrodinger/qho/2025-08-22_11-20-33-172919/model_weights.pth
It: 1900, Loss: 5.713e-04, Loss_res: 1.840e-04,  Loss_bcs: 7.720e-05, Loss_ut_ics: 6.304e-05, lr: 1.000e-03, Time: 1.96e+03
Model state saved to ./results/models/checkpoints/schrodinger/qho/2025-08-22_11-20-33-172919/model.pth
Model state saved to ./results/models/checkpoints/schrodinger/qho/2025-08-22_11-20-33-172919/model_weights.pth
It: 1910, Loss: 5.645e-04, Loss_res: 1.812e-04,  Loss_bcs: 7.584e-05, Loss_ut_ics: 6.310e-05, lr: 1.000e-03, Time: 1.97e+03
Model state saved to ./results/models/checkpoints/schrodinger/qho/2025-08-22_11-20-33-172919/model.pth
Model state saved to ./results/models/checkpoints/schrodinger/qho/2025-08-22_11-20-33-172919/model_weights.pth
It: 1920, Loss: 5.555e-04, Loss_res: 1.772e-04,  Loss_bcs: 7.627e-05, Loss_ut_ics: 6.243e-05, lr: 1.000e-03, Time: 1.98e+03
Model state saved to ./results/models/checkpoints/schrodinger/qho/2025-08-22_11-20-33-172919/model.pth
Model state saved to ./results/models/checkpoints/schrodinger/qho/2025-08-22_11-20-33-172919/model_weights.pth
It: 1930, Loss: 5.469e-04, Loss_res: 1.734e-04,  Loss_bcs: 7.502e-05, Loss_ut_ics: 6.250e-05, lr: 1.000e-03, Time: 1.99e+03
Model state saved to ./results/models/checkpoints/schrodinger/qho/2025-08-22_11-20-33-172919/model.pth
Model state saved to ./results/models/checkpoints/schrodinger/qho/2025-08-22_11-20-33-172919/model_weights.pth
It: 1940, Loss: 5.389e-04, Loss_res: 1.699e-04,  Loss_bcs: 7.483e-05, Loss_ut_ics: 6.213e-05, lr: 1.000e-03, Time: 2.00e+03
Model state saved to ./results/models/checkpoints/schrodinger/qho/2025-08-22_11-20-33-172919/model.pth
Model state saved to ./results/models/checkpoints/schrodinger/qho/2025-08-22_11-20-33-172919/model_weights.pth
It: 1950, Loss: 5.311e-04, Loss_res: 1.665e-04,  Loss_bcs: 7.401e-05, Loss_ut_ics: 6.205e-05, lr: 1.000e-03, Time: 2.01e+03
Model state saved to ./results/models/checkpoints/schrodinger/qho/2025-08-22_11-20-33-172919/model.pth
Model state saved to ./results/models/checkpoints/schrodinger/qho/2025-08-22_11-20-33-172919/model_weights.pth
It: 1960, Loss: 5.235e-04, Loss_res: 1.632e-04,  Loss_bcs: 7.352e-05, Loss_ut_ics: 6.183e-05, lr: 1.000e-03, Time: 2.02e+03
Model state saved to ./results/models/checkpoints/schrodinger/qho/2025-08-22_11-20-33-172919/model.pth
Model state saved to ./results/models/checkpoints/schrodinger/qho/2025-08-22_11-20-33-172919/model_weights.pth
It: 1970, Loss: 5.161e-04, Loss_res: 1.599e-04,  Loss_bcs: 7.299e-05, Loss_ut_ics: 6.164e-05, lr: 1.000e-03, Time: 2.03e+03
Model state saved to ./results/models/checkpoints/schrodinger/qho/2025-08-22_11-20-33-172919/model.pth
Model state saved to ./results/models/checkpoints/schrodinger/qho/2025-08-22_11-20-33-172919/model_weights.pth
It: 1980, Loss: 5.088e-04, Loss_res: 1.567e-04,  Loss_bcs: 7.240e-05, Loss_ut_ics: 6.148e-05, lr: 1.000e-03, Time: 2.04e+03
Model state saved to ./results/models/checkpoints/schrodinger/qho/2025-08-22_11-20-33-172919/model.pth
Model state saved to ./results/models/checkpoints/schrodinger/qho/2025-08-22_11-20-33-172919/model_weights.pth
It: 1990, Loss: 5.017e-04, Loss_res: 1.536e-04,  Loss_bcs: 7.185e-05, Loss_ut_ics: 6.132e-05, lr: 1.000e-03, Time: 2.05e+03
Model state saved to ./results/models/checkpoints/schrodinger/qho/2025-08-22_11-20-33-172919/model.pth
Model state saved to ./results/models/checkpoints/schrodinger/qho/2025-08-22_11-20-33-172919/model_weights.pth
It: 2000, Loss: 4.947e-04, Loss_res: 1.505e-04,  Loss_bcs: 7.135e-05, Loss_ut_ics: 6.114e-05, lr: 1.000e-03, Time: 2.06e+03
Model state saved to ./results/models/checkpoints/schrodinger/qho/2025-08-22_11-20-33-172919/model.pth
Model state saved to ./results/models/checkpoints/schrodinger/qho/2025-08-22_11-20-33-172919/model_weights.pth
Model state saved to ./results/models/checkpoints/schrodinger/qho/2025-08-22_11-20-33-172919/model.pth
Model state saved to ./results/models/checkpoints/schrodinger/qho/2025-08-22_11-20-33-172919/model_weights.pth
Training completed successfuly!
