checkpoint path: self.log_path='./results/models/checkpoints/schrodinger/2025-08-15_10-42-37-026722'
Using Classical Solver
The settings used:
batch_size : 64
epochs : 2000
lr : 0.001
seed : 42
print_every : 10
log_path : ./results/models/checkpoints/schrodinger
input_dim : 2
output_dim : 2
num_qubits : 5
hidden_dim : 50
num_quantum_layers : 1
classic_network : [2, 50, 2]
q_ansatz : sim_circ_19
mode : hybrid
activation : null
shots : None
problem : schrodinger
solver : Classical
device : cpu
method : None
cutoff_dim : 20
class : CVNeuralNetwork2
encoding : None
eq_params : {'L': 1.0, 'T': 0.2, 'hbar': 1.0, 'mass': 1.0, 'n_level': 2}
Total number of parameters: 7902
It: 1, Loss: 2.423e+00, Loss_res: 2.806e-03,  Loss_bcs: 1.987e-02, Loss_ut_ics: 1.200e+00, lr: 1.000e-03, Time: 2.97e-02
Model state saved to ./results/models/checkpoints/schrodinger/2025-08-15_10-42-37-026722/model.pth
Model state saved to ./results/models/checkpoints/schrodinger/2025-08-15_10-42-37-026722/model_weights.pth
It: 10, Loss: 3.108e+00, Loss_res: 1.481e-03,  Loss_bcs: 5.954e-02, Loss_ut_ics: 1.523e+00, lr: 1.000e-03, Time: 8.25e-02
Model state saved to ./results/models/checkpoints/schrodinger/2025-08-15_10-42-37-026722/model.pth
Model state saved to ./results/models/checkpoints/schrodinger/2025-08-15_10-42-37-026722/model_weights.pth
It: 20, Loss: 1.982e+00, Loss_res: 5.185e-03,  Loss_bcs: 1.750e-01, Loss_ut_ics: 9.007e-01, lr: 1.000e-03, Time: 1.35e-01
Model state saved to ./results/models/checkpoints/schrodinger/2025-08-15_10-42-37-026722/model.pth
Model state saved to ./results/models/checkpoints/schrodinger/2025-08-15_10-42-37-026722/model_weights.pth
It: 30, Loss: 1.256e+00, Loss_res: 2.259e-03,  Loss_bcs: 8.328e-02, Loss_ut_ics: 5.850e-01, lr: 1.000e-03, Time: 1.87e-01
Model state saved to ./results/models/checkpoints/schrodinger/2025-08-15_10-42-37-026722/model.pth
Model state saved to ./results/models/checkpoints/schrodinger/2025-08-15_10-42-37-026722/model_weights.pth
It: 40, Loss: 1.902e+00, Loss_res: 5.611e-03,  Loss_bcs: 1.253e-01, Loss_ut_ics: 8.856e-01, lr: 1.000e-03, Time: 2.42e-01
Model state saved to ./results/models/checkpoints/schrodinger/2025-08-15_10-42-37-026722/model.pth
Model state saved to ./results/models/checkpoints/schrodinger/2025-08-15_10-42-37-026722/model_weights.pth
It: 50, Loss: 2.298e+00, Loss_res: 1.907e-02,  Loss_bcs: 2.712e-01, Loss_ut_ics: 1.004e+00, lr: 1.000e-03, Time: 2.95e-01
Model state saved to ./results/models/checkpoints/schrodinger/2025-08-15_10-42-37-026722/model.pth
Model state saved to ./results/models/checkpoints/schrodinger/2025-08-15_10-42-37-026722/model_weights.pth
It: 60, Loss: 8.155e-01, Loss_res: 1.223e-02,  Loss_bcs: 1.995e-01, Loss_ut_ics: 3.019e-01, lr: 1.000e-03, Time: 3.47e-01
Model state saved to ./results/models/checkpoints/schrodinger/2025-08-15_10-42-37-026722/model.pth
Model state saved to ./results/models/checkpoints/schrodinger/2025-08-15_10-42-37-026722/model_weights.pth
It: 70, Loss: 1.453e+00, Loss_res: 1.081e-02,  Loss_bcs: 2.387e-01, Loss_ut_ics: 6.019e-01, lr: 1.000e-03, Time: 3.98e-01
Model state saved to ./results/models/checkpoints/schrodinger/2025-08-15_10-42-37-026722/model.pth
Model state saved to ./results/models/checkpoints/schrodinger/2025-08-15_10-42-37-026722/model_weights.pth
It: 80, Loss: 1.498e+00, Loss_res: 1.041e-02,  Loss_bcs: 2.865e-01, Loss_ut_ics: 6.005e-01, lr: 1.000e-03, Time: 4.47e-01
Model state saved to ./results/models/checkpoints/schrodinger/2025-08-15_10-42-37-026722/model.pth
Model state saved to ./results/models/checkpoints/schrodinger/2025-08-15_10-42-37-026722/model_weights.pth
It: 90, Loss: 1.899e+00, Loss_res: 1.143e-02,  Loss_bcs: 3.456e-01, Loss_ut_ics: 7.710e-01, lr: 1.000e-03, Time: 4.97e-01
Model state saved to ./results/models/checkpoints/schrodinger/2025-08-15_10-42-37-026722/model.pth
Model state saved to ./results/models/checkpoints/schrodinger/2025-08-15_10-42-37-026722/model_weights.pth
It: 100, Loss: 1.523e+00, Loss_res: 9.680e-03,  Loss_bcs: 2.398e-01, Loss_ut_ics: 6.370e-01, lr: 1.000e-03, Time: 5.49e-01
Model state saved to ./results/models/checkpoints/schrodinger/2025-08-15_10-42-37-026722/model.pth
Model state saved to ./results/models/checkpoints/schrodinger/2025-08-15_10-42-37-026722/model_weights.pth
It: 110, Loss: 1.306e+00, Loss_res: 7.542e-03,  Loss_bcs: 1.746e-01, Loss_ut_ics: 5.620e-01, lr: 1.000e-03, Time: 6.05e-01
Model state saved to ./results/models/checkpoints/schrodinger/2025-08-15_10-42-37-026722/model.pth
Model state saved to ./results/models/checkpoints/schrodinger/2025-08-15_10-42-37-026722/model_weights.pth
It: 120, Loss: 1.053e+00, Loss_res: 9.227e-03,  Loss_bcs: 2.432e-01, Loss_ut_ics: 4.001e-01, lr: 1.000e-03, Time: 6.60e-01
Model state saved to ./results/models/checkpoints/schrodinger/2025-08-15_10-42-37-026722/model.pth
Model state saved to ./results/models/checkpoints/schrodinger/2025-08-15_10-42-37-026722/model_weights.pth
It: 130, Loss: 1.414e+00, Loss_res: 1.454e-02,  Loss_bcs: 2.832e-01, Loss_ut_ics: 5.583e-01, lr: 1.000e-03, Time: 7.12e-01
Model state saved to ./results/models/checkpoints/schrodinger/2025-08-15_10-42-37-026722/model.pth
Model state saved to ./results/models/checkpoints/schrodinger/2025-08-15_10-42-37-026722/model_weights.pth
It: 140, Loss: 2.314e+00, Loss_res: 1.537e-02,  Loss_bcs: 2.534e-01, Loss_ut_ics: 1.023e+00, lr: 1.000e-03, Time: 7.63e-01
Model state saved to ./results/models/checkpoints/schrodinger/2025-08-15_10-42-37-026722/model.pth
Model state saved to ./results/models/checkpoints/schrodinger/2025-08-15_10-42-37-026722/model_weights.pth
It: 150, Loss: 1.828e+00, Loss_res: 9.428e-03,  Loss_bcs: 2.337e-01, Loss_ut_ics: 7.927e-01, lr: 1.000e-03, Time: 8.15e-01
Model state saved to ./results/models/checkpoints/schrodinger/2025-08-15_10-42-37-026722/model.pth
Model state saved to ./results/models/checkpoints/schrodinger/2025-08-15_10-42-37-026722/model_weights.pth
It: 160, Loss: 1.531e+00, Loss_res: 1.603e-02,  Loss_bcs: 2.747e-01, Loss_ut_ics: 6.200e-01, lr: 1.000e-03, Time: 8.64e-01
Model state saved to ./results/models/checkpoints/schrodinger/2025-08-15_10-42-37-026722/model.pth
Model state saved to ./results/models/checkpoints/schrodinger/2025-08-15_10-42-37-026722/model_weights.pth
It: 170, Loss: 1.275e+00, Loss_res: 1.693e-02,  Loss_bcs: 3.118e-01, Loss_ut_ics: 4.732e-01, lr: 1.000e-03, Time: 9.15e-01
Model state saved to ./results/models/checkpoints/schrodinger/2025-08-15_10-42-37-026722/model.pth
Model state saved to ./results/models/checkpoints/schrodinger/2025-08-15_10-42-37-026722/model_weights.pth
It: 180, Loss: 1.674e+00, Loss_res: 1.016e-02,  Loss_bcs: 2.958e-01, Loss_ut_ics: 6.842e-01, lr: 1.000e-03, Time: 9.64e-01
Model state saved to ./results/models/checkpoints/schrodinger/2025-08-15_10-42-37-026722/model.pth
Model state saved to ./results/models/checkpoints/schrodinger/2025-08-15_10-42-37-026722/model_weights.pth
It: 190, Loss: 1.518e+00, Loss_res: 1.474e-02,  Loss_bcs: 3.210e-01, Loss_ut_ics: 5.911e-01, lr: 1.000e-03, Time: 1.01e+00
Model state saved to ./results/models/checkpoints/schrodinger/2025-08-15_10-42-37-026722/model.pth
Model state saved to ./results/models/checkpoints/schrodinger/2025-08-15_10-42-37-026722/model_weights.pth
It: 200, Loss: 1.415e+00, Loss_res: 5.795e-03,  Loss_bcs: 2.037e-01, Loss_ut_ics: 6.029e-01, lr: 1.000e-03, Time: 1.06e+00
Model state saved to ./results/models/checkpoints/schrodinger/2025-08-15_10-42-37-026722/model.pth
Model state saved to ./results/models/checkpoints/schrodinger/2025-08-15_10-42-37-026722/model_weights.pth
It: 210, Loss: 1.738e+00, Loss_res: 5.155e-03,  Loss_bcs: 2.158e-01, Loss_ut_ics: 7.584e-01, lr: 1.000e-03, Time: 1.11e+00
Model state saved to ./results/models/checkpoints/schrodinger/2025-08-15_10-42-37-026722/model.pth
Model state saved to ./results/models/checkpoints/schrodinger/2025-08-15_10-42-37-026722/model_weights.pth
It: 220, Loss: 1.892e+00, Loss_res: 9.738e-03,  Loss_bcs: 2.654e-01, Loss_ut_ics: 8.085e-01, lr: 1.000e-03, Time: 1.17e+00
Model state saved to ./results/models/checkpoints/schrodinger/2025-08-15_10-42-37-026722/model.pth
Model state saved to ./results/models/checkpoints/schrodinger/2025-08-15_10-42-37-026722/model_weights.pth
It: 230, Loss: 9.202e-01, Loss_res: 1.543e-02,  Loss_bcs: 3.301e-01, Loss_ut_ics: 2.873e-01, lr: 1.000e-03, Time: 1.22e+00
Model state saved to ./results/models/checkpoints/schrodinger/2025-08-15_10-42-37-026722/model.pth
Model state saved to ./results/models/checkpoints/schrodinger/2025-08-15_10-42-37-026722/model_weights.pth
It: 240, Loss: 1.011e+00, Loss_res: 5.357e-03,  Loss_bcs: 2.605e-01, Loss_ut_ics: 3.724e-01, lr: 1.000e-03, Time: 1.27e+00
Model state saved to ./results/models/checkpoints/schrodinger/2025-08-15_10-42-37-026722/model.pth
Model state saved to ./results/models/checkpoints/schrodinger/2025-08-15_10-42-37-026722/model_weights.pth
It: 250, Loss: 1.327e+00, Loss_res: 5.432e-03,  Loss_bcs: 2.472e-01, Loss_ut_ics: 5.372e-01, lr: 1.000e-03, Time: 1.33e+00
Model state saved to ./results/models/checkpoints/schrodinger/2025-08-15_10-42-37-026722/model.pth
Model state saved to ./results/models/checkpoints/schrodinger/2025-08-15_10-42-37-026722/model_weights.pth
It: 260, Loss: 1.308e+00, Loss_res: 1.337e-02,  Loss_bcs: 3.002e-01, Loss_ut_ics: 4.971e-01, lr: 1.000e-03, Time: 1.39e+00
Model state saved to ./results/models/checkpoints/schrodinger/2025-08-15_10-42-37-026722/model.pth
Model state saved to ./results/models/checkpoints/schrodinger/2025-08-15_10-42-37-026722/model_weights.pth
It: 270, Loss: 1.466e+00, Loss_res: 1.675e-02,  Loss_bcs: 3.653e-01, Loss_ut_ics: 5.421e-01, lr: 1.000e-03, Time: 1.44e+00
Model state saved to ./results/models/checkpoints/schrodinger/2025-08-15_10-42-37-026722/model.pth
Model state saved to ./results/models/checkpoints/schrodinger/2025-08-15_10-42-37-026722/model_weights.pth
It: 280, Loss: 1.259e+00, Loss_res: 5.447e-03,  Loss_bcs: 2.653e-01, Loss_ut_ics: 4.943e-01, lr: 1.000e-03, Time: 1.50e+00
Model state saved to ./results/models/checkpoints/schrodinger/2025-08-15_10-42-37-026722/model.pth
Model state saved to ./results/models/checkpoints/schrodinger/2025-08-15_10-42-37-026722/model_weights.pth
It: 290, Loss: 1.453e+00, Loss_res: 5.828e-03,  Loss_bcs: 2.113e-01, Loss_ut_ics: 6.181e-01, lr: 1.000e-03, Time: 1.55e+00
Model state saved to ./results/models/checkpoints/schrodinger/2025-08-15_10-42-37-026722/model.pth
Model state saved to ./results/models/checkpoints/schrodinger/2025-08-15_10-42-37-026722/model_weights.pth
It: 300, Loss: 1.496e+00, Loss_res: 1.195e-02,  Loss_bcs: 2.984e-01, Loss_ut_ics: 5.929e-01, lr: 1.000e-03, Time: 1.60e+00
Model state saved to ./results/models/checkpoints/schrodinger/2025-08-15_10-42-37-026722/model.pth
Model state saved to ./results/models/checkpoints/schrodinger/2025-08-15_10-42-37-026722/model_weights.pth
It: 310, Loss: 1.137e+00, Loss_res: 1.067e-02,  Loss_bcs: 3.109e-01, Loss_ut_ics: 4.076e-01, lr: 1.000e-03, Time: 1.65e+00
Model state saved to ./results/models/checkpoints/schrodinger/2025-08-15_10-42-37-026722/model.pth
Model state saved to ./results/models/checkpoints/schrodinger/2025-08-15_10-42-37-026722/model_weights.pth
It: 320, Loss: 1.415e+00, Loss_res: 1.249e-02,  Loss_bcs: 2.124e-01, Loss_ut_ics: 5.951e-01, lr: 1.000e-03, Time: 1.70e+00
Model state saved to ./results/models/checkpoints/schrodinger/2025-08-15_10-42-37-026722/model.pth
Model state saved to ./results/models/checkpoints/schrodinger/2025-08-15_10-42-37-026722/model_weights.pth
It: 330, Loss: 1.221e+00, Loss_res: 1.282e-02,  Loss_bcs: 2.556e-01, Loss_ut_ics: 4.764e-01, lr: 1.000e-03, Time: 1.76e+00
Model state saved to ./results/models/checkpoints/schrodinger/2025-08-15_10-42-37-026722/model.pth
Model state saved to ./results/models/checkpoints/schrodinger/2025-08-15_10-42-37-026722/model_weights.pth
It: 340, Loss: 1.391e+00, Loss_res: 2.407e-02,  Loss_bcs: 4.574e-01, Loss_ut_ics: 4.547e-01, lr: 1.000e-03, Time: 1.81e+00
Model state saved to ./results/models/checkpoints/schrodinger/2025-08-15_10-42-37-026722/model.pth
Model state saved to ./results/models/checkpoints/schrodinger/2025-08-15_10-42-37-026722/model_weights.pth
It: 350, Loss: 1.758e+00, Loss_res: 7.710e-03,  Loss_bcs: 2.223e-01, Loss_ut_ics: 7.641e-01, lr: 1.000e-03, Time: 1.86e+00
Model state saved to ./results/models/checkpoints/schrodinger/2025-08-15_10-42-37-026722/model.pth
Model state saved to ./results/models/checkpoints/schrodinger/2025-08-15_10-42-37-026722/model_weights.pth
It: 360, Loss: 1.764e+00, Loss_res: 6.764e-03,  Loss_bcs: 2.110e-01, Loss_ut_ics: 7.732e-01, lr: 1.000e-03, Time: 1.91e+00
Model state saved to ./results/models/checkpoints/schrodinger/2025-08-15_10-42-37-026722/model.pth
Model state saved to ./results/models/checkpoints/schrodinger/2025-08-15_10-42-37-026722/model_weights.pth
It: 370, Loss: 1.888e+00, Loss_res: 1.123e-02,  Loss_bcs: 3.215e-01, Loss_ut_ics: 7.776e-01, lr: 1.000e-03, Time: 1.96e+00
Model state saved to ./results/models/checkpoints/schrodinger/2025-08-15_10-42-37-026722/model.pth
Model state saved to ./results/models/checkpoints/schrodinger/2025-08-15_10-42-37-026722/model_weights.pth
It: 380, Loss: 1.169e+00, Loss_res: 2.198e-02,  Loss_bcs: 3.396e-01, Loss_ut_ics: 4.036e-01, lr: 1.000e-03, Time: 2.01e+00
Model state saved to ./results/models/checkpoints/schrodinger/2025-08-15_10-42-37-026722/model.pth
Model state saved to ./results/models/checkpoints/schrodinger/2025-08-15_10-42-37-026722/model_weights.pth
It: 390, Loss: 9.322e-01, Loss_res: 1.821e-02,  Loss_bcs: 3.079e-01, Loss_ut_ics: 3.030e-01, lr: 1.000e-03, Time: 2.06e+00
Model state saved to ./results/models/checkpoints/schrodinger/2025-08-15_10-42-37-026722/model.pth
Model state saved to ./results/models/checkpoints/schrodinger/2025-08-15_10-42-37-026722/model_weights.pth
It: 400, Loss: 1.374e+00, Loss_res: 6.851e-03,  Loss_bcs: 1.909e-01, Loss_ut_ics: 5.879e-01, lr: 1.000e-03, Time: 2.11e+00
Model state saved to ./results/models/checkpoints/schrodinger/2025-08-15_10-42-37-026722/model.pth
Model state saved to ./results/models/checkpoints/schrodinger/2025-08-15_10-42-37-026722/model_weights.pth
It: 410, Loss: 1.427e+00, Loss_res: 8.096e-03,  Loss_bcs: 1.637e-01, Loss_ut_ics: 6.279e-01, lr: 1.000e-03, Time: 2.16e+00
Model state saved to ./results/models/checkpoints/schrodinger/2025-08-15_10-42-37-026722/model.pth
Model state saved to ./results/models/checkpoints/schrodinger/2025-08-15_10-42-37-026722/model_weights.pth
It: 420, Loss: 1.693e+00, Loss_res: 2.020e-02,  Loss_bcs: 2.972e-01, Loss_ut_ics: 6.880e-01, lr: 1.000e-03, Time: 2.22e+00
Model state saved to ./results/models/checkpoints/schrodinger/2025-08-15_10-42-37-026722/model.pth
Model state saved to ./results/models/checkpoints/schrodinger/2025-08-15_10-42-37-026722/model_weights.pth
It: 430, Loss: 7.445e-01, Loss_res: 2.019e-02,  Loss_bcs: 2.735e-01, Loss_ut_ics: 2.254e-01, lr: 1.000e-03, Time: 2.27e+00
Model state saved to ./results/models/checkpoints/schrodinger/2025-08-15_10-42-37-026722/model.pth
Model state saved to ./results/models/checkpoints/schrodinger/2025-08-15_10-42-37-026722/model_weights.pth
It: 440, Loss: 1.597e+00, Loss_res: 1.287e-02,  Loss_bcs: 2.159e-01, Loss_ut_ics: 6.840e-01, lr: 1.000e-03, Time: 2.33e+00
Model state saved to ./results/models/checkpoints/schrodinger/2025-08-15_10-42-37-026722/model.pth
Model state saved to ./results/models/checkpoints/schrodinger/2025-08-15_10-42-37-026722/model_weights.pth
It: 450, Loss: 1.459e+00, Loss_res: 1.376e-02,  Loss_bcs: 2.806e-01, Loss_ut_ics: 5.825e-01, lr: 1.000e-03, Time: 2.38e+00
Model state saved to ./results/models/checkpoints/schrodinger/2025-08-15_10-42-37-026722/model.pth
Model state saved to ./results/models/checkpoints/schrodinger/2025-08-15_10-42-37-026722/model_weights.pth
It: 460, Loss: 9.054e-01, Loss_res: 2.365e-02,  Loss_bcs: 3.641e-01, Loss_ut_ics: 2.588e-01, lr: 1.000e-03, Time: 2.43e+00
Model state saved to ./results/models/checkpoints/schrodinger/2025-08-15_10-42-37-026722/model.pth
Model state saved to ./results/models/checkpoints/schrodinger/2025-08-15_10-42-37-026722/model_weights.pth
It: 470, Loss: 1.365e+00, Loss_res: 1.760e-02,  Loss_bcs: 3.287e-01, Loss_ut_ics: 5.092e-01, lr: 1.000e-03, Time: 2.48e+00
Model state saved to ./results/models/checkpoints/schrodinger/2025-08-15_10-42-37-026722/model.pth
Model state saved to ./results/models/checkpoints/schrodinger/2025-08-15_10-42-37-026722/model_weights.pth
It: 480, Loss: 1.643e+00, Loss_res: 6.430e-03,  Loss_bcs: 2.477e-01, Loss_ut_ics: 6.944e-01, lr: 1.000e-03, Time: 2.53e+00
Model state saved to ./results/models/checkpoints/schrodinger/2025-08-15_10-42-37-026722/model.pth
Model state saved to ./results/models/checkpoints/schrodinger/2025-08-15_10-42-37-026722/model_weights.pth
It: 490, Loss: 1.331e+00, Loss_res: 9.150e-03,  Loss_bcs: 2.287e-01, Loss_ut_ics: 5.466e-01, lr: 1.000e-03, Time: 2.58e+00
Model state saved to ./results/models/checkpoints/schrodinger/2025-08-15_10-42-37-026722/model.pth
Model state saved to ./results/models/checkpoints/schrodinger/2025-08-15_10-42-37-026722/model_weights.pth
It: 500, Loss: 1.419e+00, Loss_res: 1.803e-02,  Loss_bcs: 2.515e-01, Loss_ut_ics: 5.747e-01, lr: 1.000e-03, Time: 2.63e+00
Model state saved to ./results/models/checkpoints/schrodinger/2025-08-15_10-42-37-026722/model.pth
Model state saved to ./results/models/checkpoints/schrodinger/2025-08-15_10-42-37-026722/model_weights.pth
It: 510, Loss: 1.313e+00, Loss_res: 1.050e-02,  Loss_bcs: 3.786e-01, Loss_ut_ics: 4.621e-01, lr: 1.000e-03, Time: 2.68e+00
Model state saved to ./results/models/checkpoints/schrodinger/2025-08-15_10-42-37-026722/model.pth
Model state saved to ./results/models/checkpoints/schrodinger/2025-08-15_10-42-37-026722/model_weights.pth
It: 520, Loss: 1.477e+00, Loss_res: 3.415e-03,  Loss_bcs: 2.977e-01, Loss_ut_ics: 5.880e-01, lr: 1.000e-03, Time: 2.74e+00
Model state saved to ./results/models/checkpoints/schrodinger/2025-08-15_10-42-37-026722/model.pth
Model state saved to ./results/models/checkpoints/schrodinger/2025-08-15_10-42-37-026722/model_weights.pth
It: 530, Loss: 1.612e+00, Loss_res: 1.299e-02,  Loss_bcs: 2.381e-01, Loss_ut_ics: 6.805e-01, lr: 1.000e-03, Time: 2.79e+00
Model state saved to ./results/models/checkpoints/schrodinger/2025-08-15_10-42-37-026722/model.pth
Model state saved to ./results/models/checkpoints/schrodinger/2025-08-15_10-42-37-026722/model_weights.pth
It: 540, Loss: 1.749e+00, Loss_res: 4.336e-02,  Loss_bcs: 3.026e-01, Loss_ut_ics: 7.017e-01, lr: 1.000e-03, Time: 2.84e+00
Model state saved to ./results/models/checkpoints/schrodinger/2025-08-15_10-42-37-026722/model.pth
Model state saved to ./results/models/checkpoints/schrodinger/2025-08-15_10-42-37-026722/model_weights.pth
It: 550, Loss: 1.459e+00, Loss_res: 1.543e-02,  Loss_bcs: 2.755e-01, Loss_ut_ics: 5.840e-01, lr: 1.000e-03, Time: 2.89e+00
Model state saved to ./results/models/checkpoints/schrodinger/2025-08-15_10-42-37-026722/model.pth
Model state saved to ./results/models/checkpoints/schrodinger/2025-08-15_10-42-37-026722/model_weights.pth
It: 560, Loss: 1.016e+00, Loss_res: 6.046e-03,  Loss_bcs: 3.547e-01, Loss_ut_ics: 3.279e-01, lr: 1.000e-03, Time: 2.95e+00
Model state saved to ./results/models/checkpoints/schrodinger/2025-08-15_10-42-37-026722/model.pth
Model state saved to ./results/models/checkpoints/schrodinger/2025-08-15_10-42-37-026722/model_weights.pth
It: 570, Loss: 1.467e+00, Loss_res: 4.395e-03,  Loss_bcs: 2.515e-01, Loss_ut_ics: 6.058e-01, lr: 1.000e-03, Time: 3.00e+00
Model state saved to ./results/models/checkpoints/schrodinger/2025-08-15_10-42-37-026722/model.pth
Model state saved to ./results/models/checkpoints/schrodinger/2025-08-15_10-42-37-026722/model_weights.pth
It: 580, Loss: 2.258e+00, Loss_res: 7.689e-04,  Loss_bcs: 2.581e-01, Loss_ut_ics: 9.993e-01, lr: 1.000e-03, Time: 3.05e+00
Model state saved to ./results/models/checkpoints/schrodinger/2025-08-15_10-42-37-026722/model.pth
Model state saved to ./results/models/checkpoints/schrodinger/2025-08-15_10-42-37-026722/model_weights.pth
It: 590, Loss: 2.285e+00, Loss_res: 1.328e-02,  Loss_bcs: 2.980e-01, Loss_ut_ics: 9.869e-01, lr: 1.000e-03, Time: 3.10e+00
Model state saved to ./results/models/checkpoints/schrodinger/2025-08-15_10-42-37-026722/model.pth
Model state saved to ./results/models/checkpoints/schrodinger/2025-08-15_10-42-37-026722/model_weights.pth
It: 600, Loss: 1.333e+00, Loss_res: 1.940e-02,  Loss_bcs: 3.673e-01, Loss_ut_ics: 4.730e-01, lr: 1.000e-03, Time: 3.15e+00
Model state saved to ./results/models/checkpoints/schrodinger/2025-08-15_10-42-37-026722/model.pth
Model state saved to ./results/models/checkpoints/schrodinger/2025-08-15_10-42-37-026722/model_weights.pth
It: 610, Loss: 1.161e+00, Loss_res: 4.309e-03,  Loss_bcs: 3.987e-01, Loss_ut_ics: 3.791e-01, lr: 1.000e-03, Time: 3.20e+00
Model state saved to ./results/models/checkpoints/schrodinger/2025-08-15_10-42-37-026722/model.pth
Model state saved to ./results/models/checkpoints/schrodinger/2025-08-15_10-42-37-026722/model_weights.pth
It: 620, Loss: 1.542e+00, Loss_res: 5.685e-03,  Loss_bcs: 2.520e-01, Loss_ut_ics: 6.419e-01, lr: 1.000e-03, Time: 3.25e+00
Model state saved to ./results/models/checkpoints/schrodinger/2025-08-15_10-42-37-026722/model.pth
Model state saved to ./results/models/checkpoints/schrodinger/2025-08-15_10-42-37-026722/model_weights.pth
It: 630, Loss: 9.296e-01, Loss_res: 8.042e-03,  Loss_bcs: 2.541e-01, Loss_ut_ics: 3.337e-01, lr: 1.000e-03, Time: 3.30e+00
Model state saved to ./results/models/checkpoints/schrodinger/2025-08-15_10-42-37-026722/model.pth
Model state saved to ./results/models/checkpoints/schrodinger/2025-08-15_10-42-37-026722/model_weights.pth
It: 640, Loss: 2.599e+00, Loss_res: 5.660e-03,  Loss_bcs: 2.406e-01, Loss_ut_ics: 1.177e+00, lr: 1.000e-03, Time: 3.35e+00
Model state saved to ./results/models/checkpoints/schrodinger/2025-08-15_10-42-37-026722/model.pth
Model state saved to ./results/models/checkpoints/schrodinger/2025-08-15_10-42-37-026722/model_weights.pth
It: 650, Loss: 1.859e+00, Loss_res: 1.473e-02,  Loss_bcs: 3.174e-01, Loss_ut_ics: 7.633e-01, lr: 1.000e-03, Time: 3.41e+00
Model state saved to ./results/models/checkpoints/schrodinger/2025-08-15_10-42-37-026722/model.pth
Model state saved to ./results/models/checkpoints/schrodinger/2025-08-15_10-42-37-026722/model_weights.pth
It: 660, Loss: 8.765e-01, Loss_res: 5.273e-03,  Loss_bcs: 2.781e-01, Loss_ut_ics: 2.966e-01, lr: 1.000e-03, Time: 3.46e+00
Model state saved to ./results/models/checkpoints/schrodinger/2025-08-15_10-42-37-026722/model.pth
Model state saved to ./results/models/checkpoints/schrodinger/2025-08-15_10-42-37-026722/model_weights.pth
It: 670, Loss: 1.857e+00, Loss_res: 6.346e-03,  Loss_bcs: 2.877e-01, Loss_ut_ics: 7.816e-01, lr: 1.000e-03, Time: 3.51e+00
Model state saved to ./results/models/checkpoints/schrodinger/2025-08-15_10-42-37-026722/model.pth
Model state saved to ./results/models/checkpoints/schrodinger/2025-08-15_10-42-37-026722/model_weights.pth
It: 680, Loss: 8.217e-01, Loss_res: 1.060e-02,  Loss_bcs: 2.987e-01, Loss_ut_ics: 2.562e-01, lr: 1.000e-03, Time: 3.56e+00
Model state saved to ./results/models/checkpoints/schrodinger/2025-08-15_10-42-37-026722/model.pth
Model state saved to ./results/models/checkpoints/schrodinger/2025-08-15_10-42-37-026722/model_weights.pth
It: 690, Loss: 1.226e+00, Loss_res: 1.399e-02,  Loss_bcs: 2.706e-01, Loss_ut_ics: 4.709e-01, lr: 1.000e-03, Time: 3.61e+00
Model state saved to ./results/models/checkpoints/schrodinger/2025-08-15_10-42-37-026722/model.pth
Model state saved to ./results/models/checkpoints/schrodinger/2025-08-15_10-42-37-026722/model_weights.pth
It: 700, Loss: 2.466e+00, Loss_res: 1.607e-02,  Loss_bcs: 3.522e-01, Loss_ut_ics: 1.049e+00, lr: 1.000e-03, Time: 3.66e+00
Model state saved to ./results/models/checkpoints/schrodinger/2025-08-15_10-42-37-026722/model.pth
Model state saved to ./results/models/checkpoints/schrodinger/2025-08-15_10-42-37-026722/model_weights.pth
It: 710, Loss: 1.618e+00, Loss_res: 1.046e-02,  Loss_bcs: 2.508e-01, Loss_ut_ics: 6.786e-01, lr: 1.000e-03, Time: 3.71e+00
Model state saved to ./results/models/checkpoints/schrodinger/2025-08-15_10-42-37-026722/model.pth
Model state saved to ./results/models/checkpoints/schrodinger/2025-08-15_10-42-37-026722/model_weights.pth
It: 720, Loss: 1.250e+00, Loss_res: 9.383e-03,  Loss_bcs: 2.686e-01, Loss_ut_ics: 4.860e-01, lr: 1.000e-03, Time: 3.76e+00
Model state saved to ./results/models/checkpoints/schrodinger/2025-08-15_10-42-37-026722/model.pth
Model state saved to ./results/models/checkpoints/schrodinger/2025-08-15_10-42-37-026722/model_weights.pth
It: 730, Loss: 1.249e+00, Loss_res: 2.599e-02,  Loss_bcs: 2.785e-01, Loss_ut_ics: 4.723e-01, lr: 1.000e-03, Time: 3.81e+00
Model state saved to ./results/models/checkpoints/schrodinger/2025-08-15_10-42-37-026722/model.pth
Model state saved to ./results/models/checkpoints/schrodinger/2025-08-15_10-42-37-026722/model_weights.pth
It: 740, Loss: 2.061e+00, Loss_res: 6.688e-03,  Loss_bcs: 2.034e-01, Loss_ut_ics: 9.256e-01, lr: 1.000e-03, Time: 3.86e+00
Model state saved to ./results/models/checkpoints/schrodinger/2025-08-15_10-42-37-026722/model.pth
Model state saved to ./results/models/checkpoints/schrodinger/2025-08-15_10-42-37-026722/model_weights.pth
It: 750, Loss: 8.343e-01, Loss_res: 4.282e-02,  Loss_bcs: 2.825e-01, Loss_ut_ics: 2.545e-01, lr: 1.000e-03, Time: 3.91e+00
Model state saved to ./results/models/checkpoints/schrodinger/2025-08-15_10-42-37-026722/model.pth
Model state saved to ./results/models/checkpoints/schrodinger/2025-08-15_10-42-37-026722/model_weights.pth
It: 760, Loss: 1.662e+00, Loss_res: 2.550e-02,  Loss_bcs: 2.920e-01, Loss_ut_ics: 6.721e-01, lr: 1.000e-03, Time: 3.96e+00
Model state saved to ./results/models/checkpoints/schrodinger/2025-08-15_10-42-37-026722/model.pth
Model state saved to ./results/models/checkpoints/schrodinger/2025-08-15_10-42-37-026722/model_weights.pth
It: 770, Loss: 2.038e+00, Loss_res: 1.312e-02,  Loss_bcs: 2.933e-01, Loss_ut_ics: 8.660e-01, lr: 1.000e-03, Time: 4.01e+00
Model state saved to ./results/models/checkpoints/schrodinger/2025-08-15_10-42-37-026722/model.pth
Model state saved to ./results/models/checkpoints/schrodinger/2025-08-15_10-42-37-026722/model_weights.pth
It: 780, Loss: 1.619e+00, Loss_res: 4.206e-03,  Loss_bcs: 2.502e-01, Loss_ut_ics: 6.821e-01, lr: 1.000e-03, Time: 4.06e+00
Model state saved to ./results/models/checkpoints/schrodinger/2025-08-15_10-42-37-026722/model.pth
Model state saved to ./results/models/checkpoints/schrodinger/2025-08-15_10-42-37-026722/model_weights.pth
It: 790, Loss: 1.393e+00, Loss_res: 2.762e-02,  Loss_bcs: 2.366e-01, Loss_ut_ics: 5.643e-01, lr: 1.000e-03, Time: 4.12e+00
Model state saved to ./results/models/checkpoints/schrodinger/2025-08-15_10-42-37-026722/model.pth
Model state saved to ./results/models/checkpoints/schrodinger/2025-08-15_10-42-37-026722/model_weights.pth
It: 800, Loss: 1.195e+00, Loss_res: 2.498e-02,  Loss_bcs: 2.431e-01, Loss_ut_ics: 4.635e-01, lr: 1.000e-03, Time: 4.17e+00
Model state saved to ./results/models/checkpoints/schrodinger/2025-08-15_10-42-37-026722/model.pth
Model state saved to ./results/models/checkpoints/schrodinger/2025-08-15_10-42-37-026722/model_weights.pth
It: 810, Loss: 1.419e+00, Loss_res: 2.108e-02,  Loss_bcs: 3.843e-01, Loss_ut_ics: 5.065e-01, lr: 1.000e-03, Time: 4.22e+00
Model state saved to ./results/models/checkpoints/schrodinger/2025-08-15_10-42-37-026722/model.pth
Model state saved to ./results/models/checkpoints/schrodinger/2025-08-15_10-42-37-026722/model_weights.pth
It: 820, Loss: 1.763e+00, Loss_res: 2.473e-02,  Loss_bcs: 3.734e-01, Loss_ut_ics: 6.826e-01, lr: 1.000e-03, Time: 4.27e+00
Model state saved to ./results/models/checkpoints/schrodinger/2025-08-15_10-42-37-026722/model.pth
Model state saved to ./results/models/checkpoints/schrodinger/2025-08-15_10-42-37-026722/model_weights.pth
It: 830, Loss: 1.972e+00, Loss_res: 9.458e-02,  Loss_bcs: 3.259e-01, Loss_ut_ics: 7.759e-01, lr: 1.000e-03, Time: 4.32e+00
Model state saved to ./results/models/checkpoints/schrodinger/2025-08-15_10-42-37-026722/model.pth
Model state saved to ./results/models/checkpoints/schrodinger/2025-08-15_10-42-37-026722/model_weights.pth
It: 840, Loss: 1.524e+00, Loss_res: 2.946e-02,  Loss_bcs: 2.503e-01, Loss_ut_ics: 6.220e-01, lr: 1.000e-03, Time: 4.38e+00
Model state saved to ./results/models/checkpoints/schrodinger/2025-08-15_10-42-37-026722/model.pth
Model state saved to ./results/models/checkpoints/schrodinger/2025-08-15_10-42-37-026722/model_weights.pth
It: 850, Loss: 1.796e+00, Loss_res: 1.132e-01,  Loss_bcs: 2.747e-01, Loss_ut_ics: 7.040e-01, lr: 1.000e-03, Time: 4.43e+00
Model state saved to ./results/models/checkpoints/schrodinger/2025-08-15_10-42-37-026722/model.pth
Model state saved to ./results/models/checkpoints/schrodinger/2025-08-15_10-42-37-026722/model_weights.pth
It: 860, Loss: 1.763e+00, Loss_res: 1.349e-02,  Loss_bcs: 2.760e-01, Loss_ut_ics: 7.368e-01, lr: 1.000e-03, Time: 4.48e+00
Model state saved to ./results/models/checkpoints/schrodinger/2025-08-15_10-42-37-026722/model.pth
Model state saved to ./results/models/checkpoints/schrodinger/2025-08-15_10-42-37-026722/model_weights.pth
It: 870, Loss: 1.664e+00, Loss_res: 7.885e-03,  Loss_bcs: 1.906e-01, Loss_ut_ics: 7.329e-01, lr: 1.000e-03, Time: 4.53e+00
Model state saved to ./results/models/checkpoints/schrodinger/2025-08-15_10-42-37-026722/model.pth
Model state saved to ./results/models/checkpoints/schrodinger/2025-08-15_10-42-37-026722/model_weights.pth
It: 880, Loss: 1.561e+00, Loss_res: 1.257e-02,  Loss_bcs: 3.391e-01, Loss_ut_ics: 6.048e-01, lr: 1.000e-03, Time: 4.58e+00
Model state saved to ./results/models/checkpoints/schrodinger/2025-08-15_10-42-37-026722/model.pth
Model state saved to ./results/models/checkpoints/schrodinger/2025-08-15_10-42-37-026722/model_weights.pth
It: 890, Loss: 1.660e+00, Loss_res: 2.642e-02,  Loss_bcs: 3.327e-01, Loss_ut_ics: 6.506e-01, lr: 1.000e-03, Time: 4.63e+00
Model state saved to ./results/models/checkpoints/schrodinger/2025-08-15_10-42-37-026722/model.pth
Model state saved to ./results/models/checkpoints/schrodinger/2025-08-15_10-42-37-026722/model_weights.pth
It: 900, Loss: 1.724e+00, Loss_res: 3.553e-02,  Loss_bcs: 2.214e-01, Loss_ut_ics: 7.333e-01, lr: 1.000e-03, Time: 4.68e+00
Model state saved to ./results/models/checkpoints/schrodinger/2025-08-15_10-42-37-026722/model.pth
Model state saved to ./results/models/checkpoints/schrodinger/2025-08-15_10-42-37-026722/model_weights.pth
It: 910, Loss: 9.679e-01, Loss_res: 4.134e-02,  Loss_bcs: 2.339e-01, Loss_ut_ics: 3.463e-01, lr: 1.000e-03, Time: 4.73e+00
Model state saved to ./results/models/checkpoints/schrodinger/2025-08-15_10-42-37-026722/model.pth
Model state saved to ./results/models/checkpoints/schrodinger/2025-08-15_10-42-37-026722/model_weights.pth
It: 920, Loss: 7.753e-01, Loss_res: 2.294e-02,  Loss_bcs: 2.037e-01, Loss_ut_ics: 2.743e-01, lr: 1.000e-03, Time: 4.78e+00
Model state saved to ./results/models/checkpoints/schrodinger/2025-08-15_10-42-37-026722/model.pth
Model state saved to ./results/models/checkpoints/schrodinger/2025-08-15_10-42-37-026722/model_weights.pth
It: 930, Loss: 9.436e-01, Loss_res: 7.628e-02,  Loss_bcs: 2.819e-01, Loss_ut_ics: 2.927e-01, lr: 1.000e-03, Time: 4.83e+00
Model state saved to ./results/models/checkpoints/schrodinger/2025-08-15_10-42-37-026722/model.pth
Model state saved to ./results/models/checkpoints/schrodinger/2025-08-15_10-42-37-026722/model_weights.pth
It: 940, Loss: 1.825e+00, Loss_res: 8.956e-02,  Loss_bcs: 2.882e-01, Loss_ut_ics: 7.236e-01, lr: 1.000e-03, Time: 4.88e+00
Model state saved to ./results/models/checkpoints/schrodinger/2025-08-15_10-42-37-026722/model.pth
Model state saved to ./results/models/checkpoints/schrodinger/2025-08-15_10-42-37-026722/model_weights.pth
It: 950, Loss: 2.132e+00, Loss_res: 5.177e-02,  Loss_bcs: 2.297e-01, Loss_ut_ics: 9.251e-01, lr: 1.000e-03, Time: 4.93e+00
Model state saved to ./results/models/checkpoints/schrodinger/2025-08-15_10-42-37-026722/model.pth
Model state saved to ./results/models/checkpoints/schrodinger/2025-08-15_10-42-37-026722/model_weights.pth
It: 960, Loss: 1.466e+00, Loss_res: 1.229e-01,  Loss_bcs: 2.025e-01, Loss_ut_ics: 5.701e-01, lr: 1.000e-03, Time: 4.98e+00
Model state saved to ./results/models/checkpoints/schrodinger/2025-08-15_10-42-37-026722/model.pth
Model state saved to ./results/models/checkpoints/schrodinger/2025-08-15_10-42-37-026722/model_weights.pth
It: 970, Loss: 1.702e+00, Loss_res: 5.420e-02,  Loss_bcs: 2.814e-01, Loss_ut_ics: 6.830e-01, lr: 1.000e-03, Time: 5.04e+00
Model state saved to ./results/models/checkpoints/schrodinger/2025-08-15_10-42-37-026722/model.pth
Model state saved to ./results/models/checkpoints/schrodinger/2025-08-15_10-42-37-026722/model_weights.pth
It: 980, Loss: 1.302e+00, Loss_res: 6.982e-02,  Loss_bcs: 2.723e-01, Loss_ut_ics: 4.801e-01, lr: 1.000e-03, Time: 5.09e+00
Model state saved to ./results/models/checkpoints/schrodinger/2025-08-15_10-42-37-026722/model.pth
Model state saved to ./results/models/checkpoints/schrodinger/2025-08-15_10-42-37-026722/model_weights.pth
It: 990, Loss: 1.540e+00, Loss_res: 1.199e-01,  Loss_bcs: 2.186e-01, Loss_ut_ics: 6.008e-01, lr: 1.000e-03, Time: 5.14e+00
Model state saved to ./results/models/checkpoints/schrodinger/2025-08-15_10-42-37-026722/model.pth
Model state saved to ./results/models/checkpoints/schrodinger/2025-08-15_10-42-37-026722/model_weights.pth
It: 1000, Loss: 1.924e+00, Loss_res: 3.995e-02,  Loss_bcs: 2.829e-01, Loss_ut_ics: 8.004e-01, lr: 1.000e-03, Time: 5.19e+00
Model state saved to ./results/models/checkpoints/schrodinger/2025-08-15_10-42-37-026722/model.pth
Model state saved to ./results/models/checkpoints/schrodinger/2025-08-15_10-42-37-026722/model_weights.pth
It: 1010, Loss: 1.488e+00, Loss_res: 4.909e-02,  Loss_bcs: 2.685e-01, Loss_ut_ics: 5.854e-01, lr: 1.000e-03, Time: 5.24e+00
Model state saved to ./results/models/checkpoints/schrodinger/2025-08-15_10-42-37-026722/model.pth
Model state saved to ./results/models/checkpoints/schrodinger/2025-08-15_10-42-37-026722/model_weights.pth
It: 1020, Loss: 1.301e+00, Loss_res: 6.194e-02,  Loss_bcs: 2.918e-01, Loss_ut_ics: 4.735e-01, lr: 1.000e-03, Time: 5.30e+00
Model state saved to ./results/models/checkpoints/schrodinger/2025-08-15_10-42-37-026722/model.pth
Model state saved to ./results/models/checkpoints/schrodinger/2025-08-15_10-42-37-026722/model_weights.pth
It: 1030, Loss: 1.778e+00, Loss_res: 2.152e-01,  Loss_bcs: 2.546e-01, Loss_ut_ics: 6.539e-01, lr: 1.000e-03, Time: 5.35e+00
Model state saved to ./results/models/checkpoints/schrodinger/2025-08-15_10-42-37-026722/model.pth
Model state saved to ./results/models/checkpoints/schrodinger/2025-08-15_10-42-37-026722/model_weights.pth
It: 1040, Loss: 1.091e+00, Loss_res: 7.166e-02,  Loss_bcs: 2.802e-01, Loss_ut_ics: 3.694e-01, lr: 1.000e-03, Time: 5.40e+00
Model state saved to ./results/models/checkpoints/schrodinger/2025-08-15_10-42-37-026722/model.pth
Model state saved to ./results/models/checkpoints/schrodinger/2025-08-15_10-42-37-026722/model_weights.pth
It: 1050, Loss: 1.833e+00, Loss_res: 6.988e-02,  Loss_bcs: 1.896e-01, Loss_ut_ics: 7.865e-01, lr: 1.000e-03, Time: 5.45e+00
Model state saved to ./results/models/checkpoints/schrodinger/2025-08-15_10-42-37-026722/model.pth
Model state saved to ./results/models/checkpoints/schrodinger/2025-08-15_10-42-37-026722/model_weights.pth
It: 1060, Loss: 1.724e+00, Loss_res: 5.647e-02,  Loss_bcs: 2.598e-01, Loss_ut_ics: 7.039e-01, lr: 1.000e-03, Time: 5.50e+00
Model state saved to ./results/models/checkpoints/schrodinger/2025-08-15_10-42-37-026722/model.pth
Model state saved to ./results/models/checkpoints/schrodinger/2025-08-15_10-42-37-026722/model_weights.pth
It: 1070, Loss: 1.329e+00, Loss_res: 1.013e-01,  Loss_bcs: 2.095e-01, Loss_ut_ics: 5.090e-01, lr: 1.000e-03, Time: 5.55e+00
Model state saved to ./results/models/checkpoints/schrodinger/2025-08-15_10-42-37-026722/model.pth
Model state saved to ./results/models/checkpoints/schrodinger/2025-08-15_10-42-37-026722/model_weights.pth
It: 1080, Loss: 9.575e-01, Loss_res: 1.455e-02,  Loss_bcs: 1.509e-01, Loss_ut_ics: 3.960e-01, lr: 1.000e-03, Time: 5.60e+00
Model state saved to ./results/models/checkpoints/schrodinger/2025-08-15_10-42-37-026722/model.pth
Model state saved to ./results/models/checkpoints/schrodinger/2025-08-15_10-42-37-026722/model_weights.pth
It: 1090, Loss: 1.288e+00, Loss_res: 8.205e-02,  Loss_bcs: 2.276e-01, Loss_ut_ics: 4.890e-01, lr: 1.000e-03, Time: 5.65e+00
Model state saved to ./results/models/checkpoints/schrodinger/2025-08-15_10-42-37-026722/model.pth
Model state saved to ./results/models/checkpoints/schrodinger/2025-08-15_10-42-37-026722/model_weights.pth
It: 1100, Loss: 1.216e+00, Loss_res: 8.868e-02,  Loss_bcs: 2.538e-01, Loss_ut_ics: 4.367e-01, lr: 1.000e-03, Time: 5.70e+00
Model state saved to ./results/models/checkpoints/schrodinger/2025-08-15_10-42-37-026722/model.pth
Model state saved to ./results/models/checkpoints/schrodinger/2025-08-15_10-42-37-026722/model_weights.pth
It: 1110, Loss: 1.252e+00, Loss_res: 3.031e-01,  Loss_bcs: 2.658e-01, Loss_ut_ics: 3.415e-01, lr: 1.000e-03, Time: 5.75e+00
Model state saved to ./results/models/checkpoints/schrodinger/2025-08-15_10-42-37-026722/model.pth
Model state saved to ./results/models/checkpoints/schrodinger/2025-08-15_10-42-37-026722/model_weights.pth
It: 1120, Loss: 1.119e+00, Loss_res: 3.519e-02,  Loss_bcs: 1.625e-01, Loss_ut_ics: 4.608e-01, lr: 1.000e-03, Time: 5.80e+00
Model state saved to ./results/models/checkpoints/schrodinger/2025-08-15_10-42-37-026722/model.pth
Model state saved to ./results/models/checkpoints/schrodinger/2025-08-15_10-42-37-026722/model_weights.pth
It: 1130, Loss: 1.013e+00, Loss_res: 4.977e-02,  Loss_bcs: 2.382e-01, Loss_ut_ics: 3.624e-01, lr: 1.000e-03, Time: 5.86e+00
Model state saved to ./results/models/checkpoints/schrodinger/2025-08-15_10-42-37-026722/model.pth
Model state saved to ./results/models/checkpoints/schrodinger/2025-08-15_10-42-37-026722/model_weights.pth
It: 1140, Loss: 1.347e+00, Loss_res: 4.719e-02,  Loss_bcs: 2.797e-01, Loss_ut_ics: 5.098e-01, lr: 1.000e-03, Time: 5.91e+00
Model state saved to ./results/models/checkpoints/schrodinger/2025-08-15_10-42-37-026722/model.pth
Model state saved to ./results/models/checkpoints/schrodinger/2025-08-15_10-42-37-026722/model_weights.pth
It: 1150, Loss: 1.517e+00, Loss_res: 1.176e-02,  Loss_bcs: 1.694e-01, Loss_ut_ics: 6.681e-01, lr: 1.000e-03, Time: 5.96e+00
Model state saved to ./results/models/checkpoints/schrodinger/2025-08-15_10-42-37-026722/model.pth
Model state saved to ./results/models/checkpoints/schrodinger/2025-08-15_10-42-37-026722/model_weights.pth
It: 1160, Loss: 1.480e+00, Loss_res: 3.939e-02,  Loss_bcs: 1.718e-01, Loss_ut_ics: 6.344e-01, lr: 1.000e-03, Time: 6.01e+00
Model state saved to ./results/models/checkpoints/schrodinger/2025-08-15_10-42-37-026722/model.pth
Model state saved to ./results/models/checkpoints/schrodinger/2025-08-15_10-42-37-026722/model_weights.pth
It: 1170, Loss: 1.177e+00, Loss_res: 2.951e-02,  Loss_bcs: 1.461e-01, Loss_ut_ics: 5.008e-01, lr: 1.000e-03, Time: 6.06e+00
Model state saved to ./results/models/checkpoints/schrodinger/2025-08-15_10-42-37-026722/model.pth
Model state saved to ./results/models/checkpoints/schrodinger/2025-08-15_10-42-37-026722/model_weights.pth
It: 1180, Loss: 1.913e+00, Loss_res: 4.884e-02,  Loss_bcs: 2.928e-01, Loss_ut_ics: 7.857e-01, lr: 1.000e-03, Time: 6.11e+00
Model state saved to ./results/models/checkpoints/schrodinger/2025-08-15_10-42-37-026722/model.pth
Model state saved to ./results/models/checkpoints/schrodinger/2025-08-15_10-42-37-026722/model_weights.pth
It: 1190, Loss: 1.396e+00, Loss_res: 4.191e-01,  Loss_bcs: 1.893e-01, Loss_ut_ics: 3.939e-01, lr: 1.000e-03, Time: 6.16e+00
Model state saved to ./results/models/checkpoints/schrodinger/2025-08-15_10-42-37-026722/model.pth
Model state saved to ./results/models/checkpoints/schrodinger/2025-08-15_10-42-37-026722/model_weights.pth
It: 1200, Loss: 1.296e+00, Loss_res: 3.680e-01,  Loss_bcs: 2.759e-01, Loss_ut_ics: 3.262e-01, lr: 1.000e-03, Time: 6.22e+00
Model state saved to ./results/models/checkpoints/schrodinger/2025-08-15_10-42-37-026722/model.pth
Model state saved to ./results/models/checkpoints/schrodinger/2025-08-15_10-42-37-026722/model_weights.pth
It: 1210, Loss: 1.285e+00, Loss_res: 1.135e-01,  Loss_bcs: 3.231e-01, Loss_ut_ics: 4.243e-01, lr: 1.000e-03, Time: 6.27e+00
Model state saved to ./results/models/checkpoints/schrodinger/2025-08-15_10-42-37-026722/model.pth
Model state saved to ./results/models/checkpoints/schrodinger/2025-08-15_10-42-37-026722/model_weights.pth
It: 1220, Loss: 1.282e+00, Loss_res: 1.375e-01,  Loss_bcs: 2.171e-01, Loss_ut_ics: 4.636e-01, lr: 1.000e-03, Time: 6.32e+00
Model state saved to ./results/models/checkpoints/schrodinger/2025-08-15_10-42-37-026722/model.pth
Model state saved to ./results/models/checkpoints/schrodinger/2025-08-15_10-42-37-026722/model_weights.pth
It: 1230, Loss: 1.466e+00, Loss_res: 2.401e-02,  Loss_bcs: 1.922e-01, Loss_ut_ics: 6.249e-01, lr: 1.000e-03, Time: 6.38e+00
Model state saved to ./results/models/checkpoints/schrodinger/2025-08-15_10-42-37-026722/model.pth
Model state saved to ./results/models/checkpoints/schrodinger/2025-08-15_10-42-37-026722/model_weights.pth
It: 1240, Loss: 1.341e+00, Loss_res: 1.039e-01,  Loss_bcs: 2.457e-01, Loss_ut_ics: 4.959e-01, lr: 1.000e-03, Time: 6.43e+00
Model state saved to ./results/models/checkpoints/schrodinger/2025-08-15_10-42-37-026722/model.pth
Model state saved to ./results/models/checkpoints/schrodinger/2025-08-15_10-42-37-026722/model_weights.pth
It: 1250, Loss: 1.064e+00, Loss_res: 7.085e-02,  Loss_bcs: 1.934e-01, Loss_ut_ics: 3.997e-01, lr: 1.000e-03, Time: 6.48e+00
Model state saved to ./results/models/checkpoints/schrodinger/2025-08-15_10-42-37-026722/model.pth
Model state saved to ./results/models/checkpoints/schrodinger/2025-08-15_10-42-37-026722/model_weights.pth
It: 1260, Loss: 1.312e+00, Loss_res: 1.418e-01,  Loss_bcs: 1.875e-01, Loss_ut_ics: 4.916e-01, lr: 1.000e-03, Time: 6.53e+00
Model state saved to ./results/models/checkpoints/schrodinger/2025-08-15_10-42-37-026722/model.pth
Model state saved to ./results/models/checkpoints/schrodinger/2025-08-15_10-42-37-026722/model_weights.pth
It: 1270, Loss: 1.002e+00, Loss_res: 4.447e-02,  Loss_bcs: 1.618e-01, Loss_ut_ics: 3.981e-01, lr: 1.000e-03, Time: 6.58e+00
Model state saved to ./results/models/checkpoints/schrodinger/2025-08-15_10-42-37-026722/model.pth
Model state saved to ./results/models/checkpoints/schrodinger/2025-08-15_10-42-37-026722/model_weights.pth
It: 1280, Loss: 1.419e+00, Loss_res: 8.715e-02,  Loss_bcs: 2.337e-01, Loss_ut_ics: 5.490e-01, lr: 1.000e-03, Time: 6.63e+00
Model state saved to ./results/models/checkpoints/schrodinger/2025-08-15_10-42-37-026722/model.pth
Model state saved to ./results/models/checkpoints/schrodinger/2025-08-15_10-42-37-026722/model_weights.pth
It: 1290, Loss: 1.552e+00, Loss_res: 9.868e-02,  Loss_bcs: 2.212e-01, Loss_ut_ics: 6.161e-01, lr: 1.000e-03, Time: 6.68e+00
Model state saved to ./results/models/checkpoints/schrodinger/2025-08-15_10-42-37-026722/model.pth
Model state saved to ./results/models/checkpoints/schrodinger/2025-08-15_10-42-37-026722/model_weights.pth
It: 1300, Loss: 1.961e+00, Loss_res: 1.044e-01,  Loss_bcs: 1.781e-01, Loss_ut_ics: 8.392e-01, lr: 1.000e-03, Time: 6.73e+00
Model state saved to ./results/models/checkpoints/schrodinger/2025-08-15_10-42-37-026722/model.pth
Model state saved to ./results/models/checkpoints/schrodinger/2025-08-15_10-42-37-026722/model_weights.pth
It: 1310, Loss: 1.581e+00, Loss_res: 1.315e-01,  Loss_bcs: 3.008e-01, Loss_ut_ics: 5.744e-01, lr: 1.000e-03, Time: 6.78e+00
Model state saved to ./results/models/checkpoints/schrodinger/2025-08-15_10-42-37-026722/model.pth
Model state saved to ./results/models/checkpoints/schrodinger/2025-08-15_10-42-37-026722/model_weights.pth
It: 1320, Loss: 7.489e-01, Loss_res: 7.199e-02,  Loss_bcs: 2.975e-01, Loss_ut_ics: 1.897e-01, lr: 1.000e-03, Time: 6.84e+00
Model state saved to ./results/models/checkpoints/schrodinger/2025-08-15_10-42-37-026722/model.pth
Model state saved to ./results/models/checkpoints/schrodinger/2025-08-15_10-42-37-026722/model_weights.pth
It: 1330, Loss: 1.516e+00, Loss_res: 6.959e-02,  Loss_bcs: 2.157e-01, Loss_ut_ics: 6.155e-01, lr: 1.000e-03, Time: 6.89e+00
Model state saved to ./results/models/checkpoints/schrodinger/2025-08-15_10-42-37-026722/model.pth
Model state saved to ./results/models/checkpoints/schrodinger/2025-08-15_10-42-37-026722/model_weights.pth
It: 1340, Loss: 1.897e+00, Loss_res: 4.011e-02,  Loss_bcs: 1.556e-01, Loss_ut_ics: 8.507e-01, lr: 1.000e-03, Time: 6.94e+00
Model state saved to ./results/models/checkpoints/schrodinger/2025-08-15_10-42-37-026722/model.pth
Model state saved to ./results/models/checkpoints/schrodinger/2025-08-15_10-42-37-026722/model_weights.pth
It: 1350, Loss: 1.144e+00, Loss_res: 7.200e-02,  Loss_bcs: 3.251e-01, Loss_ut_ics: 3.733e-01, lr: 1.000e-03, Time: 6.99e+00
Model state saved to ./results/models/checkpoints/schrodinger/2025-08-15_10-42-37-026722/model.pth
Model state saved to ./results/models/checkpoints/schrodinger/2025-08-15_10-42-37-026722/model_weights.pth
It: 1360, Loss: 8.419e-01, Loss_res: 1.576e-01,  Loss_bcs: 1.239e-01, Loss_ut_ics: 2.802e-01, lr: 1.000e-03, Time: 7.04e+00
Model state saved to ./results/models/checkpoints/schrodinger/2025-08-15_10-42-37-026722/model.pth
Model state saved to ./results/models/checkpoints/schrodinger/2025-08-15_10-42-37-026722/model_weights.pth
It: 1370, Loss: 1.448e+00, Loss_res: 1.287e-02,  Loss_bcs: 1.064e-01, Loss_ut_ics: 6.643e-01, lr: 1.000e-03, Time: 7.09e+00
Model state saved to ./results/models/checkpoints/schrodinger/2025-08-15_10-42-37-026722/model.pth
Model state saved to ./results/models/checkpoints/schrodinger/2025-08-15_10-42-37-026722/model_weights.pth
It: 1380, Loss: 1.307e+00, Loss_res: 2.061e-02,  Loss_bcs: 1.875e-01, Loss_ut_ics: 5.493e-01, lr: 1.000e-03, Time: 7.14e+00
Model state saved to ./results/models/checkpoints/schrodinger/2025-08-15_10-42-37-026722/model.pth
Model state saved to ./results/models/checkpoints/schrodinger/2025-08-15_10-42-37-026722/model_weights.pth
It: 1390, Loss: 8.940e-01, Loss_res: 2.881e-02,  Loss_bcs: 1.935e-01, Loss_ut_ics: 3.358e-01, lr: 1.000e-03, Time: 7.19e+00
Model state saved to ./results/models/checkpoints/schrodinger/2025-08-15_10-42-37-026722/model.pth
Model state saved to ./results/models/checkpoints/schrodinger/2025-08-15_10-42-37-026722/model_weights.pth
It: 1400, Loss: 1.329e+00, Loss_res: 1.499e-01,  Loss_bcs: 1.372e-01, Loss_ut_ics: 5.211e-01, lr: 1.000e-03, Time: 7.25e+00
Model state saved to ./results/models/checkpoints/schrodinger/2025-08-15_10-42-37-026722/model.pth
Model state saved to ./results/models/checkpoints/schrodinger/2025-08-15_10-42-37-026722/model_weights.pth
It: 1410, Loss: 1.174e+00, Loss_res: 4.664e-02,  Loss_bcs: 1.726e-01, Loss_ut_ics: 4.773e-01, lr: 1.000e-03, Time: 7.30e+00
Model state saved to ./results/models/checkpoints/schrodinger/2025-08-15_10-42-37-026722/model.pth
Model state saved to ./results/models/checkpoints/schrodinger/2025-08-15_10-42-37-026722/model_weights.pth
It: 1420, Loss: 5.258e-01, Loss_res: 3.768e-02,  Loss_bcs: 2.843e-01, Loss_ut_ics: 1.019e-01, lr: 1.000e-03, Time: 7.35e+00
Model state saved to ./results/models/checkpoints/schrodinger/2025-08-15_10-42-37-026722/model.pth
Model state saved to ./results/models/checkpoints/schrodinger/2025-08-15_10-42-37-026722/model_weights.pth
It: 1430, Loss: 1.105e+00, Loss_res: 2.244e-02,  Loss_bcs: 1.945e-01, Loss_ut_ics: 4.442e-01, lr: 1.000e-03, Time: 7.40e+00
Model state saved to ./results/models/checkpoints/schrodinger/2025-08-15_10-42-37-026722/model.pth
Model state saved to ./results/models/checkpoints/schrodinger/2025-08-15_10-42-37-026722/model_weights.pth
It: 1440, Loss: 1.096e+00, Loss_res: 2.454e-01,  Loss_bcs: 1.900e-01, Loss_ut_ics: 3.303e-01, lr: 1.000e-03, Time: 7.45e+00
Model state saved to ./results/models/checkpoints/schrodinger/2025-08-15_10-42-37-026722/model.pth
Model state saved to ./results/models/checkpoints/schrodinger/2025-08-15_10-42-37-026722/model_weights.pth
It: 1450, Loss: 1.404e+00, Loss_res: 1.899e-01,  Loss_bcs: 1.602e-01, Loss_ut_ics: 5.269e-01, lr: 1.000e-03, Time: 7.50e+00
Model state saved to ./results/models/checkpoints/schrodinger/2025-08-15_10-42-37-026722/model.pth
Model state saved to ./results/models/checkpoints/schrodinger/2025-08-15_10-42-37-026722/model_weights.pth
It: 1460, Loss: 1.512e+00, Loss_res: 1.734e-01,  Loss_bcs: 3.302e-01, Loss_ut_ics: 5.040e-01, lr: 1.000e-03, Time: 7.55e+00
Model state saved to ./results/models/checkpoints/schrodinger/2025-08-15_10-42-37-026722/model.pth
Model state saved to ./results/models/checkpoints/schrodinger/2025-08-15_10-42-37-026722/model_weights.pth
It: 1470, Loss: 7.043e-01, Loss_res: 4.181e-02,  Loss_bcs: 2.270e-01, Loss_ut_ics: 2.178e-01, lr: 1.000e-03, Time: 7.60e+00
Model state saved to ./results/models/checkpoints/schrodinger/2025-08-15_10-42-37-026722/model.pth
Model state saved to ./results/models/checkpoints/schrodinger/2025-08-15_10-42-37-026722/model_weights.pth
It: 1480, Loss: 1.238e+00, Loss_res: 7.360e-02,  Loss_bcs: 2.011e-01, Loss_ut_ics: 4.818e-01, lr: 1.000e-03, Time: 7.65e+00
Model state saved to ./results/models/checkpoints/schrodinger/2025-08-15_10-42-37-026722/model.pth
Model state saved to ./results/models/checkpoints/schrodinger/2025-08-15_10-42-37-026722/model_weights.pth
It: 1490, Loss: 1.385e+00, Loss_res: 1.321e-01,  Loss_bcs: 2.292e-01, Loss_ut_ics: 5.117e-01, lr: 1.000e-03, Time: 7.70e+00
Model state saved to ./results/models/checkpoints/schrodinger/2025-08-15_10-42-37-026722/model.pth
Model state saved to ./results/models/checkpoints/schrodinger/2025-08-15_10-42-37-026722/model_weights.pth
It: 1500, Loss: 1.064e+00, Loss_res: 8.092e-02,  Loss_bcs: 8.321e-02, Loss_ut_ics: 4.499e-01, lr: 1.000e-03, Time: 7.75e+00
Model state saved to ./results/models/checkpoints/schrodinger/2025-08-15_10-42-37-026722/model.pth
Model state saved to ./results/models/checkpoints/schrodinger/2025-08-15_10-42-37-026722/model_weights.pth
It: 1510, Loss: 9.317e-01, Loss_res: 6.360e-02,  Loss_bcs: 9.326e-02, Loss_ut_ics: 3.874e-01, lr: 1.000e-03, Time: 7.80e+00
Model state saved to ./results/models/checkpoints/schrodinger/2025-08-15_10-42-37-026722/model.pth
Model state saved to ./results/models/checkpoints/schrodinger/2025-08-15_10-42-37-026722/model_weights.pth
It: 1520, Loss: 7.378e-01, Loss_res: 7.278e-02,  Loss_bcs: 2.358e-01, Loss_ut_ics: 2.146e-01, lr: 1.000e-03, Time: 7.86e+00
Model state saved to ./results/models/checkpoints/schrodinger/2025-08-15_10-42-37-026722/model.pth
Model state saved to ./results/models/checkpoints/schrodinger/2025-08-15_10-42-37-026722/model_weights.pth
It: 1530, Loss: 9.355e-01, Loss_res: 1.129e-01,  Loss_bcs: 2.866e-01, Loss_ut_ics: 2.680e-01, lr: 1.000e-03, Time: 7.91e+00
Model state saved to ./results/models/checkpoints/schrodinger/2025-08-15_10-42-37-026722/model.pth
Model state saved to ./results/models/checkpoints/schrodinger/2025-08-15_10-42-37-026722/model_weights.pth
It: 1540, Loss: 1.381e+00, Loss_res: 6.835e-02,  Loss_bcs: 9.319e-02, Loss_ut_ics: 6.098e-01, lr: 1.000e-03, Time: 7.96e+00
Model state saved to ./results/models/checkpoints/schrodinger/2025-08-15_10-42-37-026722/model.pth
Model state saved to ./results/models/checkpoints/schrodinger/2025-08-15_10-42-37-026722/model_weights.pth
It: 1550, Loss: 1.834e+00, Loss_res: 1.561e-01,  Loss_bcs: 1.711e-01, Loss_ut_ics: 7.534e-01, lr: 1.000e-03, Time: 8.01e+00
Model state saved to ./results/models/checkpoints/schrodinger/2025-08-15_10-42-37-026722/model.pth
Model state saved to ./results/models/checkpoints/schrodinger/2025-08-15_10-42-37-026722/model_weights.pth
It: 1560, Loss: 1.039e+00, Loss_res: 5.219e-02,  Loss_bcs: 1.861e-01, Loss_ut_ics: 4.005e-01, lr: 1.000e-03, Time: 8.06e+00
Model state saved to ./results/models/checkpoints/schrodinger/2025-08-15_10-42-37-026722/model.pth
Model state saved to ./results/models/checkpoints/schrodinger/2025-08-15_10-42-37-026722/model_weights.pth
It: 1570, Loss: 1.495e+00, Loss_res: 2.974e-01,  Loss_bcs: 2.968e-01, Loss_ut_ics: 4.502e-01, lr: 1.000e-03, Time: 8.11e+00
Model state saved to ./results/models/checkpoints/schrodinger/2025-08-15_10-42-37-026722/model.pth
Model state saved to ./results/models/checkpoints/schrodinger/2025-08-15_10-42-37-026722/model_weights.pth
It: 1580, Loss: 1.023e+00, Loss_res: 8.667e-02,  Loss_bcs: 2.191e-01, Loss_ut_ics: 3.586e-01, lr: 1.000e-03, Time: 8.16e+00
Model state saved to ./results/models/checkpoints/schrodinger/2025-08-15_10-42-37-026722/model.pth
Model state saved to ./results/models/checkpoints/schrodinger/2025-08-15_10-42-37-026722/model_weights.pth
It: 1590, Loss: 9.366e-01, Loss_res: 1.830e-01,  Loss_bcs: 1.964e-01, Loss_ut_ics: 2.786e-01, lr: 1.000e-03, Time: 8.22e+00
Model state saved to ./results/models/checkpoints/schrodinger/2025-08-15_10-42-37-026722/model.pth
Model state saved to ./results/models/checkpoints/schrodinger/2025-08-15_10-42-37-026722/model_weights.pth
It: 1600, Loss: 6.253e-01, Loss_res: 8.058e-02,  Loss_bcs: 1.959e-01, Loss_ut_ics: 1.744e-01, lr: 1.000e-03, Time: 8.27e+00
Model state saved to ./results/models/checkpoints/schrodinger/2025-08-15_10-42-37-026722/model.pth
Model state saved to ./results/models/checkpoints/schrodinger/2025-08-15_10-42-37-026722/model_weights.pth
It: 1610, Loss: 1.684e+00, Loss_res: 1.973e-01,  Loss_bcs: 1.207e-01, Loss_ut_ics: 6.831e-01, lr: 1.000e-03, Time: 8.32e+00
Model state saved to ./results/models/checkpoints/schrodinger/2025-08-15_10-42-37-026722/model.pth
Model state saved to ./results/models/checkpoints/schrodinger/2025-08-15_10-42-37-026722/model_weights.pth
It: 1620, Loss: 4.377e-01, Loss_res: 1.105e-01,  Loss_bcs: 1.527e-01, Loss_ut_ics: 8.725e-02, lr: 1.000e-03, Time: 8.37e+00
Model state saved to ./results/models/checkpoints/schrodinger/2025-08-15_10-42-37-026722/model.pth
Model state saved to ./results/models/checkpoints/schrodinger/2025-08-15_10-42-37-026722/model_weights.pth
It: 1630, Loss: 8.565e-01, Loss_res: 2.066e-02,  Loss_bcs: 1.546e-01, Loss_ut_ics: 3.406e-01, lr: 1.000e-03, Time: 8.42e+00
Model state saved to ./results/models/checkpoints/schrodinger/2025-08-15_10-42-37-026722/model.pth
Model state saved to ./results/models/checkpoints/schrodinger/2025-08-15_10-42-37-026722/model_weights.pth
It: 1640, Loss: 9.842e-01, Loss_res: 7.702e-02,  Loss_bcs: 2.905e-01, Loss_ut_ics: 3.083e-01, lr: 1.000e-03, Time: 8.47e+00
Model state saved to ./results/models/checkpoints/schrodinger/2025-08-15_10-42-37-026722/model.pth
Model state saved to ./results/models/checkpoints/schrodinger/2025-08-15_10-42-37-026722/model_weights.pth
It: 1650, Loss: 8.758e-01, Loss_res: 9.066e-02,  Loss_bcs: 2.220e-01, Loss_ut_ics: 2.816e-01, lr: 1.000e-03, Time: 8.53e+00
Model state saved to ./results/models/checkpoints/schrodinger/2025-08-15_10-42-37-026722/model.pth
Model state saved to ./results/models/checkpoints/schrodinger/2025-08-15_10-42-37-026722/model_weights.pth
It: 1660, Loss: 1.537e+00, Loss_res: 1.814e-01,  Loss_bcs: 1.170e-01, Loss_ut_ics: 6.193e-01, lr: 1.000e-03, Time: 8.58e+00
Model state saved to ./results/models/checkpoints/schrodinger/2025-08-15_10-42-37-026722/model.pth
Model state saved to ./results/models/checkpoints/schrodinger/2025-08-15_10-42-37-026722/model_weights.pth
It: 1670, Loss: 8.974e-01, Loss_res: 8.179e-02,  Loss_bcs: 1.483e-01, Loss_ut_ics: 3.337e-01, lr: 1.000e-03, Time: 8.63e+00
Model state saved to ./results/models/checkpoints/schrodinger/2025-08-15_10-42-37-026722/model.pth
Model state saved to ./results/models/checkpoints/schrodinger/2025-08-15_10-42-37-026722/model_weights.pth
It: 1680, Loss: 5.050e-01, Loss_res: 1.697e-01,  Loss_bcs: 1.577e-01, Loss_ut_ics: 8.883e-02, lr: 1.000e-03, Time: 8.68e+00
Model state saved to ./results/models/checkpoints/schrodinger/2025-08-15_10-42-37-026722/model.pth
Model state saved to ./results/models/checkpoints/schrodinger/2025-08-15_10-42-37-026722/model_weights.pth
It: 1690, Loss: 1.528e+00, Loss_res: 3.220e-01,  Loss_bcs: 1.073e-01, Loss_ut_ics: 5.496e-01, lr: 1.000e-03, Time: 8.73e+00
Model state saved to ./results/models/checkpoints/schrodinger/2025-08-15_10-42-37-026722/model.pth
Model state saved to ./results/models/checkpoints/schrodinger/2025-08-15_10-42-37-026722/model_weights.pth
It: 1700, Loss: 1.074e+00, Loss_res: 5.177e-02,  Loss_bcs: 2.609e-01, Loss_ut_ics: 3.807e-01, lr: 1.000e-03, Time: 8.78e+00
Model state saved to ./results/models/checkpoints/schrodinger/2025-08-15_10-42-37-026722/model.pth
Model state saved to ./results/models/checkpoints/schrodinger/2025-08-15_10-42-37-026722/model_weights.pth
It: 1710, Loss: 1.149e+00, Loss_res: 8.351e-02,  Loss_bcs: 8.648e-02, Loss_ut_ics: 4.895e-01, lr: 1.000e-03, Time: 8.83e+00
Model state saved to ./results/models/checkpoints/schrodinger/2025-08-15_10-42-37-026722/model.pth
Model state saved to ./results/models/checkpoints/schrodinger/2025-08-15_10-42-37-026722/model_weights.pth
It: 1720, Loss: 1.326e+00, Loss_res: 3.698e-02,  Loss_bcs: 1.674e-01, Loss_ut_ics: 5.610e-01, lr: 1.000e-03, Time: 8.88e+00
Model state saved to ./results/models/checkpoints/schrodinger/2025-08-15_10-42-37-026722/model.pth
Model state saved to ./results/models/checkpoints/schrodinger/2025-08-15_10-42-37-026722/model_weights.pth
It: 1730, Loss: 1.398e+00, Loss_res: 2.589e-01,  Loss_bcs: 2.258e-01, Loss_ut_ics: 4.564e-01, lr: 1.000e-03, Time: 8.93e+00
Model state saved to ./results/models/checkpoints/schrodinger/2025-08-15_10-42-37-026722/model.pth
Model state saved to ./results/models/checkpoints/schrodinger/2025-08-15_10-42-37-026722/model_weights.pth
It: 1740, Loss: 9.506e-01, Loss_res: 1.179e-01,  Loss_bcs: 1.488e-01, Loss_ut_ics: 3.420e-01, lr: 1.000e-03, Time: 8.98e+00
Model state saved to ./results/models/checkpoints/schrodinger/2025-08-15_10-42-37-026722/model.pth
Model state saved to ./results/models/checkpoints/schrodinger/2025-08-15_10-42-37-026722/model_weights.pth
It: 1750, Loss: 9.829e-01, Loss_res: 1.644e-01,  Loss_bcs: 2.625e-01, Loss_ut_ics: 2.780e-01, lr: 1.000e-03, Time: 9.03e+00
Model state saved to ./results/models/checkpoints/schrodinger/2025-08-15_10-42-37-026722/model.pth
Model state saved to ./results/models/checkpoints/schrodinger/2025-08-15_10-42-37-026722/model_weights.pth
It: 1760, Loss: 1.312e+00, Loss_res: 4.446e-01,  Loss_bcs: 2.290e-01, Loss_ut_ics: 3.190e-01, lr: 1.000e-03, Time: 9.08e+00
Model state saved to ./results/models/checkpoints/schrodinger/2025-08-15_10-42-37-026722/model.pth
Model state saved to ./results/models/checkpoints/schrodinger/2025-08-15_10-42-37-026722/model_weights.pth
It: 1770, Loss: 6.848e-01, Loss_res: 1.296e-01,  Loss_bcs: 2.052e-01, Loss_ut_ics: 1.750e-01, lr: 1.000e-03, Time: 9.14e+00
Model state saved to ./results/models/checkpoints/schrodinger/2025-08-15_10-42-37-026722/model.pth
Model state saved to ./results/models/checkpoints/schrodinger/2025-08-15_10-42-37-026722/model_weights.pth
It: 1780, Loss: 6.732e-01, Loss_res: 1.352e-01,  Loss_bcs: 1.615e-01, Loss_ut_ics: 1.883e-01, lr: 1.000e-03, Time: 9.19e+00
Model state saved to ./results/models/checkpoints/schrodinger/2025-08-15_10-42-37-026722/model.pth
Model state saved to ./results/models/checkpoints/schrodinger/2025-08-15_10-42-37-026722/model_weights.pth
It: 1790, Loss: 1.226e+00, Loss_res: 2.320e-01,  Loss_bcs: 2.433e-01, Loss_ut_ics: 3.755e-01, lr: 1.000e-03, Time: 9.24e+00
Model state saved to ./results/models/checkpoints/schrodinger/2025-08-15_10-42-37-026722/model.pth
Model state saved to ./results/models/checkpoints/schrodinger/2025-08-15_10-42-37-026722/model_weights.pth
It: 1800, Loss: 1.066e+00, Loss_res: 6.915e-02,  Loss_bcs: 1.872e-01, Loss_ut_ics: 4.047e-01, lr: 1.000e-03, Time: 9.30e+00
Model state saved to ./results/models/checkpoints/schrodinger/2025-08-15_10-42-37-026722/model.pth
Model state saved to ./results/models/checkpoints/schrodinger/2025-08-15_10-42-37-026722/model_weights.pth
It: 1810, Loss: 1.429e+00, Loss_res: 2.205e-01,  Loss_bcs: 2.122e-01, Loss_ut_ics: 4.981e-01, lr: 1.000e-03, Time: 9.35e+00
Model state saved to ./results/models/checkpoints/schrodinger/2025-08-15_10-42-37-026722/model.pth
Model state saved to ./results/models/checkpoints/schrodinger/2025-08-15_10-42-37-026722/model_weights.pth
It: 1820, Loss: 6.775e-01, Loss_res: 1.124e-01,  Loss_bcs: 1.434e-01, Loss_ut_ics: 2.108e-01, lr: 1.000e-03, Time: 9.40e+00
Model state saved to ./results/models/checkpoints/schrodinger/2025-08-15_10-42-37-026722/model.pth
Model state saved to ./results/models/checkpoints/schrodinger/2025-08-15_10-42-37-026722/model_weights.pth
It: 1830, Loss: 1.183e+00, Loss_res: 1.498e-02,  Loss_bcs: 1.536e-01, Loss_ut_ics: 5.074e-01, lr: 1.000e-03, Time: 9.45e+00
Model state saved to ./results/models/checkpoints/schrodinger/2025-08-15_10-42-37-026722/model.pth
Model state saved to ./results/models/checkpoints/schrodinger/2025-08-15_10-42-37-026722/model_weights.pth
It: 1840, Loss: 7.045e-01, Loss_res: 8.519e-02,  Loss_bcs: 1.284e-01, Loss_ut_ics: 2.454e-01, lr: 1.000e-03, Time: 9.50e+00
Model state saved to ./results/models/checkpoints/schrodinger/2025-08-15_10-42-37-026722/model.pth
Model state saved to ./results/models/checkpoints/schrodinger/2025-08-15_10-42-37-026722/model_weights.pth
It: 1850, Loss: 1.326e+00, Loss_res: 1.616e-01,  Loss_bcs: 2.785e-01, Loss_ut_ics: 4.428e-01, lr: 1.000e-03, Time: 9.55e+00
Model state saved to ./results/models/checkpoints/schrodinger/2025-08-15_10-42-37-026722/model.pth
Model state saved to ./results/models/checkpoints/schrodinger/2025-08-15_10-42-37-026722/model_weights.pth
It: 1860, Loss: 1.179e+00, Loss_res: 1.013e-01,  Loss_bcs: 1.171e-01, Loss_ut_ics: 4.805e-01, lr: 1.000e-03, Time: 9.60e+00
Model state saved to ./results/models/checkpoints/schrodinger/2025-08-15_10-42-37-026722/model.pth
Model state saved to ./results/models/checkpoints/schrodinger/2025-08-15_10-42-37-026722/model_weights.pth
It: 1870, Loss: 1.166e+00, Loss_res: 1.835e-01,  Loss_bcs: 1.251e-01, Loss_ut_ics: 4.285e-01, lr: 1.000e-03, Time: 9.65e+00
Model state saved to ./results/models/checkpoints/schrodinger/2025-08-15_10-42-37-026722/model.pth
Model state saved to ./results/models/checkpoints/schrodinger/2025-08-15_10-42-37-026722/model_weights.pth
It: 1880, Loss: 1.265e+00, Loss_res: 8.744e-02,  Loss_bcs: 2.446e-01, Loss_ut_ics: 4.664e-01, lr: 1.000e-03, Time: 9.70e+00
Model state saved to ./results/models/checkpoints/schrodinger/2025-08-15_10-42-37-026722/model.pth
Model state saved to ./results/models/checkpoints/schrodinger/2025-08-15_10-42-37-026722/model_weights.pth
It: 1890, Loss: 1.121e+00, Loss_res: 3.002e-01,  Loss_bcs: 1.735e-01, Loss_ut_ics: 3.236e-01, lr: 1.000e-03, Time: 9.75e+00
Model state saved to ./results/models/checkpoints/schrodinger/2025-08-15_10-42-37-026722/model.pth
Model state saved to ./results/models/checkpoints/schrodinger/2025-08-15_10-42-37-026722/model_weights.pth
It: 1900, Loss: 6.754e-01, Loss_res: 9.007e-02,  Loss_bcs: 1.342e-01, Loss_ut_ics: 2.256e-01, lr: 1.000e-03, Time: 9.80e+00
Model state saved to ./results/models/checkpoints/schrodinger/2025-08-15_10-42-37-026722/model.pth
Model state saved to ./results/models/checkpoints/schrodinger/2025-08-15_10-42-37-026722/model_weights.pth
It: 1910, Loss: 1.216e+00, Loss_res: 1.016e-01,  Loss_bcs: 1.384e-01, Loss_ut_ics: 4.877e-01, lr: 1.000e-03, Time: 9.86e+00
Model state saved to ./results/models/checkpoints/schrodinger/2025-08-15_10-42-37-026722/model.pth
Model state saved to ./results/models/checkpoints/schrodinger/2025-08-15_10-42-37-026722/model_weights.pth
It: 1920, Loss: 1.047e+00, Loss_res: 7.328e-02,  Loss_bcs: 3.090e-01, Loss_ut_ics: 3.324e-01, lr: 1.000e-03, Time: 9.91e+00
Model state saved to ./results/models/checkpoints/schrodinger/2025-08-15_10-42-37-026722/model.pth
Model state saved to ./results/models/checkpoints/schrodinger/2025-08-15_10-42-37-026722/model_weights.pth
It: 1930, Loss: 1.179e+00, Loss_res: 8.113e-02,  Loss_bcs: 1.504e-01, Loss_ut_ics: 4.736e-01, lr: 1.000e-03, Time: 9.96e+00
Model state saved to ./results/models/checkpoints/schrodinger/2025-08-15_10-42-37-026722/model.pth
Model state saved to ./results/models/checkpoints/schrodinger/2025-08-15_10-42-37-026722/model_weights.pth
It: 1940, Loss: 6.953e-01, Loss_res: 1.291e-01,  Loss_bcs: 2.358e-01, Loss_ut_ics: 1.652e-01, lr: 1.000e-03, Time: 1.00e+01
Model state saved to ./results/models/checkpoints/schrodinger/2025-08-15_10-42-37-026722/model.pth
Model state saved to ./results/models/checkpoints/schrodinger/2025-08-15_10-42-37-026722/model_weights.pth
It: 1950, Loss: 1.327e+00, Loss_res: 3.524e-01,  Loss_bcs: 1.405e-01, Loss_ut_ics: 4.172e-01, lr: 1.000e-03, Time: 1.01e+01
Model state saved to ./results/models/checkpoints/schrodinger/2025-08-15_10-42-37-026722/model.pth
Model state saved to ./results/models/checkpoints/schrodinger/2025-08-15_10-42-37-026722/model_weights.pth
It: 1960, Loss: 1.145e+00, Loss_res: 5.763e-01,  Loss_bcs: 1.493e-01, Loss_ut_ics: 2.095e-01, lr: 1.000e-03, Time: 1.01e+01
Model state saved to ./results/models/checkpoints/schrodinger/2025-08-15_10-42-37-026722/model.pth
Model state saved to ./results/models/checkpoints/schrodinger/2025-08-15_10-42-37-026722/model_weights.pth
It: 1970, Loss: 1.215e+00, Loss_res: 3.792e-01,  Loss_bcs: 2.891e-01, Loss_ut_ics: 2.735e-01, lr: 1.000e-03, Time: 1.02e+01
Model state saved to ./results/models/checkpoints/schrodinger/2025-08-15_10-42-37-026722/model.pth
Model state saved to ./results/models/checkpoints/schrodinger/2025-08-15_10-42-37-026722/model_weights.pth
It: 1980, Loss: 1.036e+00, Loss_res: 1.940e-01,  Loss_bcs: 2.180e-01, Loss_ut_ics: 3.117e-01, lr: 1.000e-03, Time: 1.02e+01
Model state saved to ./results/models/checkpoints/schrodinger/2025-08-15_10-42-37-026722/model.pth
Model state saved to ./results/models/checkpoints/schrodinger/2025-08-15_10-42-37-026722/model_weights.pth
It: 1990, Loss: 1.080e+00, Loss_res: 5.630e-02,  Loss_bcs: 1.435e-01, Loss_ut_ics: 4.402e-01, lr: 1.000e-03, Time: 1.03e+01
Model state saved to ./results/models/checkpoints/schrodinger/2025-08-15_10-42-37-026722/model.pth
Model state saved to ./results/models/checkpoints/schrodinger/2025-08-15_10-42-37-026722/model_weights.pth
It: 2000, Loss: 8.788e-01, Loss_res: 1.653e-01,  Loss_bcs: 1.187e-01, Loss_ut_ics: 2.974e-01, lr: 1.000e-03, Time: 1.03e+01
Model state saved to ./results/models/checkpoints/schrodinger/2025-08-15_10-42-37-026722/model.pth
Model state saved to ./results/models/checkpoints/schrodinger/2025-08-15_10-42-37-026722/model_weights.pth
Model state saved to ./results/models/checkpoints/schrodinger/2025-08-15_10-42-37-026722/model.pth
Model state saved to ./results/models/checkpoints/schrodinger/2025-08-15_10-42-37-026722/model_weights.pth
Training completed successfuly!
