2026-03-01 14:23:43,279 INFO:src.utils.logger:TEST: ahora deberías ver esto en el notebook y guardado en python.log
INFO:src.utils.logger:TEST: ahora deberías ver esto en el notebook y guardado en python.log
INFO:src.utils.logger:It: 1, Loss: 2.517e+02, Loss_res: 1.020e+00,  Loss_bcs: 0.000e+00, Loss_ut_ics: 9.871e-01, Loss_norm: 9.927e-01, Loss_gauge: 0.000e+00, w_pde: 8.33e-03, L^2_error: 9.441e-01, lr: 1.000e-03, Time: 6.45e+00
INFO:src.utils.logger:Model state saved to results\box\DV\20260301-142338_seed0_box_DV_b1_farhi_e600_w120_4q_2l\checkpoints\2026-03-01_14-23-38-871809_box_DV_seed\model.pth
INFO:src.utils.logger:Model weights saved to results\box\DV\20260301-142338_seed0_box_DV_b1_farhi_e600_w120_4q_2l\checkpoints\2026-03-01_14-23-38-871809_box_DV_seed\model_weights.pth
INFO:src.utils.logger:It: 5, Loss: 1.906e+02, Loss_res: 6.354e-01,  Loss_bcs: 0.000e+00, Loss_ut_ics: 7.431e-01, Loss_norm: 9.621e-01, Loss_gauge: 0.000e+00, w_pde: 4.17e-02, L^2_error: 9.414e-01, lr: 1.000e-03, Time: 2.87e+01
INFO:src.utils.logger:Model state saved to results\box\DV\20260301-142338_seed0_box_DV_b1_farhi_e600_w120_4q_2l\checkpoints\2026-03-01_14-23-38-871809_box_DV_seed\model.pth
INFO:src.utils.logger:Model weights saved to results\box\DV\20260301-142338_seed0_box_DV_b1_farhi_e600_w120_4q_2l\checkpoints\2026-03-01_14-23-38-871809_box_DV_seed\model_weights.pth
INFO:src.utils.logger:It: 10, Loss: 1.312e+02, Loss_res: 2.880e+00,  Loss_bcs: 0.000e+00, Loss_ut_ics: 5.070e-01, Loss_norm: 8.354e-01, Loss_gauge: 0.000e+00, w_pde: 8.33e-02, L^2_error: 8.940e-01, lr: 1.000e-03, Time: 5.42e+01
INFO:src.utils.logger:Model state saved to results\box\DV\20260301-142338_seed0_box_DV_b1_farhi_e600_w120_4q_2l\checkpoints\2026-03-01_14-23-38-871809_box_DV_seed\model.pth
INFO:src.utils.logger:Model weights saved to results\box\DV\20260301-142338_seed0_box_DV_b1_farhi_e600_w120_4q_2l\checkpoints\2026-03-01_14-23-38-871809_box_DV_seed\model_weights.pth
INFO:src.utils.logger:It: 15, Loss: 8.257e+01, Loss_res: 5.744e+00,  Loss_bcs: 0.000e+00, Loss_ut_ics: 3.144e-01, Loss_norm: 6.524e-01, Loss_gauge: 0.000e+00, w_pde: 1.25e-01, L^2_error: 8.389e-01, lr: 1.000e-03, Time: 8.03e+01
INFO:src.utils.logger:Model state saved to results\box\DV\20260301-142338_seed0_box_DV_b1_farhi_e600_w120_4q_2l\checkpoints\2026-03-01_14-23-38-871809_box_DV_seed\model.pth
INFO:src.utils.logger:Model weights saved to results\box\DV\20260301-142338_seed0_box_DV_b1_farhi_e600_w120_4q_2l\checkpoints\2026-03-01_14-23-38-871809_box_DV_seed\model_weights.pth
INFO:src.utils.logger:It: 20, Loss: 4.797e+01, Loss_res: 1.005e+01,  Loss_bcs: 0.000e+00, Loss_ut_ics: 1.764e-01, Loss_norm: 4.408e-01, Loss_gauge: 0.000e+00, w_pde: 1.67e-01, L^2_error: 8.227e-01, lr: 1.000e-03, Time: 1.06e+02
INFO:src.utils.logger:Model state saved to results\box\DV\20260301-142338_seed0_box_DV_b1_farhi_e600_w120_4q_2l\checkpoints\2026-03-01_14-23-38-871809_box_DV_seed\model.pth
INFO:src.utils.logger:Model weights saved to results\box\DV\20260301-142338_seed0_box_DV_b1_farhi_e600_w120_4q_2l\checkpoints\2026-03-01_14-23-38-871809_box_DV_seed\model_weights.pth
INFO:src.utils.logger:It: 25, Loss: 2.512e+01, Loss_res: 1.510e+01,  Loss_bcs: 0.000e+00, Loss_ut_ics: 8.302e-02, Loss_norm: 2.431e-01, Loss_gauge: 0.000e+00, w_pde: 2.08e-01, L^2_error: 8.534e-01, lr: 1.000e-03, Time: 1.31e+02
INFO:src.utils.logger:Model state saved to results\box\DV\20260301-142338_seed0_box_DV_b1_farhi_e600_w120_4q_2l\checkpoints\2026-03-01_14-23-38-871809_box_DV_seed\model.pth
INFO:src.utils.logger:Model weights saved to results\box\DV\20260301-142338_seed0_box_DV_b1_farhi_e600_w120_4q_2l\checkpoints\2026-03-01_14-23-38-871809_box_DV_seed\model_weights.pth
INFO:src.utils.logger:It: 30, Loss: 1.329e+01, Loss_res: 2.040e+01,  Loss_bcs: 0.000e+00, Loss_ut_ics: 3.080e-02, Loss_norm: 9.863e-02, Loss_gauge: 0.000e+00, w_pde: 2.50e-01, L^2_error: 8.878e-01, lr: 1.000e-03, Time: 1.57e+02
INFO:src.utils.logger:Model state saved to results\box\DV\20260301-142338_seed0_box_DV_b1_farhi_e600_w120_4q_2l\checkpoints\2026-03-01_14-23-38-871809_box_DV_seed\model.pth
INFO:src.utils.logger:Model weights saved to results\box\DV\20260301-142338_seed0_box_DV_b1_farhi_e600_w120_4q_2l\checkpoints\2026-03-01_14-23-38-871809_box_DV_seed\model_weights.pth
INFO:src.utils.logger:It: 35, Loss: 9.291e+00, Loss_res: 2.513e+01,  Loss_bcs: 0.000e+00, Loss_ut_ics: 7.381e-03, Loss_norm: 2.326e-02, Loss_gauge: 0.000e+00, w_pde: 2.92e-01, L^2_error: 9.076e-01, lr: 1.000e-03, Time: 1.83e+02
INFO:src.utils.logger:Model state saved to results\box\DV\20260301-142338_seed0_box_DV_b1_farhi_e600_w120_4q_2l\checkpoints\2026-03-01_14-23-38-871809_box_DV_seed\model.pth
INFO:src.utils.logger:Model weights saved to results\box\DV\20260301-142338_seed0_box_DV_b1_farhi_e600_w120_4q_2l\checkpoints\2026-03-01_14-23-38-871809_box_DV_seed\model_weights.pth
INFO:src.utils.logger:It: 40, Loss: 1.003e+01, Loss_res: 2.876e+01,  Loss_bcs: 0.000e+00, Loss_ut_ics: 1.733e-03, Loss_norm: 7.370e-04, Loss_gauge: 0.000e+00, w_pde: 3.33e-01, L^2_error: 9.320e-01, lr: 1.000e-03, Time: 2.09e+02
INFO:src.utils.logger:Model state saved to results\box\DV\20260301-142338_seed0_box_DV_b1_farhi_e600_w120_4q_2l\checkpoints\2026-03-01_14-23-38-871809_box_DV_seed\model.pth
INFO:src.utils.logger:Model weights saved to results\box\DV\20260301-142338_seed0_box_DV_b1_farhi_e600_w120_4q_2l\checkpoints\2026-03-01_14-23-38-871809_box_DV_seed\model_weights.pth
INFO:src.utils.logger:It: 45, Loss: 1.215e+01, Loss_res: 3.087e+01,  Loss_bcs: 0.000e+00, Loss_ut_ics: 2.268e-03, Loss_norm: 2.369e-03, Loss_gauge: 0.000e+00, w_pde: 3.75e-01, L^2_error: 9.508e-01, lr: 1.000e-03, Time: 2.34e+02
INFO:src.utils.logger:Model state saved to results\box\DV\20260301-142338_seed0_box_DV_b1_farhi_e600_w120_4q_2l\checkpoints\2026-03-01_14-23-38-871809_box_DV_seed\model.pth
INFO:src.utils.logger:Model weights saved to results\box\DV\20260301-142338_seed0_box_DV_b1_farhi_e600_w120_4q_2l\checkpoints\2026-03-01_14-23-38-871809_box_DV_seed\model_weights.pth
INFO:src.utils.logger:It: 50, Loss: 1.373e+01, Loss_res: 3.121e+01,  Loss_bcs: 0.000e+00, Loss_ut_ics: 2.819e-03, Loss_norm: 4.340e-03, Loss_gauge: 0.000e+00, w_pde: 4.17e-01, L^2_error: 9.455e-01, lr: 1.000e-03, Time: 2.60e+02
INFO:src.utils.logger:Model state saved to results\box\DV\20260301-142338_seed0_box_DV_b1_farhi_e600_w120_4q_2l\checkpoints\2026-03-01_14-23-38-871809_box_DV_seed\model.pth
INFO:src.utils.logger:Model weights saved to results\box\DV\20260301-142338_seed0_box_DV_b1_farhi_e600_w120_4q_2l\checkpoints\2026-03-01_14-23-38-871809_box_DV_seed\model_weights.pth
INFO:src.utils.logger:It: 55, Loss: 1.439e+01, Loss_res: 3.025e+01,  Loss_bcs: 0.000e+00, Loss_ut_ics: 2.096e-03, Loss_norm: 1.456e-03, Loss_gauge: 0.000e+00, w_pde: 4.58e-01, L^2_error: 9.323e-01, lr: 1.000e-03, Time: 2.86e+02
INFO:src.utils.logger:Model state saved to results\box\DV\20260301-142338_seed0_box_DV_b1_farhi_e600_w120_4q_2l\checkpoints\2026-03-01_14-23-38-871809_box_DV_seed\model.pth
INFO:src.utils.logger:Model weights saved to results\box\DV\20260301-142338_seed0_box_DV_b1_farhi_e600_w120_4q_2l\checkpoints\2026-03-01_14-23-38-871809_box_DV_seed\model_weights.pth
INFO:src.utils.logger:It: 60, Loss: 1.444e+01, Loss_res: 2.813e+01,  Loss_bcs: 0.000e+00, Loss_ut_ics: 1.478e-03, Loss_norm: 4.776e-04, Loss_gauge: 0.000e+00, w_pde: 5.00e-01, L^2_error: 9.167e-01, lr: 1.000e-03, Time: 3.11e+02
INFO:src.utils.logger:Model state saved to results\box\DV\20260301-142338_seed0_box_DV_b1_farhi_e600_w120_4q_2l\checkpoints\2026-03-01_14-23-38-871809_box_DV_seed\model.pth
INFO:src.utils.logger:Model weights saved to results\box\DV\20260301-142338_seed0_box_DV_b1_farhi_e600_w120_4q_2l\checkpoints\2026-03-01_14-23-38-871809_box_DV_seed\model_weights.pth
INFO:src.utils.logger:It: 65, Loss: 1.472e+01, Loss_res: 2.586e+01,  Loss_bcs: 0.000e+00, Loss_ut_ics: 2.689e-03, Loss_norm: 7.489e-03, Loss_gauge: 0.000e+00, w_pde: 5.42e-01, L^2_error: 8.933e-01, lr: 1.000e-03, Time: 3.36e+02
INFO:src.utils.logger:Model state saved to results\box\DV\20260301-142338_seed0_box_DV_b1_farhi_e600_w120_4q_2l\checkpoints\2026-03-01_14-23-38-871809_box_DV_seed\model.pth
INFO:src.utils.logger:Model weights saved to results\box\DV\20260301-142338_seed0_box_DV_b1_farhi_e600_w120_4q_2l\checkpoints\2026-03-01_14-23-38-871809_box_DV_seed\model_weights.pth
INFO:src.utils.logger:It: 70, Loss: 1.526e+01, Loss_res: 2.352e+01,  Loss_bcs: 0.000e+00, Loss_ut_ics: 5.741e-03, Loss_norm: 2.181e-02, Loss_gauge: 0.000e+00, w_pde: 5.83e-01, L^2_error: 8.734e-01, lr: 1.000e-03, Time: 3.62e+02
INFO:src.utils.logger:Model state saved to results\box\DV\20260301-142338_seed0_box_DV_b1_farhi_e600_w120_4q_2l\checkpoints\2026-03-01_14-23-38-871809_box_DV_seed\model.pth
INFO:src.utils.logger:Model weights saved to results\box\DV\20260301-142338_seed0_box_DV_b1_farhi_e600_w120_4q_2l\checkpoints\2026-03-01_14-23-38-871809_box_DV_seed\model_weights.pth
INFO:src.utils.logger:It: 75, Loss: 1.649e+01, Loss_res: 2.265e+01,  Loss_bcs: 0.000e+00, Loss_ut_ics: 8.640e-03, Loss_norm: 3.516e-02, Loss_gauge: 0.000e+00, w_pde: 6.25e-01, L^2_error: 8.593e-01, lr: 1.000e-03, Time: 3.87e+02
INFO:src.utils.logger:Model state saved to results\box\DV\20260301-142338_seed0_box_DV_b1_farhi_e600_w120_4q_2l\checkpoints\2026-03-01_14-23-38-871809_box_DV_seed\model.pth
INFO:src.utils.logger:Model weights saved to results\box\DV\20260301-142338_seed0_box_DV_b1_farhi_e600_w120_4q_2l\checkpoints\2026-03-01_14-23-38-871809_box_DV_seed\model_weights.pth
INFO:src.utils.logger:It: 80, Loss: 1.682e+01, Loss_res: 2.154e+01,  Loss_bcs: 0.000e+00, Loss_ut_ics: 9.043e-03, Loss_norm: 3.835e-02, Loss_gauge: 0.000e+00, w_pde: 6.67e-01, L^2_error: 8.488e-01, lr: 1.000e-03, Time: 4.12e+02
INFO:src.utils.logger:Model state saved to results\box\DV\20260301-142338_seed0_box_DV_b1_farhi_e600_w120_4q_2l\checkpoints\2026-03-01_14-23-38-871809_box_DV_seed\model.pth
INFO:src.utils.logger:Model weights saved to results\box\DV\20260301-142338_seed0_box_DV_b1_farhi_e600_w120_4q_2l\checkpoints\2026-03-01_14-23-38-871809_box_DV_seed\model_weights.pth
INFO:src.utils.logger:It: 85, Loss: 1.740e+01, Loss_res: 2.160e+01,  Loss_bcs: 0.000e+00, Loss_ut_ics: 7.701e-03, Loss_norm: 3.464e-02, Loss_gauge: 0.000e+00, w_pde: 7.08e-01, L^2_error: 8.428e-01, lr: 1.000e-03, Time: 4.38e+02
INFO:src.utils.logger:Model state saved to results\box\DV\20260301-142338_seed0_box_DV_b1_farhi_e600_w120_4q_2l\checkpoints\2026-03-01_14-23-38-871809_box_DV_seed\model.pth
INFO:src.utils.logger:Model weights saved to results\box\DV\20260301-142338_seed0_box_DV_b1_farhi_e600_w120_4q_2l\checkpoints\2026-03-01_14-23-38-871809_box_DV_seed\model_weights.pth
INFO:src.utils.logger:It: 90, Loss: 1.757e+01, Loss_res: 2.102e+01,  Loss_bcs: 0.000e+00, Loss_ut_ics: 6.604e-03, Loss_norm: 3.205e-02, Loss_gauge: 0.000e+00, w_pde: 7.50e-01, L^2_error: 8.306e-01, lr: 1.000e-03, Time: 4.63e+02
INFO:src.utils.logger:Model state saved to results\box\DV\20260301-142338_seed0_box_DV_b1_farhi_e600_w120_4q_2l\checkpoints\2026-03-01_14-23-38-871809_box_DV_seed\model.pth
INFO:src.utils.logger:Model weights saved to results\box\DV\20260301-142338_seed0_box_DV_b1_farhi_e600_w120_4q_2l\checkpoints\2026-03-01_14-23-38-871809_box_DV_seed\model_weights.pth
INFO:src.utils.logger:It: 95, Loss: 1.795e+01, Loss_res: 2.042e+01,  Loss_bcs: 0.000e+00, Loss_ut_ics: 6.463e-03, Loss_norm: 3.419e-02, Loss_gauge: 0.000e+00, w_pde: 7.92e-01, L^2_error: 8.123e-01, lr: 1.000e-03, Time: 4.89e+02
INFO:src.utils.logger:Model state saved to results\box\DV\20260301-142338_seed0_box_DV_b1_farhi_e600_w120_4q_2l\checkpoints\2026-03-01_14-23-38-871809_box_DV_seed\model.pth
INFO:src.utils.logger:Model weights saved to results\box\DV\20260301-142338_seed0_box_DV_b1_farhi_e600_w120_4q_2l\checkpoints\2026-03-01_14-23-38-871809_box_DV_seed\model_weights.pth
INFO:src.utils.logger:It: 100, Loss: 1.802e+01, Loss_res: 1.925e+01,  Loss_bcs: 0.000e+00, Loss_ut_ics: 7.106e-03, Loss_norm: 4.088e-02, Loss_gauge: 0.000e+00, w_pde: 8.33e-01, L^2_error: 7.877e-01, lr: 1.000e-03, Time: 5.14e+02
INFO:src.utils.logger:Model state saved to results\box\DV\20260301-142338_seed0_box_DV_b1_farhi_e600_w120_4q_2l\checkpoints\2026-03-01_14-23-38-871809_box_DV_seed\model.pth
INFO:src.utils.logger:Model weights saved to results\box\DV\20260301-142338_seed0_box_DV_b1_farhi_e600_w120_4q_2l\checkpoints\2026-03-01_14-23-38-871809_box_DV_seed\model_weights.pth
INFO:src.utils.logger:It: 105, Loss: 1.791e+01, Loss_res: 1.794e+01,  Loss_bcs: 0.000e+00, Loss_ut_ics: 7.860e-03, Loss_norm: 4.854e-02, Loss_gauge: 0.000e+00, w_pde: 8.75e-01, L^2_error: 7.595e-01, lr: 1.000e-03, Time: 5.40e+02
INFO:src.utils.logger:Model state saved to results\box\DV\20260301-142338_seed0_box_DV_b1_farhi_e600_w120_4q_2l\checkpoints\2026-03-01_14-23-38-871809_box_DV_seed\model.pth
INFO:src.utils.logger:Model weights saved to results\box\DV\20260301-142338_seed0_box_DV_b1_farhi_e600_w120_4q_2l\checkpoints\2026-03-01_14-23-38-871809_box_DV_seed\model_weights.pth
INFO:src.utils.logger:It: 110, Loss: 1.759e+01, Loss_res: 1.674e+01,  Loss_bcs: 0.000e+00, Loss_ut_ics: 7.896e-03, Loss_norm: 5.364e-02, Loss_gauge: 0.000e+00, w_pde: 9.17e-01, L^2_error: 7.298e-01, lr: 1.000e-03, Time: 5.66e+02
INFO:src.utils.logger:Model state saved to results\box\DV\20260301-142338_seed0_box_DV_b1_farhi_e600_w120_4q_2l\checkpoints\2026-03-01_14-23-38-871809_box_DV_seed\model.pth
INFO:src.utils.logger:Model weights saved to results\box\DV\20260301-142338_seed0_box_DV_b1_farhi_e600_w120_4q_2l\checkpoints\2026-03-01_14-23-38-871809_box_DV_seed\model_weights.pth
INFO:src.utils.logger:It: 115, Loss: 1.686e+01, Loss_res: 1.538e+01,  Loss_bcs: 0.000e+00, Loss_ut_ics: 7.345e-03, Loss_norm: 5.600e-02, Loss_gauge: 0.000e+00, w_pde: 9.58e-01, L^2_error: 6.976e-01, lr: 1.000e-03, Time: 5.92e+02
INFO:src.utils.logger:Model state saved to results\box\DV\20260301-142338_seed0_box_DV_b1_farhi_e600_w120_4q_2l\checkpoints\2026-03-01_14-23-38-871809_box_DV_seed\model.pth
INFO:src.utils.logger:Model weights saved to results\box\DV\20260301-142338_seed0_box_DV_b1_farhi_e600_w120_4q_2l\checkpoints\2026-03-01_14-23-38-871809_box_DV_seed\model_weights.pth
INFO:src.utils.logger:It: 120, Loss: 1.631e+01, Loss_res: 1.428e+01,  Loss_bcs: 0.000e+00, Loss_ut_ics: 6.930e-03, Loss_norm: 5.839e-02, Loss_gauge: 0.000e+00, w_pde: 1.00e+00, L^2_error: 6.591e-01, lr: 1.000e-03, Time: 6.18e+02
INFO:src.utils.logger:Model state saved to results\box\DV\20260301-142338_seed0_box_DV_b1_farhi_e600_w120_4q_2l\checkpoints\2026-03-01_14-23-38-871809_box_DV_seed\model.pth
INFO:src.utils.logger:Model weights saved to results\box\DV\20260301-142338_seed0_box_DV_b1_farhi_e600_w120_4q_2l\checkpoints\2026-03-01_14-23-38-871809_box_DV_seed\model_weights.pth
INFO:src.utils.logger:It: 125, Loss: 1.472e+01, Loss_res: 1.280e+01,  Loss_bcs: 0.000e+00, Loss_ut_ics: 6.509e-03, Loss_norm: 6.007e-02, Loss_gauge: 0.000e+00, w_pde: 1.00e+00, L^2_error: 6.173e-01, lr: 1.000e-03, Time: 6.43e+02
INFO:src.utils.logger:Model state saved to results\box\DV\20260301-142338_seed0_box_DV_b1_farhi_e600_w120_4q_2l\checkpoints\2026-03-01_14-23-38-871809_box_DV_seed\model.pth
INFO:src.utils.logger:Model weights saved to results\box\DV\20260301-142338_seed0_box_DV_b1_farhi_e600_w120_4q_2l\checkpoints\2026-03-01_14-23-38-871809_box_DV_seed\model_weights.pth
INFO:src.utils.logger:It: 130, Loss: 1.340e+01, Loss_res: 1.166e+01,  Loss_bcs: 0.000e+00, Loss_ut_ics: 5.775e-03, Loss_norm: 5.934e-02, Loss_gauge: 0.000e+00, w_pde: 1.00e+00, L^2_error: 5.743e-01, lr: 1.000e-03, Time: 6.69e+02
INFO:src.utils.logger:Model state saved to results\box\DV\20260301-142338_seed0_box_DV_b1_farhi_e600_w120_4q_2l\checkpoints\2026-03-01_14-23-38-871809_box_DV_seed\model.pth
INFO:src.utils.logger:Model weights saved to results\box\DV\20260301-142338_seed0_box_DV_b1_farhi_e600_w120_4q_2l\checkpoints\2026-03-01_14-23-38-871809_box_DV_seed\model_weights.pth
INFO:src.utils.logger:It: 135, Loss: 1.205e+01, Loss_res: 1.051e+01,  Loss_bcs: 0.000e+00, Loss_ut_ics: 5.037e-03, Loss_norm: 5.574e-02, Loss_gauge: 0.000e+00, w_pde: 1.00e+00, L^2_error: 5.304e-01, lr: 1.000e-03, Time: 6.95e+02
INFO:src.utils.logger:Model state saved to results\box\DV\20260301-142338_seed0_box_DV_b1_farhi_e600_w120_4q_2l\checkpoints\2026-03-01_14-23-38-871809_box_DV_seed\model.pth
INFO:src.utils.logger:Model weights saved to results\box\DV\20260301-142338_seed0_box_DV_b1_farhi_e600_w120_4q_2l\checkpoints\2026-03-01_14-23-38-871809_box_DV_seed\model_weights.pth
INFO:src.utils.logger:It: 140, Loss: 1.086e+01, Loss_res: 9.535e+00,  Loss_bcs: 0.000e+00, Loss_ut_ics: 4.313e-03, Loss_norm: 4.998e-02, Loss_gauge: 0.000e+00, w_pde: 1.00e+00, L^2_error: 4.877e-01, lr: 1.000e-03, Time: 7.21e+02
INFO:src.utils.logger:Model state saved to results\box\DV\20260301-142338_seed0_box_DV_b1_farhi_e600_w120_4q_2l\checkpoints\2026-03-01_14-23-38-871809_box_DV_seed\model.pth
INFO:src.utils.logger:Model weights saved to results\box\DV\20260301-142338_seed0_box_DV_b1_farhi_e600_w120_4q_2l\checkpoints\2026-03-01_14-23-38-871809_box_DV_seed\model_weights.pth
INFO:src.utils.logger:It: 145, Loss: 9.885e+00, Loss_res: 8.728e+00,  Loss_bcs: 0.000e+00, Loss_ut_ics: 3.756e-03, Loss_norm: 4.367e-02, Loss_gauge: 0.000e+00, w_pde: 1.00e+00, L^2_error: 4.487e-01, lr: 1.000e-03, Time: 7.47e+02
INFO:src.utils.logger:Model state saved to results\box\DV\20260301-142338_seed0_box_DV_b1_farhi_e600_w120_4q_2l\checkpoints\2026-03-01_14-23-38-871809_box_DV_seed\model.pth
INFO:src.utils.logger:Model weights saved to results\box\DV\20260301-142338_seed0_box_DV_b1_farhi_e600_w120_4q_2l\checkpoints\2026-03-01_14-23-38-871809_box_DV_seed\model_weights.pth
INFO:src.utils.logger:It: 150, Loss: 9.491e+00, Loss_res: 8.432e+00,  Loss_bcs: 0.000e+00, Loss_ut_ics: 3.473e-03, Loss_norm: 3.832e-02, Loss_gauge: 0.000e+00, w_pde: 1.00e+00, L^2_error: 4.103e-01, lr: 1.000e-03, Time: 7.73e+02
INFO:src.utils.logger:Model state saved to results\box\DV\20260301-142338_seed0_box_DV_b1_farhi_e600_w120_4q_2l\checkpoints\2026-03-01_14-23-38-871809_box_DV_seed\model.pth
INFO:src.utils.logger:Model weights saved to results\box\DV\20260301-142338_seed0_box_DV_b1_farhi_e600_w120_4q_2l\checkpoints\2026-03-01_14-23-38-871809_box_DV_seed\model_weights.pth
INFO:src.utils.logger:It: 155, Loss: 8.428e+00, Loss_res: 7.430e+00,  Loss_bcs: 0.000e+00, Loss_ut_ics: 3.302e-03, Loss_norm: 3.448e-02, Loss_gauge: 0.000e+00, w_pde: 1.00e+00, L^2_error: 3.809e-01, lr: 1.000e-03, Time: 7.98e+02
INFO:src.utils.logger:Model state saved to results\box\DV\20260301-142338_seed0_box_DV_b1_farhi_e600_w120_4q_2l\checkpoints\2026-03-01_14-23-38-871809_box_DV_seed\model.pth
INFO:src.utils.logger:Model weights saved to results\box\DV\20260301-142338_seed0_box_DV_b1_farhi_e600_w120_4q_2l\checkpoints\2026-03-01_14-23-38-871809_box_DV_seed\model_weights.pth
INFO:src.utils.logger:It: 160, Loss: 8.265e+00, Loss_res: 7.297e+00,  Loss_bcs: 0.000e+00, Loss_ut_ics: 3.205e-03, Loss_norm: 3.335e-02, Loss_gauge: 0.000e+00, w_pde: 1.00e+00, L^2_error: 3.507e-01, lr: 1.000e-03, Time: 8.24e+02
INFO:src.utils.logger:Model state saved to results\box\DV\20260301-142338_seed0_box_DV_b1_farhi_e600_w120_4q_2l\checkpoints\2026-03-01_14-23-38-871809_box_DV_seed\model.pth
INFO:src.utils.logger:Model weights saved to results\box\DV\20260301-142338_seed0_box_DV_b1_farhi_e600_w120_4q_2l\checkpoints\2026-03-01_14-23-38-871809_box_DV_seed\model_weights.pth
INFO:src.utils.logger:It: 165, Loss: 7.748e+00, Loss_res: 6.844e+00,  Loss_bcs: 0.000e+00, Loss_ut_ics: 2.944e-03, Loss_norm: 3.371e-02, Loss_gauge: 0.000e+00, w_pde: 1.00e+00, L^2_error: 3.311e-01, lr: 1.000e-03, Time: 8.50e+02
INFO:src.utils.logger:Model state saved to results\box\DV\20260301-142338_seed0_box_DV_b1_farhi_e600_w120_4q_2l\checkpoints\2026-03-01_14-23-38-871809_box_DV_seed\model.pth
INFO:src.utils.logger:Model weights saved to results\box\DV\20260301-142338_seed0_box_DV_b1_farhi_e600_w120_4q_2l\checkpoints\2026-03-01_14-23-38-871809_box_DV_seed\model_weights.pth
INFO:src.utils.logger:It: 170, Loss: 7.397e+00, Loss_res: 6.463e+00,  Loss_bcs: 0.000e+00, Loss_ut_ics: 3.055e-03, Loss_norm: 3.405e-02, Loss_gauge: 0.000e+00, w_pde: 1.00e+00, L^2_error: 3.156e-01, lr: 1.000e-03, Time: 8.75e+02
INFO:src.utils.logger:Model state saved to results\box\DV\20260301-142338_seed0_box_DV_b1_farhi_e600_w120_4q_2l\checkpoints\2026-03-01_14-23-38-871809_box_DV_seed\model.pth
INFO:src.utils.logger:Model weights saved to results\box\DV\20260301-142338_seed0_box_DV_b1_farhi_e600_w120_4q_2l\checkpoints\2026-03-01_14-23-38-871809_box_DV_seed\model_weights.pth
INFO:src.utils.logger:It: 175, Loss: 7.025e+00, Loss_res: 6.157e+00,  Loss_bcs: 0.000e+00, Loss_ut_ics: 2.814e-03, Loss_norm: 3.280e-02, Loss_gauge: 0.000e+00, w_pde: 1.00e+00, L^2_error: 3.054e-01, lr: 1.000e-03, Time: 9.00e+02
INFO:src.utils.logger:Model state saved to results\box\DV\20260301-142338_seed0_box_DV_b1_farhi_e600_w120_4q_2l\checkpoints\2026-03-01_14-23-38-871809_box_DV_seed\model.pth
INFO:src.utils.logger:Model weights saved to results\box\DV\20260301-142338_seed0_box_DV_b1_farhi_e600_w120_4q_2l\checkpoints\2026-03-01_14-23-38-871809_box_DV_seed\model_weights.pth
INFO:src.utils.logger:It: 180, Loss: 6.416e+00, Loss_res: 5.594e+00,  Loss_bcs: 0.000e+00, Loss_ut_ics: 2.693e-03, Loss_norm: 2.973e-02, Loss_gauge: 0.000e+00, w_pde: 1.00e+00, L^2_error: 2.981e-01, lr: 1.000e-03, Time: 9.26e+02
INFO:src.utils.logger:Model state saved to results\box\DV\20260301-142338_seed0_box_DV_b1_farhi_e600_w120_4q_2l\checkpoints\2026-03-01_14-23-38-871809_box_DV_seed\model.pth
INFO:src.utils.logger:Model weights saved to results\box\DV\20260301-142338_seed0_box_DV_b1_farhi_e600_w120_4q_2l\checkpoints\2026-03-01_14-23-38-871809_box_DV_seed\model_weights.pth
INFO:src.utils.logger:It: 185, Loss: 6.395e+00, Loss_res: 5.630e+00,  Loss_bcs: 0.000e+00, Loss_ut_ics: 2.514e-03, Loss_norm: 2.715e-02, Loss_gauge: 0.000e+00, w_pde: 1.00e+00, L^2_error: 2.920e-01, lr: 1.000e-03, Time: 9.52e+02
INFO:src.utils.logger:Model state saved to results\box\DV\20260301-142338_seed0_box_DV_b1_farhi_e600_w120_4q_2l\checkpoints\2026-03-01_14-23-38-871809_box_DV_seed\model.pth
INFO:src.utils.logger:Model weights saved to results\box\DV\20260301-142338_seed0_box_DV_b1_farhi_e600_w120_4q_2l\checkpoints\2026-03-01_14-23-38-871809_box_DV_seed\model_weights.pth
INFO:src.utils.logger:It: 190, Loss: 5.796e+00, Loss_res: 4.987e+00,  Loss_bcs: 0.000e+00, Loss_ut_ics: 2.698e-03, Loss_norm: 2.689e-02, Loss_gauge: 0.000e+00, w_pde: 1.00e+00, L^2_error: 2.797e-01, lr: 1.000e-03, Time: 9.77e+02
INFO:src.utils.logger:Model state saved to results\box\DV\20260301-142338_seed0_box_DV_b1_farhi_e600_w120_4q_2l\checkpoints\2026-03-01_14-23-38-871809_box_DV_seed\model.pth
INFO:src.utils.logger:Model weights saved to results\box\DV\20260301-142338_seed0_box_DV_b1_farhi_e600_w120_4q_2l\checkpoints\2026-03-01_14-23-38-871809_box_DV_seed\model_weights.pth
INFO:src.utils.logger:It: 195, Loss: 5.612e+00, Loss_res: 4.874e+00,  Loss_bcs: 0.000e+00, Loss_ut_ics: 2.416e-03, Loss_norm: 2.682e-02, Loss_gauge: 0.000e+00, w_pde: 1.00e+00, L^2_error: 2.681e-01, lr: 1.000e-03, Time: 1.00e+03
INFO:src.utils.logger:Model state saved to results\box\DV\20260301-142338_seed0_box_DV_b1_farhi_e600_w120_4q_2l\checkpoints\2026-03-01_14-23-38-871809_box_DV_seed\model.pth
INFO:src.utils.logger:Model weights saved to results\box\DV\20260301-142338_seed0_box_DV_b1_farhi_e600_w120_4q_2l\checkpoints\2026-03-01_14-23-38-871809_box_DV_seed\model_weights.pth
INFO:src.utils.logger:It: 200, Loss: 5.187e+00, Loss_res: 4.378e+00,  Loss_bcs: 0.000e+00, Loss_ut_ics: 2.737e-03, Loss_norm: 2.498e-02, Loss_gauge: 0.000e+00, w_pde: 1.00e+00, L^2_error: 2.536e-01, lr: 1.000e-03, Time: 1.03e+03
INFO:src.utils.logger:Model state saved to results\box\DV\20260301-142338_seed0_box_DV_b1_farhi_e600_w120_4q_2l\checkpoints\2026-03-01_14-23-38-871809_box_DV_seed\model.pth
INFO:src.utils.logger:Model weights saved to results\box\DV\20260301-142338_seed0_box_DV_b1_farhi_e600_w120_4q_2l\checkpoints\2026-03-01_14-23-38-871809_box_DV_seed\model_weights.pth
INFO:src.utils.logger:It: 205, Loss: 4.679e+00, Loss_res: 4.017e+00,  Loss_bcs: 0.000e+00, Loss_ut_ics: 2.207e-03, Loss_norm: 2.215e-02, Loss_gauge: 0.000e+00, w_pde: 1.00e+00, L^2_error: 2.423e-01, lr: 1.000e-03, Time: 1.05e+03
INFO:src.utils.logger:Model state saved to results\box\DV\20260301-142338_seed0_box_DV_b1_farhi_e600_w120_4q_2l\checkpoints\2026-03-01_14-23-38-871809_box_DV_seed\model.pth
INFO:src.utils.logger:Model weights saved to results\box\DV\20260301-142338_seed0_box_DV_b1_farhi_e600_w120_4q_2l\checkpoints\2026-03-01_14-23-38-871809_box_DV_seed\model_weights.pth
INFO:src.utils.logger:It: 210, Loss: 4.287e+00, Loss_res: 3.530e+00,  Loss_bcs: 0.000e+00, Loss_ut_ics: 2.606e-03, Loss_norm: 2.120e-02, Loss_gauge: 0.000e+00, w_pde: 1.00e+00, L^2_error: 2.261e-01, lr: 1.000e-03, Time: 1.08e+03
INFO:src.utils.logger:Model state saved to results\box\DV\20260301-142338_seed0_box_DV_b1_farhi_e600_w120_4q_2l\checkpoints\2026-03-01_14-23-38-871809_box_DV_seed\model.pth
INFO:src.utils.logger:Model weights saved to results\box\DV\20260301-142338_seed0_box_DV_b1_farhi_e600_w120_4q_2l\checkpoints\2026-03-01_14-23-38-871809_box_DV_seed\model_weights.pth
INFO:src.utils.logger:It: 215, Loss: 3.983e+00, Loss_res: 3.315e+00,  Loss_bcs: 0.000e+00, Loss_ut_ics: 2.270e-03, Loss_norm: 2.021e-02, Loss_gauge: 0.000e+00, w_pde: 1.00e+00, L^2_error: 2.118e-01, lr: 1.000e-03, Time: 1.10e+03
INFO:src.utils.logger:Model state saved to results\box\DV\20260301-142338_seed0_box_DV_b1_farhi_e600_w120_4q_2l\checkpoints\2026-03-01_14-23-38-871809_box_DV_seed\model.pth
INFO:src.utils.logger:Model weights saved to results\box\DV\20260301-142338_seed0_box_DV_b1_farhi_e600_w120_4q_2l\checkpoints\2026-03-01_14-23-38-871809_box_DV_seed\model_weights.pth
INFO:src.utils.logger:It: 220, Loss: 3.393e+00, Loss_res: 2.830e+00,  Loss_bcs: 0.000e+00, Loss_ut_ics: 1.915e-03, Loss_norm: 1.682e-02, Loss_gauge: 0.000e+00, w_pde: 1.00e+00, L^2_error: 1.980e-01, lr: 1.000e-03, Time: 1.13e+03
INFO:src.utils.logger:Model state saved to results\box\DV\20260301-142338_seed0_box_DV_b1_farhi_e600_w120_4q_2l\checkpoints\2026-03-01_14-23-38-871809_box_DV_seed\model.pth
INFO:src.utils.logger:Model weights saved to results\box\DV\20260301-142338_seed0_box_DV_b1_farhi_e600_w120_4q_2l\checkpoints\2026-03-01_14-23-38-871809_box_DV_seed\model_weights.pth
INFO:src.utils.logger:It: 225, Loss: 3.192e+00, Loss_res: 2.587e+00,  Loss_bcs: 0.000e+00, Loss_ut_ics: 2.124e-03, Loss_norm: 1.489e-02, Loss_gauge: 0.000e+00, w_pde: 1.00e+00, L^2_error: 1.803e-01, lr: 1.000e-03, Time: 1.16e+03
INFO:src.utils.logger:Model state saved to results\box\DV\20260301-142338_seed0_box_DV_b1_farhi_e600_w120_4q_2l\checkpoints\2026-03-01_14-23-38-871809_box_DV_seed\model.pth
INFO:src.utils.logger:Model weights saved to results\box\DV\20260301-142338_seed0_box_DV_b1_farhi_e600_w120_4q_2l\checkpoints\2026-03-01_14-23-38-871809_box_DV_seed\model_weights.pth
INFO:src.utils.logger:It: 230, Loss: 2.689e+00, Loss_res: 2.146e+00,  Loss_bcs: 0.000e+00, Loss_ut_ics: 1.901e-03, Loss_norm: 1.354e-02, Loss_gauge: 0.000e+00, w_pde: 1.00e+00, L^2_error: 1.653e-01, lr: 1.000e-03, Time: 1.18e+03
INFO:src.utils.logger:Model state saved to results\box\DV\20260301-142338_seed0_box_DV_b1_farhi_e600_w120_4q_2l\checkpoints\2026-03-01_14-23-38-871809_box_DV_seed\model.pth
INFO:src.utils.logger:Model weights saved to results\box\DV\20260301-142338_seed0_box_DV_b1_farhi_e600_w120_4q_2l\checkpoints\2026-03-01_14-23-38-871809_box_DV_seed\model_weights.pth
INFO:src.utils.logger:It: 235, Loss: 2.434e+00, Loss_res: 1.920e+00,  Loss_bcs: 0.000e+00, Loss_ut_ics: 1.834e-03, Loss_norm: 1.105e-02, Loss_gauge: 0.000e+00, w_pde: 1.00e+00, L^2_error: 1.487e-01, lr: 1.000e-03, Time: 1.21e+03
INFO:src.utils.logger:Model state saved to results\box\DV\20260301-142338_seed0_box_DV_b1_farhi_e600_w120_4q_2l\checkpoints\2026-03-01_14-23-38-871809_box_DV_seed\model.pth
INFO:src.utils.logger:Model weights saved to results\box\DV\20260301-142338_seed0_box_DV_b1_farhi_e600_w120_4q_2l\checkpoints\2026-03-01_14-23-38-871809_box_DV_seed\model_weights.pth
INFO:src.utils.logger:It: 240, Loss: 1.990e+00, Loss_res: 1.543e+00,  Loss_bcs: 0.000e+00, Loss_ut_ics: 1.617e-03, Loss_norm: 8.547e-03, Loss_gauge: 0.000e+00, w_pde: 1.00e+00, L^2_error: 1.331e-01, lr: 1.000e-03, Time: 1.23e+03
INFO:src.utils.logger:Model state saved to results\box\DV\20260301-142338_seed0_box_DV_b1_farhi_e600_w120_4q_2l\checkpoints\2026-03-01_14-23-38-871809_box_DV_seed\model.pth
INFO:src.utils.logger:Model weights saved to results\box\DV\20260301-142338_seed0_box_DV_b1_farhi_e600_w120_4q_2l\checkpoints\2026-03-01_14-23-38-871809_box_DV_seed\model_weights.pth
INFO:src.utils.logger:It: 245, Loss: 1.735e+00, Loss_res: 1.286e+00,  Loss_bcs: 0.000e+00, Loss_ut_ics: 1.641e-03, Loss_norm: 7.785e-03, Loss_gauge: 0.000e+00, w_pde: 1.00e+00, L^2_error: 1.153e-01, lr: 1.000e-03, Time: 1.26e+03
INFO:src.utils.logger:Model state saved to results\box\DV\20260301-142338_seed0_box_DV_b1_farhi_e600_w120_4q_2l\checkpoints\2026-03-01_14-23-38-871809_box_DV_seed\model.pth
INFO:src.utils.logger:Model weights saved to results\box\DV\20260301-142338_seed0_box_DV_b1_farhi_e600_w120_4q_2l\checkpoints\2026-03-01_14-23-38-871809_box_DV_seed\model_weights.pth
INFO:src.utils.logger:It: 250, Loss: 1.498e+00, Loss_res: 1.082e+00,  Loss_bcs: 0.000e+00, Loss_ut_ics: 1.550e-03, Loss_norm: 5.701e-03, Loss_gauge: 0.000e+00, w_pde: 1.00e+00, L^2_error: 1.007e-01, lr: 1.000e-03, Time: 1.28e+03
INFO:src.utils.logger:Model state saved to results\box\DV\20260301-142338_seed0_box_DV_b1_farhi_e600_w120_4q_2l\checkpoints\2026-03-01_14-23-38-871809_box_DV_seed\model.pth
INFO:src.utils.logger:Model weights saved to results\box\DV\20260301-142338_seed0_box_DV_b1_farhi_e600_w120_4q_2l\checkpoints\2026-03-01_14-23-38-871809_box_DV_seed\model_weights.pth
INFO:src.utils.logger:It: 255, Loss: 1.413e+00, Loss_res: 1.075e+00,  Loss_bcs: 0.000e+00, Loss_ut_ics: 1.262e-03, Loss_norm: 4.541e-03, Loss_gauge: 0.000e+00, w_pde: 1.00e+00, L^2_error: 8.728e-02, lr: 1.000e-03, Time: 1.31e+03
INFO:src.utils.logger:Model state saved to results\box\DV\20260301-142338_seed0_box_DV_b1_farhi_e600_w120_4q_2l\checkpoints\2026-03-01_14-23-38-871809_box_DV_seed\model.pth
INFO:src.utils.logger:Model weights saved to results\box\DV\20260301-142338_seed0_box_DV_b1_farhi_e600_w120_4q_2l\checkpoints\2026-03-01_14-23-38-871809_box_DV_seed\model_weights.pth
INFO:src.utils.logger:It: 260, Loss: 1.236e+00, Loss_res: 9.082e-01,  Loss_bcs: 0.000e+00, Loss_ut_ics: 1.242e-03, Loss_norm: 3.543e-03, Loss_gauge: 0.000e+00, w_pde: 1.00e+00, L^2_error: 7.506e-02, lr: 1.000e-03, Time: 1.34e+03
INFO:src.utils.logger:Model state saved to results\box\DV\20260301-142338_seed0_box_DV_b1_farhi_e600_w120_4q_2l\checkpoints\2026-03-01_14-23-38-871809_box_DV_seed\model.pth
INFO:src.utils.logger:Model weights saved to results\box\DV\20260301-142338_seed0_box_DV_b1_farhi_e600_w120_4q_2l\checkpoints\2026-03-01_14-23-38-871809_box_DV_seed\model_weights.pth
INFO:src.utils.logger:It: 265, Loss: 1.191e+00, Loss_res: 9.157e-01,  Loss_bcs: 0.000e+00, Loss_ut_ics: 1.047e-03, Loss_norm: 2.725e-03, Loss_gauge: 0.000e+00, w_pde: 1.00e+00, L^2_error: 6.647e-02, lr: 1.000e-03, Time: 1.36e+03
INFO:src.utils.logger:Model state saved to results\box\DV\20260301-142338_seed0_box_DV_b1_farhi_e600_w120_4q_2l\checkpoints\2026-03-01_14-23-38-871809_box_DV_seed\model.pth
INFO:src.utils.logger:Model weights saved to results\box\DV\20260301-142338_seed0_box_DV_b1_farhi_e600_w120_4q_2l\checkpoints\2026-03-01_14-23-38-871809_box_DV_seed\model_weights.pth
INFO:src.utils.logger:It: 270, Loss: 1.135e+00, Loss_res: 9.030e-01,  Loss_bcs: 0.000e+00, Loss_ut_ics: 8.867e-04, Loss_norm: 2.160e-03, Loss_gauge: 0.000e+00, w_pde: 1.00e+00, L^2_error: 5.949e-02, lr: 1.000e-03, Time: 1.39e+03
INFO:src.utils.logger:Model state saved to results\box\DV\20260301-142338_seed0_box_DV_b1_farhi_e600_w120_4q_2l\checkpoints\2026-03-01_14-23-38-871809_box_DV_seed\model.pth
INFO:src.utils.logger:Model weights saved to results\box\DV\20260301-142338_seed0_box_DV_b1_farhi_e600_w120_4q_2l\checkpoints\2026-03-01_14-23-38-871809_box_DV_seed\model_weights.pth
INFO:src.utils.logger:It: 275, Loss: 9.559e-01, Loss_res: 7.251e-01,  Loss_bcs: 0.000e+00, Loss_ut_ics: 8.823e-04, Loss_norm: 2.048e-03, Loss_gauge: 0.000e+00, w_pde: 1.00e+00, L^2_error: 5.479e-02, lr: 1.000e-03, Time: 1.41e+03
INFO:src.utils.logger:Model state saved to results\box\DV\20260301-142338_seed0_box_DV_b1_farhi_e600_w120_4q_2l\checkpoints\2026-03-01_14-23-38-871809_box_DV_seed\model.pth
INFO:src.utils.logger:Model weights saved to results\box\DV\20260301-142338_seed0_box_DV_b1_farhi_e600_w120_4q_2l\checkpoints\2026-03-01_14-23-38-871809_box_DV_seed\model_weights.pth
INFO:src.utils.logger:It: 280, Loss: 8.847e-01, Loss_res: 6.864e-01,  Loss_bcs: 0.000e+00, Loss_ut_ics: 7.563e-04, Loss_norm: 1.843e-03, Loss_gauge: 0.000e+00, w_pde: 1.00e+00, L^2_error: 5.253e-02, lr: 1.000e-03, Time: 1.44e+03
INFO:src.utils.logger:Model state saved to results\box\DV\20260301-142338_seed0_box_DV_b1_farhi_e600_w120_4q_2l\checkpoints\2026-03-01_14-23-38-871809_box_DV_seed\model.pth
INFO:src.utils.logger:Model weights saved to results\box\DV\20260301-142338_seed0_box_DV_b1_farhi_e600_w120_4q_2l\checkpoints\2026-03-01_14-23-38-871809_box_DV_seed\model_weights.pth
INFO:src.utils.logger:It: 285, Loss: 7.871e-01, Loss_res: 6.179e-01,  Loss_bcs: 0.000e+00, Loss_ut_ics: 6.416e-04, Loss_norm: 1.748e-03, Loss_gauge: 0.000e+00, w_pde: 1.00e+00, L^2_error: 5.095e-02, lr: 1.000e-03, Time: 1.47e+03
INFO:src.utils.logger:Model state saved to results\box\DV\20260301-142338_seed0_box_DV_b1_farhi_e600_w120_4q_2l\checkpoints\2026-03-01_14-23-38-871809_box_DV_seed\model.pth
INFO:src.utils.logger:Model weights saved to results\box\DV\20260301-142338_seed0_box_DV_b1_farhi_e600_w120_4q_2l\checkpoints\2026-03-01_14-23-38-871809_box_DV_seed\model_weights.pth
INFO:src.utils.logger:It: 290, Loss: 7.822e-01, Loss_res: 6.388e-01,  Loss_bcs: 0.000e+00, Loss_ut_ics: 5.395e-04, Loss_norm: 1.720e-03, Loss_gauge: 0.000e+00, w_pde: 1.00e+00, L^2_error: 4.902e-02, lr: 1.000e-03, Time: 1.49e+03
INFO:src.utils.logger:Model state saved to results\box\DV\20260301-142338_seed0_box_DV_b1_farhi_e600_w120_4q_2l\checkpoints\2026-03-01_14-23-38-871809_box_DV_seed\model.pth
INFO:src.utils.logger:Model weights saved to results\box\DV\20260301-142338_seed0_box_DV_b1_farhi_e600_w120_4q_2l\checkpoints\2026-03-01_14-23-38-871809_box_DV_seed\model_weights.pth
INFO:src.utils.logger:It: 295, Loss: 7.340e-01, Loss_res: 6.142e-01,  Loss_bcs: 0.000e+00, Loss_ut_ics: 4.500e-04, Loss_norm: 1.460e-03, Loss_gauge: 0.000e+00, w_pde: 1.00e+00, L^2_error: 4.688e-02, lr: 1.000e-03, Time: 1.52e+03
INFO:src.utils.logger:Model state saved to results\box\DV\20260301-142338_seed0_box_DV_b1_farhi_e600_w120_4q_2l\checkpoints\2026-03-01_14-23-38-871809_box_DV_seed\model.pth
INFO:src.utils.logger:Model weights saved to results\box\DV\20260301-142338_seed0_box_DV_b1_farhi_e600_w120_4q_2l\checkpoints\2026-03-01_14-23-38-871809_box_DV_seed\model_weights.pth
INFO:src.utils.logger:It: 300, Loss: 6.976e-01, Loss_res: 5.786e-01,  Loss_bcs: 0.000e+00, Loss_ut_ics: 4.429e-04, Loss_norm: 1.662e-03, Loss_gauge: 0.000e+00, w_pde: 1.00e+00, L^2_error: 4.605e-02, lr: 1.000e-03, Time: 1.54e+03
INFO:src.utils.logger:Model state saved to results\box\DV\20260301-142338_seed0_box_DV_b1_farhi_e600_w120_4q_2l\checkpoints\2026-03-01_14-23-38-871809_box_DV_seed\model.pth
INFO:src.utils.logger:Model weights saved to results\box\DV\20260301-142338_seed0_box_DV_b1_farhi_e600_w120_4q_2l\checkpoints\2026-03-01_14-23-38-871809_box_DV_seed\model_weights.pth
INFO:src.utils.logger:It: 305, Loss: 6.995e-01, Loss_res: 5.860e-01,  Loss_bcs: 0.000e+00, Loss_ut_ics: 4.186e-04, Loss_norm: 1.764e-03, Loss_gauge: 0.000e+00, w_pde: 1.00e+00, L^2_error: 4.508e-02, lr: 1.000e-03, Time: 1.57e+03
INFO:src.utils.logger:Model state saved to results\box\DV\20260301-142338_seed0_box_DV_b1_farhi_e600_w120_4q_2l\checkpoints\2026-03-01_14-23-38-871809_box_DV_seed\model.pth
INFO:src.utils.logger:Model weights saved to results\box\DV\20260301-142338_seed0_box_DV_b1_farhi_e600_w120_4q_2l\checkpoints\2026-03-01_14-23-38-871809_box_DV_seed\model_weights.pth
INFO:src.utils.logger:It: 310, Loss: 7.124e-01, Loss_res: 6.113e-01,  Loss_bcs: 0.000e+00, Loss_ut_ics: 3.747e-04, Loss_norm: 1.485e-03, Loss_gauge: 0.000e+00, w_pde: 1.00e+00, L^2_error: 4.328e-02, lr: 1.000e-03, Time: 1.59e+03
INFO:src.utils.logger:Model state saved to results\box\DV\20260301-142338_seed0_box_DV_b1_farhi_e600_w120_4q_2l\checkpoints\2026-03-01_14-23-38-871809_box_DV_seed\model.pth
INFO:src.utils.logger:Model weights saved to results\box\DV\20260301-142338_seed0_box_DV_b1_farhi_e600_w120_4q_2l\checkpoints\2026-03-01_14-23-38-871809_box_DV_seed\model_weights.pth
INFO:src.utils.logger:It: 315, Loss: 6.508e-01, Loss_res: 5.598e-01,  Loss_bcs: 0.000e+00, Loss_ut_ics: 3.276e-04, Loss_norm: 1.821e-03, Loss_gauge: 0.000e+00, w_pde: 1.00e+00, L^2_error: 4.443e-02, lr: 1.000e-03, Time: 1.62e+03
INFO:src.utils.logger:Model state saved to results\box\DV\20260301-142338_seed0_box_DV_b1_farhi_e600_w120_4q_2l\checkpoints\2026-03-01_14-23-38-871809_box_DV_seed\model.pth
INFO:src.utils.logger:Model weights saved to results\box\DV\20260301-142338_seed0_box_DV_b1_farhi_e600_w120_4q_2l\checkpoints\2026-03-01_14-23-38-871809_box_DV_seed\model_weights.pth
INFO:src.utils.logger:It: 320, Loss: 6.022e-01, Loss_res: 5.199e-01,  Loss_bcs: 0.000e+00, Loss_ut_ics: 2.995e-04, Loss_norm: 1.485e-03, Loss_gauge: 0.000e+00, w_pde: 1.00e+00, L^2_error: 4.260e-02, lr: 1.000e-03, Time: 1.65e+03
INFO:src.utils.logger:Model state saved to results\box\DV\20260301-142338_seed0_box_DV_b1_farhi_e600_w120_4q_2l\checkpoints\2026-03-01_14-23-38-871809_box_DV_seed\model.pth
INFO:src.utils.logger:Model weights saved to results\box\DV\20260301-142338_seed0_box_DV_b1_farhi_e600_w120_4q_2l\checkpoints\2026-03-01_14-23-38-871809_box_DV_seed\model_weights.pth
INFO:src.utils.logger:It: 325, Loss: 5.885e-01, Loss_res: 5.171e-01,  Loss_bcs: 0.000e+00, Loss_ut_ics: 2.579e-04, Loss_norm: 1.377e-03, Loss_gauge: 0.000e+00, w_pde: 1.00e+00, L^2_error: 4.195e-02, lr: 1.000e-03, Time: 1.67e+03
INFO:src.utils.logger:Model state saved to results\box\DV\20260301-142338_seed0_box_DV_b1_farhi_e600_w120_4q_2l\checkpoints\2026-03-01_14-23-38-871809_box_DV_seed\model.pth
INFO:src.utils.logger:Model weights saved to results\box\DV\20260301-142338_seed0_box_DV_b1_farhi_e600_w120_4q_2l\checkpoints\2026-03-01_14-23-38-871809_box_DV_seed\model_weights.pth
INFO:src.utils.logger:It: 330, Loss: 5.990e-01, Loss_res: 5.293e-01,  Loss_bcs: 0.000e+00, Loss_ut_ics: 2.456e-04, Loss_norm: 1.659e-03, Loss_gauge: 0.000e+00, w_pde: 1.00e+00, L^2_error: 4.129e-02, lr: 1.000e-03, Time: 1.70e+03
INFO:src.utils.logger:Model state saved to results\box\DV\20260301-142338_seed0_box_DV_b1_farhi_e600_w120_4q_2l\checkpoints\2026-03-01_14-23-38-871809_box_DV_seed\model.pth
INFO:src.utils.logger:Model weights saved to results\box\DV\20260301-142338_seed0_box_DV_b1_farhi_e600_w120_4q_2l\checkpoints\2026-03-01_14-23-38-871809_box_DV_seed\model_weights.pth
INFO:src.utils.logger:It: 335, Loss: 5.254e-01, Loss_res: 4.605e-01,  Loss_bcs: 0.000e+00, Loss_ut_ics: 2.360e-04, Loss_norm: 1.178e-03, Loss_gauge: 0.000e+00, w_pde: 1.00e+00, L^2_error: 3.920e-02, lr: 1.000e-03, Time: 1.72e+03
INFO:src.utils.logger:Model state saved to results\box\DV\20260301-142338_seed0_box_DV_b1_farhi_e600_w120_4q_2l\checkpoints\2026-03-01_14-23-38-871809_box_DV_seed\model.pth
INFO:src.utils.logger:Model weights saved to results\box\DV\20260301-142338_seed0_box_DV_b1_farhi_e600_w120_4q_2l\checkpoints\2026-03-01_14-23-38-871809_box_DV_seed\model_weights.pth
INFO:src.utils.logger:It: 340, Loss: 5.388e-01, Loss_res: 4.651e-01,  Loss_bcs: 0.000e+00, Loss_ut_ics: 2.607e-04, Loss_norm: 1.689e-03, Loss_gauge: 0.000e+00, w_pde: 1.00e+00, L^2_error: 3.992e-02, lr: 1.000e-03, Time: 1.75e+03
INFO:src.utils.logger:Model state saved to results\box\DV\20260301-142338_seed0_box_DV_b1_farhi_e600_w120_4q_2l\checkpoints\2026-03-01_14-23-38-871809_box_DV_seed\model.pth
INFO:src.utils.logger:Model weights saved to results\box\DV\20260301-142338_seed0_box_DV_b1_farhi_e600_w120_4q_2l\checkpoints\2026-03-01_14-23-38-871809_box_DV_seed\model_weights.pth
INFO:src.utils.logger:It: 345, Loss: 4.868e-01, Loss_res: 4.245e-01,  Loss_bcs: 0.000e+00, Loss_ut_ics: 2.247e-04, Loss_norm: 1.234e-03, Loss_gauge: 0.000e+00, w_pde: 1.00e+00, L^2_error: 3.881e-02, lr: 1.000e-03, Time: 1.78e+03
INFO:src.utils.logger:Model state saved to results\box\DV\20260301-142338_seed0_box_DV_b1_farhi_e600_w120_4q_2l\checkpoints\2026-03-01_14-23-38-871809_box_DV_seed\model.pth
INFO:src.utils.logger:Model weights saved to results\box\DV\20260301-142338_seed0_box_DV_b1_farhi_e600_w120_4q_2l\checkpoints\2026-03-01_14-23-38-871809_box_DV_seed\model_weights.pth
INFO:src.utils.logger:It: 350, Loss: 4.824e-01, Loss_res: 4.268e-01,  Loss_bcs: 0.000e+00, Loss_ut_ics: 1.940e-04, Loss_norm: 1.405e-03, Loss_gauge: 0.000e+00, w_pde: 1.00e+00, L^2_error: 3.919e-02, lr: 1.000e-03, Time: 1.80e+03
INFO:src.utils.logger:Model state saved to results\box\DV\20260301-142338_seed0_box_DV_b1_farhi_e600_w120_4q_2l\checkpoints\2026-03-01_14-23-38-871809_box_DV_seed\model.pth
INFO:src.utils.logger:Model weights saved to results\box\DV\20260301-142338_seed0_box_DV_b1_farhi_e600_w120_4q_2l\checkpoints\2026-03-01_14-23-38-871809_box_DV_seed\model_weights.pth
INFO:src.utils.logger:It: 355, Loss: 4.799e-01, Loss_res: 4.288e-01,  Loss_bcs: 0.000e+00, Loss_ut_ics: 1.786e-04, Loss_norm: 1.295e-03, Loss_gauge: 0.000e+00, w_pde: 1.00e+00, L^2_error: 3.738e-02, lr: 1.000e-03, Time: 1.83e+03
INFO:src.utils.logger:Model state saved to results\box\DV\20260301-142338_seed0_box_DV_b1_farhi_e600_w120_4q_2l\checkpoints\2026-03-01_14-23-38-871809_box_DV_seed\model.pth
INFO:src.utils.logger:Model weights saved to results\box\DV\20260301-142338_seed0_box_DV_b1_farhi_e600_w120_4q_2l\checkpoints\2026-03-01_14-23-38-871809_box_DV_seed\model_weights.pth
INFO:src.utils.logger:It: 360, Loss: 4.600e-01, Loss_res: 4.008e-01,  Loss_bcs: 0.000e+00, Loss_ut_ics: 2.099e-04, Loss_norm: 1.347e-03, Loss_gauge: 0.000e+00, w_pde: 1.00e+00, L^2_error: 3.721e-02, lr: 1.000e-03, Time: 1.85e+03
INFO:src.utils.logger:Model state saved to results\box\DV\20260301-142338_seed0_box_DV_b1_farhi_e600_w120_4q_2l\checkpoints\2026-03-01_14-23-38-871809_box_DV_seed\model.pth
INFO:src.utils.logger:Model weights saved to results\box\DV\20260301-142338_seed0_box_DV_b1_farhi_e600_w120_4q_2l\checkpoints\2026-03-01_14-23-38-871809_box_DV_seed\model_weights.pth
INFO:src.utils.logger:It: 365, Loss: 4.446e-01, Loss_res: 3.879e-01,  Loss_bcs: 0.000e+00, Loss_ut_ics: 2.023e-04, Loss_norm: 1.213e-03, Loss_gauge: 0.000e+00, w_pde: 1.00e+00, L^2_error: 3.567e-02, lr: 1.000e-03, Time: 1.88e+03
INFO:src.utils.logger:Model state saved to results\box\DV\20260301-142338_seed0_box_DV_b1_farhi_e600_w120_4q_2l\checkpoints\2026-03-01_14-23-38-871809_box_DV_seed\model.pth
INFO:src.utils.logger:Model weights saved to results\box\DV\20260301-142338_seed0_box_DV_b1_farhi_e600_w120_4q_2l\checkpoints\2026-03-01_14-23-38-871809_box_DV_seed\model_weights.pth
INFO:src.utils.logger:It: 370, Loss: 4.672e-01, Loss_res: 4.161e-01,  Loss_bcs: 0.000e+00, Loss_ut_ics: 1.789e-04, Loss_norm: 1.268e-03, Loss_gauge: 0.000e+00, w_pde: 1.00e+00, L^2_error: 3.605e-02, lr: 1.000e-03, Time: 1.91e+03
INFO:src.utils.logger:Model state saved to results\box\DV\20260301-142338_seed0_box_DV_b1_farhi_e600_w120_4q_2l\checkpoints\2026-03-01_14-23-38-871809_box_DV_seed\model.pth
INFO:src.utils.logger:Model weights saved to results\box\DV\20260301-142338_seed0_box_DV_b1_farhi_e600_w120_4q_2l\checkpoints\2026-03-01_14-23-38-871809_box_DV_seed\model_weights.pth
INFO:src.utils.logger:It: 375, Loss: 4.469e-01, Loss_res: 4.013e-01,  Loss_bcs: 0.000e+00, Loss_ut_ics: 1.609e-04, Loss_norm: 1.059e-03, Loss_gauge: 0.000e+00, w_pde: 1.00e+00, L^2_error: 3.406e-02, lr: 1.000e-03, Time: 1.93e+03
INFO:src.utils.logger:Model state saved to results\box\DV\20260301-142338_seed0_box_DV_b1_farhi_e600_w120_4q_2l\checkpoints\2026-03-01_14-23-38-871809_box_DV_seed\model.pth
INFO:src.utils.logger:Model weights saved to results\box\DV\20260301-142338_seed0_box_DV_b1_farhi_e600_w120_4q_2l\checkpoints\2026-03-01_14-23-38-871809_box_DV_seed\model_weights.pth
INFO:src.utils.logger:It: 380, Loss: 4.020e-01, Loss_res: 3.549e-01,  Loss_bcs: 0.000e+00, Loss_ut_ics: 1.642e-04, Loss_norm: 1.210e-03, Loss_gauge: 0.000e+00, w_pde: 1.00e+00, L^2_error: 3.396e-02, lr: 1.000e-03, Time: 1.96e+03
INFO:src.utils.logger:Model state saved to results\box\DV\20260301-142338_seed0_box_DV_b1_farhi_e600_w120_4q_2l\checkpoints\2026-03-01_14-23-38-871809_box_DV_seed\model.pth
INFO:src.utils.logger:Model weights saved to results\box\DV\20260301-142338_seed0_box_DV_b1_farhi_e600_w120_4q_2l\checkpoints\2026-03-01_14-23-38-871809_box_DV_seed\model_weights.pth
INFO:src.utils.logger:It: 385, Loss: 4.078e-01, Loss_res: 3.658e-01,  Loss_bcs: 0.000e+00, Loss_ut_ics: 1.486e-04, Loss_norm: 9.694e-04, Loss_gauge: 0.000e+00, w_pde: 1.00e+00, L^2_error: 3.322e-02, lr: 1.000e-03, Time: 1.98e+03
INFO:src.utils.logger:Model state saved to results\box\DV\20260301-142338_seed0_box_DV_b1_farhi_e600_w120_4q_2l\checkpoints\2026-03-01_14-23-38-871809_box_DV_seed\model.pth
INFO:src.utils.logger:Model weights saved to results\box\DV\20260301-142338_seed0_box_DV_b1_farhi_e600_w120_4q_2l\checkpoints\2026-03-01_14-23-38-871809_box_DV_seed\model_weights.pth
INFO:src.utils.logger:It: 390, Loss: 4.093e-01, Loss_res: 3.664e-01,  Loss_bcs: 0.000e+00, Loss_ut_ics: 1.492e-04, Loss_norm: 1.126e-03, Loss_gauge: 0.000e+00, w_pde: 1.00e+00, L^2_error: 3.317e-02, lr: 1.000e-03, Time: 2.01e+03
INFO:src.utils.logger:Model state saved to results\box\DV\20260301-142338_seed0_box_DV_b1_farhi_e600_w120_4q_2l\checkpoints\2026-03-01_14-23-38-871809_box_DV_seed\model.pth
INFO:src.utils.logger:Model weights saved to results\box\DV\20260301-142338_seed0_box_DV_b1_farhi_e600_w120_4q_2l\checkpoints\2026-03-01_14-23-38-871809_box_DV_seed\model_weights.pth
INFO:src.utils.logger:It: 395, Loss: 3.804e-01, Loss_res: 3.387e-01,  Loss_bcs: 0.000e+00, Loss_ut_ics: 1.476e-04, Loss_norm: 9.533e-04, Loss_gauge: 0.000e+00, w_pde: 1.00e+00, L^2_error: 3.217e-02, lr: 1.000e-03, Time: 2.03e+03
INFO:src.utils.logger:Model state saved to results\box\DV\20260301-142338_seed0_box_DV_b1_farhi_e600_w120_4q_2l\checkpoints\2026-03-01_14-23-38-871809_box_DV_seed\model.pth
INFO:src.utils.logger:Model weights saved to results\box\DV\20260301-142338_seed0_box_DV_b1_farhi_e600_w120_4q_2l\checkpoints\2026-03-01_14-23-38-871809_box_DV_seed\model_weights.pth
INFO:src.utils.logger:It: 400, Loss: 4.025e-01, Loss_res: 3.627e-01,  Loss_bcs: 0.000e+00, Loss_ut_ics: 1.371e-04, Loss_norm: 1.102e-03, Loss_gauge: 0.000e+00, w_pde: 1.00e+00, L^2_error: 3.253e-02, lr: 1.000e-03, Time: 2.06e+03
INFO:src.utils.logger:Model state saved to results\box\DV\20260301-142338_seed0_box_DV_b1_farhi_e600_w120_4q_2l\checkpoints\2026-03-01_14-23-38-871809_box_DV_seed\model.pth
INFO:src.utils.logger:Model weights saved to results\box\DV\20260301-142338_seed0_box_DV_b1_farhi_e600_w120_4q_2l\checkpoints\2026-03-01_14-23-38-871809_box_DV_seed\model_weights.pth
INFO:src.utils.logger:It: 405, Loss: 3.715e-01, Loss_res: 3.329e-01,  Loss_bcs: 0.000e+00, Loss_ut_ics: 1.370e-04, Loss_norm: 8.748e-04, Loss_gauge: 0.000e+00, w_pde: 1.00e+00, L^2_error: 3.122e-02, lr: 1.000e-03, Time: 2.09e+03
INFO:src.utils.logger:Model state saved to results\box\DV\20260301-142338_seed0_box_DV_b1_farhi_e600_w120_4q_2l\checkpoints\2026-03-01_14-23-38-871809_box_DV_seed\model.pth
INFO:src.utils.logger:Model weights saved to results\box\DV\20260301-142338_seed0_box_DV_b1_farhi_e600_w120_4q_2l\checkpoints\2026-03-01_14-23-38-871809_box_DV_seed\model_weights.pth
INFO:src.utils.logger:It: 410, Loss: 3.810e-01, Loss_res: 3.410e-01,  Loss_bcs: 0.000e+00, Loss_ut_ics: 1.417e-04, Loss_norm: 9.250e-04, Loss_gauge: 0.000e+00, w_pde: 1.00e+00, L^2_error: 3.139e-02, lr: 1.000e-03, Time: 2.11e+03
INFO:src.utils.logger:Model state saved to results\box\DV\20260301-142338_seed0_box_DV_b1_farhi_e600_w120_4q_2l\checkpoints\2026-03-01_14-23-38-871809_box_DV_seed\model.pth
INFO:src.utils.logger:Model weights saved to results\box\DV\20260301-142338_seed0_box_DV_b1_farhi_e600_w120_4q_2l\checkpoints\2026-03-01_14-23-38-871809_box_DV_seed\model_weights.pth
INFO:src.utils.logger:It: 415, Loss: 3.695e-01, Loss_res: 3.318e-01,  Loss_bcs: 0.000e+00, Loss_ut_ics: 1.313e-04, Loss_norm: 9.818e-04, Loss_gauge: 0.000e+00, w_pde: 1.00e+00, L^2_error: 3.045e-02, lr: 1.000e-03, Time: 2.14e+03
INFO:src.utils.logger:Model state saved to results\box\DV\20260301-142338_seed0_box_DV_b1_farhi_e600_w120_4q_2l\checkpoints\2026-03-01_14-23-38-871809_box_DV_seed\model.pth
INFO:src.utils.logger:Model weights saved to results\box\DV\20260301-142338_seed0_box_DV_b1_farhi_e600_w120_4q_2l\checkpoints\2026-03-01_14-23-38-871809_box_DV_seed\model_weights.pth
INFO:src.utils.logger:It: 420, Loss: 3.673e-01, Loss_res: 3.337e-01,  Loss_bcs: 0.000e+00, Loss_ut_ics: 1.172e-04, Loss_norm: 8.687e-04, Loss_gauge: 0.000e+00, w_pde: 1.00e+00, L^2_error: 3.020e-02, lr: 1.000e-03, Time: 2.16e+03
INFO:src.utils.logger:Model state saved to results\box\DV\20260301-142338_seed0_box_DV_b1_farhi_e600_w120_4q_2l\checkpoints\2026-03-01_14-23-38-871809_box_DV_seed\model.pth
INFO:src.utils.logger:Model weights saved to results\box\DV\20260301-142338_seed0_box_DV_b1_farhi_e600_w120_4q_2l\checkpoints\2026-03-01_14-23-38-871809_box_DV_seed\model_weights.pth
INFO:src.utils.logger:It: 425, Loss: 3.550e-01, Loss_res: 3.209e-01,  Loss_bcs: 0.000e+00, Loss_ut_ics: 1.193e-04, Loss_norm: 8.623e-04, Loss_gauge: 0.000e+00, w_pde: 1.00e+00, L^2_error: 2.884e-02, lr: 1.000e-03, Time: 2.19e+03
INFO:src.utils.logger:Model state saved to results\box\DV\20260301-142338_seed0_box_DV_b1_farhi_e600_w120_4q_2l\checkpoints\2026-03-01_14-23-38-871809_box_DV_seed\model.pth
INFO:src.utils.logger:Model weights saved to results\box\DV\20260301-142338_seed0_box_DV_b1_farhi_e600_w120_4q_2l\checkpoints\2026-03-01_14-23-38-871809_box_DV_seed\model_weights.pth
INFO:src.utils.logger:It: 430, Loss: 3.453e-01, Loss_res: 3.110e-01,  Loss_bcs: 0.000e+00, Loss_ut_ics: 1.196e-04, Loss_norm: 8.883e-04, Loss_gauge: 0.000e+00, w_pde: 1.00e+00, L^2_error: 2.925e-02, lr: 1.000e-03, Time: 2.21e+03
INFO:src.utils.logger:Model state saved to results\box\DV\20260301-142338_seed0_box_DV_b1_farhi_e600_w120_4q_2l\checkpoints\2026-03-01_14-23-38-871809_box_DV_seed\model.pth
INFO:src.utils.logger:Model weights saved to results\box\DV\20260301-142338_seed0_box_DV_b1_farhi_e600_w120_4q_2l\checkpoints\2026-03-01_14-23-38-871809_box_DV_seed\model_weights.pth
INFO:src.utils.logger:It: 435, Loss: 3.251e-01, Loss_res: 2.922e-01,  Loss_bcs: 0.000e+00, Loss_ut_ics: 1.165e-04, Loss_norm: 7.439e-04, Loss_gauge: 0.000e+00, w_pde: 1.00e+00, L^2_error: 2.797e-02, lr: 1.000e-03, Time: 2.24e+03
INFO:src.utils.logger:Model state saved to results\box\DV\20260301-142338_seed0_box_DV_b1_farhi_e600_w120_4q_2l\checkpoints\2026-03-01_14-23-38-871809_box_DV_seed\model.pth
INFO:src.utils.logger:Model weights saved to results\box\DV\20260301-142338_seed0_box_DV_b1_farhi_e600_w120_4q_2l\checkpoints\2026-03-01_14-23-38-871809_box_DV_seed\model_weights.pth
INFO:src.utils.logger:It: 440, Loss: 3.052e-01, Loss_res: 2.738e-01,  Loss_bcs: 0.000e+00, Loss_ut_ics: 1.087e-04, Loss_norm: 8.414e-04, Loss_gauge: 0.000e+00, w_pde: 1.00e+00, L^2_error: 2.893e-02, lr: 1.000e-03, Time: 2.27e+03
INFO:src.utils.logger:Model state saved to results\box\DV\20260301-142338_seed0_box_DV_b1_farhi_e600_w120_4q_2l\checkpoints\2026-03-01_14-23-38-871809_box_DV_seed\model.pth
INFO:src.utils.logger:Model weights saved to results\box\DV\20260301-142338_seed0_box_DV_b1_farhi_e600_w120_4q_2l\checkpoints\2026-03-01_14-23-38-871809_box_DV_seed\model_weights.pth
INFO:src.utils.logger:It: 445, Loss: 3.206e-01, Loss_res: 2.885e-01,  Loss_bcs: 0.000e+00, Loss_ut_ics: 1.148e-04, Loss_norm: 6.845e-04, Loss_gauge: 0.000e+00, w_pde: 1.00e+00, L^2_error: 2.732e-02, lr: 1.000e-03, Time: 2.29e+03
INFO:src.utils.logger:Model state saved to results\box\DV\20260301-142338_seed0_box_DV_b1_farhi_e600_w120_4q_2l\checkpoints\2026-03-01_14-23-38-871809_box_DV_seed\model.pth
INFO:src.utils.logger:Model weights saved to results\box\DV\20260301-142338_seed0_box_DV_b1_farhi_e600_w120_4q_2l\checkpoints\2026-03-01_14-23-38-871809_box_DV_seed\model_weights.pth
INFO:src.utils.logger:It: 450, Loss: 3.203e-01, Loss_res: 2.870e-01,  Loss_bcs: 0.000e+00, Loss_ut_ics: 1.163e-04, Loss_norm: 8.481e-04, Loss_gauge: 0.000e+00, w_pde: 1.00e+00, L^2_error: 2.783e-02, lr: 1.000e-03, Time: 2.32e+03
INFO:src.utils.logger:Model state saved to results\box\DV\20260301-142338_seed0_box_DV_b1_farhi_e600_w120_4q_2l\checkpoints\2026-03-01_14-23-38-871809_box_DV_seed\model.pth
INFO:src.utils.logger:Model weights saved to results\box\DV\20260301-142338_seed0_box_DV_b1_farhi_e600_w120_4q_2l\checkpoints\2026-03-01_14-23-38-871809_box_DV_seed\model_weights.pth
INFO:src.utils.logger:It: 455, Loss: 3.383e-01, Loss_res: 3.084e-01,  Loss_bcs: 0.000e+00, Loss_ut_ics: 1.052e-04, Loss_norm: 7.143e-04, Loss_gauge: 0.000e+00, w_pde: 1.00e+00, L^2_error: 2.752e-02, lr: 1.000e-03, Time: 2.34e+03
INFO:src.utils.logger:Model state saved to results\box\DV\20260301-142338_seed0_box_DV_b1_farhi_e600_w120_4q_2l\checkpoints\2026-03-01_14-23-38-871809_box_DV_seed\model.pth
INFO:src.utils.logger:Model weights saved to results\box\DV\20260301-142338_seed0_box_DV_b1_farhi_e600_w120_4q_2l\checkpoints\2026-03-01_14-23-38-871809_box_DV_seed\model_weights.pth
INFO:src.utils.logger:It: 460, Loss: 2.937e-01, Loss_res: 2.656e-01,  Loss_bcs: 0.000e+00, Loss_ut_ics: 9.757e-05, Loss_norm: 7.367e-04, Loss_gauge: 0.000e+00, w_pde: 1.00e+00, L^2_error: 2.660e-02, lr: 1.000e-03, Time: 2.37e+03
INFO:src.utils.logger:Model state saved to results\box\DV\20260301-142338_seed0_box_DV_b1_farhi_e600_w120_4q_2l\checkpoints\2026-03-01_14-23-38-871809_box_DV_seed\model.pth
INFO:src.utils.logger:Model weights saved to results\box\DV\20260301-142338_seed0_box_DV_b1_farhi_e600_w120_4q_2l\checkpoints\2026-03-01_14-23-38-871809_box_DV_seed\model_weights.pth
INFO:src.utils.logger:It: 465, Loss: 3.177e-01, Loss_res: 2.902e-01,  Loss_bcs: 0.000e+00, Loss_ut_ics: 9.672e-05, Loss_norm: 6.685e-04, Loss_gauge: 0.000e+00, w_pde: 1.00e+00, L^2_error: 2.634e-02, lr: 1.000e-03, Time: 2.40e+03
INFO:src.utils.logger:Model state saved to results\box\DV\20260301-142338_seed0_box_DV_b1_farhi_e600_w120_4q_2l\checkpoints\2026-03-01_14-23-38-871809_box_DV_seed\model.pth
INFO:src.utils.logger:Model weights saved to results\box\DV\20260301-142338_seed0_box_DV_b1_farhi_e600_w120_4q_2l\checkpoints\2026-03-01_14-23-38-871809_box_DV_seed\model_weights.pth
INFO:src.utils.logger:It: 470, Loss: 2.844e-01, Loss_res: 2.565e-01,  Loss_bcs: 0.000e+00, Loss_ut_ics: 9.803e-05, Loss_norm: 6.846e-04, Loss_gauge: 0.000e+00, w_pde: 1.00e+00, L^2_error: 2.512e-02, lr: 1.000e-03, Time: 2.42e+03
INFO:src.utils.logger:Model state saved to results\box\DV\20260301-142338_seed0_box_DV_b1_farhi_e600_w120_4q_2l\checkpoints\2026-03-01_14-23-38-871809_box_DV_seed\model.pth
INFO:src.utils.logger:Model weights saved to results\box\DV\20260301-142338_seed0_box_DV_b1_farhi_e600_w120_4q_2l\checkpoints\2026-03-01_14-23-38-871809_box_DV_seed\model_weights.pth
INFO:src.utils.logger:It: 475, Loss: 2.890e-01, Loss_res: 2.623e-01,  Loss_bcs: 0.000e+00, Loss_ut_ics: 9.290e-05, Loss_norm: 6.990e-04, Loss_gauge: 0.000e+00, w_pde: 1.00e+00, L^2_error: 2.500e-02, lr: 1.000e-03, Time: 2.45e+03
INFO:src.utils.logger:Model state saved to results\box\DV\20260301-142338_seed0_box_DV_b1_farhi_e600_w120_4q_2l\checkpoints\2026-03-01_14-23-38-871809_box_DV_seed\model.pth
INFO:src.utils.logger:Model weights saved to results\box\DV\20260301-142338_seed0_box_DV_b1_farhi_e600_w120_4q_2l\checkpoints\2026-03-01_14-23-38-871809_box_DV_seed\model_weights.pth
INFO:src.utils.logger:It: 480, Loss: 2.957e-01, Loss_res: 2.721e-01,  Loss_bcs: 0.000e+00, Loss_ut_ics: 8.101e-05, Loss_norm: 6.555e-04, Loss_gauge: 0.000e+00, w_pde: 1.00e+00, L^2_error: 2.451e-02, lr: 1.000e-03, Time: 2.47e+03
INFO:src.utils.logger:Model state saved to results\box\DV\20260301-142338_seed0_box_DV_b1_farhi_e600_w120_4q_2l\checkpoints\2026-03-01_14-23-38-871809_box_DV_seed\model.pth
INFO:src.utils.logger:Model weights saved to results\box\DV\20260301-142338_seed0_box_DV_b1_farhi_e600_w120_4q_2l\checkpoints\2026-03-01_14-23-38-871809_box_DV_seed\model_weights.pth
INFO:src.utils.logger:It: 485, Loss: 2.699e-01, Loss_res: 2.465e-01,  Loss_bcs: 0.000e+00, Loss_ut_ics: 8.117e-05, Loss_norm: 6.114e-04, Loss_gauge: 0.000e+00, w_pde: 1.00e+00, L^2_error: 2.465e-02, lr: 1.000e-03, Time: 2.50e+03
INFO:src.utils.logger:Model state saved to results\box\DV\20260301-142338_seed0_box_DV_b1_farhi_e600_w120_4q_2l\checkpoints\2026-03-01_14-23-38-871809_box_DV_seed\model.pth
INFO:src.utils.logger:Model weights saved to results\box\DV\20260301-142338_seed0_box_DV_b1_farhi_e600_w120_4q_2l\checkpoints\2026-03-01_14-23-38-871809_box_DV_seed\model_weights.pth
INFO:src.utils.logger:It: 490, Loss: 2.456e-01, Loss_res: 2.206e-01,  Loss_bcs: 0.000e+00, Loss_ut_ics: 8.757e-05, Loss_norm: 6.200e-04, Loss_gauge: 0.000e+00, w_pde: 1.00e+00, L^2_error: 2.415e-02, lr: 1.000e-03, Time: 2.52e+03
INFO:src.utils.logger:Model state saved to results\box\DV\20260301-142338_seed0_box_DV_b1_farhi_e600_w120_4q_2l\checkpoints\2026-03-01_14-23-38-871809_box_DV_seed\model.pth
INFO:src.utils.logger:Model weights saved to results\box\DV\20260301-142338_seed0_box_DV_b1_farhi_e600_w120_4q_2l\checkpoints\2026-03-01_14-23-38-871809_box_DV_seed\model_weights.pth
INFO:src.utils.logger:It: 495, Loss: 2.608e-01, Loss_res: 2.391e-01,  Loss_bcs: 0.000e+00, Loss_ut_ics: 7.531e-05, Loss_norm: 5.715e-04, Loss_gauge: 0.000e+00, w_pde: 1.00e+00, L^2_error: 2.388e-02, lr: 1.000e-03, Time: 2.55e+03
INFO:src.utils.logger:Model state saved to results\box\DV\20260301-142338_seed0_box_DV_b1_farhi_e600_w120_4q_2l\checkpoints\2026-03-01_14-23-38-871809_box_DV_seed\model.pth
INFO:src.utils.logger:Model weights saved to results\box\DV\20260301-142338_seed0_box_DV_b1_farhi_e600_w120_4q_2l\checkpoints\2026-03-01_14-23-38-871809_box_DV_seed\model_weights.pth
INFO:src.utils.logger:It: 500, Loss: 2.731e-01, Loss_res: 2.519e-01,  Loss_bcs: 0.000e+00, Loss_ut_ics: 7.240e-05, Loss_norm: 6.227e-04, Loss_gauge: 0.000e+00, w_pde: 1.00e+00, L^2_error: 2.366e-02, lr: 1.000e-03, Time: 2.58e+03
INFO:src.utils.logger:Model state saved to results\box\DV\20260301-142338_seed0_box_DV_b1_farhi_e600_w120_4q_2l\checkpoints\2026-03-01_14-23-38-871809_box_DV_seed\model.pth
INFO:src.utils.logger:Model weights saved to results\box\DV\20260301-142338_seed0_box_DV_b1_farhi_e600_w120_4q_2l\checkpoints\2026-03-01_14-23-38-871809_box_DV_seed\model_weights.pth
INFO:src.utils.logger:It: 505, Loss: 2.433e-01, Loss_res: 2.181e-01,  Loss_bcs: 0.000e+00, Loss_ut_ics: 8.952e-05, Loss_norm: 5.630e-04, Loss_gauge: 0.000e+00, w_pde: 1.00e+00, L^2_error: 2.395e-02, lr: 1.000e-03, Time: 2.60e+03
INFO:src.utils.logger:Model state saved to results\box\DV\20260301-142338_seed0_box_DV_b1_farhi_e600_w120_4q_2l\checkpoints\2026-03-01_14-23-38-871809_box_DV_seed\model.pth
INFO:src.utils.logger:Model weights saved to results\box\DV\20260301-142338_seed0_box_DV_b1_farhi_e600_w120_4q_2l\checkpoints\2026-03-01_14-23-38-871809_box_DV_seed\model_weights.pth
INFO:src.utils.logger:It: 510, Loss: 2.395e-01, Loss_res: 2.165e-01,  Loss_bcs: 0.000e+00, Loss_ut_ics: 7.868e-05, Loss_norm: 6.664e-04, Loss_gauge: 0.000e+00, w_pde: 1.00e+00, L^2_error: 2.274e-02, lr: 1.000e-03, Time: 2.63e+03
INFO:src.utils.logger:Model state saved to results\box\DV\20260301-142338_seed0_box_DV_b1_farhi_e600_w120_4q_2l\checkpoints\2026-03-01_14-23-38-871809_box_DV_seed\model.pth
INFO:src.utils.logger:Model weights saved to results\box\DV\20260301-142338_seed0_box_DV_b1_farhi_e600_w120_4q_2l\checkpoints\2026-03-01_14-23-38-871809_box_DV_seed\model_weights.pth
INFO:src.utils.logger:It: 515, Loss: 2.571e-01, Loss_res: 2.383e-01,  Loss_bcs: 0.000e+00, Loss_ut_ics: 6.517e-05, Loss_norm: 5.061e-04, Loss_gauge: 0.000e+00, w_pde: 1.00e+00, L^2_error: 2.195e-02, lr: 1.000e-03, Time: 2.65e+03
INFO:src.utils.logger:Model state saved to results\box\DV\20260301-142338_seed0_box_DV_b1_farhi_e600_w120_4q_2l\checkpoints\2026-03-01_14-23-38-871809_box_DV_seed\model.pth
INFO:src.utils.logger:Model weights saved to results\box\DV\20260301-142338_seed0_box_DV_b1_farhi_e600_w120_4q_2l\checkpoints\2026-03-01_14-23-38-871809_box_DV_seed\model_weights.pth
INFO:src.utils.logger:It: 520, Loss: 2.495e-01, Loss_res: 2.295e-01,  Loss_bcs: 0.000e+00, Loss_ut_ics: 6.918e-05, Loss_norm: 5.520e-04, Loss_gauge: 0.000e+00, w_pde: 1.00e+00, L^2_error: 2.183e-02, lr: 1.000e-03, Time: 2.68e+03
INFO:src.utils.logger:Model state saved to results\box\DV\20260301-142338_seed0_box_DV_b1_farhi_e600_w120_4q_2l\checkpoints\2026-03-01_14-23-38-871809_box_DV_seed\model.pth
INFO:src.utils.logger:Model weights saved to results\box\DV\20260301-142338_seed0_box_DV_b1_farhi_e600_w120_4q_2l\checkpoints\2026-03-01_14-23-38-871809_box_DV_seed\model_weights.pth
INFO:src.utils.logger:It: 525, Loss: 2.374e-01, Loss_res: 2.162e-01,  Loss_bcs: 0.000e+00, Loss_ut_ics: 7.434e-05, Loss_norm: 5.173e-04, Loss_gauge: 0.000e+00, w_pde: 1.00e+00, L^2_error: 2.138e-02, lr: 1.000e-03, Time: 2.70e+03
INFO:src.utils.logger:Model state saved to results\box\DV\20260301-142338_seed0_box_DV_b1_farhi_e600_w120_4q_2l\checkpoints\2026-03-01_14-23-38-871809_box_DV_seed\model.pth
INFO:src.utils.logger:Model weights saved to results\box\DV\20260301-142338_seed0_box_DV_b1_farhi_e600_w120_4q_2l\checkpoints\2026-03-01_14-23-38-871809_box_DV_seed\model_weights.pth
INFO:src.utils.logger:It: 530, Loss: 2.355e-01, Loss_res: 2.155e-01,  Loss_bcs: 0.000e+00, Loss_ut_ics: 6.947e-05, Loss_norm: 5.333e-04, Loss_gauge: 0.000e+00, w_pde: 1.00e+00, L^2_error: 2.233e-02, lr: 1.000e-03, Time: 2.73e+03
INFO:src.utils.logger:Model state saved to results\box\DV\20260301-142338_seed0_box_DV_b1_farhi_e600_w120_4q_2l\checkpoints\2026-03-01_14-23-38-871809_box_DV_seed\model.pth
INFO:src.utils.logger:Model weights saved to results\box\DV\20260301-142338_seed0_box_DV_b1_farhi_e600_w120_4q_2l\checkpoints\2026-03-01_14-23-38-871809_box_DV_seed\model_weights.pth
INFO:src.utils.logger:It: 535, Loss: 2.299e-01, Loss_res: 2.155e-01,  Loss_bcs: 0.000e+00, Loss_ut_ics: 4.994e-05, Loss_norm: 3.877e-04, Loss_gauge: 0.000e+00, w_pde: 1.00e+00, L^2_error: 2.057e-02, lr: 1.000e-03, Time: 2.76e+03
INFO:src.utils.logger:Model state saved to results\box\DV\20260301-142338_seed0_box_DV_b1_farhi_e600_w120_4q_2l\checkpoints\2026-03-01_14-23-38-871809_box_DV_seed\model.pth
INFO:src.utils.logger:Model weights saved to results\box\DV\20260301-142338_seed0_box_DV_b1_farhi_e600_w120_4q_2l\checkpoints\2026-03-01_14-23-38-871809_box_DV_seed\model_weights.pth
INFO:src.utils.logger:It: 540, Loss: 2.316e-01, Loss_res: 2.128e-01,  Loss_bcs: 0.000e+00, Loss_ut_ics: 6.305e-05, Loss_norm: 6.140e-04, Loss_gauge: 0.000e+00, w_pde: 1.00e+00, L^2_error: 2.123e-02, lr: 1.000e-03, Time: 2.78e+03
INFO:src.utils.logger:Model state saved to results\box\DV\20260301-142338_seed0_box_DV_b1_farhi_e600_w120_4q_2l\checkpoints\2026-03-01_14-23-38-871809_box_DV_seed\model.pth
INFO:src.utils.logger:Model weights saved to results\box\DV\20260301-142338_seed0_box_DV_b1_farhi_e600_w120_4q_2l\checkpoints\2026-03-01_14-23-38-871809_box_DV_seed\model_weights.pth
INFO:src.utils.logger:It: 545, Loss: 2.251e-01, Loss_res: 2.067e-01,  Loss_bcs: 0.000e+00, Loss_ut_ics: 6.477e-05, Loss_norm: 4.398e-04, Loss_gauge: 0.000e+00, w_pde: 1.00e+00, L^2_error: 2.009e-02, lr: 1.000e-03, Time: 2.81e+03
INFO:src.utils.logger:Model state saved to results\box\DV\20260301-142338_seed0_box_DV_b1_farhi_e600_w120_4q_2l\checkpoints\2026-03-01_14-23-38-871809_box_DV_seed\model.pth
INFO:src.utils.logger:Model weights saved to results\box\DV\20260301-142338_seed0_box_DV_b1_farhi_e600_w120_4q_2l\checkpoints\2026-03-01_14-23-38-871809_box_DV_seed\model_weights.pth
INFO:src.utils.logger:It: 550, Loss: 2.122e-01, Loss_res: 1.963e-01,  Loss_bcs: 0.000e+00, Loss_ut_ics: 5.442e-05, Loss_norm: 4.594e-04, Loss_gauge: 0.000e+00, w_pde: 1.00e+00, L^2_error: 2.062e-02, lr: 1.000e-03, Time: 2.83e+03
INFO:src.utils.logger:Model state saved to results\box\DV\20260301-142338_seed0_box_DV_b1_farhi_e600_w120_4q_2l\checkpoints\2026-03-01_14-23-38-871809_box_DV_seed\model.pth
INFO:src.utils.logger:Model weights saved to results\box\DV\20260301-142338_seed0_box_DV_b1_farhi_e600_w120_4q_2l\checkpoints\2026-03-01_14-23-38-871809_box_DV_seed\model_weights.pth
INFO:src.utils.logger:It: 555, Loss: 2.177e-01, Loss_res: 2.009e-01,  Loss_bcs: 0.000e+00, Loss_ut_ics: 5.811e-05, Loss_norm: 4.529e-04, Loss_gauge: 0.000e+00, w_pde: 1.00e+00, L^2_error: 2.051e-02, lr: 1.000e-03, Time: 2.86e+03
INFO:src.utils.logger:Model state saved to results\box\DV\20260301-142338_seed0_box_DV_b1_farhi_e600_w120_4q_2l\checkpoints\2026-03-01_14-23-38-871809_box_DV_seed\model.pth
INFO:src.utils.logger:Model weights saved to results\box\DV\20260301-142338_seed0_box_DV_b1_farhi_e600_w120_4q_2l\checkpoints\2026-03-01_14-23-38-871809_box_DV_seed\model_weights.pth
INFO:src.utils.logger:It: 560, Loss: 2.015e-01, Loss_res: 1.852e-01,  Loss_bcs: 0.000e+00, Loss_ut_ics: 5.665e-05, Loss_norm: 4.428e-04, Loss_gauge: 0.000e+00, w_pde: 1.00e+00, L^2_error: 2.033e-02, lr: 1.000e-03, Time: 2.89e+03
INFO:src.utils.logger:Model state saved to results\box\DV\20260301-142338_seed0_box_DV_b1_farhi_e600_w120_4q_2l\checkpoints\2026-03-01_14-23-38-871809_box_DV_seed\model.pth
INFO:src.utils.logger:Model weights saved to results\box\DV\20260301-142338_seed0_box_DV_b1_farhi_e600_w120_4q_2l\checkpoints\2026-03-01_14-23-38-871809_box_DV_seed\model_weights.pth
INFO:src.utils.logger:It: 565, Loss: 2.024e-01, Loss_res: 1.858e-01,  Loss_bcs: 0.000e+00, Loss_ut_ics: 5.680e-05, Loss_norm: 4.818e-04, Loss_gauge: 0.000e+00, w_pde: 1.00e+00, L^2_error: 1.968e-02, lr: 1.000e-03, Time: 2.91e+03
INFO:src.utils.logger:Model state saved to results\box\DV\20260301-142338_seed0_box_DV_b1_farhi_e600_w120_4q_2l\checkpoints\2026-03-01_14-23-38-871809_box_DV_seed\model.pth
INFO:src.utils.logger:Model weights saved to results\box\DV\20260301-142338_seed0_box_DV_b1_farhi_e600_w120_4q_2l\checkpoints\2026-03-01_14-23-38-871809_box_DV_seed\model_weights.pth
INFO:src.utils.logger:It: 570, Loss: 2.154e-01, Loss_res: 2.018e-01,  Loss_bcs: 0.000e+00, Loss_ut_ics: 4.715e-05, Loss_norm: 3.789e-04, Loss_gauge: 0.000e+00, w_pde: 1.00e+00, L^2_error: 1.931e-02, lr: 1.000e-03, Time: 2.94e+03
INFO:src.utils.logger:Model state saved to results\box\DV\20260301-142338_seed0_box_DV_b1_farhi_e600_w120_4q_2l\checkpoints\2026-03-01_14-23-38-871809_box_DV_seed\model.pth
INFO:src.utils.logger:Model weights saved to results\box\DV\20260301-142338_seed0_box_DV_b1_farhi_e600_w120_4q_2l\checkpoints\2026-03-01_14-23-38-871809_box_DV_seed\model_weights.pth
INFO:src.utils.logger:It: 575, Loss: 1.946e-01, Loss_res: 1.797e-01,  Loss_bcs: 0.000e+00, Loss_ut_ics: 5.050e-05, Loss_norm: 4.583e-04, Loss_gauge: 0.000e+00, w_pde: 1.00e+00, L^2_error: 1.935e-02, lr: 1.000e-03, Time: 2.96e+03
INFO:src.utils.logger:Model state saved to results\box\DV\20260301-142338_seed0_box_DV_b1_farhi_e600_w120_4q_2l\checkpoints\2026-03-01_14-23-38-871809_box_DV_seed\model.pth
INFO:src.utils.logger:Model weights saved to results\box\DV\20260301-142338_seed0_box_DV_b1_farhi_e600_w120_4q_2l\checkpoints\2026-03-01_14-23-38-871809_box_DV_seed\model_weights.pth
INFO:src.utils.logger:It: 580, Loss: 1.971e-01, Loss_res: 1.806e-01,  Loss_bcs: 0.000e+00, Loss_ut_ics: 5.891e-05, Loss_norm: 3.598e-04, Loss_gauge: 0.000e+00, w_pde: 1.00e+00, L^2_error: 1.826e-02, lr: 1.000e-03, Time: 2.99e+03
INFO:src.utils.logger:Model state saved to results\box\DV\20260301-142338_seed0_box_DV_b1_farhi_e600_w120_4q_2l\checkpoints\2026-03-01_14-23-38-871809_box_DV_seed\model.pth
INFO:src.utils.logger:Model weights saved to results\box\DV\20260301-142338_seed0_box_DV_b1_farhi_e600_w120_4q_2l\checkpoints\2026-03-01_14-23-38-871809_box_DV_seed\model_weights.pth
INFO:src.utils.logger:It: 585, Loss: 1.847e-01, Loss_res: 1.697e-01,  Loss_bcs: 0.000e+00, Loss_ut_ics: 5.019e-05, Loss_norm: 4.837e-04, Loss_gauge: 0.000e+00, w_pde: 1.00e+00, L^2_error: 1.852e-02, lr: 1.000e-03, Time: 3.01e+03
INFO:src.utils.logger:Model state saved to results\box\DV\20260301-142338_seed0_box_DV_b1_farhi_e600_w120_4q_2l\checkpoints\2026-03-01_14-23-38-871809_box_DV_seed\model.pth
INFO:src.utils.logger:Model weights saved to results\box\DV\20260301-142338_seed0_box_DV_b1_farhi_e600_w120_4q_2l\checkpoints\2026-03-01_14-23-38-871809_box_DV_seed\model_weights.pth
INFO:src.utils.logger:It: 590, Loss: 1.986e-01, Loss_res: 1.867e-01,  Loss_bcs: 0.000e+00, Loss_ut_ics: 4.137e-05, Loss_norm: 3.227e-04, Loss_gauge: 0.000e+00, w_pde: 1.00e+00, L^2_error: 1.851e-02, lr: 1.000e-03, Time: 3.04e+03
INFO:src.utils.logger:Model state saved to results\box\DV\20260301-142338_seed0_box_DV_b1_farhi_e600_w120_4q_2l\checkpoints\2026-03-01_14-23-38-871809_box_DV_seed\model.pth
INFO:src.utils.logger:Model weights saved to results\box\DV\20260301-142338_seed0_box_DV_b1_farhi_e600_w120_4q_2l\checkpoints\2026-03-01_14-23-38-871809_box_DV_seed\model_weights.pth
INFO:src.utils.logger:It: 595, Loss: 1.831e-01, Loss_res: 1.698e-01,  Loss_bcs: 0.000e+00, Loss_ut_ics: 4.454e-05, Loss_norm: 4.185e-04, Loss_gauge: 0.000e+00, w_pde: 1.00e+00, L^2_error: 1.781e-02, lr: 1.000e-03, Time: 3.07e+03
INFO:src.utils.logger:Model state saved to results\box\DV\20260301-142338_seed0_box_DV_b1_farhi_e600_w120_4q_2l\checkpoints\2026-03-01_14-23-38-871809_box_DV_seed\model.pth
INFO:src.utils.logger:Model weights saved to results\box\DV\20260301-142338_seed0_box_DV_b1_farhi_e600_w120_4q_2l\checkpoints\2026-03-01_14-23-38-871809_box_DV_seed\model_weights.pth
INFO:src.utils.logger:It: 600, Loss: 1.836e-01, Loss_res: 1.717e-01,  Loss_bcs: 0.000e+00, Loss_ut_ics: 4.148e-05, Loss_norm: 3.213e-04, Loss_gauge: 0.000e+00, w_pde: 1.00e+00, L^2_error: 1.748e-02, lr: 1.000e-03, Time: 3.09e+03
INFO:src.utils.logger:Model state saved to results\box\DV\20260301-142338_seed0_box_DV_b1_farhi_e600_w120_4q_2l\checkpoints\2026-03-01_14-23-38-871809_box_DV_seed\model.pth
INFO:src.utils.logger:Model weights saved to results\box\DV\20260301-142338_seed0_box_DV_b1_farhi_e600_w120_4q_2l\checkpoints\2026-03-01_14-23-38-871809_box_DV_seed\model_weights.pth
