Using DV Solver
Total number of parameters: 4143
The circuit used in the study:
It: 1, Loss: 2.598e-01, Loss_res: 4.382e-02,  Loss_bcs: 2.560e-03, Loss_ut_ics: 8.478e-02, lr: 1.000e-03, Time: 5.04e+00
Model state saved to ./results/benchmarks/schrodinger/parameter_grid/2025-09-02_15-14-16-533101/model.pth
Model state saved to ./results/benchmarks/schrodinger/parameter_grid/2025-09-02_15-14-16-533101/model_weights.pth
It: 10, Loss: 4.648e-01, Loss_res: 9.393e-02,  Loss_bcs: 3.243e-03, Loss_ut_ics: 1.368e-01, lr: 1.000e-03, Time: 4.70e+01
Model state saved to ./results/benchmarks/schrodinger/parameter_grid/2025-09-02_15-14-16-533101/model.pth
Model state saved to ./results/benchmarks/schrodinger/parameter_grid/2025-09-02_15-14-16-533101/model_weights.pth
It: 20, Loss: 2.984e-01, Loss_res: 4.184e-02,  Loss_bcs: 1.210e-03, Loss_ut_ics: 1.068e-01, lr: 1.000e-03, Time: 9.08e+01
Model state saved to ./results/benchmarks/schrodinger/parameter_grid/2025-09-02_15-14-16-533101/model.pth
Model state saved to ./results/benchmarks/schrodinger/parameter_grid/2025-09-02_15-14-16-533101/model_weights.pth
It: 30, Loss: 1.713e-01, Loss_res: 9.157e-03,  Loss_bcs: 2.968e-04, Loss_ut_ics: 7.634e-02, lr: 1.000e-03, Time: 1.36e+02
Model state saved to ./results/benchmarks/schrodinger/parameter_grid/2025-09-02_15-14-16-533101/model.pth
Model state saved to ./results/benchmarks/schrodinger/parameter_grid/2025-09-02_15-14-16-533101/model_weights.pth
It: 40, Loss: 1.259e-01, Loss_res: 1.019e-02,  Loss_bcs: 9.454e-04, Loss_ut_ics: 5.228e-02, lr: 1.000e-03, Time: 1.80e+02
Model state saved to ./results/benchmarks/schrodinger/parameter_grid/2025-09-02_15-14-16-533101/model.pth
Model state saved to ./results/benchmarks/schrodinger/parameter_grid/2025-09-02_15-14-16-533101/model_weights.pth
It: 50, Loss: 2.218e-01, Loss_res: 2.070e-03,  Loss_bcs: 3.203e-05, Loss_ut_ics: 1.088e-01, lr: 1.000e-03, Time: 2.26e+02
Model state saved to ./results/benchmarks/schrodinger/parameter_grid/2025-09-02_15-14-16-533101/model.pth
Model state saved to ./results/benchmarks/schrodinger/parameter_grid/2025-09-02_15-14-16-533101/model_weights.pth
It: 60, Loss: 1.521e-01, Loss_res: 6.719e-04,  Loss_bcs: 6.988e-05, Loss_ut_ics: 7.532e-02, lr: 1.000e-03, Time: 2.72e+02
Model state saved to ./results/benchmarks/schrodinger/parameter_grid/2025-09-02_15-14-16-533101/model.pth
Model state saved to ./results/benchmarks/schrodinger/parameter_grid/2025-09-02_15-14-16-533101/model_weights.pth
It: 70, Loss: 3.235e-01, Loss_res: 9.489e-04,  Loss_bcs: 1.968e-05, Loss_ut_ics: 1.608e-01, lr: 1.000e-03, Time: 3.17e+02
Model state saved to ./results/benchmarks/schrodinger/parameter_grid/2025-09-02_15-14-16-533101/model.pth
Model state saved to ./results/benchmarks/schrodinger/parameter_grid/2025-09-02_15-14-16-533101/model_weights.pth
It: 80, Loss: 5.069e-01, Loss_res: 1.089e-03,  Loss_bcs: 5.257e-05, Loss_ut_ics: 2.523e-01, lr: 1.000e-03, Time: 3.63e+02
Model state saved to ./results/benchmarks/schrodinger/parameter_grid/2025-09-02_15-14-16-533101/model.pth
Model state saved to ./results/benchmarks/schrodinger/parameter_grid/2025-09-02_15-14-16-533101/model_weights.pth
It: 90, Loss: 3.882e-01, Loss_res: 1.538e-04,  Loss_bcs: 1.223e-05, Loss_ut_ics: 1.939e-01, lr: 1.000e-03, Time: 4.08e+02
Model state saved to ./results/benchmarks/schrodinger/parameter_grid/2025-09-02_15-14-16-533101/model.pth
Model state saved to ./results/benchmarks/schrodinger/parameter_grid/2025-09-02_15-14-16-533101/model_weights.pth
It: 100, Loss: 1.341e-01, Loss_res: 2.534e-03,  Loss_bcs: 1.797e-05, Loss_ut_ics: 6.450e-02, lr: 1.000e-03, Time: 4.52e+02
Model state saved to ./results/benchmarks/schrodinger/parameter_grid/2025-09-02_15-14-16-533101/model.pth
Model state saved to ./results/benchmarks/schrodinger/parameter_grid/2025-09-02_15-14-16-533101/model_weights.pth
Model state saved to ./results/benchmarks/schrodinger/parameter_grid/2025-09-02_15-14-16-533101/model.pth
Model state saved to ./results/benchmarks/schrodinger/parameter_grid/2025-09-02_15-14-16-533101/model_weights.pth
Training completed successfuly!, shots made: 3000
Model score: 0.19346214830875397, under: ./results/benchmarks/schrodinger/parameter_grid/2025-09-02_15-06-34-585125
Model state saved to ./results/benchmarks/schrodinger/parameter_grid/2025-09-02_15-06-34-585125/model.pth
Model state saved to ./results/benchmarks/schrodinger/parameter_grid/2025-09-02_15-06-34-585125/model_weights.pth
Using DV Solver
Total number of parameters: 121
The circuit used in the study:
It: 1, Loss: 4.340e-01, Loss_res: 1.141e-01,  Loss_bcs: 4.239e-03, Loss_ut_ics: 1.008e-01, lr: 1.000e-03, Time: 5.79e+00
Model state saved to ./results/benchmarks/schrodinger/parameter_grid/2025-09-02_15-21-51-027594/model.pth
Model state saved to ./results/benchmarks/schrodinger/parameter_grid/2025-09-02_15-21-51-027594/model_weights.pth
It: 10, Loss: 2.765e-01, Loss_res: 3.397e-02,  Loss_bcs: 1.293e-03, Loss_ut_ics: 1.037e-01, lr: 1.000e-03, Time: 5.20e+01
Model state saved to ./results/benchmarks/schrodinger/parameter_grid/2025-09-02_15-21-51-027594/model.pth
Model state saved to ./results/benchmarks/schrodinger/parameter_grid/2025-09-02_15-21-51-027594/model_weights.pth
It: 20, Loss: 2.448e-01, Loss_res: 1.690e-02,  Loss_bcs: 6.766e-04, Loss_ut_ics: 1.052e-01, lr: 1.000e-03, Time: 1.04e+02
Model state saved to ./results/benchmarks/schrodinger/parameter_grid/2025-09-02_15-21-51-027594/model.pth
Model state saved to ./results/benchmarks/schrodinger/parameter_grid/2025-09-02_15-21-51-027594/model_weights.pth
It: 30, Loss: 1.819e-01, Loss_res: 5.304e-03,  Loss_bcs: 3.547e-04, Loss_ut_ics: 8.547e-02, lr: 1.000e-03, Time: 1.56e+02
Model state saved to ./results/benchmarks/schrodinger/parameter_grid/2025-09-02_15-21-51-027594/model.pth
Model state saved to ./results/benchmarks/schrodinger/parameter_grid/2025-09-02_15-21-51-027594/model_weights.pth
It: 40, Loss: 8.087e-02, Loss_res: 2.847e-03,  Loss_bcs: 2.369e-04, Loss_ut_ics: 3.747e-02, lr: 1.000e-03, Time: 2.08e+02
Model state saved to ./results/benchmarks/schrodinger/parameter_grid/2025-09-02_15-21-51-027594/model.pth
Model state saved to ./results/benchmarks/schrodinger/parameter_grid/2025-09-02_15-21-51-027594/model_weights.pth
It: 50, Loss: 2.052e-01, Loss_res: 1.539e-03,  Loss_bcs: 1.933e-04, Loss_ut_ics: 1.010e-01, lr: 1.000e-03, Time: 2.60e+02
Model state saved to ./results/benchmarks/schrodinger/parameter_grid/2025-09-02_15-21-51-027594/model.pth
Model state saved to ./results/benchmarks/schrodinger/parameter_grid/2025-09-02_15-21-51-027594/model_weights.pth
It: 60, Loss: 1.834e-01, Loss_res: 2.161e-03,  Loss_bcs: 1.351e-04, Loss_ut_ics: 8.947e-02, lr: 1.000e-03, Time: 3.13e+02
Model state saved to ./results/benchmarks/schrodinger/parameter_grid/2025-09-02_15-21-51-027594/model.pth
Model state saved to ./results/benchmarks/schrodinger/parameter_grid/2025-09-02_15-21-51-027594/model_weights.pth
It: 70, Loss: 3.623e-01, Loss_res: 3.273e-03,  Loss_bcs: 1.525e-04, Loss_ut_ics: 1.778e-01, lr: 1.000e-03, Time: 3.66e+02
Model state saved to ./results/benchmarks/schrodinger/parameter_grid/2025-09-02_15-21-51-027594/model.pth
Model state saved to ./results/benchmarks/schrodinger/parameter_grid/2025-09-02_15-21-51-027594/model_weights.pth
It: 80, Loss: 4.942e-01, Loss_res: 2.206e-03,  Loss_bcs: 1.143e-04, Loss_ut_ics: 2.448e-01, lr: 1.000e-03, Time: 4.19e+02
Model state saved to ./results/benchmarks/schrodinger/parameter_grid/2025-09-02_15-21-51-027594/model.pth
Model state saved to ./results/benchmarks/schrodinger/parameter_grid/2025-09-02_15-21-51-027594/model_weights.pth
It: 90, Loss: 3.450e-01, Loss_res: 1.555e-03,  Loss_bcs: 7.027e-05, Loss_ut_ics: 1.709e-01, lr: 1.000e-03, Time: 4.71e+02
Model state saved to ./results/benchmarks/schrodinger/parameter_grid/2025-09-02_15-21-51-027594/model.pth
Model state saved to ./results/benchmarks/schrodinger/parameter_grid/2025-09-02_15-21-51-027594/model_weights.pth
It: 100, Loss: 1.369e-01, Loss_res: 1.485e-03,  Loss_bcs: 5.998e-05, Loss_ut_ics: 6.692e-02, lr: 1.000e-03, Time: 5.24e+02
Model state saved to ./results/benchmarks/schrodinger/parameter_grid/2025-09-02_15-21-51-027594/model.pth
Model state saved to ./results/benchmarks/schrodinger/parameter_grid/2025-09-02_15-21-51-027594/model_weights.pth
Model state saved to ./results/benchmarks/schrodinger/parameter_grid/2025-09-02_15-21-51-027594/model.pth
Model state saved to ./results/benchmarks/schrodinger/parameter_grid/2025-09-02_15-21-51-027594/model_weights.pth
Training completed successfuly!, shots made: 3000
Using DV Solver
Total number of parameters: 313
The circuit used in the study:
It: 1, Loss: 1.029e+01, Loss_res: 4.760e+00,  Loss_bcs: 1.527e-01, Loss_ut_ics: 3.074e-01, lr: 1.000e-03, Time: 6.10e+00
Model state saved to ./results/benchmarks/schrodinger/parameter_grid/2025-09-02_15-30-38-764205/model.pth
Model state saved to ./results/benchmarks/schrodinger/parameter_grid/2025-09-02_15-30-38-764205/model_weights.pth
It: 10, Loss: 5.730e+00, Loss_res: 2.670e+00,  Loss_bcs: 8.284e-02, Loss_ut_ics: 1.536e-01, lr: 1.000e-03, Time: 5.36e+01
Model state saved to ./results/benchmarks/schrodinger/parameter_grid/2025-09-02_15-30-38-764205/model.pth
Model state saved to ./results/benchmarks/schrodinger/parameter_grid/2025-09-02_15-30-38-764205/model_weights.pth
It: 20, Loss: 3.061e+00, Loss_res: 1.404e+00,  Loss_bcs: 4.156e-02, Loss_ut_ics: 1.054e-01, lr: 1.000e-03, Time: 1.05e+02
Model state saved to ./results/benchmarks/schrodinger/parameter_grid/2025-09-02_15-30-38-764205/model.pth
Model state saved to ./results/benchmarks/schrodinger/parameter_grid/2025-09-02_15-30-38-764205/model_weights.pth
It: 30, Loss: 9.452e-01, Loss_res: 3.501e-01,  Loss_bcs: 2.024e-02, Loss_ut_ics: 1.124e-01, lr: 1.000e-03, Time: 1.57e+02
Model state saved to ./results/benchmarks/schrodinger/parameter_grid/2025-09-02_15-30-38-764205/model.pth
Model state saved to ./results/benchmarks/schrodinger/parameter_grid/2025-09-02_15-30-38-764205/model_weights.pth
It: 40, Loss: 3.018e-01, Loss_res: 1.084e-01,  Loss_bcs: 1.058e-02, Loss_ut_ics: 3.723e-02, lr: 1.000e-03, Time: 2.09e+02
Model state saved to ./results/benchmarks/schrodinger/parameter_grid/2025-09-02_15-30-38-764205/model.pth
Model state saved to ./results/benchmarks/schrodinger/parameter_grid/2025-09-02_15-30-38-764205/model_weights.pth
It: 50, Loss: 3.148e-01, Loss_res: 4.834e-02,  Loss_bcs: 6.121e-03, Loss_ut_ics: 1.060e-01, lr: 1.000e-03, Time: 2.61e+02
Model state saved to ./results/benchmarks/schrodinger/parameter_grid/2025-09-02_15-30-38-764205/model.pth
Model state saved to ./results/benchmarks/schrodinger/parameter_grid/2025-09-02_15-30-38-764205/model_weights.pth
It: 60, Loss: 2.264e-01, Loss_res: 3.631e-02,  Loss_bcs: 3.486e-03, Loss_ut_ics: 7.517e-02, lr: 1.000e-03, Time: 3.12e+02
Model state saved to ./results/benchmarks/schrodinger/parameter_grid/2025-09-02_15-30-38-764205/model.pth
Model state saved to ./results/benchmarks/schrodinger/parameter_grid/2025-09-02_15-30-38-764205/model_weights.pth
It: 70, Loss: 4.238e-01, Loss_res: 5.828e-02,  Loss_bcs: 2.308e-03, Loss_ut_ics: 1.524e-01, lr: 1.000e-03, Time: 3.64e+02
Model state saved to ./results/benchmarks/schrodinger/parameter_grid/2025-09-02_15-30-38-764205/model.pth
Model state saved to ./results/benchmarks/schrodinger/parameter_grid/2025-09-02_15-30-38-764205/model_weights.pth
It: 80, Loss: 5.139e-01, Loss_res: 2.505e-02,  Loss_bcs: 1.581e-03, Loss_ut_ics: 2.311e-01, lr: 1.000e-03, Time: 4.16e+02
Model state saved to ./results/benchmarks/schrodinger/parameter_grid/2025-09-02_15-30-38-764205/model.pth
Model state saved to ./results/benchmarks/schrodinger/parameter_grid/2025-09-02_15-30-38-764205/model_weights.pth
It: 90, Loss: 4.247e-01, Loss_res: 4.148e-02,  Loss_bcs: 1.123e-03, Loss_ut_ics: 1.703e-01, lr: 1.000e-03, Time: 4.68e+02
Model state saved to ./results/benchmarks/schrodinger/parameter_grid/2025-09-02_15-30-38-764205/model.pth
Model state saved to ./results/benchmarks/schrodinger/parameter_grid/2025-09-02_15-30-38-764205/model_weights.pth
It: 100, Loss: 1.985e-01, Loss_res: 4.156e-02,  Loss_bcs: 8.467e-04, Loss_ut_ics: 5.725e-02, lr: 1.000e-03, Time: 5.20e+02
Model state saved to ./results/benchmarks/schrodinger/parameter_grid/2025-09-02_15-30-38-764205/model.pth
Model state saved to ./results/benchmarks/schrodinger/parameter_grid/2025-09-02_15-30-38-764205/model_weights.pth
Model state saved to ./results/benchmarks/schrodinger/parameter_grid/2025-09-02_15-30-38-764205/model.pth
Model state saved to ./results/benchmarks/schrodinger/parameter_grid/2025-09-02_15-30-38-764205/model_weights.pth
Training completed successfuly!, shots made: 3000
Using DV Solver
Total number of parameters: 1081
The circuit used in the study:
It: 1, Loss: 8.423e+00, Loss_res: 3.879e+00,  Loss_bcs: 1.190e-01, Loss_ut_ics: 2.735e-01, lr: 1.000e-03, Time: 5.78e+00
Model state saved to ./results/benchmarks/schrodinger/parameter_grid/2025-09-02_15-39-21-863397/model.pth
Model state saved to ./results/benchmarks/schrodinger/parameter_grid/2025-09-02_15-39-21-863397/model_weights.pth
It: 10, Loss: 9.043e-01, Loss_res: 3.375e-01,  Loss_bcs: 1.169e-02, Loss_ut_ics: 1.088e-01, lr: 1.000e-03, Time: 5.23e+01
Model state saved to ./results/benchmarks/schrodinger/parameter_grid/2025-09-02_15-39-21-863397/model.pth
Model state saved to ./results/benchmarks/schrodinger/parameter_grid/2025-09-02_15-39-21-863397/model_weights.pth
It: 20, Loss: 6.541e-01, Loss_res: 1.957e-01,  Loss_bcs: 6.873e-03, Loss_ut_ics: 1.280e-01, lr: 1.000e-03, Time: 1.04e+02
Model state saved to ./results/benchmarks/schrodinger/parameter_grid/2025-09-02_15-39-21-863397/model.pth
Model state saved to ./results/benchmarks/schrodinger/parameter_grid/2025-09-02_15-39-21-863397/model_weights.pth
It: 30, Loss: 2.392e-01, Loss_res: 6.582e-02,  Loss_bcs: 2.241e-03, Loss_ut_ics: 5.265e-02, lr: 1.000e-03, Time: 1.56e+02
Model state saved to ./results/benchmarks/schrodinger/parameter_grid/2025-09-02_15-39-21-863397/model.pth
Model state saved to ./results/benchmarks/schrodinger/parameter_grid/2025-09-02_15-39-21-863397/model_weights.pth
It: 40, Loss: 1.236e-01, Loss_res: 1.273e-02,  Loss_bcs: 3.338e-04, Loss_ut_ics: 4.892e-02, lr: 1.000e-03, Time: 2.07e+02
Model state saved to ./results/benchmarks/schrodinger/parameter_grid/2025-09-02_15-39-21-863397/model.pth
Model state saved to ./results/benchmarks/schrodinger/parameter_grid/2025-09-02_15-39-21-863397/model_weights.pth
It: 50, Loss: 2.413e-01, Loss_res: 1.146e-02,  Loss_bcs: 8.153e-04, Loss_ut_ics: 1.088e-01, lr: 1.000e-03, Time: 2.59e+02
Model state saved to ./results/benchmarks/schrodinger/parameter_grid/2025-09-02_15-39-21-863397/model.pth
Model state saved to ./results/benchmarks/schrodinger/parameter_grid/2025-09-02_15-39-21-863397/model_weights.pth
It: 60, Loss: 1.533e-01, Loss_res: 7.915e-03,  Loss_bcs: 1.997e-04, Loss_ut_ics: 6.864e-02, lr: 1.000e-03, Time: 3.11e+02
Model state saved to ./results/benchmarks/schrodinger/parameter_grid/2025-09-02_15-39-21-863397/model.pth
Model state saved to ./results/benchmarks/schrodinger/parameter_grid/2025-09-02_15-39-21-863397/model_weights.pth
It: 70, Loss: 3.142e-01, Loss_res: 8.339e-03,  Loss_bcs: 3.258e-04, Loss_ut_ics: 1.486e-01, lr: 1.000e-03, Time: 3.63e+02
Model state saved to ./results/benchmarks/schrodinger/parameter_grid/2025-09-02_15-39-21-863397/model.pth
Model state saved to ./results/benchmarks/schrodinger/parameter_grid/2025-09-02_15-39-21-863397/model_weights.pth
It: 80, Loss: 5.102e-01, Loss_res: 5.809e-03,  Loss_bcs: 2.084e-04, Loss_ut_ics: 2.492e-01, lr: 1.000e-03, Time: 4.15e+02
Model state saved to ./results/benchmarks/schrodinger/parameter_grid/2025-09-02_15-39-21-863397/model.pth
Model state saved to ./results/benchmarks/schrodinger/parameter_grid/2025-09-02_15-39-21-863397/model_weights.pth
It: 90, Loss: 3.977e-01, Loss_res: 5.559e-03,  Loss_bcs: 1.133e-04, Loss_ut_ics: 1.932e-01, lr: 1.000e-03, Time: 4.68e+02
Model state saved to ./results/benchmarks/schrodinger/parameter_grid/2025-09-02_15-39-21-863397/model.pth
Model state saved to ./results/benchmarks/schrodinger/parameter_grid/2025-09-02_15-39-21-863397/model_weights.pth
It: 100, Loss: 1.311e-01, Loss_res: 4.104e-03,  Loss_bcs: 1.346e-04, Loss_ut_ics: 6.137e-02, lr: 1.000e-03, Time: 5.19e+02
Model state saved to ./results/benchmarks/schrodinger/parameter_grid/2025-09-02_15-39-21-863397/model.pth
Model state saved to ./results/benchmarks/schrodinger/parameter_grid/2025-09-02_15-39-21-863397/model_weights.pth
Model state saved to ./results/benchmarks/schrodinger/parameter_grid/2025-09-02_15-39-21-863397/model.pth
Model state saved to ./results/benchmarks/schrodinger/parameter_grid/2025-09-02_15-39-21-863397/model_weights.pth
Training completed successfuly!, shots made: 3000
Using DV Solver
Total number of parameters: 4153
The circuit used in the study:
It: 1, Loss: 1.806e+00, Loss_res: 7.750e-01,  Loss_bcs: 2.531e-02, Loss_ut_ics: 1.155e-01, lr: 1.000e-03, Time: 5.72e+00
Model state saved to ./results/benchmarks/schrodinger/parameter_grid/2025-09-02_15-48-04-988446/model.pth
Model state saved to ./results/benchmarks/schrodinger/parameter_grid/2025-09-02_15-48-04-988446/model_weights.pth
It: 10, Loss: 4.112e-01, Loss_res: 1.029e-01,  Loss_bcs: 4.496e-03, Loss_ut_ics: 1.005e-01, lr: 1.000e-03, Time: 5.21e+01
Model state saved to ./results/benchmarks/schrodinger/parameter_grid/2025-09-02_15-48-04-988446/model.pth
Model state saved to ./results/benchmarks/schrodinger/parameter_grid/2025-09-02_15-48-04-988446/model_weights.pth
It: 20, Loss: 5.528e-01, Loss_res: 1.454e-01,  Loss_bcs: 5.200e-03, Loss_ut_ics: 1.284e-01, lr: 1.000e-03, Time: 1.04e+02
Model state saved to ./results/benchmarks/schrodinger/parameter_grid/2025-09-02_15-48-04-988446/model.pth
Model state saved to ./results/benchmarks/schrodinger/parameter_grid/2025-09-02_15-48-04-988446/model_weights.pth
It: 30, Loss: 1.712e-01, Loss_res: 1.210e-02,  Loss_bcs: 6.823e-04, Loss_ut_ics: 7.314e-02, lr: 1.000e-03, Time: 1.56e+02
Model state saved to ./results/benchmarks/schrodinger/parameter_grid/2025-09-02_15-48-04-988446/model.pth
Model state saved to ./results/benchmarks/schrodinger/parameter_grid/2025-09-02_15-48-04-988446/model_weights.pth
It: 40, Loss: 1.112e-01, Loss_res: 4.310e-03,  Loss_bcs: 2.888e-04, Loss_ut_ics: 5.114e-02, lr: 1.000e-03, Time: 2.07e+02
Model state saved to ./results/benchmarks/schrodinger/parameter_grid/2025-09-02_15-48-04-988446/model.pth
Model state saved to ./results/benchmarks/schrodinger/parameter_grid/2025-09-02_15-48-04-988446/model_weights.pth
It: 50, Loss: 2.326e-01, Loss_res: 3.679e-03,  Loss_bcs: 3.969e-04, Loss_ut_ics: 1.124e-01, lr: 1.000e-03, Time: 2.60e+02
Model state saved to ./results/benchmarks/schrodinger/parameter_grid/2025-09-02_15-48-04-988446/model.pth
Model state saved to ./results/benchmarks/schrodinger/parameter_grid/2025-09-02_15-48-04-988446/model_weights.pth
It: 60, Loss: 1.522e-01, Loss_res: 1.155e-03,  Loss_bcs: 1.713e-05, Loss_ut_ics: 7.494e-02, lr: 1.000e-03, Time: 3.12e+02
Model state saved to ./results/benchmarks/schrodinger/parameter_grid/2025-09-02_15-48-04-988446/model.pth
Model state saved to ./results/benchmarks/schrodinger/parameter_grid/2025-09-02_15-48-04-988446/model_weights.pth
It: 70, Loss: 3.245e-01, Loss_res: 1.113e-03,  Loss_bcs: 1.421e-05, Loss_ut_ics: 1.611e-01, lr: 1.000e-03, Time: 3.64e+02
Model state saved to ./results/benchmarks/schrodinger/parameter_grid/2025-09-02_15-48-04-988446/model.pth
Model state saved to ./results/benchmarks/schrodinger/parameter_grid/2025-09-02_15-48-04-988446/model_weights.pth
It: 80, Loss: 5.082e-01, Loss_res: 3.030e-04,  Loss_bcs: 2.933e-05, Loss_ut_ics: 2.538e-01, lr: 1.000e-03, Time: 4.16e+02
Model state saved to ./results/benchmarks/schrodinger/parameter_grid/2025-09-02_15-48-04-988446/model.pth
Model state saved to ./results/benchmarks/schrodinger/parameter_grid/2025-09-02_15-48-04-988446/model_weights.pth
It: 90, Loss: 3.969e-01, Loss_res: 7.433e-04,  Loss_bcs: 6.481e-05, Loss_ut_ics: 1.977e-01, lr: 1.000e-03, Time: 4.68e+02
Model state saved to ./results/benchmarks/schrodinger/parameter_grid/2025-09-02_15-48-04-988446/model.pth
Model state saved to ./results/benchmarks/schrodinger/parameter_grid/2025-09-02_15-48-04-988446/model_weights.pth
It: 100, Loss: 1.320e-01, Loss_res: 1.835e-03,  Loss_bcs: 2.116e-05, Loss_ut_ics: 6.415e-02, lr: 1.000e-03, Time: 5.20e+02
Model state saved to ./results/benchmarks/schrodinger/parameter_grid/2025-09-02_15-48-04-988446/model.pth
Model state saved to ./results/benchmarks/schrodinger/parameter_grid/2025-09-02_15-48-04-988446/model_weights.pth
Model state saved to ./results/benchmarks/schrodinger/parameter_grid/2025-09-02_15-48-04-988446/model.pth
Model state saved to ./results/benchmarks/schrodinger/parameter_grid/2025-09-02_15-48-04-988446/model_weights.pth
Training completed successfuly!, shots made: 3000
Model score: 0.19831576943397522, under: ./results/benchmarks/schrodinger/parameter_grid/2025-09-02_15-39-21-863397
Model state saved to ./results/benchmarks/schrodinger/parameter_grid/2025-09-02_15-39-21-863397/model.pth
Model state saved to ./results/benchmarks/schrodinger/parameter_grid/2025-09-02_15-39-21-863397/model_weights.pth
