checkpoint path: self.log_path='./results/models/checkpoints/schrodinger\\barrier\\2025-12-11_11-28-29-759575'
Using Classical Solver
Total number of parameters: 7902
It: 1, Loss: 1.258e+01, Loss_res: 1.234e+01,  Loss_bcs: 4.552e-02, Loss_ut_ics: 1.984e-01, L^2_error: 9.631493e-01, lr: 1.000e-03, Time: 1.78e-01
Model state saved to ./results/models/checkpoints/schrodinger\barrier\2025-12-11_11-28-29-759575\model.pth
Model state saved to ./results/models/checkpoints/schrodinger\barrier\2025-12-11_11-28-29-759575\model_weights.pth
It: 200, Loss: 1.931e-01, Loss_res: 3.529e-03,  Loss_bcs: 1.050e-02, Loss_ut_ics: 1.791e-01, L^2_error: 9.561573e-01, lr: 1.000e-03, Time: 9.73e+00
Model state saved to ./results/models/checkpoints/schrodinger\barrier\2025-12-11_11-28-29-759575\model.pth
Model state saved to ./results/models/checkpoints/schrodinger\barrier\2025-12-11_11-28-29-759575\model_weights.pth
It: 400, Loss: 1.860e-01, Loss_res: 3.889e-03,  Loss_bcs: 9.732e-03, Loss_ut_ics: 1.723e-01, L^2_error: 9.414489e-01, lr: 1.000e-03, Time: 1.91e+01
Model state saved to ./results/models/checkpoints/schrodinger\barrier\2025-12-11_11-28-29-759575\model.pth
Model state saved to ./results/models/checkpoints/schrodinger\barrier\2025-12-11_11-28-29-759575\model_weights.pth
It: 600, Loss: 1.905e-01, Loss_res: 1.343e-02,  Loss_bcs: 9.659e-03, Loss_ut_ics: 1.675e-01, L^2_error: 9.460295e-01, lr: 1.000e-03, Time: 2.90e+01
Model state saved to ./results/models/checkpoints/schrodinger\barrier\2025-12-11_11-28-29-759575\model.pth
Model state saved to ./results/models/checkpoints/schrodinger\barrier\2025-12-11_11-28-29-759575\model_weights.pth
It: 800, Loss: 1.841e-01, Loss_res: 1.323e-03,  Loss_bcs: 9.774e-03, Loss_ut_ics: 1.730e-01, L^2_error: 9.346151e-01, lr: 1.000e-03, Time: 3.84e+01
Model state saved to ./results/models/checkpoints/schrodinger\barrier\2025-12-11_11-28-29-759575\model.pth
Model state saved to ./results/models/checkpoints/schrodinger\barrier\2025-12-11_11-28-29-759575\model_weights.pth
It: 1000, Loss: 1.831e-01, Loss_res: 1.281e-03,  Loss_bcs: 9.009e-03, Loss_ut_ics: 1.728e-01, L^2_error: 9.309322e-01, lr: 1.000e-03, Time: 4.80e+01
Model state saved to ./results/models/checkpoints/schrodinger\barrier\2025-12-11_11-28-29-759575\model.pth
Model state saved to ./results/models/checkpoints/schrodinger\barrier\2025-12-11_11-28-29-759575\model_weights.pth
It: 1200, Loss: 1.870e-01, Loss_res: 2.727e-03,  Loss_bcs: 9.593e-03, Loss_ut_ics: 1.747e-01, L^2_error: 9.276298e-01, lr: 1.000e-03, Time: 5.74e+01
Model state saved to ./results/models/checkpoints/schrodinger\barrier\2025-12-11_11-28-29-759575\model.pth
Model state saved to ./results/models/checkpoints/schrodinger\barrier\2025-12-11_11-28-29-759575\model_weights.pth
It: 1400, Loss: 1.918e-01, Loss_res: 1.434e-02,  Loss_bcs: 9.984e-03, Loss_ut_ics: 1.674e-01, L^2_error: 9.396138e-01, lr: 1.000e-03, Time: 6.68e+01
Model state saved to ./results/models/checkpoints/schrodinger\barrier\2025-12-11_11-28-29-759575\model.pth
Model state saved to ./results/models/checkpoints/schrodinger\barrier\2025-12-11_11-28-29-759575\model_weights.pth
It: 1600, Loss: 1.903e-01, Loss_res: 3.615e-03,  Loss_bcs: 8.426e-03, Loss_ut_ics: 1.783e-01, L^2_error: 9.350111e-01, lr: 1.000e-03, Time: 7.62e+01
Model state saved to ./results/models/checkpoints/schrodinger\barrier\2025-12-11_11-28-29-759575\model.pth
Model state saved to ./results/models/checkpoints/schrodinger\barrier\2025-12-11_11-28-29-759575\model_weights.pth
It: 1800, Loss: 1.876e-01, Loss_res: 1.974e-03,  Loss_bcs: 9.531e-03, Loss_ut_ics: 1.760e-01, L^2_error: 9.177602e-01, lr: 1.000e-03, Time: 8.55e+01
Model state saved to ./results/models/checkpoints/schrodinger\barrier\2025-12-11_11-28-29-759575\model.pth
Model state saved to ./results/models/checkpoints/schrodinger\barrier\2025-12-11_11-28-29-759575\model_weights.pth
It: 2000, Loss: 1.760e-01, Loss_res: 2.185e-03,  Loss_bcs: 8.568e-03, Loss_ut_ics: 1.653e-01, L^2_error: 9.189897e-01, lr: 1.000e-03, Time: 9.48e+01
Model state saved to ./results/models/checkpoints/schrodinger\barrier\2025-12-11_11-28-29-759575\model.pth
Model state saved to ./results/models/checkpoints/schrodinger\barrier\2025-12-11_11-28-29-759575\model_weights.pth
It: 2200, Loss: 1.784e-01, Loss_res: 3.390e-03,  Loss_bcs: 9.553e-03, Loss_ut_ics: 1.655e-01, L^2_error: 9.045045e-01, lr: 1.000e-03, Time: 1.04e+02
Model state saved to ./results/models/checkpoints/schrodinger\barrier\2025-12-11_11-28-29-759575\model.pth
Model state saved to ./results/models/checkpoints/schrodinger\barrier\2025-12-11_11-28-29-759575\model_weights.pth
It: 2400, Loss: 1.791e-01, Loss_res: 3.991e-03,  Loss_bcs: 8.922e-03, Loss_ut_ics: 1.662e-01, L^2_error: 9.027196e-01, lr: 1.000e-03, Time: 1.14e+02
Model state saved to ./results/models/checkpoints/schrodinger\barrier\2025-12-11_11-28-29-759575\model.pth
Model state saved to ./results/models/checkpoints/schrodinger\barrier\2025-12-11_11-28-29-759575\model_weights.pth
It: 2600, Loss: 1.846e-01, Loss_res: 8.319e-03,  Loss_bcs: 9.200e-03, Loss_ut_ics: 1.671e-01, L^2_error: 8.878374e-01, lr: 1.000e-03, Time: 1.23e+02
Model state saved to ./results/models/checkpoints/schrodinger\barrier\2025-12-11_11-28-29-759575\model.pth
Model state saved to ./results/models/checkpoints/schrodinger\barrier\2025-12-11_11-28-29-759575\model_weights.pth
It: 2800, Loss: 1.721e-01, Loss_res: 1.028e-02,  Loss_bcs: 1.081e-02, Loss_ut_ics: 1.510e-01, L^2_error: 8.851295e-01, lr: 1.000e-03, Time: 1.33e+02
Model state saved to ./results/models/checkpoints/schrodinger\barrier\2025-12-11_11-28-29-759575\model.pth
Model state saved to ./results/models/checkpoints/schrodinger\barrier\2025-12-11_11-28-29-759575\model_weights.pth
It: 3000, Loss: 1.784e-01, Loss_res: 6.887e-03,  Loss_bcs: 9.444e-03, Loss_ut_ics: 1.620e-01, L^2_error: 8.862421e-01, lr: 1.000e-03, Time: 1.42e+02
Model state saved to ./results/models/checkpoints/schrodinger\barrier\2025-12-11_11-28-29-759575\model.pth
Model state saved to ./results/models/checkpoints/schrodinger\barrier\2025-12-11_11-28-29-759575\model_weights.pth
It: 3200, Loss: 1.744e-01, Loss_res: 7.856e-03,  Loss_bcs: 9.722e-03, Loss_ut_ics: 1.568e-01, L^2_error: 8.851520e-01, lr: 1.000e-03, Time: 1.52e+02
Model state saved to ./results/models/checkpoints/schrodinger\barrier\2025-12-11_11-28-29-759575\model.pth
Model state saved to ./results/models/checkpoints/schrodinger\barrier\2025-12-11_11-28-29-759575\model_weights.pth
It: 3400, Loss: 1.686e-01, Loss_res: 8.838e-03,  Loss_bcs: 1.040e-02, Loss_ut_ics: 1.494e-01, L^2_error: 8.785759e-01, lr: 1.000e-03, Time: 1.61e+02
Model state saved to ./results/models/checkpoints/schrodinger\barrier\2025-12-11_11-28-29-759575\model.pth
Model state saved to ./results/models/checkpoints/schrodinger\barrier\2025-12-11_11-28-29-759575\model_weights.pth
It: 3600, Loss: 1.719e-01, Loss_res: 8.012e-03,  Loss_bcs: 9.005e-03, Loss_ut_ics: 1.549e-01, L^2_error: 8.811017e-01, lr: 1.000e-03, Time: 1.70e+02
Model state saved to ./results/models/checkpoints/schrodinger\barrier\2025-12-11_11-28-29-759575\model.pth
Model state saved to ./results/models/checkpoints/schrodinger\barrier\2025-12-11_11-28-29-759575\model_weights.pth
It: 3800, Loss: 1.742e-01, Loss_res: 1.332e-02,  Loss_bcs: 9.185e-03, Loss_ut_ics: 1.517e-01, L^2_error: 8.723430e-01, lr: 1.000e-03, Time: 1.80e+02
Model state saved to ./results/models/checkpoints/schrodinger\barrier\2025-12-11_11-28-29-759575\model.pth
Model state saved to ./results/models/checkpoints/schrodinger\barrier\2025-12-11_11-28-29-759575\model_weights.pth
It: 4000, Loss: 1.698e-01, Loss_res: 8.613e-03,  Loss_bcs: 8.827e-03, Loss_ut_ics: 1.524e-01, L^2_error: 8.812599e-01, lr: 1.000e-03, Time: 1.89e+02
Model state saved to ./results/models/checkpoints/schrodinger\barrier\2025-12-11_11-28-29-759575\model.pth
Model state saved to ./results/models/checkpoints/schrodinger\barrier\2025-12-11_11-28-29-759575\model_weights.pth
It: 4200, Loss: 1.728e-01, Loss_res: 1.039e-02,  Loss_bcs: 1.029e-02, Loss_ut_ics: 1.522e-01, L^2_error: 8.705566e-01, lr: 1.000e-03, Time: 1.99e+02
Model state saved to ./results/models/checkpoints/schrodinger\barrier\2025-12-11_11-28-29-759575\model.pth
Model state saved to ./results/models/checkpoints/schrodinger\barrier\2025-12-11_11-28-29-759575\model_weights.pth
It: 4400, Loss: 1.686e-01, Loss_res: 1.436e-02,  Loss_bcs: 1.017e-02, Loss_ut_ics: 1.440e-01, L^2_error: 8.729035e-01, lr: 1.000e-03, Time: 2.09e+02
Model state saved to ./results/models/checkpoints/schrodinger\barrier\2025-12-11_11-28-29-759575\model.pth
Model state saved to ./results/models/checkpoints/schrodinger\barrier\2025-12-11_11-28-29-759575\model_weights.pth
It: 4600, Loss: 2.087e-01, Loss_res: 3.608e-02,  Loss_bcs: 9.152e-03, Loss_ut_ics: 1.635e-01, L^2_error: 8.475475e-01, lr: 1.000e-03, Time: 2.19e+02
Model state saved to ./results/models/checkpoints/schrodinger\barrier\2025-12-11_11-28-29-759575\model.pth
Model state saved to ./results/models/checkpoints/schrodinger\barrier\2025-12-11_11-28-29-759575\model_weights.pth
It: 4800, Loss: 1.789e-01, Loss_res: 9.935e-03,  Loss_bcs: 9.595e-03, Loss_ut_ics: 1.593e-01, L^2_error: 8.668491e-01, lr: 1.000e-03, Time: 2.28e+02
Model state saved to ./results/models/checkpoints/schrodinger\barrier\2025-12-11_11-28-29-759575\model.pth
Model state saved to ./results/models/checkpoints/schrodinger\barrier\2025-12-11_11-28-29-759575\model_weights.pth
It: 5000, Loss: 1.732e-01, Loss_res: 9.869e-03,  Loss_bcs: 9.535e-03, Loss_ut_ics: 1.538e-01, L^2_error: 8.621337e-01, lr: 1.000e-03, Time: 2.38e+02
Model state saved to ./results/models/checkpoints/schrodinger\barrier\2025-12-11_11-28-29-759575\model.pth
Model state saved to ./results/models/checkpoints/schrodinger\barrier\2025-12-11_11-28-29-759575\model_weights.pth
checkpoint path: self.log_path='./results/models/checkpoints/schrodinger\\barrier\\2025-12-11_11-57-11-236270'
Using Classical Solver
Total number of parameters: 7902
It: 1, Loss: 3.919e+00, Loss_res: 3.058e+00,  Loss_bcs: 6.495e-03, Loss_ut_ics: 8.543e-01, L^2_error: 1.003924e+00, lr: 1.000e-03, Time: 1.42e-01
Model state saved to ./results/models/checkpoints/schrodinger\barrier\2025-12-11_11-57-11-236270\model.pth
Model state saved to ./results/models/checkpoints/schrodinger\barrier\2025-12-11_11-57-11-236270\model_weights.pth
It: 200, Loss: 9.882e-01, Loss_res: 3.464e-03,  Loss_bcs: 8.965e-06, Loss_ut_ics: 9.847e-01, L^2_error: 9.985380e-01, lr: 1.000e-03, Time: 1.03e+01
Model state saved to ./results/models/checkpoints/schrodinger\barrier\2025-12-11_11-57-11-236270\model.pth
Model state saved to ./results/models/checkpoints/schrodinger\barrier\2025-12-11_11-57-11-236270\model_weights.pth
It: 400, Loss: 1.016e+00, Loss_res: 3.696e-03,  Loss_bcs: 1.207e-05, Loss_ut_ics: 1.012e+00, L^2_error: 9.987831e-01, lr: 1.000e-03, Time: 2.14e+01
Model state saved to ./results/models/checkpoints/schrodinger\barrier\2025-12-11_11-57-11-236270\model.pth
Model state saved to ./results/models/checkpoints/schrodinger\barrier\2025-12-11_11-57-11-236270\model_weights.pth
It: 600, Loss: 9.673e-01, Loss_res: 3.795e-03,  Loss_bcs: 1.405e-05, Loss_ut_ics: 9.635e-01, L^2_error: 9.988232e-01, lr: 1.000e-03, Time: 3.36e+01
Model state saved to ./results/models/checkpoints/schrodinger\barrier\2025-12-11_11-57-11-236270\model.pth
Model state saved to ./results/models/checkpoints/schrodinger\barrier\2025-12-11_11-57-11-236270\model_weights.pth
It: 800, Loss: 9.898e-01, Loss_res: 3.709e-03,  Loss_bcs: 1.567e-05, Loss_ut_ics: 9.861e-01, L^2_error: 9.990681e-01, lr: 1.000e-03, Time: 4.43e+01
Model state saved to ./results/models/checkpoints/schrodinger\barrier\2025-12-11_11-57-11-236270\model.pth
Model state saved to ./results/models/checkpoints/schrodinger\barrier\2025-12-11_11-57-11-236270\model_weights.pth
It: 1000, Loss: 9.598e-01, Loss_res: 4.746e-03,  Loss_bcs: 3.127e-05, Loss_ut_ics: 9.550e-01, L^2_error: 9.995267e-01, lr: 1.000e-03, Time: 5.37e+01
Model state saved to ./results/models/checkpoints/schrodinger\barrier\2025-12-11_11-57-11-236270\model.pth
Model state saved to ./results/models/checkpoints/schrodinger\barrier\2025-12-11_11-57-11-236270\model_weights.pth
It: 1200, Loss: 9.970e-01, Loss_res: 3.638e-03,  Loss_bcs: 6.212e-05, Loss_ut_ics: 9.933e-01, L^2_error: 1.001775e+00, lr: 1.000e-03, Time: 6.28e+01
Model state saved to ./results/models/checkpoints/schrodinger\barrier\2025-12-11_11-57-11-236270\model.pth
Model state saved to ./results/models/checkpoints/schrodinger\barrier\2025-12-11_11-57-11-236270\model_weights.pth
It: 1400, Loss: 1.028e+00, Loss_res: 9.486e-03,  Loss_bcs: 3.106e-04, Loss_ut_ics: 1.018e+00, L^2_error: 1.000186e+00, lr: 1.000e-03, Time: 7.50e+01
Model state saved to ./results/models/checkpoints/schrodinger\barrier\2025-12-11_11-57-11-236270\model.pth
Model state saved to ./results/models/checkpoints/schrodinger\barrier\2025-12-11_11-57-11-236270\model_weights.pth
It: 1600, Loss: 1.034e+00, Loss_res: 6.296e-03,  Loss_bcs: 5.344e-04, Loss_ut_ics: 1.027e+00, L^2_error: 1.005068e+00, lr: 1.000e-03, Time: 8.89e+01
Model state saved to ./results/models/checkpoints/schrodinger\barrier\2025-12-11_11-57-11-236270\model.pth
Model state saved to ./results/models/checkpoints/schrodinger\barrier\2025-12-11_11-57-11-236270\model_weights.pth
It: 1800, Loss: 1.044e+00, Loss_res: 9.323e-03,  Loss_bcs: 1.280e-03, Loss_ut_ics: 1.033e+00, L^2_error: 1.008949e+00, lr: 1.000e-03, Time: 1.08e+02
Model state saved to ./results/models/checkpoints/schrodinger\barrier\2025-12-11_11-57-11-236270\model.pth
Model state saved to ./results/models/checkpoints/schrodinger\barrier\2025-12-11_11-57-11-236270\model_weights.pth
It: 2000, Loss: 9.577e-01, Loss_res: 1.853e-02,  Loss_bcs: 2.895e-03, Loss_ut_ics: 9.363e-01, L^2_error: 1.009866e+00, lr: 1.000e-03, Time: 1.28e+02
Model state saved to ./results/models/checkpoints/schrodinger\barrier\2025-12-11_11-57-11-236270\model.pth
Model state saved to ./results/models/checkpoints/schrodinger\barrier\2025-12-11_11-57-11-236270\model_weights.pth
It: 2200, Loss: 9.636e-01, Loss_res: 1.895e-02,  Loss_bcs: 3.908e-03, Loss_ut_ics: 9.408e-01, L^2_error: 1.013209e+00, lr: 1.000e-03, Time: 1.49e+02
Model state saved to ./results/models/checkpoints/schrodinger\barrier\2025-12-11_11-57-11-236270\model.pth
Model state saved to ./results/models/checkpoints/schrodinger\barrier\2025-12-11_11-57-11-236270\model_weights.pth
It: 2400, Loss: 9.702e-01, Loss_res: 1.530e-02,  Loss_bcs: 4.212e-03, Loss_ut_ics: 9.507e-01, L^2_error: 1.014455e+00, lr: 1.000e-03, Time: 1.65e+02
Model state saved to ./results/models/checkpoints/schrodinger\barrier\2025-12-11_11-57-11-236270\model.pth
Model state saved to ./results/models/checkpoints/schrodinger\barrier\2025-12-11_11-57-11-236270\model_weights.pth
It: 2600, Loss: 1.007e+00, Loss_res: 1.643e-02,  Loss_bcs: 4.242e-03, Loss_ut_ics: 9.859e-01, L^2_error: 1.013173e+00, lr: 1.000e-03, Time: 1.80e+02
Model state saved to ./results/models/checkpoints/schrodinger\barrier\2025-12-11_11-57-11-236270\model.pth
Model state saved to ./results/models/checkpoints/schrodinger\barrier\2025-12-11_11-57-11-236270\model_weights.pth
It: 2800, Loss: 9.623e-01, Loss_res: 1.907e-02,  Loss_bcs: 4.446e-03, Loss_ut_ics: 9.388e-01, L^2_error: 1.013942e+00, lr: 1.000e-03, Time: 1.95e+02
Model state saved to ./results/models/checkpoints/schrodinger\barrier\2025-12-11_11-57-11-236270\model.pth
Model state saved to ./results/models/checkpoints/schrodinger\barrier\2025-12-11_11-57-11-236270\model_weights.pth
It: 3000, Loss: 1.019e+00, Loss_res: 1.740e-02,  Loss_bcs: 4.780e-03, Loss_ut_ics: 9.964e-01, L^2_error: 1.011999e+00, lr: 1.000e-03, Time: 2.07e+02
Model state saved to ./results/models/checkpoints/schrodinger\barrier\2025-12-11_11-57-11-236270\model.pth
Model state saved to ./results/models/checkpoints/schrodinger\barrier\2025-12-11_11-57-11-236270\model_weights.pth
It: 3200, Loss: 9.716e-01, Loss_res: 1.873e-02,  Loss_bcs: 4.708e-03, Loss_ut_ics: 9.482e-01, L^2_error: 1.013569e+00, lr: 1.000e-03, Time: 2.23e+02
Model state saved to ./results/models/checkpoints/schrodinger\barrier\2025-12-11_11-57-11-236270\model.pth
Model state saved to ./results/models/checkpoints/schrodinger\barrier\2025-12-11_11-57-11-236270\model_weights.pth
It: 3400, Loss: 9.684e-01, Loss_res: 2.045e-02,  Loss_bcs: 5.312e-03, Loss_ut_ics: 9.427e-01, L^2_error: 1.011600e+00, lr: 1.000e-03, Time: 2.40e+02
Model state saved to ./results/models/checkpoints/schrodinger\barrier\2025-12-11_11-57-11-236270\model.pth
Model state saved to ./results/models/checkpoints/schrodinger\barrier\2025-12-11_11-57-11-236270\model_weights.pth
It: 3600, Loss: 9.555e-01, Loss_res: 2.140e-02,  Loss_bcs: 5.532e-03, Loss_ut_ics: 9.285e-01, L^2_error: 1.012065e+00, lr: 1.000e-03, Time: 2.56e+02
Model state saved to ./results/models/checkpoints/schrodinger\barrier\2025-12-11_11-57-11-236270\model.pth
Model state saved to ./results/models/checkpoints/schrodinger\barrier\2025-12-11_11-57-11-236270\model_weights.pth
It: 3800, Loss: 9.881e-01, Loss_res: 2.009e-02,  Loss_bcs: 5.626e-03, Loss_ut_ics: 9.624e-01, L^2_error: 1.008722e+00, lr: 1.000e-03, Time: 2.70e+02
Model state saved to ./results/models/checkpoints/schrodinger\barrier\2025-12-11_11-57-11-236270\model.pth
Model state saved to ./results/models/checkpoints/schrodinger\barrier\2025-12-11_11-57-11-236270\model_weights.pth
It: 4000, Loss: 9.848e-01, Loss_res: 2.716e-02,  Loss_bcs: 6.685e-03, Loss_ut_ics: 9.509e-01, L^2_error: 1.011437e+00, lr: 1.000e-03, Time: 2.82e+02
Model state saved to ./results/models/checkpoints/schrodinger\barrier\2025-12-11_11-57-11-236270\model.pth
Model state saved to ./results/models/checkpoints/schrodinger\barrier\2025-12-11_11-57-11-236270\model_weights.pth
It: 4200, Loss: 9.846e-01, Loss_res: 2.405e-02,  Loss_bcs: 6.412e-03, Loss_ut_ics: 9.541e-01, L^2_error: 1.010456e+00, lr: 1.000e-03, Time: 2.93e+02
Model state saved to ./results/models/checkpoints/schrodinger\barrier\2025-12-11_11-57-11-236270\model.pth
Model state saved to ./results/models/checkpoints/schrodinger\barrier\2025-12-11_11-57-11-236270\model_weights.pth
It: 4400, Loss: 9.319e-01, Loss_res: 2.581e-02,  Loss_bcs: 6.759e-03, Loss_ut_ics: 8.993e-01, L^2_error: 1.009802e+00, lr: 1.000e-03, Time: 3.02e+02
Model state saved to ./results/models/checkpoints/schrodinger\barrier\2025-12-11_11-57-11-236270\model.pth
Model state saved to ./results/models/checkpoints/schrodinger\barrier\2025-12-11_11-57-11-236270\model_weights.pth
It: 4600, Loss: 1.020e+00, Loss_res: 4.372e-02,  Loss_bcs: 7.172e-03, Loss_ut_ics: 9.690e-01, L^2_error: 1.013277e+00, lr: 1.000e-03, Time: 3.12e+02
Model state saved to ./results/models/checkpoints/schrodinger\barrier\2025-12-11_11-57-11-236270\model.pth
Model state saved to ./results/models/checkpoints/schrodinger\barrier\2025-12-11_11-57-11-236270\model_weights.pth
It: 4800, Loss: 9.825e-01, Loss_res: 3.542e-02,  Loss_bcs: 1.102e-02, Loss_ut_ics: 9.361e-01, L^2_error: 1.007451e+00, lr: 1.000e-03, Time: 3.22e+02
Model state saved to ./results/models/checkpoints/schrodinger\barrier\2025-12-11_11-57-11-236270\model.pth
Model state saved to ./results/models/checkpoints/schrodinger\barrier\2025-12-11_11-57-11-236270\model_weights.pth
It: 5000, Loss: 9.128e-01, Loss_res: 3.692e-02,  Loss_bcs: 1.238e-02, Loss_ut_ics: 8.635e-01, L^2_error: 1.008722e+00, lr: 1.000e-03, Time: 3.31e+02
Model state saved to ./results/models/checkpoints/schrodinger\barrier\2025-12-11_11-57-11-236270\model.pth
Model state saved to ./results/models/checkpoints/schrodinger\barrier\2025-12-11_11-57-11-236270\model_weights.pth
