Using CVNeuralNetwork2 
Using CV Solver
The settings used:
batch_size : 64
epochs : 10000
lr : 0.01
seed : 42
print_every : 100
log_path : ./results/models/checkpoints/wave
input_dim : 2
output_dim : 1
num_qubits : 5
hidden_dim : 50
num_quantum_layers : 1
classic_network : [2, 50, 1]
q_ansatz : sim_circ_13_half
mode : hybrid
activation : null
shots : None
problem : wave
solver : CV
device : cpu
method : None
cutoff_dim : 20
class : CVNeuralNetwork2
encoding : None
Total number of parameters: 829
Forward pass failed: Unable to allocate 149. TiB for an array with shape (20, 20, 20, 20, 20, 20, 20, 20, 20, 20) and data type complex128
