The circuit used in the study:
It: 1, Loss: 8.317e+02, Loss_res: 3.624e+01,  Loss_bcs: 0.000e+00, Loss_ut_ics: 1.040e+00, Loss_norm: 9.552e-01, Loss_gauge: 0.000e+00, w_pde: 0.00e+00, L^2_error: 9.767e-01, lr: 1.000e-03, Time: 1.66e+00
Model state saved to C:\Users\mateo garcia\Documents\A master\Tesis\QPINNs-2025\results\2025-12-23_13-39-41-350425\model.pth
Model weights saved to C:\Users\mateo garcia\Documents\A master\Tesis\QPINNs-2025\results\2025-12-23_13-39-41-350425\model_weights.pth
It: 10, Loss: 6.719e+02, Loss_res: 1.240e+02,  Loss_bcs: 0.000e+00, Loss_ut_ics: 8.399e-01, Loss_norm: 8.734e-01, Loss_gauge: 0.000e+00, w_pde: 0.00e+00, L^2_error: 1.033e+00, lr: 1.000e-03, Time: 9.29e+00
Model state saved to C:\Users\mateo garcia\Documents\A master\Tesis\QPINNs-2025\results\2025-12-23_13-39-41-350425\model.pth
Model weights saved to C:\Users\mateo garcia\Documents\A master\Tesis\QPINNs-2025\results\2025-12-23_13-39-41-350425\model_weights.pth
It: 20, Loss: 5.855e+02, Loss_res: 4.123e+02,  Loss_bcs: 0.000e+00, Loss_ut_ics: 7.319e-01, Loss_norm: 6.217e-01, Loss_gauge: 0.000e+00, w_pde: 0.00e+00, L^2_error: 1.065e+00, lr: 1.000e-03, Time: 1.75e+01
Model state saved to C:\Users\mateo garcia\Documents\A master\Tesis\QPINNs-2025\results\2025-12-23_13-39-41-350425\model.pth
Model weights saved to C:\Users\mateo garcia\Documents\A master\Tesis\QPINNs-2025\results\2025-12-23_13-39-41-350425\model_weights.pth
It: 30, Loss: 5.062e+02, Loss_res: 6.555e+02,  Loss_bcs: 0.000e+00, Loss_ut_ics: 6.328e-01, Loss_norm: 5.478e-01, Loss_gauge: 0.000e+00, w_pde: 0.00e+00, L^2_error: 1.074e+00, lr: 1.000e-03, Time: 2.57e+01
Model state saved to C:\Users\mateo garcia\Documents\A master\Tesis\QPINNs-2025\results\2025-12-23_13-39-41-350425\model.pth
Model weights saved to C:\Users\mateo garcia\Documents\A master\Tesis\QPINNs-2025\results\2025-12-23_13-39-41-350425\model_weights.pth
It: 40, Loss: 3.692e+02, Loss_res: 7.069e+02,  Loss_bcs: 0.000e+00, Loss_ut_ics: 4.615e-01, Loss_norm: 5.049e-01, Loss_gauge: 0.000e+00, w_pde: 0.00e+00, L^2_error: 1.085e+00, lr: 1.000e-03, Time: 3.54e+01
Model state saved to C:\Users\mateo garcia\Documents\A master\Tesis\QPINNs-2025\results\2025-12-23_13-39-41-350425\model.pth
Model weights saved to C:\Users\mateo garcia\Documents\A master\Tesis\QPINNs-2025\results\2025-12-23_13-39-41-350425\model_weights.pth
It: 50, Loss: 2.104e+02, Loss_res: 1.091e+03,  Loss_bcs: 0.000e+00, Loss_ut_ics: 2.630e-01, Loss_norm: 3.771e-01, Loss_gauge: 0.000e+00, w_pde: 0.00e+00, L^2_error: 1.119e+00, lr: 1.000e-03, Time: 4.45e+01
Model state saved to C:\Users\mateo garcia\Documents\A master\Tesis\QPINNs-2025\results\2025-12-23_13-39-41-350425\model.pth
Model weights saved to C:\Users\mateo garcia\Documents\A master\Tesis\QPINNs-2025\results\2025-12-23_13-39-41-350425\model_weights.pth
It: 60, Loss: 1.078e+02, Loss_res: 1.832e+03,  Loss_bcs: 0.000e+00, Loss_ut_ics: 1.347e-01, Loss_norm: 1.339e-01, Loss_gauge: 0.000e+00, w_pde: 0.00e+00, L^2_error: 1.221e+00, lr: 1.000e-03, Time: 5.31e+01
Model state saved to C:\Users\mateo garcia\Documents\A master\Tesis\QPINNs-2025\results\2025-12-23_13-39-41-350425\model.pth
Model weights saved to C:\Users\mateo garcia\Documents\A master\Tesis\QPINNs-2025\results\2025-12-23_13-39-41-350425\model_weights.pth
It: 70, Loss: 8.782e+01, Loss_res: 2.316e+03,  Loss_bcs: 0.000e+00, Loss_ut_ics: 1.098e-01, Loss_norm: 1.586e-02, Loss_gauge: 0.000e+00, w_pde: 0.00e+00, L^2_error: 1.293e+00, lr: 1.000e-03, Time: 6.14e+01
Model state saved to C:\Users\mateo garcia\Documents\A master\Tesis\QPINNs-2025\results\2025-12-23_13-39-41-350425\model.pth
Model weights saved to C:\Users\mateo garcia\Documents\A master\Tesis\QPINNs-2025\results\2025-12-23_13-39-41-350425\model_weights.pth
It: 80, Loss: 6.805e+01, Loss_res: 2.313e+03,  Loss_bcs: 0.000e+00, Loss_ut_ics: 8.506e-02, Loss_norm: 2.752e-02, Loss_gauge: 0.000e+00, w_pde: 0.00e+00, L^2_error: 1.273e+00, lr: 1.000e-03, Time: 7.10e+01
Model state saved to C:\Users\mateo garcia\Documents\A master\Tesis\QPINNs-2025\results\2025-12-23_13-39-41-350425\model.pth
Model weights saved to C:\Users\mateo garcia\Documents\A master\Tesis\QPINNs-2025\results\2025-12-23_13-39-41-350425\model_weights.pth
It: 90, Loss: 5.051e+01, Loss_res: 1.998e+03,  Loss_bcs: 0.000e+00, Loss_ut_ics: 6.314e-02, Loss_norm: 4.185e-02, Loss_gauge: 0.000e+00, w_pde: 0.00e+00, L^2_error: 1.263e+00, lr: 1.000e-03, Time: 7.98e+01
Model state saved to C:\Users\mateo garcia\Documents\A master\Tesis\QPINNs-2025\results\2025-12-23_13-39-41-350425\model.pth
Model weights saved to C:\Users\mateo garcia\Documents\A master\Tesis\QPINNs-2025\results\2025-12-23_13-39-41-350425\model_weights.pth
It: 100, Loss: 4.082e+01, Loss_res: 1.713e+03,  Loss_bcs: 0.000e+00, Loss_ut_ics: 5.102e-02, Loss_norm: 3.310e-02, Loss_gauge: 0.000e+00, w_pde: 0.00e+00, L^2_error: 1.270e+00, lr: 1.000e-03, Time: 8.86e+01
Model state saved to C:\Users\mateo garcia\Documents\A master\Tesis\QPINNs-2025\results\2025-12-23_13-39-41-350425\model.pth
Model weights saved to C:\Users\mateo garcia\Documents\A master\Tesis\QPINNs-2025\results\2025-12-23_13-39-41-350425\model_weights.pth
It: 110, Loss: 3.437e+01, Loss_res: 1.990e+03,  Loss_bcs: 0.000e+00, Loss_ut_ics: 4.296e-02, Loss_norm: 1.874e-02, Loss_gauge: 0.000e+00, w_pde: 0.00e+00, L^2_error: 1.285e+00, lr: 1.000e-03, Time: 9.87e+01
Model state saved to C:\Users\mateo garcia\Documents\A master\Tesis\QPINNs-2025\results\2025-12-23_13-39-41-350425\model.pth
Model weights saved to C:\Users\mateo garcia\Documents\A master\Tesis\QPINNs-2025\results\2025-12-23_13-39-41-350425\model_weights.pth
It: 120, Loss: 3.020e+01, Loss_res: 2.103e+03,  Loss_bcs: 0.000e+00, Loss_ut_ics: 3.775e-02, Loss_norm: 1.336e-02, Loss_gauge: 0.000e+00, w_pde: 0.00e+00, L^2_error: 1.292e+00, lr: 1.000e-03, Time: 1.09e+02
Model state saved to C:\Users\mateo garcia\Documents\A master\Tesis\QPINNs-2025\results\2025-12-23_13-39-41-350425\model.pth
Model weights saved to C:\Users\mateo garcia\Documents\A master\Tesis\QPINNs-2025\results\2025-12-23_13-39-41-350425\model_weights.pth
It: 130, Loss: 2.734e+01, Loss_res: 1.510e+03,  Loss_bcs: 0.000e+00, Loss_ut_ics: 3.417e-02, Loss_norm: 1.027e-02, Loss_gauge: 0.000e+00, w_pde: 0.00e+00, L^2_error: 1.296e+00, lr: 1.000e-03, Time: 1.17e+02
Model state saved to C:\Users\mateo garcia\Documents\A master\Tesis\QPINNs-2025\results\2025-12-23_13-39-41-350425\model.pth
Model weights saved to C:\Users\mateo garcia\Documents\A master\Tesis\QPINNs-2025\results\2025-12-23_13-39-41-350425\model_weights.pth
It: 140, Loss: 2.523e+01, Loss_res: 1.897e+03,  Loss_bcs: 0.000e+00, Loss_ut_ics: 3.154e-02, Loss_norm: 8.305e-03, Loss_gauge: 0.000e+00, w_pde: 0.00e+00, L^2_error: 1.299e+00, lr: 1.000e-03, Time: 1.26e+02
Model state saved to C:\Users\mateo garcia\Documents\A master\Tesis\QPINNs-2025\results\2025-12-23_13-39-41-350425\model.pth
Model weights saved to C:\Users\mateo garcia\Documents\A master\Tesis\QPINNs-2025\results\2025-12-23_13-39-41-350425\model_weights.pth
It: 150, Loss: 2.358e+01, Loss_res: 1.836e+03,  Loss_bcs: 0.000e+00, Loss_ut_ics: 2.947e-02, Loss_norm: 7.001e-03, Loss_gauge: 0.000e+00, w_pde: 0.00e+00, L^2_error: 1.302e+00, lr: 1.000e-03, Time: 1.35e+02
Model state saved to C:\Users\mateo garcia\Documents\A master\Tesis\QPINNs-2025\results\2025-12-23_13-39-41-350425\model.pth
Model weights saved to C:\Users\mateo garcia\Documents\A master\Tesis\QPINNs-2025\results\2025-12-23_13-39-41-350425\model_weights.pth
It: 160, Loss: 2.218e+01, Loss_res: 1.974e+03,  Loss_bcs: 0.000e+00, Loss_ut_ics: 2.773e-02, Loss_norm: 6.083e-03, Loss_gauge: 0.000e+00, w_pde: 0.00e+00, L^2_error: 1.304e+00, lr: 1.000e-03, Time: 1.44e+02
Model state saved to C:\Users\mateo garcia\Documents\A master\Tesis\QPINNs-2025\results\2025-12-23_13-39-41-350425\model.pth
Model weights saved to C:\Users\mateo garcia\Documents\A master\Tesis\QPINNs-2025\results\2025-12-23_13-39-41-350425\model_weights.pth
It: 170, Loss: 2.096e+01, Loss_res: 1.683e+03,  Loss_bcs: 0.000e+00, Loss_ut_ics: 2.621e-02, Loss_norm: 5.333e-03, Loss_gauge: 0.000e+00, w_pde: 0.00e+00, L^2_error: 1.305e+00, lr: 1.000e-03, Time: 1.53e+02
Model state saved to C:\Users\mateo garcia\Documents\A master\Tesis\QPINNs-2025\results\2025-12-23_13-39-41-350425\model.pth
Model weights saved to C:\Users\mateo garcia\Documents\A master\Tesis\QPINNs-2025\results\2025-12-23_13-39-41-350425\model_weights.pth
It: 180, Loss: 1.988e+01, Loss_res: 1.972e+03,  Loss_bcs: 0.000e+00, Loss_ut_ics: 2.485e-02, Loss_norm: 4.723e-03, Loss_gauge: 0.000e+00, w_pde: 0.00e+00, L^2_error: 1.307e+00, lr: 1.000e-03, Time: 1.61e+02
Model state saved to C:\Users\mateo garcia\Documents\A master\Tesis\QPINNs-2025\results\2025-12-23_13-39-41-350425\model.pth
Model weights saved to C:\Users\mateo garcia\Documents\A master\Tesis\QPINNs-2025\results\2025-12-23_13-39-41-350425\model_weights.pth
It: 190, Loss: 1.889e+01, Loss_res: 1.627e+03,  Loss_bcs: 0.000e+00, Loss_ut_ics: 2.362e-02, Loss_norm: 4.224e-03, Loss_gauge: 0.000e+00, w_pde: 0.00e+00, L^2_error: 1.308e+00, lr: 1.000e-03, Time: 1.70e+02
Model state saved to C:\Users\mateo garcia\Documents\A master\Tesis\QPINNs-2025\results\2025-12-23_13-39-41-350425\model.pth
Model weights saved to C:\Users\mateo garcia\Documents\A master\Tesis\QPINNs-2025\results\2025-12-23_13-39-41-350425\model_weights.pth
It: 200, Loss: 1.799e+01, Loss_res: 1.643e+03,  Loss_bcs: 0.000e+00, Loss_ut_ics: 2.249e-02, Loss_norm: 3.809e-03, Loss_gauge: 0.000e+00, w_pde: 0.00e+00, L^2_error: 1.309e+00, lr: 1.000e-03, Time: 1.78e+02
Model state saved to C:\Users\mateo garcia\Documents\A master\Tesis\QPINNs-2025\results\2025-12-23_13-39-41-350425\model.pth
Model weights saved to C:\Users\mateo garcia\Documents\A master\Tesis\QPINNs-2025\results\2025-12-23_13-39-41-350425\model_weights.pth
It: 1, Loss: 2.406e+01, Loss_res: 6.125e+02,  Loss_bcs: 0.000e+00, Loss_ut_ics: 2.238e-02, Loss_norm: 3.774e-03, Loss_gauge: 0.000e+00, w_pde: 1.00e-02, L^2_error: 1.886e-01, lr: 1.000e-03, Time: 1.02e+00
Model state saved to C:\Users\mateo garcia\Documents\A master\Tesis\QPINNs-2025\results\2025-12-23_13-39-41-350425\model.pth
Model weights saved to C:\Users\mateo garcia\Documents\A master\Tesis\QPINNs-2025\results\2025-12-23_13-39-41-350425\model_weights.pth
It: 10, Loss: 7.249e+01, Loss_res: 4.308e+02,  Loss_bcs: 0.000e+00, Loss_ut_ics: 3.599e-02, Loss_norm: 6.181e-02, Loss_gauge: 0.000e+00, w_pde: 1.00e-01, L^2_error: 1.762e-01, lr: 1.000e-03, Time: 8.71e+00
Model state saved to C:\Users\mateo garcia\Documents\A master\Tesis\QPINNs-2025\results\2025-12-23_13-39-41-350425\model.pth
Model weights saved to C:\Users\mateo garcia\Documents\A master\Tesis\QPINNs-2025\results\2025-12-23_13-39-41-350425\model_weights.pth
It: 20, Loss: 1.040e+02, Loss_res: 3.432e+02,  Loss_bcs: 0.000e+00, Loss_ut_ics: 4.315e-02, Loss_norm: 8.478e-02, Loss_gauge: 0.000e+00, w_pde: 2.00e-01, L^2_error: 1.934e-01, lr: 1.000e-03, Time: 1.74e+01
Model state saved to C:\Users\mateo garcia\Documents\A master\Tesis\QPINNs-2025\results\2025-12-23_13-39-41-350425\model.pth
Model weights saved to C:\Users\mateo garcia\Documents\A master\Tesis\QPINNs-2025\results\2025-12-23_13-39-41-350425\model_weights.pth
It: 30, Loss: 1.305e+02, Loss_res: 3.011e+02,  Loss_bcs: 0.000e+00, Loss_ut_ics: 4.882e-02, Loss_norm: 1.113e-01, Loss_gauge: 0.000e+00, w_pde: 3.00e-01, L^2_error: 2.093e-01, lr: 1.000e-03, Time: 2.57e+01
Model state saved to C:\Users\mateo garcia\Documents\A master\Tesis\QPINNs-2025\results\2025-12-23_13-39-41-350425\model.pth
Model weights saved to C:\Users\mateo garcia\Documents\A master\Tesis\QPINNs-2025\results\2025-12-23_13-39-41-350425\model_weights.pth
It: 40, Loss: 1.543e+02, Loss_res: 2.598e+02,  Loss_bcs: 0.000e+00, Loss_ut_ics: 6.106e-02, Loss_norm: 1.482e-01, Loss_gauge: 0.000e+00, w_pde: 4.00e-01, L^2_error: 2.491e-01, lr: 1.000e-03, Time: 3.44e+01
Model state saved to C:\Users\mateo garcia\Documents\A master\Tesis\QPINNs-2025\results\2025-12-23_13-39-41-350425\model.pth
Model weights saved to C:\Users\mateo garcia\Documents\A master\Tesis\QPINNs-2025\results\2025-12-23_13-39-41-350425\model_weights.pth
It: 50, Loss: 1.983e+02, Loss_res: 2.844e+02,  Loss_bcs: 0.000e+00, Loss_ut_ics: 6.815e-02, Loss_norm: 1.634e-01, Loss_gauge: 0.000e+00, w_pde: 5.00e-01, L^2_error: 2.759e-01, lr: 1.000e-03, Time: 4.31e+01
Model state saved to C:\Users\mateo garcia\Documents\A master\Tesis\QPINNs-2025\results\2025-12-23_13-39-41-350425\model.pth
Model weights saved to C:\Users\mateo garcia\Documents\A master\Tesis\QPINNs-2025\results\2025-12-23_13-39-41-350425\model_weights.pth
It: 60, Loss: 1.922e+02, Loss_res: 2.119e+02,  Loss_bcs: 0.000e+00, Loss_ut_ics: 7.895e-02, Loss_norm: 1.883e-01, Loss_gauge: 0.000e+00, w_pde: 6.00e-01, L^2_error: 2.562e-01, lr: 1.000e-03, Time: 5.18e+01
Model state saved to C:\Users\mateo garcia\Documents\A master\Tesis\QPINNs-2025\results\2025-12-23_13-39-41-350425\model.pth
Model weights saved to C:\Users\mateo garcia\Documents\A master\Tesis\QPINNs-2025\results\2025-12-23_13-39-41-350425\model_weights.pth
It: 70, Loss: 2.050e+02, Loss_res: 1.942e+02,  Loss_bcs: 0.000e+00, Loss_ut_ics: 8.374e-02, Loss_norm: 2.016e-01, Loss_gauge: 0.000e+00, w_pde: 7.00e-01, L^2_error: 2.891e-01, lr: 1.000e-03, Time: 6.04e+01
Model state saved to C:\Users\mateo garcia\Documents\A master\Tesis\QPINNs-2025\results\2025-12-23_13-39-41-350425\model.pth
Model weights saved to C:\Users\mateo garcia\Documents\A master\Tesis\QPINNs-2025\results\2025-12-23_13-39-41-350425\model_weights.pth
It: 80, Loss: 2.241e+02, Loss_res: 2.004e+02,  Loss_bcs: 0.000e+00, Loss_ut_ics: 7.714e-02, Loss_norm: 2.063e-01, Loss_gauge: 0.000e+00, w_pde: 8.00e-01, L^2_error: 3.047e-01, lr: 1.000e-03, Time: 6.90e+01
Model state saved to C:\Users\mateo garcia\Documents\A master\Tesis\QPINNs-2025\results\2025-12-23_13-39-41-350425\model.pth
Model weights saved to C:\Users\mateo garcia\Documents\A master\Tesis\QPINNs-2025\results\2025-12-23_13-39-41-350425\model_weights.pth
It: 90, Loss: 1.784e+02, Loss_res: 1.522e+02,  Loss_bcs: 0.000e+00, Loss_ut_ics: 5.001e-02, Loss_norm: 1.420e-01, Loss_gauge: 0.000e+00, w_pde: 9.00e-01, L^2_error: 2.098e-01, lr: 1.000e-03, Time: 7.76e+01
Model state saved to C:\Users\mateo garcia\Documents\A master\Tesis\QPINNs-2025\results\2025-12-23_13-39-41-350425\model.pth
Model weights saved to C:\Users\mateo garcia\Documents\A master\Tesis\QPINNs-2025\results\2025-12-23_13-39-41-350425\model_weights.pth
It: 100, Loss: 1.875e+02, Loss_res: 1.436e+02,  Loss_bcs: 0.000e+00, Loss_ut_ics: 5.324e-02, Loss_norm: 1.338e-01, Loss_gauge: 0.000e+00, w_pde: 1.00e+00, L^2_error: 2.442e-01, lr: 1.000e-03, Time: 8.65e+01
Model state saved to C:\Users\mateo garcia\Documents\A master\Tesis\QPINNs-2025\results\2025-12-23_13-39-41-350425\model.pth
Model weights saved to C:\Users\mateo garcia\Documents\A master\Tesis\QPINNs-2025\results\2025-12-23_13-39-41-350425\model_weights.pth
It: 110, Loss: 1.647e+02, Loss_res: 1.278e+02,  Loss_bcs: 0.000e+00, Loss_ut_ics: 4.459e-02, Loss_norm: 1.181e-01, Loss_gauge: 0.000e+00, w_pde: 1.00e+00, L^2_error: 2.080e-01, lr: 1.000e-03, Time: 9.54e+01
Model state saved to C:\Users\mateo garcia\Documents\A master\Tesis\QPINNs-2025\results\2025-12-23_13-39-41-350425\model.pth
Model weights saved to C:\Users\mateo garcia\Documents\A master\Tesis\QPINNs-2025\results\2025-12-23_13-39-41-350425\model_weights.pth
It: 120, Loss: 1.419e+02, Loss_res: 1.163e+02,  Loss_bcs: 0.000e+00, Loss_ut_ics: 3.109e-02, Loss_norm: 7.384e-02, Loss_gauge: 0.000e+00, w_pde: 1.00e+00, L^2_error: 1.753e-01, lr: 1.000e-03, Time: 1.04e+02
Model state saved to C:\Users\mateo garcia\Documents\A master\Tesis\QPINNs-2025\results\2025-12-23_13-39-41-350425\model.pth
Model weights saved to C:\Users\mateo garcia\Documents\A master\Tesis\QPINNs-2025\results\2025-12-23_13-39-41-350425\model_weights.pth
It: 130, Loss: 1.452e+02, Loss_res: 1.205e+02,  Loss_bcs: 0.000e+00, Loss_ut_ics: 2.975e-02, Loss_norm: 8.954e-02, Loss_gauge: 0.000e+00, w_pde: 1.00e+00, L^2_error: 1.775e-01, lr: 1.000e-03, Time: 1.12e+02
Model state saved to C:\Users\mateo garcia\Documents\A master\Tesis\QPINNs-2025\results\2025-12-23_13-39-41-350425\model.pth
Model weights saved to C:\Users\mateo garcia\Documents\A master\Tesis\QPINNs-2025\results\2025-12-23_13-39-41-350425\model_weights.pth
It: 140, Loss: 1.458e+02, Loss_res: 1.296e+02,  Loss_bcs: 0.000e+00, Loss_ut_ics: 1.955e-02, Loss_norm: 5.918e-02, Loss_gauge: 0.000e+00, w_pde: 1.00e+00, L^2_error: 1.639e-01, lr: 1.000e-03, Time: 1.21e+02
Model state saved to C:\Users\mateo garcia\Documents\A master\Tesis\QPINNs-2025\results\2025-12-23_13-39-41-350425\model.pth
Model weights saved to C:\Users\mateo garcia\Documents\A master\Tesis\QPINNs-2025\results\2025-12-23_13-39-41-350425\model_weights.pth
It: 150, Loss: 1.521e+02, Loss_res: 1.292e+02,  Loss_bcs: 0.000e+00, Loss_ut_ics: 2.750e-02, Loss_norm: 8.896e-02, Loss_gauge: 0.000e+00, w_pde: 1.00e+00, L^2_error: 1.789e-01, lr: 1.000e-03, Time: 1.30e+02
Model state saved to C:\Users\mateo garcia\Documents\A master\Tesis\QPINNs-2025\results\2025-12-23_13-39-41-350425\model.pth
Model weights saved to C:\Users\mateo garcia\Documents\A master\Tesis\QPINNs-2025\results\2025-12-23_13-39-41-350425\model_weights.pth
It: 160, Loss: 1.527e+02, Loss_res: 1.210e+02,  Loss_bcs: 0.000e+00, Loss_ut_ics: 3.833e-02, Loss_norm: 1.055e-01, Loss_gauge: 0.000e+00, w_pde: 1.00e+00, L^2_error: 2.264e-01, lr: 1.000e-03, Time: 1.39e+02
Model state saved to C:\Users\mateo garcia\Documents\A master\Tesis\QPINNs-2025\results\2025-12-23_13-39-41-350425\model.pth
Model weights saved to C:\Users\mateo garcia\Documents\A master\Tesis\QPINNs-2025\results\2025-12-23_13-39-41-350425\model_weights.pth
It: 170, Loss: 1.619e+02, Loss_res: 1.228e+02,  Loss_bcs: 0.000e+00, Loss_ut_ics: 4.737e-02, Loss_norm: 1.227e-01, Loss_gauge: 0.000e+00, w_pde: 1.00e+00, L^2_error: 1.985e-01, lr: 1.000e-03, Time: 1.48e+02
Model state saved to C:\Users\mateo garcia\Documents\A master\Tesis\QPINNs-2025\results\2025-12-23_13-39-41-350425\model.pth
Model weights saved to C:\Users\mateo garcia\Documents\A master\Tesis\QPINNs-2025\results\2025-12-23_13-39-41-350425\model_weights.pth
It: 180, Loss: 1.335e+02, Loss_res: 1.057e+02,  Loss_bcs: 0.000e+00, Loss_ut_ics: 3.349e-02, Loss_norm: 9.966e-02, Loss_gauge: 0.000e+00, w_pde: 1.00e+00, L^2_error: 1.709e-01, lr: 1.000e-03, Time: 1.56e+02
Model state saved to C:\Users\mateo garcia\Documents\A master\Tesis\QPINNs-2025\results\2025-12-23_13-39-41-350425\model.pth
Model weights saved to C:\Users\mateo garcia\Documents\A master\Tesis\QPINNs-2025\results\2025-12-23_13-39-41-350425\model_weights.pth
It: 190, Loss: 1.545e+02, Loss_res: 1.315e+02,  Loss_bcs: 0.000e+00, Loss_ut_ics: 2.773e-02, Loss_norm: 8.387e-02, Loss_gauge: 0.000e+00, w_pde: 1.00e+00, L^2_error: 1.586e-01, lr: 1.000e-03, Time: 1.64e+02
Model state saved to C:\Users\mateo garcia\Documents\A master\Tesis\QPINNs-2025\results\2025-12-23_13-39-41-350425\model.pth
Model weights saved to C:\Users\mateo garcia\Documents\A master\Tesis\QPINNs-2025\results\2025-12-23_13-39-41-350425\model_weights.pth
It: 200, Loss: 1.504e+02, Loss_res: 1.258e+02,  Loss_bcs: 0.000e+00, Loss_ut_ics: 2.969e-02, Loss_norm: 9.126e-02, Loss_gauge: 0.000e+00, w_pde: 1.00e+00, L^2_error: 1.970e-01, lr: 1.000e-03, Time: 1.71e+02
Model state saved to C:\Users\mateo garcia\Documents\A master\Tesis\QPINNs-2025\results\2025-12-23_13-39-41-350425\model.pth
Model weights saved to C:\Users\mateo garcia\Documents\A master\Tesis\QPINNs-2025\results\2025-12-23_13-39-41-350425\model_weights.pth
The circuit used in the study:
It: 1, Loss: 8.186e+02, Loss_res: 3.088e-01,  Loss_bcs: 0.000e+00, Loss_ut_ics: 1.023e+00, Loss_norm: 9.912e-01, Loss_gauge: 0.000e+00, w_pde: 0.00e+00, L^2_error: 9.980e-01, lr: 1.000e-03, Time: 1.25e+00
Model state saved to C:\Users\mateo garcia\Documents\A master\Tesis\QPINNs-2025\results\2025-12-23_14-28-56-496756\model.pth
Model weights saved to C:\Users\mateo garcia\Documents\A master\Tesis\QPINNs-2025\results\2025-12-23_14-28-56-496756\model_weights.pth
It: 10, Loss: 7.705e+02, Loss_res: 1.434e+00,  Loss_bcs: 0.000e+00, Loss_ut_ics: 9.631e-01, Loss_norm: 9.652e-01, Loss_gauge: 0.000e+00, w_pde: 0.00e+00, L^2_error: 1.037e+00, lr: 1.000e-03, Time: 8.86e+00
Model state saved to C:\Users\mateo garcia\Documents\A master\Tesis\QPINNs-2025\results\2025-12-23_14-28-56-496756\model.pth
Model weights saved to C:\Users\mateo garcia\Documents\A master\Tesis\QPINNs-2025\results\2025-12-23_14-28-56-496756\model_weights.pth
It: 20, Loss: 7.326e+02, Loss_res: 3.072e+00,  Loss_bcs: 0.000e+00, Loss_ut_ics: 9.157e-01, Loss_norm: 9.455e-01, Loss_gauge: 0.000e+00, w_pde: 0.00e+00, L^2_error: 1.067e+00, lr: 1.000e-03, Time: 1.72e+01
Model state saved to C:\Users\mateo garcia\Documents\A master\Tesis\QPINNs-2025\results\2025-12-23_14-28-56-496756\model.pth
Model weights saved to C:\Users\mateo garcia\Documents\A master\Tesis\QPINNs-2025\results\2025-12-23_14-28-56-496756\model_weights.pth
It: 30, Loss: 6.382e+02, Loss_res: 7.861e+00,  Loss_bcs: 0.000e+00, Loss_ut_ics: 7.978e-01, Loss_norm: 9.188e-01, Loss_gauge: 0.000e+00, w_pde: 0.00e+00, L^2_error: 1.140e+00, lr: 1.000e-03, Time: 2.53e+01
Model state saved to C:\Users\mateo garcia\Documents\A master\Tesis\QPINNs-2025\results\2025-12-23_14-28-56-496756\model.pth
Model weights saved to C:\Users\mateo garcia\Documents\A master\Tesis\QPINNs-2025\results\2025-12-23_14-28-56-496756\model_weights.pth
It: 40, Loss: 4.766e+02, Loss_res: 2.778e+01,  Loss_bcs: 0.000e+00, Loss_ut_ics: 5.958e-01, Loss_norm: 8.210e-01, Loss_gauge: 0.000e+00, w_pde: 0.00e+00, L^2_error: 1.272e+00, lr: 1.000e-03, Time: 3.34e+01
Model state saved to C:\Users\mateo garcia\Documents\A master\Tesis\QPINNs-2025\results\2025-12-23_14-28-56-496756\model.pth
Model weights saved to C:\Users\mateo garcia\Documents\A master\Tesis\QPINNs-2025\results\2025-12-23_14-28-56-496756\model_weights.pth
It: 50, Loss: 2.893e+02, Loss_res: 6.273e+01,  Loss_bcs: 0.000e+00, Loss_ut_ics: 3.617e-01, Loss_norm: 6.596e-01, Loss_gauge: 0.000e+00, w_pde: 0.00e+00, L^2_error: 1.434e+00, lr: 1.000e-03, Time: 4.21e+01
Model state saved to C:\Users\mateo garcia\Documents\A master\Tesis\QPINNs-2025\results\2025-12-23_14-28-56-496756\model.pth
Model weights saved to C:\Users\mateo garcia\Documents\A master\Tesis\QPINNs-2025\results\2025-12-23_14-28-56-496756\model_weights.pth
It: 60, Loss: 1.346e+02, Loss_res: 1.812e+02,  Loss_bcs: 0.000e+00, Loss_ut_ics: 1.682e-01, Loss_norm: 3.888e-01, Loss_gauge: 0.000e+00, w_pde: 0.00e+00, L^2_error: 1.623e+00, lr: 1.000e-03, Time: 4.99e+01
Model state saved to C:\Users\mateo garcia\Documents\A master\Tesis\QPINNs-2025\results\2025-12-23_14-28-56-496756\model.pth
Model weights saved to C:\Users\mateo garcia\Documents\A master\Tesis\QPINNs-2025\results\2025-12-23_14-28-56-496756\model_weights.pth
It: 70, Loss: 4.425e+01, Loss_res: 2.947e+02,  Loss_bcs: 0.000e+00, Loss_ut_ics: 5.532e-02, Loss_norm: 1.280e-01, Loss_gauge: 0.000e+00, w_pde: 0.00e+00, L^2_error: 1.810e+00, lr: 1.000e-03, Time: 5.87e+01
Model state saved to C:\Users\mateo garcia\Documents\A master\Tesis\QPINNs-2025\results\2025-12-23_14-28-56-496756\model.pth
Model weights saved to C:\Users\mateo garcia\Documents\A master\Tesis\QPINNs-2025\results\2025-12-23_14-28-56-496756\model_weights.pth
It: 80, Loss: 1.400e+01, Loss_res: 4.773e+02,  Loss_bcs: 0.000e+00, Loss_ut_ics: 1.750e-02, Loss_norm: 5.796e-03, Loss_gauge: 0.000e+00, w_pde: 0.00e+00, L^2_error: 1.963e+00, lr: 1.000e-03, Time: 6.70e+01
Model state saved to C:\Users\mateo garcia\Documents\A master\Tesis\QPINNs-2025\results\2025-12-23_14-28-56-496756\model.pth
Model weights saved to C:\Users\mateo garcia\Documents\A master\Tesis\QPINNs-2025\results\2025-12-23_14-28-56-496756\model_weights.pth
It: 90, Loss: 6.629e+00, Loss_res: 4.296e+02,  Loss_bcs: 0.000e+00, Loss_ut_ics: 8.287e-03, Loss_norm: 9.357e-05, Loss_gauge: 0.000e+00, w_pde: 0.00e+00, L^2_error: 1.993e+00, lr: 1.000e-03, Time: 7.55e+01
Model state saved to C:\Users\mateo garcia\Documents\A master\Tesis\QPINNs-2025\results\2025-12-23_14-28-56-496756\model.pth
Model weights saved to C:\Users\mateo garcia\Documents\A master\Tesis\QPINNs-2025\results\2025-12-23_14-28-56-496756\model_weights.pth
It: 100, Loss: 3.457e+00, Loss_res: 3.341e+02,  Loss_bcs: 0.000e+00, Loss_ut_ics: 4.321e-03, Loss_norm: 5.925e-03, Loss_gauge: 0.000e+00, w_pde: 0.00e+00, L^2_error: 1.957e+00, lr: 1.000e-03, Time: 8.60e+01
Model state saved to C:\Users\mateo garcia\Documents\A master\Tesis\QPINNs-2025\results\2025-12-23_14-28-56-496756\model.pth
Model weights saved to C:\Users\mateo garcia\Documents\A master\Tesis\QPINNs-2025\results\2025-12-23_14-28-56-496756\model_weights.pth
It: 110, Loss: 1.941e+00, Loss_res: 4.023e+02,  Loss_bcs: 0.000e+00, Loss_ut_ics: 2.427e-03, Loss_norm: 2.867e-06, Loss_gauge: 0.000e+00, w_pde: 0.00e+00, L^2_error: 1.994e+00, lr: 1.000e-03, Time: 9.67e+01
Model state saved to C:\Users\mateo garcia\Documents\A master\Tesis\QPINNs-2025\results\2025-12-23_14-28-56-496756\model.pth
Model weights saved to C:\Users\mateo garcia\Documents\A master\Tesis\QPINNs-2025\results\2025-12-23_14-28-56-496756\model_weights.pth
It: 120, Loss: 1.370e+00, Loss_res: 3.191e+02,  Loss_bcs: 0.000e+00, Loss_ut_ics: 1.712e-03, Loss_norm: 9.336e-04, Loss_gauge: 0.000e+00, w_pde: 0.00e+00, L^2_error: 1.978e+00, lr: 1.000e-03, Time: 1.06e+02
Model state saved to C:\Users\mateo garcia\Documents\A master\Tesis\QPINNs-2025\results\2025-12-23_14-28-56-496756\model.pth
Model weights saved to C:\Users\mateo garcia\Documents\A master\Tesis\QPINNs-2025\results\2025-12-23_14-28-56-496756\model_weights.pth
It: 130, Loss: 1.091e+00, Loss_res: 3.288e+02,  Loss_bcs: 0.000e+00, Loss_ut_ics: 1.364e-03, Loss_norm: 1.810e-04, Loss_gauge: 0.000e+00, w_pde: 0.00e+00, L^2_error: 1.989e+00, lr: 1.000e-03, Time: 1.17e+02
Model state saved to C:\Users\mateo garcia\Documents\A master\Tesis\QPINNs-2025\results\2025-12-23_14-28-56-496756\model.pth
Model weights saved to C:\Users\mateo garcia\Documents\A master\Tesis\QPINNs-2025\results\2025-12-23_14-28-56-496756\model_weights.pth
It: 140, Loss: 9.092e-01, Loss_res: 3.514e+02,  Loss_bcs: 0.000e+00, Loss_ut_ics: 1.136e-03, Loss_norm: 2.776e-04, Loss_gauge: 0.000e+00, w_pde: 0.00e+00, L^2_error: 1.985e+00, lr: 1.000e-03, Time: 1.29e+02
Model state saved to C:\Users\mateo garcia\Documents\A master\Tesis\QPINNs-2025\results\2025-12-23_14-28-56-496756\model.pth
Model weights saved to C:\Users\mateo garcia\Documents\A master\Tesis\QPINNs-2025\results\2025-12-23_14-28-56-496756\model_weights.pth
It: 150, Loss: 7.751e-01, Loss_res: 3.099e+02,  Loss_bcs: 0.000e+00, Loss_ut_ics: 9.689e-04, Loss_norm: 1.343e-04, Loss_gauge: 0.000e+00, w_pde: 0.00e+00, L^2_error: 1.989e+00, lr: 1.000e-03, Time: 1.40e+02
Model state saved to C:\Users\mateo garcia\Documents\A master\Tesis\QPINNs-2025\results\2025-12-23_14-28-56-496756\model.pth
Model weights saved to C:\Users\mateo garcia\Documents\A master\Tesis\QPINNs-2025\results\2025-12-23_14-28-56-496756\model_weights.pth
It: 160, Loss: 6.716e-01, Loss_res: 3.377e+02,  Loss_bcs: 0.000e+00, Loss_ut_ics: 8.396e-04, Loss_norm: 1.484e-04, Loss_gauge: 0.000e+00, w_pde: 0.00e+00, L^2_error: 1.988e+00, lr: 1.000e-03, Time: 1.52e+02
Model state saved to C:\Users\mateo garcia\Documents\A master\Tesis\QPINNs-2025\results\2025-12-23_14-28-56-496756\model.pth
Model weights saved to C:\Users\mateo garcia\Documents\A master\Tesis\QPINNs-2025\results\2025-12-23_14-28-56-496756\model_weights.pth
It: 170, Loss: 5.898e-01, Loss_res: 3.204e+02,  Loss_bcs: 0.000e+00, Loss_ut_ics: 7.372e-04, Loss_norm: 7.713e-05, Loss_gauge: 0.000e+00, w_pde: 0.00e+00, L^2_error: 1.990e+00, lr: 1.000e-03, Time: 1.62e+02
Model state saved to C:\Users\mateo garcia\Documents\A master\Tesis\QPINNs-2025\results\2025-12-23_14-28-56-496756\model.pth
Model weights saved to C:\Users\mateo garcia\Documents\A master\Tesis\QPINNs-2025\results\2025-12-23_14-28-56-496756\model_weights.pth
It: 180, Loss: 5.239e-01, Loss_res: 3.248e+02,  Loss_bcs: 0.000e+00, Loss_ut_ics: 6.549e-04, Loss_norm: 8.550e-05, Loss_gauge: 0.000e+00, w_pde: 0.00e+00, L^2_error: 1.990e+00, lr: 1.000e-03, Time: 1.73e+02
Model state saved to C:\Users\mateo garcia\Documents\A master\Tesis\QPINNs-2025\results\2025-12-23_14-28-56-496756\model.pth
Model weights saved to C:\Users\mateo garcia\Documents\A master\Tesis\QPINNs-2025\results\2025-12-23_14-28-56-496756\model_weights.pth
It: 190, Loss: 4.705e-01, Loss_res: 3.214e+02,  Loss_bcs: 0.000e+00, Loss_ut_ics: 5.881e-04, Loss_norm: 5.004e-05, Loss_gauge: 0.000e+00, w_pde: 0.00e+00, L^2_error: 1.991e+00, lr: 1.000e-03, Time: 1.85e+02
Model state saved to C:\Users\mateo garcia\Documents\A master\Tesis\QPINNs-2025\results\2025-12-23_14-28-56-496756\model.pth
Model weights saved to C:\Users\mateo garcia\Documents\A master\Tesis\QPINNs-2025\results\2025-12-23_14-28-56-496756\model_weights.pth
It: 200, Loss: 4.272e-01, Loss_res: 2.981e+02,  Loss_bcs: 0.000e+00, Loss_ut_ics: 5.339e-04, Loss_norm: 4.579e-05, Loss_gauge: 0.000e+00, w_pde: 0.00e+00, L^2_error: 1.991e+00, lr: 1.000e-03, Time: 1.96e+02
Model state saved to C:\Users\mateo garcia\Documents\A master\Tesis\QPINNs-2025\results\2025-12-23_14-28-56-496756\model.pth
Model weights saved to C:\Users\mateo garcia\Documents\A master\Tesis\QPINNs-2025\results\2025-12-23_14-28-56-496756\model_weights.pth
It: 210, Loss: 3.920e-01, Loss_res: 3.164e+02,  Loss_bcs: 0.000e+00, Loss_ut_ics: 4.900e-04, Loss_norm: 3.383e-05, Loss_gauge: 0.000e+00, w_pde: 0.00e+00, L^2_error: 1.991e+00, lr: 1.000e-03, Time: 2.08e+02
Model state saved to C:\Users\mateo garcia\Documents\A master\Tesis\QPINNs-2025\results\2025-12-23_14-28-56-496756\model.pth
Model weights saved to C:\Users\mateo garcia\Documents\A master\Tesis\QPINNs-2025\results\2025-12-23_14-28-56-496756\model_weights.pth
It: 220, Loss: 3.636e-01, Loss_res: 2.812e+02,  Loss_bcs: 0.000e+00, Loss_ut_ics: 4.545e-04, Loss_norm: 2.526e-05, Loss_gauge: 0.000e+00, w_pde: 0.00e+00, L^2_error: 1.992e+00, lr: 1.000e-03, Time: 2.18e+02
Model state saved to C:\Users\mateo garcia\Documents\A master\Tesis\QPINNs-2025\results\2025-12-23_14-28-56-496756\model.pth
Model weights saved to C:\Users\mateo garcia\Documents\A master\Tesis\QPINNs-2025\results\2025-12-23_14-28-56-496756\model_weights.pth
It: 230, Loss: 3.406e-01, Loss_res: 3.419e+02,  Loss_bcs: 0.000e+00, Loss_ut_ics: 4.257e-04, Loss_norm: 2.061e-05, Loss_gauge: 0.000e+00, w_pde: 0.00e+00, L^2_error: 1.992e+00, lr: 1.000e-03, Time: 2.27e+02
Model state saved to C:\Users\mateo garcia\Documents\A master\Tesis\QPINNs-2025\results\2025-12-23_14-28-56-496756\model.pth
Model weights saved to C:\Users\mateo garcia\Documents\A master\Tesis\QPINNs-2025\results\2025-12-23_14-28-56-496756\model_weights.pth
It: 240, Loss: 3.220e-01, Loss_res: 3.182e+02,  Loss_bcs: 0.000e+00, Loss_ut_ics: 4.025e-04, Loss_norm: 1.531e-05, Loss_gauge: 0.000e+00, w_pde: 0.00e+00, L^2_error: 1.992e+00, lr: 1.000e-03, Time: 2.36e+02
Model state saved to C:\Users\mateo garcia\Documents\A master\Tesis\QPINNs-2025\results\2025-12-23_14-28-56-496756\model.pth
Model weights saved to C:\Users\mateo garcia\Documents\A master\Tesis\QPINNs-2025\results\2025-12-23_14-28-56-496756\model_weights.pth
It: 250, Loss: 3.070e-01, Loss_res: 3.140e+02,  Loss_bcs: 0.000e+00, Loss_ut_ics: 3.837e-04, Loss_norm: 1.172e-05, Loss_gauge: 0.000e+00, w_pde: 0.00e+00, L^2_error: 1.993e+00, lr: 1.000e-03, Time: 2.46e+02
Model state saved to C:\Users\mateo garcia\Documents\A master\Tesis\QPINNs-2025\results\2025-12-23_14-28-56-496756\model.pth
Model weights saved to C:\Users\mateo garcia\Documents\A master\Tesis\QPINNs-2025\results\2025-12-23_14-28-56-496756\model_weights.pth
It: 260, Loss: 2.949e-01, Loss_res: 3.152e+02,  Loss_bcs: 0.000e+00, Loss_ut_ics: 3.686e-04, Loss_norm: 9.066e-06, Loss_gauge: 0.000e+00, w_pde: 0.00e+00, L^2_error: 1.993e+00, lr: 1.000e-03, Time: 2.55e+02
Model state saved to C:\Users\mateo garcia\Documents\A master\Tesis\QPINNs-2025\results\2025-12-23_14-28-56-496756\model.pth
Model weights saved to C:\Users\mateo garcia\Documents\A master\Tesis\QPINNs-2025\results\2025-12-23_14-28-56-496756\model_weights.pth
It: 270, Loss: 2.852e-01, Loss_res: 3.086e+02,  Loss_bcs: 0.000e+00, Loss_ut_ics: 3.565e-04, Loss_norm: 6.830e-06, Loss_gauge: 0.000e+00, w_pde: 0.00e+00, L^2_error: 1.993e+00, lr: 1.000e-03, Time: 2.63e+02
Model state saved to C:\Users\mateo garcia\Documents\A master\Tesis\QPINNs-2025\results\2025-12-23_14-28-56-496756\model.pth
Model weights saved to C:\Users\mateo garcia\Documents\A master\Tesis\QPINNs-2025\results\2025-12-23_14-28-56-496756\model_weights.pth
It: 280, Loss: 2.773e-01, Loss_res: 3.237e+02,  Loss_bcs: 0.000e+00, Loss_ut_ics: 3.466e-04, Loss_norm: 5.151e-06, Loss_gauge: 0.000e+00, w_pde: 0.00e+00, L^2_error: 1.993e+00, lr: 1.000e-03, Time: 2.72e+02
Model state saved to C:\Users\mateo garcia\Documents\A master\Tesis\QPINNs-2025\results\2025-12-23_14-28-56-496756\model.pth
Model weights saved to C:\Users\mateo garcia\Documents\A master\Tesis\QPINNs-2025\results\2025-12-23_14-28-56-496756\model_weights.pth
It: 290, Loss: 2.709e-01, Loss_res: 3.027e+02,  Loss_bcs: 0.000e+00, Loss_ut_ics: 3.387e-04, Loss_norm: 3.903e-06, Loss_gauge: 0.000e+00, w_pde: 0.00e+00, L^2_error: 1.993e+00, lr: 1.000e-03, Time: 2.81e+02
Model state saved to C:\Users\mateo garcia\Documents\A master\Tesis\QPINNs-2025\results\2025-12-23_14-28-56-496756\model.pth
Model weights saved to C:\Users\mateo garcia\Documents\A master\Tesis\QPINNs-2025\results\2025-12-23_14-28-56-496756\model_weights.pth
It: 300, Loss: 2.658e-01, Loss_res: 3.165e+02,  Loss_bcs: 0.000e+00, Loss_ut_ics: 3.322e-04, Loss_norm: 2.928e-06, Loss_gauge: 0.000e+00, w_pde: 0.00e+00, L^2_error: 1.994e+00, lr: 1.000e-03, Time: 2.89e+02
Model state saved to C:\Users\mateo garcia\Documents\A master\Tesis\QPINNs-2025\results\2025-12-23_14-28-56-496756\model.pth
Model weights saved to C:\Users\mateo garcia\Documents\A master\Tesis\QPINNs-2025\results\2025-12-23_14-28-56-496756\model_weights.pth
It: 1, Loss: 4.899e-01, Loss_res: 2.246e+01,  Loss_bcs: 0.000e+00, Loss_ut_ics: 3.316e-04, Loss_norm: 2.844e-06, Loss_gauge: 0.000e+00, w_pde: 1.00e-02, L^2_error: 8.114e-02, lr: 1.000e-03, Time: 9.33e-01
Model state saved to C:\Users\mateo garcia\Documents\A master\Tesis\QPINNs-2025\results\2025-12-23_14-28-56-496756\model.pth
Model weights saved to C:\Users\mateo garcia\Documents\A master\Tesis\QPINNs-2025\results\2025-12-23_14-28-56-496756\model_weights.pth
It: 10, Loss: 3.512e+00, Loss_res: 1.938e+01,  Loss_bcs: 0.000e+00, Loss_ut_ics: 1.966e-03, Loss_norm: 1.298e-04, Loss_gauge: 0.000e+00, w_pde: 1.00e-01, L^2_error: 2.891e-02, lr: 1.000e-03, Time: 8.38e+00
Model state saved to C:\Users\mateo garcia\Documents\A master\Tesis\QPINNs-2025\results\2025-12-23_14-28-56-496756\model.pth
Model weights saved to C:\Users\mateo garcia\Documents\A master\Tesis\QPINNs-2025\results\2025-12-23_14-28-56-496756\model_weights.pth
It: 20, Loss: 4.650e+00, Loss_res: 1.960e+01,  Loss_bcs: 0.000e+00, Loss_ut_ics: 9.084e-04, Loss_norm: 2.550e-04, Loss_gauge: 0.000e+00, w_pde: 2.00e-01, L^2_error: 2.518e-02, lr: 1.000e-03, Time: 1.66e+01
Model state saved to C:\Users\mateo garcia\Documents\A master\Tesis\QPINNs-2025\results\2025-12-23_14-28-56-496756\model.pth
Model weights saved to C:\Users\mateo garcia\Documents\A master\Tesis\QPINNs-2025\results\2025-12-23_14-28-56-496756\model_weights.pth
It: 30, Loss: 5.761e+00, Loss_res: 1.721e+01,  Loss_bcs: 0.000e+00, Loss_ut_ics: 7.335e-04, Loss_norm: 1.124e-03, Loss_gauge: 0.000e+00, w_pde: 3.00e-01, L^2_error: 2.218e-02, lr: 1.000e-03, Time: 2.51e+01
Model state saved to C:\Users\mateo garcia\Documents\A master\Tesis\QPINNs-2025\results\2025-12-23_14-28-56-496756\model.pth
Model weights saved to C:\Users\mateo garcia\Documents\A master\Tesis\QPINNs-2025\results\2025-12-23_14-28-56-496756\model_weights.pth
It: 40, Loss: 8.014e+00, Loss_res: 1.885e+01,  Loss_bcs: 0.000e+00, Loss_ut_ics: 5.797e-04, Loss_norm: 1.015e-03, Loss_gauge: 0.000e+00, w_pde: 4.00e-01, L^2_error: 2.148e-02, lr: 1.000e-03, Time: 3.37e+01
Model state saved to C:\Users\mateo garcia\Documents\A master\Tesis\QPINNs-2025\results\2025-12-23_14-28-56-496756\model.pth
Model weights saved to C:\Users\mateo garcia\Documents\A master\Tesis\QPINNs-2025\results\2025-12-23_14-28-56-496756\model_weights.pth
It: 50, Loss: 9.058e+00, Loss_res: 1.719e+01,  Loss_bcs: 0.000e+00, Loss_ut_ics: 5.690e-04, Loss_norm: 8.209e-04, Loss_gauge: 0.000e+00, w_pde: 5.00e-01, L^2_error: 2.224e-02, lr: 1.000e-03, Time: 4.20e+01
Model state saved to C:\Users\mateo garcia\Documents\A master\Tesis\QPINNs-2025\results\2025-12-23_14-28-56-496756\model.pth
Model weights saved to C:\Users\mateo garcia\Documents\A master\Tesis\QPINNs-2025\results\2025-12-23_14-28-56-496756\model_weights.pth
It: 60, Loss: 1.083e+01, Loss_res: 1.736e+01,  Loss_bcs: 0.000e+00, Loss_ut_ics: 5.011e-04, Loss_norm: 5.749e-04, Loss_gauge: 0.000e+00, w_pde: 6.00e-01, L^2_error: 2.371e-02, lr: 1.000e-03, Time: 5.02e+01
Model state saved to C:\Users\mateo garcia\Documents\A master\Tesis\QPINNs-2025\results\2025-12-23_14-28-56-496756\model.pth
Model weights saved to C:\Users\mateo garcia\Documents\A master\Tesis\QPINNs-2025\results\2025-12-23_14-28-56-496756\model_weights.pth
It: 70, Loss: 1.232e+01, Loss_res: 1.666e+01,  Loss_bcs: 0.000e+00, Loss_ut_ics: 8.058e-04, Loss_norm: 1.049e-03, Loss_gauge: 0.000e+00, w_pde: 7.00e-01, L^2_error: 2.734e-02, lr: 1.000e-03, Time: 5.90e+01
Model state saved to C:\Users\mateo garcia\Documents\A master\Tesis\QPINNs-2025\results\2025-12-23_14-28-56-496756\model.pth
Model weights saved to C:\Users\mateo garcia\Documents\A master\Tesis\QPINNs-2025\results\2025-12-23_14-28-56-496756\model_weights.pth
It: 80, Loss: 1.421e+01, Loss_res: 1.692e+01,  Loss_bcs: 0.000e+00, Loss_ut_ics: 8.277e-04, Loss_norm: 1.444e-03, Loss_gauge: 0.000e+00, w_pde: 8.00e-01, L^2_error: 2.504e-02, lr: 1.000e-03, Time: 6.81e+01
Model state saved to C:\Users\mateo garcia\Documents\A master\Tesis\QPINNs-2025\results\2025-12-23_14-28-56-496756\model.pth
Model weights saved to C:\Users\mateo garcia\Documents\A master\Tesis\QPINNs-2025\results\2025-12-23_14-28-56-496756\model_weights.pth
It: 90, Loss: 1.588e+01, Loss_res: 1.673e+01,  Loss_bcs: 0.000e+00, Loss_ut_ics: 1.005e-03, Loss_norm: 2.062e-03, Loss_gauge: 0.000e+00, w_pde: 9.00e-01, L^2_error: 3.563e-02, lr: 1.000e-03, Time: 7.72e+01
Model state saved to C:\Users\mateo garcia\Documents\A master\Tesis\QPINNs-2025\results\2025-12-23_14-28-56-496756\model.pth
Model weights saved to C:\Users\mateo garcia\Documents\A master\Tesis\QPINNs-2025\results\2025-12-23_14-28-56-496756\model_weights.pth
It: 100, Loss: 1.476e+01, Loss_res: 1.408e+01,  Loss_bcs: 0.000e+00, Loss_ut_ics: 8.313e-04, Loss_norm: 1.555e-03, Loss_gauge: 0.000e+00, w_pde: 1.00e+00, L^2_error: 2.400e-02, lr: 1.000e-03, Time: 8.64e+01
Model state saved to C:\Users\mateo garcia\Documents\A master\Tesis\QPINNs-2025\results\2025-12-23_14-28-56-496756\model.pth
Model weights saved to C:\Users\mateo garcia\Documents\A master\Tesis\QPINNs-2025\results\2025-12-23_14-28-56-496756\model_weights.pth
It: 110, Loss: 1.493e+01, Loss_res: 1.382e+01,  Loss_bcs: 0.000e+00, Loss_ut_ics: 1.359e-03, Loss_norm: 1.728e-03, Loss_gauge: 0.000e+00, w_pde: 1.00e+00, L^2_error: 3.031e-02, lr: 1.000e-03, Time: 9.80e+01
Model state saved to C:\Users\mateo garcia\Documents\A master\Tesis\QPINNs-2025\results\2025-12-23_14-28-56-496756\model.pth
Model weights saved to C:\Users\mateo garcia\Documents\A master\Tesis\QPINNs-2025\results\2025-12-23_14-28-56-496756\model_weights.pth
It: 120, Loss: 1.272e+01, Loss_res: 1.187e+01,  Loss_bcs: 0.000e+00, Loss_ut_ics: 1.032e-03, Loss_norm: 2.070e-03, Loss_gauge: 0.000e+00, w_pde: 1.00e+00, L^2_error: 2.860e-02, lr: 1.000e-03, Time: 1.09e+02
Model state saved to C:\Users\mateo garcia\Documents\A master\Tesis\QPINNs-2025\results\2025-12-23_14-28-56-496756\model.pth
Model weights saved to C:\Users\mateo garcia\Documents\A master\Tesis\QPINNs-2025\results\2025-12-23_14-28-56-496756\model_weights.pth
It: 130, Loss: 1.466e+01, Loss_res: 1.395e+01,  Loss_bcs: 0.000e+00, Loss_ut_ics: 8.772e-04, Loss_norm: 6.563e-04, Loss_gauge: 0.000e+00, w_pde: 1.00e+00, L^2_error: 3.271e-02, lr: 1.000e-03, Time: 1.17e+02
Model state saved to C:\Users\mateo garcia\Documents\A master\Tesis\QPINNs-2025\results\2025-12-23_14-28-56-496756\model.pth
Model weights saved to C:\Users\mateo garcia\Documents\A master\Tesis\QPINNs-2025\results\2025-12-23_14-28-56-496756\model_weights.pth
It: 140, Loss: 1.209e+01, Loss_res: 1.142e+01,  Loss_bcs: 0.000e+00, Loss_ut_ics: 8.194e-04, Loss_norm: 1.163e-03, Loss_gauge: 0.000e+00, w_pde: 1.00e+00, L^2_error: 3.023e-02, lr: 1.000e-03, Time: 1.26e+02
Model state saved to C:\Users\mateo garcia\Documents\A master\Tesis\QPINNs-2025\results\2025-12-23_14-28-56-496756\model.pth
Model weights saved to C:\Users\mateo garcia\Documents\A master\Tesis\QPINNs-2025\results\2025-12-23_14-28-56-496756\model_weights.pth
It: 150, Loss: 1.274e+01, Loss_res: 1.204e+01,  Loss_bcs: 0.000e+00, Loss_ut_ics: 8.626e-04, Loss_norm: 1.538e-03, Loss_gauge: 0.000e+00, w_pde: 1.00e+00, L^2_error: 3.186e-02, lr: 1.000e-03, Time: 1.36e+02
Model state saved to C:\Users\mateo garcia\Documents\A master\Tesis\QPINNs-2025\results\2025-12-23_14-28-56-496756\model.pth
Model weights saved to C:\Users\mateo garcia\Documents\A master\Tesis\QPINNs-2025\results\2025-12-23_14-28-56-496756\model_weights.pth
It: 160, Loss: 1.245e+01, Loss_res: 1.177e+01,  Loss_bcs: 0.000e+00, Loss_ut_ics: 8.433e-04, Loss_norm: 1.130e-03, Loss_gauge: 0.000e+00, w_pde: 1.00e+00, L^2_error: 2.407e-02, lr: 1.000e-03, Time: 1.43e+02
Model state saved to C:\Users\mateo garcia\Documents\A master\Tesis\QPINNs-2025\results\2025-12-23_14-28-56-496756\model.pth
Model weights saved to C:\Users\mateo garcia\Documents\A master\Tesis\QPINNs-2025\results\2025-12-23_14-28-56-496756\model_weights.pth
It: 170, Loss: 1.291e+01, Loss_res: 1.237e+01,  Loss_bcs: 0.000e+00, Loss_ut_ics: 6.543e-04, Loss_norm: 1.468e-03, Loss_gauge: 0.000e+00, w_pde: 1.00e+00, L^2_error: 2.848e-02, lr: 1.000e-03, Time: 1.51e+02
Model state saved to C:\Users\mateo garcia\Documents\A master\Tesis\QPINNs-2025\results\2025-12-23_14-28-56-496756\model.pth
Model weights saved to C:\Users\mateo garcia\Documents\A master\Tesis\QPINNs-2025\results\2025-12-23_14-28-56-496756\model_weights.pth
It: 180, Loss: 1.260e+01, Loss_res: 1.185e+01,  Loss_bcs: 0.000e+00, Loss_ut_ics: 9.359e-04, Loss_norm: 4.039e-04, Loss_gauge: 0.000e+00, w_pde: 1.00e+00, L^2_error: 3.255e-02, lr: 1.000e-03, Time: 1.59e+02
Model state saved to C:\Users\mateo garcia\Documents\A master\Tesis\QPINNs-2025\results\2025-12-23_14-28-56-496756\model.pth
Model weights saved to C:\Users\mateo garcia\Documents\A master\Tesis\QPINNs-2025\results\2025-12-23_14-28-56-496756\model_weights.pth
It: 190, Loss: 1.035e+01, Loss_res: 9.165e+00,  Loss_bcs: 0.000e+00, Loss_ut_ics: 1.456e-03, Loss_norm: 1.640e-03, Loss_gauge: 0.000e+00, w_pde: 1.00e+00, L^2_error: 3.786e-02, lr: 1.000e-03, Time: 1.68e+02
Model state saved to C:\Users\mateo garcia\Documents\A master\Tesis\QPINNs-2025\results\2025-12-23_14-28-56-496756\model.pth
Model weights saved to C:\Users\mateo garcia\Documents\A master\Tesis\QPINNs-2025\results\2025-12-23_14-28-56-496756\model_weights.pth
It: 200, Loss: 1.113e+01, Loss_res: 1.033e+01,  Loss_bcs: 0.000e+00, Loss_ut_ics: 9.730e-04, Loss_norm: 2.088e-03, Loss_gauge: 0.000e+00, w_pde: 1.00e+00, L^2_error: 3.469e-02, lr: 1.000e-03, Time: 1.77e+02
Model state saved to C:\Users\mateo garcia\Documents\A master\Tesis\QPINNs-2025\results\2025-12-23_14-28-56-496756\model.pth
Model weights saved to C:\Users\mateo garcia\Documents\A master\Tesis\QPINNs-2025\results\2025-12-23_14-28-56-496756\model_weights.pth
It: 210, Loss: 1.066e+01, Loss_res: 1.005e+01,  Loss_bcs: 0.000e+00, Loss_ut_ics: 7.630e-04, Loss_norm: 6.055e-05, Loss_gauge: 0.000e+00, w_pde: 1.00e+00, L^2_error: 2.883e-02, lr: 1.000e-03, Time: 1.86e+02
Model state saved to C:\Users\mateo garcia\Documents\A master\Tesis\QPINNs-2025\results\2025-12-23_14-28-56-496756\model.pth
Model weights saved to C:\Users\mateo garcia\Documents\A master\Tesis\QPINNs-2025\results\2025-12-23_14-28-56-496756\model_weights.pth
It: 220, Loss: 1.077e+01, Loss_res: 1.019e+01,  Loss_bcs: 0.000e+00, Loss_ut_ics: 7.128e-04, Loss_norm: 1.685e-03, Loss_gauge: 0.000e+00, w_pde: 1.00e+00, L^2_error: 2.496e-02, lr: 1.000e-03, Time: 1.94e+02
Model state saved to C:\Users\mateo garcia\Documents\A master\Tesis\QPINNs-2025\results\2025-12-23_14-28-56-496756\model.pth
Model weights saved to C:\Users\mateo garcia\Documents\A master\Tesis\QPINNs-2025\results\2025-12-23_14-28-56-496756\model_weights.pth
It: 230, Loss: 9.440e+00, Loss_res: 9.011e+00,  Loss_bcs: 0.000e+00, Loss_ut_ics: 5.350e-04, Loss_norm: 1.335e-04, Loss_gauge: 0.000e+00, w_pde: 1.00e+00, L^2_error: 2.645e-02, lr: 1.000e-03, Time: 2.03e+02
Model state saved to C:\Users\mateo garcia\Documents\A master\Tesis\QPINNs-2025\results\2025-12-23_14-28-56-496756\model.pth
Model weights saved to C:\Users\mateo garcia\Documents\A master\Tesis\QPINNs-2025\results\2025-12-23_14-28-56-496756\model_weights.pth
It: 240, Loss: 8.984e+00, Loss_res: 8.442e+00,  Loss_bcs: 0.000e+00, Loss_ut_ics: 6.712e-04, Loss_norm: 5.249e-04, Loss_gauge: 0.000e+00, w_pde: 1.00e+00, L^2_error: 2.702e-02, lr: 1.000e-03, Time: 2.12e+02
Model state saved to C:\Users\mateo garcia\Documents\A master\Tesis\QPINNs-2025\results\2025-12-23_14-28-56-496756\model.pth
Model weights saved to C:\Users\mateo garcia\Documents\A master\Tesis\QPINNs-2025\results\2025-12-23_14-28-56-496756\model_weights.pth
It: 250, Loss: 9.825e+00, Loss_res: 9.168e+00,  Loss_bcs: 0.000e+00, Loss_ut_ics: 8.000e-04, Loss_norm: 1.741e-03, Loss_gauge: 0.000e+00, w_pde: 1.00e+00, L^2_error: 1.888e-02, lr: 1.000e-03, Time: 2.21e+02
Model state saved to C:\Users\mateo garcia\Documents\A master\Tesis\QPINNs-2025\results\2025-12-23_14-28-56-496756\model.pth
Model weights saved to C:\Users\mateo garcia\Documents\A master\Tesis\QPINNs-2025\results\2025-12-23_14-28-56-496756\model_weights.pth
It: 260, Loss: 9.908e+00, Loss_res: 9.518e+00,  Loss_bcs: 0.000e+00, Loss_ut_ics: 4.801e-04, Loss_norm: 6.206e-04, Loss_gauge: 0.000e+00, w_pde: 1.00e+00, L^2_error: 1.777e-02, lr: 1.000e-03, Time: 2.29e+02
Model state saved to C:\Users\mateo garcia\Documents\A master\Tesis\QPINNs-2025\results\2025-12-23_14-28-56-496756\model.pth
Model weights saved to C:\Users\mateo garcia\Documents\A master\Tesis\QPINNs-2025\results\2025-12-23_14-28-56-496756\model_weights.pth
It: 270, Loss: 1.052e+01, Loss_res: 1.027e+01,  Loss_bcs: 0.000e+00, Loss_ut_ics: 3.067e-04, Loss_norm: 3.325e-04, Loss_gauge: 0.000e+00, w_pde: 1.00e+00, L^2_error: 3.508e-02, lr: 1.000e-03, Time: 2.38e+02
Model state saved to C:\Users\mateo garcia\Documents\A master\Tesis\QPINNs-2025\results\2025-12-23_14-28-56-496756\model.pth
Model weights saved to C:\Users\mateo garcia\Documents\A master\Tesis\QPINNs-2025\results\2025-12-23_14-28-56-496756\model_weights.pth
It: 280, Loss: 1.120e+01, Loss_res: 1.041e+01,  Loss_bcs: 0.000e+00, Loss_ut_ics: 9.759e-04, Loss_norm: 4.401e-04, Loss_gauge: 0.000e+00, w_pde: 1.00e+00, L^2_error: 3.170e-02, lr: 1.000e-03, Time: 2.47e+02
Model state saved to C:\Users\mateo garcia\Documents\A master\Tesis\QPINNs-2025\results\2025-12-23_14-28-56-496756\model.pth
Model weights saved to C:\Users\mateo garcia\Documents\A master\Tesis\QPINNs-2025\results\2025-12-23_14-28-56-496756\model_weights.pth
It: 290, Loss: 9.281e+00, Loss_res: 8.742e+00,  Loss_bcs: 0.000e+00, Loss_ut_ics: 6.522e-04, Loss_norm: 1.690e-03, Loss_gauge: 0.000e+00, w_pde: 1.00e+00, L^2_error: 1.929e-02, lr: 1.000e-03, Time: 2.55e+02
Model state saved to C:\Users\mateo garcia\Documents\A master\Tesis\QPINNs-2025\results\2025-12-23_14-28-56-496756\model.pth
Model weights saved to C:\Users\mateo garcia\Documents\A master\Tesis\QPINNs-2025\results\2025-12-23_14-28-56-496756\model_weights.pth
It: 300, Loss: 9.433e+00, Loss_res: 8.983e+00,  Loss_bcs: 0.000e+00, Loss_ut_ics: 5.486e-04, Loss_norm: 1.103e-03, Loss_gauge: 0.000e+00, w_pde: 1.00e+00, L^2_error: 1.927e-02, lr: 1.000e-03, Time: 2.65e+02
Model state saved to C:\Users\mateo garcia\Documents\A master\Tesis\QPINNs-2025\results\2025-12-23_14-28-56-496756\model.pth
Model weights saved to C:\Users\mateo garcia\Documents\A master\Tesis\QPINNs-2025\results\2025-12-23_14-28-56-496756\model_weights.pth
