checkpoint path: self.log_path='./results/models/checkpoints/smoke_schrodinger\\2025-12-17_10-45-58-024009_barrier_Classical'
It: 1, Loss: 3.507e+02, Loss_res: 4.996e-01,  Loss_bcs: 0.000e+00, Loss_ut_ics: 1.003e+00, Loss_norm: 9.964e-01, w_pde: 2.50e-03, L^2_error: 9.995e-01, lr: 1.000e-03, Time: 3.94e-01
Model state saved to ./results/models/checkpoints/smoke_schrodinger\2025-12-17_10-45-58-024009_barrier_Classical\model.pth
Model weights saved to ./results/models/checkpoints/smoke_schrodinger\2025-12-17_10-45-58-024009_barrier_Classical\model_weights.pth
It: 100, Loss: 1.738e+02, Loss_res: 2.577e+02,  Loss_bcs: 0.000e+00, Loss_ut_ics: 3.126e-01, Loss_norm: 3.122e-01, w_pde: 2.50e-01, L^2_error: 1.366e+00, lr: 1.000e-03, Time: 3.62e+01
Model state saved to ./results/models/checkpoints/smoke_schrodinger\2025-12-17_10-45-58-024009_barrier_Classical\model.pth
Model weights saved to ./results/models/checkpoints/smoke_schrodinger\2025-12-17_10-45-58-024009_barrier_Classical\model_weights.pth
It: 200, Loss: 5.606e+01, Loss_res: 8.786e+01,  Loss_bcs: 0.000e+00, Loss_ut_ics: 2.693e-02, Loss_norm: 8.109e-02, w_pde: 5.00e-01, L^2_error: 1.274e+00, lr: 1.000e-03, Time: 7.68e+01
Model state saved to ./results/models/checkpoints/smoke_schrodinger\2025-12-17_10-45-58-024009_barrier_Classical\model.pth
Model weights saved to ./results/models/checkpoints/smoke_schrodinger\2025-12-17_10-45-58-024009_barrier_Classical\model_weights.pth
It: 300, Loss: 5.749e+01, Loss_res: 6.292e+01,  Loss_bcs: 0.000e+00, Loss_ut_ics: 1.759e-02, Loss_norm: 1.004e-01, w_pde: 7.50e-01, L^2_error: 1.255e+00, lr: 1.000e-03, Time: 1.19e+02
Model state saved to ./results/models/checkpoints/smoke_schrodinger\2025-12-17_10-45-58-024009_barrier_Classical\model.pth
Model weights saved to ./results/models/checkpoints/smoke_schrodinger\2025-12-17_10-45-58-024009_barrier_Classical\model_weights.pth
It: 400, Loss: 5.598e+01, Loss_res: 4.443e+01,  Loss_bcs: 0.000e+00, Loss_ut_ics: 2.001e-02, Loss_norm: 1.109e-01, w_pde: 1.00e+00, L^2_error: 1.270e+00, lr: 1.000e-03, Time: 1.55e+02
Model state saved to ./results/models/checkpoints/smoke_schrodinger\2025-12-17_10-45-58-024009_barrier_Classical\model.pth
Model weights saved to ./results/models/checkpoints/smoke_schrodinger\2025-12-17_10-45-58-024009_barrier_Classical\model_weights.pth
It: 500, Loss: 4.383e+01, Loss_res: 3.562e+01,  Loss_bcs: 0.000e+00, Loss_ut_ics: 1.163e-02, Loss_norm: 9.438e-02, w_pde: 1.00e+00, L^2_error: 1.292e+00, lr: 1.000e-03, Time: 1.90e+02
Model state saved to ./results/models/checkpoints/smoke_schrodinger\2025-12-17_10-45-58-024009_barrier_Classical\model.pth
Model weights saved to ./results/models/checkpoints/smoke_schrodinger\2025-12-17_10-45-58-024009_barrier_Classical\model_weights.pth
It: 600, Loss: 4.204e+01, Loss_res: 3.567e+01,  Loss_bcs: 0.000e+00, Loss_ut_ics: 9.229e-03, Loss_norm: 7.212e-02, w_pde: 1.00e+00, L^2_error: 1.325e+00, lr: 1.000e-03, Time: 2.26e+02
Model state saved to ./results/models/checkpoints/smoke_schrodinger\2025-12-17_10-45-58-024009_barrier_Classical\model.pth
Model weights saved to ./results/models/checkpoints/smoke_schrodinger\2025-12-17_10-45-58-024009_barrier_Classical\model_weights.pth
It: 700, Loss: 3.820e+01, Loss_res: 3.266e+01,  Loss_bcs: 0.000e+00, Loss_ut_ics: 8.307e-03, Loss_norm: 6.107e-02, w_pde: 1.00e+00, L^2_error: 1.339e+00, lr: 1.000e-03, Time: 2.61e+02
Model state saved to ./results/models/checkpoints/smoke_schrodinger\2025-12-17_10-45-58-024009_barrier_Classical\model.pth
Model weights saved to ./results/models/checkpoints/smoke_schrodinger\2025-12-17_10-45-58-024009_barrier_Classical\model_weights.pth
It: 800, Loss: 3.549e+01, Loss_res: 3.075e+01,  Loss_bcs: 0.000e+00, Loss_ut_ics: 6.379e-03, Loss_norm: 5.652e-02, w_pde: 1.00e+00, L^2_error: 1.354e+00, lr: 1.000e-03, Time: 2.96e+02
Model state saved to ./results/models/checkpoints/smoke_schrodinger\2025-12-17_10-45-58-024009_barrier_Classical\model.pth
Model weights saved to ./results/models/checkpoints/smoke_schrodinger\2025-12-17_10-45-58-024009_barrier_Classical\model_weights.pth
It: 900, Loss: 3.336e+01, Loss_res: 2.915e+01,  Loss_bcs: 0.000e+00, Loss_ut_ics: 5.510e-03, Loss_norm: 5.124e-02, w_pde: 1.00e+00, L^2_error: 1.353e+00, lr: 1.000e-03, Time: 3.31e+02
Model state saved to ./results/models/checkpoints/smoke_schrodinger\2025-12-17_10-45-58-024009_barrier_Classical\model.pth
Model weights saved to ./results/models/checkpoints/smoke_schrodinger\2025-12-17_10-45-58-024009_barrier_Classical\model_weights.pth
It: 1000, Loss: 3.255e+01, Loss_res: 2.807e+01,  Loss_bcs: 0.000e+00, Loss_ut_ics: 6.008e-03, Loss_norm: 5.351e-02, w_pde: 1.00e+00, L^2_error: 1.343e+00, lr: 1.000e-03, Time: 3.66e+02
Model state saved to ./results/models/checkpoints/smoke_schrodinger\2025-12-17_10-45-58-024009_barrier_Classical\model.pth
Model weights saved to ./results/models/checkpoints/smoke_schrodinger\2025-12-17_10-45-58-024009_barrier_Classical\model_weights.pth
It: 1100, Loss: 3.023e+01, Loss_res: 2.634e+01,  Loss_bcs: 0.000e+00, Loss_ut_ics: 5.298e-03, Loss_norm: 4.592e-02, w_pde: 1.00e+00, L^2_error: 1.336e+00, lr: 1.000e-03, Time: 4.00e+02
Model state saved to ./results/models/checkpoints/smoke_schrodinger\2025-12-17_10-45-58-024009_barrier_Classical\model.pth
Model weights saved to ./results/models/checkpoints/smoke_schrodinger\2025-12-17_10-45-58-024009_barrier_Classical\model_weights.pth
It: 1200, Loss: 2.960e+01, Loss_res: 2.599e+01,  Loss_bcs: 0.000e+00, Loss_ut_ics: 5.050e-03, Loss_norm: 4.190e-02, w_pde: 1.00e+00, L^2_error: 1.324e+00, lr: 1.000e-03, Time: 4.36e+02
Model state saved to ./results/models/checkpoints/smoke_schrodinger\2025-12-17_10-45-58-024009_barrier_Classical\model.pth
Model weights saved to ./results/models/checkpoints/smoke_schrodinger\2025-12-17_10-45-58-024009_barrier_Classical\model_weights.pth
It: 1300, Loss: 2.865e+01, Loss_res: 2.550e+01,  Loss_bcs: 0.000e+00, Loss_ut_ics: 3.971e-03, Loss_norm: 3.905e-02, w_pde: 1.00e+00, L^2_error: 1.315e+00, lr: 1.000e-03, Time: 4.71e+02
Model state saved to ./results/models/checkpoints/smoke_schrodinger\2025-12-17_10-45-58-024009_barrier_Classical\model.pth
Model weights saved to ./results/models/checkpoints/smoke_schrodinger\2025-12-17_10-45-58-024009_barrier_Classical\model_weights.pth
It: 1400, Loss: 2.855e+01, Loss_res: 2.532e+01,  Loss_bcs: 0.000e+00, Loss_ut_ics: 3.560e-03, Loss_norm: 4.335e-02, w_pde: 1.00e+00, L^2_error: 1.304e+00, lr: 1.000e-03, Time: 5.11e+02
Model state saved to ./results/models/checkpoints/smoke_schrodinger\2025-12-17_10-45-58-024009_barrier_Classical\model.pth
Model weights saved to ./results/models/checkpoints/smoke_schrodinger\2025-12-17_10-45-58-024009_barrier_Classical\model_weights.pth
It: 1500, Loss: 2.683e+01, Loss_res: 2.365e+01,  Loss_bcs: 0.000e+00, Loss_ut_ics: 3.512e-03, Loss_norm: 4.263e-02, w_pde: 1.00e+00, L^2_error: 1.292e+00, lr: 1.000e-03, Time: 5.46e+02
Model state saved to ./results/models/checkpoints/smoke_schrodinger\2025-12-17_10-45-58-024009_barrier_Classical\model.pth
Model weights saved to ./results/models/checkpoints/smoke_schrodinger\2025-12-17_10-45-58-024009_barrier_Classical\model_weights.pth
It: 1600, Loss: 2.594e+01, Loss_res: 2.331e+01,  Loss_bcs: 0.000e+00, Loss_ut_ics: 2.836e-03, Loss_norm: 3.550e-02, w_pde: 1.00e+00, L^2_error: 1.285e+00, lr: 1.000e-03, Time: 5.81e+02
Model state saved to ./results/models/checkpoints/smoke_schrodinger\2025-12-17_10-45-58-024009_barrier_Classical\model.pth
Model weights saved to ./results/models/checkpoints/smoke_schrodinger\2025-12-17_10-45-58-024009_barrier_Classical\model_weights.pth
It: 1700, Loss: 2.460e+01, Loss_res: 2.153e+01,  Loss_bcs: 0.000e+00, Loss_ut_ics: 3.960e-03, Loss_norm: 3.771e-02, w_pde: 1.00e+00, L^2_error: 1.267e+00, lr: 1.000e-03, Time: 6.16e+02
Model state saved to ./results/models/checkpoints/smoke_schrodinger\2025-12-17_10-45-58-024009_barrier_Classical\model.pth
Model weights saved to ./results/models/checkpoints/smoke_schrodinger\2025-12-17_10-45-58-024009_barrier_Classical\model_weights.pth
It: 1800, Loss: 2.402e+01, Loss_res: 2.168e+01,  Loss_bcs: 0.000e+00, Loss_ut_ics: 2.680e-03, Loss_norm: 3.059e-02, w_pde: 1.00e+00, L^2_error: 1.250e+00, lr: 1.000e-03, Time: 6.51e+02
Model state saved to ./results/models/checkpoints/smoke_schrodinger\2025-12-17_10-45-58-024009_barrier_Classical\model.pth
Model weights saved to ./results/models/checkpoints/smoke_schrodinger\2025-12-17_10-45-58-024009_barrier_Classical\model_weights.pth
It: 1900, Loss: 2.306e+01, Loss_res: 2.076e+01,  Loss_bcs: 0.000e+00, Loss_ut_ics: 2.812e-03, Loss_norm: 2.898e-02, w_pde: 1.00e+00, L^2_error: 1.238e+00, lr: 1.000e-03, Time: 6.86e+02
Model state saved to ./results/models/checkpoints/smoke_schrodinger\2025-12-17_10-45-58-024009_barrier_Classical\model.pth
Model weights saved to ./results/models/checkpoints/smoke_schrodinger\2025-12-17_10-45-58-024009_barrier_Classical\model_weights.pth
It: 2000, Loss: 2.333e+01, Loss_res: 2.120e+01,  Loss_bcs: 0.000e+00, Loss_ut_ics: 2.581e-03, Loss_norm: 2.697e-02, w_pde: 1.00e+00, L^2_error: 1.233e+00, lr: 1.000e-03, Time: 7.21e+02
Model state saved to ./results/models/checkpoints/smoke_schrodinger\2025-12-17_10-45-58-024009_barrier_Classical\model.pth
Model weights saved to ./results/models/checkpoints/smoke_schrodinger\2025-12-17_10-45-58-024009_barrier_Classical\model_weights.pth
It: 2100, Loss: 2.187e+01, Loss_res: 1.977e+01,  Loss_bcs: 0.000e+00, Loss_ut_ics: 2.480e-03, Loss_norm: 2.712e-02, w_pde: 1.00e+00, L^2_error: 1.221e+00, lr: 1.000e-03, Time: 7.56e+02
Model state saved to ./results/models/checkpoints/smoke_schrodinger\2025-12-17_10-45-58-024009_barrier_Classical\model.pth
Model weights saved to ./results/models/checkpoints/smoke_schrodinger\2025-12-17_10-45-58-024009_barrier_Classical\model_weights.pth
It: 2200, Loss: 2.224e+01, Loss_res: 2.011e+01,  Loss_bcs: 0.000e+00, Loss_ut_ics: 2.765e-03, Loss_norm: 2.592e-02, w_pde: 1.00e+00, L^2_error: 1.207e+00, lr: 1.000e-03, Time: 7.91e+02
Model state saved to ./results/models/checkpoints/smoke_schrodinger\2025-12-17_10-45-58-024009_barrier_Classical\model.pth
Model weights saved to ./results/models/checkpoints/smoke_schrodinger\2025-12-17_10-45-58-024009_barrier_Classical\model_weights.pth
It: 2300, Loss: 2.129e+01, Loss_res: 1.918e+01,  Loss_bcs: 0.000e+00, Loss_ut_ics: 2.956e-03, Loss_norm: 2.439e-02, w_pde: 1.00e+00, L^2_error: 1.192e+00, lr: 1.000e-03, Time: 8.26e+02
Model state saved to ./results/models/checkpoints/smoke_schrodinger\2025-12-17_10-45-58-024009_barrier_Classical\model.pth
Model weights saved to ./results/models/checkpoints/smoke_schrodinger\2025-12-17_10-45-58-024009_barrier_Classical\model_weights.pth
It: 2400, Loss: 2.114e+01, Loss_res: 1.915e+01,  Loss_bcs: 0.000e+00, Loss_ut_ics: 2.603e-03, Loss_norm: 2.412e-02, w_pde: 1.00e+00, L^2_error: 1.174e+00, lr: 1.000e-03, Time: 8.64e+02
Model state saved to ./results/models/checkpoints/smoke_schrodinger\2025-12-17_10-45-58-024009_barrier_Classical\model.pth
Model weights saved to ./results/models/checkpoints/smoke_schrodinger\2025-12-17_10-45-58-024009_barrier_Classical\model_weights.pth
It: 2500, Loss: 1.990e+01, Loss_res: 1.818e+01,  Loss_bcs: 0.000e+00, Loss_ut_ics: 1.981e-03, Loss_norm: 2.252e-02, w_pde: 1.00e+00, L^2_error: 1.160e+00, lr: 1.000e-03, Time: 9.00e+02
Model state saved to ./results/models/checkpoints/smoke_schrodinger\2025-12-17_10-45-58-024009_barrier_Classical\model.pth
Model weights saved to ./results/models/checkpoints/smoke_schrodinger\2025-12-17_10-45-58-024009_barrier_Classical\model_weights.pth
It: 2600, Loss: 1.915e+01, Loss_res: 1.749e+01,  Loss_bcs: 0.000e+00, Loss_ut_ics: 1.860e-03, Loss_norm: 2.212e-02, w_pde: 1.00e+00, L^2_error: 1.141e+00, lr: 1.000e-03, Time: 9.37e+02
Model state saved to ./results/models/checkpoints/smoke_schrodinger\2025-12-17_10-45-58-024009_barrier_Classical\model.pth
Model weights saved to ./results/models/checkpoints/smoke_schrodinger\2025-12-17_10-45-58-024009_barrier_Classical\model_weights.pth
It: 2700, Loss: 1.871e+01, Loss_res: 1.708e+01,  Loss_bcs: 0.000e+00, Loss_ut_ics: 1.683e-03, Loss_norm: 2.251e-02, w_pde: 1.00e+00, L^2_error: 1.120e+00, lr: 1.000e-03, Time: 9.76e+02
Model state saved to ./results/models/checkpoints/smoke_schrodinger\2025-12-17_10-45-58-024009_barrier_Classical\model.pth
Model weights saved to ./results/models/checkpoints/smoke_schrodinger\2025-12-17_10-45-58-024009_barrier_Classical\model_weights.pth
It: 2800, Loss: 1.763e+01, Loss_res: 1.615e+01,  Loss_bcs: 0.000e+00, Loss_ut_ics: 1.515e-03, Loss_norm: 2.059e-02, w_pde: 1.00e+00, L^2_error: 1.092e+00, lr: 1.000e-03, Time: 1.01e+03
Model state saved to ./results/models/checkpoints/smoke_schrodinger\2025-12-17_10-45-58-024009_barrier_Classical\model.pth
Model weights saved to ./results/models/checkpoints/smoke_schrodinger\2025-12-17_10-45-58-024009_barrier_Classical\model_weights.pth
It: 2900, Loss: 1.749e+01, Loss_res: 1.591e+01,  Loss_bcs: 0.000e+00, Loss_ut_ics: 2.204e-03, Loss_norm: 1.836e-02, w_pde: 1.00e+00, L^2_error: 1.073e+00, lr: 1.000e-03, Time: 1.06e+03
Model state saved to ./results/models/checkpoints/smoke_schrodinger\2025-12-17_10-45-58-024009_barrier_Classical\model.pth
Model weights saved to ./results/models/checkpoints/smoke_schrodinger\2025-12-17_10-45-58-024009_barrier_Classical\model_weights.pth
It: 3000, Loss: 1.708e+01, Loss_res: 1.531e+01,  Loss_bcs: 0.000e+00, Loss_ut_ics: 2.662e-03, Loss_norm: 1.942e-02, w_pde: 1.00e+00, L^2_error: 1.060e+00, lr: 1.000e-03, Time: 1.10e+03
Model state saved to ./results/models/checkpoints/smoke_schrodinger\2025-12-17_10-45-58-024009_barrier_Classical\model.pth
Model weights saved to ./results/models/checkpoints/smoke_schrodinger\2025-12-17_10-45-58-024009_barrier_Classical\model_weights.pth
Starting LBFGS: max_iter=500
Model state saved to ./results/models/checkpoints/smoke_schrodinger\2025-12-17_10-45-58-024009_barrier_Classical\model.pth
Model weights saved to ./results/models/checkpoints/smoke_schrodinger\2025-12-17_10-45-58-024009_barrier_Classical\model_weights.pth
