Using DV Solver
The settings used:
batch_size : 64
epochs : 400
lr : 0.001
seed : 42
print_every : 1
log_path : ./results/models/checkpoints/schrodinger/qho
input_dim : 2
output_dim : 2
num_qubits : 5
hidden_dim : 30
num_quantum_layers : 1
classic_network : [2, 30, 2]
q_ansatz : sim_circ_15
mode : hybrid
activation : null
shots : 1
problem : schrodinger
solver : DV
device : cpu
method : None
cutoff_dim : 20
class : CVNeuralNetwork2
encoding : None
eq_params : {'example': 'ho', 'L': 5.0, 'T': 0.1, 'hbar': 1.0, 'mass': 1.0, 'n_level': 0, 'omega': 1.0, 'potential_fn': 'lambda t, x : 0.5 * 1.0 * (1.0**2) * (x**2)'}
noise : True
The circuit used in the study:
It: 1, Loss: 3.194e-03, Loss_res: 6.600e-02,  Loss_bcs: 1.413e-03, Loss_ut_ics: 1.121e-01, lr: 1.000e-03, Time: 2.24e+02
Model state saved to ./results/models/checkpoints/schrodinger/qho/2025-09-10_20-16-36-552753/model.pth
Model state saved to ./results/models/checkpoints/schrodinger/qho/2025-09-10_20-16-36-552753/model_weights.pth
It: 2, Loss: 1.791e-03, Loss_res: 3.000e-02,  Loss_bcs: 9.213e-04, Loss_ut_ics: 5.697e-02, lr: 1.000e-03, Time: 4.43e+02
Model state saved to ./results/models/checkpoints/schrodinger/qho/2025-09-10_20-16-36-552753/model.pth
Model state saved to ./results/models/checkpoints/schrodinger/qho/2025-09-10_20-16-36-552753/model_weights.pth
It: 3, Loss: 1.461e-03, Loss_res: 9.093e-03,  Loss_bcs: 1.283e-03, Loss_ut_ics: 8.686e-03, lr: 1.000e-03, Time: 2.09e+03
Model state saved to ./results/models/checkpoints/schrodinger/qho/2025-09-10_20-16-36-552753/model.pth
Model state saved to ./results/models/checkpoints/schrodinger/qho/2025-09-10_20-16-36-552753/model_weights.pth
It: 4, Loss: 5.769e-04, Loss_res: 1.011e-02,  Loss_bcs: 2.577e-04, Loss_ut_ics: 2.181e-02, lr: 1.000e-03, Time: 2.31e+03
Model state saved to ./results/models/checkpoints/schrodinger/qho/2025-09-10_20-16-36-552753/model.pth
Model state saved to ./results/models/checkpoints/schrodinger/qho/2025-09-10_20-16-36-552753/model_weights.pth
It: 5, Loss: 9.987e-04, Loss_res: 1.726e-02,  Loss_bcs: 1.357e-04, Loss_ut_ics: 6.905e-02, lr: 1.000e-03, Time: 2.52e+03
Model state saved to ./results/models/checkpoints/schrodinger/qho/2025-09-10_20-16-36-552753/model.pth
Model state saved to ./results/models/checkpoints/schrodinger/qho/2025-09-10_20-16-36-552753/model_weights.pth
It: 6, Loss: 1.720e-03, Loss_res: 4.342e-02,  Loss_bcs: 9.025e-04, Loss_ut_ics: 3.834e-02, lr: 1.000e-03, Time: 2.73e+03
Model state saved to ./results/models/checkpoints/schrodinger/qho/2025-09-10_20-16-36-552753/model.pth
Model state saved to ./results/models/checkpoints/schrodinger/qho/2025-09-10_20-16-36-552753/model_weights.pth
It: 7, Loss: 1.890e-03, Loss_res: 7.283e-02,  Loss_bcs: 4.947e-04, Loss_ut_ics: 6.667e-02, lr: 1.000e-03, Time: 2.95e+03
Model state saved to ./results/models/checkpoints/schrodinger/qho/2025-09-10_20-16-36-552753/model.pth
Model state saved to ./results/models/checkpoints/schrodinger/qho/2025-09-10_20-16-36-552753/model_weights.pth
It: 8, Loss: 2.548e-03, Loss_res: 6.240e-03,  Loss_bcs: 2.662e-04, Loss_ut_ics: 2.219e-01, lr: 1.000e-03, Time: 3.16e+03
Model state saved to ./results/models/checkpoints/schrodinger/qho/2025-09-10_20-16-36-552753/model.pth
Model state saved to ./results/models/checkpoints/schrodinger/qho/2025-09-10_20-16-36-552753/model_weights.pth
It: 9, Loss: 8.871e-04, Loss_res: 5.757e-03,  Loss_bcs: 1.988e-04, Loss_ut_ics: 6.307e-02, lr: 1.000e-03, Time: 3.38e+03
Model state saved to ./results/models/checkpoints/schrodinger/qho/2025-09-10_20-16-36-552753/model.pth
Model state saved to ./results/models/checkpoints/schrodinger/qho/2025-09-10_20-16-36-552753/model_weights.pth
It: 10, Loss: 1.685e-03, Loss_res: 6.391e-03,  Loss_bcs: 2.441e-04, Loss_ut_ics: 1.377e-01, lr: 1.000e-03, Time: 3.59e+03
Model state saved to ./results/models/checkpoints/schrodinger/qho/2025-09-10_20-16-36-552753/model.pth
Model state saved to ./results/models/checkpoints/schrodinger/qho/2025-09-10_20-16-36-552753/model_weights.pth
It: 11, Loss: 1.298e-04, Loss_res: 2.605e-03,  Loss_bcs: 9.120e-05, Loss_ut_ics: 1.254e-03, lr: 1.000e-03, Time: 3.80e+03
Model state saved to ./results/models/checkpoints/schrodinger/qho/2025-09-10_20-16-36-552753/model.pth
Model state saved to ./results/models/checkpoints/schrodinger/qho/2025-09-10_20-16-36-552753/model_weights.pth
It: 12, Loss: 5.164e-04, Loss_res: 1.613e-02,  Loss_bcs: 2.468e-04, Loss_ut_ics: 1.083e-02, lr: 1.000e-03, Time: 4.02e+03
Model state saved to ./results/models/checkpoints/schrodinger/qho/2025-09-10_20-16-36-552753/model.pth
Model state saved to ./results/models/checkpoints/schrodinger/qho/2025-09-10_20-16-36-552753/model_weights.pth
It: 13, Loss: 2.308e-03, Loss_res: 2.639e-03,  Loss_bcs: 1.062e-03, Loss_ut_ics: 1.220e-01, lr: 1.000e-03, Time: 4.23e+03
Model state saved to ./results/models/checkpoints/schrodinger/qho/2025-09-10_20-16-36-552753/model.pth
Model state saved to ./results/models/checkpoints/schrodinger/qho/2025-09-10_20-16-36-552753/model_weights.pth
It: 14, Loss: 8.130e-04, Loss_res: 4.722e-03,  Loss_bcs: 1.890e-04, Loss_ut_ics: 5.768e-02, lr: 1.000e-03, Time: 4.44e+03
Model state saved to ./results/models/checkpoints/schrodinger/qho/2025-09-10_20-16-36-552753/model.pth
Model state saved to ./results/models/checkpoints/schrodinger/qho/2025-09-10_20-16-36-552753/model_weights.pth
It: 15, Loss: 2.019e-03, Loss_res: 4.711e-03,  Loss_bcs: 9.454e-05, Loss_ut_ics: 1.877e-01, lr: 1.000e-03, Time: 4.65e+03
Model state saved to ./results/models/checkpoints/schrodinger/qho/2025-09-10_20-16-36-552753/model.pth
Model state saved to ./results/models/checkpoints/schrodinger/qho/2025-09-10_20-16-36-552753/model_weights.pth
It: 16, Loss: 9.705e-05, Loss_res: 1.362e-03,  Loss_bcs: 4.630e-05, Loss_ut_ics: 3.713e-03, lr: 1.000e-03, Time: 4.87e+03
Model state saved to ./results/models/checkpoints/schrodinger/qho/2025-09-10_20-16-36-552753/model.pth
Model state saved to ./results/models/checkpoints/schrodinger/qho/2025-09-10_20-16-36-552753/model_weights.pth
It: 17, Loss: 1.325e-03, Loss_res: 7.399e-04,  Loss_bcs: 1.949e-05, Loss_ut_ics: 1.298e-01, lr: 1.000e-03, Time: 5.08e+03
Model state saved to ./results/models/checkpoints/schrodinger/qho/2025-09-10_20-16-36-552753/model.pth
Model state saved to ./results/models/checkpoints/schrodinger/qho/2025-09-10_20-16-36-552753/model_weights.pth
It: 18, Loss: 1.173e-03, Loss_res: 5.282e-03,  Loss_bcs: 8.717e-05, Loss_ut_ics: 1.033e-01, lr: 1.000e-03, Time: 5.29e+03
Model state saved to ./results/models/checkpoints/schrodinger/qho/2025-09-10_20-16-36-552753/model.pth
Model state saved to ./results/models/checkpoints/schrodinger/qho/2025-09-10_20-16-36-552753/model_weights.pth
It: 19, Loss: 2.398e-03, Loss_res: 1.074e-02,  Loss_bcs: 1.333e-03, Loss_ut_ics: 9.579e-02, lr: 1.000e-03, Time: 5.50e+03
Model state saved to ./results/models/checkpoints/schrodinger/qho/2025-09-10_20-16-36-552753/model.pth
Model state saved to ./results/models/checkpoints/schrodinger/qho/2025-09-10_20-16-36-552753/model_weights.pth
It: 20, Loss: 7.129e-04, Loss_res: 1.043e-02,  Loss_bcs: 1.512e-04, Loss_ut_ics: 4.574e-02, lr: 1.000e-03, Time: 5.71e+03
Model state saved to ./results/models/checkpoints/schrodinger/qho/2025-09-10_20-16-36-552753/model.pth
Model state saved to ./results/models/checkpoints/schrodinger/qho/2025-09-10_20-16-36-552753/model_weights.pth
It: 21, Loss: 1.105e-03, Loss_res: 1.003e-02,  Loss_bcs: 2.036e-04, Loss_ut_ics: 8.009e-02, lr: 1.000e-03, Time: 5.92e+03
Model state saved to ./results/models/checkpoints/schrodinger/qho/2025-09-10_20-16-36-552753/model.pth
Model state saved to ./results/models/checkpoints/schrodinger/qho/2025-09-10_20-16-36-552753/model_weights.pth
It: 22, Loss: 7.592e-04, Loss_res: 1.426e-02,  Loss_bcs: 1.304e-04, Loss_ut_ics: 4.862e-02, lr: 1.000e-03, Time: 6.14e+03
Model state saved to ./results/models/checkpoints/schrodinger/qho/2025-09-10_20-16-36-552753/model.pth
Model state saved to ./results/models/checkpoints/schrodinger/qho/2025-09-10_20-16-36-552753/model_weights.pth
It: 23, Loss: 1.236e-03, Loss_res: 2.562e-02,  Loss_bcs: 5.857e-04, Loss_ut_ics: 3.945e-02, lr: 1.000e-03, Time: 6.35e+03
Model state saved to ./results/models/checkpoints/schrodinger/qho/2025-09-10_20-16-36-552753/model.pth
Model state saved to ./results/models/checkpoints/schrodinger/qho/2025-09-10_20-16-36-552753/model_weights.pth
It: 24, Loss: 3.360e-04, Loss_res: 6.288e-03,  Loss_bcs: 1.263e-04, Loss_ut_ics: 1.468e-02, lr: 1.000e-03, Time: 6.56e+03
Model state saved to ./results/models/checkpoints/schrodinger/qho/2025-09-10_20-16-36-552753/model.pth
Model state saved to ./results/models/checkpoints/schrodinger/qho/2025-09-10_20-16-36-552753/model_weights.pth
It: 25, Loss: 1.965e-03, Loss_res: 2.614e-03,  Loss_bcs: 1.751e-04, Loss_ut_ics: 1.764e-01, lr: 1.000e-03, Time: 6.77e+03
Model state saved to ./results/models/checkpoints/schrodinger/qho/2025-09-10_20-16-36-552753/model.pth
Model state saved to ./results/models/checkpoints/schrodinger/qho/2025-09-10_20-16-36-552753/model_weights.pth
It: 26, Loss: 3.929e-03, Loss_res: 6.571e-03,  Loss_bcs: 2.528e-03, Loss_ut_ics: 1.336e-01, lr: 1.000e-03, Time: 6.98e+03
Model state saved to ./results/models/checkpoints/schrodinger/qho/2025-09-10_20-16-36-552753/model.pth
Model state saved to ./results/models/checkpoints/schrodinger/qho/2025-09-10_20-16-36-552753/model_weights.pth
It: 27, Loss: 5.728e-03, Loss_res: 6.868e-03,  Loss_bcs: 5.135e-03, Loss_ut_ics: 5.243e-02, lr: 1.000e-03, Time: 7.19e+03
Model state saved to ./results/models/checkpoints/schrodinger/qho/2025-09-10_20-16-36-552753/model.pth
Model state saved to ./results/models/checkpoints/schrodinger/qho/2025-09-10_20-16-36-552753/model_weights.pth
It: 28, Loss: 2.651e-03, Loss_res: 2.607e-02,  Loss_bcs: 5.903e-04, Loss_ut_ics: 1.800e-01, lr: 1.000e-03, Time: 7.40e+03
Model state saved to ./results/models/checkpoints/schrodinger/qho/2025-09-10_20-16-36-552753/model.pth
Model state saved to ./results/models/checkpoints/schrodinger/qho/2025-09-10_20-16-36-552753/model_weights.pth
It: 29, Loss: 1.197e-03, Loss_res: 5.926e-03,  Loss_bcs: 1.447e-04, Loss_ut_ics: 9.929e-02, lr: 1.000e-03, Time: 7.61e+03
Model state saved to ./results/models/checkpoints/schrodinger/qho/2025-09-10_20-16-36-552753/model.pth
Model state saved to ./results/models/checkpoints/schrodinger/qho/2025-09-10_20-16-36-552753/model_weights.pth
It: 30, Loss: 3.241e-04, Loss_res: 2.576e-03,  Loss_bcs: 8.238e-05, Loss_ut_ics: 2.160e-02, lr: 1.000e-03, Time: 7.82e+03
Model state saved to ./results/models/checkpoints/schrodinger/qho/2025-09-10_20-16-36-552753/model.pth
Model state saved to ./results/models/checkpoints/schrodinger/qho/2025-09-10_20-16-36-552753/model_weights.pth
It: 31, Loss: 7.414e-04, Loss_res: 4.018e-03,  Loss_bcs: 2.974e-05, Loss_ut_ics: 6.715e-02, lr: 1.000e-03, Time: 8.04e+03
Model state saved to ./results/models/checkpoints/schrodinger/qho/2025-09-10_20-16-36-552753/model.pth
Model state saved to ./results/models/checkpoints/schrodinger/qho/2025-09-10_20-16-36-552753/model_weights.pth
It: 32, Loss: 2.795e-04, Loss_res: 4.311e-03,  Loss_bcs: 4.411e-05, Loss_ut_ics: 1.923e-02, lr: 1.000e-03, Time: 8.25e+03
Model state saved to ./results/models/checkpoints/schrodinger/qho/2025-09-10_20-16-36-552753/model.pth
Model state saved to ./results/models/checkpoints/schrodinger/qho/2025-09-10_20-16-36-552753/model_weights.pth
It: 33, Loss: 5.251e-04, Loss_res: 4.549e-04,  Loss_bcs: 2.398e-04, Loss_ut_ics: 2.807e-02, lr: 1.000e-03, Time: 8.46e+03
Model state saved to ./results/models/checkpoints/schrodinger/qho/2025-09-10_20-16-36-552753/model.pth
Model state saved to ./results/models/checkpoints/schrodinger/qho/2025-09-10_20-16-36-552753/model_weights.pth
It: 34, Loss: 1.383e-03, Loss_res: 1.090e-02,  Loss_bcs: 3.212e-04, Loss_ut_ics: 9.530e-02, lr: 1.000e-03, Time: 8.67e+03
Model state saved to ./results/models/checkpoints/schrodinger/qho/2025-09-10_20-16-36-552753/model.pth
Model state saved to ./results/models/checkpoints/schrodinger/qho/2025-09-10_20-16-36-552753/model_weights.pth
It: 35, Loss: 2.639e-03, Loss_res: 2.971e-03,  Loss_bcs: 1.396e-03, Loss_ut_ics: 1.213e-01, lr: 1.000e-03, Time: 8.88e+03
Model state saved to ./results/models/checkpoints/schrodinger/qho/2025-09-10_20-16-36-552753/model.pth
Model state saved to ./results/models/checkpoints/schrodinger/qho/2025-09-10_20-16-36-552753/model_weights.pth
It: 36, Loss: 1.254e-03, Loss_res: 1.222e-02,  Loss_bcs: 7.650e-04, Loss_ut_ics: 3.671e-02, lr: 1.000e-03, Time: 9.09e+03
Model state saved to ./results/models/checkpoints/schrodinger/qho/2025-09-10_20-16-36-552753/model.pth
Model state saved to ./results/models/checkpoints/schrodinger/qho/2025-09-10_20-16-36-552753/model_weights.pth
It: 37, Loss: 1.044e-03, Loss_res: 2.926e-02,  Loss_bcs: 5.197e-04, Loss_ut_ics: 2.314e-02, lr: 1.000e-03, Time: 9.30e+03
Model state saved to ./results/models/checkpoints/schrodinger/qho/2025-09-10_20-16-36-552753/model.pth
Model state saved to ./results/models/checkpoints/schrodinger/qho/2025-09-10_20-16-36-552753/model_weights.pth
It: 38, Loss: 4.802e-03, Loss_res: 6.668e-04,  Loss_bcs: 2.885e-03, Loss_ut_ics: 1.910e-01, lr: 1.000e-03, Time: 9.51e+03
Model state saved to ./results/models/checkpoints/schrodinger/qho/2025-09-10_20-16-36-552753/model.pth
Model state saved to ./results/models/checkpoints/schrodinger/qho/2025-09-10_20-16-36-552753/model_weights.pth
It: 39, Loss: 8.050e-04, Loss_res: 3.936e-03,  Loss_bcs: 5.815e-04, Loss_ut_ics: 1.841e-02, lr: 1.000e-03, Time: 9.73e+03
Model state saved to ./results/models/checkpoints/schrodinger/qho/2025-09-10_20-16-36-552753/model.pth
Model state saved to ./results/models/checkpoints/schrodinger/qho/2025-09-10_20-16-36-552753/model_weights.pth
It: 40, Loss: 1.078e-03, Loss_res: 9.393e-03,  Loss_bcs: 6.378e-05, Loss_ut_ics: 9.204e-02, lr: 1.000e-03, Time: 9.94e+03
Model state saved to ./results/models/checkpoints/schrodinger/qho/2025-09-10_20-16-36-552753/model.pth
Model state saved to ./results/models/checkpoints/schrodinger/qho/2025-09-10_20-16-36-552753/model_weights.pth
It: 41, Loss: 9.382e-04, Loss_res: 3.162e-04,  Loss_bcs: 7.472e-04, Loss_ut_ics: 1.878e-02, lr: 1.000e-03, Time: 1.01e+04
Model state saved to ./results/models/checkpoints/schrodinger/qho/2025-09-10_20-16-36-552753/model.pth
Model state saved to ./results/models/checkpoints/schrodinger/qho/2025-09-10_20-16-36-552753/model_weights.pth
It: 42, Loss: 5.401e-04, Loss_res: 3.697e-03,  Loss_bcs: 1.253e-04, Loss_ut_ics: 3.779e-02, lr: 1.000e-03, Time: 1.04e+04
Model state saved to ./results/models/checkpoints/schrodinger/qho/2025-09-10_20-16-36-552753/model.pth
Model state saved to ./results/models/checkpoints/schrodinger/qho/2025-09-10_20-16-36-552753/model_weights.pth
It: 43, Loss: 7.952e-04, Loss_res: 3.029e-03,  Loss_bcs: 9.740e-05, Loss_ut_ics: 6.675e-02, lr: 1.000e-03, Time: 1.06e+04
Model state saved to ./results/models/checkpoints/schrodinger/qho/2025-09-10_20-16-36-552753/model.pth
Model state saved to ./results/models/checkpoints/schrodinger/qho/2025-09-10_20-16-36-552753/model_weights.pth
It: 44, Loss: 3.279e-03, Loss_res: 1.300e-01,  Loss_bcs: 1.789e-04, Loss_ut_ics: 1.800e-01, lr: 1.000e-03, Time: 1.08e+04
Model state saved to ./results/models/checkpoints/schrodinger/qho/2025-09-10_20-16-36-552753/model.pth
Model state saved to ./results/models/checkpoints/schrodinger/qho/2025-09-10_20-16-36-552753/model_weights.pth
It: 45, Loss: 2.137e-03, Loss_res: 6.494e-02,  Loss_bcs: 4.878e-05, Loss_ut_ics: 1.439e-01, lr: 1.000e-03, Time: 1.10e+04
Model state saved to ./results/models/checkpoints/schrodinger/qho/2025-09-10_20-16-36-552753/model.pth
Model state saved to ./results/models/checkpoints/schrodinger/qho/2025-09-10_20-16-36-552753/model_weights.pth
It: 46, Loss: 4.553e-05, Loss_res: 1.161e-03,  Loss_bcs: 3.320e-05, Loss_ut_ics: 7.225e-05, lr: 1.000e-03, Time: 1.12e+04
Model state saved to ./results/models/checkpoints/schrodinger/qho/2025-09-10_20-16-36-552753/model.pth
Model state saved to ./results/models/checkpoints/schrodinger/qho/2025-09-10_20-16-36-552753/model_weights.pth
It: 47, Loss: 1.983e-04, Loss_res: 6.964e-03,  Loss_bcs: 1.197e-04, Loss_ut_ics: 8.944e-04, lr: 1.000e-03, Time: 1.14e+04
Model state saved to ./results/models/checkpoints/schrodinger/qho/2025-09-10_20-16-36-552753/model.pth
Model state saved to ./results/models/checkpoints/schrodinger/qho/2025-09-10_20-16-36-552753/model_weights.pth
It: 48, Loss: 5.768e-04, Loss_res: 1.198e-03,  Loss_bcs: 1.217e-04, Loss_ut_ics: 4.431e-02, lr: 1.000e-03, Time: 1.16e+04
Model state saved to ./results/models/checkpoints/schrodinger/qho/2025-09-10_20-16-36-552753/model.pth
Model state saved to ./results/models/checkpoints/schrodinger/qho/2025-09-10_20-16-36-552753/model_weights.pth
It: 49, Loss: 3.032e-03, Loss_res: 6.383e-03,  Loss_bcs: 6.150e-04, Loss_ut_ics: 2.353e-01, lr: 1.000e-03, Time: 1.18e+04
Model state saved to ./results/models/checkpoints/schrodinger/qho/2025-09-10_20-16-36-552753/model.pth
Model state saved to ./results/models/checkpoints/schrodinger/qho/2025-09-10_20-16-36-552753/model_weights.pth
It: 50, Loss: 2.091e-03, Loss_res: 4.678e-04,  Loss_bcs: 8.385e-04, Loss_ut_ics: 1.248e-01, lr: 1.000e-03, Time: 1.21e+04
Model state saved to ./results/models/checkpoints/schrodinger/qho/2025-09-10_20-16-36-552753/model.pth
Model state saved to ./results/models/checkpoints/schrodinger/qho/2025-09-10_20-16-36-552753/model_weights.pth
It: 51, Loss: 1.401e-03, Loss_res: 7.200e-02,  Loss_bcs: 2.651e-04, Loss_ut_ics: 4.156e-02, lr: 1.000e-03, Time: 1.23e+04
Model state saved to ./results/models/checkpoints/schrodinger/qho/2025-09-10_20-16-36-552753/model.pth
Model state saved to ./results/models/checkpoints/schrodinger/qho/2025-09-10_20-16-36-552753/model_weights.pth
It: 52, Loss: 2.051e-03, Loss_res: 2.438e-02,  Loss_bcs: 5.707e-05, Loss_ut_ics: 1.751e-01, lr: 1.000e-03, Time: 1.25e+04
Model state saved to ./results/models/checkpoints/schrodinger/qho/2025-09-10_20-16-36-552753/model.pth
Model state saved to ./results/models/checkpoints/schrodinger/qho/2025-09-10_20-16-36-552753/model_weights.pth
It: 53, Loss: 2.901e-03, Loss_res: 1.157e-03,  Loss_bcs: 1.035e-03, Loss_ut_ics: 1.854e-01, lr: 1.000e-03, Time: 1.27e+04
Model state saved to ./results/models/checkpoints/schrodinger/qho/2025-09-10_20-16-36-552753/model.pth
Model state saved to ./results/models/checkpoints/schrodinger/qho/2025-09-10_20-16-36-552753/model_weights.pth
It: 54, Loss: 3.494e-04, Loss_res: 1.326e-02,  Loss_bcs: 1.390e-04, Loss_ut_ics: 7.789e-03, lr: 1.000e-03, Time: 1.29e+04
Model state saved to ./results/models/checkpoints/schrodinger/qho/2025-09-10_20-16-36-552753/model.pth
Model state saved to ./results/models/checkpoints/schrodinger/qho/2025-09-10_20-16-36-552753/model_weights.pth
It: 55, Loss: 2.196e-03, Loss_res: 3.954e-03,  Loss_bcs: 1.466e-04, Loss_ut_ics: 2.010e-01, lr: 1.000e-03, Time: 1.31e+04
Model state saved to ./results/models/checkpoints/schrodinger/qho/2025-09-10_20-16-36-552753/model.pth
Model state saved to ./results/models/checkpoints/schrodinger/qho/2025-09-10_20-16-36-552753/model_weights.pth
It: 56, Loss: 1.435e-03, Loss_res: 1.092e-02,  Loss_bcs: 1.517e-04, Loss_ut_ics: 1.174e-01, lr: 1.000e-03, Time: 1.33e+04
Model state saved to ./results/models/checkpoints/schrodinger/qho/2025-09-10_20-16-36-552753/model.pth
Model state saved to ./results/models/checkpoints/schrodinger/qho/2025-09-10_20-16-36-552753/model_weights.pth
It: 57, Loss: 3.779e-04, Loss_res: 3.438e-03,  Loss_bcs: 1.476e-04, Loss_ut_ics: 1.959e-02, lr: 1.000e-03, Time: 1.35e+04
Model state saved to ./results/models/checkpoints/schrodinger/qho/2025-09-10_20-16-36-552753/model.pth
Model state saved to ./results/models/checkpoints/schrodinger/qho/2025-09-10_20-16-36-552753/model_weights.pth
It: 58, Loss: 1.980e-03, Loss_res: 3.810e-02,  Loss_bcs: 1.392e-04, Loss_ut_ics: 1.460e-01, lr: 1.000e-03, Time: 1.37e+04
Model state saved to ./results/models/checkpoints/schrodinger/qho/2025-09-10_20-16-36-552753/model.pth
Model state saved to ./results/models/checkpoints/schrodinger/qho/2025-09-10_20-16-36-552753/model_weights.pth
It: 59, Loss: 2.707e-03, Loss_res: 1.033e-03,  Loss_bcs: 1.887e-04, Loss_ut_ics: 2.508e-01, lr: 1.000e-03, Time: 1.40e+04
Model state saved to ./results/models/checkpoints/schrodinger/qho/2025-09-10_20-16-36-552753/model.pth
Model state saved to ./results/models/checkpoints/schrodinger/qho/2025-09-10_20-16-36-552753/model_weights.pth
It: 60, Loss: 2.958e-03, Loss_res: 3.362e-04,  Loss_bcs: 2.310e-03, Loss_ut_ics: 6.444e-02, lr: 1.000e-03, Time: 1.42e+04
Model state saved to ./results/models/checkpoints/schrodinger/qho/2025-09-10_20-16-36-552753/model.pth
Model state saved to ./results/models/checkpoints/schrodinger/qho/2025-09-10_20-16-36-552753/model_weights.pth
It: 61, Loss: 1.292e-03, Loss_res: 1.269e-02,  Loss_bcs: 6.891e-06, Loss_ut_ics: 1.158e-01, lr: 1.000e-03, Time: 1.44e+04
Model state saved to ./results/models/checkpoints/schrodinger/qho/2025-09-10_20-16-36-552753/model.pth
Model state saved to ./results/models/checkpoints/schrodinger/qho/2025-09-10_20-16-36-552753/model_weights.pth
It: 62, Loss: 5.207e-04, Loss_res: 1.621e-03,  Loss_bcs: 1.189e-04, Loss_ut_ics: 3.856e-02, lr: 1.000e-03, Time: 1.46e+04
Model state saved to ./results/models/checkpoints/schrodinger/qho/2025-09-10_20-16-36-552753/model.pth
Model state saved to ./results/models/checkpoints/schrodinger/qho/2025-09-10_20-16-36-552753/model_weights.pth
It: 63, Loss: 4.924e-03, Loss_res: 1.144e-01,  Loss_bcs: 3.121e-03, Loss_ut_ics: 6.584e-02, lr: 1.000e-03, Time: 1.48e+04
Model state saved to ./results/models/checkpoints/schrodinger/qho/2025-09-10_20-16-36-552753/model.pth
Model state saved to ./results/models/checkpoints/schrodinger/qho/2025-09-10_20-16-36-552753/model_weights.pth
It: 64, Loss: 3.192e-03, Loss_res: 4.155e-03,  Loss_bcs: 1.332e-03, Loss_ut_ics: 1.819e-01, lr: 1.000e-03, Time: 1.50e+04
Model state saved to ./results/models/checkpoints/schrodinger/qho/2025-09-10_20-16-36-552753/model.pth
Model state saved to ./results/models/checkpoints/schrodinger/qho/2025-09-10_20-16-36-552753/model_weights.pth
It: 65, Loss: 6.055e-04, Loss_res: 4.377e-03,  Loss_bcs: 1.179e-04, Loss_ut_ics: 4.439e-02, lr: 1.000e-03, Time: 1.52e+04
Model state saved to ./results/models/checkpoints/schrodinger/qho/2025-09-10_20-16-36-552753/model.pth
Model state saved to ./results/models/checkpoints/schrodinger/qho/2025-09-10_20-16-36-552753/model_weights.pth
It: 66, Loss: 3.001e-03, Loss_res: 1.540e-03,  Loss_bcs: 1.313e-03, Loss_ut_ics: 1.672e-01, lr: 1.000e-03, Time: 1.54e+04
Model state saved to ./results/models/checkpoints/schrodinger/qho/2025-09-10_20-16-36-552753/model.pth
Model state saved to ./results/models/checkpoints/schrodinger/qho/2025-09-10_20-16-36-552753/model_weights.pth
It: 67, Loss: 2.337e-03, Loss_res: 1.243e-03,  Loss_bcs: 3.696e-04, Loss_ut_ics: 1.955e-01, lr: 1.000e-03, Time: 1.57e+04
Model state saved to ./results/models/checkpoints/schrodinger/qho/2025-09-10_20-16-36-552753/model.pth
Model state saved to ./results/models/checkpoints/schrodinger/qho/2025-09-10_20-16-36-552753/model_weights.pth
It: 68, Loss: 7.044e-04, Loss_res: 1.949e-02,  Loss_bcs: 4.794e-04, Loss_ut_ics: 3.003e-03, lr: 1.000e-03, Time: 1.59e+04
Model state saved to ./results/models/checkpoints/schrodinger/qho/2025-09-10_20-16-36-552753/model.pth
Model state saved to ./results/models/checkpoints/schrodinger/qho/2025-09-10_20-16-36-552753/model_weights.pth
It: 69, Loss: 5.269e-04, Loss_res: 6.907e-04,  Loss_bcs: 4.325e-04, Loss_ut_ics: 8.756e-03, lr: 1.000e-03, Time: 1.61e+04
Model state saved to ./results/models/checkpoints/schrodinger/qho/2025-09-10_20-16-36-552753/model.pth
Model state saved to ./results/models/checkpoints/schrodinger/qho/2025-09-10_20-16-36-552753/model_weights.pth
It: 70, Loss: 3.596e-04, Loss_res: 4.217e-03,  Loss_bcs: 1.810e-05, Loss_ut_ics: 2.994e-02, lr: 1.000e-03, Time: 1.63e+04
Model state saved to ./results/models/checkpoints/schrodinger/qho/2025-09-10_20-16-36-552753/model.pth
Model state saved to ./results/models/checkpoints/schrodinger/qho/2025-09-10_20-16-36-552753/model_weights.pth
It: 71, Loss: 7.456e-04, Loss_res: 1.269e-02,  Loss_bcs: 4.950e-04, Loss_ut_ics: 1.237e-02, lr: 1.000e-03, Time: 1.65e+04
Model state saved to ./results/models/checkpoints/schrodinger/qho/2025-09-10_20-16-36-552753/model.pth
Model state saved to ./results/models/checkpoints/schrodinger/qho/2025-09-10_20-16-36-552753/model_weights.pth
It: 72, Loss: 5.037e-04, Loss_res: 9.609e-03,  Loss_bcs: 4.017e-04, Loss_ut_ics: 5.975e-04, lr: 1.000e-03, Time: 1.67e+04
Model state saved to ./results/models/checkpoints/schrodinger/qho/2025-09-10_20-16-36-552753/model.pth
Model state saved to ./results/models/checkpoints/schrodinger/qho/2025-09-10_20-16-36-552753/model_weights.pth
It: 73, Loss: 2.000e-03, Loss_res: 1.213e-02,  Loss_bcs: 3.648e-04, Loss_ut_ics: 1.514e-01, lr: 1.000e-03, Time: 1.69e+04
Model state saved to ./results/models/checkpoints/schrodinger/qho/2025-09-10_20-16-36-552753/model.pth
Model state saved to ./results/models/checkpoints/schrodinger/qho/2025-09-10_20-16-36-552753/model_weights.pth
It: 74, Loss: 2.336e-03, Loss_res: 6.595e-03,  Loss_bcs: 1.249e-04, Loss_ut_ics: 2.145e-01, lr: 1.000e-03, Time: 1.71e+04
Model state saved to ./results/models/checkpoints/schrodinger/qho/2025-09-10_20-16-36-552753/model.pth
Model state saved to ./results/models/checkpoints/schrodinger/qho/2025-09-10_20-16-36-552753/model_weights.pth
It: 75, Loss: 9.794e-04, Loss_res: 3.052e-02,  Loss_bcs: 2.593e-04, Loss_ut_ics: 4.149e-02, lr: 1.000e-03, Time: 1.74e+04
Model state saved to ./results/models/checkpoints/schrodinger/qho/2025-09-10_20-16-36-552753/model.pth
Model state saved to ./results/models/checkpoints/schrodinger/qho/2025-09-10_20-16-36-552753/model_weights.pth
It: 76, Loss: 4.368e-04, Loss_res: 2.594e-03,  Loss_bcs: 1.044e-04, Loss_ut_ics: 3.065e-02, lr: 1.000e-03, Time: 1.76e+04
Model state saved to ./results/models/checkpoints/schrodinger/qho/2025-09-10_20-16-36-552753/model.pth
Model state saved to ./results/models/checkpoints/schrodinger/qho/2025-09-10_20-16-36-552753/model_weights.pth
It: 77, Loss: 1.285e-03, Loss_res: 1.003e-03,  Loss_bcs: 5.369e-04, Loss_ut_ics: 7.382e-02, lr: 1.000e-03, Time: 1.78e+04
Model state saved to ./results/models/checkpoints/schrodinger/qho/2025-09-10_20-16-36-552753/model.pth
Model state saved to ./results/models/checkpoints/schrodinger/qho/2025-09-10_20-16-36-552753/model_weights.pth
It: 78, Loss: 1.529e-03, Loss_res: 5.046e-02,  Loss_bcs: 1.175e-04, Loss_ut_ics: 9.069e-02, lr: 1.000e-03, Time: 1.80e+04
Model state saved to ./results/models/checkpoints/schrodinger/qho/2025-09-10_20-16-36-552753/model.pth
Model state saved to ./results/models/checkpoints/schrodinger/qho/2025-09-10_20-16-36-552753/model_weights.pth
It: 79, Loss: 1.990e-03, Loss_res: 1.725e-03,  Loss_bcs: 4.473e-04, Loss_ut_ics: 1.525e-01, lr: 1.000e-03, Time: 1.82e+04
Model state saved to ./results/models/checkpoints/schrodinger/qho/2025-09-10_20-16-36-552753/model.pth
Model state saved to ./results/models/checkpoints/schrodinger/qho/2025-09-10_20-16-36-552753/model_weights.pth
It: 80, Loss: 2.207e-03, Loss_res: 1.382e-02,  Loss_bcs: 4.061e-04, Loss_ut_ics: 1.663e-01, lr: 1.000e-03, Time: 1.84e+04
Model state saved to ./results/models/checkpoints/schrodinger/qho/2025-09-10_20-16-36-552753/model.pth
Model state saved to ./results/models/checkpoints/schrodinger/qho/2025-09-10_20-16-36-552753/model_weights.pth
It: 81, Loss: 1.941e-03, Loss_res: 1.812e-02,  Loss_bcs: 4.687e-05, Loss_ut_ics: 1.713e-01, lr: 1.000e-03, Time: 1.86e+04
Model state saved to ./results/models/checkpoints/schrodinger/qho/2025-09-10_20-16-36-552753/model.pth
Model state saved to ./results/models/checkpoints/schrodinger/qho/2025-09-10_20-16-36-552753/model_weights.pth
It: 82, Loss: 8.338e-04, Loss_res: 1.154e-03,  Loss_bcs: 3.567e-04, Loss_ut_ics: 4.656e-02, lr: 1.000e-03, Time: 1.88e+04
Model state saved to ./results/models/checkpoints/schrodinger/qho/2025-09-10_20-16-36-552753/model.pth
Model state saved to ./results/models/checkpoints/schrodinger/qho/2025-09-10_20-16-36-552753/model_weights.pth
It: 83, Loss: 4.372e-03, Loss_res: 1.305e-01,  Loss_bcs: 4.125e-04, Loss_ut_ics: 2.655e-01, lr: 1.000e-03, Time: 1.90e+04
Model state saved to ./results/models/checkpoints/schrodinger/qho/2025-09-10_20-16-36-552753/model.pth
Model state saved to ./results/models/checkpoints/schrodinger/qho/2025-09-10_20-16-36-552753/model_weights.pth
It: 84, Loss: 1.046e-03, Loss_res: 3.254e-02,  Loss_bcs: 1.350e-04, Loss_ut_ics: 5.861e-02, lr: 1.000e-03, Time: 1.93e+04
Model state saved to ./results/models/checkpoints/schrodinger/qho/2025-09-10_20-16-36-552753/model.pth
Model state saved to ./results/models/checkpoints/schrodinger/qho/2025-09-10_20-16-36-552753/model_weights.pth
It: 85, Loss: 3.045e-04, Loss_res: 1.100e-03,  Loss_bcs: 9.482e-05, Loss_ut_ics: 1.987e-02, lr: 1.000e-03, Time: 1.95e+04
Model state saved to ./results/models/checkpoints/schrodinger/qho/2025-09-10_20-16-36-552753/model.pth
Model state saved to ./results/models/checkpoints/schrodinger/qho/2025-09-10_20-16-36-552753/model_weights.pth
It: 86, Loss: 2.344e-03, Loss_res: 1.849e-03,  Loss_bcs: 1.103e-04, Loss_ut_ics: 2.215e-01, lr: 1.000e-03, Time: 1.97e+04
Model state saved to ./results/models/checkpoints/schrodinger/qho/2025-09-10_20-16-36-552753/model.pth
Model state saved to ./results/models/checkpoints/schrodinger/qho/2025-09-10_20-16-36-552753/model_weights.pth
It: 87, Loss: 9.005e-04, Loss_res: 7.391e-04,  Loss_bcs: 1.778e-04, Loss_ut_ics: 7.153e-02, lr: 1.000e-03, Time: 1.99e+04
Model state saved to ./results/models/checkpoints/schrodinger/qho/2025-09-10_20-16-36-552753/model.pth
Model state saved to ./results/models/checkpoints/schrodinger/qho/2025-09-10_20-16-36-552753/model_weights.pth
It: 88, Loss: 2.990e-03, Loss_res: 1.129e-03,  Loss_bcs: 1.604e-04, Loss_ut_ics: 2.819e-01, lr: 1.000e-03, Time: 2.01e+04
Model state saved to ./results/models/checkpoints/schrodinger/qho/2025-09-10_20-16-36-552753/model.pth
Model state saved to ./results/models/checkpoints/schrodinger/qho/2025-09-10_20-16-36-552753/model_weights.pth
It: 89, Loss: 3.458e-03, Loss_res: 1.695e-01,  Loss_bcs: 6.030e-04, Loss_ut_ics: 1.160e-01, lr: 1.000e-03, Time: 2.03e+04
Model state saved to ./results/models/checkpoints/schrodinger/qho/2025-09-10_20-16-36-552753/model.pth
Model state saved to ./results/models/checkpoints/schrodinger/qho/2025-09-10_20-16-36-552753/model_weights.pth
It: 90, Loss: 1.377e-03, Loss_res: 1.259e-01,  Loss_bcs: 1.031e-04, Loss_ut_ics: 1.517e-03, lr: 1.000e-03, Time: 2.05e+04
Model state saved to ./results/models/checkpoints/schrodinger/qho/2025-09-10_20-16-36-552753/model.pth
Model state saved to ./results/models/checkpoints/schrodinger/qho/2025-09-10_20-16-36-552753/model_weights.pth
It: 91, Loss: 1.512e-03, Loss_res: 1.520e-02,  Loss_bcs: 1.416e-04, Loss_ut_ics: 1.219e-01, lr: 1.000e-03, Time: 2.07e+04
Model state saved to ./results/models/checkpoints/schrodinger/qho/2025-09-10_20-16-36-552753/model.pth
Model state saved to ./results/models/checkpoints/schrodinger/qho/2025-09-10_20-16-36-552753/model_weights.pth
It: 92, Loss: 1.691e-03, Loss_res: 9.468e-04,  Loss_bcs: 2.420e-04, Loss_ut_ics: 1.439e-01, lr: 1.000e-03, Time: 2.10e+04
Model state saved to ./results/models/checkpoints/schrodinger/qho/2025-09-10_20-16-36-552753/model.pth
Model state saved to ./results/models/checkpoints/schrodinger/qho/2025-09-10_20-16-36-552753/model_weights.pth
It: 93, Loss: 1.186e-03, Loss_res: 1.154e-03,  Loss_bcs: 4.049e-05, Loss_ut_ics: 1.134e-01, lr: 1.000e-03, Time: 2.12e+04
Model state saved to ./results/models/checkpoints/schrodinger/qho/2025-09-10_20-16-36-552753/model.pth
Model state saved to ./results/models/checkpoints/schrodinger/qho/2025-09-10_20-16-36-552753/model_weights.pth
It: 94, Loss: 9.763e-04, Loss_res: 3.879e-03,  Loss_bcs: 1.685e-04, Loss_ut_ics: 7.690e-02, lr: 1.000e-03, Time: 2.14e+04
Model state saved to ./results/models/checkpoints/schrodinger/qho/2025-09-10_20-16-36-552753/model.pth
Model state saved to ./results/models/checkpoints/schrodinger/qho/2025-09-10_20-16-36-552753/model_weights.pth
It: 95, Loss: 5.407e-04, Loss_res: 1.865e-02,  Loss_bcs: 2.577e-04, Loss_ut_ics: 9.659e-03, lr: 1.000e-03, Time: 2.16e+04
Model state saved to ./results/models/checkpoints/schrodinger/qho/2025-09-10_20-16-36-552753/model.pth
Model state saved to ./results/models/checkpoints/schrodinger/qho/2025-09-10_20-16-36-552753/model_weights.pth
It: 96, Loss: 1.738e-03, Loss_res: 3.457e-02,  Loss_bcs: 1.744e-04, Loss_ut_ics: 1.218e-01, lr: 1.000e-03, Time: 2.18e+04
Model state saved to ./results/models/checkpoints/schrodinger/qho/2025-09-10_20-16-36-552753/model.pth
Model state saved to ./results/models/checkpoints/schrodinger/qho/2025-09-10_20-16-36-552753/model_weights.pth
It: 97, Loss: 2.934e-03, Loss_res: 1.230e-03,  Loss_bcs: 1.560e-03, Loss_ut_ics: 1.362e-01, lr: 1.000e-03, Time: 2.20e+04
Model state saved to ./results/models/checkpoints/schrodinger/qho/2025-09-10_20-16-36-552753/model.pth
Model state saved to ./results/models/checkpoints/schrodinger/qho/2025-09-10_20-16-36-552753/model_weights.pth
It: 98, Loss: 2.383e-03, Loss_res: 9.165e-04,  Loss_bcs: 9.749e-04, Loss_ut_ics: 1.399e-01, lr: 1.000e-03, Time: 2.22e+04
Model state saved to ./results/models/checkpoints/schrodinger/qho/2025-09-10_20-16-36-552753/model.pth
Model state saved to ./results/models/checkpoints/schrodinger/qho/2025-09-10_20-16-36-552753/model_weights.pth
It: 99, Loss: 5.175e-03, Loss_res: 1.475e-01,  Loss_bcs: 1.197e-03, Loss_ut_ics: 2.503e-01, lr: 1.000e-03, Time: 2.24e+04
Model state saved to ./results/models/checkpoints/schrodinger/qho/2025-09-10_20-16-36-552753/model.pth
Model state saved to ./results/models/checkpoints/schrodinger/qho/2025-09-10_20-16-36-552753/model_weights.pth
It: 100, Loss: 1.753e-04, Loss_res: 3.147e-03,  Loss_bcs: 1.252e-04, Loss_ut_ics: 1.870e-03, lr: 1.000e-03, Time: 2.26e+04
Model state saved to ./results/models/checkpoints/schrodinger/qho/2025-09-10_20-16-36-552753/model.pth
Model state saved to ./results/models/checkpoints/schrodinger/qho/2025-09-10_20-16-36-552753/model_weights.pth
It: 101, Loss: 1.211e-03, Loss_res: 2.384e-03,  Loss_bcs: 2.951e-04, Loss_ut_ics: 8.919e-02, lr: 1.000e-03, Time: 2.29e+04
Model state saved to ./results/models/checkpoints/schrodinger/qho/2025-09-10_20-16-36-552753/model.pth
Model state saved to ./results/models/checkpoints/schrodinger/qho/2025-09-10_20-16-36-552753/model_weights.pth
It: 102, Loss: 1.826e-03, Loss_res: 8.321e-02,  Loss_bcs: 2.158e-04, Loss_ut_ics: 7.780e-02, lr: 1.000e-03, Time: 2.31e+04
Model state saved to ./results/models/checkpoints/schrodinger/qho/2025-09-10_20-16-36-552753/model.pth
Model state saved to ./results/models/checkpoints/schrodinger/qho/2025-09-10_20-16-36-552753/model_weights.pth
It: 103, Loss: 1.184e-03, Loss_res: 4.621e-03,  Loss_bcs: 1.040e-03, Loss_ut_ics: 9.784e-03, lr: 1.000e-03, Time: 2.33e+04
Model state saved to ./results/models/checkpoints/schrodinger/qho/2025-09-10_20-16-36-552753/model.pth
Model state saved to ./results/models/checkpoints/schrodinger/qho/2025-09-10_20-16-36-552753/model_weights.pth
It: 104, Loss: 1.248e-03, Loss_res: 3.026e-03,  Loss_bcs: 3.344e-05, Loss_ut_ics: 1.184e-01, lr: 1.000e-03, Time: 2.35e+04
Model state saved to ./results/models/checkpoints/schrodinger/qho/2025-09-10_20-16-36-552753/model.pth
Model state saved to ./results/models/checkpoints/schrodinger/qho/2025-09-10_20-16-36-552753/model_weights.pth
It: 105, Loss: 1.877e-03, Loss_res: 2.882e-03,  Loss_bcs: 3.443e-04, Loss_ut_ics: 1.504e-01, lr: 1.000e-03, Time: 2.37e+04
Model state saved to ./results/models/checkpoints/schrodinger/qho/2025-09-10_20-16-36-552753/model.pth
Model state saved to ./results/models/checkpoints/schrodinger/qho/2025-09-10_20-16-36-552753/model_weights.pth
It: 106, Loss: 1.191e-04, Loss_res: 4.413e-03,  Loss_bcs: 7.434e-05, Loss_ut_ics: 5.854e-05, lr: 1.000e-03, Time: 2.39e+04
Model state saved to ./results/models/checkpoints/schrodinger/qho/2025-09-10_20-16-36-552753/model.pth
Model state saved to ./results/models/checkpoints/schrodinger/qho/2025-09-10_20-16-36-552753/model_weights.pth
It: 107, Loss: 2.352e-03, Loss_res: 1.397e-03,  Loss_bcs: 2.754e-04, Loss_ut_ics: 2.063e-01, lr: 1.000e-03, Time: 2.41e+04
Model state saved to ./results/models/checkpoints/schrodinger/qho/2025-09-10_20-16-36-552753/model.pth
Model state saved to ./results/models/checkpoints/schrodinger/qho/2025-09-10_20-16-36-552753/model_weights.pth
It: 108, Loss: 1.991e-03, Loss_res: 9.983e-04,  Loss_bcs: 1.057e-04, Loss_ut_ics: 1.875e-01, lr: 1.000e-03, Time: 2.43e+04
Model state saved to ./results/models/checkpoints/schrodinger/qho/2025-09-10_20-16-36-552753/model.pth
Model state saved to ./results/models/checkpoints/schrodinger/qho/2025-09-10_20-16-36-552753/model_weights.pth
It: 109, Loss: 2.731e-03, Loss_res: 4.385e-03,  Loss_bcs: 8.011e-04, Loss_ut_ics: 1.887e-01, lr: 1.000e-03, Time: 2.45e+04
Model state saved to ./results/models/checkpoints/schrodinger/qho/2025-09-10_20-16-36-552753/model.pth
Model state saved to ./results/models/checkpoints/schrodinger/qho/2025-09-10_20-16-36-552753/model_weights.pth
It: 110, Loss: 1.866e-03, Loss_res: 5.030e-03,  Loss_bcs: 9.834e-05, Loss_ut_ics: 1.718e-01, lr: 1.000e-03, Time: 2.48e+04
Model state saved to ./results/models/checkpoints/schrodinger/qho/2025-09-10_20-16-36-552753/model.pth
Model state saved to ./results/models/checkpoints/schrodinger/qho/2025-09-10_20-16-36-552753/model_weights.pth
It: 111, Loss: 1.017e-03, Loss_res: 6.860e-04,  Loss_bcs: 6.015e-04, Loss_ut_ics: 4.085e-02, lr: 1.000e-03, Time: 2.50e+04
Model state saved to ./results/models/checkpoints/schrodinger/qho/2025-09-10_20-16-36-552753/model.pth
Model state saved to ./results/models/checkpoints/schrodinger/qho/2025-09-10_20-16-36-552753/model_weights.pth
It: 112, Loss: 2.121e-03, Loss_res: 3.617e-02,  Loss_bcs: 2.349e-04, Loss_ut_ics: 1.524e-01, lr: 1.000e-03, Time: 2.52e+04
Model state saved to ./results/models/checkpoints/schrodinger/qho/2025-09-10_20-16-36-552753/model.pth
Model state saved to ./results/models/checkpoints/schrodinger/qho/2025-09-10_20-16-36-552753/model_weights.pth
It: 113, Loss: 1.526e-03, Loss_res: 2.156e-02,  Loss_bcs: 3.393e-04, Loss_ut_ics: 9.712e-02, lr: 1.000e-03, Time: 2.54e+04
Model state saved to ./results/models/checkpoints/schrodinger/qho/2025-09-10_20-16-36-552753/model.pth
Model state saved to ./results/models/checkpoints/schrodinger/qho/2025-09-10_20-16-36-552753/model_weights.pth
It: 114, Loss: 1.910e-04, Loss_res: 4.929e-03,  Loss_bcs: 2.545e-05, Loss_ut_ics: 1.162e-02, lr: 1.000e-03, Time: 2.56e+04
Model state saved to ./results/models/checkpoints/schrodinger/qho/2025-09-10_20-16-36-552753/model.pth
Model state saved to ./results/models/checkpoints/schrodinger/qho/2025-09-10_20-16-36-552753/model_weights.pth
It: 115, Loss: 9.752e-04, Loss_res: 2.812e-03,  Loss_bcs: 3.710e-04, Loss_ut_ics: 5.761e-02, lr: 1.000e-03, Time: 2.58e+04
Model state saved to ./results/models/checkpoints/schrodinger/qho/2025-09-10_20-16-36-552753/model.pth
Model state saved to ./results/models/checkpoints/schrodinger/qho/2025-09-10_20-16-36-552753/model_weights.pth
It: 116, Loss: 2.241e-03, Loss_res: 3.268e-02,  Loss_bcs: 9.827e-04, Loss_ut_ics: 9.311e-02, lr: 1.000e-03, Time: 2.60e+04
Model state saved to ./results/models/checkpoints/schrodinger/qho/2025-09-10_20-16-36-552753/model.pth
Model state saved to ./results/models/checkpoints/schrodinger/qho/2025-09-10_20-16-36-552753/model_weights.pth
It: 117, Loss: 1.681e-03, Loss_res: 1.943e-02,  Loss_bcs: 3.898e-05, Loss_ut_ics: 1.448e-01, lr: 1.000e-03, Time: 2.62e+04
Model state saved to ./results/models/checkpoints/schrodinger/qho/2025-09-10_20-16-36-552753/model.pth
Model state saved to ./results/models/checkpoints/schrodinger/qho/2025-09-10_20-16-36-552753/model_weights.pth
It: 118, Loss: 1.245e-03, Loss_res: 1.073e-02,  Loss_bcs: 5.150e-05, Loss_ut_ics: 1.086e-01, lr: 1.000e-03, Time: 2.64e+04
Model state saved to ./results/models/checkpoints/schrodinger/qho/2025-09-10_20-16-36-552753/model.pth
Model state saved to ./results/models/checkpoints/schrodinger/qho/2025-09-10_20-16-36-552753/model_weights.pth
It: 119, Loss: 1.735e-03, Loss_res: 3.286e-02,  Loss_bcs: 9.864e-05, Loss_ut_ics: 1.308e-01, lr: 1.000e-03, Time: 2.66e+04
Model state saved to ./results/models/checkpoints/schrodinger/qho/2025-09-10_20-16-36-552753/model.pth
Model state saved to ./results/models/checkpoints/schrodinger/qho/2025-09-10_20-16-36-552753/model_weights.pth
It: 120, Loss: 1.927e-03, Loss_res: 1.332e-03,  Loss_bcs: 1.148e-04, Loss_ut_ics: 1.799e-01, lr: 1.000e-03, Time: 2.69e+04
Model state saved to ./results/models/checkpoints/schrodinger/qho/2025-09-10_20-16-36-552753/model.pth
Model state saved to ./results/models/checkpoints/schrodinger/qho/2025-09-10_20-16-36-552753/model_weights.pth
It: 121, Loss: 2.324e-03, Loss_res: 5.816e-04,  Loss_bcs: 4.098e-05, Loss_ut_ics: 2.278e-01, lr: 1.000e-03, Time: 2.71e+04
Model state saved to ./results/models/checkpoints/schrodinger/qho/2025-09-10_20-16-36-552753/model.pth
Model state saved to ./results/models/checkpoints/schrodinger/qho/2025-09-10_20-16-36-552753/model_weights.pth
It: 122, Loss: 1.750e-03, Loss_res: 5.285e-04,  Loss_bcs: 1.240e-03, Loss_ut_ics: 5.043e-02, lr: 1.000e-03, Time: 2.73e+04
Model state saved to ./results/models/checkpoints/schrodinger/qho/2025-09-10_20-16-36-552753/model.pth
Model state saved to ./results/models/checkpoints/schrodinger/qho/2025-09-10_20-16-36-552753/model_weights.pth
It: 123, Loss: 2.774e-05, Loss_res: 1.418e-04,  Loss_bcs: 1.600e-05, Loss_ut_ics: 1.032e-03, lr: 1.000e-03, Time: 2.75e+04
Model state saved to ./results/models/checkpoints/schrodinger/qho/2025-09-10_20-16-36-552753/model.pth
Model state saved to ./results/models/checkpoints/schrodinger/qho/2025-09-10_20-16-36-552753/model_weights.pth
It: 124, Loss: 2.758e-03, Loss_res: 5.437e-03,  Loss_bcs: 1.781e-03, Loss_ut_ics: 9.226e-02, lr: 1.000e-03, Time: 2.77e+04
Model state saved to ./results/models/checkpoints/schrodinger/qho/2025-09-10_20-16-36-552753/model.pth
Model state saved to ./results/models/checkpoints/schrodinger/qho/2025-09-10_20-16-36-552753/model_weights.pth
It: 125, Loss: 2.184e-03, Loss_res: 1.074e-03,  Loss_bcs: 1.545e-03, Loss_ut_ics: 6.278e-02, lr: 1.000e-03, Time: 2.79e+04
Model state saved to ./results/models/checkpoints/schrodinger/qho/2025-09-10_20-16-36-552753/model.pth
Model state saved to ./results/models/checkpoints/schrodinger/qho/2025-09-10_20-16-36-552753/model_weights.pth
It: 126, Loss: 3.925e-04, Loss_res: 1.270e-02,  Loss_bcs: 1.347e-04, Loss_ut_ics: 1.308e-02, lr: 1.000e-03, Time: 2.81e+04
Model state saved to ./results/models/checkpoints/schrodinger/qho/2025-09-10_20-16-36-552753/model.pth
Model state saved to ./results/models/checkpoints/schrodinger/qho/2025-09-10_20-16-36-552753/model_weights.pth
It: 127, Loss: 7.421e-04, Loss_res: 2.786e-03,  Loss_bcs: 7.191e-05, Loss_ut_ics: 6.424e-02, lr: 1.000e-03, Time: 2.83e+04
Model state saved to ./results/models/checkpoints/schrodinger/qho/2025-09-10_20-16-36-552753/model.pth
Model state saved to ./results/models/checkpoints/schrodinger/qho/2025-09-10_20-16-36-552753/model_weights.pth
It: 128, Loss: 1.097e-03, Loss_res: 5.211e-02,  Loss_bcs: 5.684e-04, Loss_ut_ics: 7.229e-04, lr: 1.000e-03, Time: 2.85e+04
Model state saved to ./results/models/checkpoints/schrodinger/qho/2025-09-10_20-16-36-552753/model.pth
Model state saved to ./results/models/checkpoints/schrodinger/qho/2025-09-10_20-16-36-552753/model_weights.pth
It: 129, Loss: 7.689e-04, Loss_res: 3.390e-03,  Loss_bcs: 3.719e-04, Loss_ut_ics: 3.631e-02, lr: 1.000e-03, Time: 2.88e+04
Model state saved to ./results/models/checkpoints/schrodinger/qho/2025-09-10_20-16-36-552753/model.pth
Model state saved to ./results/models/checkpoints/schrodinger/qho/2025-09-10_20-16-36-552753/model_weights.pth
It: 130, Loss: 8.358e-04, Loss_res: 1.058e-02,  Loss_bcs: 1.369e-04, Loss_ut_ics: 5.931e-02, lr: 1.000e-03, Time: 2.90e+04
Model state saved to ./results/models/checkpoints/schrodinger/qho/2025-09-10_20-16-36-552753/model.pth
Model state saved to ./results/models/checkpoints/schrodinger/qho/2025-09-10_20-16-36-552753/model_weights.pth
It: 131, Loss: 1.338e-03, Loss_res: 1.228e-03,  Loss_bcs: 3.013e-04, Loss_ut_ics: 1.024e-01, lr: 1.000e-03, Time: 2.92e+04
Model state saved to ./results/models/checkpoints/schrodinger/qho/2025-09-10_20-16-36-552753/model.pth
Model state saved to ./results/models/checkpoints/schrodinger/qho/2025-09-10_20-16-36-552753/model_weights.pth
It: 132, Loss: 4.519e-04, Loss_res: 1.195e-03,  Loss_bcs: 4.257e-04, Loss_ut_ics: 1.427e-03, lr: 1.000e-03, Time: 2.94e+04
Model state saved to ./results/models/checkpoints/schrodinger/qho/2025-09-10_20-16-36-552753/model.pth
Model state saved to ./results/models/checkpoints/schrodinger/qho/2025-09-10_20-16-36-552753/model_weights.pth
It: 133, Loss: 1.524e-03, Loss_res: 4.532e-03,  Loss_bcs: 1.052e-04, Loss_ut_ics: 1.373e-01, lr: 1.000e-03, Time: 2.96e+04
Model state saved to ./results/models/checkpoints/schrodinger/qho/2025-09-10_20-16-36-552753/model.pth
Model state saved to ./results/models/checkpoints/schrodinger/qho/2025-09-10_20-16-36-552753/model_weights.pth
It: 134, Loss: 8.138e-04, Loss_res: 1.357e-02,  Loss_bcs: 9.810e-05, Loss_ut_ics: 5.800e-02, lr: 1.000e-03, Time: 2.98e+04
Model state saved to ./results/models/checkpoints/schrodinger/qho/2025-09-10_20-16-36-552753/model.pth
Model state saved to ./results/models/checkpoints/schrodinger/qho/2025-09-10_20-16-36-552753/model_weights.pth
It: 135, Loss: 8.580e-04, Loss_res: 5.481e-03,  Loss_bcs: 7.937e-04, Loss_ut_ics: 9.495e-04, lr: 1.000e-03, Time: 3.00e+04
Model state saved to ./results/models/checkpoints/schrodinger/qho/2025-09-10_20-16-36-552753/model.pth
Model state saved to ./results/models/checkpoints/schrodinger/qho/2025-09-10_20-16-36-552753/model_weights.pth
It: 136, Loss: 1.037e-03, Loss_res: 3.093e-03,  Loss_bcs: 2.249e-05, Loss_ut_ics: 9.835e-02, lr: 1.000e-03, Time: 3.02e+04
Model state saved to ./results/models/checkpoints/schrodinger/qho/2025-09-10_20-16-36-552753/model.pth
Model state saved to ./results/models/checkpoints/schrodinger/qho/2025-09-10_20-16-36-552753/model_weights.pth
It: 137, Loss: 4.402e-04, Loss_res: 2.323e-03,  Loss_bcs: 6.843e-05, Loss_ut_ics: 3.486e-02, lr: 1.000e-03, Time: 3.04e+04
Model state saved to ./results/models/checkpoints/schrodinger/qho/2025-09-10_20-16-36-552753/model.pth
Model state saved to ./results/models/checkpoints/schrodinger/qho/2025-09-10_20-16-36-552753/model_weights.pth
It: 138, Loss: 3.226e-03, Loss_res: 8.917e-03,  Loss_bcs: 1.201e-03, Loss_ut_ics: 1.936e-01, lr: 1.000e-03, Time: 3.06e+04
Model state saved to ./results/models/checkpoints/schrodinger/qho/2025-09-10_20-16-36-552753/model.pth
Model state saved to ./results/models/checkpoints/schrodinger/qho/2025-09-10_20-16-36-552753/model_weights.pth
It: 139, Loss: 4.901e-04, Loss_res: 7.974e-04,  Loss_bcs: 1.604e-04, Loss_ut_ics: 3.217e-02, lr: 1.000e-03, Time: 3.08e+04
Model state saved to ./results/models/checkpoints/schrodinger/qho/2025-09-10_20-16-36-552753/model.pth
Model state saved to ./results/models/checkpoints/schrodinger/qho/2025-09-10_20-16-36-552753/model_weights.pth
It: 140, Loss: 9.308e-04, Loss_res: 1.193e-03,  Loss_bcs: 9.797e-05, Loss_ut_ics: 8.209e-02, lr: 1.000e-03, Time: 3.11e+04
Model state saved to ./results/models/checkpoints/schrodinger/qho/2025-09-10_20-16-36-552753/model.pth
Model state saved to ./results/models/checkpoints/schrodinger/qho/2025-09-10_20-16-36-552753/model_weights.pth
It: 141, Loss: 2.300e-04, Loss_res: 2.371e-03,  Loss_bcs: 7.102e-05, Loss_ut_ics: 1.353e-02, lr: 1.000e-03, Time: 3.13e+04
Model state saved to ./results/models/checkpoints/schrodinger/qho/2025-09-10_20-16-36-552753/model.pth
Model state saved to ./results/models/checkpoints/schrodinger/qho/2025-09-10_20-16-36-552753/model_weights.pth
It: 142, Loss: 8.613e-04, Loss_res: 7.919e-04,  Loss_bcs: 1.804e-04, Loss_ut_ics: 6.730e-02, lr: 1.000e-03, Time: 3.15e+04
Model state saved to ./results/models/checkpoints/schrodinger/qho/2025-09-10_20-16-36-552753/model.pth
Model state saved to ./results/models/checkpoints/schrodinger/qho/2025-09-10_20-16-36-552753/model_weights.pth
It: 143, Loss: 1.422e-04, Loss_res: 6.306e-03,  Loss_bcs: 3.614e-05, Loss_ut_ics: 4.301e-03, lr: 1.000e-03, Time: 3.17e+04
Model state saved to ./results/models/checkpoints/schrodinger/qho/2025-09-10_20-16-36-552753/model.pth
Model state saved to ./results/models/checkpoints/schrodinger/qho/2025-09-10_20-16-36-552753/model_weights.pth
It: 144, Loss: 1.298e-03, Loss_res: 7.265e-04,  Loss_bcs: 3.374e-04, Loss_ut_ics: 9.530e-02, lr: 1.000e-03, Time: 3.19e+04
Model state saved to ./results/models/checkpoints/schrodinger/qho/2025-09-10_20-16-36-552753/model.pth
Model state saved to ./results/models/checkpoints/schrodinger/qho/2025-09-10_20-16-36-552753/model_weights.pth
It: 145, Loss: 1.414e-03, Loss_res: 1.393e-03,  Loss_bcs: 3.142e-04, Loss_ut_ics: 1.086e-01, lr: 1.000e-03, Time: 3.21e+04
Model state saved to ./results/models/checkpoints/schrodinger/qho/2025-09-10_20-16-36-552753/model.pth
Model state saved to ./results/models/checkpoints/schrodinger/qho/2025-09-10_20-16-36-552753/model_weights.pth
It: 146, Loss: 2.037e-03, Loss_res: 3.527e-02,  Loss_bcs: 4.275e-05, Loss_ut_ics: 1.641e-01, lr: 1.000e-03, Time: 3.23e+04
Model state saved to ./results/models/checkpoints/schrodinger/qho/2025-09-10_20-16-36-552753/model.pth
Model state saved to ./results/models/checkpoints/schrodinger/qho/2025-09-10_20-16-36-552753/model_weights.pth
It: 147, Loss: 8.941e-04, Loss_res: 8.201e-03,  Loss_bcs: 4.644e-05, Loss_ut_ics: 7.657e-02, lr: 1.000e-03, Time: 3.25e+04
Model state saved to ./results/models/checkpoints/schrodinger/qho/2025-09-10_20-16-36-552753/model.pth
Model state saved to ./results/models/checkpoints/schrodinger/qho/2025-09-10_20-16-36-552753/model_weights.pth
It: 148, Loss: 1.397e-03, Loss_res: 9.703e-03,  Loss_bcs: 3.773e-05, Loss_ut_ics: 1.262e-01, lr: 1.000e-03, Time: 3.27e+04
Model state saved to ./results/models/checkpoints/schrodinger/qho/2025-09-10_20-16-36-552753/model.pth
Model state saved to ./results/models/checkpoints/schrodinger/qho/2025-09-10_20-16-36-552753/model_weights.pth
It: 149, Loss: 1.938e-04, Loss_res: 6.284e-03,  Loss_bcs: 8.782e-05, Loss_ut_ics: 4.317e-03, lr: 1.000e-03, Time: 3.29e+04
Model state saved to ./results/models/checkpoints/schrodinger/qho/2025-09-10_20-16-36-552753/model.pth
Model state saved to ./results/models/checkpoints/schrodinger/qho/2025-09-10_20-16-36-552753/model_weights.pth
It: 150, Loss: 8.127e-04, Loss_res: 5.842e-02,  Loss_bcs: 1.239e-04, Loss_ut_ics: 1.045e-02, lr: 1.000e-03, Time: 3.32e+04
Model state saved to ./results/models/checkpoints/schrodinger/qho/2025-09-10_20-16-36-552753/model.pth
Model state saved to ./results/models/checkpoints/schrodinger/qho/2025-09-10_20-16-36-552753/model_weights.pth
It: 151, Loss: 1.054e-03, Loss_res: 5.160e-04,  Loss_bcs: 2.037e-04, Loss_ut_ics: 8.456e-02, lr: 1.000e-03, Time: 3.34e+04
Model state saved to ./results/models/checkpoints/schrodinger/qho/2025-09-10_20-16-36-552753/model.pth
Model state saved to ./results/models/checkpoints/schrodinger/qho/2025-09-10_20-16-36-552753/model_weights.pth
It: 152, Loss: 1.327e-03, Loss_res: 1.460e-03,  Loss_bcs: 1.285e-04, Loss_ut_ics: 1.184e-01, lr: 1.000e-03, Time: 3.36e+04
Model state saved to ./results/models/checkpoints/schrodinger/qho/2025-09-10_20-16-36-552753/model.pth
Model state saved to ./results/models/checkpoints/schrodinger/qho/2025-09-10_20-16-36-552753/model_weights.pth
It: 153, Loss: 7.290e-04, Loss_res: 4.137e-03,  Loss_bcs: 6.485e-04, Loss_ut_ics: 3.916e-03, lr: 1.000e-03, Time: 3.38e+04
Model state saved to ./results/models/checkpoints/schrodinger/qho/2025-09-10_20-16-36-552753/model.pth
Model state saved to ./results/models/checkpoints/schrodinger/qho/2025-09-10_20-16-36-552753/model_weights.pth
It: 154, Loss: 1.033e-03, Loss_res: 4.199e-04,  Loss_bcs: 6.302e-05, Loss_ut_ics: 9.654e-02, lr: 1.000e-03, Time: 3.40e+04
Model state saved to ./results/models/checkpoints/schrodinger/qho/2025-09-10_20-16-36-552753/model.pth
Model state saved to ./results/models/checkpoints/schrodinger/qho/2025-09-10_20-16-36-552753/model_weights.pth
It: 155, Loss: 4.313e-03, Loss_res: 8.062e-03,  Loss_bcs: 2.503e-04, Loss_ut_ics: 3.982e-01, lr: 1.000e-03, Time: 3.42e+04
Model state saved to ./results/models/checkpoints/schrodinger/qho/2025-09-10_20-16-36-552753/model.pth
Model state saved to ./results/models/checkpoints/schrodinger/qho/2025-09-10_20-16-36-552753/model_weights.pth
It: 156, Loss: 1.935e-03, Loss_res: 6.002e-02,  Loss_bcs: 2.731e-05, Loss_ut_ics: 1.308e-01, lr: 1.000e-03, Time: 3.44e+04
Model state saved to ./results/models/checkpoints/schrodinger/qho/2025-09-10_20-16-36-552753/model.pth
Model state saved to ./results/models/checkpoints/schrodinger/qho/2025-09-10_20-16-36-552753/model_weights.pth
It: 157, Loss: 8.968e-04, Loss_res: 3.858e-04,  Loss_bcs: 9.141e-06, Loss_ut_ics: 8.838e-02, lr: 1.000e-03, Time: 3.46e+04
Model state saved to ./results/models/checkpoints/schrodinger/qho/2025-09-10_20-16-36-552753/model.pth
Model state saved to ./results/models/checkpoints/schrodinger/qho/2025-09-10_20-16-36-552753/model_weights.pth
It: 158, Loss: 1.356e-03, Loss_res: 1.513e-02,  Loss_bcs: 6.409e-04, Loss_ut_ics: 5.640e-02, lr: 1.000e-03, Time: 3.49e+04
Model state saved to ./results/models/checkpoints/schrodinger/qho/2025-09-10_20-16-36-552753/model.pth
Model state saved to ./results/models/checkpoints/schrodinger/qho/2025-09-10_20-16-36-552753/model_weights.pth
It: 159, Loss: 2.916e-04, Loss_res: 5.127e-03,  Loss_bcs: 1.518e-04, Loss_ut_ics: 8.854e-03, lr: 1.000e-03, Time: 3.51e+04
Model state saved to ./results/models/checkpoints/schrodinger/qho/2025-09-10_20-16-36-552753/model.pth
Model state saved to ./results/models/checkpoints/schrodinger/qho/2025-09-10_20-16-36-552753/model_weights.pth
Using DV Solver
The settings used:
batch_size : 64
epochs : 400
lr : 0.001
seed : 42
print_every : 1
log_path : ./results/models/checkpoints/schrodinger/qho
input_dim : 2
output_dim : 2
num_qubits : 5
hidden_dim : 30
num_quantum_layers : 1
classic_network : [2, 30, 2]
q_ansatz : sim_circ_15
mode : hybrid
activation : null
shots : 1
problem : schrodinger
solver : DV
device : cpu
method : None
cutoff_dim : 20
class : CVNeuralNetwork2
encoding : None
eq_params : {'example': 'ho', 'L': 5.0, 'T': 0.1, 'hbar': 1.0, 'mass': 1.0, 'n_level': 0, 'omega': 1.0, 'potential_fn': 'lambda t, x : 0.5 * 1.0 * (1.0**2) * (x**2)'}
noise : False
Total number of parameters: 507
The circuit used in the study:
