checkpoint path: self.log_path='./results/models/checkpoints/wave/2025-09-17_11-42-17-501616'
Using Classical Solver
The settings used:
batch_size : 64
epochs : 2000
lr : 0.01
seed : 42
print_every : 100
log_path : ./results/models/checkpoints/wave
input_dim : 2
output_dim : 1
num_qubits : 5
hidden_dim : 50
num_quantum_layers : 2
classic_network : [2, 50, 1]
q_ansatz : sim_circ_5
mode : hybrid
activation : null
shots : None
problem : wave
solver : Classical
device : cpu
method : None
cutoff_dim : 20
class : CVNeuralNetwork2
encoding : None
Total number of parameters: 7851
It: 0, Loss: 3.413e+00, Loss_res: 2.441e-06,  Loss_bcs: 3.413e-01, Loss_ut_ics: 2.821e-04, lr: 1.000e-02, Time: 3.63e-02
Model state saved to ./results/models/checkpoints/wave/2025-09-17_11-42-17-501616/model.pth
Model state saved to ./results/models/checkpoints/wave/2025-09-17_11-42-17-501616/model_weights.pth
It: 100, Loss: 1.302e+00, Loss_res: 2.787e+00,  Loss_bcs: 9.306e-02, Loss_ut_ics: 9.283e-01, lr: 1.000e-02, Time: 2.96e-03
Model state saved to ./results/models/checkpoints/wave/2025-09-17_11-42-17-501616/model.pth
Model state saved to ./results/models/checkpoints/wave/2025-09-17_11-42-17-501616/model_weights.pth
It: 200, Loss: 4.500e-01, Loss_res: 3.253e-01,  Loss_bcs: 3.914e-02, Loss_ut_ics: 2.599e-01, lr: 1.000e-02, Time: 2.86e-03
Model state saved to ./results/models/checkpoints/wave/2025-09-17_11-42-17-501616/model.pth
Model state saved to ./results/models/checkpoints/wave/2025-09-17_11-42-17-501616/model_weights.pth
It: 300, Loss: 1.770e-01, Loss_res: 4.351e-01,  Loss_bcs: 1.236e-02, Loss_ut_ics: 9.858e-02, lr: 1.000e-02, Time: 3.31e-03
Model state saved to ./results/models/checkpoints/wave/2025-09-17_11-42-17-501616/model.pth
Model state saved to ./results/models/checkpoints/wave/2025-09-17_11-42-17-501616/model_weights.pth
It: 400, Loss: 1.327e-01, Loss_res: 3.286e-01,  Loss_bcs: 8.476e-03, Loss_ut_ics: 1.513e-01, lr: 1.000e-02, Time: 2.80e-03
Model state saved to ./results/models/checkpoints/wave/2025-09-17_11-42-17-501616/model.pth
Model state saved to ./results/models/checkpoints/wave/2025-09-17_11-42-17-501616/model_weights.pth
It: 500, Loss: 2.020e-01, Loss_res: 2.555e-01,  Loss_bcs: 1.727e-02, Loss_ut_ics: 3.730e-02, lr: 1.000e-02, Time: 2.81e-03
Model state saved to ./results/models/checkpoints/wave/2025-09-17_11-42-17-501616/model.pth
Model state saved to ./results/models/checkpoints/wave/2025-09-17_11-42-17-501616/model_weights.pth
It: 600, Loss: 2.753e-01, Loss_res: 3.191e-01,  Loss_bcs: 2.316e-02, Loss_ut_ics: 1.177e-01, lr: 1.000e-02, Time: 2.80e-03
Model state saved to ./results/models/checkpoints/wave/2025-09-17_11-42-17-501616/model.pth
Model state saved to ./results/models/checkpoints/wave/2025-09-17_11-42-17-501616/model_weights.pth
It: 700, Loss: 5.724e-02, Loss_res: 7.828e-02,  Loss_bcs: 4.399e-03, Loss_ut_ics: 5.418e-02, lr: 1.000e-02, Time: 2.79e-03
Model state saved to ./results/models/checkpoints/wave/2025-09-17_11-42-17-501616/model.pth
Model state saved to ./results/models/checkpoints/wave/2025-09-17_11-42-17-501616/model_weights.pth
It: 800, Loss: 1.669e-01, Loss_res: 6.062e-02,  Loss_bcs: 1.600e-02, Loss_ut_ics: 7.624e-03, lr: 1.000e-02, Time: 2.83e-03
Model state saved to ./results/models/checkpoints/wave/2025-09-17_11-42-17-501616/model.pth
Model state saved to ./results/models/checkpoints/wave/2025-09-17_11-42-17-501616/model_weights.pth
It: 900, Loss: 6.569e-02, Loss_res: 6.680e-02,  Loss_bcs: 5.734e-03, Loss_ut_ics: 1.673e-02, lr: 1.000e-02, Time: 2.83e-03
Model state saved to ./results/models/checkpoints/wave/2025-09-17_11-42-17-501616/model.pth
Model state saved to ./results/models/checkpoints/wave/2025-09-17_11-42-17-501616/model_weights.pth
It: 1000, Loss: 5.659e-02, Loss_res: 5.024e-02,  Loss_bcs: 5.089e-03, Loss_ut_ics: 6.765e-03, lr: 1.000e-02, Time: 2.78e-03
Model state saved to ./results/models/checkpoints/wave/2025-09-17_11-42-17-501616/model.pth
Model state saved to ./results/models/checkpoints/wave/2025-09-17_11-42-17-501616/model_weights.pth
It: 1100, Loss: 3.917e-02, Loss_res: 1.526e-01,  Loss_bcs: 2.116e-03, Loss_ut_ics: 2.752e-02, lr: 1.000e-02, Time: 2.83e-03
Model state saved to ./results/models/checkpoints/wave/2025-09-17_11-42-17-501616/model.pth
Model state saved to ./results/models/checkpoints/wave/2025-09-17_11-42-17-501616/model_weights.pth
It: 1200, Loss: 4.409e-02, Loss_res: 1.290e-01,  Loss_bcs: 2.893e-03, Loss_ut_ics: 2.264e-02, lr: 1.000e-02, Time: 2.78e-03
Model state saved to ./results/models/checkpoints/wave/2025-09-17_11-42-17-501616/model.pth
Model state saved to ./results/models/checkpoints/wave/2025-09-17_11-42-17-501616/model_weights.pth
It: 1300, Loss: 6.734e-02, Loss_res: 1.094e-01,  Loss_bcs: 5.314e-03, Loss_ut_ics: 3.265e-02, lr: 1.000e-02, Time: 2.79e-03
Model state saved to ./results/models/checkpoints/wave/2025-09-17_11-42-17-501616/model.pth
Model state saved to ./results/models/checkpoints/wave/2025-09-17_11-42-17-501616/model_weights.pth
It: 1400, Loss: 4.261e-02, Loss_res: 6.936e-02,  Loss_bcs: 3.427e-03, Loss_ut_ics: 1.406e-02, lr: 1.000e-02, Time: 2.86e-03
Model state saved to ./results/models/checkpoints/wave/2025-09-17_11-42-17-501616/model.pth
Model state saved to ./results/models/checkpoints/wave/2025-09-17_11-42-17-501616/model_weights.pth
It: 1500, Loss: 7.052e-02, Loss_res: 6.702e-02,  Loss_bcs: 6.223e-03, Loss_ut_ics: 1.595e-02, lr: 1.000e-02, Time: 3.21e-03
Model state saved to ./results/models/checkpoints/wave/2025-09-17_11-42-17-501616/model.pth
Model state saved to ./results/models/checkpoints/wave/2025-09-17_11-42-17-501616/model_weights.pth
It: 1600, Loss: 6.716e-02, Loss_res: 9.563e-02,  Loss_bcs: 5.525e-03, Loss_ut_ics: 2.341e-02, lr: 1.000e-02, Time: 2.79e-03
Model state saved to ./results/models/checkpoints/wave/2025-09-17_11-42-17-501616/model.pth
Model state saved to ./results/models/checkpoints/wave/2025-09-17_11-42-17-501616/model_weights.pth
It: 1700, Loss: 3.331e-02, Loss_res: 1.092e-01,  Loss_bcs: 2.220e-03, Loss_ut_ics: 1.860e-03, lr: 1.000e-02, Time: 3.02e-03
Model state saved to ./results/models/checkpoints/wave/2025-09-17_11-42-17-501616/model.pth
Model state saved to ./results/models/checkpoints/wave/2025-09-17_11-42-17-501616/model_weights.pth
It: 1800, Loss: 4.222e-02, Loss_res: 3.418e-02,  Loss_bcs: 3.842e-03, Loss_ut_ics: 3.818e-03, lr: 1.000e-02, Time: 3.07e-03
Model state saved to ./results/models/checkpoints/wave/2025-09-17_11-42-17-501616/model.pth
Model state saved to ./results/models/checkpoints/wave/2025-09-17_11-42-17-501616/model_weights.pth
It: 1900, Loss: 3.572e-02, Loss_res: 5.171e-02,  Loss_bcs: 3.014e-03, Loss_ut_ics: 4.063e-03, lr: 1.000e-02, Time: 2.76e-03
Model state saved to ./results/models/checkpoints/wave/2025-09-17_11-42-17-501616/model.pth
Model state saved to ./results/models/checkpoints/wave/2025-09-17_11-42-17-501616/model_weights.pth
It: 2000, Loss: 4.315e-02, Loss_res: 6.253e-02,  Loss_bcs: 3.637e-03, Loss_ut_ics: 5.210e-03, lr: 1.000e-02, Time: 2.80e-03
Model state saved to ./results/models/checkpoints/wave/2025-09-17_11-42-17-501616/model.pth
Model state saved to ./results/models/checkpoints/wave/2025-09-17_11-42-17-501616/model_weights.pth
Model state saved to ./results/models/checkpoints/wave/2025-09-17_11-42-17-501616/model.pth
Model state saved to ./results/models/checkpoints/wave/2025-09-17_11-42-17-501616/model_weights.pth
Training completed successfuly!
Relative L2 error_u: 1.03e+01
Relative L2 error_f: 4.94e+01
