Using DV Solver
The settings used:
batch_size : 64
epochs : 400
lr : 0.001
seed : 42
print_every : 10
log_path : ./results/models/checkpoints/schrodinger/qho
input_dim : 2
output_dim : 2
num_qubits : 5
hidden_dim : 30
num_quantum_layers : 1
classic_network : [2, 30, 2]
q_ansatz : sim_circ_15
mode : hybrid
activation : null
shots : 1
problem : schrodinger
solver : DV
device : cpu
method : None
cutoff_dim : 20
class : CVNeuralNetwork2
encoding : None
eq_params : {'example': 'ho', 'L': 5.0, 'T': 0.1, 'hbar': 1.0, 'mass': 1.0, 'n_level': 0, 'omega': 1.0, 'potential_fn': 'lambda t, x : 0.5 * 1.0 * (1.0**2) * (x**2)'}
noise : True
Total number of parameters: 507
The circuit used in the study:
It: 1, Loss: 2.088e-01, Loss_res: 4.444e+00,  Loss_bcs: 1.625e-01, Loss_ut_ics: 1.883e-01, lr: 1.000e-03, Time: 5.38e+02
Model state saved to ./results/models/checkpoints/schrodinger/qho/2025-09-06_10-14-34-480298/model.pth
Model state saved to ./results/models/checkpoints/schrodinger/qho/2025-09-06_10-14-34-480298/model_weights.pth
It: 10, Loss: 7.187e-02, Loss_res: 1.190e+00,  Loss_bcs: 5.824e-02, Loss_ut_ics: 1.725e-01, lr: 1.000e-03, Time: 5.33e+03
Model state saved to ./results/models/checkpoints/schrodinger/qho/2025-09-06_10-14-34-480298/model.pth
Model state saved to ./results/models/checkpoints/schrodinger/qho/2025-09-06_10-14-34-480298/model_weights.pth
