INFO:src.utils.logger:It: 1, Loss: 8.288e+02, Loss_res: 4.090e+00,  Loss_bcs: 0.000e+00, Loss_ut_ics: 1.021e+00, Loss_norm: 9.550e-01, Loss_gauge: 0.000e+00, w_pde: 5.00e-01, L^2_error: 9.683e-01, lr: 1.000e-03, Time: 3.56e+00
INFO:src.utils.logger:Model state saved to C:\Users\mateo garcia\Documents\A master\Tesis\QPINNs-2025\results\2026-02-12_15-09-09-698947\model.pth
INFO:src.utils.logger:Model weights saved to C:\Users\mateo garcia\Documents\A master\Tesis\QPINNs-2025\results\2026-02-12_15-09-09-698947\model_weights.pth
INFO:src.utils.logger:It: 2, Loss: 7.997e+02, Loss_res: 2.322e+00,  Loss_bcs: 0.000e+00, Loss_ut_ics: 9.846e-01, Loss_norm: 9.686e-01, Loss_gauge: 0.000e+00, w_pde: 1.00e+00, L^2_error: 9.683e-01, lr: 1.000e-03, Time: 6.98e+00
INFO:src.utils.logger:Model state saved to C:\Users\mateo garcia\Documents\A master\Tesis\QPINNs-2025\results\2026-02-12_15-09-09-698947\model.pth
INFO:src.utils.logger:Model weights saved to C:\Users\mateo garcia\Documents\A master\Tesis\QPINNs-2025\results\2026-02-12_15-09-09-698947\model_weights.pth
INFO:src.utils.logger:It: 3, Loss: 7.795e+02, Loss_res: 1.478e+00,  Loss_bcs: 0.000e+00, Loss_ut_ics: 9.603e-01, Loss_norm: 9.771e-01, Loss_gauge: 0.000e+00, w_pde: 1.00e+00, L^2_error: 9.683e-01, lr: 1.000e-03, Time: 1.01e+01
INFO:src.utils.logger:Model state saved to C:\Users\mateo garcia\Documents\A master\Tesis\QPINNs-2025\results\2026-02-12_15-09-09-698947\model.pth
INFO:src.utils.logger:Model weights saved to C:\Users\mateo garcia\Documents\A master\Tesis\QPINNs-2025\results\2026-02-12_15-09-09-698947\model_weights.pth
INFO:src.utils.logger:It: 4, Loss: 7.668e+02, Loss_res: 9.153e-01,  Loss_bcs: 0.000e+00, Loss_ut_ics: 9.451e-01, Loss_norm: 9.818e-01, Loss_gauge: 0.000e+00, w_pde: 1.00e+00, L^2_error: 9.683e-01, lr: 1.000e-03, Time: 1.34e+01
INFO:src.utils.logger:Model state saved to C:\Users\mateo garcia\Documents\A master\Tesis\QPINNs-2025\results\2026-02-12_15-09-09-698947\model.pth
INFO:src.utils.logger:Model weights saved to C:\Users\mateo garcia\Documents\A master\Tesis\QPINNs-2025\results\2026-02-12_15-09-09-698947\model_weights.pth
INFO:src.utils.logger:It: 5, Loss: 7.584e+02, Loss_res: 7.522e-01,  Loss_bcs: 0.000e+00, Loss_ut_ics: 9.348e-01, Loss_norm: 9.838e-01, Loss_gauge: 0.000e+00, w_pde: 1.00e+00, L^2_error: 9.683e-01, lr: 1.000e-03, Time: 1.67e+01
INFO:src.utils.logger:Model state saved to C:\Users\mateo garcia\Documents\A master\Tesis\QPINNs-2025\results\2026-02-12_15-09-09-698947\model.pth
INFO:src.utils.logger:Model weights saved to C:\Users\mateo garcia\Documents\A master\Tesis\QPINNs-2025\results\2026-02-12_15-09-09-698947\model_weights.pth
INFO:src.utils.logger:It: 6, Loss: 7.513e+02, Loss_res: 6.569e-01,  Loss_bcs: 0.000e+00, Loss_ut_ics: 9.260e-01, Loss_norm: 9.843e-01, Loss_gauge: 0.000e+00, w_pde: 1.00e+00, L^2_error: 9.683e-01, lr: 1.000e-03, Time: 1.98e+01
INFO:src.utils.logger:Model state saved to C:\Users\mateo garcia\Documents\A master\Tesis\QPINNs-2025\results\2026-02-12_15-09-09-698947\model.pth
INFO:src.utils.logger:Model weights saved to C:\Users\mateo garcia\Documents\A master\Tesis\QPINNs-2025\results\2026-02-12_15-09-09-698947\model_weights.pth
INFO:src.utils.logger:It: 7, Loss: 7.439e+02, Loss_res: 6.501e-01,  Loss_bcs: 0.000e+00, Loss_ut_ics: 9.167e-01, Loss_norm: 9.840e-01, Loss_gauge: 0.000e+00, w_pde: 1.00e+00, L^2_error: 9.683e-01, lr: 1.000e-03, Time: 2.30e+01
INFO:src.utils.logger:Model state saved to C:\Users\mateo garcia\Documents\A master\Tesis\QPINNs-2025\results\2026-02-12_15-09-09-698947\model.pth
INFO:src.utils.logger:Model weights saved to C:\Users\mateo garcia\Documents\A master\Tesis\QPINNs-2025\results\2026-02-12_15-09-09-698947\model_weights.pth
