It: 1, Loss: 2.730e+02, Loss_res: 6.670e-01,  Loss_bcs: 0.000e+00, Loss_ut_ics: 1.072e+00, Loss_norm: 9.938e-01, Loss_gauge: 0.000e+00, w_pde: 6.67e-03, L^2_error: 9.733e-01, lr: 1.000e-03, Time: 5.94e+00
Model state saved to ./results/models/checkpoints/smoke_schrodinger\2026-02-04_15-19-04-659829_box_DV\model.pth
Model weights saved to ./results/models/checkpoints/smoke_schrodinger\2026-02-04_15-19-04-659829_box_DV\model_weights.pth
It: 50, Loss: 1.077e+01, Loss_res: 3.094e+01,  Loss_bcs: 0.000e+00, Loss_ut_ics: 1.809e-03, Loss_norm: 1.189e-03, Loss_gauge: 0.000e+00, w_pde: 3.33e-01, L^2_error: 9.600e-01, lr: 1.000e-03, Time: 2.91e+02
Model state saved to ./results/models/checkpoints/smoke_schrodinger\2026-02-04_15-19-04-659829_box_DV\model.pth
Model weights saved to ./results/models/checkpoints/smoke_schrodinger\2026-02-04_15-19-04-659829_box_DV\model_weights.pth
It: 100, Loss: 1.799e+01, Loss_res: 2.446e+01,  Loss_bcs: 0.000e+00, Loss_ut_ics: 6.155e-03, Loss_norm: 2.819e-02, Loss_gauge: 0.000e+00, w_pde: 6.67e-01, L^2_error: 8.986e-01, lr: 1.000e-03, Time: 5.79e+02
Model state saved to ./results/models/checkpoints/smoke_schrodinger\2026-02-04_15-19-04-659829_box_DV\model.pth
Model weights saved to ./results/models/checkpoints/smoke_schrodinger\2026-02-04_15-19-04-659829_box_DV\model_weights.pth
It: 150, Loss: 2.057e+01, Loss_res: 1.834e+01,  Loss_bcs: 0.000e+00, Loss_ut_ics: 7.847e-03, Loss_norm: 5.421e-02, Loss_gauge: 0.000e+00, w_pde: 1.00e+00, L^2_error: 8.383e-01, lr: 1.000e-03, Time: 8.60e+02
Model state saved to ./results/models/checkpoints/smoke_schrodinger\2026-02-04_15-19-04-659829_box_DV\model.pth
Model weights saved to ./results/models/checkpoints/smoke_schrodinger\2026-02-04_15-19-04-659829_box_DV\model_weights.pth
It: 200, Loss: 9.621e+00, Loss_res: 8.605e+00,  Loss_bcs: 0.000e+00, Loss_ut_ics: 3.075e-03, Loss_norm: 4.951e-02, Loss_gauge: 0.000e+00, w_pde: 1.00e+00, L^2_error: 4.862e-01, lr: 1.000e-03, Time: 1.18e+03
Model state saved to ./results/models/checkpoints/smoke_schrodinger\2026-02-04_15-19-04-659829_box_DV\model.pth
Model weights saved to ./results/models/checkpoints/smoke_schrodinger\2026-02-04_15-19-04-659829_box_DV\model_weights.pth
It: 250, Loss: 3.309e+00, Loss_res: 3.179e+00,  Loss_bcs: 0.000e+00, Loss_ut_ics: 2.194e-04, Loss_norm: 1.511e-02, Loss_gauge: 0.000e+00, w_pde: 1.00e+00, L^2_error: 2.508e-01, lr: 1.000e-03, Time: 1.48e+03
Model state saved to ./results/models/checkpoints/smoke_schrodinger\2026-02-04_15-19-04-659829_box_DV\model.pth
Model weights saved to ./results/models/checkpoints/smoke_schrodinger\2026-02-04_15-19-04-659829_box_DV\model_weights.pth
It: 300, Loss: 1.630e+00, Loss_res: 1.568e+00,  Loss_bcs: 0.000e+00, Loss_ut_ics: 1.671e-04, Loss_norm: 4.006e-03, Loss_gauge: 0.000e+00, w_pde: 1.00e+00, L^2_error: 1.183e-01, lr: 1.000e-03, Time: 1.80e+03
Model state saved to ./results/models/checkpoints/smoke_schrodinger\2026-02-04_15-19-04-659829_box_DV\model.pth
Model weights saved to ./results/models/checkpoints/smoke_schrodinger\2026-02-04_15-19-04-659829_box_DV\model_weights.pth
