Using DV Solver
Total number of parameters: 33
The circuit used in the study:
It: 1, Loss: 2.680e+00, Loss_res: 1.155e+00,  Loss_bcs: 3.571e-02, Loss_ut_ics: 1.670e-01, lr: 1.000e-03, Time: 2.52e+00
Model state saved to ./results/benchmarks/schrodinger/parameter_grid/2025-09-02_11-32-12-082700/model.pth
Model state saved to ./results/benchmarks/schrodinger/parameter_grid/2025-09-02_11-32-12-082700/model_weights.pth
It: 10, Loss: 1.416e+00, Loss_res: 5.962e-01,  Loss_bcs: 2.262e-02, Loss_ut_ics: 1.005e-01, lr: 1.000e-03, Time: 2.00e+01
Model state saved to ./results/benchmarks/schrodinger/parameter_grid/2025-09-02_11-32-12-082700/model.pth
Model state saved to ./results/benchmarks/schrodinger/parameter_grid/2025-09-02_11-32-12-082700/model_weights.pth
It: 20, Loss: 9.407e-01, Loss_res: 3.614e-01,  Loss_bcs: 1.237e-02, Loss_ut_ics: 1.028e-01, lr: 1.000e-03, Time: 3.97e+01
Model state saved to ./results/benchmarks/schrodinger/parameter_grid/2025-09-02_11-32-12-082700/model.pth
Model state saved to ./results/benchmarks/schrodinger/parameter_grid/2025-09-02_11-32-12-082700/model_weights.pth
It: 30, Loss: 4.162e-01, Loss_res: 1.132e-01,  Loss_bcs: 5.768e-03, Loss_ut_ics: 9.206e-02, lr: 1.000e-03, Time: 6.03e+01
Model state saved to ./results/benchmarks/schrodinger/parameter_grid/2025-09-02_11-32-12-082700/model.pth
Model state saved to ./results/benchmarks/schrodinger/parameter_grid/2025-09-02_11-32-12-082700/model_weights.pth
It: 40, Loss: 1.672e-01, Loss_res: 4.604e-02,  Loss_bcs: 2.366e-03, Loss_ut_ics: 3.639e-02, lr: 1.000e-03, Time: 8.06e+01
Model state saved to ./results/benchmarks/schrodinger/parameter_grid/2025-09-02_11-32-12-082700/model.pth
Model state saved to ./results/benchmarks/schrodinger/parameter_grid/2025-09-02_11-32-12-082700/model_weights.pth
It: 50, Loss: 2.645e-01, Loss_res: 2.630e-02,  Loss_bcs: 8.697e-04, Loss_ut_ics: 1.055e-01, lr: 1.000e-03, Time: 1.01e+02
Model state saved to ./results/benchmarks/schrodinger/parameter_grid/2025-09-02_11-32-12-082700/model.pth
Model state saved to ./results/benchmarks/schrodinger/parameter_grid/2025-09-02_11-32-12-082700/model_weights.pth
It: 60, Loss: 1.676e-01, Loss_res: 8.002e-03,  Loss_bcs: 3.343e-04, Loss_ut_ics: 7.564e-02, lr: 1.000e-03, Time: 1.22e+02
Model state saved to ./results/benchmarks/schrodinger/parameter_grid/2025-09-02_11-32-12-082700/model.pth
Model state saved to ./results/benchmarks/schrodinger/parameter_grid/2025-09-02_11-32-12-082700/model_weights.pth
It: 70, Loss: 3.270e-01, Loss_res: 6.372e-03,  Loss_bcs: 2.136e-04, Loss_ut_ics: 1.570e-01, lr: 1.000e-03, Time: 1.46e+02
Model state saved to ./results/benchmarks/schrodinger/parameter_grid/2025-09-02_11-32-12-082700/model.pth
Model state saved to ./results/benchmarks/schrodinger/parameter_grid/2025-09-02_11-32-12-082700/model_weights.pth
It: 80, Loss: 5.114e-01, Loss_res: 3.620e-03,  Loss_bcs: 1.985e-04, Loss_ut_ics: 2.520e-01, lr: 1.000e-03, Time: 1.67e+02
Model state saved to ./results/benchmarks/schrodinger/parameter_grid/2025-09-02_11-32-12-082700/model.pth
Model state saved to ./results/benchmarks/schrodinger/parameter_grid/2025-09-02_11-32-12-082700/model_weights.pth
It: 90, Loss: 4.037e-01, Loss_res: 5.617e-03,  Loss_bcs: 1.745e-04, Loss_ut_ics: 1.961e-01, lr: 1.000e-03, Time: 1.87e+02
Model state saved to ./results/benchmarks/schrodinger/parameter_grid/2025-09-02_11-32-12-082700/model.pth
Model state saved to ./results/benchmarks/schrodinger/parameter_grid/2025-09-02_11-32-12-082700/model_weights.pth
It: 100, Loss: 1.434e-01, Loss_res: 8.349e-03,  Loss_bcs: 1.438e-04, Loss_ut_ics: 6.330e-02, lr: 1.000e-03, Time: 2.09e+02
Model state saved to ./results/benchmarks/schrodinger/parameter_grid/2025-09-02_11-32-12-082700/model.pth
Model state saved to ./results/benchmarks/schrodinger/parameter_grid/2025-09-02_11-32-12-082700/model_weights.pth
Model state saved to ./results/benchmarks/schrodinger/parameter_grid/2025-09-02_11-32-12-082700/model.pth
Model state saved to ./results/benchmarks/schrodinger/parameter_grid/2025-09-02_11-32-12-082700/model_weights.pth
Training completed successfuly!, shots made: 3000
Using DV Solver
Total number of parameters: 81
The circuit used in the study:
It: 1, Loss: 1.569e+00, Loss_res: 6.293e-01,  Loss_bcs: 1.606e-02, Loss_ut_ics: 1.471e-01, lr: 1.000e-03, Time: 2.15e+00
Model state saved to ./results/benchmarks/schrodinger/parameter_grid/2025-09-02_11-35-43-279430/model.pth
Model state saved to ./results/benchmarks/schrodinger/parameter_grid/2025-09-02_11-35-43-279430/model_weights.pth
It: 10, Loss: 7.559e-01, Loss_res: 2.579e-01,  Loss_bcs: 5.985e-03, Loss_ut_ics: 1.170e-01, lr: 1.000e-03, Time: 2.02e+01
Model state saved to ./results/benchmarks/schrodinger/parameter_grid/2025-09-02_11-35-43-279430/model.pth
Model state saved to ./results/benchmarks/schrodinger/parameter_grid/2025-09-02_11-35-43-279430/model_weights.pth
It: 20, Loss: 3.964e-01, Loss_res: 8.046e-02,  Loss_bcs: 1.472e-03, Loss_ut_ics: 1.170e-01, lr: 1.000e-03, Time: 3.99e+01
Model state saved to ./results/benchmarks/schrodinger/parameter_grid/2025-09-02_11-35-43-279430/model.pth
Model state saved to ./results/benchmarks/schrodinger/parameter_grid/2025-09-02_11-35-43-279430/model_weights.pth
It: 30, Loss: 1.795e-01, Loss_res: 1.409e-02,  Loss_bcs: 1.108e-04, Loss_ut_ics: 7.559e-02, lr: 1.000e-03, Time: 6.05e+01
Model state saved to ./results/benchmarks/schrodinger/parameter_grid/2025-09-02_11-35-43-279430/model.pth
Model state saved to ./results/benchmarks/schrodinger/parameter_grid/2025-09-02_11-35-43-279430/model_weights.pth
It: 40, Loss: 9.880e-02, Loss_res: 3.832e-03,  Loss_bcs: 1.120e-04, Loss_ut_ics: 4.551e-02, lr: 1.000e-03, Time: 8.10e+01
Model state saved to ./results/benchmarks/schrodinger/parameter_grid/2025-09-02_11-35-43-279430/model.pth
Model state saved to ./results/benchmarks/schrodinger/parameter_grid/2025-09-02_11-35-43-279430/model_weights.pth
It: 50, Loss: 2.282e-01, Loss_res: 3.209e-03,  Loss_bcs: 3.000e-04, Loss_ut_ics: 1.108e-01, lr: 1.000e-03, Time: 1.02e+02
Model state saved to ./results/benchmarks/schrodinger/parameter_grid/2025-09-02_11-35-43-279430/model.pth
Model state saved to ./results/benchmarks/schrodinger/parameter_grid/2025-09-02_11-35-43-279430/model_weights.pth
It: 60, Loss: 1.634e-01, Loss_res: 3.527e-03,  Loss_bcs: 3.005e-04, Loss_ut_ics: 7.802e-02, lr: 1.000e-03, Time: 1.21e+02
Model state saved to ./results/benchmarks/schrodinger/parameter_grid/2025-09-02_11-35-43-279430/model.pth
Model state saved to ./results/benchmarks/schrodinger/parameter_grid/2025-09-02_11-35-43-279430/model_weights.pth
It: 70, Loss: 3.403e-01, Loss_res: 5.503e-03,  Loss_bcs: 2.478e-04, Loss_ut_ics: 1.645e-01, lr: 1.000e-03, Time: 1.42e+02
Model state saved to ./results/benchmarks/schrodinger/parameter_grid/2025-09-02_11-35-43-279430/model.pth
Model state saved to ./results/benchmarks/schrodinger/parameter_grid/2025-09-02_11-35-43-279430/model_weights.pth
It: 80, Loss: 5.193e-01, Loss_res: 4.260e-03,  Loss_bcs: 1.610e-04, Loss_ut_ics: 2.553e-01, lr: 1.000e-03, Time: 1.61e+02
Model state saved to ./results/benchmarks/schrodinger/parameter_grid/2025-09-02_11-35-43-279430/model.pth
Model state saved to ./results/benchmarks/schrodinger/parameter_grid/2025-09-02_11-35-43-279430/model_weights.pth
It: 90, Loss: 3.890e-01, Loss_res: 4.252e-03,  Loss_bcs: 1.106e-04, Loss_ut_ics: 1.902e-01, lr: 1.000e-03, Time: 1.81e+02
Model state saved to ./results/benchmarks/schrodinger/parameter_grid/2025-09-02_11-35-43-279430/model.pth
Model state saved to ./results/benchmarks/schrodinger/parameter_grid/2025-09-02_11-35-43-279430/model_weights.pth
It: 100, Loss: 1.415e-01, Loss_res: 4.340e-03,  Loss_bcs: 7.323e-05, Loss_ut_ics: 6.636e-02, lr: 1.000e-03, Time: 2.00e+02
Model state saved to ./results/benchmarks/schrodinger/parameter_grid/2025-09-02_11-35-43-279430/model.pth
Model state saved to ./results/benchmarks/schrodinger/parameter_grid/2025-09-02_11-35-43-279430/model_weights.pth
Model state saved to ./results/benchmarks/schrodinger/parameter_grid/2025-09-02_11-35-43-279430/model.pth
Model state saved to ./results/benchmarks/schrodinger/parameter_grid/2025-09-02_11-35-43-279430/model_weights.pth
Training completed successfuly!, shots made: 3000
Using DV Solver
Total number of parameters: 273
The circuit used in the study:
It: 1, Loss: 1.125e+01, Loss_res: 5.215e+00,  Loss_bcs: 1.629e-01, Loss_ut_ics: 3.277e-01, lr: 1.000e-03, Time: 2.34e+00
Model state saved to ./results/benchmarks/schrodinger/parameter_grid/2025-09-02_11-39-05-113950/model.pth
Model state saved to ./results/benchmarks/schrodinger/parameter_grid/2025-09-02_11-39-05-113950/model_weights.pth
It: 10, Loss: 4.718e+00, Loss_res: 2.182e+00,  Loss_bcs: 8.295e-02, Loss_ut_ics: 1.359e-01, lr: 1.000e-03, Time: 2.08e+01
Model state saved to ./results/benchmarks/schrodinger/parameter_grid/2025-09-02_11-39-05-113950/model.pth
Model state saved to ./results/benchmarks/schrodinger/parameter_grid/2025-09-02_11-39-05-113950/model_weights.pth
It: 20, Loss: 2.436e+00, Loss_res: 1.090e+00,  Loss_bcs: 3.670e-02, Loss_ut_ics: 1.098e-01, lr: 1.000e-03, Time: 4.19e+01
Model state saved to ./results/benchmarks/schrodinger/parameter_grid/2025-09-02_11-39-05-113950/model.pth
Model state saved to ./results/benchmarks/schrodinger/parameter_grid/2025-09-02_11-39-05-113950/model_weights.pth
It: 30, Loss: 7.052e-01, Loss_res: 2.491e-01,  Loss_bcs: 1.384e-02, Loss_ut_ics: 9.662e-02, lr: 1.000e-03, Time: 6.36e+01
Model state saved to ./results/benchmarks/schrodinger/parameter_grid/2025-09-02_11-39-05-113950/model.pth
Model state saved to ./results/benchmarks/schrodinger/parameter_grid/2025-09-02_11-39-05-113950/model_weights.pth
It: 40, Loss: 1.991e-01, Loss_res: 5.029e-02,  Loss_bcs: 3.499e-03, Loss_ut_ics: 4.753e-02, lr: 1.000e-03, Time: 8.37e+01
Model state saved to ./results/benchmarks/schrodinger/parameter_grid/2025-09-02_11-39-05-113950/model.pth
Model state saved to ./results/benchmarks/schrodinger/parameter_grid/2025-09-02_11-39-05-113950/model_weights.pth
It: 50, Loss: 2.584e-01, Loss_res: 5.408e-03,  Loss_bcs: 4.681e-04, Loss_ut_ics: 1.235e-01, lr: 1.000e-03, Time: 1.04e+02
Model state saved to ./results/benchmarks/schrodinger/parameter_grid/2025-09-02_11-39-05-113950/model.pth
Model state saved to ./results/benchmarks/schrodinger/parameter_grid/2025-09-02_11-39-05-113950/model_weights.pth
It: 60, Loss: 1.275e-01, Loss_res: 6.663e-03,  Loss_bcs: 3.486e-04, Loss_ut_ics: 5.691e-02, lr: 1.000e-03, Time: 1.24e+02
Model state saved to ./results/benchmarks/schrodinger/parameter_grid/2025-09-02_11-39-05-113950/model.pth
Model state saved to ./results/benchmarks/schrodinger/parameter_grid/2025-09-02_11-39-05-113950/model_weights.pth
It: 70, Loss: 2.927e-01, Loss_res: 1.204e-02,  Loss_bcs: 3.601e-04, Loss_ut_ics: 1.341e-01, lr: 1.000e-03, Time: 1.44e+02
Model state saved to ./results/benchmarks/schrodinger/parameter_grid/2025-09-02_11-39-05-113950/model.pth
Model state saved to ./results/benchmarks/schrodinger/parameter_grid/2025-09-02_11-39-05-113950/model_weights.pth
It: 80, Loss: 5.394e-01, Loss_res: 4.598e-03,  Loss_bcs: 2.175e-04, Loss_ut_ics: 2.650e-01, lr: 1.000e-03, Time: 1.63e+02
Model state saved to ./results/benchmarks/schrodinger/parameter_grid/2025-09-02_11-39-05-113950/model.pth
Model state saved to ./results/benchmarks/schrodinger/parameter_grid/2025-09-02_11-39-05-113950/model_weights.pth
It: 90, Loss: 4.522e-01, Loss_res: 5.505e-03,  Loss_bcs: 2.018e-04, Loss_ut_ics: 2.205e-01, lr: 1.000e-03, Time: 1.83e+02
Model state saved to ./results/benchmarks/schrodinger/parameter_grid/2025-09-02_11-39-05-113950/model.pth
Model state saved to ./results/benchmarks/schrodinger/parameter_grid/2025-09-02_11-39-05-113950/model_weights.pth
It: 100, Loss: 1.352e-01, Loss_res: 7.027e-03,  Loss_bcs: 2.099e-04, Loss_ut_ics: 6.045e-02, lr: 1.000e-03, Time: 2.02e+02
Model state saved to ./results/benchmarks/schrodinger/parameter_grid/2025-09-02_11-39-05-113950/model.pth
Model state saved to ./results/benchmarks/schrodinger/parameter_grid/2025-09-02_11-39-05-113950/model_weights.pth
Model state saved to ./results/benchmarks/schrodinger/parameter_grid/2025-09-02_11-39-05-113950/model.pth
Model state saved to ./results/benchmarks/schrodinger/parameter_grid/2025-09-02_11-39-05-113950/model_weights.pth
Training completed successfuly!, shots made: 3000
Using DV Solver
Total number of parameters: 1041
The circuit used in the study:
It: 1, Loss: 6.317e+00, Loss_res: 2.854e+00,  Loss_bcs: 8.759e-02, Loss_ut_ics: 2.606e-01, lr: 1.000e-03, Time: 2.04e+00
Model state saved to ./results/benchmarks/schrodinger/parameter_grid/2025-09-02_11-42-28-094702/model.pth
Model state saved to ./results/benchmarks/schrodinger/parameter_grid/2025-09-02_11-42-28-094702/model_weights.pth
It: 10, Loss: 6.521e-01, Loss_res: 2.017e-01,  Loss_bcs: 1.123e-02, Loss_ut_ics: 1.187e-01, lr: 1.000e-03, Time: 1.97e+01
Model state saved to ./results/benchmarks/schrodinger/parameter_grid/2025-09-02_11-42-28-094702/model.pth
Model state saved to ./results/benchmarks/schrodinger/parameter_grid/2025-09-02_11-42-28-094702/model_weights.pth
It: 20, Loss: 5.819e-01, Loss_res: 1.279e-01,  Loss_bcs: 1.844e-03, Loss_ut_ics: 1.621e-01, lr: 1.000e-03, Time: 4.06e+01
Model state saved to ./results/benchmarks/schrodinger/parameter_grid/2025-09-02_11-42-28-094702/model.pth
Model state saved to ./results/benchmarks/schrodinger/parameter_grid/2025-09-02_11-42-28-094702/model_weights.pth
It: 30, Loss: 1.313e-01, Loss_res: 1.448e-02,  Loss_bcs: 1.469e-04, Loss_ut_ics: 5.111e-02, lr: 1.000e-03, Time: 5.99e+01
Model state saved to ./results/benchmarks/schrodinger/parameter_grid/2025-09-02_11-42-28-094702/model.pth
Model state saved to ./results/benchmarks/schrodinger/parameter_grid/2025-09-02_11-42-28-094702/model_weights.pth
It: 40, Loss: 1.384e-01, Loss_res: 1.084e-02,  Loss_bcs: 1.147e-03, Loss_ut_ics: 5.781e-02, lr: 1.000e-03, Time: 8.04e+01
Model state saved to ./results/benchmarks/schrodinger/parameter_grid/2025-09-02_11-42-28-094702/model.pth
Model state saved to ./results/benchmarks/schrodinger/parameter_grid/2025-09-02_11-42-28-094702/model_weights.pth
It: 50, Loss: 2.530e-01, Loss_res: 3.052e-03,  Loss_bcs: 3.938e-04, Loss_ut_ics: 1.233e-01, lr: 1.000e-03, Time: 1.00e+02
Model state saved to ./results/benchmarks/schrodinger/parameter_grid/2025-09-02_11-42-28-094702/model.pth
Model state saved to ./results/benchmarks/schrodinger/parameter_grid/2025-09-02_11-42-28-094702/model_weights.pth
It: 60, Loss: 1.415e-01, Loss_res: 7.317e-03,  Loss_bcs: 6.076e-06, Loss_ut_ics: 6.345e-02, lr: 1.000e-03, Time: 1.20e+02
Model state saved to ./results/benchmarks/schrodinger/parameter_grid/2025-09-02_11-42-28-094702/model.pth
Model state saved to ./results/benchmarks/schrodinger/parameter_grid/2025-09-02_11-42-28-094702/model_weights.pth
It: 70, Loss: 2.993e-01, Loss_res: 3.609e-03,  Loss_bcs: 6.483e-05, Loss_ut_ics: 1.460e-01, lr: 1.000e-03, Time: 1.40e+02
Model state saved to ./results/benchmarks/schrodinger/parameter_grid/2025-09-02_11-42-28-094702/model.pth
Model state saved to ./results/benchmarks/schrodinger/parameter_grid/2025-09-02_11-42-28-094702/model_weights.pth
It: 80, Loss: 5.348e-01, Loss_res: 3.514e-03,  Loss_bcs: 9.848e-05, Loss_ut_ics: 2.638e-01, lr: 1.000e-03, Time: 1.61e+02
Model state saved to ./results/benchmarks/schrodinger/parameter_grid/2025-09-02_11-42-28-094702/model.pth
Model state saved to ./results/benchmarks/schrodinger/parameter_grid/2025-09-02_11-42-28-094702/model_weights.pth
It: 90, Loss: 4.301e-01, Loss_res: 1.293e-03,  Loss_bcs: 5.204e-05, Loss_ut_ics: 2.137e-01, lr: 1.000e-03, Time: 1.82e+02
Model state saved to ./results/benchmarks/schrodinger/parameter_grid/2025-09-02_11-42-28-094702/model.pth
Model state saved to ./results/benchmarks/schrodinger/parameter_grid/2025-09-02_11-42-28-094702/model_weights.pth
It: 100, Loss: 1.292e-01, Loss_res: 1.301e-03,  Loss_bcs: 1.692e-05, Loss_ut_ics: 6.327e-02, lr: 1.000e-03, Time: 2.01e+02
Model state saved to ./results/benchmarks/schrodinger/parameter_grid/2025-09-02_11-42-28-094702/model.pth
Model state saved to ./results/benchmarks/schrodinger/parameter_grid/2025-09-02_11-42-28-094702/model_weights.pth
Model state saved to ./results/benchmarks/schrodinger/parameter_grid/2025-09-02_11-42-28-094702/model.pth
Model state saved to ./results/benchmarks/schrodinger/parameter_grid/2025-09-02_11-42-28-094702/model_weights.pth
Training completed successfuly!, shots made: 3000
Using DV Solver
Total number of parameters: 4113
The circuit used in the study:
It: 1, Loss: 1.013e+00, Loss_res: 3.957e-01,  Loss_bcs: 1.118e-02, Loss_ut_ics: 1.051e-01, lr: 1.000e-03, Time: 2.01e+00
Model state saved to ./results/benchmarks/schrodinger/parameter_grid/2025-09-02_11-45-50-074034/model.pth
Model state saved to ./results/benchmarks/schrodinger/parameter_grid/2025-09-02_11-45-50-074034/model_weights.pth
It: 10, Loss: 4.181e-01, Loss_res: 9.418e-02,  Loss_bcs: 3.283e-03, Loss_ut_ics: 1.132e-01, lr: 1.000e-03, Time: 1.84e+01
Model state saved to ./results/benchmarks/schrodinger/parameter_grid/2025-09-02_11-45-50-074034/model.pth
Model state saved to ./results/benchmarks/schrodinger/parameter_grid/2025-09-02_11-45-50-074034/model_weights.pth
It: 20, Loss: 3.373e-01, Loss_res: 5.837e-02,  Loss_bcs: 2.103e-03, Loss_ut_ics: 1.092e-01, lr: 1.000e-03, Time: 3.65e+01
Model state saved to ./results/benchmarks/schrodinger/parameter_grid/2025-09-02_11-45-50-074034/model.pth
Model state saved to ./results/benchmarks/schrodinger/parameter_grid/2025-09-02_11-45-50-074034/model_weights.pth
It: 30, Loss: 1.458e-01, Loss_res: 1.206e-03,  Loss_bcs: 4.945e-05, Loss_ut_ics: 7.168e-02, lr: 1.000e-03, Time: 5.50e+01
Model state saved to ./results/benchmarks/schrodinger/parameter_grid/2025-09-02_11-45-50-074034/model.pth
Model state saved to ./results/benchmarks/schrodinger/parameter_grid/2025-09-02_11-45-50-074034/model_weights.pth
It: 40, Loss: 1.236e-01, Loss_res: 8.044e-03,  Loss_bcs: 5.836e-04, Loss_ut_ics: 5.346e-02, lr: 1.000e-03, Time: 7.36e+01
Model state saved to ./results/benchmarks/schrodinger/parameter_grid/2025-09-02_11-45-50-074034/model.pth
Model state saved to ./results/benchmarks/schrodinger/parameter_grid/2025-09-02_11-45-50-074034/model_weights.pth
It: 50, Loss: 2.442e-01, Loss_res: 6.689e-03,  Loss_bcs: 4.574e-04, Loss_ut_ics: 1.152e-01, lr: 1.000e-03, Time: 9.15e+01
Model state saved to ./results/benchmarks/schrodinger/parameter_grid/2025-09-02_11-45-50-074034/model.pth
Model state saved to ./results/benchmarks/schrodinger/parameter_grid/2025-09-02_11-45-50-074034/model_weights.pth
It: 60, Loss: 1.506e-01, Loss_res: 2.345e-04,  Loss_bcs: 3.808e-05, Loss_ut_ics: 7.507e-02, lr: 1.000e-03, Time: 1.09e+02
Model state saved to ./results/benchmarks/schrodinger/parameter_grid/2025-09-02_11-45-50-074034/model.pth
Model state saved to ./results/benchmarks/schrodinger/parameter_grid/2025-09-02_11-45-50-074034/model_weights.pth
It: 70, Loss: 3.195e-01, Loss_res: 2.061e-03,  Loss_bcs: 4.609e-05, Loss_ut_ics: 1.577e-01, lr: 1.000e-03, Time: 1.27e+02
Model state saved to ./results/benchmarks/schrodinger/parameter_grid/2025-09-02_11-45-50-074034/model.pth
Model state saved to ./results/benchmarks/schrodinger/parameter_grid/2025-09-02_11-45-50-074034/model_weights.pth
It: 80, Loss: 5.182e-01, Loss_res: 2.001e-03,  Loss_bcs: 2.315e-04, Loss_ut_ics: 2.570e-01, lr: 1.000e-03, Time: 1.45e+02
Model state saved to ./results/benchmarks/schrodinger/parameter_grid/2025-09-02_11-45-50-074034/model.pth
Model state saved to ./results/benchmarks/schrodinger/parameter_grid/2025-09-02_11-45-50-074034/model_weights.pth
It: 90, Loss: 3.720e-01, Loss_res: 4.772e-04,  Loss_bcs: 3.915e-05, Loss_ut_ics: 1.855e-01, lr: 1.000e-03, Time: 1.63e+02
Model state saved to ./results/benchmarks/schrodinger/parameter_grid/2025-09-02_11-45-50-074034/model.pth
Model state saved to ./results/benchmarks/schrodinger/parameter_grid/2025-09-02_11-45-50-074034/model_weights.pth
It: 100, Loss: 1.356e-01, Loss_res: 3.231e-03,  Loss_bcs: 1.224e-04, Loss_ut_ics: 6.451e-02, lr: 1.000e-03, Time: 1.81e+02
Model state saved to ./results/benchmarks/schrodinger/parameter_grid/2025-09-02_11-45-50-074034/model.pth
Model state saved to ./results/benchmarks/schrodinger/parameter_grid/2025-09-02_11-45-50-074034/model_weights.pth
Model state saved to ./results/benchmarks/schrodinger/parameter_grid/2025-09-02_11-45-50-074034/model.pth
Model state saved to ./results/benchmarks/schrodinger/parameter_grid/2025-09-02_11-45-50-074034/model_weights.pth
Training completed successfuly!, shots made: 3000
Model score: 0.20055149495601654, under: ./results/benchmarks/schrodinger/parameter_grid/2025-09-02_11-42-28-094702
Model state saved to ./results/benchmarks/schrodinger/parameter_grid/2025-09-02_11-42-28-094702/model.pth
Model state saved to ./results/benchmarks/schrodinger/parameter_grid/2025-09-02_11-42-28-094702/model_weights.pth
Using DV Solver
Total number of parameters: 43
The circuit used in the study:
It: 1, Loss: 4.632e+01, Loss_res: 2.215e+01,  Loss_bcs: 7.236e-01, Loss_ut_ics: 6.528e-01, lr: 1.000e-03, Time: 2.91e+00
Model state saved to ./results/benchmarks/schrodinger/parameter_grid/2025-09-02_11-48-51-715013/model.pth
Model state saved to ./results/benchmarks/schrodinger/parameter_grid/2025-09-02_11-48-51-715013/model_weights.pth
