Using DV Solver
The settings used:
batch_size : 64
epochs : 500
lr : 0.001
seed : 42
print_every : 1
log_path : ./results/models/checkpoints/schrodinger/qho
input_dim : 2
output_dim : 2
num_qubits : 5
hidden_dim : 30
num_quantum_layers : 1
classic_network : [2, 30, 2]
q_ansatz : sim_circ_19
mode : hybrid
activation : null
shots : 20
problem : schrodinger
solver : DV
device : cuda
method : None
cutoff_dim : 20
class : CVNeuralNetwork2
encoding : angle
eq_params : {'example': 'ho', 'L': 5.0, 'T': 0.1, 'hbar': 1.0, 'mass': 1.0, 'n_level': 0, 'omega': 1.0, 'potential_fn': 'lambda t, x : 0.5 * 1.0 * (1.0**2) * (x**2)'}
noise : False
Total number of parameters: 502
The circuit used in the study:
It: 1, Loss: 2.931e-02, Loss_res: 9.232e-01,  Loss_bcs: 1.984e-02, Loss_ut_ics: 2.379e-02, L^2_error: 7.844647e-01, lr: 1.000e-03, Time: 7.64e+00
Model state saved to ./results/models/checkpoints/schrodinger/qho\2025-09-25_19-06-55-022995\model.pth
Model state saved to ./results/models/checkpoints/schrodinger/qho\2025-09-25_19-06-55-022995\model_weights.pth
It: 2, Loss: 1.640e-02, Loss_res: 3.642e-01,  Loss_bcs: 1.241e-02, Loss_ut_ics: 3.524e-02, L^2_error: 7.886842e-01, lr: 1.000e-03, Time: 1.48e+01
Model state saved to ./results/models/checkpoints/schrodinger/qho\2025-09-25_19-06-55-022995\model.pth
Model state saved to ./results/models/checkpoints/schrodinger/qho\2025-09-25_19-06-55-022995\model_weights.pth
It: 3, Loss: 1.101e-02, Loss_res: 2.800e-01,  Loss_bcs: 7.681e-03, Loss_ut_ics: 5.272e-02, L^2_error: 8.014044e-01, lr: 1.000e-03, Time: 2.06e+01
Model state saved to ./results/models/checkpoints/schrodinger/qho\2025-09-25_19-06-55-022995\model.pth
Model state saved to ./results/models/checkpoints/schrodinger/qho\2025-09-25_19-06-55-022995\model_weights.pth
It: 4, Loss: 8.131e-03, Loss_res: 3.033e-01,  Loss_bcs: 5.040e-03, Loss_ut_ics: 5.782e-03, L^2_error: 8.196473e-01, lr: 1.000e-03, Time: 2.64e+01
Model state saved to ./results/models/checkpoints/schrodinger/qho\2025-09-25_19-06-55-022995\model.pth
Model state saved to ./results/models/checkpoints/schrodinger/qho\2025-09-25_19-06-55-022995\model_weights.pth
It: 5, Loss: 6.044e-03, Loss_res: 1.186e-01,  Loss_bcs: 4.155e-03, Loss_ut_ics: 7.027e-02, L^2_error: 8.388272e-01, lr: 1.000e-03, Time: 3.22e+01
Model state saved to ./results/models/checkpoints/schrodinger/qho\2025-09-25_19-06-55-022995\model.pth
Model state saved to ./results/models/checkpoints/schrodinger/qho\2025-09-25_19-06-55-022995\model_weights.pth
It: 6, Loss: 6.166e-03, Loss_res: 1.010e-01,  Loss_bcs: 4.361e-03, Loss_ut_ics: 7.952e-02, L^2_error: 8.550094e-01, lr: 1.000e-03, Time: 3.80e+01
Model state saved to ./results/models/checkpoints/schrodinger/qho\2025-09-25_19-06-55-022995\model.pth
Model state saved to ./results/models/checkpoints/schrodinger/qho\2025-09-25_19-06-55-022995\model_weights.pth
It: 7, Loss: 5.915e-03, Loss_res: 3.233e-02,  Loss_bcs: 4.812e-03, Loss_ut_ics: 7.792e-02, L^2_error: 8.661618e-01, lr: 1.000e-03, Time: 4.38e+01
Model state saved to ./results/models/checkpoints/schrodinger/qho\2025-09-25_19-06-55-022995\model.pth
Model state saved to ./results/models/checkpoints/schrodinger/qho\2025-09-25_19-06-55-022995\model_weights.pth
It: 8, Loss: 7.714e-03, Loss_res: 1.311e-01,  Loss_bcs: 5.131e-03, Loss_ut_ics: 1.272e-01, L^2_error: 8.701771e-01, lr: 1.000e-03, Time: 5.02e+01
Model state saved to ./results/models/checkpoints/schrodinger/qho\2025-09-25_19-06-55-022995\model.pth
Model state saved to ./results/models/checkpoints/schrodinger/qho\2025-09-25_19-06-55-022995\model_weights.pth
It: 9, Loss: 6.580e-03, Loss_res: 2.692e-02,  Loss_bcs: 5.019e-03, Loss_ut_ics: 1.292e-01, L^2_error: 8.685455e-01, lr: 1.000e-03, Time: 5.61e+01
Model state saved to ./results/models/checkpoints/schrodinger/qho\2025-09-25_19-06-55-022995\model.pth
Model state saved to ./results/models/checkpoints/schrodinger/qho\2025-09-25_19-06-55-022995\model_weights.pth
It: 10, Loss: 6.461e-03, Loss_res: 5.359e-02,  Loss_bcs: 4.493e-03, Loss_ut_ics: 1.432e-01, L^2_error: 8.620945e-01, lr: 1.000e-03, Time: 6.18e+01
Model state saved to ./results/models/checkpoints/schrodinger/qho\2025-09-25_19-06-55-022995\model.pth
Model state saved to ./results/models/checkpoints/schrodinger/qho\2025-09-25_19-06-55-022995\model_weights.pth
It: 11, Loss: 5.603e-03, Loss_res: 1.652e-01,  Loss_bcs: 3.494e-03, Loss_ut_ics: 4.561e-02, L^2_error: 8.511856e-01, lr: 1.000e-03, Time: 6.76e+01
Model state saved to ./results/models/checkpoints/schrodinger/qho\2025-09-25_19-06-55-022995\model.pth
Model state saved to ./results/models/checkpoints/schrodinger/qho\2025-09-25_19-06-55-022995\model_weights.pth
It: 12, Loss: 4.942e-03, Loss_res: 1.095e-01,  Loss_bcs: 2.408e-03, Loss_ut_ics: 1.440e-01, L^2_error: 8.380916e-01, lr: 1.000e-03, Time: 7.35e+01
Model state saved to ./results/models/checkpoints/schrodinger/qho\2025-09-25_19-06-55-022995\model.pth
Model state saved to ./results/models/checkpoints/schrodinger/qho\2025-09-25_19-06-55-022995\model_weights.pth
It: 13, Loss: 1.769e-03, Loss_res: 3.112e-02,  Loss_bcs: 1.434e-03, Loss_ut_ics: 2.465e-03, L^2_error: 8.252189e-01, lr: 1.000e-03, Time: 8.01e+01
Model state saved to ./results/models/checkpoints/schrodinger/qho\2025-09-25_19-06-55-022995\model.pth
Model state saved to ./results/models/checkpoints/schrodinger/qho\2025-09-25_19-06-55-022995\model_weights.pth
It: 14, Loss: 1.683e-03, Loss_res: 2.621e-02,  Loss_bcs: 6.624e-04, Loss_ut_ics: 7.588e-02, L^2_error: 8.133050e-01, lr: 1.000e-03, Time: 8.68e+01
Model state saved to ./results/models/checkpoints/schrodinger/qho\2025-09-25_19-06-55-022995\model.pth
Model state saved to ./results/models/checkpoints/schrodinger/qho\2025-09-25_19-06-55-022995\model_weights.pth
It: 15, Loss: 9.925e-04, Loss_res: 2.753e-02,  Loss_bcs: 2.904e-04, Loss_ut_ics: 4.269e-02, L^2_error: 8.036132e-01, lr: 1.000e-03, Time: 9.48e+01
Model state saved to ./results/models/checkpoints/schrodinger/qho\2025-09-25_19-06-55-022995\model.pth
Model state saved to ./results/models/checkpoints/schrodinger/qho\2025-09-25_19-06-55-022995\model_weights.pth
It: 16, Loss: 1.416e-03, Loss_res: 4.370e-02,  Loss_bcs: 1.912e-04, Loss_ut_ics: 7.874e-02, L^2_error: 7.964157e-01, lr: 1.000e-03, Time: 1.02e+02
Model state saved to ./results/models/checkpoints/schrodinger/qho\2025-09-25_19-06-55-022995\model.pth
Model state saved to ./results/models/checkpoints/schrodinger/qho\2025-09-25_19-06-55-022995\model_weights.pth
It: 17, Loss: 1.016e-03, Loss_res: 6.172e-02,  Loss_bcs: 3.469e-04, Loss_ut_ics: 5.208e-03, L^2_error: 7.919905e-01, lr: 1.000e-03, Time: 1.09e+02
Model state saved to ./results/models/checkpoints/schrodinger/qho\2025-09-25_19-06-55-022995\model.pth
Model state saved to ./results/models/checkpoints/schrodinger/qho\2025-09-25_19-06-55-022995\model_weights.pth
It: 18, Loss: 1.845e-03, Loss_res: 5.743e-02,  Loss_bcs: 5.167e-04, Loss_ut_ics: 7.537e-02, L^2_error: 7.897623e-01, lr: 1.000e-03, Time: 1.15e+02
Model state saved to ./results/models/checkpoints/schrodinger/qho\2025-09-25_19-06-55-022995\model.pth
Model state saved to ./results/models/checkpoints/schrodinger/qho\2025-09-25_19-06-55-022995\model_weights.pth
It: 19, Loss: 1.737e-03, Loss_res: 9.810e-02,  Loss_bcs: 6.918e-04, Loss_ut_ics: 6.415e-03, L^2_error: 7.900001e-01, lr: 1.000e-03, Time: 1.22e+02
Model state saved to ./results/models/checkpoints/schrodinger/qho\2025-09-25_19-06-55-022995\model.pth
Model state saved to ./results/models/checkpoints/schrodinger/qho\2025-09-25_19-06-55-022995\model_weights.pth
It: 20, Loss: 1.271e-03, Loss_res: 4.782e-02,  Loss_bcs: 7.486e-04, Loss_ut_ics: 4.381e-03, L^2_error: 7.918149e-01, lr: 1.000e-03, Time: 1.28e+02
Model state saved to ./results/models/checkpoints/schrodinger/qho\2025-09-25_19-06-55-022995\model.pth
Model state saved to ./results/models/checkpoints/schrodinger/qho\2025-09-25_19-06-55-022995\model_weights.pth
It: 21, Loss: 1.962e-03, Loss_res: 8.119e-02,  Loss_bcs: 6.964e-04, Loss_ut_ics: 4.537e-02, L^2_error: 7.954436e-01, lr: 1.000e-03, Time: 1.35e+02
Model state saved to ./results/models/checkpoints/schrodinger/qho\2025-09-25_19-06-55-022995\model.pth
Model state saved to ./results/models/checkpoints/schrodinger/qho\2025-09-25_19-06-55-022995\model_weights.pth
It: 22, Loss: 1.258e-03, Loss_res: 5.919e-02,  Loss_bcs: 5.403e-04, Loss_ut_ics: 1.257e-02, L^2_error: 8.005815e-01, lr: 1.000e-03, Time: 1.42e+02
Model state saved to ./results/models/checkpoints/schrodinger/qho\2025-09-25_19-06-55-022995\model.pth
Model state saved to ./results/models/checkpoints/schrodinger/qho\2025-09-25_19-06-55-022995\model_weights.pth
It: 23, Loss: 8.617e-04, Loss_res: 4.468e-02,  Loss_bcs: 3.701e-04, Loss_ut_ics: 4.479e-03, L^2_error: 8.068635e-01, lr: 1.000e-03, Time: 1.49e+02
Model state saved to ./results/models/checkpoints/schrodinger/qho\2025-09-25_19-06-55-022995\model.pth
Model state saved to ./results/models/checkpoints/schrodinger/qho\2025-09-25_19-06-55-022995\model_weights.pth
It: 24, Loss: 9.248e-04, Loss_res: 4.511e-02,  Loss_bcs: 2.312e-04, Loss_ut_ics: 2.425e-02, L^2_error: 8.139206e-01, lr: 1.000e-03, Time: 1.56e+02
Model state saved to ./results/models/checkpoints/schrodinger/qho\2025-09-25_19-06-55-022995\model.pth
Model state saved to ./results/models/checkpoints/schrodinger/qho\2025-09-25_19-06-55-022995\model_weights.pth
It: 25, Loss: 1.866e-03, Loss_res: 3.278e-02,  Loss_bcs: 1.735e-04, Loss_ut_ics: 1.365e-01, L^2_error: 8.210580e-01, lr: 1.000e-03, Time: 1.62e+02
Model state saved to ./results/models/checkpoints/schrodinger/qho\2025-09-25_19-06-55-022995\model.pth
Model state saved to ./results/models/checkpoints/schrodinger/qho\2025-09-25_19-06-55-022995\model_weights.pth
It: 26, Loss: 5.539e-04, Loss_res: 2.858e-02,  Loss_bcs: 1.971e-04, Loss_ut_ics: 7.101e-03, L^2_error: 8.282771e-01, lr: 1.000e-03, Time: 1.69e+02
Model state saved to ./results/models/checkpoints/schrodinger/qho\2025-09-25_19-06-55-022995\model.pth
Model state saved to ./results/models/checkpoints/schrodinger/qho\2025-09-25_19-06-55-022995\model_weights.pth
It: 27, Loss: 2.443e-03, Loss_res: 1.931e-02,  Loss_bcs: 3.089e-04, Loss_ut_ics: 1.941e-01, L^2_error: 8.338274e-01, lr: 1.000e-03, Time: 1.75e+02
Model state saved to ./results/models/checkpoints/schrodinger/qho\2025-09-25_19-06-55-022995\model.pth
Model state saved to ./results/models/checkpoints/schrodinger/qho\2025-09-25_19-06-55-022995\model_weights.pth
It: 28, Loss: 9.995e-04, Loss_res: 1.851e-02,  Loss_bcs: 4.315e-04, Loss_ut_ics: 3.830e-02, L^2_error: 8.378583e-01, lr: 1.000e-03, Time: 1.82e+02
Model state saved to ./results/models/checkpoints/schrodinger/qho\2025-09-25_19-06-55-022995\model.pth
Model state saved to ./results/models/checkpoints/schrodinger/qho\2025-09-25_19-06-55-022995\model_weights.pth
It: 29, Loss: 7.557e-04, Loss_res: 1.874e-02,  Loss_bcs: 5.534e-04, Loss_ut_ics: 1.489e-03, L^2_error: 8.404555e-01, lr: 1.000e-03, Time: 1.88e+02
Model state saved to ./results/models/checkpoints/schrodinger/qho\2025-09-25_19-06-55-022995\model.pth
Model state saved to ./results/models/checkpoints/schrodinger/qho\2025-09-25_19-06-55-022995\model_weights.pth
It: 30, Loss: 1.498e-03, Loss_res: 6.678e-03,  Loss_bcs: 6.025e-04, Loss_ut_ics: 8.285e-02, L^2_error: 8.411192e-01, lr: 1.000e-03, Time: 1.95e+02
Model state saved to ./results/models/checkpoints/schrodinger/qho\2025-09-25_19-06-55-022995\model.pth
Model state saved to ./results/models/checkpoints/schrodinger/qho\2025-09-25_19-06-55-022995\model_weights.pth
It: 31, Loss: 7.911e-04, Loss_res: 1.317e-02,  Loss_bcs: 6.468e-04, Loss_ut_ics: 1.263e-03, L^2_error: 8.400730e-01, lr: 1.000e-03, Time: 2.01e+02
Model state saved to ./results/models/checkpoints/schrodinger/qho\2025-09-25_19-06-55-022995\model.pth
Model state saved to ./results/models/checkpoints/schrodinger/qho\2025-09-25_19-06-55-022995\model_weights.pth
It: 32, Loss: 2.411e-03, Loss_res: 2.672e-02,  Loss_bcs: 5.800e-04, Loss_ut_ics: 1.563e-01, L^2_error: 8.372830e-01, lr: 1.000e-03, Time: 2.07e+02
Model state saved to ./results/models/checkpoints/schrodinger/qho\2025-09-25_19-06-55-022995\model.pth
Model state saved to ./results/models/checkpoints/schrodinger/qho\2025-09-25_19-06-55-022995\model_weights.pth
It: 33, Loss: 7.039e-04, Loss_res: 2.253e-02,  Loss_bcs: 4.707e-04, Loss_ut_ics: 7.947e-04, L^2_error: 8.333403e-01, lr: 1.000e-03, Time: 2.13e+02
Model state saved to ./results/models/checkpoints/schrodinger/qho\2025-09-25_19-06-55-022995\model.pth
Model state saved to ./results/models/checkpoints/schrodinger/qho\2025-09-25_19-06-55-022995\model_weights.pth
It: 34, Loss: 2.213e-03, Loss_res: 2.402e-02,  Loss_bcs: 3.440e-04, Loss_ut_ics: 1.628e-01, L^2_error: 8.287956e-01, lr: 1.000e-03, Time: 2.20e+02
Model state saved to ./results/models/checkpoints/schrodinger/qho\2025-09-25_19-06-55-022995\model.pth
Model state saved to ./results/models/checkpoints/schrodinger/qho\2025-09-25_19-06-55-022995\model_weights.pth
It: 35, Loss: 2.600e-03, Loss_res: 1.792e-02,  Loss_bcs: 2.269e-04, Loss_ut_ics: 2.194e-01, L^2_error: 8.239453e-01, lr: 1.000e-03, Time: 2.26e+02
Model state saved to ./results/models/checkpoints/schrodinger/qho\2025-09-25_19-06-55-022995\model.pth
Model state saved to ./results/models/checkpoints/schrodinger/qho\2025-09-25_19-06-55-022995\model_weights.pth
It: 36, Loss: 1.538e-03, Loss_res: 1.971e-02,  Loss_bcs: 1.339e-04, Loss_ut_ics: 1.207e-01, L^2_error: 8.193910e-01, lr: 1.000e-03, Time: 2.32e+02
Model state saved to ./results/models/checkpoints/schrodinger/qho\2025-09-25_19-06-55-022995\model.pth
Model state saved to ./results/models/checkpoints/schrodinger/qho\2025-09-25_19-06-55-022995\model_weights.pth
It: 37, Loss: 6.086e-04, Loss_res: 3.920e-02,  Loss_bcs: 9.279e-05, Loss_ut_ics: 1.238e-02, L^2_error: 8.160958e-01, lr: 1.000e-03, Time: 2.38e+02
Model state saved to ./results/models/checkpoints/schrodinger/qho\2025-09-25_19-06-55-022995\model.pth
Model state saved to ./results/models/checkpoints/schrodinger/qho\2025-09-25_19-06-55-022995\model_weights.pth
It: 38, Loss: 6.798e-04, Loss_res: 2.673e-02,  Loss_bcs: 8.192e-05, Loss_ut_ics: 3.306e-02, L^2_error: 8.140293e-01, lr: 1.000e-03, Time: 2.44e+02
Model state saved to ./results/models/checkpoints/schrodinger/qho\2025-09-25_19-06-55-022995\model.pth
Model state saved to ./results/models/checkpoints/schrodinger/qho\2025-09-25_19-06-55-022995\model_weights.pth
It: 39, Loss: 1.178e-03, Loss_res: 3.835e-02,  Loss_bcs: 8.615e-05, Loss_ut_ics: 7.088e-02, L^2_error: 8.134109e-01, lr: 1.000e-03, Time: 2.51e+02
Model state saved to ./results/models/checkpoints/schrodinger/qho\2025-09-25_19-06-55-022995\model.pth
Model state saved to ./results/models/checkpoints/schrodinger/qho\2025-09-25_19-06-55-022995\model_weights.pth
It: 40, Loss: 5.007e-04, Loss_res: 2.374e-02,  Loss_bcs: 9.475e-05, Loss_ut_ics: 1.686e-02, L^2_error: 8.138888e-01, lr: 1.000e-03, Time: 2.57e+02
Model state saved to ./results/models/checkpoints/schrodinger/qho\2025-09-25_19-06-55-022995\model.pth
Model state saved to ./results/models/checkpoints/schrodinger/qho\2025-09-25_19-06-55-022995\model_weights.pth
It: 41, Loss: 2.591e-03, Loss_res: 3.909e-02,  Loss_bcs: 8.954e-05, Loss_ut_ics: 2.110e-01, L^2_error: 8.151487e-01, lr: 1.000e-03, Time: 2.63e+02
Model state saved to ./results/models/checkpoints/schrodinger/qho\2025-09-25_19-06-55-022995\model.pth
Model state saved to ./results/models/checkpoints/schrodinger/qho\2025-09-25_19-06-55-022995\model_weights.pth
It: 42, Loss: 2.277e-03, Loss_res: 3.235e-02,  Loss_bcs: 7.673e-05, Loss_ut_ics: 1.877e-01, L^2_error: 8.168897e-01, lr: 1.000e-03, Time: 2.69e+02
Model state saved to ./results/models/checkpoints/schrodinger/qho\2025-09-25_19-06-55-022995\model.pth
Model state saved to ./results/models/checkpoints/schrodinger/qho\2025-09-25_19-06-55-022995\model_weights.pth
It: 43, Loss: 5.623e-04, Loss_res: 3.947e-02,  Loss_bcs: 6.080e-05, Loss_ut_ics: 1.067e-02, L^2_error: 8.195007e-01, lr: 1.000e-03, Time: 2.76e+02
Model state saved to ./results/models/checkpoints/schrodinger/qho\2025-09-25_19-06-55-022995\model.pth
Model state saved to ./results/models/checkpoints/schrodinger/qho\2025-09-25_19-06-55-022995\model_weights.pth
It: 44, Loss: 7.216e-04, Loss_res: 2.523e-02,  Loss_bcs: 3.955e-05, Loss_ut_ics: 4.298e-02, L^2_error: 8.226132e-01, lr: 1.000e-03, Time: 2.82e+02
Model state saved to ./results/models/checkpoints/schrodinger/qho\2025-09-25_19-06-55-022995\model.pth
Model state saved to ./results/models/checkpoints/schrodinger/qho\2025-09-25_19-06-55-022995\model_weights.pth
It: 45, Loss: 1.477e-03, Loss_res: 2.449e-02,  Loss_bcs: 3.290e-05, Loss_ut_ics: 1.199e-01, L^2_error: 8.256721e-01, lr: 1.000e-03, Time: 2.89e+02
Model state saved to ./results/models/checkpoints/schrodinger/qho\2025-09-25_19-06-55-022995\model.pth
Model state saved to ./results/models/checkpoints/schrodinger/qho\2025-09-25_19-06-55-022995\model_weights.pth
It: 46, Loss: 1.197e-03, Loss_res: 2.584e-02,  Loss_bcs: 3.743e-05, Loss_ut_ics: 9.008e-02, L^2_error: 8.286440e-01, lr: 1.000e-03, Time: 2.95e+02
Model state saved to ./results/models/checkpoints/schrodinger/qho\2025-09-25_19-06-55-022995\model.pth
Model state saved to ./results/models/checkpoints/schrodinger/qho\2025-09-25_19-06-55-022995\model_weights.pth
It: 47, Loss: 1.485e-03, Loss_res: 1.931e-02,  Loss_bcs: 6.010e-05, Loss_ut_ics: 1.232e-01, L^2_error: 8.310195e-01, lr: 1.000e-03, Time: 3.02e+02
Model state saved to ./results/models/checkpoints/schrodinger/qho\2025-09-25_19-06-55-022995\model.pth
Model state saved to ./results/models/checkpoints/schrodinger/qho\2025-09-25_19-06-55-022995\model_weights.pth
It: 48, Loss: 2.298e-04, Loss_res: 1.495e-02,  Loss_bcs: 7.076e-05, Loss_ut_ics: 9.524e-04, L^2_error: 8.330794e-01, lr: 1.000e-03, Time: 3.09e+02
Model state saved to ./results/models/checkpoints/schrodinger/qho\2025-09-25_19-06-55-022995\model.pth
Model state saved to ./results/models/checkpoints/schrodinger/qho\2025-09-25_19-06-55-022995\model_weights.pth
It: 49, Loss: 3.869e-04, Loss_res: 2.444e-03,  Loss_bcs: 9.944e-05, Loss_ut_ics: 2.630e-02, L^2_error: 8.340580e-01, lr: 1.000e-03, Time: 3.16e+02
Model state saved to ./results/models/checkpoints/schrodinger/qho\2025-09-25_19-06-55-022995\model.pth
Model state saved to ./results/models/checkpoints/schrodinger/qho\2025-09-25_19-06-55-022995\model_weights.pth
It: 50, Loss: 9.751e-04, Loss_res: 1.443e-02,  Loss_bcs: 1.049e-04, Loss_ut_ics: 7.259e-02, L^2_error: 8.342775e-01, lr: 1.000e-03, Time: 3.23e+02
Model state saved to ./results/models/checkpoints/schrodinger/qho\2025-09-25_19-06-55-022995\model.pth
Model state saved to ./results/models/checkpoints/schrodinger/qho\2025-09-25_19-06-55-022995\model_weights.pth
It: 51, Loss: 2.054e-03, Loss_res: 2.128e-02,  Loss_bcs: 1.032e-04, Loss_ut_ics: 1.738e-01, L^2_error: 8.338537e-01, lr: 1.000e-03, Time: 3.29e+02
Model state saved to ./results/models/checkpoints/schrodinger/qho\2025-09-25_19-06-55-022995\model.pth
Model state saved to ./results/models/checkpoints/schrodinger/qho\2025-09-25_19-06-55-022995\model_weights.pth
It: 52, Loss: 4.015e-04, Loss_res: 1.563e-02,  Loss_bcs: 1.012e-04, Loss_ut_ics: 1.441e-02, L^2_error: 8.331360e-01, lr: 1.000e-03, Time: 3.36e+02
Model state saved to ./results/models/checkpoints/schrodinger/qho\2025-09-25_19-06-55-022995\model.pth
Model state saved to ./results/models/checkpoints/schrodinger/qho\2025-09-25_19-06-55-022995\model_weights.pth
It: 53, Loss: 1.198e-03, Loss_res: 1.774e-02,  Loss_bcs: 8.214e-05, Loss_ut_ics: 9.384e-02, L^2_error: 8.318163e-01, lr: 1.000e-03, Time: 3.43e+02
Model state saved to ./results/models/checkpoints/schrodinger/qho\2025-09-25_19-06-55-022995\model.pth
Model state saved to ./results/models/checkpoints/schrodinger/qho\2025-09-25_19-06-55-022995\model_weights.pth
It: 54, Loss: 1.057e-03, Loss_res: 1.093e-02,  Loss_bcs: 5.703e-05, Loss_ut_ics: 8.909e-02, L^2_error: 8.302063e-01, lr: 1.000e-03, Time: 3.50e+02
Model state saved to ./results/models/checkpoints/schrodinger/qho\2025-09-25_19-06-55-022995\model.pth
Model state saved to ./results/models/checkpoints/schrodinger/qho\2025-09-25_19-06-55-022995\model_weights.pth
It: 55, Loss: 8.975e-04, Loss_res: 1.847e-02,  Loss_bcs: 3.610e-05, Loss_ut_ics: 6.767e-02, L^2_error: 8.287557e-01, lr: 1.000e-03, Time: 3.58e+02
Model state saved to ./results/models/checkpoints/schrodinger/qho\2025-09-25_19-06-55-022995\model.pth
Model state saved to ./results/models/checkpoints/schrodinger/qho\2025-09-25_19-06-55-022995\model_weights.pth
It: 56, Loss: 2.571e-04, Loss_res: 1.849e-02,  Loss_bcs: 2.454e-05, Loss_ut_ics: 4.769e-03, L^2_error: 8.277999e-01, lr: 1.000e-03, Time: 3.65e+02
Model state saved to ./results/models/checkpoints/schrodinger/qho\2025-09-25_19-06-55-022995\model.pth
Model state saved to ./results/models/checkpoints/schrodinger/qho\2025-09-25_19-06-55-022995\model_weights.pth
It: 57, Loss: 9.983e-04, Loss_res: 1.606e-02,  Loss_bcs: 1.396e-05, Loss_ut_ics: 8.237e-02, L^2_error: 8.270436e-01, lr: 1.000e-03, Time: 3.71e+02
Model state saved to ./results/models/checkpoints/schrodinger/qho\2025-09-25_19-06-55-022995\model.pth
Model state saved to ./results/models/checkpoints/schrodinger/qho\2025-09-25_19-06-55-022995\model_weights.pth
It: 58, Loss: 1.302e-03, Loss_res: 5.329e-03,  Loss_bcs: 1.154e-05, Loss_ut_ics: 1.237e-01, L^2_error: 8.261932e-01, lr: 1.000e-03, Time: 3.78e+02
Model state saved to ./results/models/checkpoints/schrodinger/qho\2025-09-25_19-06-55-022995\model.pth
Model state saved to ./results/models/checkpoints/schrodinger/qho\2025-09-25_19-06-55-022995\model_weights.pth
It: 59, Loss: 8.091e-04, Loss_res: 2.455e-02,  Loss_bcs: 1.292e-05, Loss_ut_ics: 5.507e-02, L^2_error: 8.260543e-01, lr: 1.000e-03, Time: 3.85e+02
Model state saved to ./results/models/checkpoints/schrodinger/qho\2025-09-25_19-06-55-022995\model.pth
Model state saved to ./results/models/checkpoints/schrodinger/qho\2025-09-25_19-06-55-022995\model_weights.pth
It: 60, Loss: 1.914e-04, Loss_res: 1.641e-02,  Loss_bcs: 1.693e-05, Loss_ut_ics: 1.030e-03, L^2_error: 8.264983e-01, lr: 1.000e-03, Time: 3.91e+02
Model state saved to ./results/models/checkpoints/schrodinger/qho\2025-09-25_19-06-55-022995\model.pth
Model state saved to ./results/models/checkpoints/schrodinger/qho\2025-09-25_19-06-55-022995\model_weights.pth
It: 61, Loss: 2.584e-04, Loss_res: 2.134e-02,  Loss_bcs: 1.882e-05, Loss_ut_ics: 2.621e-03, L^2_error: 8.274366e-01, lr: 1.000e-03, Time: 3.98e+02
Model state saved to ./results/models/checkpoints/schrodinger/qho\2025-09-25_19-06-55-022995\model.pth
Model state saved to ./results/models/checkpoints/schrodinger/qho\2025-09-25_19-06-55-022995\model_weights.pth
It: 62, Loss: 2.650e-04, Loss_res: 1.801e-02,  Loss_bcs: 1.728e-05, Loss_ut_ics: 6.763e-03, L^2_error: 8.289024e-01, lr: 1.000e-03, Time: 4.04e+02
Model state saved to ./results/models/checkpoints/schrodinger/qho\2025-09-25_19-06-55-022995\model.pth
Model state saved to ./results/models/checkpoints/schrodinger/qho\2025-09-25_19-06-55-022995\model_weights.pth
It: 63, Loss: 1.214e-03, Loss_res: 2.735e-02,  Loss_bcs: 1.727e-05, Loss_ut_ics: 9.235e-02, L^2_error: 8.305652e-01, lr: 1.000e-03, Time: 4.10e+02
Model state saved to ./results/models/checkpoints/schrodinger/qho\2025-09-25_19-06-55-022995\model.pth
Model state saved to ./results/models/checkpoints/schrodinger/qho\2025-09-25_19-06-55-022995\model_weights.pth
It: 64, Loss: 8.239e-04, Loss_res: 2.395e-02,  Loss_bcs: 1.862e-05, Loss_ut_ics: 5.657e-02, L^2_error: 8.324364e-01, lr: 1.000e-03, Time: 4.17e+02
Model state saved to ./results/models/checkpoints/schrodinger/qho\2025-09-25_19-06-55-022995\model.pth
Model state saved to ./results/models/checkpoints/schrodinger/qho\2025-09-25_19-06-55-022995\model_weights.pth
It: 65, Loss: 6.942e-04, Loss_res: 1.259e-02,  Loss_bcs: 2.145e-05, Loss_ut_ics: 5.468e-02, L^2_error: 8.338247e-01, lr: 1.000e-03, Time: 4.23e+02
Model state saved to ./results/models/checkpoints/schrodinger/qho\2025-09-25_19-06-55-022995\model.pth
Model state saved to ./results/models/checkpoints/schrodinger/qho\2025-09-25_19-06-55-022995\model_weights.pth
It: 66, Loss: 2.482e-04, Loss_res: 1.784e-02,  Loss_bcs: 1.805e-05, Loss_ut_ics: 5.177e-03, L^2_error: 8.350841e-01, lr: 1.000e-03, Time: 4.30e+02
Model state saved to ./results/models/checkpoints/schrodinger/qho\2025-09-25_19-06-55-022995\model.pth
Model state saved to ./results/models/checkpoints/schrodinger/qho\2025-09-25_19-06-55-022995\model_weights.pth
It: 67, Loss: 1.920e-03, Loss_res: 2.130e-02,  Loss_bcs: 2.855e-05, Loss_ut_ics: 1.678e-01, L^2_error: 8.359299e-01, lr: 1.000e-03, Time: 4.37e+02
Model state saved to ./results/models/checkpoints/schrodinger/qho\2025-09-25_19-06-55-022995\model.pth
Model state saved to ./results/models/checkpoints/schrodinger/qho\2025-09-25_19-06-55-022995\model_weights.pth
It: 68, Loss: 7.644e-04, Loss_res: 4.619e-03,  Loss_bcs: 3.459e-05, Loss_ut_ics: 6.836e-02, L^2_error: 8.361980e-01, lr: 1.000e-03, Time: 4.43e+02
Model state saved to ./results/models/checkpoints/schrodinger/qho\2025-09-25_19-06-55-022995\model.pth
Model state saved to ./results/models/checkpoints/schrodinger/qho\2025-09-25_19-06-55-022995\model_weights.pth
It: 69, Loss: 2.278e-03, Loss_res: 1.453e-02,  Loss_bcs: 2.838e-05, Loss_ut_ics: 2.105e-01, L^2_error: 8.355464e-01, lr: 1.000e-03, Time: 4.50e+02
Model state saved to ./results/models/checkpoints/schrodinger/qho\2025-09-25_19-06-55-022995\model.pth
Model state saved to ./results/models/checkpoints/schrodinger/qho\2025-09-25_19-06-55-022995\model_weights.pth
It: 70, Loss: 9.336e-04, Loss_res: 1.646e-02,  Loss_bcs: 2.106e-05, Loss_ut_ics: 7.479e-02, L^2_error: 8.349184e-01, lr: 1.000e-03, Time: 4.57e+02
Model state saved to ./results/models/checkpoints/schrodinger/qho\2025-09-25_19-06-55-022995\model.pth
Model state saved to ./results/models/checkpoints/schrodinger/qho\2025-09-25_19-06-55-022995\model_weights.pth
It: 71, Loss: 6.547e-04, Loss_res: 1.248e-02,  Loss_bcs: 1.861e-05, Loss_ut_ics: 5.113e-02, L^2_error: 8.342013e-01, lr: 1.000e-03, Time: 4.63e+02
Model state saved to ./results/models/checkpoints/schrodinger/qho\2025-09-25_19-06-55-022995\model.pth
Model state saved to ./results/models/checkpoints/schrodinger/qho\2025-09-25_19-06-55-022995\model_weights.pth
It: 72, Loss: 7.576e-04, Loss_res: 1.199e-02,  Loss_bcs: 1.255e-05, Loss_ut_ics: 6.251e-02, L^2_error: 8.333148e-01, lr: 1.000e-03, Time: 4.70e+02
Model state saved to ./results/models/checkpoints/schrodinger/qho\2025-09-25_19-06-55-022995\model.pth
Model state saved to ./results/models/checkpoints/schrodinger/qho\2025-09-25_19-06-55-022995\model_weights.pth
It: 73, Loss: 4.761e-04, Loss_res: 1.796e-02,  Loss_bcs: 7.616e-06, Loss_ut_ics: 2.889e-02, L^2_error: 8.329689e-01, lr: 1.000e-03, Time: 4.76e+02
Model state saved to ./results/models/checkpoints/schrodinger/qho\2025-09-25_19-06-55-022995\model.pth
Model state saved to ./results/models/checkpoints/schrodinger/qho\2025-09-25_19-06-55-022995\model_weights.pth
It: 74, Loss: 1.197e-04, Loss_res: 5.100e-03,  Loss_bcs: 4.434e-06, Loss_ut_ics: 6.423e-03, L^2_error: 8.326769e-01, lr: 1.000e-03, Time: 4.82e+02
Model state saved to ./results/models/checkpoints/schrodinger/qho\2025-09-25_19-06-55-022995\model.pth
Model state saved to ./results/models/checkpoints/schrodinger/qho\2025-09-25_19-06-55-022995\model_weights.pth
It: 75, Loss: 4.749e-04, Loss_res: 2.394e-02,  Loss_bcs: 3.343e-06, Loss_ut_ics: 2.321e-02, L^2_error: 8.328583e-01, lr: 1.000e-03, Time: 4.88e+02
Model state saved to ./results/models/checkpoints/schrodinger/qho\2025-09-25_19-06-55-022995\model.pth
Model state saved to ./results/models/checkpoints/schrodinger/qho\2025-09-25_19-06-55-022995\model_weights.pth
It: 76, Loss: 1.172e-03, Loss_res: 2.205e-02,  Loss_bcs: 2.851e-06, Loss_ut_ics: 9.483e-02, L^2_error: 8.333696e-01, lr: 1.000e-03, Time: 4.94e+02
Model state saved to ./results/models/checkpoints/schrodinger/qho\2025-09-25_19-06-55-022995\model.pth
Model state saved to ./results/models/checkpoints/schrodinger/qho\2025-09-25_19-06-55-022995\model_weights.pth
It: 77, Loss: 1.569e-03, Loss_res: 9.654e-03,  Loss_bcs: 5.036e-06, Loss_ut_ics: 1.467e-01, L^2_error: 8.334079e-01, lr: 1.000e-03, Time: 5.01e+02
Model state saved to ./results/models/checkpoints/schrodinger/qho\2025-09-25_19-06-55-022995\model.pth
Model state saved to ./results/models/checkpoints/schrodinger/qho\2025-09-25_19-06-55-022995\model_weights.pth
It: 78, Loss: 3.391e-04, Loss_res: 2.247e-02,  Loss_bcs: 4.006e-06, Loss_ut_ics: 1.103e-02, L^2_error: 8.338610e-01, lr: 1.000e-03, Time: 5.07e+02
Model state saved to ./results/models/checkpoints/schrodinger/qho\2025-09-25_19-06-55-022995\model.pth
Model state saved to ./results/models/checkpoints/schrodinger/qho\2025-09-25_19-06-55-022995\model_weights.pth
It: 79, Loss: 8.545e-04, Loss_res: 1.207e-02,  Loss_bcs: 7.200e-06, Loss_ut_ics: 7.266e-02, L^2_error: 8.341705e-01, lr: 1.000e-03, Time: 5.14e+02
Model state saved to ./results/models/checkpoints/schrodinger/qho\2025-09-25_19-06-55-022995\model.pth
Model state saved to ./results/models/checkpoints/schrodinger/qho\2025-09-25_19-06-55-022995\model_weights.pth
It: 80, Loss: 1.518e-03, Loss_res: 1.051e-02,  Loss_bcs: 4.728e-06, Loss_ut_ics: 1.408e-01, L^2_error: 8.342769e-01, lr: 1.000e-03, Time: 5.21e+02
Model state saved to ./results/models/checkpoints/schrodinger/qho\2025-09-25_19-06-55-022995\model.pth
Model state saved to ./results/models/checkpoints/schrodinger/qho\2025-09-25_19-06-55-022995\model_weights.pth
It: 81, Loss: 1.833e-04, Loss_res: 1.726e-02,  Loss_bcs: 6.414e-06, Loss_ut_ics: 4.278e-04, L^2_error: 8.350044e-01, lr: 1.000e-03, Time: 5.29e+02
Model state saved to ./results/models/checkpoints/schrodinger/qho\2025-09-25_19-06-55-022995\model.pth
Model state saved to ./results/models/checkpoints/schrodinger/qho\2025-09-25_19-06-55-022995\model_weights.pth
It: 82, Loss: 2.299e-03, Loss_res: 1.814e-02,  Loss_bcs: 8.482e-06, Loss_ut_ics: 2.110e-01, L^2_error: 8.353698e-01, lr: 1.000e-03, Time: 5.36e+02
Model state saved to ./results/models/checkpoints/schrodinger/qho\2025-09-25_19-06-55-022995\model.pth
Model state saved to ./results/models/checkpoints/schrodinger/qho\2025-09-25_19-06-55-022995\model_weights.pth
It: 83, Loss: 5.139e-04, Loss_res: 9.377e-03,  Loss_bcs: 8.353e-06, Loss_ut_ics: 4.118e-02, L^2_error: 8.356240e-01, lr: 1.000e-03, Time: 5.42e+02
Model state saved to ./results/models/checkpoints/schrodinger/qho\2025-09-25_19-06-55-022995\model.pth
Model state saved to ./results/models/checkpoints/schrodinger/qho\2025-09-25_19-06-55-022995\model_weights.pth
It: 84, Loss: 5.647e-04, Loss_res: 2.458e-02,  Loss_bcs: 9.531e-06, Loss_ut_ics: 3.094e-02, L^2_error: 8.363870e-01, lr: 1.000e-03, Time: 5.48e+02
Model state saved to ./results/models/checkpoints/schrodinger/qho\2025-09-25_19-06-55-022995\model.pth
Model state saved to ./results/models/checkpoints/schrodinger/qho\2025-09-25_19-06-55-022995\model_weights.pth
It: 85, Loss: 1.126e-03, Loss_res: 2.156e-02,  Loss_bcs: 1.045e-05, Loss_ut_ics: 8.998e-02, L^2_error: 8.376046e-01, lr: 1.000e-03, Time: 5.55e+02
Model state saved to ./results/models/checkpoints/schrodinger/qho\2025-09-25_19-06-55-022995\model.pth
Model state saved to ./results/models/checkpoints/schrodinger/qho\2025-09-25_19-06-55-022995\model_weights.pth
It: 86, Loss: 1.062e-03, Loss_res: 1.702e-02,  Loss_bcs: 1.415e-05, Loss_ut_ics: 8.778e-02, L^2_error: 8.385915e-01, lr: 1.000e-03, Time: 5.62e+02
Model state saved to ./results/models/checkpoints/schrodinger/qho\2025-09-25_19-06-55-022995\model.pth
Model state saved to ./results/models/checkpoints/schrodinger/qho\2025-09-25_19-06-55-022995\model_weights.pth
It: 87, Loss: 3.174e-04, Loss_res: 2.325e-02,  Loss_bcs: 1.982e-05, Loss_ut_ics: 6.505e-03, L^2_error: 8.396978e-01, lr: 1.000e-03, Time: 5.69e+02
Model state saved to ./results/models/checkpoints/schrodinger/qho\2025-09-25_19-06-55-022995\model.pth
Model state saved to ./results/models/checkpoints/schrodinger/qho\2025-09-25_19-06-55-022995\model_weights.pth
It: 88, Loss: 2.529e-04, Loss_res: 7.150e-03,  Loss_bcs: 1.948e-05, Loss_ut_ics: 1.619e-02, L^2_error: 8.406454e-01, lr: 1.000e-03, Time: 5.75e+02
Model state saved to ./results/models/checkpoints/schrodinger/qho\2025-09-25_19-06-55-022995\model.pth
Model state saved to ./results/models/checkpoints/schrodinger/qho\2025-09-25_19-06-55-022995\model_weights.pth
It: 89, Loss: 8.997e-04, Loss_res: 8.128e-03,  Loss_bcs: 2.751e-05, Loss_ut_ics: 7.909e-02, L^2_error: 8.410359e-01, lr: 1.000e-03, Time: 5.82e+02
Model state saved to ./results/models/checkpoints/schrodinger/qho\2025-09-25_19-06-55-022995\model.pth
Model state saved to ./results/models/checkpoints/schrodinger/qho\2025-09-25_19-06-55-022995\model_weights.pth
It: 90, Loss: 2.058e-04, Loss_res: 1.515e-02,  Loss_bcs: 2.906e-05, Loss_ut_ics: 2.519e-03, L^2_error: 8.412945e-01, lr: 1.000e-03, Time: 5.88e+02
Model state saved to ./results/models/checkpoints/schrodinger/qho\2025-09-25_19-06-55-022995\model.pth
Model state saved to ./results/models/checkpoints/schrodinger/qho\2025-09-25_19-06-55-022995\model_weights.pth
It: 91, Loss: 1.260e-03, Loss_res: 8.669e-03,  Loss_bcs: 2.386e-05, Loss_ut_ics: 1.149e-01, L^2_error: 8.410556e-01, lr: 1.000e-03, Time: 5.95e+02
Model state saved to ./results/models/checkpoints/schrodinger/qho\2025-09-25_19-06-55-022995\model.pth
Model state saved to ./results/models/checkpoints/schrodinger/qho\2025-09-25_19-06-55-022995\model_weights.pth
It: 92, Loss: 3.654e-04, Loss_res: 7.457e-03,  Loss_bcs: 1.455e-05, Loss_ut_ics: 2.762e-02, L^2_error: 8.407056e-01, lr: 1.000e-03, Time: 6.02e+02
Model state saved to ./results/models/checkpoints/schrodinger/qho\2025-09-25_19-06-55-022995\model.pth
Model state saved to ./results/models/checkpoints/schrodinger/qho\2025-09-25_19-06-55-022995\model_weights.pth
It: 93, Loss: 1.544e-04, Loss_res: 1.318e-02,  Loss_bcs: 1.719e-05, Loss_ut_ics: 5.362e-04, L^2_error: 8.406448e-01, lr: 1.000e-03, Time: 6.09e+02
Model state saved to ./results/models/checkpoints/schrodinger/qho\2025-09-25_19-06-55-022995\model.pth
Model state saved to ./results/models/checkpoints/schrodinger/qho\2025-09-25_19-06-55-022995\model_weights.pth
It: 94, Loss: 1.476e-04, Loss_res: 1.357e-02,  Loss_bcs: 7.705e-06, Loss_ut_ics: 4.175e-04, L^2_error: 8.409532e-01, lr: 1.000e-03, Time: 6.15e+02
Model state saved to ./results/models/checkpoints/schrodinger/qho\2025-09-25_19-06-55-022995\model.pth
Model state saved to ./results/models/checkpoints/schrodinger/qho\2025-09-25_19-06-55-022995\model_weights.pth
It: 95, Loss: 1.251e-03, Loss_res: 1.180e-02,  Loss_bcs: 1.188e-05, Loss_ut_ics: 1.122e-01, L^2_error: 8.409423e-01, lr: 1.000e-03, Time: 6.22e+02
Model state saved to ./results/models/checkpoints/schrodinger/qho\2025-09-25_19-06-55-022995\model.pth
Model state saved to ./results/models/checkpoints/schrodinger/qho\2025-09-25_19-06-55-022995\model_weights.pth
It: 96, Loss: 5.895e-04, Loss_res: 1.846e-02,  Loss_bcs: 1.055e-05, Loss_ut_ics: 3.944e-02, L^2_error: 8.412535e-01, lr: 1.000e-03, Time: 6.28e+02
Model state saved to ./results/models/checkpoints/schrodinger/qho\2025-09-25_19-06-55-022995\model.pth
Model state saved to ./results/models/checkpoints/schrodinger/qho\2025-09-25_19-06-55-022995\model_weights.pth
It: 97, Loss: 1.118e-03, Loss_res: 1.059e-02,  Loss_bcs: 8.179e-06, Loss_ut_ics: 1.004e-01, L^2_error: 8.415584e-01, lr: 1.000e-03, Time: 6.35e+02
Model state saved to ./results/models/checkpoints/schrodinger/qho\2025-09-25_19-06-55-022995\model.pth
Model state saved to ./results/models/checkpoints/schrodinger/qho\2025-09-25_19-06-55-022995\model_weights.pth
It: 98, Loss: 8.611e-04, Loss_res: 1.287e-02,  Loss_bcs: 6.912e-06, Loss_ut_ics: 7.255e-02, L^2_error: 8.421168e-01, lr: 1.000e-03, Time: 6.42e+02
Model state saved to ./results/models/checkpoints/schrodinger/qho\2025-09-25_19-06-55-022995\model.pth
Model state saved to ./results/models/checkpoints/schrodinger/qho\2025-09-25_19-06-55-022995\model_weights.pth
It: 99, Loss: 9.366e-04, Loss_res: 1.393e-02,  Loss_bcs: 7.670e-06, Loss_ut_ics: 7.896e-02, L^2_error: 8.430288e-01, lr: 1.000e-03, Time: 6.49e+02
Model state saved to ./results/models/checkpoints/schrodinger/qho\2025-09-25_19-06-55-022995\model.pth
Model state saved to ./results/models/checkpoints/schrodinger/qho\2025-09-25_19-06-55-022995\model_weights.pth
It: 100, Loss: 8.299e-04, Loss_res: 5.994e-03,  Loss_bcs: 9.914e-06, Loss_ut_ics: 7.600e-02, L^2_error: 8.433826e-01, lr: 1.000e-03, Time: 6.56e+02
Model state saved to ./results/models/checkpoints/schrodinger/qho\2025-09-25_19-06-55-022995\model.pth
Model state saved to ./results/models/checkpoints/schrodinger/qho\2025-09-25_19-06-55-022995\model_weights.pth
It: 101, Loss: 9.949e-04, Loss_res: 1.202e-02,  Loss_bcs: 1.208e-05, Loss_ut_ics: 8.626e-02, L^2_error: 8.435470e-01, lr: 1.000e-03, Time: 6.64e+02
Model state saved to ./results/models/checkpoints/schrodinger/qho\2025-09-25_19-06-55-022995\model.pth
Model state saved to ./results/models/checkpoints/schrodinger/qho\2025-09-25_19-06-55-022995\model_weights.pth
It: 102, Loss: 1.309e-04, Loss_res: 1.170e-02,  Loss_bcs: 1.185e-05, Loss_ut_ics: 2.040e-04, L^2_error: 8.439293e-01, lr: 1.000e-03, Time: 6.83e+02
Model state saved to ./results/models/checkpoints/schrodinger/qho\2025-09-25_19-06-55-022995\model.pth
Model state saved to ./results/models/checkpoints/schrodinger/qho\2025-09-25_19-06-55-022995\model_weights.pth
It: 103, Loss: 1.169e-03, Loss_res: 5.652e-03,  Loss_bcs: 1.155e-05, Loss_ut_ics: 1.101e-01, L^2_error: 8.436849e-01, lr: 1.000e-03, Time: 7.00e+02
Model state saved to ./results/models/checkpoints/schrodinger/qho\2025-09-25_19-06-55-022995\model.pth
Model state saved to ./results/models/checkpoints/schrodinger/qho\2025-09-25_19-06-55-022995\model_weights.pth
It: 104, Loss: 7.884e-04, Loss_res: 8.047e-03,  Loss_bcs: 9.637e-06, Loss_ut_ics: 6.983e-02, L^2_error: 8.434168e-01, lr: 1.000e-03, Time: 7.09e+02
Model state saved to ./results/models/checkpoints/schrodinger/qho\2025-09-25_19-06-55-022995\model.pth
Model state saved to ./results/models/checkpoints/schrodinger/qho\2025-09-25_19-06-55-022995\model_weights.pth
It: 105, Loss: 6.109e-04, Loss_res: 1.211e-02,  Loss_bcs: 1.023e-05, Loss_ut_ics: 4.797e-02, L^2_error: 8.432367e-01, lr: 1.000e-03, Time: 7.16e+02
Model state saved to ./results/models/checkpoints/schrodinger/qho\2025-09-25_19-06-55-022995\model.pth
Model state saved to ./results/models/checkpoints/schrodinger/qho\2025-09-25_19-06-55-022995\model_weights.pth
It: 106, Loss: 2.223e-04, Loss_res: 1.476e-02,  Loss_bcs: 1.006e-05, Loss_ut_ics: 6.468e-03, L^2_error: 8.435655e-01, lr: 1.000e-03, Time: 7.23e+02
Model state saved to ./results/models/checkpoints/schrodinger/qho\2025-09-25_19-06-55-022995\model.pth
Model state saved to ./results/models/checkpoints/schrodinger/qho\2025-09-25_19-06-55-022995\model_weights.pth
It: 107, Loss: 8.347e-04, Loss_res: 6.882e-03,  Loss_bcs: 8.817e-06, Loss_ut_ics: 7.571e-02, L^2_error: 8.436445e-01, lr: 1.000e-03, Time: 7.29e+02
Model state saved to ./results/models/checkpoints/schrodinger/qho\2025-09-25_19-06-55-022995\model.pth
Model state saved to ./results/models/checkpoints/schrodinger/qho\2025-09-25_19-06-55-022995\model_weights.pth
It: 108, Loss: 8.594e-04, Loss_res: 1.611e-02,  Loss_bcs: 6.103e-06, Loss_ut_ics: 6.922e-02, L^2_error: 8.440206e-01, lr: 1.000e-03, Time: 7.36e+02
Model state saved to ./results/models/checkpoints/schrodinger/qho\2025-09-25_19-06-55-022995\model.pth
Model state saved to ./results/models/checkpoints/schrodinger/qho\2025-09-25_19-06-55-022995\model_weights.pth
It: 109, Loss: 1.082e-03, Loss_res: 8.695e-03,  Loss_bcs: 7.441e-06, Loss_ut_ics: 9.880e-02, L^2_error: 8.439588e-01, lr: 1.000e-03, Time: 7.43e+02
Model state saved to ./results/models/checkpoints/schrodinger/qho\2025-09-25_19-06-55-022995\model.pth
Model state saved to ./results/models/checkpoints/schrodinger/qho\2025-09-25_19-06-55-022995\model_weights.pth
It: 110, Loss: 4.211e-04, Loss_res: 9.945e-03,  Loss_bcs: 8.833e-06, Loss_ut_ics: 3.128e-02, L^2_error: 8.434621e-01, lr: 1.000e-03, Time: 7.49e+02
Model state saved to ./results/models/checkpoints/schrodinger/qho\2025-09-25_19-06-55-022995\model.pth
Model state saved to ./results/models/checkpoints/schrodinger/qho\2025-09-25_19-06-55-022995\model_weights.pth
It: 111, Loss: 4.953e-04, Loss_res: 1.566e-02,  Loss_bcs: 4.415e-06, Loss_ut_ics: 3.343e-02, L^2_error: 8.432448e-01, lr: 1.000e-03, Time: 7.56e+02
Model state saved to ./results/models/checkpoints/schrodinger/qho\2025-09-25_19-06-55-022995\model.pth
Model state saved to ./results/models/checkpoints/schrodinger/qho\2025-09-25_19-06-55-022995\model_weights.pth
It: 112, Loss: 7.803e-04, Loss_res: 1.472e-02,  Loss_bcs: 3.130e-06, Loss_ut_ics: 6.300e-02, L^2_error: 8.435778e-01, lr: 1.000e-03, Time: 7.63e+02
Model state saved to ./results/models/checkpoints/schrodinger/qho\2025-09-25_19-06-55-022995\model.pth
Model state saved to ./results/models/checkpoints/schrodinger/qho\2025-09-25_19-06-55-022995\model_weights.pth
It: 113, Loss: 5.894e-04, Loss_res: 1.391e-02,  Loss_bcs: 2.682e-06, Loss_ut_ics: 4.476e-02, L^2_error: 8.440727e-01, lr: 1.000e-03, Time: 7.69e+02
Model state saved to ./results/models/checkpoints/schrodinger/qho\2025-09-25_19-06-55-022995\model.pth
Model state saved to ./results/models/checkpoints/schrodinger/qho\2025-09-25_19-06-55-022995\model_weights.pth
