It: 1, Loss: 3.198e+02, Loss_res: 2.671e+01,  Loss_bcs: 0.000e+00, Loss_ut_ics: 1.051e+00, Loss_norm: 8.730e-01, Loss_gauge: 0.000e+00, w_pde: 5.00e-03, L^2_error: 1.040e+00, lr: 1.000e-03, Time: 3.89e+00
Model state saved to ./results/models/checkpoints/smoke_schrodinger\2025-12-22_15-05-00-784733_barrier_DV\model.pth
Model weights saved to ./results/models/checkpoints/smoke_schrodinger\2025-12-22_15-05-00-784733_barrier_DV\model_weights.pth
It: 50, Loss: 1.055e+02, Loss_res: 1.312e+02,  Loss_bcs: 0.000e+00, Loss_ut_ics: 2.332e-01, Loss_norm: 5.440e-01, Loss_gauge: 0.000e+00, w_pde: 2.50e-01, L^2_error: 1.344e+00, lr: 1.000e-03, Time: 1.72e+02
Model state saved to ./results/models/checkpoints/smoke_schrodinger\2025-12-22_15-05-00-784733_barrier_DV\model.pth
Model weights saved to ./results/models/checkpoints/smoke_schrodinger\2025-12-22_15-05-00-784733_barrier_DV\model_weights.pth
It: 100, Loss: 8.081e+01, Loss_res: 1.034e+02,  Loss_bcs: 0.000e+00, Loss_ut_ics: 8.769e-02, Loss_norm: 5.595e-01, Loss_gauge: 0.000e+00, w_pde: 5.00e-01, L^2_error: 1.185e+00, lr: 1.000e-03, Time: 3.34e+02
Model state saved to ./results/models/checkpoints/smoke_schrodinger\2025-12-22_15-05-00-784733_barrier_DV\model.pth
Model weights saved to ./results/models/checkpoints/smoke_schrodinger\2025-12-22_15-05-00-784733_barrier_DV\model_weights.pth
It: 150, Loss: 9.055e+01, Loss_res: 7.414e+01,  Loss_bcs: 0.000e+00, Loss_ut_ics: 1.074e-01, Loss_norm: 5.422e-01, Loss_gauge: 0.000e+00, w_pde: 7.50e-01, L^2_error: 1.225e+00, lr: 1.000e-03, Time: 4.95e+02
Model state saved to ./results/models/checkpoints/smoke_schrodinger\2025-12-22_15-05-00-784733_barrier_DV\model.pth
Model weights saved to ./results/models/checkpoints/smoke_schrodinger\2025-12-22_15-05-00-784733_barrier_DV\model_weights.pth
It: 200, Loss: 1.078e+02, Loss_res: 6.537e+01,  Loss_bcs: 0.000e+00, Loss_ut_ics: 1.315e-01, Loss_norm: 5.924e-01, Loss_gauge: 0.000e+00, w_pde: 1.00e+00, L^2_error: 1.188e+00, lr: 1.000e-03, Time: 6.48e+02
Model state saved to ./results/models/checkpoints/smoke_schrodinger\2025-12-22_15-05-00-784733_barrier_DV\model.pth
Model weights saved to ./results/models/checkpoints/smoke_schrodinger\2025-12-22_15-05-00-784733_barrier_DV\model_weights.pth
It: 250, Loss: 1.090e+02, Loss_res: 7.537e+01,  Loss_bcs: 0.000e+00, Loss_ut_ics: 1.026e-01, Loss_norm: 5.704e-01, Loss_gauge: 0.000e+00, w_pde: 1.00e+00, L^2_error: 1.186e+00, lr: 1.000e-03, Time: 7.98e+02
Model state saved to ./results/models/checkpoints/smoke_schrodinger\2025-12-22_15-05-00-784733_barrier_DV\model.pth
Model weights saved to ./results/models/checkpoints/smoke_schrodinger\2025-12-22_15-05-00-784733_barrier_DV\model_weights.pth
It: 300, Loss: 1.030e+02, Loss_res: 5.717e+01,  Loss_bcs: 0.000e+00, Loss_ut_ics: 1.428e-01, Loss_norm: 5.972e-01, Loss_gauge: 0.000e+00, w_pde: 1.00e+00, L^2_error: 1.189e+00, lr: 1.000e-03, Time: 9.47e+02
Model state saved to ./results/models/checkpoints/smoke_schrodinger\2025-12-22_15-05-00-784733_barrier_DV\model.pth
Model weights saved to ./results/models/checkpoints/smoke_schrodinger\2025-12-22_15-05-00-784733_barrier_DV\model_weights.pth
It: 350, Loss: 1.082e+02, Loss_res: 5.789e+01,  Loss_bcs: 0.000e+00, Loss_ut_ics: 1.578e-01, Loss_norm: 5.976e-01, Loss_gauge: 0.000e+00, w_pde: 1.00e+00, L^2_error: 1.190e+00, lr: 1.000e-03, Time: 1.11e+03
Model state saved to ./results/models/checkpoints/smoke_schrodinger\2025-12-22_15-05-00-784733_barrier_DV\model.pth
Model weights saved to ./results/models/checkpoints/smoke_schrodinger\2025-12-22_15-05-00-784733_barrier_DV\model_weights.pth
It: 400, Loss: 1.003e+02, Loss_res: 5.818e+01,  Loss_bcs: 0.000e+00, Loss_ut_ics: 1.306e-01, Loss_norm: 5.822e-01, Loss_gauge: 0.000e+00, w_pde: 1.00e+00, L^2_error: 1.189e+00, lr: 1.000e-03, Time: 1.29e+03
Model state saved to ./results/models/checkpoints/smoke_schrodinger\2025-12-22_15-05-00-784733_barrier_DV\model.pth
Model weights saved to ./results/models/checkpoints/smoke_schrodinger\2025-12-22_15-05-00-784733_barrier_DV\model_weights.pth
It: 450, Loss: 9.749e+01, Loss_res: 5.535e+01,  Loss_bcs: 0.000e+00, Loss_ut_ics: 1.310e-01, Loss_norm: 5.703e-01, Loss_gauge: 0.000e+00, w_pde: 1.00e+00, L^2_error: 1.194e+00, lr: 1.000e-03, Time: 1.44e+03
Model state saved to ./results/models/checkpoints/smoke_schrodinger\2025-12-22_15-05-00-784733_barrier_DV\model.pth
Model weights saved to ./results/models/checkpoints/smoke_schrodinger\2025-12-22_15-05-00-784733_barrier_DV\model_weights.pth
It: 500, Loss: 1.048e+02, Loss_res: 6.597e+01,  Loss_bcs: 0.000e+00, Loss_ut_ics: 1.204e-01, Loss_norm: 5.520e-01, Loss_gauge: 0.000e+00, w_pde: 1.00e+00, L^2_error: 1.194e+00, lr: 1.000e-03, Time: 1.60e+03
Model state saved to ./results/models/checkpoints/smoke_schrodinger\2025-12-22_15-05-00-784733_barrier_DV\model.pth
Model weights saved to ./results/models/checkpoints/smoke_schrodinger\2025-12-22_15-05-00-784733_barrier_DV\model_weights.pth
It: 550, Loss: 9.832e+01, Loss_res: 6.211e+01,  Loss_bcs: 0.000e+00, Loss_ut_ics: 1.119e-01, Loss_norm: 5.320e-01, Loss_gauge: 0.000e+00, w_pde: 1.00e+00, L^2_error: 1.207e+00, lr: 1.000e-03, Time: 1.75e+03
Model state saved to ./results/models/checkpoints/smoke_schrodinger\2025-12-22_15-05-00-784733_barrier_DV\model.pth
Model weights saved to ./results/models/checkpoints/smoke_schrodinger\2025-12-22_15-05-00-784733_barrier_DV\model_weights.pth
It: 600, Loss: 9.617e+01, Loss_res: 5.873e+01,  Loss_bcs: 0.000e+00, Loss_ut_ics: 1.161e-01, Loss_norm: 5.248e-01, Loss_gauge: 0.000e+00, w_pde: 1.00e+00, L^2_error: 1.205e+00, lr: 1.000e-03, Time: 1.91e+03
Model state saved to ./results/models/checkpoints/smoke_schrodinger\2025-12-22_15-05-00-784733_barrier_DV\model.pth
Model weights saved to ./results/models/checkpoints/smoke_schrodinger\2025-12-22_15-05-00-784733_barrier_DV\model_weights.pth
It: 650, Loss: 9.644e+01, Loss_res: 5.738e+01,  Loss_bcs: 0.000e+00, Loss_ut_ics: 1.215e-01, Loss_norm: 5.201e-01, Loss_gauge: 0.000e+00, w_pde: 1.00e+00, L^2_error: 1.204e+00, lr: 1.000e-03, Time: 2.06e+03
Model state saved to ./results/models/checkpoints/smoke_schrodinger\2025-12-22_15-05-00-784733_barrier_DV\model.pth
Model weights saved to ./results/models/checkpoints/smoke_schrodinger\2025-12-22_15-05-00-784733_barrier_DV\model_weights.pth
It: 700, Loss: 1.018e+02, Loss_res: 7.081e+01,  Loss_bcs: 0.000e+00, Loss_ut_ics: 9.526e-02, Loss_norm: 4.918e-01, Loss_gauge: 0.000e+00, w_pde: 1.00e+00, L^2_error: 1.196e+00, lr: 1.000e-03, Time: 2.22e+03
Model state saved to ./results/models/checkpoints/smoke_schrodinger\2025-12-22_15-05-00-784733_barrier_DV\model.pth
Model weights saved to ./results/models/checkpoints/smoke_schrodinger\2025-12-22_15-05-00-784733_barrier_DV\model_weights.pth
