Using DV Solver
The settings used:
batch_size : 64
epochs : 500
lr : 0.001
seed : 42
print_every : 1
log_path : ./results/models/checkpoints/schrodinger/qho
input_dim : 2
output_dim : 2
num_qubits : 5
hidden_dim : 30
num_quantum_layers : 1
classic_network : [2, 30, 2]
q_ansatz : sim_circ_19
mode : hybrid
activation : null
shots : 20
problem : schrodinger
solver : DV
device : cuda
method : None
cutoff_dim : 20
class : CVNeuralNetwork2
encoding : angle
eq_params : {'example': 'ho', 'L': 5.0, 'T': 0.1, 'hbar': 1.0, 'mass': 1.0, 'n_level': 0, 'omega': 1.0, 'potential_fn': 'lambda t, x : 0.5 * 1.0 * (1.0**2) * (x**2)'}
noise : True
Total number of parameters: 502
The circuit used in the study:
It: 1, Loss: 4.160e-01, Loss_res: 1.225e+01,  Loss_bcs: 2.902e-01, Loss_ut_ics: 3.351e-01, L^2_error: 2.289391e+00, lr: 1.000e-03, Time: 1.56e+01
Model state saved to ./results/models/checkpoints/schrodinger/qho\2025-09-25_18-56-08-847046\model.pth
Model state saved to ./results/models/checkpoints/schrodinger/qho\2025-09-25_18-56-08-847046\model_weights.pth
It: 2, Loss: 3.183e-01, Loss_res: 4.946e+00,  Loss_bcs: 2.627e-01, Loss_ut_ics: 6.159e-01, L^2_error: 2.218342e+00, lr: 1.000e-03, Time: 3.73e+01
Model state saved to ./results/models/checkpoints/schrodinger/qho\2025-09-25_18-56-08-847046\model.pth
Model state saved to ./results/models/checkpoints/schrodinger/qho\2025-09-25_18-56-08-847046\model_weights.pth
It: 3, Loss: 3.022e-01, Loss_res: 5.919e+00,  Loss_bcs: 2.378e-01, Loss_ut_ics: 5.224e-01, L^2_error: 2.149394e+00, lr: 1.000e-03, Time: 7.32e+01
Model state saved to ./results/models/checkpoints/schrodinger/qho\2025-09-25_18-56-08-847046\model.pth
Model state saved to ./results/models/checkpoints/schrodinger/qho\2025-09-25_18-56-08-847046\model_weights.pth
It: 4, Loss: 3.149e-01, Loss_res: 9.781e+00,  Loss_bcs: 2.147e-01, Loss_ut_ics: 2.374e-01, L^2_error: 2.081999e+00, lr: 1.000e-03, Time: 9.05e+01
Model state saved to ./results/models/checkpoints/schrodinger/qho\2025-09-25_18-56-08-847046\model.pth
Model state saved to ./results/models/checkpoints/schrodinger/qho\2025-09-25_18-56-08-847046\model_weights.pth
It: 5, Loss: 2.493e-01, Loss_res: 5.082e+00,  Loss_bcs: 1.934e-01, Loss_ut_ics: 5.069e-01, L^2_error: 2.016513e+00, lr: 1.000e-03, Time: 1.07e+02
Model state saved to ./results/models/checkpoints/schrodinger/qho\2025-09-25_18-56-08-847046\model.pth
Model state saved to ./results/models/checkpoints/schrodinger/qho\2025-09-25_18-56-08-847046\model_weights.pth
It: 6, Loss: 2.270e-01, Loss_res: 4.888e+00,  Loss_bcs: 1.738e-01, Loss_ut_ics: 4.379e-01, L^2_error: 1.952975e+00, lr: 1.000e-03, Time: 1.23e+02
Model state saved to ./results/models/checkpoints/schrodinger/qho\2025-09-25_18-56-08-847046\model.pth
Model state saved to ./results/models/checkpoints/schrodinger/qho\2025-09-25_18-56-08-847046\model_weights.pth
It: 7, Loss: 1.777e-01, Loss_res: 1.762e+00,  Loss_bcs: 1.555e-01, Loss_ut_ics: 4.553e-01, L^2_error: 1.892112e+00, lr: 1.000e-03, Time: 1.39e+02
Model state saved to ./results/models/checkpoints/schrodinger/qho\2025-09-25_18-56-08-847046\model.pth
Model state saved to ./results/models/checkpoints/schrodinger/qho\2025-09-25_18-56-08-847046\model_weights.pth
It: 8, Loss: 2.038e-01, Loss_res: 5.957e+00,  Loss_bcs: 1.388e-01, Loss_ut_ics: 5.427e-01, L^2_error: 1.832737e+00, lr: 1.000e-03, Time: 1.55e+02
Model state saved to ./results/models/checkpoints/schrodinger/qho\2025-09-25_18-56-08-847046\model.pth
Model state saved to ./results/models/checkpoints/schrodinger/qho\2025-09-25_18-56-08-847046\model_weights.pth
