Using DV Solver
The settings used:
batch_size : 64
epochs : 2000
lr : 0.001
seed : 42
print_every : 1
log_path : ./results/models/checkpoints/schrodinger/qho
input_dim : 2
output_dim : 2
num_qubits : 5
hidden_dim : 50
num_quantum_layers : 2
classic_network : [2, 50, 2]
q_ansatz : sim_circ_19
mode : hybrid
activation : null
shots : 20
problem : schrodinger
solver : DV
device : cpu
method : None
cutoff_dim : 20
class : CVNeuralNetwork2
encoding : angle
eq_params : {'example': 'ho', 'L': 5.0, 'T': 0.1, 'hbar': 1.0, 'mass': 1.0, 'n_level': 0, 'omega': 1.0, 'potential_fn': 'lambda t, x : 0.5 * 1.0 * (1.0**2) * (x**2)'}
noise : True
Total number of parameters: 837
The circuit used in the study:
It: 1, Loss: 2.606e-01, Loss_res: 8.435e+00,  Loss_bcs: 1.750e-01, Loss_ut_ics: 1.184e-01, lr: 1.000e-03, Time: 3.52e+00
Model state saved to ./results/models/checkpoints/schrodinger/qho/2025-09-21_16-06-01-160934/model.pth
Model state saved to ./results/models/checkpoints/schrodinger/qho/2025-09-21_16-06-01-160934/model_weights.pth
It: 2, Loss: 1.966e-01, Loss_res: 4.932e+00,  Loss_bcs: 1.460e-01, Loss_ut_ics: 1.370e-01, lr: 1.000e-03, Time: 5.96e+00
Model state saved to ./results/models/checkpoints/schrodinger/qho/2025-09-21_16-06-01-160934/model.pth
Model state saved to ./results/models/checkpoints/schrodinger/qho/2025-09-21_16-06-01-160934/model_weights.pth
