checkpoint path: self.log_path='./results/models/checkpoints/smoke_schrodinger\\2025-12-15_08-06-29-248734_box_Classical'
It: 1, Loss: 2.643e+02, Loss_res: 2.568e-03,  Loss_bcs: 6.663e-03, Loss_ut_ics: 8.767e-01, Loss_norm: 9.879e-01, w_pde: 2.50e-03, L^2_error: 9.182e-01, lr: 1.000e-03, Time: 1.82e-01
Model state saved to ./results/models/checkpoints/smoke_schrodinger\2025-12-15_08-06-29-248734_box_Classical\model.pth
Model state saved to ./results/models/checkpoints/smoke_schrodinger\2025-12-15_08-06-29-248734_box_Classical\model_weights.pth
It: 100, Loss: 6.465e+01, Loss_res: 2.407e+01,  Loss_bcs: 1.874e-01, Loss_ut_ics: 1.640e-01, Loss_norm: 6.726e-02, w_pde: 2.50e-01, L^2_error: 1.102e+00, lr: 1.000e-03, Time: 8.74e+00
Model state saved to ./results/models/checkpoints/smoke_schrodinger\2025-12-15_08-06-29-248734_box_Classical\model.pth
Model state saved to ./results/models/checkpoints/smoke_schrodinger\2025-12-15_08-06-29-248734_box_Classical\model_weights.pth
It: 200, Loss: 1.041e+01, Loss_res: 1.547e+01,  Loss_bcs: 1.278e-02, Loss_ut_ics: 6.755e-03, Loss_norm: 7.294e-03, w_pde: 5.00e-01, L^2_error: 7.411e-01, lr: 1.000e-03, Time: 1.78e+01
Model state saved to ./results/models/checkpoints/smoke_schrodinger\2025-12-15_08-06-29-248734_box_Classical\model.pth
Model state saved to ./results/models/checkpoints/smoke_schrodinger\2025-12-15_08-06-29-248734_box_Classical\model_weights.pth
It: 300, Loss: 8.086e+00, Loss_res: 5.706e+00,  Loss_bcs: 4.094e-02, Loss_ut_ics: 5.863e-03, Loss_norm: 6.478e-04, w_pde: 7.50e-01, L^2_error: 4.933e-01, lr: 1.000e-03, Time: 2.70e+01
Model state saved to ./results/models/checkpoints/smoke_schrodinger\2025-12-15_08-06-29-248734_box_Classical\model.pth
Model state saved to ./results/models/checkpoints/smoke_schrodinger\2025-12-15_08-06-29-248734_box_Classical\model_weights.pth
It: 400, Loss: 6.975e+00, Loss_res: 2.924e+00,  Loss_bcs: 4.377e-02, Loss_ut_ics: 6.183e-03, Loss_norm: 7.401e-03, w_pde: 1.00e+00, L^2_error: 4.185e-01, lr: 1.000e-03, Time: 3.63e+01
Model state saved to ./results/models/checkpoints/smoke_schrodinger\2025-12-15_08-06-29-248734_box_Classical\model.pth
Model state saved to ./results/models/checkpoints/smoke_schrodinger\2025-12-15_08-06-29-248734_box_Classical\model_weights.pth
It: 500, Loss: 3.506e+00, Loss_res: 1.694e+00,  Loss_bcs: 2.324e-02, Loss_ut_ics: 2.167e-03, Loss_norm: 1.170e-04, w_pde: 1.00e+00, L^2_error: 2.819e-01, lr: 1.000e-03, Time: 4.53e+01
Model state saved to ./results/models/checkpoints/smoke_schrodinger\2025-12-15_08-06-29-248734_box_Classical\model.pth
Model state saved to ./results/models/checkpoints/smoke_schrodinger\2025-12-15_08-06-29-248734_box_Classical\model_weights.pth
It: 600, Loss: 2.579e+00, Loss_res: 1.232e+00,  Loss_bcs: 1.832e-02, Loss_ut_ics: 1.434e-03, Loss_norm: 6.032e-04, w_pde: 1.00e+00, L^2_error: 2.444e-01, lr: 1.000e-03, Time: 5.45e+01
Model state saved to ./results/models/checkpoints/smoke_schrodinger\2025-12-15_08-06-29-248734_box_Classical\model.pth
Model state saved to ./results/models/checkpoints/smoke_schrodinger\2025-12-15_08-06-29-248734_box_Classical\model_weights.pth
It: 700, Loss: 1.939e+00, Loss_res: 9.564e-01,  Loss_bcs: 1.171e-02, Loss_ut_ics: 1.320e-03, Loss_norm: 1.288e-03, w_pde: 1.00e+00, L^2_error: 2.088e-01, lr: 1.000e-03, Time: 6.38e+01
Model state saved to ./results/models/checkpoints/smoke_schrodinger\2025-12-15_08-06-29-248734_box_Classical\model.pth
Model state saved to ./results/models/checkpoints/smoke_schrodinger\2025-12-15_08-06-29-248734_box_Classical\model_weights.pth
It: 800, Loss: 1.450e+00, Loss_res: 8.298e-01,  Loss_bcs: 6.563e-03, Loss_ut_ics: 9.729e-04, Loss_norm: 6.685e-04, w_pde: 1.00e+00, L^2_error: 1.826e-01, lr: 1.000e-03, Time: 7.34e+01
Model state saved to ./results/models/checkpoints/smoke_schrodinger\2025-12-15_08-06-29-248734_box_Classical\model.pth
Model state saved to ./results/models/checkpoints/smoke_schrodinger\2025-12-15_08-06-29-248734_box_Classical\model_weights.pth
It: 900, Loss: 1.540e+00, Loss_res: 6.263e-01,  Loss_bcs: 6.185e-03, Loss_ut_ics: 2.002e-03, Loss_norm: 3.924e-03, w_pde: 1.00e+00, L^2_error: 1.713e-01, lr: 1.000e-03, Time: 8.25e+01
Model state saved to ./results/models/checkpoints/smoke_schrodinger\2025-12-15_08-06-29-248734_box_Classical\model.pth
Model state saved to ./results/models/checkpoints/smoke_schrodinger\2025-12-15_08-06-29-248734_box_Classical\model_weights.pth
It: 1000, Loss: 9.230e-01, Loss_res: 4.558e-01,  Loss_bcs: 5.532e-03, Loss_ut_ics: 6.338e-04, Loss_norm: 3.736e-04, w_pde: 1.00e+00, L^2_error: 1.423e-01, lr: 1.000e-03, Time: 9.15e+01
Model state saved to ./results/models/checkpoints/smoke_schrodinger\2025-12-15_08-06-29-248734_box_Classical\model.pth
Model state saved to ./results/models/checkpoints/smoke_schrodinger\2025-12-15_08-06-29-248734_box_Classical\model_weights.pth
It: 1100, Loss: 1.427e+00, Loss_res: 3.306e-01,  Loss_bcs: 9.829e-03, Loss_ut_ics: 2.003e-03, Loss_norm: 3.402e-03, w_pde: 1.00e+00, L^2_error: 1.113e-01, lr: 1.000e-03, Time: 1.01e+02
Model state saved to ./results/models/checkpoints/smoke_schrodinger\2025-12-15_08-06-29-248734_box_Classical\model.pth
Model state saved to ./results/models/checkpoints/smoke_schrodinger\2025-12-15_08-06-29-248734_box_Classical\model_weights.pth
It: 1200, Loss: 5.523e-01, Loss_res: 2.534e-01,  Loss_bcs: 2.850e-03, Loss_ut_ics: 5.202e-04, Loss_norm: 2.843e-04, w_pde: 1.00e+00, L^2_error: 1.054e-01, lr: 1.000e-03, Time: 1.10e+02
Model state saved to ./results/models/checkpoints/smoke_schrodinger\2025-12-15_08-06-29-248734_box_Classical\model.pth
Model state saved to ./results/models/checkpoints/smoke_schrodinger\2025-12-15_08-06-29-248734_box_Classical\model_weights.pth
It: 1300, Loss: 4.871e-01, Loss_res: 1.944e-01,  Loss_bcs: 3.391e-03, Loss_ut_ics: 4.107e-04, Loss_norm: 4.510e-05, w_pde: 1.00e+00, L^2_error: 8.786e-02, lr: 1.000e-03, Time: 1.20e+02
Model state saved to ./results/models/checkpoints/smoke_schrodinger\2025-12-15_08-06-29-248734_box_Classical\model.pth
Model state saved to ./results/models/checkpoints/smoke_schrodinger\2025-12-15_08-06-29-248734_box_Classical\model_weights.pth
It: 1400, Loss: 3.902e-01, Loss_res: 1.648e-01,  Loss_bcs: 2.835e-03, Loss_ut_ics: 2.789e-04, Loss_norm: 1.845e-06, w_pde: 1.00e+00, L^2_error: 8.138e-02, lr: 1.000e-03, Time: 1.29e+02
Model state saved to ./results/models/checkpoints/smoke_schrodinger\2025-12-15_08-06-29-248734_box_Classical\model.pth
Model state saved to ./results/models/checkpoints/smoke_schrodinger\2025-12-15_08-06-29-248734_box_Classical\model_weights.pth
It: 1500, Loss: 3.493e-01, Loss_res: 1.411e-01,  Loss_bcs: 2.270e-03, Loss_ut_ics: 3.154e-04, Loss_norm: 3.893e-05, w_pde: 1.00e+00, L^2_error: 7.637e-02, lr: 1.000e-03, Time: 1.38e+02
Model state saved to ./results/models/checkpoints/smoke_schrodinger\2025-12-15_08-06-29-248734_box_Classical\model.pth
Model state saved to ./results/models/checkpoints/smoke_schrodinger\2025-12-15_08-06-29-248734_box_Classical\model_weights.pth
