INFO:src.utils.logger:It: 1, Loss: 3.126e+02, Loss_res: 6.639e+00,  Loss_bcs: 1.971e+00, Loss_ut_ics: 9.852e-01, Loss_norm: 1.501e+01, Loss_gauge: 0.000e+00, w_pde: 3.33e-03, L^2_error: 2.253e+00, lr: 1.000e-03, Time: 6.99e-02
INFO:src.utils.logger:Model state saved to results\ho\Classical\20260315-084830_seed0_pinn_supermini\checkpoints\2026-03-15_08-48-51-258267_ho_Classical_seed0\model.pth
INFO:src.utils.logger:Model weights saved to results\ho\Classical\20260315-084830_seed0_pinn_supermini\checkpoints\2026-03-15_08-48-51-258267_ho_Classical_seed0\model_weights.pth
INFO:src.utils.logger:It: 10, Loss: 6.009e+01, Loss_res: 7.818e-01,  Loss_bcs: 2.461e-01, Loss_ut_ics: 1.989e-01, Loss_norm: 1.423e-01, Loss_gauge: 0.000e+00, w_pde: 3.33e-02, L^2_error: 9.994e-01, lr: 1.000e-03, Time: 2.84e-01
INFO:src.utils.logger:Model state saved to results\ho\Classical\20260315-084830_seed0_pinn_supermini\checkpoints\2026-03-15_08-48-51-258267_ho_Classical_seed0\model.pth
INFO:src.utils.logger:Model weights saved to results\ho\Classical\20260315-084830_seed0_pinn_supermini\checkpoints\2026-03-15_08-48-51-258267_ho_Classical_seed0\model_weights.pth
INFO:src.utils.logger:It: 20, Loss: 2.645e+01, Loss_res: 2.453e-01,  Loss_bcs: 6.852e-02, Loss_ut_ics: 8.657e-02, Loss_norm: 3.901e-01, Loss_gauge: 0.000e+00, w_pde: 6.67e-02, L^2_error: 7.448e-01, lr: 1.000e-03, Time: 5.10e-01
INFO:src.utils.logger:Model state saved to results\ho\Classical\20260315-084830_seed0_pinn_supermini\checkpoints\2026-03-15_08-48-51-258267_ho_Classical_seed0\model.pth
INFO:src.utils.logger:Model weights saved to results\ho\Classical\20260315-084830_seed0_pinn_supermini\checkpoints\2026-03-15_08-48-51-258267_ho_Classical_seed0\model_weights.pth
INFO:src.utils.logger:It: 30, Loss: 2.576e+01, Loss_res: 4.314e-01,  Loss_bcs: 1.225e-01, Loss_ut_ics: 8.503e-02, Loss_norm: 8.934e-02, Loss_gauge: 0.000e+00, w_pde: 1.00e-01, L^2_error: 6.931e-01, lr: 1.000e-03, Time: 7.41e-01
INFO:src.utils.logger:Model state saved to results\ho\Classical\20260315-084830_seed0_pinn_supermini\checkpoints\2026-03-15_08-48-51-258267_ho_Classical_seed0\model.pth
INFO:src.utils.logger:Model weights saved to results\ho\Classical\20260315-084830_seed0_pinn_supermini\checkpoints\2026-03-15_08-48-51-258267_ho_Classical_seed0\model_weights.pth
INFO:src.utils.logger:It: 40, Loss: 1.787e+01, Loss_res: 3.012e-01,  Loss_bcs: 9.123e-02, Loss_ut_ics: 5.888e-02, Loss_norm: 7.558e-02, Loss_gauge: 0.000e+00, w_pde: 1.33e-01, L^2_error: 5.885e-01, lr: 1.000e-03, Time: 9.76e-01
INFO:src.utils.logger:Model state saved to results\ho\Classical\20260315-084830_seed0_pinn_supermini\checkpoints\2026-03-15_08-48-51-258267_ho_Classical_seed0\model.pth
INFO:src.utils.logger:Model weights saved to results\ho\Classical\20260315-084830_seed0_pinn_supermini\checkpoints\2026-03-15_08-48-51-258267_ho_Classical_seed0\model_weights.pth
INFO:src.utils.logger:It: 50, Loss: 1.862e+01, Loss_res: 3.155e-01,  Loss_bcs: 1.058e-01, Loss_ut_ics: 6.137e-02, Loss_norm: 4.766e-02, Loss_gauge: 0.000e+00, w_pde: 1.67e-01, L^2_error: 6.025e-01, lr: 1.000e-03, Time: 1.21e+00
INFO:src.utils.logger:Model state saved to results\ho\Classical\20260315-084830_seed0_pinn_supermini\checkpoints\2026-03-15_08-48-51-258267_ho_Classical_seed0\model.pth
INFO:src.utils.logger:Model weights saved to results\ho\Classical\20260315-084830_seed0_pinn_supermini\checkpoints\2026-03-15_08-48-51-258267_ho_Classical_seed0\model_weights.pth
INFO:src.utils.logger:It: 60, Loss: 1.734e+01, Loss_res: 2.834e-01,  Loss_bcs: 9.017e-02, Loss_ut_ics: 5.707e-02, Loss_norm: 7.315e-02, Loss_gauge: 0.000e+00, w_pde: 2.00e-01, L^2_error: 5.810e-01, lr: 1.000e-03, Time: 1.46e+00
INFO:src.utils.logger:Model state saved to results\ho\Classical\20260315-084830_seed0_pinn_supermini\checkpoints\2026-03-15_08-48-51-258267_ho_Classical_seed0\model.pth
INFO:src.utils.logger:Model weights saved to results\ho\Classical\20260315-084830_seed0_pinn_supermini\checkpoints\2026-03-15_08-48-51-258267_ho_Classical_seed0\model_weights.pth
INFO:src.utils.logger:It: 70, Loss: 1.702e+01, Loss_res: 2.741e-01,  Loss_bcs: 8.139e-02, Loss_ut_ics: 5.592e-02, Loss_norm: 9.453e-02, Loss_gauge: 0.000e+00, w_pde: 2.33e-01, L^2_error: 5.759e-01, lr: 1.000e-03, Time: 1.69e+00
INFO:src.utils.logger:Model state saved to results\ho\Classical\20260315-084830_seed0_pinn_supermini\checkpoints\2026-03-15_08-48-51-258267_ho_Classical_seed0\model.pth
INFO:src.utils.logger:Model weights saved to results\ho\Classical\20260315-084830_seed0_pinn_supermini\checkpoints\2026-03-15_08-48-51-258267_ho_Classical_seed0\model_weights.pth
INFO:src.utils.logger:It: 80, Loss: 1.659e+01, Loss_res: 2.336e-01,  Loss_bcs: 7.856e-02, Loss_ut_ics: 5.450e-02, Loss_norm: 1.018e-01, Loss_gauge: 0.000e+00, w_pde: 2.67e-01, L^2_error: 5.690e-01, lr: 1.000e-03, Time: 1.91e+00
INFO:src.utils.logger:Model state saved to results\ho\Classical\20260315-084830_seed0_pinn_supermini\checkpoints\2026-03-15_08-48-51-258267_ho_Classical_seed0\model.pth
INFO:src.utils.logger:Model weights saved to results\ho\Classical\20260315-084830_seed0_pinn_supermini\checkpoints\2026-03-15_08-48-51-258267_ho_Classical_seed0\model_weights.pth
INFO:src.utils.logger:It: 90, Loss: 1.622e+01, Loss_res: 2.326e-01,  Loss_bcs: 7.837e-02, Loss_ut_ics: 5.326e-02, Loss_norm: 9.294e-02, Loss_gauge: 0.000e+00, w_pde: 3.00e-01, L^2_error: 5.650e-01, lr: 1.000e-03, Time: 2.15e+00
INFO:src.utils.logger:Model state saved to results\ho\Classical\20260315-084830_seed0_pinn_supermini\checkpoints\2026-03-15_08-48-51-258267_ho_Classical_seed0\model.pth
INFO:src.utils.logger:Model weights saved to results\ho\Classical\20260315-084830_seed0_pinn_supermini\checkpoints\2026-03-15_08-48-51-258267_ho_Classical_seed0\model_weights.pth
INFO:src.utils.logger:It: 100, Loss: 1.580e+01, Loss_res: 2.206e-01,  Loss_bcs: 7.738e-02, Loss_ut_ics: 5.189e-02, Loss_norm: 8.257e-02, Loss_gauge: 0.000e+00, w_pde: 3.33e-01, L^2_error: 5.604e-01, lr: 1.000e-03, Time: 2.38e+00
INFO:src.utils.logger:Model state saved to results\ho\Classical\20260315-084830_seed0_pinn_supermini\checkpoints\2026-03-15_08-48-51-258267_ho_Classical_seed0\model.pth
INFO:src.utils.logger:Model weights saved to results\ho\Classical\20260315-084830_seed0_pinn_supermini\checkpoints\2026-03-15_08-48-51-258267_ho_Classical_seed0\model_weights.pth
INFO:src.utils.logger:It: 110, Loss: 1.537e+01, Loss_res: 2.231e-01,  Loss_bcs: 7.478e-02, Loss_ut_ics: 5.044e-02, Loss_norm: 7.869e-02, Loss_gauge: 0.000e+00, w_pde: 3.67e-01, L^2_error: 5.539e-01, lr: 1.000e-03, Time: 2.61e+00
INFO:src.utils.logger:Model state saved to results\ho\Classical\20260315-084830_seed0_pinn_supermini\checkpoints\2026-03-15_08-48-51-258267_ho_Classical_seed0\model.pth
INFO:src.utils.logger:Model weights saved to results\ho\Classical\20260315-084830_seed0_pinn_supermini\checkpoints\2026-03-15_08-48-51-258267_ho_Classical_seed0\model_weights.pth
INFO:src.utils.logger:It: 120, Loss: 1.489e+01, Loss_res: 2.018e-01,  Loss_bcs: 7.197e-02, Loss_ut_ics: 4.885e-02, Loss_norm: 7.999e-02, Loss_gauge: 0.000e+00, w_pde: 4.00e-01, L^2_error: 5.457e-01, lr: 1.000e-03, Time: 2.84e+00
INFO:src.utils.logger:Model state saved to results\ho\Classical\20260315-084830_seed0_pinn_supermini\checkpoints\2026-03-15_08-48-51-258267_ho_Classical_seed0\model.pth
INFO:src.utils.logger:Model weights saved to results\ho\Classical\20260315-084830_seed0_pinn_supermini\checkpoints\2026-03-15_08-48-51-258267_ho_Classical_seed0\model_weights.pth
INFO:src.utils.logger:It: 130, Loss: 1.438e+01, Loss_res: 2.011e-01,  Loss_bcs: 6.850e-02, Loss_ut_ics: 4.715e-02, Loss_norm: 8.160e-02, Loss_gauge: 0.000e+00, w_pde: 4.33e-01, L^2_error: 5.366e-01, lr: 1.000e-03, Time: 3.09e+00
INFO:src.utils.logger:Model state saved to results\ho\Classical\20260315-084830_seed0_pinn_supermini\checkpoints\2026-03-15_08-48-51-258267_ho_Classical_seed0\model.pth
INFO:src.utils.logger:Model weights saved to results\ho\Classical\20260315-084830_seed0_pinn_supermini\checkpoints\2026-03-15_08-48-51-258267_ho_Classical_seed0\model_weights.pth
INFO:src.utils.logger:It: 140, Loss: 1.382e+01, Loss_res: 1.706e-01,  Loss_bcs: 6.413e-02, Loss_ut_ics: 4.531e-02, Loss_norm: 8.200e-02, Loss_gauge: 0.000e+00, w_pde: 4.67e-01, L^2_error: 5.264e-01, lr: 1.000e-03, Time: 3.32e+00
INFO:src.utils.logger:Model state saved to results\ho\Classical\20260315-084830_seed0_pinn_supermini\checkpoints\2026-03-15_08-48-51-258267_ho_Classical_seed0\model.pth
INFO:src.utils.logger:Model weights saved to results\ho\Classical\20260315-084830_seed0_pinn_supermini\checkpoints\2026-03-15_08-48-51-258267_ho_Classical_seed0\model_weights.pth
INFO:src.utils.logger:It: 150, Loss: 1.322e+01, Loss_res: 1.557e-01,  Loss_bcs: 6.066e-02, Loss_ut_ics: 4.335e-02, Loss_norm: 8.165e-02, Loss_gauge: 0.000e+00, w_pde: 5.00e-01, L^2_error: 5.150e-01, lr: 1.000e-03, Time: 3.55e+00
INFO:src.utils.logger:Model state saved to results\ho\Classical\20260315-084830_seed0_pinn_supermini\checkpoints\2026-03-15_08-48-51-258267_ho_Classical_seed0\model.pth
INFO:src.utils.logger:Model weights saved to results\ho\Classical\20260315-084830_seed0_pinn_supermini\checkpoints\2026-03-15_08-48-51-258267_ho_Classical_seed0\model_weights.pth
INFO:src.utils.logger:It: 160, Loss: 1.260e+01, Loss_res: 1.498e-01,  Loss_bcs: 5.706e-02, Loss_ut_ics: 4.126e-02, Loss_norm: 8.079e-02, Loss_gauge: 0.000e+00, w_pde: 5.33e-01, L^2_error: 5.024e-01, lr: 1.000e-03, Time: 3.77e+00
INFO:src.utils.logger:Model state saved to results\ho\Classical\20260315-084830_seed0_pinn_supermini\checkpoints\2026-03-15_08-48-51-258267_ho_Classical_seed0\model.pth
INFO:src.utils.logger:Model weights saved to results\ho\Classical\20260315-084830_seed0_pinn_supermini\checkpoints\2026-03-15_08-48-51-258267_ho_Classical_seed0\model_weights.pth
INFO:src.utils.logger:It: 170, Loss: 1.193e+01, Loss_res: 1.461e-01,  Loss_bcs: 5.278e-02, Loss_ut_ics: 3.905e-02, Loss_norm: 7.988e-02, Loss_gauge: 0.000e+00, w_pde: 5.67e-01, L^2_error: 4.884e-01, lr: 1.000e-03, Time: 4.00e+00
INFO:src.utils.logger:Model state saved to results\ho\Classical\20260315-084830_seed0_pinn_supermini\checkpoints\2026-03-15_08-48-51-258267_ho_Classical_seed0\model.pth
INFO:src.utils.logger:Model weights saved to results\ho\Classical\20260315-084830_seed0_pinn_supermini\checkpoints\2026-03-15_08-48-51-258267_ho_Classical_seed0\model_weights.pth
INFO:src.utils.logger:It: 180, Loss: 1.122e+01, Loss_res: 1.235e-01,  Loss_bcs: 4.919e-02, Loss_ut_ics: 3.674e-02, Loss_norm: 7.847e-02, Loss_gauge: 0.000e+00, w_pde: 6.00e-01, L^2_error: 4.731e-01, lr: 1.000e-03, Time: 4.24e+00
INFO:src.utils.logger:Model state saved to results\ho\Classical\20260315-084830_seed0_pinn_supermini\checkpoints\2026-03-15_08-48-51-258267_ho_Classical_seed0\model.pth
INFO:src.utils.logger:Model weights saved to results\ho\Classical\20260315-084830_seed0_pinn_supermini\checkpoints\2026-03-15_08-48-51-258267_ho_Classical_seed0\model_weights.pth
INFO:src.utils.logger:It: 190, Loss: 1.050e+01, Loss_res: 1.261e-01,  Loss_bcs: 4.484e-02, Loss_ut_ics: 3.434e-02, Loss_norm: 7.615e-02, Loss_gauge: 0.000e+00, w_pde: 6.33e-01, L^2_error: 4.563e-01, lr: 1.000e-03, Time: 4.48e+00
INFO:src.utils.logger:Model state saved to results\ho\Classical\20260315-084830_seed0_pinn_supermini\checkpoints\2026-03-15_08-48-51-258267_ho_Classical_seed0\model.pth
INFO:src.utils.logger:Model weights saved to results\ho\Classical\20260315-084830_seed0_pinn_supermini\checkpoints\2026-03-15_08-48-51-258267_ho_Classical_seed0\model_weights.pth
INFO:src.utils.logger:It: 200, Loss: 9.745e+00, Loss_res: 9.780e-02,  Loss_bcs: 4.104e-02, Loss_ut_ics: 3.188e-02, Loss_norm: 7.346e-02, Loss_gauge: 0.000e+00, w_pde: 6.67e-01, L^2_error: 4.383e-01, lr: 1.000e-03, Time: 4.72e+00
INFO:src.utils.logger:Model state saved to results\ho\Classical\20260315-084830_seed0_pinn_supermini\checkpoints\2026-03-15_08-48-51-258267_ho_Classical_seed0\model.pth
INFO:src.utils.logger:Model weights saved to results\ho\Classical\20260315-084830_seed0_pinn_supermini\checkpoints\2026-03-15_08-48-51-258267_ho_Classical_seed0\model_weights.pth
INFO:src.utils.logger:It: 210, Loss: 8.991e+00, Loss_res: 9.456e-02,  Loss_bcs: 3.697e-02, Loss_ut_ics: 2.939e-02, Loss_norm: 7.010e-02, Loss_gauge: 0.000e+00, w_pde: 7.00e-01, L^2_error: 4.194e-01, lr: 1.000e-03, Time: 4.95e+00
INFO:src.utils.logger:Model state saved to results\ho\Classical\20260315-084830_seed0_pinn_supermini\checkpoints\2026-03-15_08-48-51-258267_ho_Classical_seed0\model.pth
INFO:src.utils.logger:Model weights saved to results\ho\Classical\20260315-084830_seed0_pinn_supermini\checkpoints\2026-03-15_08-48-51-258267_ho_Classical_seed0\model_weights.pth
INFO:src.utils.logger:It: 220, Loss: 8.227e+00, Loss_res: 7.727e-02,  Loss_bcs: 3.301e-02, Loss_ut_ics: 2.690e-02, Loss_norm: 6.623e-02, Loss_gauge: 0.000e+00, w_pde: 7.33e-01, L^2_error: 4.000e-01, lr: 1.000e-03, Time: 5.19e+00
INFO:src.utils.logger:Model state saved to results\ho\Classical\20260315-084830_seed0_pinn_supermini\checkpoints\2026-03-15_08-48-51-258267_ho_Classical_seed0\model.pth
INFO:src.utils.logger:Model weights saved to results\ho\Classical\20260315-084830_seed0_pinn_supermini\checkpoints\2026-03-15_08-48-51-258267_ho_Classical_seed0\model_weights.pth
INFO:src.utils.logger:It: 230, Loss: 7.474e+00, Loss_res: 6.566e-02,  Loss_bcs: 2.958e-02, Loss_ut_ics: 2.444e-02, Loss_norm: 6.173e-02, Loss_gauge: 0.000e+00, w_pde: 7.67e-01, L^2_error: 3.800e-01, lr: 1.000e-03, Time: 5.44e+00
INFO:src.utils.logger:Model state saved to results\ho\Classical\20260315-084830_seed0_pinn_supermini\checkpoints\2026-03-15_08-48-51-258267_ho_Classical_seed0\model.pth
INFO:src.utils.logger:Model weights saved to results\ho\Classical\20260315-084830_seed0_pinn_supermini\checkpoints\2026-03-15_08-48-51-258267_ho_Classical_seed0\model_weights.pth
INFO:src.utils.logger:It: 240, Loss: 6.735e+00, Loss_res: 4.935e-02,  Loss_bcs: 2.610e-02, Loss_ut_ics: 2.204e-02, Loss_norm: 5.699e-02, Loss_gauge: 0.000e+00, w_pde: 8.00e-01, L^2_error: 3.598e-01, lr: 1.000e-03, Time: 5.67e+00
INFO:src.utils.logger:Model state saved to results\ho\Classical\20260315-084830_seed0_pinn_supermini\checkpoints\2026-03-15_08-48-51-258267_ho_Classical_seed0\model.pth
INFO:src.utils.logger:Model weights saved to results\ho\Classical\20260315-084830_seed0_pinn_supermini\checkpoints\2026-03-15_08-48-51-258267_ho_Classical_seed0\model_weights.pth
INFO:src.utils.logger:It: 250, Loss: 6.031e+00, Loss_res: 4.779e-02,  Loss_bcs: 2.249e-02, Loss_ut_ics: 1.972e-02, Loss_norm: 5.216e-02, Loss_gauge: 0.000e+00, w_pde: 8.33e-01, L^2_error: 3.395e-01, lr: 1.000e-03, Time: 5.91e+00
INFO:src.utils.logger:Model state saved to results\ho\Classical\20260315-084830_seed0_pinn_supermini\checkpoints\2026-03-15_08-48-51-258267_ho_Classical_seed0\model.pth
INFO:src.utils.logger:Model weights saved to results\ho\Classical\20260315-084830_seed0_pinn_supermini\checkpoints\2026-03-15_08-48-51-258267_ho_Classical_seed0\model_weights.pth
INFO:src.utils.logger:It: 260, Loss: 5.351e+00, Loss_res: 3.630e-02,  Loss_bcs: 1.941e-02, Loss_ut_ics: 1.751e-02, Loss_norm: 4.743e-02, Loss_gauge: 0.000e+00, w_pde: 8.67e-01, L^2_error: 3.195e-01, lr: 1.000e-03, Time: 6.14e+00
INFO:src.utils.logger:Model state saved to results\ho\Classical\20260315-084830_seed0_pinn_supermini\checkpoints\2026-03-15_08-48-51-258267_ho_Classical_seed0\model.pth
INFO:src.utils.logger:Model weights saved to results\ho\Classical\20260315-084830_seed0_pinn_supermini\checkpoints\2026-03-15_08-48-51-258267_ho_Classical_seed0\model_weights.pth
INFO:src.utils.logger:It: 270, Loss: 4.712e+00, Loss_res: 3.009e-02,  Loss_bcs: 1.648e-02, Loss_ut_ics: 1.542e-02, Loss_norm: 4.218e-02, Loss_gauge: 0.000e+00, w_pde: 9.00e-01, L^2_error: 2.996e-01, lr: 1.000e-03, Time: 6.37e+00
INFO:src.utils.logger:Model state saved to results\ho\Classical\20260315-084830_seed0_pinn_supermini\checkpoints\2026-03-15_08-48-51-258267_ho_Classical_seed0\model.pth
INFO:src.utils.logger:Model weights saved to results\ho\Classical\20260315-084830_seed0_pinn_supermini\checkpoints\2026-03-15_08-48-51-258267_ho_Classical_seed0\model_weights.pth
INFO:src.utils.logger:It: 280, Loss: 4.114e+00, Loss_res: 2.459e-02,  Loss_bcs: 1.392e-02, Loss_ut_ics: 1.347e-02, Loss_norm: 3.711e-02, Loss_gauge: 0.000e+00, w_pde: 9.33e-01, L^2_error: 2.801e-01, lr: 1.000e-03, Time: 6.58e+00
INFO:src.utils.logger:Model state saved to results\ho\Classical\20260315-084830_seed0_pinn_supermini\checkpoints\2026-03-15_08-48-51-258267_ho_Classical_seed0\model.pth
INFO:src.utils.logger:Model weights saved to results\ho\Classical\20260315-084830_seed0_pinn_supermini\checkpoints\2026-03-15_08-48-51-258267_ho_Classical_seed0\model_weights.pth
INFO:src.utils.logger:It: 290, Loss: 3.558e+00, Loss_res: 1.766e-02,  Loss_bcs: 1.146e-02, Loss_ut_ics: 1.166e-02, Loss_norm: 3.226e-02, Loss_gauge: 0.000e+00, w_pde: 9.67e-01, L^2_error: 2.611e-01, lr: 1.000e-03, Time: 6.81e+00
INFO:src.utils.logger:Model state saved to results\ho\Classical\20260315-084830_seed0_pinn_supermini\checkpoints\2026-03-15_08-48-51-258267_ho_Classical_seed0\model.pth
INFO:src.utils.logger:Model weights saved to results\ho\Classical\20260315-084830_seed0_pinn_supermini\checkpoints\2026-03-15_08-48-51-258267_ho_Classical_seed0\model_weights.pth
INFO:src.utils.logger:It: 300, Loss: 3.052e+00, Loss_res: 1.580e-02,  Loss_bcs: 9.459e-03, Loss_ut_ics: 9.999e-03, Loss_norm: 2.745e-02, Loss_gauge: 0.000e+00, w_pde: 1.00e+00, L^2_error: 2.427e-01, lr: 1.000e-03, Time: 7.03e+00
INFO:src.utils.logger:Model state saved to results\ho\Classical\20260315-084830_seed0_pinn_supermini\checkpoints\2026-03-15_08-48-51-258267_ho_Classical_seed0\model.pth
INFO:src.utils.logger:Model weights saved to results\ho\Classical\20260315-084830_seed0_pinn_supermini\checkpoints\2026-03-15_08-48-51-258267_ho_Classical_seed0\model_weights.pth
INFO:src.utils.logger:It: 310, Loss: 2.592e+00, Loss_res: 1.195e-02,  Loss_bcs: 7.592e-03, Loss_ut_ics: 8.499e-03, Loss_norm: 2.308e-02, Loss_gauge: 0.000e+00, w_pde: 1.00e+00, L^2_error: 2.249e-01, lr: 1.000e-03, Time: 7.25e+00
INFO:src.utils.logger:Model state saved to results\ho\Classical\20260315-084830_seed0_pinn_supermini\checkpoints\2026-03-15_08-48-51-258267_ho_Classical_seed0\model.pth
INFO:src.utils.logger:Model weights saved to results\ho\Classical\20260315-084830_seed0_pinn_supermini\checkpoints\2026-03-15_08-48-51-258267_ho_Classical_seed0\model_weights.pth
INFO:src.utils.logger:It: 320, Loss: 2.183e+00, Loss_res: 1.059e-02,  Loss_bcs: 6.097e-03, Loss_ut_ics: 7.158e-03, Loss_norm: 1.893e-02, Loss_gauge: 0.000e+00, w_pde: 1.00e+00, L^2_error: 2.079e-01, lr: 1.000e-03, Time: 7.48e+00
INFO:src.utils.logger:Model state saved to results\ho\Classical\20260315-084830_seed0_pinn_supermini\checkpoints\2026-03-15_08-48-51-258267_ho_Classical_seed0\model.pth
INFO:src.utils.logger:Model weights saved to results\ho\Classical\20260315-084830_seed0_pinn_supermini\checkpoints\2026-03-15_08-48-51-258267_ho_Classical_seed0\model_weights.pth
INFO:src.utils.logger:It: 330, Loss: 1.823e+00, Loss_res: 9.729e-03,  Loss_bcs: 4.819e-03, Loss_ut_ics: 5.977e-03, Loss_norm: 1.531e-02, Loss_gauge: 0.000e+00, w_pde: 1.00e+00, L^2_error: 1.918e-01, lr: 1.000e-03, Time: 7.69e+00
INFO:src.utils.logger:Model state saved to results\ho\Classical\20260315-084830_seed0_pinn_supermini\checkpoints\2026-03-15_08-48-51-258267_ho_Classical_seed0\model.pth
INFO:src.utils.logger:Model weights saved to results\ho\Classical\20260315-084830_seed0_pinn_supermini\checkpoints\2026-03-15_08-48-51-258267_ho_Classical_seed0\model_weights.pth
INFO:src.utils.logger:It: 340, Loss: 1.511e+00, Loss_res: 9.368e-03,  Loss_bcs: 3.900e-03, Loss_ut_ics: 4.951e-03, Loss_norm: 1.224e-02, Loss_gauge: 0.000e+00, w_pde: 1.00e+00, L^2_error: 1.768e-01, lr: 1.000e-03, Time: 7.91e+00
INFO:src.utils.logger:Model state saved to results\ho\Classical\20260315-084830_seed0_pinn_supermini\checkpoints\2026-03-15_08-48-51-258267_ho_Classical_seed0\model.pth
INFO:src.utils.logger:Model weights saved to results\ho\Classical\20260315-084830_seed0_pinn_supermini\checkpoints\2026-03-15_08-48-51-258267_ho_Classical_seed0\model_weights.pth
INFO:src.utils.logger:It: 350, Loss: 1.245e+00, Loss_res: 9.824e-03,  Loss_bcs: 3.184e-03, Loss_ut_ics: 4.076e-03, Loss_norm: 9.556e-03, Loss_gauge: 0.000e+00, w_pde: 1.00e+00, L^2_error: 1.628e-01, lr: 1.000e-03, Time: 8.14e+00
INFO:src.utils.logger:Model state saved to results\ho\Classical\20260315-084830_seed0_pinn_supermini\checkpoints\2026-03-15_08-48-51-258267_ho_Classical_seed0\model.pth
INFO:src.utils.logger:Model weights saved to results\ho\Classical\20260315-084830_seed0_pinn_supermini\checkpoints\2026-03-15_08-48-51-258267_ho_Classical_seed0\model_weights.pth
INFO:src.utils.logger:It: 360, Loss: 1.022e+00, Loss_res: 9.962e-03,  Loss_bcs: 2.664e-03, Loss_ut_ics: 3.341e-03, Loss_norm: 7.335e-03, Loss_gauge: 0.000e+00, w_pde: 1.00e+00, L^2_error: 1.501e-01, lr: 1.000e-03, Time: 8.36e+00
INFO:src.utils.logger:Model state saved to results\ho\Classical\20260315-084830_seed0_pinn_supermini\checkpoints\2026-03-15_08-48-51-258267_ho_Classical_seed0\model.pth
INFO:src.utils.logger:Model weights saved to results\ho\Classical\20260315-084830_seed0_pinn_supermini\checkpoints\2026-03-15_08-48-51-258267_ho_Classical_seed0\model_weights.pth
INFO:src.utils.logger:It: 370, Loss: 8.394e-01, Loss_res: 1.081e-02,  Loss_bcs: 2.253e-03, Loss_ut_ics: 2.736e-03, Loss_norm: 5.477e-03, Loss_gauge: 0.000e+00, w_pde: 1.00e+00, L^2_error: 1.387e-01, lr: 1.000e-03, Time: 8.59e+00
INFO:src.utils.logger:Model state saved to results\ho\Classical\20260315-084830_seed0_pinn_supermini\checkpoints\2026-03-15_08-48-51-258267_ho_Classical_seed0\model.pth
INFO:src.utils.logger:Model weights saved to results\ho\Classical\20260315-084830_seed0_pinn_supermini\checkpoints\2026-03-15_08-48-51-258267_ho_Classical_seed0\model_weights.pth
INFO:src.utils.logger:It: 380, Loss: 6.911e-01, Loss_res: 1.131e-02,  Loss_bcs: 2.072e-03, Loss_ut_ics: 2.246e-03, Loss_norm: 3.993e-03, Loss_gauge: 0.000e+00, w_pde: 1.00e+00, L^2_error: 1.287e-01, lr: 1.000e-03, Time: 8.82e+00
INFO:src.utils.logger:Model state saved to results\ho\Classical\20260315-084830_seed0_pinn_supermini\checkpoints\2026-03-15_08-48-51-258267_ho_Classical_seed0\model.pth
INFO:src.utils.logger:Model weights saved to results\ho\Classical\20260315-084830_seed0_pinn_supermini\checkpoints\2026-03-15_08-48-51-258267_ho_Classical_seed0\model_weights.pth
INFO:src.utils.logger:It: 390, Loss: 5.730e-01, Loss_res: 1.137e-02,  Loss_bcs: 1.928e-03, Loss_ut_ics: 1.856e-03, Loss_norm: 2.884e-03, Loss_gauge: 0.000e+00, w_pde: 1.00e+00, L^2_error: 1.201e-01, lr: 1.000e-03, Time: 9.03e+00
INFO:src.utils.logger:Model state saved to results\ho\Classical\20260315-084830_seed0_pinn_supermini\checkpoints\2026-03-15_08-48-51-258267_ho_Classical_seed0\model.pth
INFO:src.utils.logger:Model weights saved to results\ho\Classical\20260315-084830_seed0_pinn_supermini\checkpoints\2026-03-15_08-48-51-258267_ho_Classical_seed0\model_weights.pth
INFO:src.utils.logger:It: 400, Loss: 4.832e-01, Loss_res: 1.390e-02,  Loss_bcs: 1.949e-03, Loss_ut_ics: 1.551e-03, Loss_norm: 2.047e-03, Loss_gauge: 0.000e+00, w_pde: 1.00e+00, L^2_error: 1.129e-01, lr: 1.000e-03, Time: 9.25e+00
INFO:src.utils.logger:Model state saved to results\ho\Classical\20260315-084830_seed0_pinn_supermini\checkpoints\2026-03-15_08-48-51-258267_ho_Classical_seed0\model.pth
INFO:src.utils.logger:Model weights saved to results\ho\Classical\20260315-084830_seed0_pinn_supermini\checkpoints\2026-03-15_08-48-51-258267_ho_Classical_seed0\model_weights.pth
INFO:src.utils.logger:It: 410, Loss: 4.129e-01, Loss_res: 1.465e-02,  Loss_bcs: 1.962e-03, Loss_ut_ics: 1.316e-03, Loss_norm: 1.416e-03, Loss_gauge: 0.000e+00, w_pde: 1.00e+00, L^2_error: 1.068e-01, lr: 1.000e-03, Time: 9.48e+00
INFO:src.utils.logger:Model state saved to results\ho\Classical\20260315-084830_seed0_pinn_supermini\checkpoints\2026-03-15_08-48-51-258267_ho_Classical_seed0\model.pth
INFO:src.utils.logger:Model weights saved to results\ho\Classical\20260315-084830_seed0_pinn_supermini\checkpoints\2026-03-15_08-48-51-258267_ho_Classical_seed0\model_weights.pth
INFO:src.utils.logger:It: 420, Loss: 3.611e-01, Loss_res: 1.678e-02,  Loss_bcs: 2.060e-03, Loss_ut_ics: 1.138e-03, Loss_norm: 9.842e-04, Loss_gauge: 0.000e+00, w_pde: 1.00e+00, L^2_error: 1.018e-01, lr: 1.000e-03, Time: 9.77e+00
INFO:src.utils.logger:Model state saved to results\ho\Classical\20260315-084830_seed0_pinn_supermini\checkpoints\2026-03-15_08-48-51-258267_ho_Classical_seed0\model.pth
INFO:src.utils.logger:Model weights saved to results\ho\Classical\20260315-084830_seed0_pinn_supermini\checkpoints\2026-03-15_08-48-51-258267_ho_Classical_seed0\model_weights.pth
INFO:src.utils.logger:It: 430, Loss: 3.196e-01, Loss_res: 1.571e-02,  Loss_bcs: 2.157e-03, Loss_ut_ics: 1.003e-03, Loss_norm: 6.734e-04, Loss_gauge: 0.000e+00, w_pde: 1.00e+00, L^2_error: 9.765e-02, lr: 1.000e-03, Time: 1.00e+01
INFO:src.utils.logger:Model state saved to results\ho\Classical\20260315-084830_seed0_pinn_supermini\checkpoints\2026-03-15_08-48-51-258267_ho_Classical_seed0\model.pth
INFO:src.utils.logger:Model weights saved to results\ho\Classical\20260315-084830_seed0_pinn_supermini\checkpoints\2026-03-15_08-48-51-258267_ho_Classical_seed0\model_weights.pth
INFO:src.utils.logger:It: 440, Loss: 2.912e-01, Loss_res: 1.773e-02,  Loss_bcs: 2.127e-03, Loss_ut_ics: 9.030e-04, Loss_norm: 4.798e-04, Loss_gauge: 0.000e+00, w_pde: 1.00e+00, L^2_error: 9.427e-02, lr: 1.000e-03, Time: 1.03e+01
INFO:src.utils.logger:Model state saved to results\ho\Classical\20260315-084830_seed0_pinn_supermini\checkpoints\2026-03-15_08-48-51-258267_ho_Classical_seed0\model.pth
INFO:src.utils.logger:Model weights saved to results\ho\Classical\20260315-084830_seed0_pinn_supermini\checkpoints\2026-03-15_08-48-51-258267_ho_Classical_seed0\model_weights.pth
INFO:src.utils.logger:It: 450, Loss: 2.685e-01, Loss_res: 1.746e-02,  Loss_bcs: 2.249e-03, Loss_ut_ics: 8.283e-04, Loss_norm: 3.410e-04, Loss_gauge: 0.000e+00, w_pde: 1.00e+00, L^2_error: 9.146e-02, lr: 1.000e-03, Time: 1.05e+01
INFO:src.utils.logger:Model state saved to results\ho\Classical\20260315-084830_seed0_pinn_supermini\checkpoints\2026-03-15_08-48-51-258267_ho_Classical_seed0\model.pth
INFO:src.utils.logger:Model weights saved to results\ho\Classical\20260315-084830_seed0_pinn_supermini\checkpoints\2026-03-15_08-48-51-258267_ho_Classical_seed0\model_weights.pth
INFO:src.utils.logger:It: 460, Loss: 2.493e-01, Loss_res: 1.500e-02,  Loss_bcs: 2.394e-03, Loss_ut_ics: 7.722e-04, Loss_norm: 2.603e-04, Loss_gauge: 0.000e+00, w_pde: 1.00e+00, L^2_error: 8.909e-02, lr: 1.000e-03, Time: 1.07e+01
INFO:src.utils.logger:Model state saved to results\ho\Classical\20260315-084830_seed0_pinn_supermini\checkpoints\2026-03-15_08-48-51-258267_ho_Classical_seed0\model.pth
INFO:src.utils.logger:Model weights saved to results\ho\Classical\20260315-084830_seed0_pinn_supermini\checkpoints\2026-03-15_08-48-51-258267_ho_Classical_seed0\model_weights.pth
INFO:src.utils.logger:It: 470, Loss: 2.359e-01, Loss_res: 1.436e-02,  Loss_bcs: 2.372e-03, Loss_ut_ics: 7.298e-04, Loss_norm: 2.030e-04, Loss_gauge: 0.000e+00, w_pde: 1.00e+00, L^2_error: 8.705e-02, lr: 1.000e-03, Time: 1.10e+01
INFO:src.utils.logger:Model state saved to results\ho\Classical\20260315-084830_seed0_pinn_supermini\checkpoints\2026-03-15_08-48-51-258267_ho_Classical_seed0\model.pth
INFO:src.utils.logger:Model weights saved to results\ho\Classical\20260315-084830_seed0_pinn_supermini\checkpoints\2026-03-15_08-48-51-258267_ho_Classical_seed0\model_weights.pth
INFO:src.utils.logger:It: 480, Loss: 2.289e-01, Loss_res: 1.724e-02,  Loss_bcs: 2.367e-03, Loss_ut_ics: 6.973e-04, Loss_norm: 1.623e-04, Loss_gauge: 0.000e+00, w_pde: 1.00e+00, L^2_error: 8.523e-02, lr: 1.000e-03, Time: 1.12e+01
INFO:src.utils.logger:Model state saved to results\ho\Classical\20260315-084830_seed0_pinn_supermini\checkpoints\2026-03-15_08-48-51-258267_ho_Classical_seed0\model.pth
INFO:src.utils.logger:Model weights saved to results\ho\Classical\20260315-084830_seed0_pinn_supermini\checkpoints\2026-03-15_08-48-51-258267_ho_Classical_seed0\model_weights.pth
INFO:src.utils.logger:It: 490, Loss: 2.190e-01, Loss_res: 1.484e-02,  Loss_bcs: 2.427e-03, Loss_ut_ics: 6.719e-04, Loss_norm: 1.440e-04, Loss_gauge: 0.000e+00, w_pde: 1.00e+00, L^2_error: 8.357e-02, lr: 1.000e-03, Time: 1.14e+01
INFO:src.utils.logger:Model state saved to results\ho\Classical\20260315-084830_seed0_pinn_supermini\checkpoints\2026-03-15_08-48-51-258267_ho_Classical_seed0\model.pth
INFO:src.utils.logger:Model weights saved to results\ho\Classical\20260315-084830_seed0_pinn_supermini\checkpoints\2026-03-15_08-48-51-258267_ho_Classical_seed0\model_weights.pth
INFO:src.utils.logger:It: 500, Loss: 2.109e-01, Loss_res: 1.314e-02,  Loss_bcs: 2.384e-03, Loss_ut_ics: 6.509e-04, Loss_norm: 1.262e-04, Loss_gauge: 0.000e+00, w_pde: 1.00e+00, L^2_error: 8.207e-02, lr: 1.000e-03, Time: 1.16e+01
INFO:src.utils.logger:Model state saved to results\ho\Classical\20260315-084830_seed0_pinn_supermini\checkpoints\2026-03-15_08-48-51-258267_ho_Classical_seed0\model.pth
INFO:src.utils.logger:Model weights saved to results\ho\Classical\20260315-084830_seed0_pinn_supermini\checkpoints\2026-03-15_08-48-51-258267_ho_Classical_seed0\model_weights.pth
INFO:src.utils.logger:It: 510, Loss: 2.079e-01, Loss_res: 1.526e-02,  Loss_bcs: 2.386e-03, Loss_ut_ics: 6.339e-04, Loss_norm: 1.087e-04, Loss_gauge: 0.000e+00, w_pde: 1.00e+00, L^2_error: 8.072e-02, lr: 1.000e-03, Time: 1.18e+01
INFO:src.utils.logger:Model state saved to results\ho\Classical\20260315-084830_seed0_pinn_supermini\checkpoints\2026-03-15_08-48-51-258267_ho_Classical_seed0\model.pth
INFO:src.utils.logger:Model weights saved to results\ho\Classical\20260315-084830_seed0_pinn_supermini\checkpoints\2026-03-15_08-48-51-258267_ho_Classical_seed0\model_weights.pth
INFO:src.utils.logger:It: 520, Loss: 2.043e-01, Loss_res: 1.607e-02,  Loss_bcs: 2.362e-03, Loss_ut_ics: 6.191e-04, Loss_norm: 1.012e-04, Loss_gauge: 0.000e+00, w_pde: 1.00e+00, L^2_error: 7.938e-02, lr: 1.000e-03, Time: 1.20e+01
INFO:src.utils.logger:Model state saved to results\ho\Classical\20260315-084830_seed0_pinn_supermini\checkpoints\2026-03-15_08-48-51-258267_ho_Classical_seed0\model.pth
INFO:src.utils.logger:Model weights saved to results\ho\Classical\20260315-084830_seed0_pinn_supermini\checkpoints\2026-03-15_08-48-51-258267_ho_Classical_seed0\model_weights.pth
INFO:src.utils.logger:It: 530, Loss: 1.996e-01, Loss_res: 1.539e-02,  Loss_bcs: 2.299e-03, Loss_ut_ics: 6.061e-04, Loss_norm: 9.461e-05, Loss_gauge: 0.000e+00, w_pde: 1.00e+00, L^2_error: 7.812e-02, lr: 1.000e-03, Time: 1.22e+01
INFO:src.utils.logger:Model state saved to results\ho\Classical\20260315-084830_seed0_pinn_supermini\checkpoints\2026-03-15_08-48-51-258267_ho_Classical_seed0\model.pth
INFO:src.utils.logger:Model weights saved to results\ho\Classical\20260315-084830_seed0_pinn_supermini\checkpoints\2026-03-15_08-48-51-258267_ho_Classical_seed0\model_weights.pth
INFO:src.utils.logger:It: 540, Loss: 1.952e-01, Loss_res: 1.459e-02,  Loss_bcs: 2.235e-03, Loss_ut_ics: 5.944e-04, Loss_norm: 9.146e-05, Loss_gauge: 0.000e+00, w_pde: 1.00e+00, L^2_error: 7.694e-02, lr: 1.000e-03, Time: 1.24e+01
INFO:src.utils.logger:Model state saved to results\ho\Classical\20260315-084830_seed0_pinn_supermini\checkpoints\2026-03-15_08-48-51-258267_ho_Classical_seed0\model.pth
INFO:src.utils.logger:Model weights saved to results\ho\Classical\20260315-084830_seed0_pinn_supermini\checkpoints\2026-03-15_08-48-51-258267_ho_Classical_seed0\model_weights.pth
INFO:src.utils.logger:It: 550, Loss: 1.930e-01, Loss_res: 1.572e-02,  Loss_bcs: 2.204e-03, Loss_ut_ics: 5.835e-04, Loss_norm: 7.668e-05, Loss_gauge: 0.000e+00, w_pde: 1.00e+00, L^2_error: 7.576e-02, lr: 1.000e-03, Time: 1.26e+01
INFO:src.utils.logger:Model state saved to results\ho\Classical\20260315-084830_seed0_pinn_supermini\checkpoints\2026-03-15_08-48-51-258267_ho_Classical_seed0\model.pth
INFO:src.utils.logger:Model weights saved to results\ho\Classical\20260315-084830_seed0_pinn_supermini\checkpoints\2026-03-15_08-48-51-258267_ho_Classical_seed0\model_weights.pth
INFO:src.utils.logger:It: 560, Loss: 1.888e-01, Loss_res: 1.463e-02,  Loss_bcs: 2.143e-03, Loss_ut_ics: 5.732e-04, Loss_norm: 6.169e-05, Loss_gauge: 0.000e+00, w_pde: 1.00e+00, L^2_error: 7.464e-02, lr: 1.000e-03, Time: 1.29e+01
INFO:src.utils.logger:Model state saved to results\ho\Classical\20260315-084830_seed0_pinn_supermini\checkpoints\2026-03-15_08-48-51-258267_ho_Classical_seed0\model.pth
INFO:src.utils.logger:Model weights saved to results\ho\Classical\20260315-084830_seed0_pinn_supermini\checkpoints\2026-03-15_08-48-51-258267_ho_Classical_seed0\model_weights.pth
INFO:src.utils.logger:It: 570, Loss: 1.861e-01, Loss_res: 1.489e-02,  Loss_bcs: 2.069e-03, Loss_ut_ics: 5.635e-04, Loss_norm: 5.539e-05, Loss_gauge: 0.000e+00, w_pde: 1.00e+00, L^2_error: 7.361e-02, lr: 1.000e-03, Time: 1.31e+01
INFO:src.utils.logger:Model state saved to results\ho\Classical\20260315-084830_seed0_pinn_supermini\checkpoints\2026-03-15_08-48-51-258267_ho_Classical_seed0\model.pth
INFO:src.utils.logger:Model weights saved to results\ho\Classical\20260315-084830_seed0_pinn_supermini\checkpoints\2026-03-15_08-48-51-258267_ho_Classical_seed0\model_weights.pth
INFO:src.utils.logger:It: 580, Loss: 1.805e-01, Loss_res: 1.215e-02,  Loss_bcs: 2.035e-03, Loss_ut_ics: 5.541e-04, Loss_norm: 5.414e-05, Loss_gauge: 0.000e+00, w_pde: 1.00e+00, L^2_error: 7.262e-02, lr: 1.000e-03, Time: 1.33e+01
INFO:src.utils.logger:Model state saved to results\ho\Classical\20260315-084830_seed0_pinn_supermini\checkpoints\2026-03-15_08-48-51-258267_ho_Classical_seed0\model.pth
INFO:src.utils.logger:Model weights saved to results\ho\Classical\20260315-084830_seed0_pinn_supermini\checkpoints\2026-03-15_08-48-51-258267_ho_Classical_seed0\model_weights.pth
INFO:src.utils.logger:It: 590, Loss: 1.790e-01, Loss_res: 1.347e-02,  Loss_bcs: 1.973e-03, Loss_ut_ics: 5.451e-04, Loss_norm: 4.815e-05, Loss_gauge: 0.000e+00, w_pde: 1.00e+00, L^2_error: 7.166e-02, lr: 1.000e-03, Time: 1.35e+01
INFO:src.utils.logger:Model state saved to results\ho\Classical\20260315-084830_seed0_pinn_supermini\checkpoints\2026-03-15_08-48-51-258267_ho_Classical_seed0\model.pth
INFO:src.utils.logger:Model weights saved to results\ho\Classical\20260315-084830_seed0_pinn_supermini\checkpoints\2026-03-15_08-48-51-258267_ho_Classical_seed0\model_weights.pth
INFO:src.utils.logger:It: 600, Loss: 1.759e-01, Loss_res: 1.306e-02,  Loss_bcs: 1.918e-03, Loss_ut_ics: 5.363e-04, Loss_norm: 3.330e-05, Loss_gauge: 0.000e+00, w_pde: 1.00e+00, L^2_error: 7.070e-02, lr: 1.000e-03, Time: 1.37e+01
INFO:src.utils.logger:Model state saved to results\ho\Classical\20260315-084830_seed0_pinn_supermini\checkpoints\2026-03-15_08-48-51-258267_ho_Classical_seed0\model.pth
INFO:src.utils.logger:Model weights saved to results\ho\Classical\20260315-084830_seed0_pinn_supermini\checkpoints\2026-03-15_08-48-51-258267_ho_Classical_seed0\model_weights.pth
INFO:src.utils.logger:It: 610, Loss: 1.724e-01, Loss_res: 1.222e-02,  Loss_bcs: 1.846e-03, Loss_ut_ics: 5.278e-04, Loss_norm: 3.220e-05, Loss_gauge: 0.000e+00, w_pde: 1.00e+00, L^2_error: 6.981e-02, lr: 1.000e-03, Time: 1.40e+01
INFO:src.utils.logger:Model state saved to results\ho\Classical\20260315-084830_seed0_pinn_supermini\checkpoints\2026-03-15_08-48-51-258267_ho_Classical_seed0\model.pth
INFO:src.utils.logger:Model weights saved to results\ho\Classical\20260315-084830_seed0_pinn_supermini\checkpoints\2026-03-15_08-48-51-258267_ho_Classical_seed0\model_weights.pth
INFO:src.utils.logger:It: 620, Loss: 1.684e-01, Loss_res: 1.069e-02,  Loss_bcs: 1.785e-03, Loss_ut_ics: 5.195e-04, Loss_norm: 3.570e-05, Loss_gauge: 0.000e+00, w_pde: 1.00e+00, L^2_error: 6.893e-02, lr: 1.000e-03, Time: 1.42e+01
INFO:src.utils.logger:Model state saved to results\ho\Classical\20260315-084830_seed0_pinn_supermini\checkpoints\2026-03-15_08-48-51-258267_ho_Classical_seed0\model.pth
INFO:src.utils.logger:Model weights saved to results\ho\Classical\20260315-084830_seed0_pinn_supermini\checkpoints\2026-03-15_08-48-51-258267_ho_Classical_seed0\model_weights.pth
INFO:src.utils.logger:It: 630, Loss: 1.664e-01, Loss_res: 1.125e-02,  Loss_bcs: 1.739e-03, Loss_ut_ics: 5.113e-04, Loss_norm: 2.696e-05, Loss_gauge: 0.000e+00, w_pde: 1.00e+00, L^2_error: 6.806e-02, lr: 1.000e-03, Time: 1.45e+01
INFO:src.utils.logger:Model state saved to results\ho\Classical\20260315-084830_seed0_pinn_supermini\checkpoints\2026-03-15_08-48-51-258267_ho_Classical_seed0\model.pth
INFO:src.utils.logger:Model weights saved to results\ho\Classical\20260315-084830_seed0_pinn_supermini\checkpoints\2026-03-15_08-48-51-258267_ho_Classical_seed0\model_weights.pth
INFO:src.utils.logger:It: 640, Loss: 1.641e-01, Loss_res: 1.143e-02,  Loss_bcs: 1.692e-03, Loss_ut_ics: 5.033e-04, Loss_norm: 2.241e-05, Loss_gauge: 0.000e+00, w_pde: 1.00e+00, L^2_error: 6.722e-02, lr: 1.000e-03, Time: 1.48e+01
INFO:src.utils.logger:Model state saved to results\ho\Classical\20260315-084830_seed0_pinn_supermini\checkpoints\2026-03-15_08-48-51-258267_ho_Classical_seed0\model.pth
INFO:src.utils.logger:Model weights saved to results\ho\Classical\20260315-084830_seed0_pinn_supermini\checkpoints\2026-03-15_08-48-51-258267_ho_Classical_seed0\model_weights.pth
INFO:src.utils.logger:It: 650, Loss: 1.609e-01, Loss_res: 1.067e-02,  Loss_bcs: 1.635e-03, Loss_ut_ics: 4.954e-04, Loss_norm: 1.878e-05, Loss_gauge: 0.000e+00, w_pde: 1.00e+00, L^2_error: 6.641e-02, lr: 1.000e-03, Time: 1.50e+01
INFO:src.utils.logger:Model state saved to results\ho\Classical\20260315-084830_seed0_pinn_supermini\checkpoints\2026-03-15_08-48-51-258267_ho_Classical_seed0\model.pth
INFO:src.utils.logger:Model weights saved to results\ho\Classical\20260315-084830_seed0_pinn_supermini\checkpoints\2026-03-15_08-48-51-258267_ho_Classical_seed0\model_weights.pth
INFO:src.utils.logger:It: 660, Loss: 1.578e-01, Loss_res: 9.902e-03,  Loss_bcs: 1.589e-03, Loss_ut_ics: 4.877e-04, Loss_norm: 1.542e-05, Loss_gauge: 0.000e+00, w_pde: 1.00e+00, L^2_error: 6.558e-02, lr: 1.000e-03, Time: 1.52e+01
INFO:src.utils.logger:Model state saved to results\ho\Classical\20260315-084830_seed0_pinn_supermini\checkpoints\2026-03-15_08-48-51-258267_ho_Classical_seed0\model.pth
INFO:src.utils.logger:Model weights saved to results\ho\Classical\20260315-084830_seed0_pinn_supermini\checkpoints\2026-03-15_08-48-51-258267_ho_Classical_seed0\model_weights.pth
INFO:src.utils.logger:It: 670, Loss: 1.567e-01, Loss_res: 1.109e-02,  Loss_bcs: 1.551e-03, Loss_ut_ics: 4.801e-04, Loss_norm: 1.460e-05, Loss_gauge: 0.000e+00, w_pde: 1.00e+00, L^2_error: 6.487e-02, lr: 1.000e-03, Time: 1.55e+01
INFO:src.utils.logger:Model state saved to results\ho\Classical\20260315-084830_seed0_pinn_supermini\checkpoints\2026-03-15_08-48-51-258267_ho_Classical_seed0\model.pth
INFO:src.utils.logger:Model weights saved to results\ho\Classical\20260315-084830_seed0_pinn_supermini\checkpoints\2026-03-15_08-48-51-258267_ho_Classical_seed0\model_weights.pth
INFO:src.utils.logger:It: 680, Loss: 1.533e-01, Loss_res: 1.001e-02,  Loss_bcs: 1.512e-03, Loss_ut_ics: 4.726e-04, Loss_norm: 1.307e-05, Loss_gauge: 0.000e+00, w_pde: 1.00e+00, L^2_error: 6.412e-02, lr: 1.000e-03, Time: 1.57e+01
INFO:src.utils.logger:Model state saved to results\ho\Classical\20260315-084830_seed0_pinn_supermini\checkpoints\2026-03-15_08-48-51-258267_ho_Classical_seed0\model.pth
INFO:src.utils.logger:Model weights saved to results\ho\Classical\20260315-084830_seed0_pinn_supermini\checkpoints\2026-03-15_08-48-51-258267_ho_Classical_seed0\model_weights.pth
INFO:src.utils.logger:It: 690, Loss: 1.511e-01, Loss_res: 1.009e-02,  Loss_bcs: 1.467e-03, Loss_ut_ics: 4.652e-04, Loss_norm: 1.110e-05, Loss_gauge: 0.000e+00, w_pde: 1.00e+00, L^2_error: 6.342e-02, lr: 1.000e-03, Time: 1.60e+01
INFO:src.utils.logger:Model state saved to results\ho\Classical\20260315-084830_seed0_pinn_supermini\checkpoints\2026-03-15_08-48-51-258267_ho_Classical_seed0\model.pth
INFO:src.utils.logger:Model weights saved to results\ho\Classical\20260315-084830_seed0_pinn_supermini\checkpoints\2026-03-15_08-48-51-258267_ho_Classical_seed0\model_weights.pth
INFO:src.utils.logger:It: 700, Loss: 1.491e-01, Loss_res: 1.026e-02,  Loss_bcs: 1.420e-03, Loss_ut_ics: 4.580e-04, Loss_norm: 9.587e-06, Loss_gauge: 0.000e+00, w_pde: 1.00e+00, L^2_error: 6.275e-02, lr: 1.000e-03, Time: 1.62e+01
INFO:src.utils.logger:Model state saved to results\ho\Classical\20260315-084830_seed0_pinn_supermini\checkpoints\2026-03-15_08-48-51-258267_ho_Classical_seed0\model.pth
INFO:src.utils.logger:Model weights saved to results\ho\Classical\20260315-084830_seed0_pinn_supermini\checkpoints\2026-03-15_08-48-51-258267_ho_Classical_seed0\model_weights.pth
INFO:src.utils.logger:It: 710, Loss: 1.466e-01, Loss_res: 9.961e-03,  Loss_bcs: 1.395e-03, Loss_ut_ics: 4.509e-04, Loss_norm: 9.300e-06, Loss_gauge: 0.000e+00, w_pde: 1.00e+00, L^2_error: 6.201e-02, lr: 1.000e-03, Time: 1.64e+01
INFO:src.utils.logger:Model state saved to results\ho\Classical\20260315-084830_seed0_pinn_supermini\checkpoints\2026-03-15_08-48-51-258267_ho_Classical_seed0\model.pth
INFO:src.utils.logger:Model weights saved to results\ho\Classical\20260315-084830_seed0_pinn_supermini\checkpoints\2026-03-15_08-48-51-258267_ho_Classical_seed0\model_weights.pth
INFO:src.utils.logger:It: 720, Loss: 1.437e-01, Loss_res: 9.183e-03,  Loss_bcs: 1.365e-03, Loss_ut_ics: 4.439e-04, Loss_norm: 8.802e-06, Loss_gauge: 0.000e+00, w_pde: 1.00e+00, L^2_error: 6.129e-02, lr: 1.000e-03, Time: 1.66e+01
INFO:src.utils.logger:Model state saved to results\ho\Classical\20260315-084830_seed0_pinn_supermini\checkpoints\2026-03-15_08-48-51-258267_ho_Classical_seed0\model.pth
INFO:src.utils.logger:Model weights saved to results\ho\Classical\20260315-084830_seed0_pinn_supermini\checkpoints\2026-03-15_08-48-51-258267_ho_Classical_seed0\model_weights.pth
INFO:src.utils.logger:It: 730, Loss: 1.407e-01, Loss_res: 8.304e-03,  Loss_bcs: 1.319e-03, Loss_ut_ics: 4.370e-04, Loss_norm: 8.359e-06, Loss_gauge: 0.000e+00, w_pde: 1.00e+00, L^2_error: 6.064e-02, lr: 1.000e-03, Time: 1.68e+01
INFO:src.utils.logger:Model state saved to results\ho\Classical\20260315-084830_seed0_pinn_supermini\checkpoints\2026-03-15_08-48-51-258267_ho_Classical_seed0\model.pth
INFO:src.utils.logger:Model weights saved to results\ho\Classical\20260315-084830_seed0_pinn_supermini\checkpoints\2026-03-15_08-48-51-258267_ho_Classical_seed0\model_weights.pth
INFO:src.utils.logger:It: 740, Loss: 1.393e-01, Loss_res: 8.925e-03,  Loss_bcs: 1.285e-03, Loss_ut_ics: 4.302e-04, Loss_norm: 8.280e-06, Loss_gauge: 0.000e+00, w_pde: 1.00e+00, L^2_error: 6.007e-02, lr: 1.000e-03, Time: 1.70e+01
INFO:src.utils.logger:Model state saved to results\ho\Classical\20260315-084830_seed0_pinn_supermini\checkpoints\2026-03-15_08-48-51-258267_ho_Classical_seed0\model.pth
INFO:src.utils.logger:Model weights saved to results\ho\Classical\20260315-084830_seed0_pinn_supermini\checkpoints\2026-03-15_08-48-51-258267_ho_Classical_seed0\model_weights.pth
INFO:src.utils.logger:It: 750, Loss: 1.374e-01, Loss_res: 9.051e-03,  Loss_bcs: 1.240e-03, Loss_ut_ics: 4.235e-04, Loss_norm: 7.946e-06, Loss_gauge: 0.000e+00, w_pde: 1.00e+00, L^2_error: 5.941e-02, lr: 1.000e-03, Time: 1.73e+01
INFO:src.utils.logger:Model state saved to results\ho\Classical\20260315-084830_seed0_pinn_supermini\checkpoints\2026-03-15_08-48-51-258267_ho_Classical_seed0\model.pth
INFO:src.utils.logger:Model weights saved to results\ho\Classical\20260315-084830_seed0_pinn_supermini\checkpoints\2026-03-15_08-48-51-258267_ho_Classical_seed0\model_weights.pth
INFO:src.utils.logger:It: 760, Loss: 1.348e-01, Loss_res: 8.516e-03,  Loss_bcs: 1.215e-03, Loss_ut_ics: 4.170e-04, Loss_norm: 7.775e-06, Loss_gauge: 0.000e+00, w_pde: 1.00e+00, L^2_error: 5.879e-02, lr: 1.000e-03, Time: 1.75e+01
INFO:src.utils.logger:Model state saved to results\ho\Classical\20260315-084830_seed0_pinn_supermini\checkpoints\2026-03-15_08-48-51-258267_ho_Classical_seed0\model.pth
INFO:src.utils.logger:Model weights saved to results\ho\Classical\20260315-084830_seed0_pinn_supermini\checkpoints\2026-03-15_08-48-51-258267_ho_Classical_seed0\model_weights.pth
INFO:src.utils.logger:It: 770, Loss: 1.328e-01, Loss_res: 8.502e-03,  Loss_bcs: 1.190e-03, Loss_ut_ics: 4.104e-04, Loss_norm: 8.055e-06, Loss_gauge: 0.000e+00, w_pde: 1.00e+00, L^2_error: 5.812e-02, lr: 1.000e-03, Time: 1.78e+01
INFO:src.utils.logger:Model state saved to results\ho\Classical\20260315-084830_seed0_pinn_supermini\checkpoints\2026-03-15_08-48-51-258267_ho_Classical_seed0\model.pth
INFO:src.utils.logger:Model weights saved to results\ho\Classical\20260315-084830_seed0_pinn_supermini\checkpoints\2026-03-15_08-48-51-258267_ho_Classical_seed0\model_weights.pth
INFO:src.utils.logger:It: 780, Loss: 1.303e-01, Loss_res: 7.929e-03,  Loss_bcs: 1.166e-03, Loss_ut_ics: 4.041e-04, Loss_norm: 8.544e-06, Loss_gauge: 0.000e+00, w_pde: 1.00e+00, L^2_error: 5.751e-02, lr: 1.000e-03, Time: 1.80e+01
INFO:src.utils.logger:Model state saved to results\ho\Classical\20260315-084830_seed0_pinn_supermini\checkpoints\2026-03-15_08-48-51-258267_ho_Classical_seed0\model.pth
INFO:src.utils.logger:Model weights saved to results\ho\Classical\20260315-084830_seed0_pinn_supermini\checkpoints\2026-03-15_08-48-51-258267_ho_Classical_seed0\model_weights.pth
INFO:src.utils.logger:It: 790, Loss: 1.271e-01, Loss_res: 6.620e-03,  Loss_bcs: 1.140e-03, Loss_ut_ics: 3.978e-04, Loss_norm: 9.744e-06, Loss_gauge: 0.000e+00, w_pde: 1.00e+00, L^2_error: 5.690e-02, lr: 1.000e-03, Time: 1.82e+01
INFO:src.utils.logger:Model state saved to results\ho\Classical\20260315-084830_seed0_pinn_supermini\checkpoints\2026-03-15_08-48-51-258267_ho_Classical_seed0\model.pth
INFO:src.utils.logger:Model weights saved to results\ho\Classical\20260315-084830_seed0_pinn_supermini\checkpoints\2026-03-15_08-48-51-258267_ho_Classical_seed0\model_weights.pth
INFO:src.utils.logger:It: 800, Loss: 1.257e-01, Loss_res: 7.131e-03,  Loss_bcs: 1.117e-03, Loss_ut_ics: 3.916e-04, Loss_norm: 9.196e-06, Loss_gauge: 0.000e+00, w_pde: 1.00e+00, L^2_error: 5.633e-02, lr: 1.000e-03, Time: 1.85e+01
INFO:src.utils.logger:Model state saved to results\ho\Classical\20260315-084830_seed0_pinn_supermini\checkpoints\2026-03-15_08-48-51-258267_ho_Classical_seed0\model.pth
INFO:src.utils.logger:Model weights saved to results\ho\Classical\20260315-084830_seed0_pinn_supermini\checkpoints\2026-03-15_08-48-51-258267_ho_Classical_seed0\model_weights.pth
INFO:src.utils.logger:It: 810, Loss: 1.242e-01, Loss_res: 7.501e-03,  Loss_bcs: 1.076e-03, Loss_ut_ics: 3.855e-04, Loss_norm: 7.273e-06, Loss_gauge: 0.000e+00, w_pde: 1.00e+00, L^2_error: 5.584e-02, lr: 1.000e-03, Time: 1.87e+01
INFO:src.utils.logger:Model state saved to results\ho\Classical\20260315-084830_seed0_pinn_supermini\checkpoints\2026-03-15_08-48-51-258267_ho_Classical_seed0\model.pth
INFO:src.utils.logger:Model weights saved to results\ho\Classical\20260315-084830_seed0_pinn_supermini\checkpoints\2026-03-15_08-48-51-258267_ho_Classical_seed0\model_weights.pth
INFO:src.utils.logger:It: 820, Loss: 1.214e-01, Loss_res: 6.538e-03,  Loss_bcs: 1.045e-03, Loss_ut_ics: 3.794e-04, Loss_norm: 8.043e-06, Loss_gauge: 0.000e+00, w_pde: 1.00e+00, L^2_error: 5.525e-02, lr: 1.000e-03, Time: 1.89e+01
INFO:src.utils.logger:Model state saved to results\ho\Classical\20260315-084830_seed0_pinn_supermini\checkpoints\2026-03-15_08-48-51-258267_ho_Classical_seed0\model.pth
INFO:src.utils.logger:Model weights saved to results\ho\Classical\20260315-084830_seed0_pinn_supermini\checkpoints\2026-03-15_08-48-51-258267_ho_Classical_seed0\model_weights.pth
INFO:src.utils.logger:It: 830, Loss: 1.202e-01, Loss_res: 7.134e-03,  Loss_bcs: 1.028e-03, Loss_ut_ics: 3.735e-04, Loss_norm: 1.207e-05, Loss_gauge: 0.000e+00, w_pde: 1.00e+00, L^2_error: 5.465e-02, lr: 1.000e-03, Time: 1.91e+01
INFO:src.utils.logger:Model state saved to results\ho\Classical\20260315-084830_seed0_pinn_supermini\checkpoints\2026-03-15_08-48-51-258267_ho_Classical_seed0\model.pth
INFO:src.utils.logger:Model weights saved to results\ho\Classical\20260315-084830_seed0_pinn_supermini\checkpoints\2026-03-15_08-48-51-258267_ho_Classical_seed0\model_weights.pth
INFO:src.utils.logger:It: 840, Loss: 1.182e-01, Loss_res: 6.855e-03,  Loss_bcs: 9.980e-04, Loss_ut_ics: 3.676e-04, Loss_norm: 1.218e-05, Loss_gauge: 0.000e+00, w_pde: 1.00e+00, L^2_error: 5.410e-02, lr: 1.000e-03, Time: 1.94e+01
INFO:src.utils.logger:Model state saved to results\ho\Classical\20260315-084830_seed0_pinn_supermini\checkpoints\2026-03-15_08-48-51-258267_ho_Classical_seed0\model.pth
INFO:src.utils.logger:Model weights saved to results\ho\Classical\20260315-084830_seed0_pinn_supermini\checkpoints\2026-03-15_08-48-51-258267_ho_Classical_seed0\model_weights.pth
INFO:src.utils.logger:It: 850, Loss: 1.166e-01, Loss_res: 6.981e-03,  Loss_bcs: 9.908e-04, Loss_ut_ics: 3.619e-04, Loss_norm: 8.462e-06, Loss_gauge: 0.000e+00, w_pde: 1.00e+00, L^2_error: 5.356e-02, lr: 1.000e-03, Time: 1.96e+01
INFO:src.utils.logger:Model state saved to results\ho\Classical\20260315-084830_seed0_pinn_supermini\checkpoints\2026-03-15_08-48-51-258267_ho_Classical_seed0\model.pth
INFO:src.utils.logger:Model weights saved to results\ho\Classical\20260315-084830_seed0_pinn_supermini\checkpoints\2026-03-15_08-48-51-258267_ho_Classical_seed0\model_weights.pth
INFO:src.utils.logger:It: 860, Loss: 1.144e-01, Loss_res: 6.604e-03,  Loss_bcs: 9.622e-04, Loss_ut_ics: 3.562e-04, Loss_norm: 9.729e-06, Loss_gauge: 0.000e+00, w_pde: 1.00e+00, L^2_error: 5.300e-02, lr: 1.000e-03, Time: 1.98e+01
INFO:src.utils.logger:Model state saved to results\ho\Classical\20260315-084830_seed0_pinn_supermini\checkpoints\2026-03-15_08-48-51-258267_ho_Classical_seed0\model.pth
INFO:src.utils.logger:Model weights saved to results\ho\Classical\20260315-084830_seed0_pinn_supermini\checkpoints\2026-03-15_08-48-51-258267_ho_Classical_seed0\model_weights.pth
INFO:src.utils.logger:It: 870, Loss: 1.123e-01, Loss_res: 6.209e-03,  Loss_bcs: 9.301e-04, Loss_ut_ics: 3.506e-04, Loss_norm: 9.095e-06, Loss_gauge: 0.000e+00, w_pde: 1.00e+00, L^2_error: 5.246e-02, lr: 1.000e-03, Time: 2.00e+01
INFO:src.utils.logger:Model state saved to results\ho\Classical\20260315-084830_seed0_pinn_supermini\checkpoints\2026-03-15_08-48-51-258267_ho_Classical_seed0\model.pth
INFO:src.utils.logger:Model weights saved to results\ho\Classical\20260315-084830_seed0_pinn_supermini\checkpoints\2026-03-15_08-48-51-258267_ho_Classical_seed0\model_weights.pth
INFO:src.utils.logger:It: 880, Loss: 1.116e-01, Loss_res: 7.143e-03,  Loss_bcs: 9.120e-04, Loss_ut_ics: 3.451e-04, Loss_norm: 9.713e-06, Loss_gauge: 0.000e+00, w_pde: 1.00e+00, L^2_error: 5.196e-02, lr: 1.000e-03, Time: 2.02e+01
INFO:src.utils.logger:Model state saved to results\ho\Classical\20260315-084830_seed0_pinn_supermini\checkpoints\2026-03-15_08-48-51-258267_ho_Classical_seed0\model.pth
INFO:src.utils.logger:Model weights saved to results\ho\Classical\20260315-084830_seed0_pinn_supermini\checkpoints\2026-03-15_08-48-51-258267_ho_Classical_seed0\model_weights.pth
INFO:src.utils.logger:It: 890, Loss: 1.083e-01, Loss_res: 5.494e-03,  Loss_bcs: 9.022e-04, Loss_ut_ics: 3.397e-04, Loss_norm: 1.198e-05, Loss_gauge: 0.000e+00, w_pde: 1.00e+00, L^2_error: 5.139e-02, lr: 1.000e-03, Time: 2.04e+01
INFO:src.utils.logger:Model state saved to results\ho\Classical\20260315-084830_seed0_pinn_supermini\checkpoints\2026-03-15_08-48-51-258267_ho_Classical_seed0\model.pth
INFO:src.utils.logger:Model weights saved to results\ho\Classical\20260315-084830_seed0_pinn_supermini\checkpoints\2026-03-15_08-48-51-258267_ho_Classical_seed0\model_weights.pth
INFO:src.utils.logger:It: 900, Loss: 1.069e-01, Loss_res: 5.694e-03,  Loss_bcs: 8.728e-04, Loss_ut_ics: 3.343e-04, Loss_norm: 1.440e-05, Loss_gauge: 0.000e+00, w_pde: 1.00e+00, L^2_error: 5.090e-02, lr: 1.000e-03, Time: 2.07e+01
INFO:src.utils.logger:Model state saved to results\ho\Classical\20260315-084830_seed0_pinn_supermini\checkpoints\2026-03-15_08-48-51-258267_ho_Classical_seed0\model.pth
INFO:src.utils.logger:Model weights saved to results\ho\Classical\20260315-084830_seed0_pinn_supermini\checkpoints\2026-03-15_08-48-51-258267_ho_Classical_seed0\model_weights.pth
INFO:src.utils.logger:It: 910, Loss: 1.057e-01, Loss_res: 6.066e-03,  Loss_bcs: 8.728e-04, Loss_ut_ics: 3.290e-04, Loss_norm: 1.339e-05, Loss_gauge: 0.000e+00, w_pde: 1.00e+00, L^2_error: 5.044e-02, lr: 1.000e-03, Time: 2.09e+01
INFO:src.utils.logger:Model state saved to results\ho\Classical\20260315-084830_seed0_pinn_supermini\checkpoints\2026-03-15_08-48-51-258267_ho_Classical_seed0\model.pth
INFO:src.utils.logger:Model weights saved to results\ho\Classical\20260315-084830_seed0_pinn_supermini\checkpoints\2026-03-15_08-48-51-258267_ho_Classical_seed0\model_weights.pth
INFO:src.utils.logger:It: 920, Loss: 1.038e-01, Loss_res: 5.770e-03,  Loss_bcs: 8.423e-04, Loss_ut_ics: 3.239e-04, Loss_norm: 1.030e-05, Loss_gauge: 0.000e+00, w_pde: 1.00e+00, L^2_error: 4.995e-02, lr: 1.000e-03, Time: 2.11e+01
INFO:src.utils.logger:Model state saved to results\ho\Classical\20260315-084830_seed0_pinn_supermini\checkpoints\2026-03-15_08-48-51-258267_ho_Classical_seed0\model.pth
INFO:src.utils.logger:Model weights saved to results\ho\Classical\20260315-084830_seed0_pinn_supermini\checkpoints\2026-03-15_08-48-51-258267_ho_Classical_seed0\model_weights.pth
INFO:src.utils.logger:It: 930, Loss: 1.024e-01, Loss_res: 5.949e-03,  Loss_bcs: 8.285e-04, Loss_ut_ics: 3.188e-04, Loss_norm: 1.503e-05, Loss_gauge: 0.000e+00, w_pde: 1.00e+00, L^2_error: 4.936e-02, lr: 1.000e-03, Time: 2.13e+01
INFO:src.utils.logger:Model state saved to results\ho\Classical\20260315-084830_seed0_pinn_supermini\checkpoints\2026-03-15_08-48-51-258267_ho_Classical_seed0\model.pth
INFO:src.utils.logger:Model weights saved to results\ho\Classical\20260315-084830_seed0_pinn_supermini\checkpoints\2026-03-15_08-48-51-258267_ho_Classical_seed0\model_weights.pth
INFO:src.utils.logger:It: 940, Loss: 1.005e-01, Loss_res: 5.529e-03,  Loss_bcs: 8.093e-04, Loss_ut_ics: 3.137e-04, Loss_norm: 1.386e-05, Loss_gauge: 0.000e+00, w_pde: 1.00e+00, L^2_error: 4.885e-02, lr: 1.000e-03, Time: 2.15e+01
INFO:src.utils.logger:Model state saved to results\ho\Classical\20260315-084830_seed0_pinn_supermini\checkpoints\2026-03-15_08-48-51-258267_ho_Classical_seed0\model.pth
INFO:src.utils.logger:Model weights saved to results\ho\Classical\20260315-084830_seed0_pinn_supermini\checkpoints\2026-03-15_08-48-51-258267_ho_Classical_seed0\model_weights.pth
INFO:src.utils.logger:It: 950, Loss: 9.894e-02, Loss_res: 5.503e-03,  Loss_bcs: 7.983e-04, Loss_ut_ics: 3.087e-04, Loss_norm: 1.027e-05, Loss_gauge: 0.000e+00, w_pde: 1.00e+00, L^2_error: 4.843e-02, lr: 1.000e-03, Time: 2.17e+01
INFO:src.utils.logger:Model state saved to results\ho\Classical\20260315-084830_seed0_pinn_supermini\checkpoints\2026-03-15_08-48-51-258267_ho_Classical_seed0\model.pth
INFO:src.utils.logger:Model weights saved to results\ho\Classical\20260315-084830_seed0_pinn_supermini\checkpoints\2026-03-15_08-48-51-258267_ho_Classical_seed0\model_weights.pth
INFO:src.utils.logger:It: 960, Loss: 9.768e-02, Loss_res: 5.733e-03,  Loss_bcs: 7.688e-04, Loss_ut_ics: 3.039e-04, Loss_norm: 1.008e-05, Loss_gauge: 0.000e+00, w_pde: 1.00e+00, L^2_error: 4.799e-02, lr: 1.000e-03, Time: 2.19e+01
INFO:src.utils.logger:Model state saved to results\ho\Classical\20260315-084830_seed0_pinn_supermini\checkpoints\2026-03-15_08-48-51-258267_ho_Classical_seed0\model.pth
INFO:src.utils.logger:Model weights saved to results\ho\Classical\20260315-084830_seed0_pinn_supermini\checkpoints\2026-03-15_08-48-51-258267_ho_Classical_seed0\model_weights.pth
INFO:src.utils.logger:It: 970, Loss: 9.583e-02, Loss_res: 5.342e-03,  Loss_bcs: 7.489e-04, Loss_ut_ics: 2.991e-04, Loss_norm: 1.341e-05, Loss_gauge: 0.000e+00, w_pde: 1.00e+00, L^2_error: 4.748e-02, lr: 1.000e-03, Time: 2.21e+01
INFO:src.utils.logger:Model state saved to results\ho\Classical\20260315-084830_seed0_pinn_supermini\checkpoints\2026-03-15_08-48-51-258267_ho_Classical_seed0\model.pth
INFO:src.utils.logger:Model weights saved to results\ho\Classical\20260315-084830_seed0_pinn_supermini\checkpoints\2026-03-15_08-48-51-258267_ho_Classical_seed0\model_weights.pth
INFO:src.utils.logger:It: 980, Loss: 9.466e-02, Loss_res: 5.613e-03,  Loss_bcs: 7.263e-04, Loss_ut_ics: 2.944e-04, Loss_norm: 1.217e-05, Loss_gauge: 0.000e+00, w_pde: 1.00e+00, L^2_error: 4.699e-02, lr: 1.000e-03, Time: 2.24e+01
INFO:src.utils.logger:Model state saved to results\ho\Classical\20260315-084830_seed0_pinn_supermini\checkpoints\2026-03-15_08-48-51-258267_ho_Classical_seed0\model.pth
INFO:src.utils.logger:Model weights saved to results\ho\Classical\20260315-084830_seed0_pinn_supermini\checkpoints\2026-03-15_08-48-51-258267_ho_Classical_seed0\model_weights.pth
INFO:src.utils.logger:It: 990, Loss: 9.315e-02, Loss_res: 5.495e-03,  Loss_bcs: 7.335e-04, Loss_ut_ics: 2.897e-04, Loss_norm: 1.227e-05, Loss_gauge: 0.000e+00, w_pde: 1.00e+00, L^2_error: 4.650e-02, lr: 1.000e-03, Time: 2.27e+01
INFO:src.utils.logger:Model state saved to results\ho\Classical\20260315-084830_seed0_pinn_supermini\checkpoints\2026-03-15_08-48-51-258267_ho_Classical_seed0\model.pth
INFO:src.utils.logger:Model weights saved to results\ho\Classical\20260315-084830_seed0_pinn_supermini\checkpoints\2026-03-15_08-48-51-258267_ho_Classical_seed0\model_weights.pth
INFO:src.utils.logger:It: 1000, Loss: 9.156e-02, Loss_res: 5.313e-03,  Loss_bcs: 7.112e-04, Loss_ut_ics: 2.851e-04, Loss_norm: 1.179e-05, Loss_gauge: 0.000e+00, w_pde: 1.00e+00, L^2_error: 4.602e-02, lr: 1.000e-03, Time: 2.29e+01
INFO:src.utils.logger:Model state saved to results\ho\Classical\20260315-084830_seed0_pinn_supermini\checkpoints\2026-03-15_08-48-51-258267_ho_Classical_seed0\model.pth
INFO:src.utils.logger:Model weights saved to results\ho\Classical\20260315-084830_seed0_pinn_supermini\checkpoints\2026-03-15_08-48-51-258267_ho_Classical_seed0\model_weights.pth
INFO:src.utils.logger:It: 1010, Loss: 9.013e-02, Loss_res: 5.235e-03,  Loss_bcs: 7.021e-04, Loss_ut_ics: 2.806e-04, Loss_norm: 1.261e-05, Loss_gauge: 0.000e+00, w_pde: 1.00e+00, L^2_error: 4.560e-02, lr: 1.000e-03, Time: 2.31e+01
INFO:src.utils.logger:Model state saved to results\ho\Classical\20260315-084830_seed0_pinn_supermini\checkpoints\2026-03-15_08-48-51-258267_ho_Classical_seed0\model.pth
INFO:src.utils.logger:Model weights saved to results\ho\Classical\20260315-084830_seed0_pinn_supermini\checkpoints\2026-03-15_08-48-51-258267_ho_Classical_seed0\model_weights.pth
INFO:src.utils.logger:It: 1020, Loss: 8.878e-02, Loss_res: 5.253e-03,  Loss_bcs: 6.704e-04, Loss_ut_ics: 2.762e-04, Loss_norm: 1.170e-05, Loss_gauge: 0.000e+00, w_pde: 1.00e+00, L^2_error: 4.519e-02, lr: 1.000e-03, Time: 2.33e+01
INFO:src.utils.logger:Model state saved to results\ho\Classical\20260315-084830_seed0_pinn_supermini\checkpoints\2026-03-15_08-48-51-258267_ho_Classical_seed0\model.pth
INFO:src.utils.logger:Model weights saved to results\ho\Classical\20260315-084830_seed0_pinn_supermini\checkpoints\2026-03-15_08-48-51-258267_ho_Classical_seed0\model_weights.pth
INFO:src.utils.logger:It: 1030, Loss: 8.659e-02, Loss_res: 4.384e-03,  Loss_bcs: 6.562e-04, Loss_ut_ics: 2.718e-04, Loss_norm: 1.214e-05, Loss_gauge: 0.000e+00, w_pde: 1.00e+00, L^2_error: 4.472e-02, lr: 1.000e-03, Time: 2.36e+01
INFO:src.utils.logger:Model state saved to results\ho\Classical\20260315-084830_seed0_pinn_supermini\checkpoints\2026-03-15_08-48-51-258267_ho_Classical_seed0\model.pth
INFO:src.utils.logger:Model weights saved to results\ho\Classical\20260315-084830_seed0_pinn_supermini\checkpoints\2026-03-15_08-48-51-258267_ho_Classical_seed0\model_weights.pth
INFO:src.utils.logger:It: 1040, Loss: 8.578e-02, Loss_res: 4.853e-03,  Loss_bcs: 6.612e-04, Loss_ut_ics: 2.675e-04, Loss_norm: 1.157e-05, Loss_gauge: 0.000e+00, w_pde: 1.00e+00, L^2_error: 4.426e-02, lr: 1.000e-03, Time: 2.38e+01
INFO:src.utils.logger:Model state saved to results\ho\Classical\20260315-084830_seed0_pinn_supermini\checkpoints\2026-03-15_08-48-51-258267_ho_Classical_seed0\model.pth
INFO:src.utils.logger:Model weights saved to results\ho\Classical\20260315-084830_seed0_pinn_supermini\checkpoints\2026-03-15_08-48-51-258267_ho_Classical_seed0\model_weights.pth
INFO:src.utils.logger:It: 1050, Loss: 8.403e-02, Loss_res: 4.403e-03,  Loss_bcs: 6.424e-04, Loss_ut_ics: 2.632e-04, Loss_norm: 1.377e-05, Loss_gauge: 0.000e+00, w_pde: 1.00e+00, L^2_error: 4.381e-02, lr: 1.000e-03, Time: 2.40e+01
INFO:src.utils.logger:Model state saved to results\ho\Classical\20260315-084830_seed0_pinn_supermini\checkpoints\2026-03-15_08-48-51-258267_ho_Classical_seed0\model.pth
INFO:src.utils.logger:Model weights saved to results\ho\Classical\20260315-084830_seed0_pinn_supermini\checkpoints\2026-03-15_08-48-51-258267_ho_Classical_seed0\model_weights.pth
INFO:src.utils.logger:It: 1060, Loss: 8.273e-02, Loss_res: 4.350e-03,  Loss_bcs: 6.250e-04, Loss_ut_ics: 2.591e-04, Loss_norm: 1.329e-05, Loss_gauge: 0.000e+00, w_pde: 1.00e+00, L^2_error: 4.339e-02, lr: 1.000e-03, Time: 2.42e+01
INFO:src.utils.logger:Model state saved to results\ho\Classical\20260315-084830_seed0_pinn_supermini\checkpoints\2026-03-15_08-48-51-258267_ho_Classical_seed0\model.pth
INFO:src.utils.logger:Model weights saved to results\ho\Classical\20260315-084830_seed0_pinn_supermini\checkpoints\2026-03-15_08-48-51-258267_ho_Classical_seed0\model_weights.pth
INFO:src.utils.logger:It: 1070, Loss: 8.155e-02, Loss_res: 4.390e-03,  Loss_bcs: 6.196e-04, Loss_ut_ics: 2.551e-04, Loss_norm: 1.442e-05, Loss_gauge: 0.000e+00, w_pde: 1.00e+00, L^2_error: 4.297e-02, lr: 1.000e-03, Time: 2.45e+01
INFO:src.utils.logger:Model state saved to results\ho\Classical\20260315-084830_seed0_pinn_supermini\checkpoints\2026-03-15_08-48-51-258267_ho_Classical_seed0\model.pth
INFO:src.utils.logger:Model weights saved to results\ho\Classical\20260315-084830_seed0_pinn_supermini\checkpoints\2026-03-15_08-48-51-258267_ho_Classical_seed0\model_weights.pth
INFO:src.utils.logger:It: 1080, Loss: 8.066e-02, Loss_res: 4.715e-03,  Loss_bcs: 6.041e-04, Loss_ut_ics: 2.511e-04, Loss_norm: 9.585e-06, Loss_gauge: 0.000e+00, w_pde: 1.00e+00, L^2_error: 4.257e-02, lr: 1.000e-03, Time: 2.47e+01
INFO:src.utils.logger:Model state saved to results\ho\Classical\20260315-084830_seed0_pinn_supermini\checkpoints\2026-03-15_08-48-51-258267_ho_Classical_seed0\model.pth
INFO:src.utils.logger:Model weights saved to results\ho\Classical\20260315-084830_seed0_pinn_supermini\checkpoints\2026-03-15_08-48-51-258267_ho_Classical_seed0\model_weights.pth
INFO:src.utils.logger:It: 1090, Loss: 7.894e-02, Loss_res: 4.206e-03,  Loss_bcs: 5.864e-04, Loss_ut_ics: 2.471e-04, Loss_norm: 1.251e-05, Loss_gauge: 0.000e+00, w_pde: 1.00e+00, L^2_error: 4.209e-02, lr: 1.000e-03, Time: 2.49e+01
INFO:src.utils.logger:Model state saved to results\ho\Classical\20260315-084830_seed0_pinn_supermini\checkpoints\2026-03-15_08-48-51-258267_ho_Classical_seed0\model.pth
INFO:src.utils.logger:Model weights saved to results\ho\Classical\20260315-084830_seed0_pinn_supermini\checkpoints\2026-03-15_08-48-51-258267_ho_Classical_seed0\model_weights.pth
INFO:src.utils.logger:It: 1100, Loss: 7.842e-02, Loss_res: 4.822e-03,  Loss_bcs: 5.856e-04, Loss_ut_ics: 2.433e-04, Loss_norm: 1.598e-05, Loss_gauge: 0.000e+00, w_pde: 1.00e+00, L^2_error: 4.168e-02, lr: 1.000e-03, Time: 2.51e+01
INFO:src.utils.logger:Model state saved to results\ho\Classical\20260315-084830_seed0_pinn_supermini\checkpoints\2026-03-15_08-48-51-258267_ho_Classical_seed0\model.pth
INFO:src.utils.logger:Model weights saved to results\ho\Classical\20260315-084830_seed0_pinn_supermini\checkpoints\2026-03-15_08-48-51-258267_ho_Classical_seed0\model_weights.pth
INFO:src.utils.logger:It: 1110, Loss: 7.684e-02, Loss_res: 4.419e-03,  Loss_bcs: 5.642e-04, Loss_ut_ics: 2.395e-04, Loss_norm: 1.155e-05, Loss_gauge: 0.000e+00, w_pde: 1.00e+00, L^2_error: 4.130e-02, lr: 1.000e-03, Time: 2.54e+01
INFO:src.utils.logger:Model state saved to results\ho\Classical\20260315-084830_seed0_pinn_supermini\checkpoints\2026-03-15_08-48-51-258267_ho_Classical_seed0\model.pth
INFO:src.utils.logger:Model weights saved to results\ho\Classical\20260315-084830_seed0_pinn_supermini\checkpoints\2026-03-15_08-48-51-258267_ho_Classical_seed0\model_weights.pth
INFO:src.utils.logger:It: 1120, Loss: 7.569e-02, Loss_res: 4.394e-03,  Loss_bcs: 5.471e-04, Loss_ut_ics: 2.358e-04, Loss_norm: 9.295e-06, Loss_gauge: 0.000e+00, w_pde: 1.00e+00, L^2_error: 4.092e-02, lr: 1.000e-03, Time: 2.56e+01
INFO:src.utils.logger:Model state saved to results\ho\Classical\20260315-084830_seed0_pinn_supermini\checkpoints\2026-03-15_08-48-51-258267_ho_Classical_seed0\model.pth
INFO:src.utils.logger:Model weights saved to results\ho\Classical\20260315-084830_seed0_pinn_supermini\checkpoints\2026-03-15_08-48-51-258267_ho_Classical_seed0\model_weights.pth
INFO:src.utils.logger:It: 1130, Loss: 7.465e-02, Loss_res: 4.461e-03,  Loss_bcs: 5.317e-04, Loss_ut_ics: 2.322e-04, Loss_norm: 9.325e-06, Loss_gauge: 0.000e+00, w_pde: 1.00e+00, L^2_error: 4.055e-02, lr: 1.000e-03, Time: 2.58e+01
INFO:src.utils.logger:Model state saved to results\ho\Classical\20260315-084830_seed0_pinn_supermini\checkpoints\2026-03-15_08-48-51-258267_ho_Classical_seed0\model.pth
INFO:src.utils.logger:Model weights saved to results\ho\Classical\20260315-084830_seed0_pinn_supermini\checkpoints\2026-03-15_08-48-51-258267_ho_Classical_seed0\model_weights.pth
INFO:src.utils.logger:It: 1140, Loss: 7.358e-02, Loss_res: 4.465e-03,  Loss_bcs: 5.373e-04, Loss_ut_ics: 2.286e-04, Loss_norm: 1.028e-05, Loss_gauge: 0.000e+00, w_pde: 1.00e+00, L^2_error: 4.012e-02, lr: 1.000e-03, Time: 2.61e+01
INFO:src.utils.logger:Model state saved to results\ho\Classical\20260315-084830_seed0_pinn_supermini\checkpoints\2026-03-15_08-48-51-258267_ho_Classical_seed0\model.pth
INFO:src.utils.logger:Model weights saved to results\ho\Classical\20260315-084830_seed0_pinn_supermini\checkpoints\2026-03-15_08-48-51-258267_ho_Classical_seed0\model_weights.pth
INFO:src.utils.logger:It: 1150, Loss: 7.206e-02, Loss_res: 4.009e-03,  Loss_bcs: 5.225e-04, Loss_ut_ics: 2.251e-04, Loss_norm: 1.009e-05, Loss_gauge: 0.000e+00, w_pde: 1.00e+00, L^2_error: 3.972e-02, lr: 1.000e-03, Time: 2.64e+01
INFO:src.utils.logger:Model state saved to results\ho\Classical\20260315-084830_seed0_pinn_supermini\checkpoints\2026-03-15_08-48-51-258267_ho_Classical_seed0\model.pth
INFO:src.utils.logger:Model weights saved to results\ho\Classical\20260315-084830_seed0_pinn_supermini\checkpoints\2026-03-15_08-48-51-258267_ho_Classical_seed0\model_weights.pth
INFO:src.utils.logger:It: 1160, Loss: 7.121e-02, Loss_res: 4.204e-03,  Loss_bcs: 5.173e-04, Loss_ut_ics: 2.216e-04, Loss_norm: 1.136e-05, Loss_gauge: 0.000e+00, w_pde: 1.00e+00, L^2_error: 3.935e-02, lr: 1.000e-03, Time: 2.66e+01
INFO:src.utils.logger:Model state saved to results\ho\Classical\20260315-084830_seed0_pinn_supermini\checkpoints\2026-03-15_08-48-51-258267_ho_Classical_seed0\model.pth
INFO:src.utils.logger:Model weights saved to results\ho\Classical\20260315-084830_seed0_pinn_supermini\checkpoints\2026-03-15_08-48-51-258267_ho_Classical_seed0\model_weights.pth
INFO:src.utils.logger:It: 1170, Loss: 7.010e-02, Loss_res: 4.112e-03,  Loss_bcs: 5.063e-04, Loss_ut_ics: 2.182e-04, Loss_norm: 9.221e-06, Loss_gauge: 0.000e+00, w_pde: 1.00e+00, L^2_error: 3.899e-02, lr: 1.000e-03, Time: 2.68e+01
INFO:src.utils.logger:Model state saved to results\ho\Classical\20260315-084830_seed0_pinn_supermini\checkpoints\2026-03-15_08-48-51-258267_ho_Classical_seed0\model.pth
INFO:src.utils.logger:Model weights saved to results\ho\Classical\20260315-084830_seed0_pinn_supermini\checkpoints\2026-03-15_08-48-51-258267_ho_Classical_seed0\model_weights.pth
INFO:src.utils.logger:It: 1180, Loss: 6.880e-02, Loss_res: 3.828e-03,  Loss_bcs: 4.838e-04, Loss_ut_ics: 2.149e-04, Loss_norm: 1.124e-05, Loss_gauge: 0.000e+00, w_pde: 1.00e+00, L^2_error: 3.860e-02, lr: 1.000e-03, Time: 2.70e+01
INFO:src.utils.logger:Model state saved to results\ho\Classical\20260315-084830_seed0_pinn_supermini\checkpoints\2026-03-15_08-48-51-258267_ho_Classical_seed0\model.pth
INFO:src.utils.logger:Model weights saved to results\ho\Classical\20260315-084830_seed0_pinn_supermini\checkpoints\2026-03-15_08-48-51-258267_ho_Classical_seed0\model_weights.pth
INFO:src.utils.logger:It: 1190, Loss: 6.820e-02, Loss_res: 4.203e-03,  Loss_bcs: 4.705e-04, Loss_ut_ics: 2.117e-04, Loss_norm: 1.024e-05, Loss_gauge: 0.000e+00, w_pde: 1.00e+00, L^2_error: 3.828e-02, lr: 1.000e-03, Time: 2.73e+01
INFO:src.utils.logger:Model state saved to results\ho\Classical\20260315-084830_seed0_pinn_supermini\checkpoints\2026-03-15_08-48-51-258267_ho_Classical_seed0\model.pth
INFO:src.utils.logger:Model weights saved to results\ho\Classical\20260315-084830_seed0_pinn_supermini\checkpoints\2026-03-15_08-48-51-258267_ho_Classical_seed0\model_weights.pth
INFO:src.utils.logger:It: 1200, Loss: 6.684e-02, Loss_res: 3.796e-03,  Loss_bcs: 4.769e-04, Loss_ut_ics: 2.085e-04, Loss_norm: 8.096e-06, Loss_gauge: 0.000e+00, w_pde: 1.00e+00, L^2_error: 3.795e-02, lr: 1.000e-03, Time: 2.75e+01
INFO:src.utils.logger:Model state saved to results\ho\Classical\20260315-084830_seed0_pinn_supermini\checkpoints\2026-03-15_08-48-51-258267_ho_Classical_seed0\model.pth
INFO:src.utils.logger:Model weights saved to results\ho\Classical\20260315-084830_seed0_pinn_supermini\checkpoints\2026-03-15_08-48-51-258267_ho_Classical_seed0\model_weights.pth
INFO:src.utils.logger:It: 1210, Loss: 6.597e-02, Loss_res: 3.887e-03,  Loss_bcs: 4.532e-04, Loss_ut_ics: 2.054e-04, Loss_norm: 1.087e-05, Loss_gauge: 0.000e+00, w_pde: 1.00e+00, L^2_error: 3.756e-02, lr: 1.000e-03, Time: 2.77e+01
INFO:src.utils.logger:Model state saved to results\ho\Classical\20260315-084830_seed0_pinn_supermini\checkpoints\2026-03-15_08-48-51-258267_ho_Classical_seed0\model.pth
INFO:src.utils.logger:Model weights saved to results\ho\Classical\20260315-084830_seed0_pinn_supermini\checkpoints\2026-03-15_08-48-51-258267_ho_Classical_seed0\model_weights.pth
INFO:src.utils.logger:It: 1220, Loss: 6.468e-02, Loss_res: 3.501e-03,  Loss_bcs: 4.563e-04, Loss_ut_ics: 2.024e-04, Loss_norm: 9.100e-06, Loss_gauge: 0.000e+00, w_pde: 1.00e+00, L^2_error: 3.721e-02, lr: 1.000e-03, Time: 2.79e+01
INFO:src.utils.logger:Model state saved to results\ho\Classical\20260315-084830_seed0_pinn_supermini\checkpoints\2026-03-15_08-48-51-258267_ho_Classical_seed0\model.pth
INFO:src.utils.logger:Model weights saved to results\ho\Classical\20260315-084830_seed0_pinn_supermini\checkpoints\2026-03-15_08-48-51-258267_ho_Classical_seed0\model_weights.pth
INFO:src.utils.logger:It: 1230, Loss: 6.412e-02, Loss_res: 3.844e-03,  Loss_bcs: 4.530e-04, Loss_ut_ics: 1.994e-04, Loss_norm: 1.001e-05, Loss_gauge: 0.000e+00, w_pde: 1.00e+00, L^2_error: 3.689e-02, lr: 1.000e-03, Time: 2.81e+01
INFO:src.utils.logger:Model state saved to results\ho\Classical\20260315-084830_seed0_pinn_supermini\checkpoints\2026-03-15_08-48-51-258267_ho_Classical_seed0\model.pth
INFO:src.utils.logger:Model weights saved to results\ho\Classical\20260315-084830_seed0_pinn_supermini\checkpoints\2026-03-15_08-48-51-258267_ho_Classical_seed0\model_weights.pth
INFO:src.utils.logger:It: 1240, Loss: 6.364e-02, Loss_res: 4.256e-03,  Loss_bcs: 4.320e-04, Loss_ut_ics: 1.965e-04, Loss_norm: 7.835e-06, Loss_gauge: 0.000e+00, w_pde: 1.00e+00, L^2_error: 3.660e-02, lr: 1.000e-03, Time: 2.84e+01
INFO:src.utils.logger:Model state saved to results\ho\Classical\20260315-084830_seed0_pinn_supermini\checkpoints\2026-03-15_08-48-51-258267_ho_Classical_seed0\model.pth
INFO:src.utils.logger:Model weights saved to results\ho\Classical\20260315-084830_seed0_pinn_supermini\checkpoints\2026-03-15_08-48-51-258267_ho_Classical_seed0\model_weights.pth
INFO:src.utils.logger:It: 1250, Loss: 6.207e-02, Loss_res: 3.547e-03,  Loss_bcs: 4.325e-04, Loss_ut_ics: 1.936e-04, Loss_norm: 9.036e-06, Loss_gauge: 0.000e+00, w_pde: 1.00e+00, L^2_error: 3.622e-02, lr: 1.000e-03, Time: 2.86e+01
INFO:src.utils.logger:Model state saved to results\ho\Classical\20260315-084830_seed0_pinn_supermini\checkpoints\2026-03-15_08-48-51-258267_ho_Classical_seed0\model.pth
INFO:src.utils.logger:Model weights saved to results\ho\Classical\20260315-084830_seed0_pinn_supermini\checkpoints\2026-03-15_08-48-51-258267_ho_Classical_seed0\model_weights.pth
INFO:src.utils.logger:It: 1260, Loss: 6.143e-02, Loss_res: 3.759e-03,  Loss_bcs: 4.164e-04, Loss_ut_ics: 1.908e-04, Loss_norm: 8.326e-06, Loss_gauge: 0.000e+00, w_pde: 1.00e+00, L^2_error: 3.588e-02, lr: 1.000e-03, Time: 2.88e+01
INFO:src.utils.logger:Model state saved to results\ho\Classical\20260315-084830_seed0_pinn_supermini\checkpoints\2026-03-15_08-48-51-258267_ho_Classical_seed0\model.pth
INFO:src.utils.logger:Model weights saved to results\ho\Classical\20260315-084830_seed0_pinn_supermini\checkpoints\2026-03-15_08-48-51-258267_ho_Classical_seed0\model_weights.pth
INFO:src.utils.logger:It: 1270, Loss: 6.083e-02, Loss_res: 3.978e-03,  Loss_bcs: 4.130e-04, Loss_ut_ics: 1.881e-04, Loss_norm: 7.439e-06, Loss_gauge: 0.000e+00, w_pde: 1.00e+00, L^2_error: 3.556e-02, lr: 1.000e-03, Time: 2.90e+01
INFO:src.utils.logger:Model state saved to results\ho\Classical\20260315-084830_seed0_pinn_supermini\checkpoints\2026-03-15_08-48-51-258267_ho_Classical_seed0\model.pth
INFO:src.utils.logger:Model weights saved to results\ho\Classical\20260315-084830_seed0_pinn_supermini\checkpoints\2026-03-15_08-48-51-258267_ho_Classical_seed0\model_weights.pth
INFO:src.utils.logger:It: 1280, Loss: 5.977e-02, Loss_res: 3.734e-03,  Loss_bcs: 4.075e-04, Loss_ut_ics: 1.854e-04, Loss_norm: 8.651e-06, Loss_gauge: 0.000e+00, w_pde: 1.00e+00, L^2_error: 3.522e-02, lr: 1.000e-03, Time: 2.92e+01
INFO:src.utils.logger:Model state saved to results\ho\Classical\20260315-084830_seed0_pinn_supermini\checkpoints\2026-03-15_08-48-51-258267_ho_Classical_seed0\model.pth
INFO:src.utils.logger:Model weights saved to results\ho\Classical\20260315-084830_seed0_pinn_supermini\checkpoints\2026-03-15_08-48-51-258267_ho_Classical_seed0\model_weights.pth
INFO:src.utils.logger:It: 1290, Loss: 5.917e-02, Loss_res: 3.943e-03,  Loss_bcs: 3.879e-04, Loss_ut_ics: 1.828e-04, Loss_norm: 7.627e-06, Loss_gauge: 0.000e+00, w_pde: 1.00e+00, L^2_error: 3.495e-02, lr: 1.000e-03, Time: 2.95e+01
INFO:src.utils.logger:Model state saved to results\ho\Classical\20260315-084830_seed0_pinn_supermini\checkpoints\2026-03-15_08-48-51-258267_ho_Classical_seed0\model.pth
INFO:src.utils.logger:Model weights saved to results\ho\Classical\20260315-084830_seed0_pinn_supermini\checkpoints\2026-03-15_08-48-51-258267_ho_Classical_seed0\model_weights.pth
INFO:src.utils.logger:It: 1300, Loss: 5.804e-02, Loss_res: 3.563e-03,  Loss_bcs: 3.891e-04, Loss_ut_ics: 1.803e-04, Loss_norm: 7.014e-06, Loss_gauge: 0.000e+00, w_pde: 1.00e+00, L^2_error: 3.465e-02, lr: 1.000e-03, Time: 2.97e+01
INFO:src.utils.logger:Model state saved to results\ho\Classical\20260315-084830_seed0_pinn_supermini\checkpoints\2026-03-15_08-48-51-258267_ho_Classical_seed0\model.pth
INFO:src.utils.logger:Model weights saved to results\ho\Classical\20260315-084830_seed0_pinn_supermini\checkpoints\2026-03-15_08-48-51-258267_ho_Classical_seed0\model_weights.pth
INFO:src.utils.logger:It: 1310, Loss: 5.724e-02, Loss_res: 3.522e-03,  Loss_bcs: 3.773e-04, Loss_ut_ics: 1.778e-04, Loss_norm: 6.821e-06, Loss_gauge: 0.000e+00, w_pde: 1.00e+00, L^2_error: 3.435e-02, lr: 1.000e-03, Time: 2.99e+01
INFO:src.utils.logger:Model state saved to results\ho\Classical\20260315-084830_seed0_pinn_supermini\checkpoints\2026-03-15_08-48-51-258267_ho_Classical_seed0\model.pth
INFO:src.utils.logger:Model weights saved to results\ho\Classical\20260315-084830_seed0_pinn_supermini\checkpoints\2026-03-15_08-48-51-258267_ho_Classical_seed0\model_weights.pth
INFO:src.utils.logger:It: 1320, Loss: 5.656e-02, Loss_res: 3.573e-03,  Loss_bcs: 3.777e-04, Loss_ut_ics: 1.753e-04, Loss_norm: 8.157e-06, Loss_gauge: 0.000e+00, w_pde: 1.00e+00, L^2_error: 3.402e-02, lr: 1.000e-03, Time: 3.01e+01
INFO:src.utils.logger:Model state saved to results\ho\Classical\20260315-084830_seed0_pinn_supermini\checkpoints\2026-03-15_08-48-51-258267_ho_Classical_seed0\model.pth
INFO:src.utils.logger:Model weights saved to results\ho\Classical\20260315-084830_seed0_pinn_supermini\checkpoints\2026-03-15_08-48-51-258267_ho_Classical_seed0\model_weights.pth
INFO:src.utils.logger:It: 1330, Loss: 5.567e-02, Loss_res: 3.419e-03,  Loss_bcs: 3.617e-04, Loss_ut_ics: 1.729e-04, Loss_norm: 5.331e-06, Loss_gauge: 0.000e+00, w_pde: 1.00e+00, L^2_error: 3.376e-02, lr: 1.000e-03, Time: 3.04e+01
INFO:src.utils.logger:Model state saved to results\ho\Classical\20260315-084830_seed0_pinn_supermini\checkpoints\2026-03-15_08-48-51-258267_ho_Classical_seed0\model.pth
INFO:src.utils.logger:Model weights saved to results\ho\Classical\20260315-084830_seed0_pinn_supermini\checkpoints\2026-03-15_08-48-51-258267_ho_Classical_seed0\model_weights.pth
INFO:src.utils.logger:It: 1340, Loss: 5.532e-02, Loss_res: 3.769e-03,  Loss_bcs: 3.582e-04, Loss_ut_ics: 1.706e-04, Loss_norm: 6.203e-06, Loss_gauge: 0.000e+00, w_pde: 1.00e+00, L^2_error: 3.348e-02, lr: 1.000e-03, Time: 3.06e+01
INFO:src.utils.logger:Model state saved to results\ho\Classical\20260315-084830_seed0_pinn_supermini\checkpoints\2026-03-15_08-48-51-258267_ho_Classical_seed0\model.pth
INFO:src.utils.logger:Model weights saved to results\ho\Classical\20260315-084830_seed0_pinn_supermini\checkpoints\2026-03-15_08-48-51-258267_ho_Classical_seed0\model_weights.pth
INFO:src.utils.logger:It: 1350, Loss: 5.420e-02, Loss_res: 3.333e-03,  Loss_bcs: 3.519e-04, Loss_ut_ics: 1.684e-04, Loss_norm: 6.806e-06, Loss_gauge: 0.000e+00, w_pde: 1.00e+00, L^2_error: 3.320e-02, lr: 1.000e-03, Time: 3.08e+01
INFO:src.utils.logger:Model state saved to results\ho\Classical\20260315-084830_seed0_pinn_supermini\checkpoints\2026-03-15_08-48-51-258267_ho_Classical_seed0\model.pth
INFO:src.utils.logger:Model weights saved to results\ho\Classical\20260315-084830_seed0_pinn_supermini\checkpoints\2026-03-15_08-48-51-258267_ho_Classical_seed0\model_weights.pth
INFO:src.utils.logger:It: 1360, Loss: 5.342e-02, Loss_res: 3.230e-03,  Loss_bcs: 3.367e-04, Loss_ut_ics: 1.662e-04, Loss_norm: 6.228e-06, Loss_gauge: 0.000e+00, w_pde: 1.00e+00, L^2_error: 3.295e-02, lr: 1.000e-03, Time: 3.10e+01
INFO:src.utils.logger:Model state saved to results\ho\Classical\20260315-084830_seed0_pinn_supermini\checkpoints\2026-03-15_08-48-51-258267_ho_Classical_seed0\model.pth
INFO:src.utils.logger:Model weights saved to results\ho\Classical\20260315-084830_seed0_pinn_supermini\checkpoints\2026-03-15_08-48-51-258267_ho_Classical_seed0\model_weights.pth
INFO:src.utils.logger:It: 1370, Loss: 5.278e-02, Loss_res: 3.254e-03,  Loss_bcs: 3.369e-04, Loss_ut_ics: 1.639e-04, Loss_norm: 6.885e-06, Loss_gauge: 0.000e+00, w_pde: 1.00e+00, L^2_error: 3.262e-02, lr: 1.000e-03, Time: 3.13e+01
INFO:src.utils.logger:Model state saved to results\ho\Classical\20260315-084830_seed0_pinn_supermini\checkpoints\2026-03-15_08-48-51-258267_ho_Classical_seed0\model.pth
INFO:src.utils.logger:Model weights saved to results\ho\Classical\20260315-084830_seed0_pinn_supermini\checkpoints\2026-03-15_08-48-51-258267_ho_Classical_seed0\model_weights.pth
INFO:src.utils.logger:It: 1380, Loss: 5.213e-02, Loss_res: 3.243e-03,  Loss_bcs: 3.315e-04, Loss_ut_ics: 1.618e-04, Loss_norm: 5.966e-06, Loss_gauge: 0.000e+00, w_pde: 1.00e+00, L^2_error: 3.238e-02, lr: 1.000e-03, Time: 3.15e+01
INFO:src.utils.logger:Model state saved to results\ho\Classical\20260315-084830_seed0_pinn_supermini\checkpoints\2026-03-15_08-48-51-258267_ho_Classical_seed0\model.pth
INFO:src.utils.logger:Model weights saved to results\ho\Classical\20260315-084830_seed0_pinn_supermini\checkpoints\2026-03-15_08-48-51-258267_ho_Classical_seed0\model_weights.pth
INFO:src.utils.logger:It: 1390, Loss: 5.160e-02, Loss_res: 3.335e-03,  Loss_bcs: 3.219e-04, Loss_ut_ics: 1.598e-04, Loss_norm: 5.178e-06, Loss_gauge: 0.000e+00, w_pde: 1.00e+00, L^2_error: 3.215e-02, lr: 1.000e-03, Time: 3.17e+01
INFO:src.utils.logger:Model state saved to results\ho\Classical\20260315-084830_seed0_pinn_supermini\checkpoints\2026-03-15_08-48-51-258267_ho_Classical_seed0\model.pth
INFO:src.utils.logger:Model weights saved to results\ho\Classical\20260315-084830_seed0_pinn_supermini\checkpoints\2026-03-15_08-48-51-258267_ho_Classical_seed0\model_weights.pth
INFO:src.utils.logger:It: 1400, Loss: 5.076e-02, Loss_res: 3.094e-03,  Loss_bcs: 3.216e-04, Loss_ut_ics: 1.578e-04, Loss_norm: 6.149e-06, Loss_gauge: 0.000e+00, w_pde: 1.00e+00, L^2_error: 3.188e-02, lr: 1.000e-03, Time: 3.20e+01
INFO:src.utils.logger:Model state saved to results\ho\Classical\20260315-084830_seed0_pinn_supermini\checkpoints\2026-03-15_08-48-51-258267_ho_Classical_seed0\model.pth
INFO:src.utils.logger:Model weights saved to results\ho\Classical\20260315-084830_seed0_pinn_supermini\checkpoints\2026-03-15_08-48-51-258267_ho_Classical_seed0\model_weights.pth
INFO:src.utils.logger:It: 1410, Loss: 5.035e-02, Loss_res: 3.287e-03,  Loss_bcs: 3.092e-04, Loss_ut_ics: 1.558e-04, Loss_norm: 5.245e-06, Loss_gauge: 0.000e+00, w_pde: 1.00e+00, L^2_error: 3.165e-02, lr: 1.000e-03, Time: 3.22e+01
INFO:src.utils.logger:Model state saved to results\ho\Classical\20260315-084830_seed0_pinn_supermini\checkpoints\2026-03-15_08-48-51-258267_ho_Classical_seed0\model.pth
INFO:src.utils.logger:Model weights saved to results\ho\Classical\20260315-084830_seed0_pinn_supermini\checkpoints\2026-03-15_08-48-51-258267_ho_Classical_seed0\model_weights.pth
INFO:src.utils.logger:It: 1420, Loss: 4.954e-02, Loss_res: 3.063e-03,  Loss_bcs: 3.041e-04, Loss_ut_ics: 1.539e-04, Loss_norm: 6.139e-06, Loss_gauge: 0.000e+00, w_pde: 1.00e+00, L^2_error: 3.138e-02, lr: 1.000e-03, Time: 3.24e+01
INFO:src.utils.logger:Model state saved to results\ho\Classical\20260315-084830_seed0_pinn_supermini\checkpoints\2026-03-15_08-48-51-258267_ho_Classical_seed0\model.pth
INFO:src.utils.logger:Model weights saved to results\ho\Classical\20260315-084830_seed0_pinn_supermini\checkpoints\2026-03-15_08-48-51-258267_ho_Classical_seed0\model_weights.pth
INFO:src.utils.logger:It: 1430, Loss: 4.922e-02, Loss_res: 3.301e-03,  Loss_bcs: 3.077e-04, Loss_ut_ics: 1.520e-04, Loss_norm: 5.800e-06, Loss_gauge: 0.000e+00, w_pde: 1.00e+00, L^2_error: 3.114e-02, lr: 1.000e-03, Time: 3.27e+01
INFO:src.utils.logger:Model state saved to results\ho\Classical\20260315-084830_seed0_pinn_supermini\checkpoints\2026-03-15_08-48-51-258267_ho_Classical_seed0\model.pth
INFO:src.utils.logger:Model weights saved to results\ho\Classical\20260315-084830_seed0_pinn_supermini\checkpoints\2026-03-15_08-48-51-258267_ho_Classical_seed0\model_weights.pth
INFO:src.utils.logger:It: 1440, Loss: 4.854e-02, Loss_res: 3.183e-03,  Loss_bcs: 2.925e-04, Loss_ut_ics: 1.502e-04, Loss_norm: 3.894e-06, Loss_gauge: 0.000e+00, w_pde: 1.00e+00, L^2_error: 3.092e-02, lr: 1.000e-03, Time: 3.29e+01
INFO:src.utils.logger:Model state saved to results\ho\Classical\20260315-084830_seed0_pinn_supermini\checkpoints\2026-03-15_08-48-51-258267_ho_Classical_seed0\model.pth
INFO:src.utils.logger:Model weights saved to results\ho\Classical\20260315-084830_seed0_pinn_supermini\checkpoints\2026-03-15_08-48-51-258267_ho_Classical_seed0\model_weights.pth
INFO:src.utils.logger:It: 1450, Loss: 4.807e-02, Loss_res: 3.242e-03,  Loss_bcs: 2.915e-04, Loss_ut_ics: 1.484e-04, Loss_norm: 4.427e-06, Loss_gauge: 0.000e+00, w_pde: 1.00e+00, L^2_error: 3.069e-02, lr: 1.000e-03, Time: 3.31e+01
INFO:src.utils.logger:Model state saved to results\ho\Classical\20260315-084830_seed0_pinn_supermini\checkpoints\2026-03-15_08-48-51-258267_ho_Classical_seed0\model.pth
INFO:src.utils.logger:Model weights saved to results\ho\Classical\20260315-084830_seed0_pinn_supermini\checkpoints\2026-03-15_08-48-51-258267_ho_Classical_seed0\model_weights.pth
INFO:src.utils.logger:It: 1460, Loss: 4.744e-02, Loss_res: 3.128e-03,  Loss_bcs: 2.889e-04, Loss_ut_ics: 1.467e-04, Loss_norm: 5.791e-06, Loss_gauge: 0.000e+00, w_pde: 1.00e+00, L^2_error: 3.046e-02, lr: 1.000e-03, Time: 3.33e+01
INFO:src.utils.logger:Model state saved to results\ho\Classical\20260315-084830_seed0_pinn_supermini\checkpoints\2026-03-15_08-48-51-258267_ho_Classical_seed0\model.pth
INFO:src.utils.logger:Model weights saved to results\ho\Classical\20260315-084830_seed0_pinn_supermini\checkpoints\2026-03-15_08-48-51-258267_ho_Classical_seed0\model_weights.pth
INFO:src.utils.logger:It: 1470, Loss: 4.656e-02, Loss_res: 2.761e-03,  Loss_bcs: 2.886e-04, Loss_ut_ics: 1.450e-04, Loss_norm: 3.845e-06, Loss_gauge: 0.000e+00, w_pde: 1.00e+00, L^2_error: 3.024e-02, lr: 1.000e-03, Time: 3.35e+01
INFO:src.utils.logger:Model state saved to results\ho\Classical\20260315-084830_seed0_pinn_supermini\checkpoints\2026-03-15_08-48-51-258267_ho_Classical_seed0\model.pth
INFO:src.utils.logger:Model weights saved to results\ho\Classical\20260315-084830_seed0_pinn_supermini\checkpoints\2026-03-15_08-48-51-258267_ho_Classical_seed0\model_weights.pth
INFO:src.utils.logger:It: 1480, Loss: 4.626e-02, Loss_res: 2.967e-03,  Loss_bcs: 2.711e-04, Loss_ut_ics: 1.434e-04, Loss_norm: 4.683e-06, Loss_gauge: 0.000e+00, w_pde: 1.00e+00, L^2_error: 3.003e-02, lr: 1.000e-03, Time: 3.37e+01
INFO:src.utils.logger:Model state saved to results\ho\Classical\20260315-084830_seed0_pinn_supermini\checkpoints\2026-03-15_08-48-51-258267_ho_Classical_seed0\model.pth
INFO:src.utils.logger:Model weights saved to results\ho\Classical\20260315-084830_seed0_pinn_supermini\checkpoints\2026-03-15_08-48-51-258267_ho_Classical_seed0\model_weights.pth
INFO:src.utils.logger:It: 1490, Loss: 4.585e-02, Loss_res: 3.041e-03,  Loss_bcs: 2.685e-04, Loss_ut_ics: 1.418e-04, Loss_norm: 4.126e-06, Loss_gauge: 0.000e+00, w_pde: 1.00e+00, L^2_error: 2.984e-02, lr: 1.000e-03, Time: 3.40e+01
INFO:src.utils.logger:Model state saved to results\ho\Classical\20260315-084830_seed0_pinn_supermini\checkpoints\2026-03-15_08-48-51-258267_ho_Classical_seed0\model.pth
INFO:src.utils.logger:Model weights saved to results\ho\Classical\20260315-084830_seed0_pinn_supermini\checkpoints\2026-03-15_08-48-51-258267_ho_Classical_seed0\model_weights.pth
INFO:src.utils.logger:It: 1500, Loss: 4.566e-02, Loss_res: 3.328e-03,  Loss_bcs: 2.655e-04, Loss_ut_ics: 1.402e-04, Loss_norm: 4.490e-06, Loss_gauge: 0.000e+00, w_pde: 1.00e+00, L^2_error: 2.967e-02, lr: 1.000e-03, Time: 3.42e+01
INFO:src.utils.logger:Model state saved to results\ho\Classical\20260315-084830_seed0_pinn_supermini\checkpoints\2026-03-15_08-48-51-258267_ho_Classical_seed0\model.pth
INFO:src.utils.logger:Model weights saved to results\ho\Classical\20260315-084830_seed0_pinn_supermini\checkpoints\2026-03-15_08-48-51-258267_ho_Classical_seed0\model_weights.pth
