checkpoint path: self.log_path='./results/models/checkpoints/smoke_schrodinger\\2025-12-15_12-23-52-001885_ho_Classical'
It: 1, Loss: 4.263e+01, Loss_res: 3.700e+00,  Loss_bcs: 5.747e-02, Loss_ut_ics: 1.412e-01, Loss_norm: 2.010e-01, w_pde: 2.50e-03, L^2_error: 1.238e+00, lr: 1.000e-03, Time: 1.98e-01
Model state saved to ./results/models/checkpoints/smoke_schrodinger\2025-12-15_12-23-52-001885_ho_Classical\model.pth
Model state saved to ./results/models/checkpoints/smoke_schrodinger\2025-12-15_12-23-52-001885_ho_Classical\model_weights.pth
It: 100, Loss: 2.118e+01, Loss_res: 2.213e-01,  Loss_bcs: 2.636e-03, Loss_ut_ics: 6.819e-02, Loss_norm: 6.622e-01, w_pde: 2.50e-01, L^2_error: 9.173e-01, lr: 1.000e-03, Time: 1.66e+01
Model state saved to ./results/models/checkpoints/smoke_schrodinger\2025-12-15_12-23-52-001885_ho_Classical\model.pth
Model state saved to ./results/models/checkpoints/smoke_schrodinger\2025-12-15_12-23-52-001885_ho_Classical\model_weights.pth
It: 200, Loss: 1.792e+01, Loss_res: 1.761e-01,  Loss_bcs: 2.572e-03, Loss_ut_ics: 5.762e-02, Loss_norm: 5.391e-01, w_pde: 5.00e-01, L^2_error: 8.644e-01, lr: 1.000e-03, Time: 3.28e+01
Model state saved to ./results/models/checkpoints/smoke_schrodinger\2025-12-15_12-23-52-001885_ho_Classical\model.pth
Model state saved to ./results/models/checkpoints/smoke_schrodinger\2025-12-15_12-23-52-001885_ho_Classical\model_weights.pth
It: 300, Loss: 4.299e-01, Loss_res: 4.123e-01,  Loss_bcs: 1.325e-04, Loss_ut_ics: 3.985e-04, Loss_norm: 9.440e-04, w_pde: 7.50e-01, L^2_error: 4.465e-01, lr: 1.000e-03, Time: 4.92e+01
Model state saved to ./results/models/checkpoints/smoke_schrodinger\2025-12-15_12-23-52-001885_ho_Classical\model.pth
Model state saved to ./results/models/checkpoints/smoke_schrodinger\2025-12-15_12-23-52-001885_ho_Classical\model_weights.pth
It: 400, Loss: 4.148e-01, Loss_res: 3.782e-01,  Loss_bcs: 1.359e-04, Loss_ut_ics: 1.184e-04, Loss_norm: 9.578e-04, w_pde: 1.00e+00, L^2_error: 4.260e-01, lr: 1.000e-03, Time: 6.53e+01
Model state saved to ./results/models/checkpoints/smoke_schrodinger\2025-12-15_12-23-52-001885_ho_Classical\model.pth
Model state saved to ./results/models/checkpoints/smoke_schrodinger\2025-12-15_12-23-52-001885_ho_Classical\model_weights.pth
It: 500, Loss: 3.733e-01, Loss_res: 3.415e-01,  Loss_bcs: 2.528e-04, Loss_ut_ics: 1.023e-04, Loss_norm: 7.849e-04, w_pde: 1.00e+00, L^2_error: 4.074e-01, lr: 1.000e-03, Time: 8.21e+01
Model state saved to ./results/models/checkpoints/smoke_schrodinger\2025-12-15_12-23-52-001885_ho_Classical\model.pth
Model state saved to ./results/models/checkpoints/smoke_schrodinger\2025-12-15_12-23-52-001885_ho_Classical\model_weights.pth
It: 600, Loss: 3.360e-01, Loss_res: 3.191e-01,  Loss_bcs: 7.969e-05, Loss_ut_ics: 5.382e-05, Loss_norm: 6.297e-04, w_pde: 1.00e+00, L^2_error: 3.793e-01, lr: 1.000e-03, Time: 9.84e+01
Model state saved to ./results/models/checkpoints/smoke_schrodinger\2025-12-15_12-23-52-001885_ho_Classical\model.pth
Model state saved to ./results/models/checkpoints/smoke_schrodinger\2025-12-15_12-23-52-001885_ho_Classical\model_weights.pth
It: 700, Loss: 3.443e-01, Loss_res: 2.591e-01,  Loss_bcs: 2.620e-04, Loss_ut_ics: 2.825e-04, Loss_norm: 2.011e-04, w_pde: 1.00e+00, L^2_error: 3.421e-01, lr: 1.000e-03, Time: 1.15e+02
Model state saved to ./results/models/checkpoints/smoke_schrodinger\2025-12-15_12-23-52-001885_ho_Classical\model.pth
Model state saved to ./results/models/checkpoints/smoke_schrodinger\2025-12-15_12-23-52-001885_ho_Classical\model_weights.pth
It: 800, Loss: 1.980e-01, Loss_res: 1.837e-01,  Loss_bcs: 4.759e-05, Loss_ut_ics: 4.685e-05, Loss_norm: 2.291e-04, w_pde: 1.00e+00, L^2_error: 2.745e-01, lr: 1.000e-03, Time: 1.31e+02
Model state saved to ./results/models/checkpoints/smoke_schrodinger\2025-12-15_12-23-52-001885_ho_Classical\model.pth
Model state saved to ./results/models/checkpoints/smoke_schrodinger\2025-12-15_12-23-52-001885_ho_Classical\model_weights.pth
It: 900, Loss: 1.317e-01, Loss_res: 1.153e-01,  Loss_bcs: 4.850e-05, Loss_ut_ics: 5.410e-05, Loss_norm: 1.031e-04, w_pde: 1.00e+00, L^2_error: 2.057e-01, lr: 1.000e-03, Time: 1.48e+02
Model state saved to ./results/models/checkpoints/smoke_schrodinger\2025-12-15_12-23-52-001885_ho_Classical\model.pth
Model state saved to ./results/models/checkpoints/smoke_schrodinger\2025-12-15_12-23-52-001885_ho_Classical\model_weights.pth
It: 1000, Loss: 7.117e-02, Loss_res: 6.432e-02,  Loss_bcs: 8.096e-05, Loss_ut_ics: 2.241e-05, Loss_norm: 4.568e-05, w_pde: 1.00e+00, L^2_error: 1.430e-01, lr: 1.000e-03, Time: 1.64e+02
Model state saved to ./results/models/checkpoints/smoke_schrodinger\2025-12-15_12-23-52-001885_ho_Classical\model.pth
Model state saved to ./results/models/checkpoints/smoke_schrodinger\2025-12-15_12-23-52-001885_ho_Classical\model_weights.pth
It: 1100, Loss: 4.326e-02, Loss_res: 3.729e-02,  Loss_bcs: 7.852e-05, Loss_ut_ics: 1.953e-05, Loss_norm: 3.293e-05, w_pde: 1.00e+00, L^2_error: 9.839e-02, lr: 1.000e-03, Time: 1.81e+02
Model state saved to ./results/models/checkpoints/smoke_schrodinger\2025-12-15_12-23-52-001885_ho_Classical\model.pth
Model state saved to ./results/models/checkpoints/smoke_schrodinger\2025-12-15_12-23-52-001885_ho_Classical\model_weights.pth
It: 1200, Loss: 1.997e-01, Loss_res: 6.243e-02,  Loss_bcs: 5.500e-04, Loss_ut_ics: 4.558e-04, Loss_norm: 1.982e-05, w_pde: 1.00e+00, L^2_error: 1.008e-01, lr: 1.000e-03, Time: 1.97e+02
Model state saved to ./results/models/checkpoints/smoke_schrodinger\2025-12-15_12-23-52-001885_ho_Classical\model.pth
Model state saved to ./results/models/checkpoints/smoke_schrodinger\2025-12-15_12-23-52-001885_ho_Classical\model_weights.pth
It: 1300, Loss: 2.598e-02, Loss_res: 2.174e-02,  Loss_bcs: 5.443e-05, Loss_ut_ics: 1.393e-05, Loss_norm: 2.755e-06, w_pde: 1.00e+00, L^2_error: 6.282e-02, lr: 1.000e-03, Time: 2.14e+02
Model state saved to ./results/models/checkpoints/smoke_schrodinger\2025-12-15_12-23-52-001885_ho_Classical\model.pth
Model state saved to ./results/models/checkpoints/smoke_schrodinger\2025-12-15_12-23-52-001885_ho_Classical\model_weights.pth
It: 1400, Loss: 4.438e-02, Loss_res: 2.392e-02,  Loss_bcs: 1.695e-04, Loss_ut_ics: 6.762e-05, Loss_norm: 2.954e-06, w_pde: 1.00e+00, L^2_error: 6.045e-02, lr: 1.000e-03, Time: 2.30e+02
Model state saved to ./results/models/checkpoints/smoke_schrodinger\2025-12-15_12-23-52-001885_ho_Classical\model.pth
Model state saved to ./results/models/checkpoints/smoke_schrodinger\2025-12-15_12-23-52-001885_ho_Classical\model_weights.pth
It: 1500, Loss: 1.977e-02, Loss_res: 1.601e-02,  Loss_bcs: 3.014e-05, Loss_ut_ics: 1.241e-05, Loss_norm: 8.009e-06, w_pde: 1.00e+00, L^2_error: 5.195e-02, lr: 1.000e-03, Time: 2.47e+02
Model state saved to ./results/models/checkpoints/smoke_schrodinger\2025-12-15_12-23-52-001885_ho_Classical\model.pth
Model state saved to ./results/models/checkpoints/smoke_schrodinger\2025-12-15_12-23-52-001885_ho_Classical\model_weights.pth
It: 1600, Loss: 1.869e-02, Loss_res: 1.455e-02,  Loss_bcs: 3.466e-05, Loss_ut_ics: 1.369e-05, Loss_norm: 4.754e-07, w_pde: 1.00e+00, L^2_error: 4.789e-02, lr: 1.000e-03, Time: 2.63e+02
Model state saved to ./results/models/checkpoints/smoke_schrodinger\2025-12-15_12-23-52-001885_ho_Classical\model.pth
Model state saved to ./results/models/checkpoints/smoke_schrodinger\2025-12-15_12-23-52-001885_ho_Classical\model_weights.pth
It: 1700, Loss: 2.908e-02, Loss_res: 1.618e-02,  Loss_bcs: 6.754e-05, Loss_ut_ics: 4.278e-05, Loss_norm: 1.383e-06, w_pde: 1.00e+00, L^2_error: 4.333e-02, lr: 1.000e-03, Time: 2.80e+02
Model state saved to ./results/models/checkpoints/smoke_schrodinger\2025-12-15_12-23-52-001885_ho_Classical\model.pth
Model state saved to ./results/models/checkpoints/smoke_schrodinger\2025-12-15_12-23-52-001885_ho_Classical\model_weights.pth
It: 1800, Loss: 1.287e-02, Loss_res: 1.076e-02,  Loss_bcs: 2.030e-05, Loss_ut_ics: 6.951e-06, Loss_norm: 3.194e-06, w_pde: 1.00e+00, L^2_error: 4.129e-02, lr: 1.000e-03, Time: 2.96e+02
Model state saved to ./results/models/checkpoints/smoke_schrodinger\2025-12-15_12-23-52-001885_ho_Classical\model.pth
Model state saved to ./results/models/checkpoints/smoke_schrodinger\2025-12-15_12-23-52-001885_ho_Classical\model_weights.pth
It: 1900, Loss: 1.364e-02, Loss_res: 1.079e-02,  Loss_bcs: 2.180e-05, Loss_ut_ics: 9.424e-06, Loss_norm: 1.769e-08, w_pde: 1.00e+00, L^2_error: 3.900e-02, lr: 1.000e-03, Time: 3.13e+02
Model state saved to ./results/models/checkpoints/smoke_schrodinger\2025-12-15_12-23-52-001885_ho_Classical\model.pth
Model state saved to ./results/models/checkpoints/smoke_schrodinger\2025-12-15_12-23-52-001885_ho_Classical\model_weights.pth
It: 2000, Loss: 1.165e-02, Loss_res: 9.574e-03,  Loss_bcs: 2.229e-05, Loss_ut_ics: 6.836e-06, Loss_norm: 3.295e-07, w_pde: 1.00e+00, L^2_error: 3.737e-02, lr: 1.000e-03, Time: 3.30e+02
Model state saved to ./results/models/checkpoints/smoke_schrodinger\2025-12-15_12-23-52-001885_ho_Classical\model.pth
Model state saved to ./results/models/checkpoints/smoke_schrodinger\2025-12-15_12-23-52-001885_ho_Classical\model_weights.pth
It: 2100, Loss: 2.537e-02, Loss_res: 1.070e-02,  Loss_bcs: 4.923e-05, Loss_ut_ics: 4.865e-05, Loss_norm: 2.014e-05, w_pde: 1.00e+00, L^2_error: 4.223e-02, lr: 1.000e-03, Time: 3.47e+02
Model state saved to ./results/models/checkpoints/smoke_schrodinger\2025-12-15_12-23-52-001885_ho_Classical\model.pth
Model state saved to ./results/models/checkpoints/smoke_schrodinger\2025-12-15_12-23-52-001885_ho_Classical\model_weights.pth
It: 2200, Loss: 1.152e-02, Loss_res: 8.163e-03,  Loss_bcs: 2.470e-05, Loss_ut_ics: 1.109e-05, Loss_norm: 4.527e-07, w_pde: 1.00e+00, L^2_error: 3.354e-02, lr: 1.000e-03, Time: 3.63e+02
Model state saved to ./results/models/checkpoints/smoke_schrodinger\2025-12-15_12-23-52-001885_ho_Classical\model.pth
Model state saved to ./results/models/checkpoints/smoke_schrodinger\2025-12-15_12-23-52-001885_ho_Classical\model_weights.pth
It: 2300, Loss: 8.606e-03, Loss_res: 7.058e-03,  Loss_bcs: 9.873e-06, Loss_ut_ics: 5.121e-06, Loss_norm: 1.418e-06, w_pde: 1.00e+00, L^2_error: 3.105e-02, lr: 1.000e-03, Time: 3.79e+02
Model state saved to ./results/models/checkpoints/smoke_schrodinger\2025-12-15_12-23-52-001885_ho_Classical\model.pth
Model state saved to ./results/models/checkpoints/smoke_schrodinger\2025-12-15_12-23-52-001885_ho_Classical\model_weights.pth
It: 2400, Loss: 4.905e-02, Loss_res: 1.545e-02,  Loss_bcs: 1.114e-04, Loss_ut_ics: 1.116e-04, Loss_norm: 1.462e-06, w_pde: 1.00e+00, L^2_error: 4.498e-02, lr: 1.000e-03, Time: 3.95e+02
Model state saved to ./results/models/checkpoints/smoke_schrodinger\2025-12-15_12-23-52-001885_ho_Classical\model.pth
Model state saved to ./results/models/checkpoints/smoke_schrodinger\2025-12-15_12-23-52-001885_ho_Classical\model_weights.pth
It: 2500, Loss: 2.475e-02, Loss_res: 8.726e-03,  Loss_bcs: 6.089e-05, Loss_ut_ics: 5.313e-05, Loss_norm: 2.398e-05, w_pde: 1.00e+00, L^2_error: 3.400e-02, lr: 1.000e-03, Time: 4.12e+02
Model state saved to ./results/models/checkpoints/smoke_schrodinger\2025-12-15_12-23-52-001885_ho_Classical\model.pth
Model state saved to ./results/models/checkpoints/smoke_schrodinger\2025-12-15_12-23-52-001885_ho_Classical\model_weights.pth
checkpoint path: self.log_path='./results/models/checkpoints/smoke_schrodinger\\2025-12-15_12-33-42-646054_ho_Classical'
It: 1, Loss: 3.491e+01, Loss_res: 8.299e-01,  Loss_bcs: 1.344e-02, Loss_ut_ics: 1.139e-01, Loss_norm: 7.316e-01, w_pde: 2.50e-03, L^2_error: 1.081e+00, lr: 1.000e-03, Time: 3.06e-01
Model state saved to ./results/models/checkpoints/smoke_schrodinger\2025-12-15_12-33-42-646054_ho_Classical\model.pth
Model state saved to ./results/models/checkpoints/smoke_schrodinger\2025-12-15_12-33-42-646054_ho_Classical\model_weights.pth
It: 100, Loss: 2.008e+01, Loss_res: 2.528e-01,  Loss_bcs: 1.562e-03, Loss_ut_ics: 6.460e-02, Loss_norm: 6.404e-01, w_pde: 2.50e-01, L^2_error: 9.013e-01, lr: 1.000e-03, Time: 2.00e+01
Model state saved to ./results/models/checkpoints/smoke_schrodinger\2025-12-15_12-33-42-646054_ho_Classical\model.pth
Model state saved to ./results/models/checkpoints/smoke_schrodinger\2025-12-15_12-33-42-646054_ho_Classical\model_weights.pth
It: 200, Loss: 1.083e+00, Loss_res: 5.610e-01,  Loss_bcs: 2.086e-03, Loss_ut_ics: 2.650e-03, Loss_norm: 4.847e-03, w_pde: 5.00e-01, L^2_error: 4.836e-01, lr: 1.000e-03, Time: 4.04e+01
Model state saved to ./results/models/checkpoints/smoke_schrodinger\2025-12-15_12-33-42-646054_ho_Classical\model.pth
Model state saved to ./results/models/checkpoints/smoke_schrodinger\2025-12-15_12-33-42-646054_ho_Classical\model_weights.pth
It: 300, Loss: 4.275e-01, Loss_res: 4.489e-01,  Loss_bcs: 7.729e-05, Loss_ut_ics: 2.988e-04, Loss_norm: 1.089e-03, w_pde: 7.50e-01, L^2_error: 4.430e-01, lr: 1.000e-03, Time: 6.06e+01
Model state saved to ./results/models/checkpoints/smoke_schrodinger\2025-12-15_12-33-42-646054_ho_Classical\model.pth
Model state saved to ./results/models/checkpoints/smoke_schrodinger\2025-12-15_12-33-42-646054_ho_Classical\model_weights.pth
It: 400, Loss: 5.710e-01, Loss_res: 4.132e-01,  Loss_bcs: 3.374e-04, Loss_ut_ics: 5.210e-04, Loss_norm: 1.168e-03, w_pde: 1.00e+00, L^2_error: 4.366e-01, lr: 1.000e-03, Time: 8.10e+01
Model state saved to ./results/models/checkpoints/smoke_schrodinger\2025-12-15_12-33-42-646054_ho_Classical\model.pth
Model state saved to ./results/models/checkpoints/smoke_schrodinger\2025-12-15_12-33-42-646054_ho_Classical\model_weights.pth
It: 500, Loss: 4.141e-01, Loss_res: 4.006e-01,  Loss_bcs: 1.105e-04, Loss_ut_ics: 4.216e-05, Loss_norm: 7.640e-04, w_pde: 1.00e+00, L^2_error: 4.303e-01, lr: 1.000e-03, Time: 1.02e+02
Model state saved to ./results/models/checkpoints/smoke_schrodinger\2025-12-15_12-33-42-646054_ho_Classical\model.pth
Model state saved to ./results/models/checkpoints/smoke_schrodinger\2025-12-15_12-33-42-646054_ho_Classical\model_weights.pth
It: 600, Loss: 3.705e-01, Loss_res: 3.587e-01,  Loss_bcs: 7.520e-05, Loss_ut_ics: 3.646e-05, Loss_norm: 7.526e-04, w_pde: 1.00e+00, L^2_error: 4.211e-01, lr: 1.000e-03, Time: 1.22e+02
Model state saved to ./results/models/checkpoints/smoke_schrodinger\2025-12-15_12-33-42-646054_ho_Classical\model.pth
Model state saved to ./results/models/checkpoints/smoke_schrodinger\2025-12-15_12-33-42-646054_ho_Classical\model_weights.pth
It: 700, Loss: 3.553e-01, Loss_res: 3.436e-01,  Loss_bcs: 8.826e-05, Loss_ut_ics: 3.655e-05, Loss_norm: 6.326e-04, w_pde: 1.00e+00, L^2_error: 3.985e-01, lr: 1.000e-03, Time: 1.43e+02
Model state saved to ./results/models/checkpoints/smoke_schrodinger\2025-12-15_12-33-42-646054_ho_Classical\model.pth
Model state saved to ./results/models/checkpoints/smoke_schrodinger\2025-12-15_12-33-42-646054_ho_Classical\model_weights.pth
It: 800, Loss: 2.559e-01, Loss_res: 2.344e-01,  Loss_bcs: 5.271e-05, Loss_ut_ics: 7.008e-05, Loss_norm: 4.745e-04, w_pde: 1.00e+00, L^2_error: 3.326e-01, lr: 1.000e-03, Time: 1.64e+02
Model state saved to ./results/models/checkpoints/smoke_schrodinger\2025-12-15_12-33-42-646054_ho_Classical\model.pth
Model state saved to ./results/models/checkpoints/smoke_schrodinger\2025-12-15_12-33-42-646054_ho_Classical\model_weights.pth
It: 900, Loss: 1.198e-01, Loss_res: 1.084e-01,  Loss_bcs: 4.977e-05, Loss_ut_ics: 3.744e-05, Loss_norm: 1.173e-04, w_pde: 1.00e+00, L^2_error: 2.170e-01, lr: 1.000e-03, Time: 1.84e+02
Model state saved to ./results/models/checkpoints/smoke_schrodinger\2025-12-15_12-33-42-646054_ho_Classical\model.pth
Model state saved to ./results/models/checkpoints/smoke_schrodinger\2025-12-15_12-33-42-646054_ho_Classical\model_weights.pth
It: 1000, Loss: 7.038e-02, Loss_res: 6.136e-02,  Loss_bcs: 3.838e-05, Loss_ut_ics: 2.973e-05, Loss_norm: 5.971e-05, w_pde: 1.00e+00, L^2_error: 1.428e-01, lr: 1.000e-03, Time: 2.04e+02
Model state saved to ./results/models/checkpoints/smoke_schrodinger\2025-12-15_12-33-42-646054_ho_Classical\model.pth
Model state saved to ./results/models/checkpoints/smoke_schrodinger\2025-12-15_12-33-42-646054_ho_Classical\model_weights.pth
It: 1100, Loss: 4.970e-02, Loss_res: 4.249e-02,  Loss_bcs: 6.669e-05, Loss_ut_ics: 2.378e-05, Loss_norm: 1.812e-05, w_pde: 1.00e+00, L^2_error: 1.039e-01, lr: 1.000e-03, Time: 2.25e+02
Model state saved to ./results/models/checkpoints/smoke_schrodinger\2025-12-15_12-33-42-646054_ho_Classical\model.pth
Model state saved to ./results/models/checkpoints/smoke_schrodinger\2025-12-15_12-33-42-646054_ho_Classical\model_weights.pth
It: 1200, Loss: 5.441e-02, Loss_res: 3.586e-02,  Loss_bcs: 1.612e-04, Loss_ut_ics: 6.130e-05, Loss_norm: 1.077e-06, w_pde: 1.00e+00, L^2_error: 8.682e-02, lr: 1.000e-03, Time: 2.45e+02
Model state saved to ./results/models/checkpoints/smoke_schrodinger\2025-12-15_12-33-42-646054_ho_Classical\model.pth
Model state saved to ./results/models/checkpoints/smoke_schrodinger\2025-12-15_12-33-42-646054_ho_Classical\model_weights.pth
It: 1300, Loss: 3.810e-02, Loss_res: 2.607e-02,  Loss_bcs: 3.279e-05, Loss_ut_ics: 3.993e-05, Loss_norm: 1.632e-05, w_pde: 1.00e+00, L^2_error: 7.177e-02, lr: 1.000e-03, Time: 2.66e+02
Model state saved to ./results/models/checkpoints/smoke_schrodinger\2025-12-15_12-33-42-646054_ho_Classical\model.pth
Model state saved to ./results/models/checkpoints/smoke_schrodinger\2025-12-15_12-33-42-646054_ho_Classical\model_weights.pth
It: 1400, Loss: 2.190e-02, Loss_res: 1.902e-02,  Loss_bcs: 1.761e-05, Loss_ut_ics: 9.521e-06, Loss_norm: 6.763e-06, w_pde: 1.00e+00, L^2_error: 6.002e-02, lr: 1.000e-03, Time: 2.86e+02
Model state saved to ./results/models/checkpoints/smoke_schrodinger\2025-12-15_12-33-42-646054_ho_Classical\model.pth
Model state saved to ./results/models/checkpoints/smoke_schrodinger\2025-12-15_12-33-42-646054_ho_Classical\model_weights.pth
It: 1500, Loss: 3.600e-02, Loss_res: 2.054e-02,  Loss_bcs: 7.339e-05, Loss_ut_ics: 5.126e-05, Loss_norm: 3.382e-06, w_pde: 1.00e+00, L^2_error: 6.210e-02, lr: 1.000e-03, Time: 3.07e+02
Model state saved to ./results/models/checkpoints/smoke_schrodinger\2025-12-15_12-33-42-646054_ho_Classical\model.pth
Model state saved to ./results/models/checkpoints/smoke_schrodinger\2025-12-15_12-33-42-646054_ho_Classical\model_weights.pth
It: 1600, Loss: 1.664e-02, Loss_res: 1.436e-02,  Loss_bcs: 1.458e-05, Loss_ut_ics: 7.534e-06, Loss_norm: 3.582e-06, w_pde: 1.00e+00, L^2_error: 4.598e-02, lr: 1.000e-03, Time: 3.27e+02
Model state saved to ./results/models/checkpoints/smoke_schrodinger\2025-12-15_12-33-42-646054_ho_Classical\model.pth
Model state saved to ./results/models/checkpoints/smoke_schrodinger\2025-12-15_12-33-42-646054_ho_Classical\model_weights.pth
It: 1700, Loss: 1.739e-02, Loss_res: 1.266e-02,  Loss_bcs: 2.186e-05, Loss_ut_ics: 1.562e-05, Loss_norm: 2.456e-05, w_pde: 1.00e+00, L^2_error: 5.096e-02, lr: 1.000e-03, Time: 3.47e+02
Model state saved to ./results/models/checkpoints/smoke_schrodinger\2025-12-15_12-33-42-646054_ho_Classical\model.pth
Model state saved to ./results/models/checkpoints/smoke_schrodinger\2025-12-15_12-33-42-646054_ho_Classical\model_weights.pth
It: 1800, Loss: 1.581e-02, Loss_res: 1.127e-02,  Loss_bcs: 3.044e-05, Loss_ut_ics: 1.504e-05, Loss_norm: 1.811e-08, w_pde: 1.00e+00, L^2_error: 3.863e-02, lr: 1.000e-03, Time: 3.67e+02
Model state saved to ./results/models/checkpoints/smoke_schrodinger\2025-12-15_12-33-42-646054_ho_Classical\model.pth
Model state saved to ./results/models/checkpoints/smoke_schrodinger\2025-12-15_12-33-42-646054_ho_Classical\model_weights.pth
It: 1900, Loss: 1.023e-02, Loss_res: 8.907e-03,  Loss_bcs: 7.999e-06, Loss_ut_ics: 4.393e-06, Loss_norm: 1.705e-06, w_pde: 1.00e+00, L^2_error: 3.459e-02, lr: 1.000e-03, Time: 3.88e+02
Model state saved to ./results/models/checkpoints/smoke_schrodinger\2025-12-15_12-33-42-646054_ho_Classical\model.pth
Model state saved to ./results/models/checkpoints/smoke_schrodinger\2025-12-15_12-33-42-646054_ho_Classical\model_weights.pth
It: 2000, Loss: 1.504e-02, Loss_res: 9.502e-03,  Loss_bcs: 3.233e-05, Loss_ut_ics: 1.837e-05, Loss_norm: 5.167e-08, w_pde: 1.00e+00, L^2_error: 3.494e-02, lr: 1.000e-03, Time: 4.08e+02
Model state saved to ./results/models/checkpoints/smoke_schrodinger\2025-12-15_12-33-42-646054_ho_Classical\model.pth
Model state saved to ./results/models/checkpoints/smoke_schrodinger\2025-12-15_12-33-42-646054_ho_Classical\model_weights.pth
It: 2100, Loss: 8.369e-03, Loss_res: 7.305e-03,  Loss_bcs: 7.450e-06, Loss_ut_ics: 3.517e-06, Loss_norm: 1.030e-06, w_pde: 1.00e+00, L^2_error: 3.006e-02, lr: 1.000e-03, Time: 4.29e+02
Model state saved to ./results/models/checkpoints/smoke_schrodinger\2025-12-15_12-33-42-646054_ho_Classical\model.pth
Model state saved to ./results/models/checkpoints/smoke_schrodinger\2025-12-15_12-33-42-646054_ho_Classical\model_weights.pth
It: 2200, Loss: 2.454e-02, Loss_res: 1.100e-02,  Loss_bcs: 6.551e-05, Loss_ut_ics: 4.493e-05, Loss_norm: 1.696e-06, w_pde: 1.00e+00, L^2_error: 3.944e-02, lr: 1.000e-03, Time: 4.49e+02
Model state saved to ./results/models/checkpoints/smoke_schrodinger\2025-12-15_12-33-42-646054_ho_Classical\model.pth
Model state saved to ./results/models/checkpoints/smoke_schrodinger\2025-12-15_12-33-42-646054_ho_Classical\model_weights.pth
It: 2300, Loss: 7.174e-03, Loss_res: 6.291e-03,  Loss_bcs: 5.790e-06, Loss_ut_ics: 2.922e-06, Loss_norm: 6.282e-07, w_pde: 1.00e+00, L^2_error: 2.684e-02, lr: 1.000e-03, Time: 4.69e+02
Model state saved to ./results/models/checkpoints/smoke_schrodinger\2025-12-15_12-33-42-646054_ho_Classical\model.pth
Model state saved to ./results/models/checkpoints/smoke_schrodinger\2025-12-15_12-33-42-646054_ho_Classical\model_weights.pth
It: 2400, Loss: 7.158e-03, Loss_res: 6.100e-03,  Loss_bcs: 7.184e-06, Loss_ut_ics: 3.500e-06, Loss_norm: 7.365e-07, w_pde: 1.00e+00, L^2_error: 2.731e-02, lr: 1.000e-03, Time: 4.90e+02
Model state saved to ./results/models/checkpoints/smoke_schrodinger\2025-12-15_12-33-42-646054_ho_Classical\model.pth
Model state saved to ./results/models/checkpoints/smoke_schrodinger\2025-12-15_12-33-42-646054_ho_Classical\model_weights.pth
It: 2500, Loss: 6.938e-03, Loss_res: 5.461e-03,  Loss_bcs: 5.717e-06, Loss_ut_ics: 4.897e-06, Loss_norm: 1.915e-06, w_pde: 1.00e+00, L^2_error: 2.538e-02, lr: 1.000e-03, Time: 5.10e+02
Model state saved to ./results/models/checkpoints/smoke_schrodinger\2025-12-15_12-33-42-646054_ho_Classical\model.pth
Model state saved to ./results/models/checkpoints/smoke_schrodinger\2025-12-15_12-33-42-646054_ho_Classical\model_weights.pth
