checkpoint path: self.log_path='./results/models/checkpoints/smoke_schrodinger\\2025-12-15_08-09-21-212723_box_Classical'
It: 1, Loss: 3.858e+02, Loss_res: 9.765e-03,  Loss_bcs: 5.561e-02, Loss_ut_ics: 1.274e+00, Loss_norm: 9.030e-01, w_pde: 2.50e-03, L^2_error: 9.301e-01, lr: 1.000e-03, Time: 1.41e-01
Model state saved to ./results/models/checkpoints/smoke_schrodinger\2025-12-15_08-09-21-212723_box_Classical\model.pth
Model state saved to ./results/models/checkpoints/smoke_schrodinger\2025-12-15_08-09-21-212723_box_Classical\model_weights.pth
It: 100, Loss: 7.076e+01, Loss_res: 1.913e+01,  Loss_bcs: 2.119e-01, Loss_ut_ics: 1.843e-01, Loss_norm: 8.647e-02, w_pde: 2.50e-01, L^2_error: 9.876e-01, lr: 1.000e-03, Time: 9.46e+00
Model state saved to ./results/models/checkpoints/smoke_schrodinger\2025-12-15_08-09-21-212723_box_Classical\model.pth
Model state saved to ./results/models/checkpoints/smoke_schrodinger\2025-12-15_08-09-21-212723_box_Classical\model_weights.pth
It: 200, Loss: 1.419e+01, Loss_res: 1.804e+01,  Loss_bcs: 2.652e-02, Loss_ut_ics: 1.277e-02, Loss_norm: 1.165e-02, w_pde: 5.00e-01, L^2_error: 7.840e-01, lr: 1.000e-03, Time: 1.86e+01
Model state saved to ./results/models/checkpoints/smoke_schrodinger\2025-12-15_08-09-21-212723_box_Classical\model.pth
Model state saved to ./results/models/checkpoints/smoke_schrodinger\2025-12-15_08-09-21-212723_box_Classical\model_weights.pth
It: 300, Loss: 8.942e+00, Loss_res: 6.668e+00,  Loss_bcs: 3.900e-02, Loss_ut_ics: 6.628e-03, Loss_norm: 2.147e-03, w_pde: 7.50e-01, L^2_error: 5.071e-01, lr: 1.000e-03, Time: 2.74e+01
Model state saved to ./results/models/checkpoints/smoke_schrodinger\2025-12-15_08-09-21-212723_box_Classical\model.pth
Model state saved to ./results/models/checkpoints/smoke_schrodinger\2025-12-15_08-09-21-212723_box_Classical\model_weights.pth
It: 400, Loss: 7.888e+00, Loss_res: 3.600e+00,  Loss_bcs: 4.531e-02, Loss_ut_ics: 6.725e-03, Loss_norm: 5.185e-03, w_pde: 1.00e+00, L^2_error: 4.537e-01, lr: 1.000e-03, Time: 3.61e+01
Model state saved to ./results/models/checkpoints/smoke_schrodinger\2025-12-15_08-09-21-212723_box_Classical\model.pth
Model state saved to ./results/models/checkpoints/smoke_schrodinger\2025-12-15_08-09-21-212723_box_Classical\model_weights.pth
It: 500, Loss: 4.915e+00, Loss_res: 1.824e+00,  Loss_bcs: 3.836e-02, Loss_ut_ics: 3.905e-03, Loss_norm: 1.293e-03, w_pde: 1.00e+00, L^2_error: 3.493e-01, lr: 1.000e-03, Time: 4.54e+01
Model state saved to ./results/models/checkpoints/smoke_schrodinger\2025-12-15_08-09-21-212723_box_Classical\model.pth
Model state saved to ./results/models/checkpoints/smoke_schrodinger\2025-12-15_08-09-21-212723_box_Classical\model_weights.pth
It: 600, Loss: 2.271e+00, Loss_res: 1.079e+00,  Loss_bcs: 1.597e-02, Loss_ut_ics: 1.313e-03, Loss_norm: 2.723e-04, w_pde: 1.00e+00, L^2_error: 2.131e-01, lr: 1.000e-03, Time: 5.43e+01
Model state saved to ./results/models/checkpoints/smoke_schrodinger\2025-12-15_08-09-21-212723_box_Classical\model.pth
Model state saved to ./results/models/checkpoints/smoke_schrodinger\2025-12-15_08-09-21-212723_box_Classical\model_weights.pth
It: 700, Loss: 1.600e+00, Loss_res: 8.491e-01,  Loss_bcs: 7.906e-03, Loss_ut_ics: 1.180e-03, Loss_norm: 1.428e-03, w_pde: 1.00e+00, L^2_error: 1.850e-01, lr: 1.000e-03, Time: 6.47e+01
Model state saved to ./results/models/checkpoints/smoke_schrodinger\2025-12-15_08-09-21-212723_box_Classical\model.pth
Model state saved to ./results/models/checkpoints/smoke_schrodinger\2025-12-15_08-09-21-212723_box_Classical\model_weights.pth
It: 800, Loss: 1.130e+00, Loss_res: 5.882e-01,  Loss_bcs: 6.233e-03, Loss_ut_ics: 7.651e-04, Loss_norm: 8.149e-04, w_pde: 1.00e+00, L^2_error: 1.586e-01, lr: 1.000e-03, Time: 7.48e+01
Model state saved to ./results/models/checkpoints/smoke_schrodinger\2025-12-15_08-09-21-212723_box_Classical\model.pth
Model state saved to ./results/models/checkpoints/smoke_schrodinger\2025-12-15_08-09-21-212723_box_Classical\model_weights.pth
It: 900, Loss: 8.268e-01, Loss_res: 4.448e-01,  Loss_bcs: 5.233e-03, Loss_ut_ics: 4.008e-04, Loss_norm: 6.719e-05, w_pde: 1.00e+00, L^2_error: 1.301e-01, lr: 1.000e-03, Time: 8.54e+01
Model state saved to ./results/models/checkpoints/smoke_schrodinger\2025-12-15_08-09-21-212723_box_Classical\model.pth
Model state saved to ./results/models/checkpoints/smoke_schrodinger\2025-12-15_08-09-21-212723_box_Classical\model_weights.pth
It: 1000, Loss: 8.049e-01, Loss_res: 3.474e-01,  Loss_bcs: 6.155e-03, Loss_ut_ics: 4.974e-04, Loss_norm: 4.995e-04, w_pde: 1.00e+00, L^2_error: 1.068e-01, lr: 1.000e-03, Time: 9.71e+01
Model state saved to ./results/models/checkpoints/smoke_schrodinger\2025-12-15_08-09-21-212723_box_Classical\model.pth
Model state saved to ./results/models/checkpoints/smoke_schrodinger\2025-12-15_08-09-21-212723_box_Classical\model_weights.pth
It: 1100, Loss: 5.172e-01, Loss_res: 2.807e-01,  Loss_bcs: 3.263e-03, Loss_ut_ics: 2.443e-04, Loss_norm: 2.567e-05, w_pde: 1.00e+00, L^2_error: 1.011e-01, lr: 1.000e-03, Time: 1.07e+02
Model state saved to ./results/models/checkpoints/smoke_schrodinger\2025-12-15_08-09-21-212723_box_Classical\model.pth
Model state saved to ./results/models/checkpoints/smoke_schrodinger\2025-12-15_08-09-21-212723_box_Classical\model_weights.pth
It: 1200, Loss: 4.298e-01, Loss_res: 2.054e-01,  Loss_bcs: 3.025e-03, Loss_ut_ics: 2.439e-04, Loss_norm: 2.998e-05, w_pde: 1.00e+00, L^2_error: 8.912e-02, lr: 1.000e-03, Time: 1.15e+02
Model state saved to ./results/models/checkpoints/smoke_schrodinger\2025-12-15_08-09-21-212723_box_Classical\model.pth
Model state saved to ./results/models/checkpoints/smoke_schrodinger\2025-12-15_08-09-21-212723_box_Classical\model_weights.pth
It: 1300, Loss: 3.679e-01, Loss_res: 1.626e-01,  Loss_bcs: 2.827e-03, Loss_ut_ics: 2.128e-04, Loss_norm: 1.083e-04, w_pde: 1.00e+00, L^2_error: 8.297e-02, lr: 1.000e-03, Time: 1.24e+02
Model state saved to ./results/models/checkpoints/smoke_schrodinger\2025-12-15_08-09-21-212723_box_Classical\model.pth
Model state saved to ./results/models/checkpoints/smoke_schrodinger\2025-12-15_08-09-21-212723_box_Classical\model_weights.pth
It: 1400, Loss: 3.012e-01, Loss_res: 1.298e-01,  Loss_bcs: 2.461e-03, Loss_ut_ics: 1.610e-04, Loss_norm: 3.579e-05, w_pde: 1.00e+00, L^2_error: 7.250e-02, lr: 1.000e-03, Time: 1.33e+02
Model state saved to ./results/models/checkpoints/smoke_schrodinger\2025-12-15_08-09-21-212723_box_Classical\model.pth
Model state saved to ./results/models/checkpoints/smoke_schrodinger\2025-12-15_08-09-21-212723_box_Classical\model_weights.pth
It: 1500, Loss: 2.267e-01, Loss_res: 9.116e-02,  Loss_bcs: 1.983e-03, Loss_ut_ics: 1.212e-04, Loss_norm: 1.304e-06, w_pde: 1.00e+00, L^2_error: 6.378e-02, lr: 1.000e-03, Time: 1.42e+02
Model state saved to ./results/models/checkpoints/smoke_schrodinger\2025-12-15_08-09-21-212723_box_Classical\model.pth
Model state saved to ./results/models/checkpoints/smoke_schrodinger\2025-12-15_08-09-21-212723_box_Classical\model_weights.pth
