It: 1, Loss: 1.315e+02, Loss_res: 1.553e+01,  Loss_bcs: 1.985e-01, Loss_ut_ics: 5.239e-01, Loss_norm: 5.289e+00, w_pde: 5.00e-03, L^2_error: 2.379e+00, lr: 1.000e-03, Time: 5.77e-01
Model state saved to ./results/models/checkpoints/smoke_schrodinger\2025-12-20_16-48-41-177680_ho_DV\model.pth
Model state saved to ./results/models/checkpoints/smoke_schrodinger\2025-12-20_16-48-41-177680_ho_DV\model_weights.pth
It: 2, Loss: 1.064e+02, Loss_res: 1.175e+01,  Loss_bcs: 1.535e-01, Loss_ut_ics: 4.599e-01, Loss_norm: 2.832e+00, w_pde: 1.00e-02, L^2_error: 2.229e+00, lr: 1.000e-03, Time: 1.31e+00
Model state saved to ./results/models/checkpoints/smoke_schrodinger\2025-12-20_16-48-41-177680_ho_DV\model.pth
Model state saved to ./results/models/checkpoints/smoke_schrodinger\2025-12-20_16-48-41-177680_ho_DV\model_weights.pth
It: 3, Loss: 8.782e+01, Loss_res: 8.191e+00,  Loss_bcs: 1.186e-01, Loss_ut_ics: 4.041e-01, Loss_norm: 1.350e+00, w_pde: 1.50e-02, L^2_error: 2.092e+00, lr: 1.000e-03, Time: 1.88e+00
Model state saved to ./results/models/checkpoints/smoke_schrodinger\2025-12-20_16-48-41-177680_ho_DV\model.pth
Model state saved to ./results/models/checkpoints/smoke_schrodinger\2025-12-20_16-48-41-177680_ho_DV\model_weights.pth
It: 4, Loss: 7.419e+01, Loss_res: 7.149e+00,  Loss_bcs: 9.133e-02, Loss_ut_ics: 3.564e-01, Loss_norm: 5.364e-01, w_pde: 2.00e-02, L^2_error: 1.967e+00, lr: 1.000e-03, Time: 2.41e+00
Model state saved to ./results/models/checkpoints/smoke_schrodinger\2025-12-20_16-48-41-177680_ho_DV\model.pth
Model state saved to ./results/models/checkpoints/smoke_schrodinger\2025-12-20_16-48-41-177680_ho_DV\model_weights.pth
It: 5, Loss: 6.411e+01, Loss_res: 5.791e+00,  Loss_bcs: 7.133e-02, Loss_ut_ics: 3.158e-01, Loss_norm: 1.479e-01, w_pde: 2.50e-02, L^2_error: 1.856e+00, lr: 1.000e-03, Time: 2.92e+00
Model state saved to ./results/models/checkpoints/smoke_schrodinger\2025-12-20_16-48-41-177680_ho_DV\model.pth
Model state saved to ./results/models/checkpoints/smoke_schrodinger\2025-12-20_16-48-41-177680_ho_DV\model_weights.pth
It: 6, Loss: 5.655e+01, Loss_res: 4.286e+00,  Loss_bcs: 5.665e-02, Loss_ut_ics: 2.815e-01, Loss_norm: 1.149e-02, w_pde: 3.00e-02, L^2_error: 1.755e+00, lr: 1.000e-03, Time: 3.41e+00
Model state saved to ./results/models/checkpoints/smoke_schrodinger\2025-12-20_16-48-41-177680_ho_DV\model.pth
Model state saved to ./results/models/checkpoints/smoke_schrodinger\2025-12-20_16-48-41-177680_ho_DV\model_weights.pth
It: 7, Loss: 5.074e+01, Loss_res: 3.455e+00,  Loss_bcs: 4.591e-02, Loss_ut_ics: 2.525e-01, Loss_norm: 1.287e-02, w_pde: 3.50e-02, L^2_error: 1.666e+00, lr: 1.000e-03, Time: 3.95e+00
Model state saved to ./results/models/checkpoints/smoke_schrodinger\2025-12-20_16-48-41-177680_ho_DV\model.pth
Model state saved to ./results/models/checkpoints/smoke_schrodinger\2025-12-20_16-48-41-177680_ho_DV\model_weights.pth
It: 8, Loss: 4.614e+01, Loss_res: 2.775e+00,  Loss_bcs: 3.811e-02, Loss_ut_ics: 2.279e-01, Loss_norm: 8.204e-02, w_pde: 4.00e-02, L^2_error: 1.585e+00, lr: 1.000e-03, Time: 4.58e+00
Model state saved to ./results/models/checkpoints/smoke_schrodinger\2025-12-20_16-48-41-177680_ho_DV\model.pth
Model state saved to ./results/models/checkpoints/smoke_schrodinger\2025-12-20_16-48-41-177680_ho_DV\model_weights.pth
It: 9, Loss: 4.240e+01, Loss_res: 2.548e+00,  Loss_bcs: 3.242e-02, Loss_ut_ics: 2.068e-01, Loss_norm: 1.785e-01, w_pde: 4.50e-02, L^2_error: 1.511e+00, lr: 1.000e-03, Time: 5.13e+00
Model state saved to ./results/models/checkpoints/smoke_schrodinger\2025-12-20_16-48-41-177680_ho_DV\model.pth
Model state saved to ./results/models/checkpoints/smoke_schrodinger\2025-12-20_16-48-41-177680_ho_DV\model_weights.pth
It: 10, Loss: 3.924e+01, Loss_res: 1.855e+00,  Loss_bcs: 2.827e-02, Loss_ut_ics: 1.886e-01, Loss_norm: 2.801e-01, w_pde: 5.00e-02, L^2_error: 1.445e+00, lr: 1.000e-03, Time: 5.68e+00
Model state saved to ./results/models/checkpoints/smoke_schrodinger\2025-12-20_16-48-41-177680_ho_DV\model.pth
Model state saved to ./results/models/checkpoints/smoke_schrodinger\2025-12-20_16-48-41-177680_ho_DV\model_weights.pth
It: 11, Loss: 3.654e+01, Loss_res: 1.629e+00,  Loss_bcs: 2.519e-02, Loss_ut_ics: 1.727e-01, Loss_norm: 3.754e-01, w_pde: 5.50e-02, L^2_error: 1.384e+00, lr: 1.000e-03, Time: 6.24e+00
Model state saved to ./results/models/checkpoints/smoke_schrodinger\2025-12-20_16-48-41-177680_ho_DV\model.pth
Model state saved to ./results/models/checkpoints/smoke_schrodinger\2025-12-20_16-48-41-177680_ho_DV\model_weights.pth
It: 12, Loss: 3.418e+01, Loss_res: 1.666e+00,  Loss_bcs: 2.284e-02, Loss_ut_ics: 1.588e-01, Loss_norm: 4.593e-01, w_pde: 6.00e-02, L^2_error: 1.328e+00, lr: 1.000e-03, Time: 6.77e+00
Model state saved to ./results/models/checkpoints/smoke_schrodinger\2025-12-20_16-48-41-177680_ho_DV\model.pth
Model state saved to ./results/models/checkpoints/smoke_schrodinger\2025-12-20_16-48-41-177680_ho_DV\model_weights.pth
It: 13, Loss: 3.205e+01, Loss_res: 1.468e+00,  Loss_bcs: 2.103e-02, Loss_ut_ics: 1.464e-01, Loss_norm: 5.300e-01, w_pde: 6.50e-02, L^2_error: 1.276e+00, lr: 1.000e-03, Time: 7.31e+00
Model state saved to ./results/models/checkpoints/smoke_schrodinger\2025-12-20_16-48-41-177680_ho_DV\model.pth
Model state saved to ./results/models/checkpoints/smoke_schrodinger\2025-12-20_16-48-41-177680_ho_DV\model_weights.pth
It: 14, Loss: 3.012e+01, Loss_res: 1.197e+00,  Loss_bcs: 1.959e-02, Loss_ut_ics: 1.354e-01, Loss_norm: 5.871e-01, w_pde: 7.00e-02, L^2_error: 1.227e+00, lr: 1.000e-03, Time: 7.89e+00
Model state saved to ./results/models/checkpoints/smoke_schrodinger\2025-12-20_16-48-41-177680_ho_DV\model.pth
Model state saved to ./results/models/checkpoints/smoke_schrodinger\2025-12-20_16-48-41-177680_ho_DV\model_weights.pth
It: 15, Loss: 2.838e+01, Loss_res: 1.334e+00,  Loss_bcs: 1.844e-02, Loss_ut_ics: 1.255e-01, Loss_norm: 6.314e-01, w_pde: 7.50e-02, L^2_error: 1.182e+00, lr: 1.000e-03, Time: 8.50e+00
Model state saved to ./results/models/checkpoints/smoke_schrodinger\2025-12-20_16-48-41-177680_ho_DV\model.pth
Model state saved to ./results/models/checkpoints/smoke_schrodinger\2025-12-20_16-48-41-177680_ho_DV\model_weights.pth
It: 16, Loss: 2.674e+01, Loss_res: 1.131e+00,  Loss_bcs: 1.742e-02, Loss_ut_ics: 1.166e-01, Loss_norm: 6.637e-01, w_pde: 8.00e-02, L^2_error: 1.140e+00, lr: 1.000e-03, Time: 9.07e+00
Model state saved to ./results/models/checkpoints/smoke_schrodinger\2025-12-20_16-48-41-177680_ho_DV\model.pth
Model state saved to ./results/models/checkpoints/smoke_schrodinger\2025-12-20_16-48-41-177680_ho_DV\model_weights.pth
It: 17, Loss: 2.525e+01, Loss_res: 1.382e+00,  Loss_bcs: 1.660e-02, Loss_ut_ics: 1.085e-01, Loss_norm: 6.852e-01, w_pde: 8.50e-02, L^2_error: 1.101e+00, lr: 1.000e-03, Time: 9.65e+00
Model state saved to ./results/models/checkpoints/smoke_schrodinger\2025-12-20_16-48-41-177680_ho_DV\model.pth
Model state saved to ./results/models/checkpoints/smoke_schrodinger\2025-12-20_16-48-41-177680_ho_DV\model_weights.pth
It: 18, Loss: 2.381e+01, Loss_res: 9.599e-01,  Loss_bcs: 1.590e-02, Loss_ut_ics: 1.011e-01, Loss_norm: 6.969e-01, w_pde: 9.00e-02, L^2_error: 1.064e+00, lr: 1.000e-03, Time: 1.03e+01
Model state saved to ./results/models/checkpoints/smoke_schrodinger\2025-12-20_16-48-41-177680_ho_DV\model.pth
Model state saved to ./results/models/checkpoints/smoke_schrodinger\2025-12-20_16-48-41-177680_ho_DV\model_weights.pth
It: 1, Loss: 1.179e+02, Loss_res: 1.509e+01,  Loss_bcs: 1.863e-01, Loss_ut_ics: 3.592e-01, Loss_norm: 9.168e+00, w_pde: 5.00e-03, L^2_error: 2.026e+00, lr: 1.000e-03, Time: 6.49e-01
Model state saved to ./results/models/checkpoints/smoke_schrodinger\2025-12-20_16-49-06-103063_ho_DV\model.pth
Model state saved to ./results/models/checkpoints/smoke_schrodinger\2025-12-20_16-49-06-103063_ho_DV\model_weights.pth
It: 10, Loss: 2.377e+01, Loss_res: 2.573e+00,  Loss_bcs: 3.482e-02, Loss_ut_ics: 1.180e-01, Loss_norm: 2.703e-03, w_pde: 5.00e-02, L^2_error: 1.171e+00, lr: 1.000e-03, Time: 5.63e+00
Model state saved to ./results/models/checkpoints/smoke_schrodinger\2025-12-20_16-49-06-103063_ho_DV\model.pth
Model state saved to ./results/models/checkpoints/smoke_schrodinger\2025-12-20_16-49-06-103063_ho_DV\model_weights.pth
It: 20, Loss: 6.897e+00, Loss_res: 7.426e-01,  Loss_bcs: 8.363e-03, Loss_ut_ics: 3.258e-02, Loss_norm: 5.970e-02, w_pde: 1.00e-01, L^2_error: 6.451e-01, lr: 1.000e-03, Time: 1.16e+01
Model state saved to ./results/models/checkpoints/smoke_schrodinger\2025-12-20_16-49-06-103063_ho_DV\model.pth
Model state saved to ./results/models/checkpoints/smoke_schrodinger\2025-12-20_16-49-06-103063_ho_DV\model_weights.pth
It: 30, Loss: 3.556e+00, Loss_res: 6.441e-01,  Loss_bcs: 7.100e-03, Loss_ut_ics: 1.721e-02, Loss_norm: 1.942e-03, w_pde: 1.50e-01, L^2_error: 4.560e-01, lr: 1.000e-03, Time: 1.70e+01
Model state saved to ./results/models/checkpoints/smoke_schrodinger\2025-12-20_16-49-06-103063_ho_DV\model.pth
Model state saved to ./results/models/checkpoints/smoke_schrodinger\2025-12-20_16-49-06-103063_ho_DV\model_weights.pth
It: 40, Loss: 1.908e+00, Loss_res: 4.284e-01,  Loss_bcs: 6.465e-03, Loss_ut_ics: 8.846e-03, Loss_norm: 9.375e-03, w_pde: 2.00e-01, L^2_error: 3.146e-01, lr: 1.000e-03, Time: 2.28e+01
Model state saved to ./results/models/checkpoints/smoke_schrodinger\2025-12-20_16-49-06-103063_ho_DV\model.pth
Model state saved to ./results/models/checkpoints/smoke_schrodinger\2025-12-20_16-49-06-103063_ho_DV\model_weights.pth
It: 50, Loss: 1.066e+00, Loss_res: 3.963e-01,  Loss_bcs: 6.352e-03, Loss_ut_ics: 4.785e-03, Loss_norm: 7.179e-04, w_pde: 2.50e-01, L^2_error: 2.431e-01, lr: 1.000e-03, Time: 2.84e+01
Model state saved to ./results/models/checkpoints/smoke_schrodinger\2025-12-20_16-49-06-103063_ho_DV\model.pth
Model state saved to ./results/models/checkpoints/smoke_schrodinger\2025-12-20_16-49-06-103063_ho_DV\model_weights.pth
It: 60, Loss: 8.520e-01, Loss_res: 3.689e-01,  Loss_bcs: 6.663e-03, Loss_ut_ics: 3.666e-03, Loss_norm: 2.979e-04, w_pde: 3.00e-01, L^2_error: 2.156e-01, lr: 1.000e-03, Time: 3.40e+01
Model state saved to ./results/models/checkpoints/smoke_schrodinger\2025-12-20_16-49-06-103063_ho_DV\model.pth
Model state saved to ./results/models/checkpoints/smoke_schrodinger\2025-12-20_16-49-06-103063_ho_DV\model_weights.pth
It: 70, Loss: 6.851e-01, Loss_res: 2.663e-01,  Loss_bcs: 3.632e-03, Loss_ut_ics: 2.936e-03, Loss_norm: 2.146e-04, w_pde: 3.50e-01, L^2_error: 1.894e-01, lr: 1.000e-03, Time: 3.97e+01
Model state saved to ./results/models/checkpoints/smoke_schrodinger\2025-12-20_16-49-06-103063_ho_DV\model.pth
Model state saved to ./results/models/checkpoints/smoke_schrodinger\2025-12-20_16-49-06-103063_ho_DV\model_weights.pth
It: 80, Loss: 5.604e-01, Loss_res: 1.800e-01,  Loss_bcs: 2.684e-03, Loss_ut_ics: 2.427e-03, Loss_norm: 5.910e-05, w_pde: 4.00e-01, L^2_error: 1.752e-01, lr: 1.000e-03, Time: 4.55e+01
Model state saved to ./results/models/checkpoints/smoke_schrodinger\2025-12-20_16-49-06-103063_ho_DV\model.pth
Model state saved to ./results/models/checkpoints/smoke_schrodinger\2025-12-20_16-49-06-103063_ho_DV\model_weights.pth
It: 90, Loss: 4.688e-01, Loss_res: 1.782e-01,  Loss_bcs: 2.549e-03, Loss_ut_ics: 1.920e-03, Loss_norm: 4.108e-04, w_pde: 4.50e-01, L^2_error: 1.643e-01, lr: 1.000e-03, Time: 5.12e+01
Model state saved to ./results/models/checkpoints/smoke_schrodinger\2025-12-20_16-49-06-103063_ho_DV\model.pth
Model state saved to ./results/models/checkpoints/smoke_schrodinger\2025-12-20_16-49-06-103063_ho_DV\model_weights.pth
It: 100, Loss: 3.832e-01, Loss_res: 1.522e-01,  Loss_bcs: 1.962e-03, Loss_ut_ics: 1.525e-03, Loss_norm: 1.476e-05, w_pde: 5.00e-01, L^2_error: 1.541e-01, lr: 1.000e-03, Time: 5.69e+01
Model state saved to ./results/models/checkpoints/smoke_schrodinger\2025-12-20_16-49-06-103063_ho_DV\model.pth
Model state saved to ./results/models/checkpoints/smoke_schrodinger\2025-12-20_16-49-06-103063_ho_DV\model_weights.pth
It: 110, Loss: 3.071e-01, Loss_res: 1.172e-01,  Loss_bcs: 1.618e-03, Loss_ut_ics: 1.204e-03, Loss_norm: 3.861e-05, w_pde: 5.50e-01, L^2_error: 1.453e-01, lr: 1.000e-03, Time: 6.28e+01
Model state saved to ./results/models/checkpoints/smoke_schrodinger\2025-12-20_16-49-06-103063_ho_DV\model.pth
Model state saved to ./results/models/checkpoints/smoke_schrodinger\2025-12-20_16-49-06-103063_ho_DV\model_weights.pth
It: 120, Loss: 2.628e-01, Loss_res: 1.182e-01,  Loss_bcs: 1.415e-03, Loss_ut_ics: 9.498e-04, Loss_norm: 1.074e-04, w_pde: 6.00e-01, L^2_error: 1.381e-01, lr: 1.000e-03, Time: 6.86e+01
Model state saved to ./results/models/checkpoints/smoke_schrodinger\2025-12-20_16-49-06-103063_ho_DV\model.pth
Model state saved to ./results/models/checkpoints/smoke_schrodinger\2025-12-20_16-49-06-103063_ho_DV\model_weights.pth
It: 130, Loss: 2.058e-01, Loss_res: 7.939e-02,  Loss_bcs: 1.138e-03, Loss_ut_ics: 7.647e-04, Loss_norm: 1.756e-05, w_pde: 6.50e-01, L^2_error: 1.326e-01, lr: 1.000e-03, Time: 7.51e+01
Model state saved to ./results/models/checkpoints/smoke_schrodinger\2025-12-20_16-49-06-103063_ho_DV\model.pth
Model state saved to ./results/models/checkpoints/smoke_schrodinger\2025-12-20_16-49-06-103063_ho_DV\model_weights.pth
It: 140, Loss: 1.740e-01, Loss_res: 6.966e-02,  Loss_bcs: 1.007e-03, Loss_ut_ics: 6.207e-04, Loss_norm: 2.299e-05, w_pde: 7.00e-01, L^2_error: 1.280e-01, lr: 1.000e-03, Time: 8.09e+01
Model state saved to ./results/models/checkpoints/smoke_schrodinger\2025-12-20_16-49-06-103063_ho_DV\model.pth
Model state saved to ./results/models/checkpoints/smoke_schrodinger\2025-12-20_16-49-06-103063_ho_DV\model_weights.pth
It: 150, Loss: 1.436e-01, Loss_res: 5.341e-02,  Loss_bcs: 8.964e-04, Loss_ut_ics: 5.126e-04, Loss_norm: 2.350e-05, w_pde: 7.50e-01, L^2_error: 1.245e-01, lr: 1.000e-03, Time: 8.69e+01
Model state saved to ./results/models/checkpoints/smoke_schrodinger\2025-12-20_16-49-06-103063_ho_DV\model.pth
Model state saved to ./results/models/checkpoints/smoke_schrodinger\2025-12-20_16-49-06-103063_ho_DV\model_weights.pth
It: 160, Loss: 1.326e-01, Loss_res: 5.710e-02,  Loss_bcs: 7.744e-04, Loss_ut_ics: 4.303e-04, Loss_norm: 1.964e-05, w_pde: 8.00e-01, L^2_error: 1.216e-01, lr: 1.000e-03, Time: 9.19e+01
Model state saved to ./results/models/checkpoints/smoke_schrodinger\2025-12-20_16-49-06-103063_ho_DV\model.pth
Model state saved to ./results/models/checkpoints/smoke_schrodinger\2025-12-20_16-49-06-103063_ho_DV\model_weights.pth
It: 170, Loss: 1.163e-01, Loss_res: 4.972e-02,  Loss_bcs: 7.392e-04, Loss_ut_ics: 3.658e-04, Loss_norm: 1.810e-05, w_pde: 8.50e-01, L^2_error: 1.190e-01, lr: 1.000e-03, Time: 9.69e+01
Model state saved to ./results/models/checkpoints/smoke_schrodinger\2025-12-20_16-49-06-103063_ho_DV\model.pth
Model state saved to ./results/models/checkpoints/smoke_schrodinger\2025-12-20_16-49-06-103063_ho_DV\model_weights.pth
It: 180, Loss: 1.063e-01, Loss_res: 4.790e-02,  Loss_bcs: 6.011e-04, Loss_ut_ics: 3.121e-04, Loss_norm: 2.318e-05, w_pde: 9.00e-01, L^2_error: 1.169e-01, lr: 1.000e-03, Time: 1.02e+02
Model state saved to ./results/models/checkpoints/smoke_schrodinger\2025-12-20_16-49-06-103063_ho_DV\model.pth
Model state saved to ./results/models/checkpoints/smoke_schrodinger\2025-12-20_16-49-06-103063_ho_DV\model_weights.pth
It: 190, Loss: 8.990e-02, Loss_res: 3.768e-02,  Loss_bcs: 5.686e-04, Loss_ut_ics: 2.673e-04, Loss_norm: 1.784e-05, w_pde: 9.50e-01, L^2_error: 1.150e-01, lr: 1.000e-03, Time: 1.07e+02
Model state saved to ./results/models/checkpoints/smoke_schrodinger\2025-12-20_16-49-06-103063_ho_DV\model.pth
Model state saved to ./results/models/checkpoints/smoke_schrodinger\2025-12-20_16-49-06-103063_ho_DV\model_weights.pth
It: 200, Loss: 8.611e-02, Loss_res: 3.930e-02,  Loss_bcs: 4.959e-04, Loss_ut_ics: 2.311e-04, Loss_norm: 2.026e-05, w_pde: 1.00e+00, L^2_error: 1.133e-01, lr: 1.000e-03, Time: 1.12e+02
Model state saved to ./results/models/checkpoints/smoke_schrodinger\2025-12-20_16-49-06-103063_ho_DV\model.pth
Model state saved to ./results/models/checkpoints/smoke_schrodinger\2025-12-20_16-49-06-103063_ho_DV\model_weights.pth
It: 210, Loss: 7.274e-02, Loss_res: 3.221e-02,  Loss_bcs: 4.600e-04, Loss_ut_ics: 1.999e-04, Loss_norm: 1.725e-05, w_pde: 1.00e+00, L^2_error: 1.119e-01, lr: 1.000e-03, Time: 1.17e+02
Model state saved to ./results/models/checkpoints/smoke_schrodinger\2025-12-20_16-49-06-103063_ho_DV\model.pth
Model state saved to ./results/models/checkpoints/smoke_schrodinger\2025-12-20_16-49-06-103063_ho_DV\model_weights.pth
It: 220, Loss: 7.096e-02, Loss_res: 3.554e-02,  Loss_bcs: 4.108e-04, Loss_ut_ics: 1.747e-04, Loss_norm: 1.549e-05, w_pde: 1.00e+00, L^2_error: 1.106e-01, lr: 1.000e-03, Time: 1.22e+02
Model state saved to ./results/models/checkpoints/smoke_schrodinger\2025-12-20_16-49-06-103063_ho_DV\model.pth
Model state saved to ./results/models/checkpoints/smoke_schrodinger\2025-12-20_16-49-06-103063_ho_DV\model_weights.pth
It: 230, Loss: 6.874e-02, Loss_res: 3.773e-02,  Loss_bcs: 3.874e-04, Loss_ut_ics: 1.527e-04, Loss_norm: 1.393e-05, w_pde: 1.00e+00, L^2_error: 1.094e-01, lr: 1.000e-03, Time: 1.26e+02
Model state saved to ./results/models/checkpoints/smoke_schrodinger\2025-12-20_16-49-06-103063_ho_DV\model.pth
Model state saved to ./results/models/checkpoints/smoke_schrodinger\2025-12-20_16-49-06-103063_ho_DV\model_weights.pth
It: 240, Loss: 5.528e-02, Loss_res: 2.798e-02,  Loss_bcs: 3.569e-04, Loss_ut_ics: 1.344e-04, Loss_norm: 1.562e-05, w_pde: 1.00e+00, L^2_error: 1.084e-01, lr: 1.000e-03, Time: 1.31e+02
Model state saved to ./results/models/checkpoints/smoke_schrodinger\2025-12-20_16-49-06-103063_ho_DV\model.pth
Model state saved to ./results/models/checkpoints/smoke_schrodinger\2025-12-20_16-49-06-103063_ho_DV\model_weights.pth
It: 250, Loss: 4.901e-02, Loss_res: 2.463e-02,  Loss_bcs: 3.289e-04, Loss_ut_ics: 1.200e-04, Loss_norm: 1.036e-05, w_pde: 1.00e+00, L^2_error: 1.074e-01, lr: 1.000e-03, Time: 1.36e+02
Model state saved to ./results/models/checkpoints/smoke_schrodinger\2025-12-20_16-49-06-103063_ho_DV\model.pth
Model state saved to ./results/models/checkpoints/smoke_schrodinger\2025-12-20_16-49-06-103063_ho_DV\model_weights.pth
It: 260, Loss: 5.037e-02, Loss_res: 2.849e-02,  Loss_bcs: 2.955e-04, Loss_ut_ics: 1.075e-04, Loss_norm: 1.790e-05, w_pde: 1.00e+00, L^2_error: 1.066e-01, lr: 1.000e-03, Time: 1.41e+02
Model state saved to ./results/models/checkpoints/smoke_schrodinger\2025-12-20_16-49-06-103063_ho_DV\model.pth
Model state saved to ./results/models/checkpoints/smoke_schrodinger\2025-12-20_16-49-06-103063_ho_DV\model_weights.pth
It: 270, Loss: 4.587e-02, Loss_res: 2.585e-02,  Loss_bcs: 2.505e-04, Loss_ut_ics: 9.850e-05, Loss_norm: 1.267e-05, w_pde: 1.00e+00, L^2_error: 1.061e-01, lr: 1.000e-03, Time: 1.46e+02
Model state saved to ./results/models/checkpoints/smoke_schrodinger\2025-12-20_16-49-06-103063_ho_DV\model.pth
Model state saved to ./results/models/checkpoints/smoke_schrodinger\2025-12-20_16-49-06-103063_ho_DV\model_weights.pth
It: 280, Loss: 4.679e-02, Loss_res: 2.883e-02,  Loss_bcs: 2.788e-04, Loss_ut_ics: 8.813e-05, Loss_norm: 1.141e-05, w_pde: 1.00e+00, L^2_error: 1.053e-01, lr: 1.000e-03, Time: 1.52e+02
Model state saved to ./results/models/checkpoints/smoke_schrodinger\2025-12-20_16-49-06-103063_ho_DV\model.pth
Model state saved to ./results/models/checkpoints/smoke_schrodinger\2025-12-20_16-49-06-103063_ho_DV\model_weights.pth
It: 290, Loss: 4.501e-02, Loss_res: 2.841e-02,  Loss_bcs: 2.582e-04, Loss_ut_ics: 8.151e-05, Loss_norm: 7.886e-06, w_pde: 1.00e+00, L^2_error: 1.048e-01, lr: 1.000e-03, Time: 1.57e+02
Model state saved to ./results/models/checkpoints/smoke_schrodinger\2025-12-20_16-49-06-103063_ho_DV\model.pth
Model state saved to ./results/models/checkpoints/smoke_schrodinger\2025-12-20_16-49-06-103063_ho_DV\model_weights.pth
It: 300, Loss: 4.042e-02, Loss_res: 2.507e-02,  Loss_bcs: 2.180e-04, Loss_ut_ics: 7.549e-05, Loss_norm: 7.826e-06, w_pde: 1.00e+00, L^2_error: 1.043e-01, lr: 1.000e-03, Time: 1.62e+02
Model state saved to ./results/models/checkpoints/smoke_schrodinger\2025-12-20_16-49-06-103063_ho_DV\model.pth
Model state saved to ./results/models/checkpoints/smoke_schrodinger\2025-12-20_16-49-06-103063_ho_DV\model_weights.pth
It: 310, Loss: 4.524e-02, Loss_res: 3.089e-02,  Loss_bcs: 2.101e-04, Loss_ut_ics: 7.052e-05, Loss_norm: 7.063e-06, w_pde: 1.00e+00, L^2_error: 1.039e-01, lr: 1.000e-03, Time: 1.67e+02
Model state saved to ./results/models/checkpoints/smoke_schrodinger\2025-12-20_16-49-06-103063_ho_DV\model.pth
Model state saved to ./results/models/checkpoints/smoke_schrodinger\2025-12-20_16-49-06-103063_ho_DV\model_weights.pth
It: 320, Loss: 3.649e-02, Loss_res: 2.306e-02,  Loss_bcs: 1.882e-04, Loss_ut_ics: 6.604e-05, Loss_norm: 7.370e-06, w_pde: 1.00e+00, L^2_error: 1.036e-01, lr: 1.000e-03, Time: 1.73e+02
Model state saved to ./results/models/checkpoints/smoke_schrodinger\2025-12-20_16-49-06-103063_ho_DV\model.pth
Model state saved to ./results/models/checkpoints/smoke_schrodinger\2025-12-20_16-49-06-103063_ho_DV\model_weights.pth
It: 330, Loss: 3.911e-02, Loss_res: 2.638e-02,  Loss_bcs: 1.693e-04, Loss_ut_ics: 6.267e-05, Loss_norm: 6.680e-06, w_pde: 1.00e+00, L^2_error: 1.032e-01, lr: 1.000e-03, Time: 1.78e+02
Model state saved to ./results/models/checkpoints/smoke_schrodinger\2025-12-20_16-49-06-103063_ho_DV\model.pth
Model state saved to ./results/models/checkpoints/smoke_schrodinger\2025-12-20_16-49-06-103063_ho_DV\model_weights.pth
It: 340, Loss: 3.630e-02, Loss_res: 2.426e-02,  Loss_bcs: 1.696e-04, Loss_ut_ics: 5.915e-05, Loss_norm: 6.717e-06, w_pde: 1.00e+00, L^2_error: 1.030e-01, lr: 1.000e-03, Time: 1.83e+02
Model state saved to ./results/models/checkpoints/smoke_schrodinger\2025-12-20_16-49-06-103063_ho_DV\model.pth
Model state saved to ./results/models/checkpoints/smoke_schrodinger\2025-12-20_16-49-06-103063_ho_DV\model_weights.pth
It: 350, Loss: 3.736e-02, Loss_res: 2.584e-02,  Loss_bcs: 1.592e-04, Loss_ut_ics: 5.662e-05, Loss_norm: 6.969e-06, w_pde: 1.00e+00, L^2_error: 1.028e-01, lr: 1.000e-03, Time: 1.89e+02
Model state saved to ./results/models/checkpoints/smoke_schrodinger\2025-12-20_16-49-06-103063_ho_DV\model.pth
Model state saved to ./results/models/checkpoints/smoke_schrodinger\2025-12-20_16-49-06-103063_ho_DV\model_weights.pth
It: 360, Loss: 3.936e-02, Loss_res: 2.831e-02,  Loss_bcs: 1.383e-04, Loss_ut_ics: 5.441e-05, Loss_norm: 6.055e-06, w_pde: 1.00e+00, L^2_error: 1.026e-01, lr: 1.000e-03, Time: 1.94e+02
Model state saved to ./results/models/checkpoints/smoke_schrodinger\2025-12-20_16-49-06-103063_ho_DV\model.pth
Model state saved to ./results/models/checkpoints/smoke_schrodinger\2025-12-20_16-49-06-103063_ho_DV\model_weights.pth
It: 370, Loss: 3.660e-02, Loss_res: 2.590e-02,  Loss_bcs: 1.278e-04, Loss_ut_ics: 5.263e-05, Loss_norm: 7.912e-06, w_pde: 1.00e+00, L^2_error: 1.024e-01, lr: 1.000e-03, Time: 1.99e+02
Model state saved to ./results/models/checkpoints/smoke_schrodinger\2025-12-20_16-49-06-103063_ho_DV\model.pth
Model state saved to ./results/models/checkpoints/smoke_schrodinger\2025-12-20_16-49-06-103063_ho_DV\model_weights.pth
It: 380, Loss: 3.729e-02, Loss_res: 2.693e-02,  Loss_bcs: 1.184e-04, Loss_ut_ics: 5.106e-05, Loss_norm: 5.427e-06, w_pde: 1.00e+00, L^2_error: 1.024e-01, lr: 1.000e-03, Time: 2.04e+02
Model state saved to ./results/models/checkpoints/smoke_schrodinger\2025-12-20_16-49-06-103063_ho_DV\model.pth
Model state saved to ./results/models/checkpoints/smoke_schrodinger\2025-12-20_16-49-06-103063_ho_DV\model_weights.pth
It: 390, Loss: 3.312e-02, Loss_res: 2.304e-02,  Loss_bcs: 1.113e-04, Loss_ut_ics: 4.967e-05, Loss_norm: 6.037e-06, w_pde: 1.00e+00, L^2_error: 1.022e-01, lr: 1.000e-03, Time: 2.10e+02
Model state saved to ./results/models/checkpoints/smoke_schrodinger\2025-12-20_16-49-06-103063_ho_DV\model.pth
Model state saved to ./results/models/checkpoints/smoke_schrodinger\2025-12-20_16-49-06-103063_ho_DV\model_weights.pth
It: 400, Loss: 3.270e-02, Loss_res: 2.283e-02,  Loss_bcs: 9.637e-05, Loss_ut_ics: 4.867e-05, Loss_norm: 7.011e-06, w_pde: 1.00e+00, L^2_error: 1.021e-01, lr: 1.000e-03, Time: 2.15e+02
Model state saved to ./results/models/checkpoints/smoke_schrodinger\2025-12-20_16-49-06-103063_ho_DV\model.pth
Model state saved to ./results/models/checkpoints/smoke_schrodinger\2025-12-20_16-49-06-103063_ho_DV\model_weights.pth
It: 410, Loss: 3.216e-02, Loss_res: 2.248e-02,  Loss_bcs: 8.529e-05, Loss_ut_ics: 4.776e-05, Loss_norm: 7.927e-06, w_pde: 1.00e+00, L^2_error: 1.021e-01, lr: 1.000e-03, Time: 2.20e+02
Model state saved to ./results/models/checkpoints/smoke_schrodinger\2025-12-20_16-49-06-103063_ho_DV\model.pth
Model state saved to ./results/models/checkpoints/smoke_schrodinger\2025-12-20_16-49-06-103063_ho_DV\model_weights.pth
It: 420, Loss: 3.375e-02, Loss_res: 2.428e-02,  Loss_bcs: 8.236e-05, Loss_ut_ics: 4.676e-05, Loss_norm: 7.039e-06, w_pde: 1.00e+00, L^2_error: 1.020e-01, lr: 1.000e-03, Time: 2.25e+02
Model state saved to ./results/models/checkpoints/smoke_schrodinger\2025-12-20_16-49-06-103063_ho_DV\model.pth
Model state saved to ./results/models/checkpoints/smoke_schrodinger\2025-12-20_16-49-06-103063_ho_DV\model_weights.pth
It: 430, Loss: 3.524e-02, Loss_res: 2.600e-02,  Loss_bcs: 8.553e-05, Loss_ut_ics: 4.557e-05, Loss_norm: 7.288e-06, w_pde: 1.00e+00, L^2_error: 1.019e-01, lr: 1.000e-03, Time: 2.31e+02
Model state saved to ./results/models/checkpoints/smoke_schrodinger\2025-12-20_16-49-06-103063_ho_DV\model.pth
Model state saved to ./results/models/checkpoints/smoke_schrodinger\2025-12-20_16-49-06-103063_ho_DV\model_weights.pth
It: 440, Loss: 3.264e-02, Loss_res: 2.359e-02,  Loss_bcs: 8.615e-05, Loss_ut_ics: 4.468e-05, Loss_norm: 4.502e-06, w_pde: 1.00e+00, L^2_error: 1.018e-01, lr: 1.000e-03, Time: 2.37e+02
Model state saved to ./results/models/checkpoints/smoke_schrodinger\2025-12-20_16-49-06-103063_ho_DV\model.pth
Model state saved to ./results/models/checkpoints/smoke_schrodinger\2025-12-20_16-49-06-103063_ho_DV\model_weights.pth
It: 450, Loss: 3.615e-02, Loss_res: 2.724e-02,  Loss_bcs: 8.319e-05, Loss_ut_ics: 4.401e-05, Loss_norm: 5.092e-06, w_pde: 1.00e+00, L^2_error: 1.018e-01, lr: 1.000e-03, Time: 2.42e+02
Model state saved to ./results/models/checkpoints/smoke_schrodinger\2025-12-20_16-49-06-103063_ho_DV\model.pth
Model state saved to ./results/models/checkpoints/smoke_schrodinger\2025-12-20_16-49-06-103063_ho_DV\model_weights.pth
It: 460, Loss: 3.116e-02, Loss_res: 2.236e-02,  Loss_bcs: 7.349e-05, Loss_ut_ics: 4.356e-05, Loss_norm: 4.358e-06, w_pde: 1.00e+00, L^2_error: 1.017e-01, lr: 1.000e-03, Time: 2.48e+02
Model state saved to ./results/models/checkpoints/smoke_schrodinger\2025-12-20_16-49-06-103063_ho_DV\model.pth
Model state saved to ./results/models/checkpoints/smoke_schrodinger\2025-12-20_16-49-06-103063_ho_DV\model_weights.pth
It: 470, Loss: 2.451e-02, Loss_res: 1.579e-02,  Loss_bcs: 7.066e-05, Loss_ut_ics: 4.312e-05, Loss_norm: 5.213e-06, w_pde: 1.00e+00, L^2_error: 1.017e-01, lr: 1.000e-03, Time: 2.53e+02
Model state saved to ./results/models/checkpoints/smoke_schrodinger\2025-12-20_16-49-06-103063_ho_DV\model.pth
Model state saved to ./results/models/checkpoints/smoke_schrodinger\2025-12-20_16-49-06-103063_ho_DV\model_weights.pth
It: 480, Loss: 3.361e-02, Loss_res: 2.502e-02,  Loss_bcs: 6.850e-05, Loss_ut_ics: 4.250e-05, Loss_norm: 4.830e-06, w_pde: 1.00e+00, L^2_error: 1.016e-01, lr: 1.000e-03, Time: 2.59e+02
Model state saved to ./results/models/checkpoints/smoke_schrodinger\2025-12-20_16-49-06-103063_ho_DV\model.pth
Model state saved to ./results/models/checkpoints/smoke_schrodinger\2025-12-20_16-49-06-103063_ho_DV\model_weights.pth
It: 490, Loss: 2.747e-02, Loss_res: 1.899e-02,  Loss_bcs: 6.481e-05, Loss_ut_ics: 4.197e-05, Loss_norm: 5.300e-06, w_pde: 1.00e+00, L^2_error: 1.016e-01, lr: 1.000e-03, Time: 2.65e+02
Model state saved to ./results/models/checkpoints/smoke_schrodinger\2025-12-20_16-49-06-103063_ho_DV\model.pth
Model state saved to ./results/models/checkpoints/smoke_schrodinger\2025-12-20_16-49-06-103063_ho_DV\model_weights.pth
It: 500, Loss: 3.077e-02, Loss_res: 2.234e-02,  Loss_bcs: 6.095e-05, Loss_ut_ics: 4.171e-05, Loss_norm: 4.397e-06, w_pde: 1.00e+00, L^2_error: 1.015e-01, lr: 1.000e-03, Time: 2.71e+02
Model state saved to ./results/models/checkpoints/smoke_schrodinger\2025-12-20_16-49-06-103063_ho_DV\model.pth
Model state saved to ./results/models/checkpoints/smoke_schrodinger\2025-12-20_16-49-06-103063_ho_DV\model_weights.pth
It: 510, Loss: 3.315e-02, Loss_res: 2.482e-02,  Loss_bcs: 6.007e-05, Loss_ut_ics: 4.122e-05, Loss_norm: 5.299e-06, w_pde: 1.00e+00, L^2_error: 1.015e-01, lr: 1.000e-03, Time: 2.77e+02
Model state saved to ./results/models/checkpoints/smoke_schrodinger\2025-12-20_16-49-06-103063_ho_DV\model.pth
Model state saved to ./results/models/checkpoints/smoke_schrodinger\2025-12-20_16-49-06-103063_ho_DV\model_weights.pth
It: 520, Loss: 3.061e-02, Loss_res: 2.240e-02,  Loss_bcs: 6.352e-05, Loss_ut_ics: 4.067e-05, Loss_norm: 3.753e-06, w_pde: 1.00e+00, L^2_error: 1.015e-01, lr: 1.000e-03, Time: 2.82e+02
Model state saved to ./results/models/checkpoints/smoke_schrodinger\2025-12-20_16-49-06-103063_ho_DV\model.pth
Model state saved to ./results/models/checkpoints/smoke_schrodinger\2025-12-20_16-49-06-103063_ho_DV\model_weights.pth
It: 530, Loss: 3.216e-02, Loss_res: 2.402e-02,  Loss_bcs: 5.839e-05, Loss_ut_ics: 4.031e-05, Loss_norm: 3.674e-06, w_pde: 1.00e+00, L^2_error: 1.014e-01, lr: 1.000e-03, Time: 2.88e+02
Model state saved to ./results/models/checkpoints/smoke_schrodinger\2025-12-20_16-49-06-103063_ho_DV\model.pth
Model state saved to ./results/models/checkpoints/smoke_schrodinger\2025-12-20_16-49-06-103063_ho_DV\model_weights.pth
It: 540, Loss: 2.920e-02, Loss_res: 2.115e-02,  Loss_bcs: 5.697e-05, Loss_ut_ics: 3.988e-05, Loss_norm: 3.620e-06, w_pde: 1.00e+00, L^2_error: 1.014e-01, lr: 1.000e-03, Time: 2.94e+02
Model state saved to ./results/models/checkpoints/smoke_schrodinger\2025-12-20_16-49-06-103063_ho_DV\model.pth
Model state saved to ./results/models/checkpoints/smoke_schrodinger\2025-12-20_16-49-06-103063_ho_DV\model_weights.pth
It: 550, Loss: 2.960e-02, Loss_res: 2.162e-02,  Loss_bcs: 5.629e-05, Loss_ut_ics: 3.950e-05, Loss_norm: 4.062e-06, w_pde: 1.00e+00, L^2_error: 1.014e-01, lr: 1.000e-03, Time: 2.99e+02
Model state saved to ./results/models/checkpoints/smoke_schrodinger\2025-12-20_16-49-06-103063_ho_DV\model.pth
Model state saved to ./results/models/checkpoints/smoke_schrodinger\2025-12-20_16-49-06-103063_ho_DV\model_weights.pth
It: 560, Loss: 2.902e-02, Loss_res: 2.114e-02,  Loss_bcs: 5.555e-05, Loss_ut_ics: 3.907e-05, Loss_norm: 3.039e-06, w_pde: 1.00e+00, L^2_error: 1.013e-01, lr: 1.000e-03, Time: 3.05e+02
Model state saved to ./results/models/checkpoints/smoke_schrodinger\2025-12-20_16-49-06-103063_ho_DV\model.pth
Model state saved to ./results/models/checkpoints/smoke_schrodinger\2025-12-20_16-49-06-103063_ho_DV\model_weights.pth
It: 570, Loss: 3.248e-02, Loss_res: 2.467e-02,  Loss_bcs: 5.552e-05, Loss_ut_ics: 3.869e-05, Loss_norm: 3.006e-06, w_pde: 1.00e+00, L^2_error: 1.013e-01, lr: 1.000e-03, Time: 3.11e+02
Model state saved to ./results/models/checkpoints/smoke_schrodinger\2025-12-20_16-49-06-103063_ho_DV\model.pth
Model state saved to ./results/models/checkpoints/smoke_schrodinger\2025-12-20_16-49-06-103063_ho_DV\model_weights.pth
It: 580, Loss: 3.058e-02, Loss_res: 2.285e-02,  Loss_bcs: 5.813e-05, Loss_ut_ics: 3.830e-05, Loss_norm: 3.009e-06, w_pde: 1.00e+00, L^2_error: 1.013e-01, lr: 1.000e-03, Time: 3.17e+02
Model state saved to ./results/models/checkpoints/smoke_schrodinger\2025-12-20_16-49-06-103063_ho_DV\model.pth
Model state saved to ./results/models/checkpoints/smoke_schrodinger\2025-12-20_16-49-06-103063_ho_DV\model_weights.pth
It: 590, Loss: 3.641e-02, Loss_res: 2.875e-02,  Loss_bcs: 5.339e-05, Loss_ut_ics: 3.800e-05, Loss_norm: 2.575e-06, w_pde: 1.00e+00, L^2_error: 1.012e-01, lr: 1.000e-03, Time: 3.22e+02
Model state saved to ./results/models/checkpoints/smoke_schrodinger\2025-12-20_16-49-06-103063_ho_DV\model.pth
Model state saved to ./results/models/checkpoints/smoke_schrodinger\2025-12-20_16-49-06-103063_ho_DV\model_weights.pth
It: 600, Loss: 3.278e-02, Loss_res: 2.520e-02,  Loss_bcs: 5.121e-05, Loss_ut_ics: 3.759e-05, Loss_norm: 2.706e-06, w_pde: 1.00e+00, L^2_error: 1.012e-01, lr: 1.000e-03, Time: 3.27e+02
Model state saved to ./results/models/checkpoints/smoke_schrodinger\2025-12-20_16-49-06-103063_ho_DV\model.pth
Model state saved to ./results/models/checkpoints/smoke_schrodinger\2025-12-20_16-49-06-103063_ho_DV\model_weights.pth
It: 610, Loss: 2.905e-02, Loss_res: 2.154e-02,  Loss_bcs: 5.054e-05, Loss_ut_ics: 3.724e-05, Loss_norm: 3.302e-06, w_pde: 1.00e+00, L^2_error: 1.012e-01, lr: 1.000e-03, Time: 3.32e+02
Model state saved to ./results/models/checkpoints/smoke_schrodinger\2025-12-20_16-49-06-103063_ho_DV\model.pth
Model state saved to ./results/models/checkpoints/smoke_schrodinger\2025-12-20_16-49-06-103063_ho_DV\model_weights.pth
It: 620, Loss: 3.451e-02, Loss_res: 2.708e-02,  Loss_bcs: 4.826e-05, Loss_ut_ics: 3.687e-05, Loss_norm: 2.934e-06, w_pde: 1.00e+00, L^2_error: 1.012e-01, lr: 1.000e-03, Time: 3.37e+02
Model state saved to ./results/models/checkpoints/smoke_schrodinger\2025-12-20_16-49-06-103063_ho_DV\model.pth
Model state saved to ./results/models/checkpoints/smoke_schrodinger\2025-12-20_16-49-06-103063_ho_DV\model_weights.pth
It: 630, Loss: 2.838e-02, Loss_res: 2.103e-02,  Loss_bcs: 4.864e-05, Loss_ut_ics: 3.642e-05, Loss_norm: 2.769e-06, w_pde: 1.00e+00, L^2_error: 1.011e-01, lr: 1.000e-03, Time: 3.42e+02
Model state saved to ./results/models/checkpoints/smoke_schrodinger\2025-12-20_16-49-06-103063_ho_DV\model.pth
Model state saved to ./results/models/checkpoints/smoke_schrodinger\2025-12-20_16-49-06-103063_ho_DV\model_weights.pth
It: 640, Loss: 3.408e-02, Loss_res: 2.680e-02,  Loss_bcs: 4.780e-05, Loss_ut_ics: 3.606e-05, Loss_norm: 2.713e-06, w_pde: 1.00e+00, L^2_error: 1.011e-01, lr: 1.000e-03, Time: 3.47e+02
Model state saved to ./results/models/checkpoints/smoke_schrodinger\2025-12-20_16-49-06-103063_ho_DV\model.pth
Model state saved to ./results/models/checkpoints/smoke_schrodinger\2025-12-20_16-49-06-103063_ho_DV\model_weights.pth
It: 650, Loss: 2.390e-02, Loss_res: 1.671e-02,  Loss_bcs: 4.646e-05, Loss_ut_ics: 3.567e-05, Loss_norm: 2.204e-06, w_pde: 1.00e+00, L^2_error: 1.011e-01, lr: 1.000e-03, Time: 3.52e+02
Model state saved to ./results/models/checkpoints/smoke_schrodinger\2025-12-20_16-49-06-103063_ho_DV\model.pth
Model state saved to ./results/models/checkpoints/smoke_schrodinger\2025-12-20_16-49-06-103063_ho_DV\model_weights.pth
It: 660, Loss: 3.030e-02, Loss_res: 2.318e-02,  Loss_bcs: 4.785e-05, Loss_ut_ics: 3.529e-05, Loss_norm: 2.000e-06, w_pde: 1.00e+00, L^2_error: 1.011e-01, lr: 1.000e-03, Time: 3.57e+02
Model state saved to ./results/models/checkpoints/smoke_schrodinger\2025-12-20_16-49-06-103063_ho_DV\model.pth
Model state saved to ./results/models/checkpoints/smoke_schrodinger\2025-12-20_16-49-06-103063_ho_DV\model_weights.pth
It: 670, Loss: 2.740e-02, Loss_res: 2.035e-02,  Loss_bcs: 4.617e-05, Loss_ut_ics: 3.498e-05, Loss_norm: 2.134e-06, w_pde: 1.00e+00, L^2_error: 1.010e-01, lr: 1.000e-03, Time: 3.61e+02
Model state saved to ./results/models/checkpoints/smoke_schrodinger\2025-12-20_16-49-06-103063_ho_DV\model.pth
Model state saved to ./results/models/checkpoints/smoke_schrodinger\2025-12-20_16-49-06-103063_ho_DV\model_weights.pth
It: 680, Loss: 3.390e-02, Loss_res: 2.692e-02,  Loss_bcs: 4.538e-05, Loss_ut_ics: 3.461e-05, Loss_norm: 1.840e-06, w_pde: 1.00e+00, L^2_error: 1.010e-01, lr: 1.000e-03, Time: 3.66e+02
Model state saved to ./results/models/checkpoints/smoke_schrodinger\2025-12-20_16-49-06-103063_ho_DV\model.pth
Model state saved to ./results/models/checkpoints/smoke_schrodinger\2025-12-20_16-49-06-103063_ho_DV\model_weights.pth
It: 690, Loss: 2.603e-02, Loss_res: 1.912e-02,  Loss_bcs: 4.564e-05, Loss_ut_ics: 3.429e-05, Loss_norm: 1.956e-06, w_pde: 1.00e+00, L^2_error: 1.010e-01, lr: 1.000e-03, Time: 3.71e+02
Model state saved to ./results/models/checkpoints/smoke_schrodinger\2025-12-20_16-49-06-103063_ho_DV\model.pth
Model state saved to ./results/models/checkpoints/smoke_schrodinger\2025-12-20_16-49-06-103063_ho_DV\model_weights.pth
It: 700, Loss: 2.922e-02, Loss_res: 2.238e-02,  Loss_bcs: 4.366e-05, Loss_ut_ics: 3.392e-05, Loss_norm: 1.895e-06, w_pde: 1.00e+00, L^2_error: 1.010e-01, lr: 1.000e-03, Time: 3.76e+02
Model state saved to ./results/models/checkpoints/smoke_schrodinger\2025-12-20_16-49-06-103063_ho_DV\model.pth
Model state saved to ./results/models/checkpoints/smoke_schrodinger\2025-12-20_16-49-06-103063_ho_DV\model_weights.pth
It: 710, Loss: 2.694e-02, Loss_res: 2.019e-02,  Loss_bcs: 4.244e-05, Loss_ut_ics: 3.351e-05, Loss_norm: 1.672e-06, w_pde: 1.00e+00, L^2_error: 1.009e-01, lr: 1.000e-03, Time: 3.81e+02
Model state saved to ./results/models/checkpoints/smoke_schrodinger\2025-12-20_16-49-06-103063_ho_DV\model.pth
Model state saved to ./results/models/checkpoints/smoke_schrodinger\2025-12-20_16-49-06-103063_ho_DV\model_weights.pth
It: 720, Loss: 2.691e-02, Loss_res: 2.022e-02,  Loss_bcs: 4.198e-05, Loss_ut_ics: 3.314e-05, Loss_norm: 3.205e-06, w_pde: 1.00e+00, L^2_error: 1.009e-01, lr: 1.000e-03, Time: 3.86e+02
Model state saved to ./results/models/checkpoints/smoke_schrodinger\2025-12-20_16-49-06-103063_ho_DV\model.pth
Model state saved to ./results/models/checkpoints/smoke_schrodinger\2025-12-20_16-49-06-103063_ho_DV\model_weights.pth
It: 730, Loss: 2.864e-02, Loss_res: 2.204e-02,  Loss_bcs: 4.017e-05, Loss_ut_ics: 3.275e-05, Loss_norm: 1.759e-06, w_pde: 1.00e+00, L^2_error: 1.009e-01, lr: 1.000e-03, Time: 3.91e+02
Model state saved to ./results/models/checkpoints/smoke_schrodinger\2025-12-20_16-49-06-103063_ho_DV\model.pth
Model state saved to ./results/models/checkpoints/smoke_schrodinger\2025-12-20_16-49-06-103063_ho_DV\model_weights.pth
It: 740, Loss: 3.546e-02, Loss_res: 2.892e-02,  Loss_bcs: 3.633e-05, Loss_ut_ics: 3.247e-05, Loss_norm: 1.747e-06, w_pde: 1.00e+00, L^2_error: 1.009e-01, lr: 1.000e-03, Time: 3.97e+02
Model state saved to ./results/models/checkpoints/smoke_schrodinger\2025-12-20_16-49-06-103063_ho_DV\model.pth
Model state saved to ./results/models/checkpoints/smoke_schrodinger\2025-12-20_16-49-06-103063_ho_DV\model_weights.pth
It: 750, Loss: 2.824e-02, Loss_res: 2.175e-02,  Loss_bcs: 3.722e-05, Loss_ut_ics: 3.218e-05, Loss_norm: 3.286e-06, w_pde: 1.00e+00, L^2_error: 1.008e-01, lr: 1.000e-03, Time: 4.02e+02
Model state saved to ./results/models/checkpoints/smoke_schrodinger\2025-12-20_16-49-06-103063_ho_DV\model.pth
Model state saved to ./results/models/checkpoints/smoke_schrodinger\2025-12-20_16-49-06-103063_ho_DV\model_weights.pth
It: 760, Loss: 3.053e-02, Loss_res: 2.413e-02,  Loss_bcs: 3.813e-05, Loss_ut_ics: 3.174e-05, Loss_norm: 2.725e-06, w_pde: 1.00e+00, L^2_error: 1.008e-01, lr: 1.000e-03, Time: 4.07e+02
Model state saved to ./results/models/checkpoints/smoke_schrodinger\2025-12-20_16-49-06-103063_ho_DV\model.pth
Model state saved to ./results/models/checkpoints/smoke_schrodinger\2025-12-20_16-49-06-103063_ho_DV\model_weights.pth
It: 770, Loss: 3.031e-02, Loss_res: 2.401e-02,  Loss_bcs: 3.889e-05, Loss_ut_ics: 3.130e-05, Loss_norm: 1.758e-06, w_pde: 1.00e+00, L^2_error: 1.007e-01, lr: 1.000e-03, Time: 4.12e+02
Model state saved to ./results/models/checkpoints/smoke_schrodinger\2025-12-20_16-49-06-103063_ho_DV\model.pth
Model state saved to ./results/models/checkpoints/smoke_schrodinger\2025-12-20_16-49-06-103063_ho_DV\model_weights.pth
It: 780, Loss: 2.471e-02, Loss_res: 1.848e-02,  Loss_bcs: 3.700e-05, Loss_ut_ics: 3.092e-05, Loss_norm: 2.269e-06, w_pde: 1.00e+00, L^2_error: 1.007e-01, lr: 1.000e-03, Time: 4.17e+02
Model state saved to ./results/models/checkpoints/smoke_schrodinger\2025-12-20_16-49-06-103063_ho_DV\model.pth
Model state saved to ./results/models/checkpoints/smoke_schrodinger\2025-12-20_16-49-06-103063_ho_DV\model_weights.pth
It: 790, Loss: 2.934e-02, Loss_res: 2.317e-02,  Loss_bcs: 3.742e-05, Loss_ut_ics: 3.059e-05, Loss_norm: 2.201e-06, w_pde: 1.00e+00, L^2_error: 1.007e-01, lr: 1.000e-03, Time: 4.22e+02
Model state saved to ./results/models/checkpoints/smoke_schrodinger\2025-12-20_16-49-06-103063_ho_DV\model.pth
Model state saved to ./results/models/checkpoints/smoke_schrodinger\2025-12-20_16-49-06-103063_ho_DV\model_weights.pth
It: 800, Loss: 2.719e-02, Loss_res: 2.107e-02,  Loss_bcs: 3.302e-05, Loss_ut_ics: 3.035e-05, Loss_norm: 2.926e-06, w_pde: 1.00e+00, L^2_error: 1.007e-01, lr: 1.000e-03, Time: 4.27e+02
Model state saved to ./results/models/checkpoints/smoke_schrodinger\2025-12-20_16-49-06-103063_ho_DV\model.pth
Model state saved to ./results/models/checkpoints/smoke_schrodinger\2025-12-20_16-49-06-103063_ho_DV\model_weights.pth
It: 810, Loss: 2.600e-02, Loss_res: 1.997e-02,  Loss_bcs: 3.600e-05, Loss_ut_ics: 2.990e-05, Loss_norm: 3.136e-06, w_pde: 1.00e+00, L^2_error: 1.007e-01, lr: 1.000e-03, Time: 4.32e+02
Model state saved to ./results/models/checkpoints/smoke_schrodinger\2025-12-20_16-49-06-103063_ho_DV\model.pth
Model state saved to ./results/models/checkpoints/smoke_schrodinger\2025-12-20_16-49-06-103063_ho_DV\model_weights.pth
It: 820, Loss: 2.540e-02, Loss_res: 1.941e-02,  Loss_bcs: 3.013e-05, Loss_ut_ics: 2.972e-05, Loss_norm: 2.872e-06, w_pde: 1.00e+00, L^2_error: 1.006e-01, lr: 1.000e-03, Time: 4.38e+02
Model state saved to ./results/models/checkpoints/smoke_schrodinger\2025-12-20_16-49-06-103063_ho_DV\model.pth
Model state saved to ./results/models/checkpoints/smoke_schrodinger\2025-12-20_16-49-06-103063_ho_DV\model_weights.pth
It: 830, Loss: 2.779e-02, Loss_res: 2.190e-02,  Loss_bcs: 3.329e-05, Loss_ut_ics: 2.923e-05, Loss_norm: 2.210e-06, w_pde: 1.00e+00, L^2_error: 1.006e-01, lr: 1.000e-03, Time: 4.43e+02
Model state saved to ./results/models/checkpoints/smoke_schrodinger\2025-12-20_16-49-06-103063_ho_DV\model.pth
Model state saved to ./results/models/checkpoints/smoke_schrodinger\2025-12-20_16-49-06-103063_ho_DV\model_weights.pth
It: 840, Loss: 2.344e-02, Loss_res: 1.761e-02,  Loss_bcs: 3.206e-05, Loss_ut_ics: 2.888e-05, Loss_norm: 3.426e-06, w_pde: 1.00e+00, L^2_error: 1.006e-01, lr: 1.000e-03, Time: 4.48e+02
Model state saved to ./results/models/checkpoints/smoke_schrodinger\2025-12-20_16-49-06-103063_ho_DV\model.pth
Model state saved to ./results/models/checkpoints/smoke_schrodinger\2025-12-20_16-49-06-103063_ho_DV\model_weights.pth
It: 850, Loss: 2.979e-02, Loss_res: 2.406e-02,  Loss_bcs: 3.081e-05, Loss_ut_ics: 2.847e-05, Loss_norm: 1.449e-06, w_pde: 1.00e+00, L^2_error: 1.005e-01, lr: 1.000e-03, Time: 4.54e+02
Model state saved to ./results/models/checkpoints/smoke_schrodinger\2025-12-20_16-49-06-103063_ho_DV\model.pth
Model state saved to ./results/models/checkpoints/smoke_schrodinger\2025-12-20_16-49-06-103063_ho_DV\model_weights.pth
It: 860, Loss: 3.573e-02, Loss_res: 3.008e-02,  Loss_bcs: 3.435e-05, Loss_ut_ics: 2.806e-05, Loss_norm: 1.385e-06, w_pde: 1.00e+00, L^2_error: 1.005e-01, lr: 1.000e-03, Time: 4.59e+02
Model state saved to ./results/models/checkpoints/smoke_schrodinger\2025-12-20_16-49-06-103063_ho_DV\model.pth
Model state saved to ./results/models/checkpoints/smoke_schrodinger\2025-12-20_16-49-06-103063_ho_DV\model_weights.pth
It: 870, Loss: 2.884e-02, Loss_res: 2.325e-02,  Loss_bcs: 3.376e-05, Loss_ut_ics: 2.775e-05, Loss_norm: 1.088e-06, w_pde: 1.00e+00, L^2_error: 1.005e-01, lr: 1.000e-03, Time: 4.64e+02
Model state saved to ./results/models/checkpoints/smoke_schrodinger\2025-12-20_16-49-06-103063_ho_DV\model.pth
Model state saved to ./results/models/checkpoints/smoke_schrodinger\2025-12-20_16-49-06-103063_ho_DV\model_weights.pth
It: 880, Loss: 3.202e-02, Loss_res: 2.649e-02,  Loss_bcs: 3.708e-05, Loss_ut_ics: 2.743e-05, Loss_norm: 7.264e-07, w_pde: 1.00e+00, L^2_error: 1.005e-01, lr: 1.000e-03, Time: 4.69e+02
Model state saved to ./results/models/checkpoints/smoke_schrodinger\2025-12-20_16-49-06-103063_ho_DV\model.pth
Model state saved to ./results/models/checkpoints/smoke_schrodinger\2025-12-20_16-49-06-103063_ho_DV\model_weights.pth
It: 890, Loss: 2.854e-02, Loss_res: 2.310e-02,  Loss_bcs: 3.314e-05, Loss_ut_ics: 2.702e-05, Loss_norm: 1.358e-06, w_pde: 1.00e+00, L^2_error: 1.004e-01, lr: 1.000e-03, Time: 4.74e+02
Model state saved to ./results/models/checkpoints/smoke_schrodinger\2025-12-20_16-49-06-103063_ho_DV\model.pth
Model state saved to ./results/models/checkpoints/smoke_schrodinger\2025-12-20_16-49-06-103063_ho_DV\model_weights.pth
It: 900, Loss: 2.703e-02, Loss_res: 2.166e-02,  Loss_bcs: 3.151e-05, Loss_ut_ics: 2.665e-05, Loss_norm: 2.077e-06, w_pde: 1.00e+00, L^2_error: 1.004e-01, lr: 1.000e-03, Time: 4.79e+02
Model state saved to ./results/models/checkpoints/smoke_schrodinger\2025-12-20_16-49-06-103063_ho_DV\model.pth
Model state saved to ./results/models/checkpoints/smoke_schrodinger\2025-12-20_16-49-06-103063_ho_DV\model_weights.pth
It: 910, Loss: 2.814e-02, Loss_res: 2.280e-02,  Loss_bcs: 2.736e-05, Loss_ut_ics: 2.648e-05, Loss_norm: 3.719e-06, w_pde: 1.00e+00, L^2_error: 1.004e-01, lr: 1.000e-03, Time: 4.84e+02
Model state saved to ./results/models/checkpoints/smoke_schrodinger\2025-12-20_16-49-06-103063_ho_DV\model.pth
Model state saved to ./results/models/checkpoints/smoke_schrodinger\2025-12-20_16-49-06-103063_ho_DV\model_weights.pth
It: 920, Loss: 2.596e-02, Loss_res: 2.070e-02,  Loss_bcs: 2.963e-05, Loss_ut_ics: 2.613e-05, Loss_norm: 4.939e-07, w_pde: 1.00e+00, L^2_error: 1.004e-01, lr: 1.000e-03, Time: 4.89e+02
Model state saved to ./results/models/checkpoints/smoke_schrodinger\2025-12-20_16-49-06-103063_ho_DV\model.pth
Model state saved to ./results/models/checkpoints/smoke_schrodinger\2025-12-20_16-49-06-103063_ho_DV\model_weights.pth
It: 930, Loss: 2.379e-02, Loss_res: 1.859e-02,  Loss_bcs: 2.945e-05, Loss_ut_ics: 2.581e-05, Loss_norm: 2.454e-06, w_pde: 1.00e+00, L^2_error: 1.004e-01, lr: 1.000e-03, Time: 4.94e+02
Model state saved to ./results/models/checkpoints/smoke_schrodinger\2025-12-20_16-49-06-103063_ho_DV\model.pth
Model state saved to ./results/models/checkpoints/smoke_schrodinger\2025-12-20_16-49-06-103063_ho_DV\model_weights.pth
It: 940, Loss: 3.066e-02, Loss_res: 2.554e-02,  Loss_bcs: 2.733e-05, Loss_ut_ics: 2.543e-05, Loss_norm: 1.191e-06, w_pde: 1.00e+00, L^2_error: 1.003e-01, lr: 1.000e-03, Time: 5.00e+02
Model state saved to ./results/models/checkpoints/smoke_schrodinger\2025-12-20_16-49-06-103063_ho_DV\model.pth
Model state saved to ./results/models/checkpoints/smoke_schrodinger\2025-12-20_16-49-06-103063_ho_DV\model_weights.pth
It: 950, Loss: 2.388e-02, Loss_res: 1.883e-02,  Loss_bcs: 2.932e-05, Loss_ut_ics: 2.508e-05, Loss_norm: 5.768e-07, w_pde: 1.00e+00, L^2_error: 1.003e-01, lr: 1.000e-03, Time: 5.06e+02
Model state saved to ./results/models/checkpoints/smoke_schrodinger\2025-12-20_16-49-06-103063_ho_DV\model.pth
Model state saved to ./results/models/checkpoints/smoke_schrodinger\2025-12-20_16-49-06-103063_ho_DV\model_weights.pth
It: 960, Loss: 2.533e-02, Loss_res: 2.035e-02,  Loss_bcs: 2.795e-05, Loss_ut_ics: 2.473e-05, Loss_norm: 7.450e-07, w_pde: 1.00e+00, L^2_error: 1.003e-01, lr: 1.000e-03, Time: 5.11e+02
Model state saved to ./results/models/checkpoints/smoke_schrodinger\2025-12-20_16-49-06-103063_ho_DV\model.pth
Model state saved to ./results/models/checkpoints/smoke_schrodinger\2025-12-20_16-49-06-103063_ho_DV\model_weights.pth
It: 970, Loss: 2.312e-02, Loss_res: 1.820e-02,  Loss_bcs: 2.689e-05, Loss_ut_ics: 2.441e-05, Loss_norm: 1.615e-06, w_pde: 1.00e+00, L^2_error: 1.002e-01, lr: 1.000e-03, Time: 5.16e+02
Model state saved to ./results/models/checkpoints/smoke_schrodinger\2025-12-20_16-49-06-103063_ho_DV\model.pth
Model state saved to ./results/models/checkpoints/smoke_schrodinger\2025-12-20_16-49-06-103063_ho_DV\model_weights.pth
It: 980, Loss: 2.624e-02, Loss_res: 2.136e-02,  Loss_bcs: 2.383e-05, Loss_ut_ics: 2.419e-05, Loss_norm: 3.621e-06, w_pde: 1.00e+00, L^2_error: 1.003e-01, lr: 1.000e-03, Time: 5.21e+02
Model state saved to ./results/models/checkpoints/smoke_schrodinger\2025-12-20_16-49-06-103063_ho_DV\model.pth
Model state saved to ./results/models/checkpoints/smoke_schrodinger\2025-12-20_16-49-06-103063_ho_DV\model_weights.pth
It: 990, Loss: 2.937e-02, Loss_res: 2.458e-02,  Loss_bcs: 2.314e-05, Loss_ut_ics: 2.381e-05, Loss_norm: 1.727e-06, w_pde: 1.00e+00, L^2_error: 1.002e-01, lr: 1.000e-03, Time: 5.26e+02
Model state saved to ./results/models/checkpoints/smoke_schrodinger\2025-12-20_16-49-06-103063_ho_DV\model.pth
Model state saved to ./results/models/checkpoints/smoke_schrodinger\2025-12-20_16-49-06-103063_ho_DV\model_weights.pth
It: 1000, Loss: 2.830e-02, Loss_res: 2.358e-02,  Loss_bcs: 2.531e-05, Loss_ut_ics: 2.346e-05, Loss_norm: 5.587e-07, w_pde: 1.00e+00, L^2_error: 1.002e-01, lr: 1.000e-03, Time: 5.31e+02
Model state saved to ./results/models/checkpoints/smoke_schrodinger\2025-12-20_16-49-06-103063_ho_DV\model.pth
Model state saved to ./results/models/checkpoints/smoke_schrodinger\2025-12-20_16-49-06-103063_ho_DV\model_weights.pth
It: 1, Loss: 4.837e+01, Loss_res: 5.302e+00,  Loss_bcs: 7.200e-02, Loss_ut_ics: 2.400e-01, Loss_norm: 5.326e-03, w_pde: 5.00e-02, L^2_error: 1.589e+00, lr: 1.000e-03, Time: 6.81e-01
Model state saved to ./results/models/checkpoints/smoke_schrodinger\2025-12-20_17-37-08-319047_ho_DV\model.pth
Model state saved to ./results/models/checkpoints/smoke_schrodinger\2025-12-20_17-37-08-319047_ho_DV\model_weights.pth
It: 10, Loss: 2.133e+01, Loss_res: 6.978e-01,  Loss_bcs: 1.078e-02, Loss_ut_ics: 8.307e-02, Loss_norm: 8.722e-01, w_pde: 5.00e-01, L^2_error: 9.779e-01, lr: 1.000e-03, Time: 5.18e+00
Model state saved to ./results/models/checkpoints/smoke_schrodinger\2025-12-20_17-37-08-319047_ho_DV\model.pth
Model state saved to ./results/models/checkpoints/smoke_schrodinger\2025-12-20_17-37-08-319047_ho_DV\model_weights.pth
It: 20, Loss: 1.367e+01, Loss_res: 1.850e+00,  Loss_bcs: 2.288e-02, Loss_ut_ics: 5.100e-02, Loss_norm: 3.194e-01, w_pde: 1.00e+00, L^2_error: 7.700e-01, lr: 1.000e-03, Time: 9.98e+00
Model state saved to ./results/models/checkpoints/smoke_schrodinger\2025-12-20_17-37-08-319047_ho_DV\model.pth
Model state saved to ./results/models/checkpoints/smoke_schrodinger\2025-12-20_17-37-08-319047_ho_DV\model_weights.pth
It: 30, Loss: 6.413e+00, Loss_res: 1.062e-01,  Loss_bcs: 1.428e-03, Loss_ut_ics: 2.238e-02, Loss_norm: 3.657e-01, w_pde: 1.00e+00, L^2_error: 5.067e-01, lr: 1.000e-03, Time: 1.48e+01
Model state saved to ./results/models/checkpoints/smoke_schrodinger\2025-12-20_17-37-08-319047_ho_DV\model.pth
Model state saved to ./results/models/checkpoints/smoke_schrodinger\2025-12-20_17-37-08-319047_ho_DV\model_weights.pth
It: 40, Loss: 2.649e+00, Loss_res: 1.538e-01,  Loss_bcs: 2.141e-03, Loss_ut_ics: 1.080e-02, Loss_norm: 6.645e-02, w_pde: 1.00e+00, L^2_error: 3.690e-01, lr: 1.000e-03, Time: 1.96e+01
Model state saved to ./results/models/checkpoints/smoke_schrodinger\2025-12-20_17-37-08-319047_ho_DV\model.pth
Model state saved to ./results/models/checkpoints/smoke_schrodinger\2025-12-20_17-37-08-319047_ho_DV\model_weights.pth
It: 50, Loss: 1.032e+00, Loss_res: 8.020e-02,  Loss_bcs: 7.616e-04, Loss_ut_ics: 4.650e-03, Loss_norm: 4.263e-03, w_pde: 1.00e+00, L^2_error: 2.615e-01, lr: 1.000e-03, Time: 2.44e+01
Model state saved to ./results/models/checkpoints/smoke_schrodinger\2025-12-20_17-37-08-319047_ho_DV\model.pth
Model state saved to ./results/models/checkpoints/smoke_schrodinger\2025-12-20_17-37-08-319047_ho_DV\model_weights.pth
It: 60, Loss: 3.430e-01, Loss_res: 5.058e-02,  Loss_bcs: 8.379e-04, Loss_ut_ics: 1.362e-03, Loss_norm: 3.830e-03, w_pde: 1.00e+00, L^2_error: 1.733e-01, lr: 1.000e-03, Time: 2.92e+01
Model state saved to ./results/models/checkpoints/smoke_schrodinger\2025-12-20_17-37-08-319047_ho_DV\model.pth
Model state saved to ./results/models/checkpoints/smoke_schrodinger\2025-12-20_17-37-08-319047_ho_DV\model_weights.pth
It: 70, Loss: 2.454e-01, Loss_res: 1.087e-01,  Loss_bcs: 2.956e-03, Loss_ut_ics: 6.548e-04, Loss_norm: 5.622e-04, w_pde: 1.00e+00, L^2_error: 1.435e-01, lr: 1.000e-03, Time: 3.40e+01
Model state saved to ./results/models/checkpoints/smoke_schrodinger\2025-12-20_17-37-08-319047_ho_DV\model.pth
Model state saved to ./results/models/checkpoints/smoke_schrodinger\2025-12-20_17-37-08-319047_ho_DV\model_weights.pth
It: 80, Loss: 1.839e-01, Loss_res: 5.852e-02,  Loss_bcs: 1.055e-03, Loss_ut_ics: 6.107e-04, Loss_norm: 4.345e-04, w_pde: 1.00e+00, L^2_error: 1.259e-01, lr: 1.000e-03, Time: 3.87e+01
Model state saved to ./results/models/checkpoints/smoke_schrodinger\2025-12-20_17-37-08-319047_ho_DV\model.pth
Model state saved to ./results/models/checkpoints/smoke_schrodinger\2025-12-20_17-37-08-319047_ho_DV\model_weights.pth
It: 90, Loss: 1.546e-01, Loss_res: 5.418e-02,  Loss_bcs: 9.693e-04, Loss_ut_ics: 4.838e-04, Loss_norm: 5.445e-04, w_pde: 1.00e+00, L^2_error: 1.256e-01, lr: 1.000e-03, Time: 4.35e+01
Model state saved to ./results/models/checkpoints/smoke_schrodinger\2025-12-20_17-37-08-319047_ho_DV\model.pth
Model state saved to ./results/models/checkpoints/smoke_schrodinger\2025-12-20_17-37-08-319047_ho_DV\model_weights.pth
It: 100, Loss: 1.215e-01, Loss_res: 4.429e-02,  Loss_bcs: 8.910e-04, Loss_ut_ics: 3.715e-04, Loss_norm: 4.017e-04, w_pde: 1.00e+00, L^2_error: 1.209e-01, lr: 1.000e-03, Time: 4.83e+01
Model state saved to ./results/models/checkpoints/smoke_schrodinger\2025-12-20_17-37-08-319047_ho_DV\model.pth
Model state saved to ./results/models/checkpoints/smoke_schrodinger\2025-12-20_17-37-08-319047_ho_DV\model_weights.pth
It: 110, Loss: 1.102e-01, Loss_res: 4.553e-02,  Loss_bcs: 7.177e-04, Loss_ut_ics: 3.092e-04, Loss_norm: 4.230e-04, w_pde: 1.00e+00, L^2_error: 1.155e-01, lr: 1.000e-03, Time: 5.31e+01
Model state saved to ./results/models/checkpoints/smoke_schrodinger\2025-12-20_17-37-08-319047_ho_DV\model.pth
Model state saved to ./results/models/checkpoints/smoke_schrodinger\2025-12-20_17-37-08-319047_ho_DV\model_weights.pth
It: 120, Loss: 8.660e-02, Loss_res: 3.359e-02,  Loss_bcs: 6.024e-04, Loss_ut_ics: 2.549e-04, Loss_norm: 2.858e-04, w_pde: 1.00e+00, L^2_error: 1.155e-01, lr: 1.000e-03, Time: 5.80e+01
Model state saved to ./results/models/checkpoints/smoke_schrodinger\2025-12-20_17-37-08-319047_ho_DV\model.pth
Model state saved to ./results/models/checkpoints/smoke_schrodinger\2025-12-20_17-37-08-319047_ho_DV\model_weights.pth
It: 130, Loss: 7.696e-02, Loss_res: 3.244e-02,  Loss_bcs: 4.309e-04, Loss_ut_ics: 2.137e-04, Loss_norm: 2.695e-04, w_pde: 1.00e+00, L^2_error: 1.120e-01, lr: 1.000e-03, Time: 6.29e+01
Model state saved to ./results/models/checkpoints/smoke_schrodinger\2025-12-20_17-37-08-319047_ho_DV\model.pth
Model state saved to ./results/models/checkpoints/smoke_schrodinger\2025-12-20_17-37-08-319047_ho_DV\model_weights.pth
It: 140, Loss: 6.725e-02, Loss_res: 3.175e-02,  Loss_bcs: 3.455e-04, Loss_ut_ics: 1.700e-04, Loss_norm: 2.298e-04, w_pde: 1.00e+00, L^2_error: 1.093e-01, lr: 1.000e-03, Time: 6.78e+01
Model state saved to ./results/models/checkpoints/smoke_schrodinger\2025-12-20_17-37-08-319047_ho_DV\model.pth
Model state saved to ./results/models/checkpoints/smoke_schrodinger\2025-12-20_17-37-08-319047_ho_DV\model_weights.pth
It: 150, Loss: 5.773e-02, Loss_res: 2.978e-02,  Loss_bcs: 2.548e-04, Loss_ut_ics: 1.335e-04, Loss_norm: 2.005e-04, w_pde: 1.00e+00, L^2_error: 1.070e-01, lr: 1.000e-03, Time: 7.27e+01
Model state saved to ./results/models/checkpoints/smoke_schrodinger\2025-12-20_17-37-08-319047_ho_DV\model.pth
Model state saved to ./results/models/checkpoints/smoke_schrodinger\2025-12-20_17-37-08-319047_ho_DV\model_weights.pth
It: 160, Loss: 5.265e-02, Loss_res: 3.125e-02,  Loss_bcs: 1.814e-04, Loss_ut_ics: 1.019e-04, Loss_norm: 1.687e-04, w_pde: 1.00e+00, L^2_error: 1.058e-01, lr: 1.000e-03, Time: 7.77e+01
Model state saved to ./results/models/checkpoints/smoke_schrodinger\2025-12-20_17-37-08-319047_ho_DV\model.pth
Model state saved to ./results/models/checkpoints/smoke_schrodinger\2025-12-20_17-37-08-319047_ho_DV\model_weights.pth
It: 170, Loss: 4.285e-02, Loss_res: 2.653e-02,  Loss_bcs: 1.070e-04, Loss_ut_ics: 7.741e-05, Loss_norm: 1.456e-04, w_pde: 1.00e+00, L^2_error: 1.045e-01, lr: 1.000e-03, Time: 8.26e+01
Model state saved to ./results/models/checkpoints/smoke_schrodinger\2025-12-20_17-37-08-319047_ho_DV\model.pth
Model state saved to ./results/models/checkpoints/smoke_schrodinger\2025-12-20_17-37-08-319047_ho_DV\model_weights.pth
It: 180, Loss: 3.455e-02, Loss_res: 2.257e-02,  Loss_bcs: 6.794e-05, Loss_ut_ics: 5.657e-05, Loss_norm: 1.213e-04, w_pde: 1.00e+00, L^2_error: 1.038e-01, lr: 1.000e-03, Time: 8.76e+01
Model state saved to ./results/models/checkpoints/smoke_schrodinger\2025-12-20_17-37-08-319047_ho_DV\model.pth
Model state saved to ./results/models/checkpoints/smoke_schrodinger\2025-12-20_17-37-08-319047_ho_DV\model_weights.pth
It: 190, Loss: 3.316e-02, Loss_res: 2.408e-02,  Loss_bcs: 3.015e-05, Loss_ut_ics: 4.263e-05, Loss_norm: 1.037e-04, w_pde: 1.00e+00, L^2_error: 1.027e-01, lr: 1.000e-03, Time: 9.28e+01
Model state saved to ./results/models/checkpoints/smoke_schrodinger\2025-12-20_17-37-08-319047_ho_DV\model.pth
Model state saved to ./results/models/checkpoints/smoke_schrodinger\2025-12-20_17-37-08-319047_ho_DV\model_weights.pth
It: 200, Loss: 3.106e-02, Loss_res: 2.425e-02,  Loss_bcs: 1.372e-05, Loss_ut_ics: 3.186e-05, Loss_norm: 8.589e-05, w_pde: 1.00e+00, L^2_error: 1.026e-01, lr: 1.000e-03, Time: 9.77e+01
Model state saved to ./results/models/checkpoints/smoke_schrodinger\2025-12-20_17-37-08-319047_ho_DV\model.pth
Model state saved to ./results/models/checkpoints/smoke_schrodinger\2025-12-20_17-37-08-319047_ho_DV\model_weights.pth
It: 210, Loss: 2.746e-02, Loss_res: 2.201e-02,  Loss_bcs: 6.791e-06, Loss_ut_ics: 2.546e-05, Loss_norm: 6.988e-05, w_pde: 1.00e+00, L^2_error: 1.020e-01, lr: 1.000e-03, Time: 1.03e+02
Model state saved to ./results/models/checkpoints/smoke_schrodinger\2025-12-20_17-37-08-319047_ho_DV\model.pth
Model state saved to ./results/models/checkpoints/smoke_schrodinger\2025-12-20_17-37-08-319047_ho_DV\model_weights.pth
It: 220, Loss: 2.626e-02, Loss_res: 2.178e-02,  Loss_bcs: 5.718e-06, Loss_ut_ics: 2.091e-05, Loss_norm: 5.728e-05, w_pde: 1.00e+00, L^2_error: 1.018e-01, lr: 1.000e-03, Time: 1.08e+02
Model state saved to ./results/models/checkpoints/smoke_schrodinger\2025-12-20_17-37-08-319047_ho_DV\model.pth
Model state saved to ./results/models/checkpoints/smoke_schrodinger\2025-12-20_17-37-08-319047_ho_DV\model_weights.pth
It: 230, Loss: 2.487e-02, Loss_res: 2.106e-02,  Loss_bcs: 6.294e-06, Loss_ut_ics: 1.788e-05, Loss_norm: 4.541e-05, w_pde: 1.00e+00, L^2_error: 1.015e-01, lr: 1.000e-03, Time: 1.13e+02
Model state saved to ./results/models/checkpoints/smoke_schrodinger\2025-12-20_17-37-08-319047_ho_DV\model.pth
Model state saved to ./results/models/checkpoints/smoke_schrodinger\2025-12-20_17-37-08-319047_ho_DV\model_weights.pth
It: 240, Loss: 2.348e-02, Loss_res: 2.013e-02,  Loss_bcs: 8.104e-06, Loss_ut_ics: 1.590e-05, Loss_norm: 3.398e-05, w_pde: 1.00e+00, L^2_error: 1.014e-01, lr: 1.000e-03, Time: 1.18e+02
Model state saved to ./results/models/checkpoints/smoke_schrodinger\2025-12-20_17-37-08-319047_ho_DV\model.pth
Model state saved to ./results/models/checkpoints/smoke_schrodinger\2025-12-20_17-37-08-319047_ho_DV\model_weights.pth
It: 250, Loss: 2.419e-02, Loss_res: 2.119e-02,  Loss_bcs: 1.002e-05, Loss_ut_ics: 1.433e-05, Loss_norm: 2.566e-05, w_pde: 1.00e+00, L^2_error: 1.014e-01, lr: 1.000e-03, Time: 1.23e+02
Model state saved to ./results/models/checkpoints/smoke_schrodinger\2025-12-20_17-37-08-319047_ho_DV\model.pth
Model state saved to ./results/models/checkpoints/smoke_schrodinger\2025-12-20_17-37-08-319047_ho_DV\model_weights.pth
It: 260, Loss: 2.947e-02, Loss_res: 2.672e-02,  Loss_bcs: 1.125e-05, Loss_ut_ics: 1.325e-05, Loss_norm: 1.819e-05, w_pde: 1.00e+00, L^2_error: 1.011e-01, lr: 1.000e-03, Time: 1.28e+02
Model state saved to ./results/models/checkpoints/smoke_schrodinger\2025-12-20_17-37-08-319047_ho_DV\model.pth
Model state saved to ./results/models/checkpoints/smoke_schrodinger\2025-12-20_17-37-08-319047_ho_DV\model_weights.pth
It: 270, Loss: 2.221e-02, Loss_res: 1.965e-02,  Loss_bcs: 1.272e-05, Loss_ut_ics: 1.244e-05, Loss_norm: 1.264e-05, w_pde: 1.00e+00, L^2_error: 1.010e-01, lr: 1.000e-03, Time: 1.33e+02
Model state saved to ./results/models/checkpoints/smoke_schrodinger\2025-12-20_17-37-08-319047_ho_DV\model.pth
Model state saved to ./results/models/checkpoints/smoke_schrodinger\2025-12-20_17-37-08-319047_ho_DV\model_weights.pth
It: 280, Loss: 1.975e-02, Loss_res: 1.734e-02,  Loss_bcs: 1.382e-05, Loss_ut_ics: 1.180e-05, Loss_norm: 8.680e-06, w_pde: 1.00e+00, L^2_error: 1.010e-01, lr: 1.000e-03, Time: 1.38e+02
Model state saved to ./results/models/checkpoints/smoke_schrodinger\2025-12-20_17-37-08-319047_ho_DV\model.pth
Model state saved to ./results/models/checkpoints/smoke_schrodinger\2025-12-20_17-37-08-319047_ho_DV\model_weights.pth
It: 290, Loss: 2.666e-02, Loss_res: 2.435e-02,  Loss_bcs: 1.525e-05, Loss_ut_ics: 1.136e-05, Loss_norm: 5.557e-06, w_pde: 1.00e+00, L^2_error: 1.008e-01, lr: 1.000e-03, Time: 1.43e+02
Model state saved to ./results/models/checkpoints/smoke_schrodinger\2025-12-20_17-37-08-319047_ho_DV\model.pth
Model state saved to ./results/models/checkpoints/smoke_schrodinger\2025-12-20_17-37-08-319047_ho_DV\model_weights.pth
It: 300, Loss: 2.452e-02, Loss_res: 2.229e-02,  Loss_bcs: 1.589e-05, Loss_ut_ics: 1.098e-05, Loss_norm: 3.602e-06, w_pde: 1.00e+00, L^2_error: 1.008e-01, lr: 1.000e-03, Time: 1.48e+02
Model state saved to ./results/models/checkpoints/smoke_schrodinger\2025-12-20_17-37-08-319047_ho_DV\model.pth
Model state saved to ./results/models/checkpoints/smoke_schrodinger\2025-12-20_17-37-08-319047_ho_DV\model_weights.pth
It: 310, Loss: 1.725e-02, Loss_res: 1.509e-02,  Loss_bcs: 1.664e-05, Loss_ut_ics: 1.064e-05, Loss_norm: 2.085e-06, w_pde: 1.00e+00, L^2_error: 1.007e-01, lr: 1.000e-03, Time: 1.53e+02
Model state saved to ./results/models/checkpoints/smoke_schrodinger\2025-12-20_17-37-08-319047_ho_DV\model.pth
Model state saved to ./results/models/checkpoints/smoke_schrodinger\2025-12-20_17-37-08-319047_ho_DV\model_weights.pth
It: 320, Loss: 2.153e-02, Loss_res: 1.943e-02,  Loss_bcs: 1.718e-05, Loss_ut_ics: 1.037e-05, Loss_norm: 1.278e-06, w_pde: 1.00e+00, L^2_error: 1.007e-01, lr: 1.000e-03, Time: 1.58e+02
Model state saved to ./results/models/checkpoints/smoke_schrodinger\2025-12-20_17-37-08-319047_ho_DV\model.pth
Model state saved to ./results/models/checkpoints/smoke_schrodinger\2025-12-20_17-37-08-319047_ho_DV\model_weights.pth
It: 330, Loss: 2.168e-02, Loss_res: 1.962e-02,  Loss_bcs: 1.837e-05, Loss_ut_ics: 1.018e-05, Loss_norm: 1.177e-06, w_pde: 1.00e+00, L^2_error: 1.006e-01, lr: 1.000e-03, Time: 1.63e+02
Model state saved to ./results/models/checkpoints/smoke_schrodinger\2025-12-20_17-37-08-319047_ho_DV\model.pth
Model state saved to ./results/models/checkpoints/smoke_schrodinger\2025-12-20_17-37-08-319047_ho_DV\model_weights.pth
It: 340, Loss: 2.147e-02, Loss_res: 1.945e-02,  Loss_bcs: 1.782e-05, Loss_ut_ics: 9.960e-06, Loss_norm: 7.523e-07, w_pde: 1.00e+00, L^2_error: 1.007e-01, lr: 1.000e-03, Time: 1.68e+02
Model state saved to ./results/models/checkpoints/smoke_schrodinger\2025-12-20_17-37-08-319047_ho_DV\model.pth
Model state saved to ./results/models/checkpoints/smoke_schrodinger\2025-12-20_17-37-08-319047_ho_DV\model_weights.pth
It: 350, Loss: 2.229e-02, Loss_res: 2.029e-02,  Loss_bcs: 1.846e-05, Loss_ut_ics: 9.813e-06, Loss_norm: 2.790e-06, w_pde: 1.00e+00, L^2_error: 1.007e-01, lr: 1.000e-03, Time: 1.73e+02
Model state saved to ./results/models/checkpoints/smoke_schrodinger\2025-12-20_17-37-08-319047_ho_DV\model.pth
Model state saved to ./results/models/checkpoints/smoke_schrodinger\2025-12-20_17-37-08-319047_ho_DV\model_weights.pth
It: 360, Loss: 2.069e-02, Loss_res: 1.874e-02,  Loss_bcs: 1.773e-05, Loss_ut_ics: 9.620e-06, Loss_norm: 1.344e-06, w_pde: 1.00e+00, L^2_error: 1.006e-01, lr: 1.000e-03, Time: 1.78e+02
Model state saved to ./results/models/checkpoints/smoke_schrodinger\2025-12-20_17-37-08-319047_ho_DV\model.pth
Model state saved to ./results/models/checkpoints/smoke_schrodinger\2025-12-20_17-37-08-319047_ho_DV\model_weights.pth
It: 370, Loss: 2.189e-02, Loss_res: 1.997e-02,  Loss_bcs: 1.795e-05, Loss_ut_ics: 9.481e-06, Loss_norm: 2.118e-06, w_pde: 1.00e+00, L^2_error: 1.005e-01, lr: 1.000e-03, Time: 1.83e+02
Model state saved to ./results/models/checkpoints/smoke_schrodinger\2025-12-20_17-37-08-319047_ho_DV\model.pth
Model state saved to ./results/models/checkpoints/smoke_schrodinger\2025-12-20_17-37-08-319047_ho_DV\model_weights.pth
It: 380, Loss: 1.975e-02, Loss_res: 1.785e-02,  Loss_bcs: 1.788e-05, Loss_ut_ics: 9.323e-06, Loss_norm: 2.499e-06, w_pde: 1.00e+00, L^2_error: 1.005e-01, lr: 1.000e-03, Time: 1.88e+02
Model state saved to ./results/models/checkpoints/smoke_schrodinger\2025-12-20_17-37-08-319047_ho_DV\model.pth
Model state saved to ./results/models/checkpoints/smoke_schrodinger\2025-12-20_17-37-08-319047_ho_DV\model_weights.pth
It: 390, Loss: 2.592e-02, Loss_res: 2.404e-02,  Loss_bcs: 1.847e-05, Loss_ut_ics: 9.181e-06, Loss_norm: 3.150e-06, w_pde: 1.00e+00, L^2_error: 1.005e-01, lr: 1.000e-03, Time: 1.93e+02
Model state saved to ./results/models/checkpoints/smoke_schrodinger\2025-12-20_17-37-08-319047_ho_DV\model.pth
Model state saved to ./results/models/checkpoints/smoke_schrodinger\2025-12-20_17-37-08-319047_ho_DV\model_weights.pth
It: 400, Loss: 2.099e-02, Loss_res: 1.914e-02,  Loss_bcs: 1.812e-05, Loss_ut_ics: 9.050e-06, Loss_norm: 3.300e-06, w_pde: 1.00e+00, L^2_error: 1.005e-01, lr: 1.000e-03, Time: 1.98e+02
Model state saved to ./results/models/checkpoints/smoke_schrodinger\2025-12-20_17-37-08-319047_ho_DV\model.pth
Model state saved to ./results/models/checkpoints/smoke_schrodinger\2025-12-20_17-37-08-319047_ho_DV\model_weights.pth
It: 410, Loss: 2.032e-02, Loss_res: 1.850e-02,  Loss_bcs: 1.795e-05, Loss_ut_ics: 8.929e-06, Loss_norm: 4.642e-06, w_pde: 1.00e+00, L^2_error: 1.004e-01, lr: 1.000e-03, Time: 2.03e+02
Model state saved to ./results/models/checkpoints/smoke_schrodinger\2025-12-20_17-37-08-319047_ho_DV\model.pth
Model state saved to ./results/models/checkpoints/smoke_schrodinger\2025-12-20_17-37-08-319047_ho_DV\model_weights.pth
It: 420, Loss: 2.789e-02, Loss_res: 2.609e-02,  Loss_bcs: 1.770e-05, Loss_ut_ics: 8.800e-06, Loss_norm: 4.596e-06, w_pde: 1.00e+00, L^2_error: 1.002e-01, lr: 1.000e-03, Time: 2.08e+02
Model state saved to ./results/models/checkpoints/smoke_schrodinger\2025-12-20_17-37-08-319047_ho_DV\model.pth
Model state saved to ./results/models/checkpoints/smoke_schrodinger\2025-12-20_17-37-08-319047_ho_DV\model_weights.pth
It: 430, Loss: 2.253e-02, Loss_res: 2.075e-02,  Loss_bcs: 1.785e-05, Loss_ut_ics: 8.660e-06, Loss_norm: 4.824e-06, w_pde: 1.00e+00, L^2_error: 1.004e-01, lr: 1.000e-03, Time: 2.13e+02
Model state saved to ./results/models/checkpoints/smoke_schrodinger\2025-12-20_17-37-08-319047_ho_DV\model.pth
Model state saved to ./results/models/checkpoints/smoke_schrodinger\2025-12-20_17-37-08-319047_ho_DV\model_weights.pth
It: 440, Loss: 2.116e-02, Loss_res: 1.941e-02,  Loss_bcs: 1.763e-05, Loss_ut_ics: 8.536e-06, Loss_norm: 5.307e-06, w_pde: 1.00e+00, L^2_error: 1.003e-01, lr: 1.000e-03, Time: 2.19e+02
Model state saved to ./results/models/checkpoints/smoke_schrodinger\2025-12-20_17-37-08-319047_ho_DV\model.pth
Model state saved to ./results/models/checkpoints/smoke_schrodinger\2025-12-20_17-37-08-319047_ho_DV\model_weights.pth
It: 450, Loss: 2.586e-02, Loss_res: 2.412e-02,  Loss_bcs: 1.768e-05, Loss_ut_ics: 8.429e-06, Loss_norm: 6.425e-06, w_pde: 1.00e+00, L^2_error: 1.004e-01, lr: 1.000e-03, Time: 2.23e+02
Model state saved to ./results/models/checkpoints/smoke_schrodinger\2025-12-20_17-37-08-319047_ho_DV\model.pth
Model state saved to ./results/models/checkpoints/smoke_schrodinger\2025-12-20_17-37-08-319047_ho_DV\model_weights.pth
It: 460, Loss: 2.434e-02, Loss_res: 2.263e-02,  Loss_bcs: 1.788e-05, Loss_ut_ics: 8.331e-06, Loss_norm: 5.743e-06, w_pde: 1.00e+00, L^2_error: 1.006e-01, lr: 1.000e-03, Time: 2.28e+02
Model state saved to ./results/models/checkpoints/smoke_schrodinger\2025-12-20_17-37-08-319047_ho_DV\model.pth
Model state saved to ./results/models/checkpoints/smoke_schrodinger\2025-12-20_17-37-08-319047_ho_DV\model_weights.pth
It: 470, Loss: 2.392e-02, Loss_res: 2.224e-02,  Loss_bcs: 1.801e-05, Loss_ut_ics: 8.196e-06, Loss_norm: 5.208e-06, w_pde: 1.00e+00, L^2_error: 1.003e-01, lr: 1.000e-03, Time: 2.34e+02
Model state saved to ./results/models/checkpoints/smoke_schrodinger\2025-12-20_17-37-08-319047_ho_DV\model.pth
Model state saved to ./results/models/checkpoints/smoke_schrodinger\2025-12-20_17-37-08-319047_ho_DV\model_weights.pth
It: 480, Loss: 2.063e-02, Loss_res: 1.897e-02,  Loss_bcs: 1.739e-05, Loss_ut_ics: 8.083e-06, Loss_norm: 5.726e-06, w_pde: 1.00e+00, L^2_error: 1.003e-01, lr: 1.000e-03, Time: 2.39e+02
Model state saved to ./results/models/checkpoints/smoke_schrodinger\2025-12-20_17-37-08-319047_ho_DV\model.pth
Model state saved to ./results/models/checkpoints/smoke_schrodinger\2025-12-20_17-37-08-319047_ho_DV\model_weights.pth
It: 490, Loss: 2.536e-02, Loss_res: 2.371e-02,  Loss_bcs: 1.771e-05, Loss_ut_ics: 7.978e-06, Loss_norm: 8.478e-06, w_pde: 1.00e+00, L^2_error: 1.002e-01, lr: 1.000e-03, Time: 2.44e+02
Model state saved to ./results/models/checkpoints/smoke_schrodinger\2025-12-20_17-37-08-319047_ho_DV\model.pth
Model state saved to ./results/models/checkpoints/smoke_schrodinger\2025-12-20_17-37-08-319047_ho_DV\model_weights.pth
It: 500, Loss: 2.024e-02, Loss_res: 1.862e-02,  Loss_bcs: 1.640e-05, Loss_ut_ics: 7.866e-06, Loss_norm: 6.064e-06, w_pde: 1.00e+00, L^2_error: 1.004e-01, lr: 1.000e-03, Time: 2.49e+02
Model state saved to ./results/models/checkpoints/smoke_schrodinger\2025-12-20_17-37-08-319047_ho_DV\model.pth
Model state saved to ./results/models/checkpoints/smoke_schrodinger\2025-12-20_17-37-08-319047_ho_DV\model_weights.pth
It: 510, Loss: 2.084e-02, Loss_res: 1.923e-02,  Loss_bcs: 1.702e-05, Loss_ut_ics: 7.758e-06, Loss_norm: 8.222e-06, w_pde: 1.00e+00, L^2_error: 1.003e-01, lr: 1.000e-03, Time: 2.53e+02
Model state saved to ./results/models/checkpoints/smoke_schrodinger\2025-12-20_17-37-08-319047_ho_DV\model.pth
Model state saved to ./results/models/checkpoints/smoke_schrodinger\2025-12-20_17-37-08-319047_ho_DV\model_weights.pth
It: 520, Loss: 1.912e-02, Loss_res: 1.754e-02,  Loss_bcs: 1.626e-05, Loss_ut_ics: 7.637e-06, Loss_norm: 6.314e-06, w_pde: 1.00e+00, L^2_error: 1.002e-01, lr: 1.000e-03, Time: 2.58e+02
Model state saved to ./results/models/checkpoints/smoke_schrodinger\2025-12-20_17-37-08-319047_ho_DV\model.pth
Model state saved to ./results/models/checkpoints/smoke_schrodinger\2025-12-20_17-37-08-319047_ho_DV\model_weights.pth
It: 530, Loss: 2.149e-02, Loss_res: 1.993e-02,  Loss_bcs: 1.730e-05, Loss_ut_ics: 7.545e-06, Loss_norm: 6.951e-06, w_pde: 1.00e+00, L^2_error: 1.003e-01, lr: 1.000e-03, Time: 2.63e+02
Model state saved to ./results/models/checkpoints/smoke_schrodinger\2025-12-20_17-37-08-319047_ho_DV\model.pth
Model state saved to ./results/models/checkpoints/smoke_schrodinger\2025-12-20_17-37-08-319047_ho_DV\model_weights.pth
It: 540, Loss: 2.365e-02, Loss_res: 2.211e-02,  Loss_bcs: 1.712e-05, Loss_ut_ics: 7.443e-06, Loss_norm: 6.153e-06, w_pde: 1.00e+00, L^2_error: 1.002e-01, lr: 1.000e-03, Time: 2.68e+02
Model state saved to ./results/models/checkpoints/smoke_schrodinger\2025-12-20_17-37-08-319047_ho_DV\model.pth
Model state saved to ./results/models/checkpoints/smoke_schrodinger\2025-12-20_17-37-08-319047_ho_DV\model_weights.pth
It: 550, Loss: 2.299e-02, Loss_res: 2.146e-02,  Loss_bcs: 1.654e-05, Loss_ut_ics: 7.341e-06, Loss_norm: 8.251e-06, w_pde: 1.00e+00, L^2_error: 1.002e-01, lr: 1.000e-03, Time: 2.73e+02
Model state saved to ./results/models/checkpoints/smoke_schrodinger\2025-12-20_17-37-08-319047_ho_DV\model.pth
Model state saved to ./results/models/checkpoints/smoke_schrodinger\2025-12-20_17-37-08-319047_ho_DV\model_weights.pth
It: 560, Loss: 2.539e-02, Loss_res: 2.389e-02,  Loss_bcs: 1.635e-05, Loss_ut_ics: 7.246e-06, Loss_norm: 6.903e-06, w_pde: 1.00e+00, L^2_error: 1.004e-01, lr: 1.000e-03, Time: 2.78e+02
Model state saved to ./results/models/checkpoints/smoke_schrodinger\2025-12-20_17-37-08-319047_ho_DV\model.pth
Model state saved to ./results/models/checkpoints/smoke_schrodinger\2025-12-20_17-37-08-319047_ho_DV\model_weights.pth
It: 570, Loss: 2.637e-02, Loss_res: 2.488e-02,  Loss_bcs: 1.579e-05, Loss_ut_ics: 7.155e-06, Loss_norm: 8.046e-06, w_pde: 1.00e+00, L^2_error: 1.003e-01, lr: 1.000e-03, Time: 2.83e+02
Model state saved to ./results/models/checkpoints/smoke_schrodinger\2025-12-20_17-37-08-319047_ho_DV\model.pth
Model state saved to ./results/models/checkpoints/smoke_schrodinger\2025-12-20_17-37-08-319047_ho_DV\model_weights.pth
It: 580, Loss: 2.550e-02, Loss_res: 2.404e-02,  Loss_bcs: 1.478e-05, Loss_ut_ics: 7.064e-06, Loss_norm: 6.514e-06, w_pde: 1.00e+00, L^2_error: 1.003e-01, lr: 1.000e-03, Time: 2.88e+02
Model state saved to ./results/models/checkpoints/smoke_schrodinger\2025-12-20_17-37-08-319047_ho_DV\model.pth
Model state saved to ./results/models/checkpoints/smoke_schrodinger\2025-12-20_17-37-08-319047_ho_DV\model_weights.pth
It: 590, Loss: 2.300e-02, Loss_res: 2.156e-02,  Loss_bcs: 1.523e-05, Loss_ut_ics: 6.969e-06, Loss_norm: 7.503e-06, w_pde: 1.00e+00, L^2_error: 1.002e-01, lr: 1.000e-03, Time: 2.94e+02
Model state saved to ./results/models/checkpoints/smoke_schrodinger\2025-12-20_17-37-08-319047_ho_DV\model.pth
Model state saved to ./results/models/checkpoints/smoke_schrodinger\2025-12-20_17-37-08-319047_ho_DV\model_weights.pth
It: 600, Loss: 2.282e-02, Loss_res: 2.140e-02,  Loss_bcs: 1.541e-05, Loss_ut_ics: 6.862e-06, Loss_norm: 6.148e-06, w_pde: 1.00e+00, L^2_error: 1.002e-01, lr: 1.000e-03, Time: 2.99e+02
Model state saved to ./results/models/checkpoints/smoke_schrodinger\2025-12-20_17-37-08-319047_ho_DV\model.pth
Model state saved to ./results/models/checkpoints/smoke_schrodinger\2025-12-20_17-37-08-319047_ho_DV\model_weights.pth
It: 610, Loss: 2.408e-02, Loss_res: 2.267e-02,  Loss_bcs: 1.573e-05, Loss_ut_ics: 6.771e-06, Loss_norm: 7.297e-06, w_pde: 1.00e+00, L^2_error: 1.003e-01, lr: 1.000e-03, Time: 3.04e+02
Model state saved to ./results/models/checkpoints/smoke_schrodinger\2025-12-20_17-37-08-319047_ho_DV\model.pth
Model state saved to ./results/models/checkpoints/smoke_schrodinger\2025-12-20_17-37-08-319047_ho_DV\model_weights.pth
It: 620, Loss: 2.042e-02, Loss_res: 1.903e-02,  Loss_bcs: 1.564e-05, Loss_ut_ics: 6.674e-06, Loss_norm: 7.733e-06, w_pde: 1.00e+00, L^2_error: 1.001e-01, lr: 1.000e-03, Time: 3.09e+02
Model state saved to ./results/models/checkpoints/smoke_schrodinger\2025-12-20_17-37-08-319047_ho_DV\model.pth
Model state saved to ./results/models/checkpoints/smoke_schrodinger\2025-12-20_17-37-08-319047_ho_DV\model_weights.pth
It: 630, Loss: 1.827e-02, Loss_res: 1.690e-02,  Loss_bcs: 1.583e-05, Loss_ut_ics: 6.591e-06, Loss_norm: 6.863e-06, w_pde: 1.00e+00, L^2_error: 1.002e-01, lr: 1.000e-03, Time: 3.14e+02
Model state saved to ./results/models/checkpoints/smoke_schrodinger\2025-12-20_17-37-08-319047_ho_DV\model.pth
Model state saved to ./results/models/checkpoints/smoke_schrodinger\2025-12-20_17-37-08-319047_ho_DV\model_weights.pth
It: 640, Loss: 2.385e-02, Loss_res: 2.250e-02,  Loss_bcs: 1.551e-05, Loss_ut_ics: 6.498e-06, Loss_norm: 6.678e-06, w_pde: 1.00e+00, L^2_error: 1.002e-01, lr: 1.000e-03, Time: 3.19e+02
Model state saved to ./results/models/checkpoints/smoke_schrodinger\2025-12-20_17-37-08-319047_ho_DV\model.pth
Model state saved to ./results/models/checkpoints/smoke_schrodinger\2025-12-20_17-37-08-319047_ho_DV\model_weights.pth
It: 650, Loss: 2.906e-02, Loss_res: 2.773e-02,  Loss_bcs: 1.538e-05, Loss_ut_ics: 6.427e-06, Loss_norm: 5.804e-06, w_pde: 1.00e+00, L^2_error: 1.002e-01, lr: 1.000e-03, Time: 3.24e+02
Model state saved to ./results/models/checkpoints/smoke_schrodinger\2025-12-20_17-37-08-319047_ho_DV\model.pth
Model state saved to ./results/models/checkpoints/smoke_schrodinger\2025-12-20_17-37-08-319047_ho_DV\model_weights.pth
It: 660, Loss: 2.030e-02, Loss_res: 1.898e-02,  Loss_bcs: 1.547e-05, Loss_ut_ics: 6.359e-06, Loss_norm: 7.826e-06, w_pde: 1.00e+00, L^2_error: 1.001e-01, lr: 1.000e-03, Time: 3.29e+02
Model state saved to ./results/models/checkpoints/smoke_schrodinger\2025-12-20_17-37-08-319047_ho_DV\model.pth
Model state saved to ./results/models/checkpoints/smoke_schrodinger\2025-12-20_17-37-08-319047_ho_DV\model_weights.pth
It: 670, Loss: 2.097e-02, Loss_res: 1.966e-02,  Loss_bcs: 1.477e-05, Loss_ut_ics: 6.292e-06, Loss_norm: 7.321e-06, w_pde: 1.00e+00, L^2_error: 1.000e-01, lr: 1.000e-03, Time: 3.35e+02
Model state saved to ./results/models/checkpoints/smoke_schrodinger\2025-12-20_17-37-08-319047_ho_DV\model.pth
Model state saved to ./results/models/checkpoints/smoke_schrodinger\2025-12-20_17-37-08-319047_ho_DV\model_weights.pth
It: 680, Loss: 2.613e-02, Loss_res: 2.485e-02,  Loss_bcs: 1.399e-05, Loss_ut_ics: 6.207e-06, Loss_norm: 5.362e-06, w_pde: 1.00e+00, L^2_error: 1.001e-01, lr: 1.000e-03, Time: 3.40e+02
Model state saved to ./results/models/checkpoints/smoke_schrodinger\2025-12-20_17-37-08-319047_ho_DV\model.pth
Model state saved to ./results/models/checkpoints/smoke_schrodinger\2025-12-20_17-37-08-319047_ho_DV\model_weights.pth
It: 690, Loss: 2.141e-02, Loss_res: 2.013e-02,  Loss_bcs: 1.383e-05, Loss_ut_ics: 6.141e-06, Loss_norm: 7.618e-06, w_pde: 1.00e+00, L^2_error: 1.001e-01, lr: 1.000e-03, Time: 3.45e+02
Model state saved to ./results/models/checkpoints/smoke_schrodinger\2025-12-20_17-37-08-319047_ho_DV\model.pth
Model state saved to ./results/models/checkpoints/smoke_schrodinger\2025-12-20_17-37-08-319047_ho_DV\model_weights.pth
It: 700, Loss: 2.131e-02, Loss_res: 2.005e-02,  Loss_bcs: 1.448e-05, Loss_ut_ics: 6.075e-06, Loss_norm: 7.047e-06, w_pde: 1.00e+00, L^2_error: 1.001e-01, lr: 1.000e-03, Time: 3.50e+02
Model state saved to ./results/models/checkpoints/smoke_schrodinger\2025-12-20_17-37-08-319047_ho_DV\model.pth
Model state saved to ./results/models/checkpoints/smoke_schrodinger\2025-12-20_17-37-08-319047_ho_DV\model_weights.pth
It: 710, Loss: 2.153e-02, Loss_res: 2.029e-02,  Loss_bcs: 1.415e-05, Loss_ut_ics: 5.981e-06, Loss_norm: 5.663e-06, w_pde: 1.00e+00, L^2_error: 1.001e-01, lr: 1.000e-03, Time: 3.55e+02
Model state saved to ./results/models/checkpoints/smoke_schrodinger\2025-12-20_17-37-08-319047_ho_DV\model.pth
Model state saved to ./results/models/checkpoints/smoke_schrodinger\2025-12-20_17-37-08-319047_ho_DV\model_weights.pth
It: 720, Loss: 2.784e-02, Loss_res: 2.661e-02,  Loss_bcs: 1.452e-05, Loss_ut_ics: 5.905e-06, Loss_norm: 6.770e-06, w_pde: 1.00e+00, L^2_error: 1.000e-01, lr: 1.000e-03, Time: 3.60e+02
Model state saved to ./results/models/checkpoints/smoke_schrodinger\2025-12-20_17-37-08-319047_ho_DV\model.pth
Model state saved to ./results/models/checkpoints/smoke_schrodinger\2025-12-20_17-37-08-319047_ho_DV\model_weights.pth
It: 730, Loss: 2.355e-02, Loss_res: 2.234e-02,  Loss_bcs: 1.392e-05, Loss_ut_ics: 5.827e-06, Loss_norm: 6.445e-06, w_pde: 1.00e+00, L^2_error: 9.998e-02, lr: 1.000e-03, Time: 3.65e+02
Model state saved to ./results/models/checkpoints/smoke_schrodinger\2025-12-20_17-37-08-319047_ho_DV\model.pth
Model state saved to ./results/models/checkpoints/smoke_schrodinger\2025-12-20_17-37-08-319047_ho_DV\model_weights.pth
It: 740, Loss: 2.546e-02, Loss_res: 2.426e-02,  Loss_bcs: 1.380e-05, Loss_ut_ics: 5.766e-06, Loss_norm: 6.827e-06, w_pde: 1.00e+00, L^2_error: 1.001e-01, lr: 1.000e-03, Time: 3.70e+02
Model state saved to ./results/models/checkpoints/smoke_schrodinger\2025-12-20_17-37-08-319047_ho_DV\model.pth
Model state saved to ./results/models/checkpoints/smoke_schrodinger\2025-12-20_17-37-08-319047_ho_DV\model_weights.pth
It: 750, Loss: 2.246e-02, Loss_res: 2.128e-02,  Loss_bcs: 1.411e-05, Loss_ut_ics: 5.700e-06, Loss_norm: 5.574e-06, w_pde: 1.00e+00, L^2_error: 9.999e-02, lr: 1.000e-03, Time: 3.75e+02
Model state saved to ./results/models/checkpoints/smoke_schrodinger\2025-12-20_17-37-08-319047_ho_DV\model.pth
Model state saved to ./results/models/checkpoints/smoke_schrodinger\2025-12-20_17-37-08-319047_ho_DV\model_weights.pth
It: 760, Loss: 2.649e-02, Loss_res: 2.532e-02,  Loss_bcs: 1.355e-05, Loss_ut_ics: 5.625e-06, Loss_norm: 6.116e-06, w_pde: 1.00e+00, L^2_error: 1.001e-01, lr: 1.000e-03, Time: 3.80e+02
Model state saved to ./results/models/checkpoints/smoke_schrodinger\2025-12-20_17-37-08-319047_ho_DV\model.pth
Model state saved to ./results/models/checkpoints/smoke_schrodinger\2025-12-20_17-37-08-319047_ho_DV\model_weights.pth
It: 770, Loss: 2.697e-02, Loss_res: 2.582e-02,  Loss_bcs: 1.382e-05, Loss_ut_ics: 5.557e-06, Loss_norm: 6.342e-06, w_pde: 1.00e+00, L^2_error: 9.993e-02, lr: 1.000e-03, Time: 3.85e+02
Model state saved to ./results/models/checkpoints/smoke_schrodinger\2025-12-20_17-37-08-319047_ho_DV\model.pth
Model state saved to ./results/models/checkpoints/smoke_schrodinger\2025-12-20_17-37-08-319047_ho_DV\model_weights.pth
It: 780, Loss: 2.238e-02, Loss_res: 2.123e-02,  Loss_bcs: 1.379e-05, Loss_ut_ics: 5.516e-06, Loss_norm: 6.717e-06, w_pde: 1.00e+00, L^2_error: 1.001e-01, lr: 1.000e-03, Time: 3.90e+02
Model state saved to ./results/models/checkpoints/smoke_schrodinger\2025-12-20_17-37-08-319047_ho_DV\model.pth
Model state saved to ./results/models/checkpoints/smoke_schrodinger\2025-12-20_17-37-08-319047_ho_DV\model_weights.pth
It: 790, Loss: 2.297e-02, Loss_res: 2.183e-02,  Loss_bcs: 1.308e-05, Loss_ut_ics: 5.435e-06, Loss_norm: 6.524e-06, w_pde: 1.00e+00, L^2_error: 9.989e-02, lr: 1.000e-03, Time: 3.95e+02
Model state saved to ./results/models/checkpoints/smoke_schrodinger\2025-12-20_17-37-08-319047_ho_DV\model.pth
Model state saved to ./results/models/checkpoints/smoke_schrodinger\2025-12-20_17-37-08-319047_ho_DV\model_weights.pth
It: 800, Loss: 2.124e-02, Loss_res: 2.013e-02,  Loss_bcs: 1.258e-05, Loss_ut_ics: 5.370e-06, Loss_norm: 5.904e-06, w_pde: 1.00e+00, L^2_error: 9.985e-02, lr: 1.000e-03, Time: 4.00e+02
Model state saved to ./results/models/checkpoints/smoke_schrodinger\2025-12-20_17-37-08-319047_ho_DV\model.pth
Model state saved to ./results/models/checkpoints/smoke_schrodinger\2025-12-20_17-37-08-319047_ho_DV\model_weights.pth
It: 810, Loss: 2.587e-02, Loss_res: 2.476e-02,  Loss_bcs: 1.346e-05, Loss_ut_ics: 5.335e-06, Loss_norm: 4.945e-06, w_pde: 1.00e+00, L^2_error: 1.001e-01, lr: 1.000e-03, Time: 4.05e+02
Model state saved to ./results/models/checkpoints/smoke_schrodinger\2025-12-20_17-37-08-319047_ho_DV\model.pth
Model state saved to ./results/models/checkpoints/smoke_schrodinger\2025-12-20_17-37-08-319047_ho_DV\model_weights.pth
It: 820, Loss: 1.630e-02, Loss_res: 1.521e-02,  Loss_bcs: 1.360e-05, Loss_ut_ics: 5.271e-06, Loss_norm: 6.044e-06, w_pde: 1.00e+00, L^2_error: 9.977e-02, lr: 1.000e-03, Time: 4.11e+02
Model state saved to ./results/models/checkpoints/smoke_schrodinger\2025-12-20_17-37-08-319047_ho_DV\model.pth
Model state saved to ./results/models/checkpoints/smoke_schrodinger\2025-12-20_17-37-08-319047_ho_DV\model_weights.pth
It: 830, Loss: 2.040e-02, Loss_res: 1.932e-02,  Loss_bcs: 1.278e-05, Loss_ut_ics: 5.209e-06, Loss_norm: 4.952e-06, w_pde: 1.00e+00, L^2_error: 9.985e-02, lr: 1.000e-03, Time: 4.16e+02
Model state saved to ./results/models/checkpoints/smoke_schrodinger\2025-12-20_17-37-08-319047_ho_DV\model.pth
Model state saved to ./results/models/checkpoints/smoke_schrodinger\2025-12-20_17-37-08-319047_ho_DV\model_weights.pth
It: 840, Loss: 2.154e-02, Loss_res: 2.047e-02,  Loss_bcs: 1.234e-05, Loss_ut_ics: 5.142e-06, Loss_norm: 4.235e-06, w_pde: 1.00e+00, L^2_error: 9.995e-02, lr: 1.000e-03, Time: 4.21e+02
Model state saved to ./results/models/checkpoints/smoke_schrodinger\2025-12-20_17-37-08-319047_ho_DV\model.pth
Model state saved to ./results/models/checkpoints/smoke_schrodinger\2025-12-20_17-37-08-319047_ho_DV\model_weights.pth
It: 850, Loss: 2.451e-02, Loss_res: 2.345e-02,  Loss_bcs: 1.278e-05, Loss_ut_ics: 5.085e-06, Loss_norm: 5.098e-06, w_pde: 1.00e+00, L^2_error: 9.984e-02, lr: 1.000e-03, Time: 4.26e+02
Model state saved to ./results/models/checkpoints/smoke_schrodinger\2025-12-20_17-37-08-319047_ho_DV\model.pth
Model state saved to ./results/models/checkpoints/smoke_schrodinger\2025-12-20_17-37-08-319047_ho_DV\model_weights.pth
It: 860, Loss: 2.009e-02, Loss_res: 1.904e-02,  Loss_bcs: 1.302e-05, Loss_ut_ics: 5.046e-06, Loss_norm: 5.467e-06, w_pde: 1.00e+00, L^2_error: 9.988e-02, lr: 1.000e-03, Time: 4.31e+02
Model state saved to ./results/models/checkpoints/smoke_schrodinger\2025-12-20_17-37-08-319047_ho_DV\model.pth
Model state saved to ./results/models/checkpoints/smoke_schrodinger\2025-12-20_17-37-08-319047_ho_DV\model_weights.pth
It: 870, Loss: 2.000e-02, Loss_res: 1.896e-02,  Loss_bcs: 1.264e-05, Loss_ut_ics: 5.000e-06, Loss_norm: 6.611e-06, w_pde: 1.00e+00, L^2_error: 9.983e-02, lr: 1.000e-03, Time: 4.36e+02
Model state saved to ./results/models/checkpoints/smoke_schrodinger\2025-12-20_17-37-08-319047_ho_DV\model.pth
Model state saved to ./results/models/checkpoints/smoke_schrodinger\2025-12-20_17-37-08-319047_ho_DV\model_weights.pth
It: 880, Loss: 2.088e-02, Loss_res: 1.985e-02,  Loss_bcs: 1.281e-05, Loss_ut_ics: 4.965e-06, Loss_norm: 5.375e-06, w_pde: 1.00e+00, L^2_error: 9.976e-02, lr: 1.000e-03, Time: 4.41e+02
Model state saved to ./results/models/checkpoints/smoke_schrodinger\2025-12-20_17-37-08-319047_ho_DV\model.pth
Model state saved to ./results/models/checkpoints/smoke_schrodinger\2025-12-20_17-37-08-319047_ho_DV\model_weights.pth
It: 890, Loss: 2.147e-02, Loss_res: 2.045e-02,  Loss_bcs: 1.205e-05, Loss_ut_ics: 4.915e-06, Loss_norm: 4.975e-06, w_pde: 1.00e+00, L^2_error: 9.973e-02, lr: 1.000e-03, Time: 4.46e+02
Model state saved to ./results/models/checkpoints/smoke_schrodinger\2025-12-20_17-37-08-319047_ho_DV\model.pth
Model state saved to ./results/models/checkpoints/smoke_schrodinger\2025-12-20_17-37-08-319047_ho_DV\model_weights.pth
It: 900, Loss: 2.530e-02, Loss_res: 2.429e-02,  Loss_bcs: 1.081e-05, Loss_ut_ics: 4.872e-06, Loss_norm: 5.270e-06, w_pde: 1.00e+00, L^2_error: 9.976e-02, lr: 1.000e-03, Time: 4.51e+02
Model state saved to ./results/models/checkpoints/smoke_schrodinger\2025-12-20_17-37-08-319047_ho_DV\model.pth
Model state saved to ./results/models/checkpoints/smoke_schrodinger\2025-12-20_17-37-08-319047_ho_DV\model_weights.pth
It: 910, Loss: 2.537e-02, Loss_res: 2.438e-02,  Loss_bcs: 1.125e-05, Loss_ut_ics: 4.810e-06, Loss_norm: 3.508e-06, w_pde: 1.00e+00, L^2_error: 9.982e-02, lr: 1.000e-03, Time: 4.56e+02
Model state saved to ./results/models/checkpoints/smoke_schrodinger\2025-12-20_17-37-08-319047_ho_DV\model.pth
Model state saved to ./results/models/checkpoints/smoke_schrodinger\2025-12-20_17-37-08-319047_ho_DV\model_weights.pth
It: 920, Loss: 1.932e-02, Loss_res: 1.833e-02,  Loss_bcs: 1.174e-05, Loss_ut_ics: 4.779e-06, Loss_norm: 3.642e-06, w_pde: 1.00e+00, L^2_error: 9.978e-02, lr: 1.000e-03, Time: 4.61e+02
Model state saved to ./results/models/checkpoints/smoke_schrodinger\2025-12-20_17-37-08-319047_ho_DV\model.pth
Model state saved to ./results/models/checkpoints/smoke_schrodinger\2025-12-20_17-37-08-319047_ho_DV\model_weights.pth
It: 930, Loss: 2.379e-02, Loss_res: 2.281e-02,  Loss_bcs: 1.246e-05, Loss_ut_ics: 4.694e-06, Loss_norm: 4.549e-06, w_pde: 1.00e+00, L^2_error: 9.974e-02, lr: 1.000e-03, Time: 4.66e+02
Model state saved to ./results/models/checkpoints/smoke_schrodinger\2025-12-20_17-37-08-319047_ho_DV\model.pth
Model state saved to ./results/models/checkpoints/smoke_schrodinger\2025-12-20_17-37-08-319047_ho_DV\model_weights.pth
It: 940, Loss: 1.575e-02, Loss_res: 1.477e-02,  Loss_bcs: 1.247e-05, Loss_ut_ics: 4.663e-06, Loss_norm: 5.678e-06, w_pde: 1.00e+00, L^2_error: 9.966e-02, lr: 1.000e-03, Time: 4.71e+02
Model state saved to ./results/models/checkpoints/smoke_schrodinger\2025-12-20_17-37-08-319047_ho_DV\model.pth
Model state saved to ./results/models/checkpoints/smoke_schrodinger\2025-12-20_17-37-08-319047_ho_DV\model_weights.pth
It: 950, Loss: 1.980e-02, Loss_res: 1.885e-02,  Loss_bcs: 1.159e-05, Loss_ut_ics: 4.615e-06, Loss_norm: 3.910e-06, w_pde: 1.00e+00, L^2_error: 9.959e-02, lr: 1.000e-03, Time: 4.76e+02
Model state saved to ./results/models/checkpoints/smoke_schrodinger\2025-12-20_17-37-08-319047_ho_DV\model.pth
Model state saved to ./results/models/checkpoints/smoke_schrodinger\2025-12-20_17-37-08-319047_ho_DV\model_weights.pth
It: 960, Loss: 1.928e-02, Loss_res: 1.833e-02,  Loss_bcs: 1.140e-05, Loss_ut_ics: 4.580e-06, Loss_norm: 4.959e-06, w_pde: 1.00e+00, L^2_error: 9.968e-02, lr: 1.000e-03, Time: 4.82e+02
Model state saved to ./results/models/checkpoints/smoke_schrodinger\2025-12-20_17-37-08-319047_ho_DV\model.pth
Model state saved to ./results/models/checkpoints/smoke_schrodinger\2025-12-20_17-37-08-319047_ho_DV\model_weights.pth
It: 970, Loss: 2.097e-02, Loss_res: 2.003e-02,  Loss_bcs: 1.102e-05, Loss_ut_ics: 4.539e-06, Loss_norm: 4.636e-06, w_pde: 1.00e+00, L^2_error: 9.958e-02, lr: 1.000e-03, Time: 4.87e+02
Model state saved to ./results/models/checkpoints/smoke_schrodinger\2025-12-20_17-37-08-319047_ho_DV\model.pth
Model state saved to ./results/models/checkpoints/smoke_schrodinger\2025-12-20_17-37-08-319047_ho_DV\model_weights.pth
It: 980, Loss: 2.579e-02, Loss_res: 2.486e-02,  Loss_bcs: 1.127e-05, Loss_ut_ics: 4.494e-06, Loss_norm: 4.268e-06, w_pde: 1.00e+00, L^2_error: 9.979e-02, lr: 1.000e-03, Time: 4.92e+02
Model state saved to ./results/models/checkpoints/smoke_schrodinger\2025-12-20_17-37-08-319047_ho_DV\model.pth
Model state saved to ./results/models/checkpoints/smoke_schrodinger\2025-12-20_17-37-08-319047_ho_DV\model_weights.pth
It: 990, Loss: 1.647e-02, Loss_res: 1.554e-02,  Loss_bcs: 1.186e-05, Loss_ut_ics: 4.467e-06, Loss_norm: 4.057e-06, w_pde: 1.00e+00, L^2_error: 9.966e-02, lr: 1.000e-03, Time: 4.97e+02
Model state saved to ./results/models/checkpoints/smoke_schrodinger\2025-12-20_17-37-08-319047_ho_DV\model.pth
Model state saved to ./results/models/checkpoints/smoke_schrodinger\2025-12-20_17-37-08-319047_ho_DV\model_weights.pth
It: 1000, Loss: 2.204e-02, Loss_res: 2.111e-02,  Loss_bcs: 1.150e-05, Loss_ut_ics: 4.460e-06, Loss_norm: 6.593e-06, w_pde: 1.00e+00, L^2_error: 9.956e-02, lr: 1.000e-03, Time: 5.02e+02
Model state saved to ./results/models/checkpoints/smoke_schrodinger\2025-12-20_17-37-08-319047_ho_DV\model.pth
Model state saved to ./results/models/checkpoints/smoke_schrodinger\2025-12-20_17-37-08-319047_ho_DV\model_weights.pth
