INFO:src.utils.logger:It: 1, Loss: 3.125e+02, Loss_res: 8.081e+01,  Loss_bcs: 1.337e+00, Loss_ut_ics: 8.278e-01, Loss_norm: 6.258e+01, Loss_gauge: 0.000e+00, w_pde: 3.33e-03, L^2_error: 1.741e+00, lr: 1.000e-03, Time: 1.28e-01
INFO:src.utils.logger:Model state saved to results\ho\Classical\20260224-145406_seed0_pinn_2-64-64-64-2\checkpoints\2026-02-24_14-54-06-950955_ho_Classical_seed0\model.pth
INFO:src.utils.logger:Model weights saved to results\ho\Classical\20260224-145406_seed0_pinn_2-64-64-64-2\checkpoints\2026-02-24_14-54-06-950955_ho_Classical_seed0\model_weights.pth
INFO:src.utils.logger:It: 10, Loss: 3.461e+01, Loss_res: 9.886e+00,  Loss_bcs: 1.761e-01, Loss_ut_ics: 1.135e-01, Loss_norm: 4.463e-02, Loss_gauge: 0.000e+00, w_pde: 3.33e-02, L^2_error: 1.035e+00, lr: 1.000e-03, Time: 8.41e-01
INFO:src.utils.logger:Model state saved to results\ho\Classical\20260224-145406_seed0_pinn_2-64-64-64-2\checkpoints\2026-02-24_14-54-06-950955_ho_Classical_seed0\model.pth
INFO:src.utils.logger:Model weights saved to results\ho\Classical\20260224-145406_seed0_pinn_2-64-64-64-2\checkpoints\2026-02-24_14-54-06-950955_ho_Classical_seed0\model_weights.pth
INFO:src.utils.logger:It: 20, Loss: 2.017e+01, Loss_res: 3.785e+00,  Loss_bcs: 5.139e-02, Loss_ut_ics: 6.599e-02, Loss_norm: 6.485e-02, Loss_gauge: 0.000e+00, w_pde: 6.67e-02, L^2_error: 7.843e-01, lr: 1.000e-03, Time: 1.50e+00
INFO:src.utils.logger:Model state saved to results\ho\Classical\20260224-145406_seed0_pinn_2-64-64-64-2\checkpoints\2026-02-24_14-54-06-950955_ho_Classical_seed0\model.pth
INFO:src.utils.logger:Model weights saved to results\ho\Classical\20260224-145406_seed0_pinn_2-64-64-64-2\checkpoints\2026-02-24_14-54-06-950955_ho_Classical_seed0\model_weights.pth
INFO:src.utils.logger:It: 30, Loss: 1.450e+01, Loss_res: 1.753e+00,  Loss_bcs: 2.842e-02, Loss_ut_ics: 4.680e-02, Loss_norm: 2.603e-01, Loss_gauge: 0.000e+00, w_pde: 1.00e-01, L^2_error: 7.190e-01, lr: 1.000e-03, Time: 2.17e+00
INFO:src.utils.logger:Model state saved to results\ho\Classical\20260224-145406_seed0_pinn_2-64-64-64-2\checkpoints\2026-02-24_14-54-06-950955_ho_Classical_seed0\model.pth
INFO:src.utils.logger:Model weights saved to results\ho\Classical\20260224-145406_seed0_pinn_2-64-64-64-2\checkpoints\2026-02-24_14-54-06-950955_ho_Classical_seed0\model_weights.pth
INFO:src.utils.logger:It: 40, Loss: 1.089e+01, Loss_res: 1.293e+00,  Loss_bcs: 1.841e-02, Loss_ut_ics: 3.485e-02, Loss_norm: 2.420e-01, Loss_gauge: 0.000e+00, w_pde: 1.33e-01, L^2_error: 6.332e-01, lr: 1.000e-03, Time: 2.82e+00
INFO:src.utils.logger:Model state saved to results\ho\Classical\20260224-145406_seed0_pinn_2-64-64-64-2\checkpoints\2026-02-24_14-54-06-950955_ho_Classical_seed0\model.pth
INFO:src.utils.logger:Model weights saved to results\ho\Classical\20260224-145406_seed0_pinn_2-64-64-64-2\checkpoints\2026-02-24_14-54-06-950955_ho_Classical_seed0\model_weights.pth
INFO:src.utils.logger:It: 50, Loss: 7.670e+00, Loss_res: 6.924e-01,  Loss_bcs: 7.485e-03, Loss_ut_ics: 2.446e-02, Loss_norm: 2.075e-01, Loss_gauge: 0.000e+00, w_pde: 1.67e-01, L^2_error: 5.252e-01, lr: 1.000e-03, Time: 3.62e+00
INFO:src.utils.logger:Model state saved to results\ho\Classical\20260224-145406_seed0_pinn_2-64-64-64-2\checkpoints\2026-02-24_14-54-06-950955_ho_Classical_seed0\model.pth
INFO:src.utils.logger:Model weights saved to results\ho\Classical\20260224-145406_seed0_pinn_2-64-64-64-2\checkpoints\2026-02-24_14-54-06-950955_ho_Classical_seed0\model_weights.pth
INFO:src.utils.logger:It: 60, Loss: 5.537e+00, Loss_res: 2.557e-01,  Loss_bcs: 2.871e-03, Loss_ut_ics: 1.768e-02, Loss_norm: 1.780e-01, Loss_gauge: 0.000e+00, w_pde: 2.00e-01, L^2_error: 4.468e-01, lr: 1.000e-03, Time: 4.35e+00
INFO:src.utils.logger:Model state saved to results\ho\Classical\20260224-145406_seed0_pinn_2-64-64-64-2\checkpoints\2026-02-24_14-54-06-950955_ho_Classical_seed0\model.pth
INFO:src.utils.logger:Model weights saved to results\ho\Classical\20260224-145406_seed0_pinn_2-64-64-64-2\checkpoints\2026-02-24_14-54-06-950955_ho_Classical_seed0\model_weights.pth
INFO:src.utils.logger:It: 70, Loss: 3.920e+00, Loss_res: 1.420e-01,  Loss_bcs: 1.419e-03, Loss_ut_ics: 1.256e-02, Loss_norm: 1.179e-01, Loss_gauge: 0.000e+00, w_pde: 2.33e-01, L^2_error: 3.731e-01, lr: 1.000e-03, Time: 5.05e+00
INFO:src.utils.logger:Model state saved to results\ho\Classical\20260224-145406_seed0_pinn_2-64-64-64-2\checkpoints\2026-02-24_14-54-06-950955_ho_Classical_seed0\model.pth
INFO:src.utils.logger:Model weights saved to results\ho\Classical\20260224-145406_seed0_pinn_2-64-64-64-2\checkpoints\2026-02-24_14-54-06-950955_ho_Classical_seed0\model_weights.pth
INFO:src.utils.logger:It: 80, Loss: 2.791e+00, Loss_res: 8.816e-02,  Loss_bcs: 1.442e-03, Loss_ut_ics: 9.035e-03, Loss_norm: 5.541e-02, Loss_gauge: 0.000e+00, w_pde: 2.67e-01, L^2_error: 3.239e-01, lr: 1.000e-03, Time: 5.75e+00
INFO:src.utils.logger:Model state saved to results\ho\Classical\20260224-145406_seed0_pinn_2-64-64-64-2\checkpoints\2026-02-24_14-54-06-950955_ho_Classical_seed0\model.pth
INFO:src.utils.logger:Model weights saved to results\ho\Classical\20260224-145406_seed0_pinn_2-64-64-64-2\checkpoints\2026-02-24_14-54-06-950955_ho_Classical_seed0\model_weights.pth
INFO:src.utils.logger:It: 90, Loss: 2.060e+00, Loss_res: 1.058e-01,  Loss_bcs: 2.369e-03, Loss_ut_ics: 6.659e-03, Loss_norm: 2.768e-02, Loss_gauge: 0.000e+00, w_pde: 3.00e-01, L^2_error: 2.905e-01, lr: 1.000e-03, Time: 6.29e+00
INFO:src.utils.logger:Model state saved to results\ho\Classical\20260224-145406_seed0_pinn_2-64-64-64-2\checkpoints\2026-02-24_14-54-06-950955_ho_Classical_seed0\model.pth
INFO:src.utils.logger:Model weights saved to results\ho\Classical\20260224-145406_seed0_pinn_2-64-64-64-2\checkpoints\2026-02-24_14-54-06-950955_ho_Classical_seed0\model_weights.pth
INFO:src.utils.logger:It: 100, Loss: 1.651e+00, Loss_res: 1.921e-01,  Loss_bcs: 3.434e-03, Loss_ut_ics: 5.240e-03, Loss_norm: 1.130e-02, Loss_gauge: 0.000e+00, w_pde: 3.33e-01, L^2_error: 2.723e-01, lr: 1.000e-03, Time: 6.95e+00
INFO:src.utils.logger:Model state saved to results\ho\Classical\20260224-145406_seed0_pinn_2-64-64-64-2\checkpoints\2026-02-24_14-54-06-950955_ho_Classical_seed0\model.pth
INFO:src.utils.logger:Model weights saved to results\ho\Classical\20260224-145406_seed0_pinn_2-64-64-64-2\checkpoints\2026-02-24_14-54-06-950955_ho_Classical_seed0\model_weights.pth
INFO:src.utils.logger:It: 110, Loss: 1.395e+00, Loss_res: 1.927e-01,  Loss_bcs: 4.081e-03, Loss_ut_ics: 4.377e-03, Loss_norm: 6.840e-03, Loss_gauge: 0.000e+00, w_pde: 3.67e-01, L^2_error: 2.577e-01, lr: 1.000e-03, Time: 7.66e+00
INFO:src.utils.logger:Model state saved to results\ho\Classical\20260224-145406_seed0_pinn_2-64-64-64-2\checkpoints\2026-02-24_14-54-06-950955_ho_Classical_seed0\model.pth
INFO:src.utils.logger:Model weights saved to results\ho\Classical\20260224-145406_seed0_pinn_2-64-64-64-2\checkpoints\2026-02-24_14-54-06-950955_ho_Classical_seed0\model_weights.pth
INFO:src.utils.logger:It: 120, Loss: 1.234e+00, Loss_res: 2.118e-01,  Loss_bcs: 4.308e-03, Loss_ut_ics: 3.798e-03, Loss_norm: 5.355e-03, Loss_gauge: 0.000e+00, w_pde: 4.00e-01, L^2_error: 2.439e-01, lr: 1.000e-03, Time: 8.29e+00
INFO:src.utils.logger:Model state saved to results\ho\Classical\20260224-145406_seed0_pinn_2-64-64-64-2\checkpoints\2026-02-24_14-54-06-950955_ho_Classical_seed0\model.pth
INFO:src.utils.logger:Model weights saved to results\ho\Classical\20260224-145406_seed0_pinn_2-64-64-64-2\checkpoints\2026-02-24_14-54-06-950955_ho_Classical_seed0\model_weights.pth
INFO:src.utils.logger:It: 130, Loss: 1.096e+00, Loss_res: 1.861e-01,  Loss_bcs: 4.196e-03, Loss_ut_ics: 3.358e-03, Loss_norm: 4.166e-03, Loss_gauge: 0.000e+00, w_pde: 4.33e-01, L^2_error: 2.294e-01, lr: 1.000e-03, Time: 8.86e+00
INFO:src.utils.logger:Model state saved to results\ho\Classical\20260224-145406_seed0_pinn_2-64-64-64-2\checkpoints\2026-02-24_14-54-06-950955_ho_Classical_seed0\model.pth
INFO:src.utils.logger:Model weights saved to results\ho\Classical\20260224-145406_seed0_pinn_2-64-64-64-2\checkpoints\2026-02-24_14-54-06-950955_ho_Classical_seed0\model_weights.pth
INFO:src.utils.logger:It: 140, Loss: 9.873e-01, Loss_res: 1.796e-01,  Loss_bcs: 3.759e-03, Loss_ut_ics: 2.989e-03, Loss_norm: 3.074e-03, Loss_gauge: 0.000e+00, w_pde: 4.67e-01, L^2_error: 2.157e-01, lr: 1.000e-03, Time: 9.46e+00
INFO:src.utils.logger:Model state saved to results\ho\Classical\20260224-145406_seed0_pinn_2-64-64-64-2\checkpoints\2026-02-24_14-54-06-950955_ho_Classical_seed0\model.pth
INFO:src.utils.logger:Model weights saved to results\ho\Classical\20260224-145406_seed0_pinn_2-64-64-64-2\checkpoints\2026-02-24_14-54-06-950955_ho_Classical_seed0\model_weights.pth
INFO:src.utils.logger:It: 150, Loss: 8.724e-01, Loss_res: 1.429e-01,  Loss_bcs: 3.376e-03, Loss_ut_ics: 2.651e-03, Loss_norm: 2.299e-03, Loss_gauge: 0.000e+00, w_pde: 5.00e-01, L^2_error: 2.024e-01, lr: 1.000e-03, Time: 1.00e+01
INFO:src.utils.logger:Model state saved to results\ho\Classical\20260224-145406_seed0_pinn_2-64-64-64-2\checkpoints\2026-02-24_14-54-06-950955_ho_Classical_seed0\model.pth
INFO:src.utils.logger:Model weights saved to results\ho\Classical\20260224-145406_seed0_pinn_2-64-64-64-2\checkpoints\2026-02-24_14-54-06-950955_ho_Classical_seed0\model_weights.pth
INFO:src.utils.logger:It: 160, Loss: 7.723e-01, Loss_res: 1.200e-01,  Loss_bcs: 2.906e-03, Loss_ut_ics: 2.345e-03, Loss_norm: 1.799e-03, Loss_gauge: 0.000e+00, w_pde: 5.33e-01, L^2_error: 1.911e-01, lr: 1.000e-03, Time: 1.07e+01
INFO:src.utils.logger:Model state saved to results\ho\Classical\20260224-145406_seed0_pinn_2-64-64-64-2\checkpoints\2026-02-24_14-54-06-950955_ho_Classical_seed0\model.pth
INFO:src.utils.logger:Model weights saved to results\ho\Classical\20260224-145406_seed0_pinn_2-64-64-64-2\checkpoints\2026-02-24_14-54-06-950955_ho_Classical_seed0\model_weights.pth
INFO:src.utils.logger:It: 170, Loss: 6.868e-01, Loss_res: 1.110e-01,  Loss_bcs: 2.561e-03, Loss_ut_ics: 2.066e-03, Loss_norm: 1.497e-03, Loss_gauge: 0.000e+00, w_pde: 5.67e-01, L^2_error: 1.801e-01, lr: 1.000e-03, Time: 1.13e+01
INFO:src.utils.logger:Model state saved to results\ho\Classical\20260224-145406_seed0_pinn_2-64-64-64-2\checkpoints\2026-02-24_14-54-06-950955_ho_Classical_seed0\model.pth
INFO:src.utils.logger:Model weights saved to results\ho\Classical\20260224-145406_seed0_pinn_2-64-64-64-2\checkpoints\2026-02-24_14-54-06-950955_ho_Classical_seed0\model_weights.pth
INFO:src.utils.logger:It: 180, Loss: 6.042e-01, Loss_res: 9.198e-02,  Loss_bcs: 2.208e-03, Loss_ut_ics: 1.819e-03, Loss_norm: 1.254e-03, Loss_gauge: 0.000e+00, w_pde: 6.00e-01, L^2_error: 1.706e-01, lr: 1.000e-03, Time: 1.19e+01
INFO:src.utils.logger:Model state saved to results\ho\Classical\20260224-145406_seed0_pinn_2-64-64-64-2\checkpoints\2026-02-24_14-54-06-950955_ho_Classical_seed0\model.pth
INFO:src.utils.logger:Model weights saved to results\ho\Classical\20260224-145406_seed0_pinn_2-64-64-64-2\checkpoints\2026-02-24_14-54-06-950955_ho_Classical_seed0\model_weights.pth
INFO:src.utils.logger:It: 190, Loss: 5.332e-01, Loss_res: 8.098e-02,  Loss_bcs: 1.910e-03, Loss_ut_ics: 1.596e-03, Loss_norm: 1.121e-03, Loss_gauge: 0.000e+00, w_pde: 6.33e-01, L^2_error: 1.613e-01, lr: 1.000e-03, Time: 1.26e+01
INFO:src.utils.logger:Model state saved to results\ho\Classical\20260224-145406_seed0_pinn_2-64-64-64-2\checkpoints\2026-02-24_14-54-06-950955_ho_Classical_seed0\model.pth
INFO:src.utils.logger:Model weights saved to results\ho\Classical\20260224-145406_seed0_pinn_2-64-64-64-2\checkpoints\2026-02-24_14-54-06-950955_ho_Classical_seed0\model_weights.pth
INFO:src.utils.logger:It: 200, Loss: 4.776e-01, Loss_res: 8.040e-02,  Loss_bcs: 1.647e-03, Loss_ut_ics: 1.404e-03, Loss_norm: 9.826e-04, Loss_gauge: 0.000e+00, w_pde: 6.67e-01, L^2_error: 1.532e-01, lr: 1.000e-03, Time: 1.32e+01
INFO:src.utils.logger:Model state saved to results\ho\Classical\20260224-145406_seed0_pinn_2-64-64-64-2\checkpoints\2026-02-24_14-54-06-950955_ho_Classical_seed0\model.pth
INFO:src.utils.logger:Model weights saved to results\ho\Classical\20260224-145406_seed0_pinn_2-64-64-64-2\checkpoints\2026-02-24_14-54-06-950955_ho_Classical_seed0\model_weights.pth
INFO:src.utils.logger:It: 210, Loss: 4.233e-01, Loss_res: 7.128e-02,  Loss_bcs: 1.424e-03, Loss_ut_ics: 1.237e-03, Loss_norm: 8.714e-04, Loss_gauge: 0.000e+00, w_pde: 7.00e-01, L^2_error: 1.451e-01, lr: 1.000e-03, Time: 1.38e+01
INFO:src.utils.logger:Model state saved to results\ho\Classical\20260224-145406_seed0_pinn_2-64-64-64-2\checkpoints\2026-02-24_14-54-06-950955_ho_Classical_seed0\model.pth
INFO:src.utils.logger:Model weights saved to results\ho\Classical\20260224-145406_seed0_pinn_2-64-64-64-2\checkpoints\2026-02-24_14-54-06-950955_ho_Classical_seed0\model_weights.pth
INFO:src.utils.logger:It: 220, Loss: 3.747e-01, Loss_res: 6.108e-02,  Loss_bcs: 1.211e-03, Loss_ut_ics: 1.093e-03, Loss_norm: 7.725e-04, Loss_gauge: 0.000e+00, w_pde: 7.33e-01, L^2_error: 1.374e-01, lr: 1.000e-03, Time: 1.44e+01
INFO:src.utils.logger:Model state saved to results\ho\Classical\20260224-145406_seed0_pinn_2-64-64-64-2\checkpoints\2026-02-24_14-54-06-950955_ho_Classical_seed0\model.pth
INFO:src.utils.logger:Model weights saved to results\ho\Classical\20260224-145406_seed0_pinn_2-64-64-64-2\checkpoints\2026-02-24_14-54-06-950955_ho_Classical_seed0\model_weights.pth
INFO:src.utils.logger:It: 230, Loss: 3.331e-01, Loss_res: 5.096e-02,  Loss_bcs: 1.058e-03, Loss_ut_ics: 9.745e-04, Loss_norm: 6.217e-04, Loss_gauge: 0.000e+00, w_pde: 7.67e-01, L^2_error: 1.311e-01, lr: 1.000e-03, Time: 1.50e+01
INFO:src.utils.logger:Model state saved to results\ho\Classical\20260224-145406_seed0_pinn_2-64-64-64-2\checkpoints\2026-02-24_14-54-06-950955_ho_Classical_seed0\model.pth
INFO:src.utils.logger:Model weights saved to results\ho\Classical\20260224-145406_seed0_pinn_2-64-64-64-2\checkpoints\2026-02-24_14-54-06-950955_ho_Classical_seed0\model_weights.pth
INFO:src.utils.logger:It: 240, Loss: 3.035e-01, Loss_res: 5.035e-02,  Loss_bcs: 9.164e-04, Loss_ut_ics: 8.726e-04, Loss_norm: 5.288e-04, Loss_gauge: 0.000e+00, w_pde: 8.00e-01, L^2_error: 1.246e-01, lr: 1.000e-03, Time: 1.56e+01
INFO:src.utils.logger:Model state saved to results\ho\Classical\20260224-145406_seed0_pinn_2-64-64-64-2\checkpoints\2026-02-24_14-54-06-950955_ho_Classical_seed0\model.pth
INFO:src.utils.logger:Model weights saved to results\ho\Classical\20260224-145406_seed0_pinn_2-64-64-64-2\checkpoints\2026-02-24_14-54-06-950955_ho_Classical_seed0\model_weights.pth
INFO:src.utils.logger:It: 250, Loss: 2.711e-01, Loss_res: 3.935e-02,  Loss_bcs: 8.079e-04, Loss_ut_ics: 7.902e-04, Loss_norm: 4.117e-04, Loss_gauge: 0.000e+00, w_pde: 8.33e-01, L^2_error: 1.191e-01, lr: 1.000e-03, Time: 1.63e+01
INFO:src.utils.logger:Model state saved to results\ho\Classical\20260224-145406_seed0_pinn_2-64-64-64-2\checkpoints\2026-02-24_14-54-06-950955_ho_Classical_seed0\model.pth
INFO:src.utils.logger:Model weights saved to results\ho\Classical\20260224-145406_seed0_pinn_2-64-64-64-2\checkpoints\2026-02-24_14-54-06-950955_ho_Classical_seed0\model_weights.pth
INFO:src.utils.logger:It: 260, Loss: 2.498e-01, Loss_res: 3.687e-02,  Loss_bcs: 6.833e-04, Loss_ut_ics: 7.229e-04, Loss_norm: 3.283e-04, Loss_gauge: 0.000e+00, w_pde: 8.67e-01, L^2_error: 1.142e-01, lr: 1.000e-03, Time: 1.68e+01
INFO:src.utils.logger:Model state saved to results\ho\Classical\20260224-145406_seed0_pinn_2-64-64-64-2\checkpoints\2026-02-24_14-54-06-950955_ho_Classical_seed0\model.pth
INFO:src.utils.logger:Model weights saved to results\ho\Classical\20260224-145406_seed0_pinn_2-64-64-64-2\checkpoints\2026-02-24_14-54-06-950955_ho_Classical_seed0\model_weights.pth
INFO:src.utils.logger:It: 270, Loss: 2.287e-01, Loss_res: 3.133e-02,  Loss_bcs: 6.221e-04, Loss_ut_ics: 6.652e-04, Loss_norm: 2.955e-04, Loss_gauge: 0.000e+00, w_pde: 9.00e-01, L^2_error: 1.094e-01, lr: 1.000e-03, Time: 1.74e+01
INFO:src.utils.logger:Model state saved to results\ho\Classical\20260224-145406_seed0_pinn_2-64-64-64-2\checkpoints\2026-02-24_14-54-06-950955_ho_Classical_seed0\model.pth
INFO:src.utils.logger:Model weights saved to results\ho\Classical\20260224-145406_seed0_pinn_2-64-64-64-2\checkpoints\2026-02-24_14-54-06-950955_ho_Classical_seed0\model_weights.pth
INFO:src.utils.logger:It: 280, Loss: 2.147e-01, Loss_res: 2.940e-02,  Loss_bcs: 5.348e-04, Loss_ut_ics: 6.217e-04, Loss_norm: 2.159e-04, Loss_gauge: 0.000e+00, w_pde: 9.33e-01, L^2_error: 1.056e-01, lr: 1.000e-03, Time: 1.80e+01
INFO:src.utils.logger:Model state saved to results\ho\Classical\20260224-145406_seed0_pinn_2-64-64-64-2\checkpoints\2026-02-24_14-54-06-950955_ho_Classical_seed0\model.pth
INFO:src.utils.logger:Model weights saved to results\ho\Classical\20260224-145406_seed0_pinn_2-64-64-64-2\checkpoints\2026-02-24_14-54-06-950955_ho_Classical_seed0\model_weights.pth
INFO:src.utils.logger:It: 290, Loss: 2.033e-01, Loss_res: 2.854e-02,  Loss_bcs: 4.688e-04, Loss_ut_ics: 5.834e-04, Loss_norm: 1.784e-04, Loss_gauge: 0.000e+00, w_pde: 9.67e-01, L^2_error: 1.022e-01, lr: 1.000e-03, Time: 1.85e+01
INFO:src.utils.logger:Model state saved to results\ho\Classical\20260224-145406_seed0_pinn_2-64-64-64-2\checkpoints\2026-02-24_14-54-06-950955_ho_Classical_seed0\model.pth
INFO:src.utils.logger:Model weights saved to results\ho\Classical\20260224-145406_seed0_pinn_2-64-64-64-2\checkpoints\2026-02-24_14-54-06-950955_ho_Classical_seed0\model_weights.pth
INFO:src.utils.logger:It: 300, Loss: 1.918e-01, Loss_res: 2.561e-02,  Loss_bcs: 4.386e-04, Loss_ut_ics: 5.520e-04, Loss_norm: 1.714e-04, Loss_gauge: 0.000e+00, w_pde: 1.00e+00, L^2_error: 9.859e-02, lr: 1.000e-03, Time: 1.92e+01
INFO:src.utils.logger:Model state saved to results\ho\Classical\20260224-145406_seed0_pinn_2-64-64-64-2\checkpoints\2026-02-24_14-54-06-950955_ho_Classical_seed0\model.pth
INFO:src.utils.logger:Model weights saved to results\ho\Classical\20260224-145406_seed0_pinn_2-64-64-64-2\checkpoints\2026-02-24_14-54-06-950955_ho_Classical_seed0\model_weights.pth
INFO:src.utils.logger:It: 310, Loss: 1.808e-01, Loss_res: 2.219e-02,  Loss_bcs: 3.860e-04, Loss_ut_ics: 5.271e-04, Loss_norm: 1.312e-04, Loss_gauge: 0.000e+00, w_pde: 1.00e+00, L^2_error: 9.596e-02, lr: 1.000e-03, Time: 1.98e+01
INFO:src.utils.logger:Model state saved to results\ho\Classical\20260224-145406_seed0_pinn_2-64-64-64-2\checkpoints\2026-02-24_14-54-06-950955_ho_Classical_seed0\model.pth
INFO:src.utils.logger:Model weights saved to results\ho\Classical\20260224-145406_seed0_pinn_2-64-64-64-2\checkpoints\2026-02-24_14-54-06-950955_ho_Classical_seed0\model_weights.pth
INFO:src.utils.logger:It: 320, Loss: 1.763e-01, Loss_res: 2.410e-02,  Loss_bcs: 3.567e-04, Loss_ut_ics: 5.058e-04, Loss_norm: 1.078e-04, Loss_gauge: 0.000e+00, w_pde: 1.00e+00, L^2_error: 9.357e-02, lr: 1.000e-03, Time: 2.04e+01
INFO:src.utils.logger:Model state saved to results\ho\Classical\20260224-145406_seed0_pinn_2-64-64-64-2\checkpoints\2026-02-24_14-54-06-950955_ho_Classical_seed0\model.pth
INFO:src.utils.logger:Model weights saved to results\ho\Classical\20260224-145406_seed0_pinn_2-64-64-64-2\checkpoints\2026-02-24_14-54-06-950955_ho_Classical_seed0\model_weights.pth
INFO:src.utils.logger:It: 330, Loss: 1.680e-01, Loss_res: 2.140e-02,  Loss_bcs: 3.248e-04, Loss_ut_ics: 4.873e-04, Loss_norm: 1.177e-04, Loss_gauge: 0.000e+00, w_pde: 1.00e+00, L^2_error: 9.116e-02, lr: 1.000e-03, Time: 2.10e+01
INFO:src.utils.logger:Model state saved to results\ho\Classical\20260224-145406_seed0_pinn_2-64-64-64-2\checkpoints\2026-02-24_14-54-06-950955_ho_Classical_seed0\model.pth
INFO:src.utils.logger:Model weights saved to results\ho\Classical\20260224-145406_seed0_pinn_2-64-64-64-2\checkpoints\2026-02-24_14-54-06-950955_ho_Classical_seed0\model_weights.pth
INFO:src.utils.logger:It: 340, Loss: 1.592e-01, Loss_res: 1.700e-02,  Loss_bcs: 2.888e-04, Loss_ut_ics: 4.728e-04, Loss_norm: 9.296e-05, Loss_gauge: 0.000e+00, w_pde: 1.00e+00, L^2_error: 8.939e-02, lr: 1.000e-03, Time: 2.15e+01
INFO:src.utils.logger:Model state saved to results\ho\Classical\20260224-145406_seed0_pinn_2-64-64-64-2\checkpoints\2026-02-24_14-54-06-950955_ho_Classical_seed0\model.pth
INFO:src.utils.logger:Model weights saved to results\ho\Classical\20260224-145406_seed0_pinn_2-64-64-64-2\checkpoints\2026-02-24_14-54-06-950955_ho_Classical_seed0\model_weights.pth
INFO:src.utils.logger:It: 350, Loss: 1.552e-01, Loss_res: 1.736e-02,  Loss_bcs: 2.584e-04, Loss_ut_ics: 4.581e-04, Loss_norm: 1.118e-04, Loss_gauge: 0.000e+00, w_pde: 1.00e+00, L^2_error: 8.748e-02, lr: 1.000e-03, Time: 2.21e+01
INFO:src.utils.logger:Model state saved to results\ho\Classical\20260224-145406_seed0_pinn_2-64-64-64-2\checkpoints\2026-02-24_14-54-06-950955_ho_Classical_seed0\model.pth
INFO:src.utils.logger:Model weights saved to results\ho\Classical\20260224-145406_seed0_pinn_2-64-64-64-2\checkpoints\2026-02-24_14-54-06-950955_ho_Classical_seed0\model_weights.pth
INFO:src.utils.logger:It: 360, Loss: 1.509e-01, Loss_res: 1.659e-02,  Loss_bcs: 2.330e-04, Loss_ut_ics: 4.466e-04, Loss_norm: 8.926e-05, Loss_gauge: 0.000e+00, w_pde: 1.00e+00, L^2_error: 8.611e-02, lr: 1.000e-03, Time: 2.27e+01
INFO:src.utils.logger:Model state saved to results\ho\Classical\20260224-145406_seed0_pinn_2-64-64-64-2\checkpoints\2026-02-24_14-54-06-950955_ho_Classical_seed0\model.pth
INFO:src.utils.logger:Model weights saved to results\ho\Classical\20260224-145406_seed0_pinn_2-64-64-64-2\checkpoints\2026-02-24_14-54-06-950955_ho_Classical_seed0\model_weights.pth
INFO:src.utils.logger:It: 370, Loss: 1.463e-01, Loss_res: 1.536e-02,  Loss_bcs: 2.399e-04, Loss_ut_ics: 4.356e-04, Loss_norm: 8.052e-05, Loss_gauge: 0.000e+00, w_pde: 1.00e+00, L^2_error: 8.484e-02, lr: 1.000e-03, Time: 2.32e+01
INFO:src.utils.logger:Model state saved to results\ho\Classical\20260224-145406_seed0_pinn_2-64-64-64-2\checkpoints\2026-02-24_14-54-06-950955_ho_Classical_seed0\model.pth
INFO:src.utils.logger:Model weights saved to results\ho\Classical\20260224-145406_seed0_pinn_2-64-64-64-2\checkpoints\2026-02-24_14-54-06-950955_ho_Classical_seed0\model_weights.pth
INFO:src.utils.logger:It: 380, Loss: 1.417e-01, Loss_res: 1.382e-02,  Loss_bcs: 2.102e-04, Loss_ut_ics: 4.254e-04, Loss_norm: 8.236e-05, Loss_gauge: 0.000e+00, w_pde: 1.00e+00, L^2_error: 8.349e-02, lr: 1.000e-03, Time: 2.38e+01
INFO:src.utils.logger:Model state saved to results\ho\Classical\20260224-145406_seed0_pinn_2-64-64-64-2\checkpoints\2026-02-24_14-54-06-950955_ho_Classical_seed0\model.pth
INFO:src.utils.logger:Model weights saved to results\ho\Classical\20260224-145406_seed0_pinn_2-64-64-64-2\checkpoints\2026-02-24_14-54-06-950955_ho_Classical_seed0\model_weights.pth
INFO:src.utils.logger:It: 390, Loss: 1.399e-01, Loss_res: 1.480e-02,  Loss_bcs: 1.872e-04, Loss_ut_ics: 4.161e-04, Loss_norm: 8.649e-05, Loss_gauge: 0.000e+00, w_pde: 1.00e+00, L^2_error: 8.237e-02, lr: 1.000e-03, Time: 2.43e+01
INFO:src.utils.logger:Model state saved to results\ho\Classical\20260224-145406_seed0_pinn_2-64-64-64-2\checkpoints\2026-02-24_14-54-06-950955_ho_Classical_seed0\model.pth
INFO:src.utils.logger:Model weights saved to results\ho\Classical\20260224-145406_seed0_pinn_2-64-64-64-2\checkpoints\2026-02-24_14-54-06-950955_ho_Classical_seed0\model_weights.pth
INFO:src.utils.logger:It: 400, Loss: 1.359e-01, Loss_res: 1.358e-02,  Loss_bcs: 1.823e-04, Loss_ut_ics: 4.069e-04, Loss_norm: 8.958e-05, Loss_gauge: 0.000e+00, w_pde: 1.00e+00, L^2_error: 8.140e-02, lr: 1.000e-03, Time: 2.49e+01
INFO:src.utils.logger:Model state saved to results\ho\Classical\20260224-145406_seed0_pinn_2-64-64-64-2\checkpoints\2026-02-24_14-54-06-950955_ho_Classical_seed0\model.pth
INFO:src.utils.logger:Model weights saved to results\ho\Classical\20260224-145406_seed0_pinn_2-64-64-64-2\checkpoints\2026-02-24_14-54-06-950955_ho_Classical_seed0\model_weights.pth
INFO:src.utils.logger:It: 410, Loss: 1.325e-01, Loss_res: 1.274e-02,  Loss_bcs: 1.800e-04, Loss_ut_ics: 3.983e-04, Loss_norm: 6.561e-05, Loss_gauge: 0.000e+00, w_pde: 1.00e+00, L^2_error: 8.064e-02, lr: 1.000e-03, Time: 2.55e+01
INFO:src.utils.logger:Model state saved to results\ho\Classical\20260224-145406_seed0_pinn_2-64-64-64-2\checkpoints\2026-02-24_14-54-06-950955_ho_Classical_seed0\model.pth
INFO:src.utils.logger:Model weights saved to results\ho\Classical\20260224-145406_seed0_pinn_2-64-64-64-2\checkpoints\2026-02-24_14-54-06-950955_ho_Classical_seed0\model_weights.pth
INFO:src.utils.logger:It: 420, Loss: 1.314e-01, Loss_res: 1.424e-02,  Loss_bcs: 1.907e-04, Loss_ut_ics: 3.896e-04, Loss_norm: 7.411e-05, Loss_gauge: 0.000e+00, w_pde: 1.00e+00, L^2_error: 7.943e-02, lr: 1.000e-03, Time: 2.60e+01
INFO:src.utils.logger:Model state saved to results\ho\Classical\20260224-145406_seed0_pinn_2-64-64-64-2\checkpoints\2026-02-24_14-54-06-950955_ho_Classical_seed0\model.pth
INFO:src.utils.logger:Model weights saved to results\ho\Classical\20260224-145406_seed0_pinn_2-64-64-64-2\checkpoints\2026-02-24_14-54-06-950955_ho_Classical_seed0\model_weights.pth
INFO:src.utils.logger:It: 430, Loss: 1.271e-01, Loss_res: 1.237e-02,  Loss_bcs: 1.631e-04, Loss_ut_ics: 3.816e-04, Loss_norm: 7.422e-05, Loss_gauge: 0.000e+00, w_pde: 1.00e+00, L^2_error: 7.851e-02, lr: 1.000e-03, Time: 2.66e+01
INFO:src.utils.logger:Model state saved to results\ho\Classical\20260224-145406_seed0_pinn_2-64-64-64-2\checkpoints\2026-02-24_14-54-06-950955_ho_Classical_seed0\model.pth
INFO:src.utils.logger:Model weights saved to results\ho\Classical\20260224-145406_seed0_pinn_2-64-64-64-2\checkpoints\2026-02-24_14-54-06-950955_ho_Classical_seed0\model_weights.pth
INFO:src.utils.logger:It: 440, Loss: 1.242e-01, Loss_res: 1.188e-02,  Loss_bcs: 1.535e-04, Loss_ut_ics: 3.736e-04, Loss_norm: 7.921e-05, Loss_gauge: 0.000e+00, w_pde: 1.00e+00, L^2_error: 7.778e-02, lr: 1.000e-03, Time: 2.72e+01
INFO:src.utils.logger:Model state saved to results\ho\Classical\20260224-145406_seed0_pinn_2-64-64-64-2\checkpoints\2026-02-24_14-54-06-950955_ho_Classical_seed0\model.pth
INFO:src.utils.logger:Model weights saved to results\ho\Classical\20260224-145406_seed0_pinn_2-64-64-64-2\checkpoints\2026-02-24_14-54-06-950955_ho_Classical_seed0\model_weights.pth
INFO:src.utils.logger:It: 450, Loss: 1.212e-01, Loss_res: 1.126e-02,  Loss_bcs: 1.545e-04, Loss_ut_ics: 3.657e-04, Loss_norm: 7.341e-05, Loss_gauge: 0.000e+00, w_pde: 1.00e+00, L^2_error: 7.710e-02, lr: 1.000e-03, Time: 2.77e+01
INFO:src.utils.logger:Model state saved to results\ho\Classical\20260224-145406_seed0_pinn_2-64-64-64-2\checkpoints\2026-02-24_14-54-06-950955_ho_Classical_seed0\model.pth
INFO:src.utils.logger:Model weights saved to results\ho\Classical\20260224-145406_seed0_pinn_2-64-64-64-2\checkpoints\2026-02-24_14-54-06-950955_ho_Classical_seed0\model_weights.pth
INFO:src.utils.logger:It: 460, Loss: 1.188e-01, Loss_res: 1.125e-02,  Loss_bcs: 1.477e-04, Loss_ut_ics: 3.578e-04, Loss_norm: 7.146e-05, Loss_gauge: 0.000e+00, w_pde: 1.00e+00, L^2_error: 7.626e-02, lr: 1.000e-03, Time: 2.82e+01
INFO:src.utils.logger:Model state saved to results\ho\Classical\20260224-145406_seed0_pinn_2-64-64-64-2\checkpoints\2026-02-24_14-54-06-950955_ho_Classical_seed0\model.pth
INFO:src.utils.logger:Model weights saved to results\ho\Classical\20260224-145406_seed0_pinn_2-64-64-64-2\checkpoints\2026-02-24_14-54-06-950955_ho_Classical_seed0\model_weights.pth
INFO:src.utils.logger:It: 470, Loss: 1.169e-01, Loss_res: 1.162e-02,  Loss_bcs: 1.408e-04, Loss_ut_ics: 3.503e-04, Loss_norm: 6.998e-05, Loss_gauge: 0.000e+00, w_pde: 1.00e+00, L^2_error: 7.548e-02, lr: 1.000e-03, Time: 2.88e+01
INFO:src.utils.logger:Model state saved to results\ho\Classical\20260224-145406_seed0_pinn_2-64-64-64-2\checkpoints\2026-02-24_14-54-06-950955_ho_Classical_seed0\model.pth
INFO:src.utils.logger:Model weights saved to results\ho\Classical\20260224-145406_seed0_pinn_2-64-64-64-2\checkpoints\2026-02-24_14-54-06-950955_ho_Classical_seed0\model_weights.pth
INFO:src.utils.logger:It: 480, Loss: 1.138e-01, Loss_res: 1.076e-02,  Loss_bcs: 1.351e-04, Loss_ut_ics: 3.427e-04, Loss_norm: 7.441e-05, Loss_gauge: 0.000e+00, w_pde: 1.00e+00, L^2_error: 7.455e-02, lr: 1.000e-03, Time: 2.94e+01
INFO:src.utils.logger:Model state saved to results\ho\Classical\20260224-145406_seed0_pinn_2-64-64-64-2\checkpoints\2026-02-24_14-54-06-950955_ho_Classical_seed0\model.pth
INFO:src.utils.logger:Model weights saved to results\ho\Classical\20260224-145406_seed0_pinn_2-64-64-64-2\checkpoints\2026-02-24_14-54-06-950955_ho_Classical_seed0\model_weights.pth
INFO:src.utils.logger:It: 490, Loss: 1.112e-01, Loss_res: 1.026e-02,  Loss_bcs: 1.173e-04, Loss_ut_ics: 3.357e-04, Loss_norm: 7.284e-05, Loss_gauge: 0.000e+00, w_pde: 1.00e+00, L^2_error: 7.382e-02, lr: 1.000e-03, Time: 3.03e+01
INFO:src.utils.logger:Model state saved to results\ho\Classical\20260224-145406_seed0_pinn_2-64-64-64-2\checkpoints\2026-02-24_14-54-06-950955_ho_Classical_seed0\model.pth
INFO:src.utils.logger:Model weights saved to results\ho\Classical\20260224-145406_seed0_pinn_2-64-64-64-2\checkpoints\2026-02-24_14-54-06-950955_ho_Classical_seed0\model_weights.pth
INFO:src.utils.logger:It: 500, Loss: 1.098e-01, Loss_res: 1.107e-02,  Loss_bcs: 1.245e-04, Loss_ut_ics: 3.285e-04, Loss_norm: 7.305e-05, Loss_gauge: 0.000e+00, w_pde: 1.00e+00, L^2_error: 7.330e-02, lr: 1.000e-03, Time: 3.13e+01
INFO:src.utils.logger:Model state saved to results\ho\Classical\20260224-145406_seed0_pinn_2-64-64-64-2\checkpoints\2026-02-24_14-54-06-950955_ho_Classical_seed0\model.pth
INFO:src.utils.logger:Model weights saved to results\ho\Classical\20260224-145406_seed0_pinn_2-64-64-64-2\checkpoints\2026-02-24_14-54-06-950955_ho_Classical_seed0\model_weights.pth
INFO:src.utils.logger:It: 510, Loss: 1.064e-01, Loss_res: 9.724e-03,  Loss_bcs: 1.257e-04, Loss_ut_ics: 3.216e-04, Loss_norm: 6.428e-05, Loss_gauge: 0.000e+00, w_pde: 1.00e+00, L^2_error: 7.255e-02, lr: 1.000e-03, Time: 3.30e+01
INFO:src.utils.logger:Model state saved to results\ho\Classical\20260224-145406_seed0_pinn_2-64-64-64-2\checkpoints\2026-02-24_14-54-06-950955_ho_Classical_seed0\model.pth
INFO:src.utils.logger:Model weights saved to results\ho\Classical\20260224-145406_seed0_pinn_2-64-64-64-2\checkpoints\2026-02-24_14-54-06-950955_ho_Classical_seed0\model_weights.pth
INFO:src.utils.logger:It: 520, Loss: 1.036e-01, Loss_res: 9.070e-03,  Loss_bcs: 1.176e-04, Loss_ut_ics: 3.145e-04, Loss_norm: 7.327e-05, Loss_gauge: 0.000e+00, w_pde: 1.00e+00, L^2_error: 7.180e-02, lr: 1.000e-03, Time: 3.39e+01
INFO:src.utils.logger:Model state saved to results\ho\Classical\20260224-145406_seed0_pinn_2-64-64-64-2\checkpoints\2026-02-24_14-54-06-950955_ho_Classical_seed0\model.pth
INFO:src.utils.logger:Model weights saved to results\ho\Classical\20260224-145406_seed0_pinn_2-64-64-64-2\checkpoints\2026-02-24_14-54-06-950955_ho_Classical_seed0\model_weights.pth
INFO:src.utils.logger:It: 530, Loss: 1.013e-01, Loss_res: 8.804e-03,  Loss_bcs: 1.109e-04, Loss_ut_ics: 3.079e-04, Loss_norm: 6.779e-05, Loss_gauge: 0.000e+00, w_pde: 1.00e+00, L^2_error: 7.125e-02, lr: 1.000e-03, Time: 3.45e+01
INFO:src.utils.logger:Model state saved to results\ho\Classical\20260224-145406_seed0_pinn_2-64-64-64-2\checkpoints\2026-02-24_14-54-06-950955_ho_Classical_seed0\model.pth
INFO:src.utils.logger:Model weights saved to results\ho\Classical\20260224-145406_seed0_pinn_2-64-64-64-2\checkpoints\2026-02-24_14-54-06-950955_ho_Classical_seed0\model_weights.pth
INFO:src.utils.logger:It: 540, Loss: 1.001e-01, Loss_res: 9.516e-03,  Loss_bcs: 1.106e-04, Loss_ut_ics: 3.015e-04, Loss_norm: 6.030e-05, Loss_gauge: 0.000e+00, w_pde: 1.00e+00, L^2_error: 7.061e-02, lr: 1.000e-03, Time: 3.50e+01
INFO:src.utils.logger:Model state saved to results\ho\Classical\20260224-145406_seed0_pinn_2-64-64-64-2\checkpoints\2026-02-24_14-54-06-950955_ho_Classical_seed0\model.pth
INFO:src.utils.logger:Model weights saved to results\ho\Classical\20260224-145406_seed0_pinn_2-64-64-64-2\checkpoints\2026-02-24_14-54-06-950955_ho_Classical_seed0\model_weights.pth
INFO:src.utils.logger:It: 550, Loss: 9.723e-02, Loss_res: 8.610e-03,  Loss_bcs: 9.904e-05, Loss_ut_ics: 2.948e-04, Loss_norm: 7.227e-05, Loss_gauge: 0.000e+00, w_pde: 1.00e+00, L^2_error: 6.987e-02, lr: 1.000e-03, Time: 3.56e+01
INFO:src.utils.logger:Model state saved to results\ho\Classical\20260224-145406_seed0_pinn_2-64-64-64-2\checkpoints\2026-02-24_14-54-06-950955_ho_Classical_seed0\model.pth
INFO:src.utils.logger:Model weights saved to results\ho\Classical\20260224-145406_seed0_pinn_2-64-64-64-2\checkpoints\2026-02-24_14-54-06-950955_ho_Classical_seed0\model_weights.pth
INFO:src.utils.logger:It: 560, Loss: 9.472e-02, Loss_res: 7.995e-03,  Loss_bcs: 9.963e-05, Loss_ut_ics: 2.885e-04, Loss_norm: 6.590e-05, Loss_gauge: 0.000e+00, w_pde: 1.00e+00, L^2_error: 6.922e-02, lr: 1.000e-03, Time: 3.62e+01
INFO:src.utils.logger:Model state saved to results\ho\Classical\20260224-145406_seed0_pinn_2-64-64-64-2\checkpoints\2026-02-24_14-54-06-950955_ho_Classical_seed0\model.pth
INFO:src.utils.logger:Model weights saved to results\ho\Classical\20260224-145406_seed0_pinn_2-64-64-64-2\checkpoints\2026-02-24_14-54-06-950955_ho_Classical_seed0\model_weights.pth
INFO:src.utils.logger:It: 570, Loss: 9.365e-02, Loss_res: 8.785e-03,  Loss_bcs: 1.006e-04, Loss_ut_ics: 2.824e-04, Loss_norm: 5.422e-05, Loss_gauge: 0.000e+00, w_pde: 1.00e+00, L^2_error: 6.870e-02, lr: 1.000e-03, Time: 3.68e+01
INFO:src.utils.logger:Model state saved to results\ho\Classical\20260224-145406_seed0_pinn_2-64-64-64-2\checkpoints\2026-02-24_14-54-06-950955_ho_Classical_seed0\model.pth
INFO:src.utils.logger:Model weights saved to results\ho\Classical\20260224-145406_seed0_pinn_2-64-64-64-2\checkpoints\2026-02-24_14-54-06-950955_ho_Classical_seed0\model_weights.pth
INFO:src.utils.logger:It: 580, Loss: 9.112e-02, Loss_res: 8.052e-03,  Loss_bcs: 9.500e-05, Loss_ut_ics: 2.764e-04, Loss_norm: 4.925e-05, Loss_gauge: 0.000e+00, w_pde: 1.00e+00, L^2_error: 6.804e-02, lr: 1.000e-03, Time: 3.74e+01
INFO:src.utils.logger:Model state saved to results\ho\Classical\20260224-145406_seed0_pinn_2-64-64-64-2\checkpoints\2026-02-24_14-54-06-950955_ho_Classical_seed0\model.pth
INFO:src.utils.logger:Model weights saved to results\ho\Classical\20260224-145406_seed0_pinn_2-64-64-64-2\checkpoints\2026-02-24_14-54-06-950955_ho_Classical_seed0\model_weights.pth
INFO:src.utils.logger:It: 590, Loss: 8.903e-02, Loss_res: 7.776e-03,  Loss_bcs: 1.030e-04, Loss_ut_ics: 2.703e-04, Loss_norm: 5.495e-05, Loss_gauge: 0.000e+00, w_pde: 1.00e+00, L^2_error: 6.734e-02, lr: 1.000e-03, Time: 3.81e+01
INFO:src.utils.logger:Model state saved to results\ho\Classical\20260224-145406_seed0_pinn_2-64-64-64-2\checkpoints\2026-02-24_14-54-06-950955_ho_Classical_seed0\model.pth
INFO:src.utils.logger:Model weights saved to results\ho\Classical\20260224-145406_seed0_pinn_2-64-64-64-2\checkpoints\2026-02-24_14-54-06-950955_ho_Classical_seed0\model_weights.pth
INFO:src.utils.logger:It: 600, Loss: 8.716e-02, Loss_res: 7.662e-03,  Loss_bcs: 9.480e-05, Loss_ut_ics: 2.645e-04, Loss_norm: 6.328e-05, Loss_gauge: 0.000e+00, w_pde: 1.00e+00, L^2_error: 6.656e-02, lr: 1.000e-03, Time: 3.87e+01
INFO:src.utils.logger:Model state saved to results\ho\Classical\20260224-145406_seed0_pinn_2-64-64-64-2\checkpoints\2026-02-24_14-54-06-950955_ho_Classical_seed0\model.pth
INFO:src.utils.logger:Model weights saved to results\ho\Classical\20260224-145406_seed0_pinn_2-64-64-64-2\checkpoints\2026-02-24_14-54-06-950955_ho_Classical_seed0\model_weights.pth
INFO:src.utils.logger:It: 610, Loss: 8.574e-02, Loss_res: 7.890e-03,  Loss_bcs: 8.819e-05, Loss_ut_ics: 2.590e-04, Loss_norm: 6.097e-05, Loss_gauge: 0.000e+00, w_pde: 1.00e+00, L^2_error: 6.604e-02, lr: 1.000e-03, Time: 3.93e+01
INFO:src.utils.logger:Model state saved to results\ho\Classical\20260224-145406_seed0_pinn_2-64-64-64-2\checkpoints\2026-02-24_14-54-06-950955_ho_Classical_seed0\model.pth
INFO:src.utils.logger:Model weights saved to results\ho\Classical\20260224-145406_seed0_pinn_2-64-64-64-2\checkpoints\2026-02-24_14-54-06-950955_ho_Classical_seed0\model_weights.pth
INFO:src.utils.logger:It: 620, Loss: 8.377e-02, Loss_res: 7.612e-03,  Loss_bcs: 8.878e-05, Loss_ut_ics: 2.534e-04, Loss_norm: 5.500e-05, Loss_gauge: 0.000e+00, w_pde: 1.00e+00, L^2_error: 6.539e-02, lr: 1.000e-03, Time: 4.00e+01
INFO:src.utils.logger:Model state saved to results\ho\Classical\20260224-145406_seed0_pinn_2-64-64-64-2\checkpoints\2026-02-24_14-54-06-950955_ho_Classical_seed0\model.pth
INFO:src.utils.logger:Model weights saved to results\ho\Classical\20260224-145406_seed0_pinn_2-64-64-64-2\checkpoints\2026-02-24_14-54-06-950955_ho_Classical_seed0\model_weights.pth
INFO:src.utils.logger:It: 630, Loss: 8.217e-02, Loss_res: 7.608e-03,  Loss_bcs: 9.231e-05, Loss_ut_ics: 2.481e-04, Loss_norm: 5.185e-05, Loss_gauge: 0.000e+00, w_pde: 1.00e+00, L^2_error: 6.485e-02, lr: 1.000e-03, Time: 4.06e+01
INFO:src.utils.logger:Model state saved to results\ho\Classical\20260224-145406_seed0_pinn_2-64-64-64-2\checkpoints\2026-02-24_14-54-06-950955_ho_Classical_seed0\model.pth
INFO:src.utils.logger:Model weights saved to results\ho\Classical\20260224-145406_seed0_pinn_2-64-64-64-2\checkpoints\2026-02-24_14-54-06-950955_ho_Classical_seed0\model_weights.pth
INFO:src.utils.logger:It: 640, Loss: 8.049e-02, Loss_res: 7.474e-03,  Loss_bcs: 8.764e-05, Loss_ut_ics: 2.429e-04, Loss_norm: 5.235e-05, Loss_gauge: 0.000e+00, w_pde: 1.00e+00, L^2_error: 6.415e-02, lr: 1.000e-03, Time: 4.12e+01
INFO:src.utils.logger:Model state saved to results\ho\Classical\20260224-145406_seed0_pinn_2-64-64-64-2\checkpoints\2026-02-24_14-54-06-950955_ho_Classical_seed0\model.pth
INFO:src.utils.logger:Model weights saved to results\ho\Classical\20260224-145406_seed0_pinn_2-64-64-64-2\checkpoints\2026-02-24_14-54-06-950955_ho_Classical_seed0\model_weights.pth
INFO:src.utils.logger:It: 650, Loss: 7.847e-02, Loss_res: 7.002e-03,  Loss_bcs: 8.171e-05, Loss_ut_ics: 2.378e-04, Loss_norm: 5.687e-05, Loss_gauge: 0.000e+00, w_pde: 1.00e+00, L^2_error: 6.360e-02, lr: 1.000e-03, Time: 4.17e+01
INFO:src.utils.logger:Model state saved to results\ho\Classical\20260224-145406_seed0_pinn_2-64-64-64-2\checkpoints\2026-02-24_14-54-06-950955_ho_Classical_seed0\model.pth
INFO:src.utils.logger:Model weights saved to results\ho\Classical\20260224-145406_seed0_pinn_2-64-64-64-2\checkpoints\2026-02-24_14-54-06-950955_ho_Classical_seed0\model_weights.pth
INFO:src.utils.logger:It: 660, Loss: 7.661e-02, Loss_res: 6.668e-03,  Loss_bcs: 8.228e-05, Loss_ut_ics: 2.327e-04, Loss_norm: 5.313e-05, Loss_gauge: 0.000e+00, w_pde: 1.00e+00, L^2_error: 6.310e-02, lr: 1.000e-03, Time: 4.23e+01
INFO:src.utils.logger:Model state saved to results\ho\Classical\20260224-145406_seed0_pinn_2-64-64-64-2\checkpoints\2026-02-24_14-54-06-950955_ho_Classical_seed0\model.pth
INFO:src.utils.logger:Model weights saved to results\ho\Classical\20260224-145406_seed0_pinn_2-64-64-64-2\checkpoints\2026-02-24_14-54-06-950955_ho_Classical_seed0\model_weights.pth
INFO:src.utils.logger:It: 670, Loss: 7.552e-02, Loss_res: 7.023e-03,  Loss_bcs: 8.431e-05, Loss_ut_ics: 2.279e-04, Loss_norm: 4.654e-05, Loss_gauge: 0.000e+00, w_pde: 1.00e+00, L^2_error: 6.245e-02, lr: 1.000e-03, Time: 4.29e+01
INFO:src.utils.logger:Model state saved to results\ho\Classical\20260224-145406_seed0_pinn_2-64-64-64-2\checkpoints\2026-02-24_14-54-06-950955_ho_Classical_seed0\model.pth
INFO:src.utils.logger:Model weights saved to results\ho\Classical\20260224-145406_seed0_pinn_2-64-64-64-2\checkpoints\2026-02-24_14-54-06-950955_ho_Classical_seed0\model_weights.pth
INFO:src.utils.logger:It: 680, Loss: 7.359e-02, Loss_res: 6.537e-03,  Loss_bcs: 7.479e-05, Loss_ut_ics: 2.231e-04, Loss_norm: 5.090e-05, Loss_gauge: 0.000e+00, w_pde: 1.00e+00, L^2_error: 6.194e-02, lr: 1.000e-03, Time: 4.34e+01
INFO:src.utils.logger:Model state saved to results\ho\Classical\20260224-145406_seed0_pinn_2-64-64-64-2\checkpoints\2026-02-24_14-54-06-950955_ho_Classical_seed0\model.pth
INFO:src.utils.logger:Model weights saved to results\ho\Classical\20260224-145406_seed0_pinn_2-64-64-64-2\checkpoints\2026-02-24_14-54-06-950955_ho_Classical_seed0\model_weights.pth
INFO:src.utils.logger:It: 690, Loss: 7.275e-02, Loss_res: 7.095e-03,  Loss_bcs: 9.001e-05, Loss_ut_ics: 2.184e-04, Loss_norm: 3.874e-05, Loss_gauge: 0.000e+00, w_pde: 1.00e+00, L^2_error: 6.148e-02, lr: 1.000e-03, Time: 4.42e+01
INFO:src.utils.logger:Model state saved to results\ho\Classical\20260224-145406_seed0_pinn_2-64-64-64-2\checkpoints\2026-02-24_14-54-06-950955_ho_Classical_seed0\model.pth
INFO:src.utils.logger:Model weights saved to results\ho\Classical\20260224-145406_seed0_pinn_2-64-64-64-2\checkpoints\2026-02-24_14-54-06-950955_ho_Classical_seed0\model_weights.pth
INFO:src.utils.logger:It: 700, Loss: 7.100e-02, Loss_res: 6.758e-03,  Loss_bcs: 8.339e-05, Loss_ut_ics: 2.137e-04, Loss_norm: 4.569e-05, Loss_gauge: 0.000e+00, w_pde: 1.00e+00, L^2_error: 6.075e-02, lr: 1.000e-03, Time: 4.50e+01
INFO:src.utils.logger:Model state saved to results\ho\Classical\20260224-145406_seed0_pinn_2-64-64-64-2\checkpoints\2026-02-24_14-54-06-950955_ho_Classical_seed0\model.pth
INFO:src.utils.logger:Model weights saved to results\ho\Classical\20260224-145406_seed0_pinn_2-64-64-64-2\checkpoints\2026-02-24_14-54-06-950955_ho_Classical_seed0\model_weights.pth
INFO:src.utils.logger:It: 710, Loss: 6.902e-02, Loss_res: 6.031e-03,  Loss_bcs: 7.175e-05, Loss_ut_ics: 2.096e-04, Loss_norm: 4.714e-05, Loss_gauge: 0.000e+00, w_pde: 1.00e+00, L^2_error: 6.015e-02, lr: 1.000e-03, Time: 4.57e+01
INFO:src.utils.logger:Model state saved to results\ho\Classical\20260224-145406_seed0_pinn_2-64-64-64-2\checkpoints\2026-02-24_14-54-06-950955_ho_Classical_seed0\model.pth
INFO:src.utils.logger:Model weights saved to results\ho\Classical\20260224-145406_seed0_pinn_2-64-64-64-2\checkpoints\2026-02-24_14-54-06-950955_ho_Classical_seed0\model_weights.pth
INFO:src.utils.logger:It: 720, Loss: 6.867e-02, Loss_res: 7.010e-03,  Loss_bcs: 7.931e-05, Loss_ut_ics: 2.051e-04, Loss_norm: 4.243e-05, Loss_gauge: 0.000e+00, w_pde: 1.00e+00, L^2_error: 5.976e-02, lr: 1.000e-03, Time: 4.63e+01
INFO:src.utils.logger:Model state saved to results\ho\Classical\20260224-145406_seed0_pinn_2-64-64-64-2\checkpoints\2026-02-24_14-54-06-950955_ho_Classical_seed0\model.pth
INFO:src.utils.logger:Model weights saved to results\ho\Classical\20260224-145406_seed0_pinn_2-64-64-64-2\checkpoints\2026-02-24_14-54-06-950955_ho_Classical_seed0\model_weights.pth
INFO:src.utils.logger:It: 730, Loss: 6.642e-02, Loss_res: 5.995e-03,  Loss_bcs: 7.137e-05, Loss_ut_ics: 2.010e-04, Loss_norm: 4.296e-05, Loss_gauge: 0.000e+00, w_pde: 1.00e+00, L^2_error: 5.913e-02, lr: 1.000e-03, Time: 4.68e+01
INFO:src.utils.logger:Model state saved to results\ho\Classical\20260224-145406_seed0_pinn_2-64-64-64-2\checkpoints\2026-02-24_14-54-06-950955_ho_Classical_seed0\model.pth
INFO:src.utils.logger:Model weights saved to results\ho\Classical\20260224-145406_seed0_pinn_2-64-64-64-2\checkpoints\2026-02-24_14-54-06-950955_ho_Classical_seed0\model_weights.pth
INFO:src.utils.logger:It: 740, Loss: 6.551e-02, Loss_res: 6.287e-03,  Loss_bcs: 7.992e-05, Loss_ut_ics: 1.970e-04, Loss_norm: 3.325e-05, Loss_gauge: 0.000e+00, w_pde: 1.00e+00, L^2_error: 5.872e-02, lr: 1.000e-03, Time: 4.74e+01
INFO:src.utils.logger:Model state saved to results\ho\Classical\20260224-145406_seed0_pinn_2-64-64-64-2\checkpoints\2026-02-24_14-54-06-950955_ho_Classical_seed0\model.pth
INFO:src.utils.logger:Model weights saved to results\ho\Classical\20260224-145406_seed0_pinn_2-64-64-64-2\checkpoints\2026-02-24_14-54-06-950955_ho_Classical_seed0\model_weights.pth
INFO:src.utils.logger:It: 750, Loss: 6.418e-02, Loss_res: 6.169e-03,  Loss_bcs: 7.208e-05, Loss_ut_ics: 1.930e-04, Loss_norm: 4.292e-05, Loss_gauge: 0.000e+00, w_pde: 1.00e+00, L^2_error: 5.807e-02, lr: 1.000e-03, Time: 4.80e+01
INFO:src.utils.logger:Model state saved to results\ho\Classical\20260224-145406_seed0_pinn_2-64-64-64-2\checkpoints\2026-02-24_14-54-06-950955_ho_Classical_seed0\model.pth
INFO:src.utils.logger:Model weights saved to results\ho\Classical\20260224-145406_seed0_pinn_2-64-64-64-2\checkpoints\2026-02-24_14-54-06-950955_ho_Classical_seed0\model_weights.pth
INFO:src.utils.logger:It: 760, Loss: 6.351e-02, Loss_res: 6.648e-03,  Loss_bcs: 7.688e-05, Loss_ut_ics: 1.891e-04, Loss_norm: 4.304e-05, Loss_gauge: 0.000e+00, w_pde: 1.00e+00, L^2_error: 5.753e-02, lr: 1.000e-03, Time: 4.86e+01
INFO:src.utils.logger:Model state saved to results\ho\Classical\20260224-145406_seed0_pinn_2-64-64-64-2\checkpoints\2026-02-24_14-54-06-950955_ho_Classical_seed0\model.pth
INFO:src.utils.logger:Model weights saved to results\ho\Classical\20260224-145406_seed0_pinn_2-64-64-64-2\checkpoints\2026-02-24_14-54-06-950955_ho_Classical_seed0\model_weights.pth
INFO:src.utils.logger:It: 770, Loss: 6.166e-02, Loss_res: 5.915e-03,  Loss_bcs: 7.107e-05, Loss_ut_ics: 1.855e-04, Loss_norm: 3.851e-05, Loss_gauge: 0.000e+00, w_pde: 1.00e+00, L^2_error: 5.710e-02, lr: 1.000e-03, Time: 4.92e+01
INFO:src.utils.logger:Model state saved to results\ho\Classical\20260224-145406_seed0_pinn_2-64-64-64-2\checkpoints\2026-02-24_14-54-06-950955_ho_Classical_seed0\model.pth
INFO:src.utils.logger:Model weights saved to results\ho\Classical\20260224-145406_seed0_pinn_2-64-64-64-2\checkpoints\2026-02-24_14-54-06-950955_ho_Classical_seed0\model_weights.pth
INFO:src.utils.logger:It: 780, Loss: 6.055e-02, Loss_res: 5.931e-03,  Loss_bcs: 7.306e-05, Loss_ut_ics: 1.817e-04, Loss_norm: 3.658e-05, Loss_gauge: 0.000e+00, w_pde: 1.00e+00, L^2_error: 5.644e-02, lr: 1.000e-03, Time: 4.98e+01
INFO:src.utils.logger:Model state saved to results\ho\Classical\20260224-145406_seed0_pinn_2-64-64-64-2\checkpoints\2026-02-24_14-54-06-950955_ho_Classical_seed0\model.pth
INFO:src.utils.logger:Model weights saved to results\ho\Classical\20260224-145406_seed0_pinn_2-64-64-64-2\checkpoints\2026-02-24_14-54-06-950955_ho_Classical_seed0\model_weights.pth
INFO:src.utils.logger:It: 790, Loss: 5.960e-02, Loss_res: 5.983e-03,  Loss_bcs: 7.903e-05, Loss_ut_ics: 1.784e-04, Loss_norm: 2.686e-05, Loss_gauge: 0.000e+00, w_pde: 1.00e+00, L^2_error: 5.624e-02, lr: 1.000e-03, Time: 5.04e+01
INFO:src.utils.logger:Model state saved to results\ho\Classical\20260224-145406_seed0_pinn_2-64-64-64-2\checkpoints\2026-02-24_14-54-06-950955_ho_Classical_seed0\model.pth
INFO:src.utils.logger:Model weights saved to results\ho\Classical\20260224-145406_seed0_pinn_2-64-64-64-2\checkpoints\2026-02-24_14-54-06-950955_ho_Classical_seed0\model_weights.pth
INFO:src.utils.logger:It: 800, Loss: 5.855e-02, Loss_res: 5.991e-03,  Loss_bcs: 6.862e-05, Loss_ut_ics: 1.749e-04, Loss_norm: 2.639e-05, Loss_gauge: 0.000e+00, w_pde: 1.00e+00, L^2_error: 5.565e-02, lr: 1.000e-03, Time: 5.10e+01
INFO:src.utils.logger:Model state saved to results\ho\Classical\20260224-145406_seed0_pinn_2-64-64-64-2\checkpoints\2026-02-24_14-54-06-950955_ho_Classical_seed0\model.pth
INFO:src.utils.logger:Model weights saved to results\ho\Classical\20260224-145406_seed0_pinn_2-64-64-64-2\checkpoints\2026-02-24_14-54-06-950955_ho_Classical_seed0\model_weights.pth
INFO:src.utils.logger:It: 810, Loss: 5.742e-02, Loss_res: 5.873e-03,  Loss_bcs: 7.866e-05, Loss_ut_ics: 1.714e-04, Loss_norm: 3.235e-05, Loss_gauge: 0.000e+00, w_pde: 1.00e+00, L^2_error: 5.518e-02, lr: 1.000e-03, Time: 5.16e+01
INFO:src.utils.logger:Model state saved to results\ho\Classical\20260224-145406_seed0_pinn_2-64-64-64-2\checkpoints\2026-02-24_14-54-06-950955_ho_Classical_seed0\model.pth
INFO:src.utils.logger:Model weights saved to results\ho\Classical\20260224-145406_seed0_pinn_2-64-64-64-2\checkpoints\2026-02-24_14-54-06-950955_ho_Classical_seed0\model_weights.pth
INFO:src.utils.logger:It: 820, Loss: 5.681e-02, Loss_res: 6.243e-03,  Loss_bcs: 7.675e-05, Loss_ut_ics: 1.682e-04, Loss_norm: 2.780e-05, Loss_gauge: 0.000e+00, w_pde: 1.00e+00, L^2_error: 5.486e-02, lr: 1.000e-03, Time: 5.25e+01
INFO:src.utils.logger:Model state saved to results\ho\Classical\20260224-145406_seed0_pinn_2-64-64-64-2\checkpoints\2026-02-24_14-54-06-950955_ho_Classical_seed0\model.pth
INFO:src.utils.logger:Model weights saved to results\ho\Classical\20260224-145406_seed0_pinn_2-64-64-64-2\checkpoints\2026-02-24_14-54-06-950955_ho_Classical_seed0\model_weights.pth
INFO:src.utils.logger:It: 830, Loss: 5.545e-02, Loss_res: 5.819e-03,  Loss_bcs: 6.731e-05, Loss_ut_ics: 1.651e-04, Loss_norm: 2.897e-05, Loss_gauge: 0.000e+00, w_pde: 1.00e+00, L^2_error: 5.423e-02, lr: 1.000e-03, Time: 5.34e+01
INFO:src.utils.logger:Model state saved to results\ho\Classical\20260224-145406_seed0_pinn_2-64-64-64-2\checkpoints\2026-02-24_14-54-06-950955_ho_Classical_seed0\model.pth
INFO:src.utils.logger:Model weights saved to results\ho\Classical\20260224-145406_seed0_pinn_2-64-64-64-2\checkpoints\2026-02-24_14-54-06-950955_ho_Classical_seed0\model_weights.pth
INFO:src.utils.logger:It: 840, Loss: 5.419e-02, Loss_res: 5.496e-03,  Loss_bcs: 7.059e-05, Loss_ut_ics: 1.620e-04, Loss_norm: 3.369e-05, Loss_gauge: 0.000e+00, w_pde: 1.00e+00, L^2_error: 5.370e-02, lr: 1.000e-03, Time: 5.40e+01
INFO:src.utils.logger:Model state saved to results\ho\Classical\20260224-145406_seed0_pinn_2-64-64-64-2\checkpoints\2026-02-24_14-54-06-950955_ho_Classical_seed0\model.pth
INFO:src.utils.logger:Model weights saved to results\ho\Classical\20260224-145406_seed0_pinn_2-64-64-64-2\checkpoints\2026-02-24_14-54-06-950955_ho_Classical_seed0\model_weights.pth
INFO:src.utils.logger:It: 850, Loss: 5.426e-02, Loss_res: 6.409e-03,  Loss_bcs: 6.843e-05, Loss_ut_ics: 1.592e-04, Loss_norm: 3.116e-05, Loss_gauge: 0.000e+00, w_pde: 1.00e+00, L^2_error: 5.334e-02, lr: 1.000e-03, Time: 5.46e+01
INFO:src.utils.logger:Model state saved to results\ho\Classical\20260224-145406_seed0_pinn_2-64-64-64-2\checkpoints\2026-02-24_14-54-06-950955_ho_Classical_seed0\model.pth
INFO:src.utils.logger:Model weights saved to results\ho\Classical\20260224-145406_seed0_pinn_2-64-64-64-2\checkpoints\2026-02-24_14-54-06-950955_ho_Classical_seed0\model_weights.pth
INFO:src.utils.logger:It: 860, Loss: 5.268e-02, Loss_res: 5.744e-03,  Loss_bcs: 6.980e-05, Loss_ut_ics: 1.561e-04, Loss_norm: 2.837e-05, Loss_gauge: 0.000e+00, w_pde: 1.00e+00, L^2_error: 5.292e-02, lr: 1.000e-03, Time: 5.52e+01
INFO:src.utils.logger:Model state saved to results\ho\Classical\20260224-145406_seed0_pinn_2-64-64-64-2\checkpoints\2026-02-24_14-54-06-950955_ho_Classical_seed0\model.pth
INFO:src.utils.logger:Model weights saved to results\ho\Classical\20260224-145406_seed0_pinn_2-64-64-64-2\checkpoints\2026-02-24_14-54-06-950955_ho_Classical_seed0\model_weights.pth
INFO:src.utils.logger:It: 870, Loss: 5.170e-02, Loss_res: 5.525e-03,  Loss_bcs: 7.373e-05, Loss_ut_ics: 1.536e-04, Loss_norm: 2.586e-05, Loss_gauge: 0.000e+00, w_pde: 1.00e+00, L^2_error: 5.246e-02, lr: 1.000e-03, Time: 5.58e+01
INFO:src.utils.logger:Model state saved to results\ho\Classical\20260224-145406_seed0_pinn_2-64-64-64-2\checkpoints\2026-02-24_14-54-06-950955_ho_Classical_seed0\model.pth
INFO:src.utils.logger:Model weights saved to results\ho\Classical\20260224-145406_seed0_pinn_2-64-64-64-2\checkpoints\2026-02-24_14-54-06-950955_ho_Classical_seed0\model_weights.pth
INFO:src.utils.logger:It: 880, Loss: 5.097e-02, Loss_res: 5.665e-03,  Loss_bcs: 7.942e-05, Loss_ut_ics: 1.507e-04, Loss_norm: 1.686e-05, Loss_gauge: 0.000e+00, w_pde: 1.00e+00, L^2_error: 5.229e-02, lr: 1.000e-03, Time: 5.65e+01
INFO:src.utils.logger:Model state saved to results\ho\Classical\20260224-145406_seed0_pinn_2-64-64-64-2\checkpoints\2026-02-24_14-54-06-950955_ho_Classical_seed0\model.pth
INFO:src.utils.logger:Model weights saved to results\ho\Classical\20260224-145406_seed0_pinn_2-64-64-64-2\checkpoints\2026-02-24_14-54-06-950955_ho_Classical_seed0\model_weights.pth
INFO:src.utils.logger:It: 890, Loss: 5.011e-02, Loss_res: 5.587e-03,  Loss_bcs: 7.587e-05, Loss_ut_ics: 1.481e-04, Loss_norm: 1.814e-05, Loss_gauge: 0.000e+00, w_pde: 1.00e+00, L^2_error: 5.178e-02, lr: 1.000e-03, Time: 5.70e+01
INFO:src.utils.logger:Model state saved to results\ho\Classical\20260224-145406_seed0_pinn_2-64-64-64-2\checkpoints\2026-02-24_14-54-06-950955_ho_Classical_seed0\model.pth
INFO:src.utils.logger:Model weights saved to results\ho\Classical\20260224-145406_seed0_pinn_2-64-64-64-2\checkpoints\2026-02-24_14-54-06-950955_ho_Classical_seed0\model_weights.pth
INFO:src.utils.logger:It: 900, Loss: 4.991e-02, Loss_res: 6.148e-03,  Loss_bcs: 7.367e-05, Loss_ut_ics: 1.455e-04, Loss_norm: 2.291e-05, Loss_gauge: 0.000e+00, w_pde: 1.00e+00, L^2_error: 5.138e-02, lr: 1.000e-03, Time: 5.75e+01
INFO:src.utils.logger:Model state saved to results\ho\Classical\20260224-145406_seed0_pinn_2-64-64-64-2\checkpoints\2026-02-24_14-54-06-950955_ho_Classical_seed0\model.pth
INFO:src.utils.logger:Model weights saved to results\ho\Classical\20260224-145406_seed0_pinn_2-64-64-64-2\checkpoints\2026-02-24_14-54-06-950955_ho_Classical_seed0\model_weights.pth
INFO:src.utils.logger:It: 910, Loss: 4.860e-02, Loss_res: 5.623e-03,  Loss_bcs: 7.734e-05, Loss_ut_ics: 1.429e-04, Loss_norm: 1.877e-05, Loss_gauge: 0.000e+00, w_pde: 1.00e+00, L^2_error: 5.102e-02, lr: 1.000e-03, Time: 5.80e+01
INFO:src.utils.logger:Model state saved to results\ho\Classical\20260224-145406_seed0_pinn_2-64-64-64-2\checkpoints\2026-02-24_14-54-06-950955_ho_Classical_seed0\model.pth
INFO:src.utils.logger:Model weights saved to results\ho\Classical\20260224-145406_seed0_pinn_2-64-64-64-2\checkpoints\2026-02-24_14-54-06-950955_ho_Classical_seed0\model_weights.pth
INFO:src.utils.logger:It: 920, Loss: 4.725e-02, Loss_res: 5.035e-03,  Loss_bcs: 7.650e-05, Loss_ut_ics: 1.404e-04, Loss_norm: 1.519e-05, Loss_gauge: 0.000e+00, w_pde: 1.00e+00, L^2_error: 5.075e-02, lr: 1.000e-03, Time: 5.86e+01
INFO:src.utils.logger:Model state saved to results\ho\Classical\20260224-145406_seed0_pinn_2-64-64-64-2\checkpoints\2026-02-24_14-54-06-950955_ho_Classical_seed0\model.pth
INFO:src.utils.logger:Model weights saved to results\ho\Classical\20260224-145406_seed0_pinn_2-64-64-64-2\checkpoints\2026-02-24_14-54-06-950955_ho_Classical_seed0\model_weights.pth
INFO:src.utils.logger:It: 930, Loss: 4.740e-02, Loss_res: 5.905e-03,  Loss_bcs: 7.340e-05, Loss_ut_ics: 1.380e-04, Loss_norm: 1.889e-05, Loss_gauge: 0.000e+00, w_pde: 1.00e+00, L^2_error: 5.027e-02, lr: 1.000e-03, Time: 5.92e+01
INFO:src.utils.logger:Model state saved to results\ho\Classical\20260224-145406_seed0_pinn_2-64-64-64-2\checkpoints\2026-02-24_14-54-06-950955_ho_Classical_seed0\model.pth
INFO:src.utils.logger:Model weights saved to results\ho\Classical\20260224-145406_seed0_pinn_2-64-64-64-2\checkpoints\2026-02-24_14-54-06-950955_ho_Classical_seed0\model_weights.pth
INFO:src.utils.logger:It: 940, Loss: 4.644e-02, Loss_res: 5.506e-03,  Loss_bcs: 7.239e-05, Loss_ut_ics: 1.361e-04, Loss_norm: 2.550e-05, Loss_gauge: 0.000e+00, w_pde: 1.00e+00, L^2_error: 4.986e-02, lr: 1.000e-03, Time: 5.97e+01
INFO:src.utils.logger:Model state saved to results\ho\Classical\20260224-145406_seed0_pinn_2-64-64-64-2\checkpoints\2026-02-24_14-54-06-950955_ho_Classical_seed0\model.pth
INFO:src.utils.logger:Model weights saved to results\ho\Classical\20260224-145406_seed0_pinn_2-64-64-64-2\checkpoints\2026-02-24_14-54-06-950955_ho_Classical_seed0\model_weights.pth
INFO:src.utils.logger:It: 950, Loss: 4.600e-02, Loss_res: 5.806e-03,  Loss_bcs: 7.586e-05, Loss_ut_ics: 1.337e-04, Loss_norm: 2.157e-05, Loss_gauge: 0.000e+00, w_pde: 1.00e+00, L^2_error: 4.946e-02, lr: 1.000e-03, Time: 6.03e+01
INFO:src.utils.logger:Model state saved to results\ho\Classical\20260224-145406_seed0_pinn_2-64-64-64-2\checkpoints\2026-02-24_14-54-06-950955_ho_Classical_seed0\model.pth
INFO:src.utils.logger:Model weights saved to results\ho\Classical\20260224-145406_seed0_pinn_2-64-64-64-2\checkpoints\2026-02-24_14-54-06-950955_ho_Classical_seed0\model_weights.pth
INFO:src.utils.logger:It: 960, Loss: 4.567e-02, Loss_res: 6.149e-03,  Loss_bcs: 7.201e-05, Loss_ut_ics: 1.314e-04, Loss_norm: 2.286e-05, Loss_gauge: 0.000e+00, w_pde: 1.00e+00, L^2_error: 4.907e-02, lr: 1.000e-03, Time: 6.09e+01
INFO:src.utils.logger:Model state saved to results\ho\Classical\20260224-145406_seed0_pinn_2-64-64-64-2\checkpoints\2026-02-24_14-54-06-950955_ho_Classical_seed0\model.pth
INFO:src.utils.logger:Model weights saved to results\ho\Classical\20260224-145406_seed0_pinn_2-64-64-64-2\checkpoints\2026-02-24_14-54-06-950955_ho_Classical_seed0\model_weights.pth
INFO:src.utils.logger:It: 970, Loss: 4.420e-02, Loss_res: 5.166e-03,  Loss_bcs: 8.171e-05, Loss_ut_ics: 1.298e-04, Loss_norm: 1.209e-05, Loss_gauge: 0.000e+00, w_pde: 1.00e+00, L^2_error: 4.887e-02, lr: 1.000e-03, Time: 6.17e+01
INFO:src.utils.logger:Model state saved to results\ho\Classical\20260224-145406_seed0_pinn_2-64-64-64-2\checkpoints\2026-02-24_14-54-06-950955_ho_Classical_seed0\model.pth
INFO:src.utils.logger:Model weights saved to results\ho\Classical\20260224-145406_seed0_pinn_2-64-64-64-2\checkpoints\2026-02-24_14-54-06-950955_ho_Classical_seed0\model_weights.pth
INFO:src.utils.logger:It: 980, Loss: 4.353e-02, Loss_res: 5.243e-03,  Loss_bcs: 7.646e-05, Loss_ut_ics: 1.273e-04, Loss_norm: 1.545e-05, Loss_gauge: 0.000e+00, w_pde: 1.00e+00, L^2_error: 4.868e-02, lr: 1.000e-03, Time: 6.24e+01
INFO:src.utils.logger:Model state saved to results\ho\Classical\20260224-145406_seed0_pinn_2-64-64-64-2\checkpoints\2026-02-24_14-54-06-950955_ho_Classical_seed0\model.pth
INFO:src.utils.logger:Model weights saved to results\ho\Classical\20260224-145406_seed0_pinn_2-64-64-64-2\checkpoints\2026-02-24_14-54-06-950955_ho_Classical_seed0\model_weights.pth
INFO:src.utils.logger:It: 990, Loss: 4.271e-02, Loss_res: 4.948e-03,  Loss_bcs: 7.024e-05, Loss_ut_ics: 1.256e-04, Loss_norm: 1.496e-05, Loss_gauge: 0.000e+00, w_pde: 1.00e+00, L^2_error: 4.810e-02, lr: 1.000e-03, Time: 6.30e+01
INFO:src.utils.logger:Model state saved to results\ho\Classical\20260224-145406_seed0_pinn_2-64-64-64-2\checkpoints\2026-02-24_14-54-06-950955_ho_Classical_seed0\model.pth
INFO:src.utils.logger:Model weights saved to results\ho\Classical\20260224-145406_seed0_pinn_2-64-64-64-2\checkpoints\2026-02-24_14-54-06-950955_ho_Classical_seed0\model_weights.pth
INFO:src.utils.logger:It: 1000, Loss: 4.316e-02, Loss_res: 5.970e-03,  Loss_bcs: 8.411e-05, Loss_ut_ics: 1.237e-04, Loss_norm: 9.398e-06, Loss_gauge: 0.000e+00, w_pde: 1.00e+00, L^2_error: 4.794e-02, lr: 1.000e-03, Time: 6.35e+01
INFO:src.utils.logger:Model state saved to results\ho\Classical\20260224-145406_seed0_pinn_2-64-64-64-2\checkpoints\2026-02-24_14-54-06-950955_ho_Classical_seed0\model.pth
INFO:src.utils.logger:Model weights saved to results\ho\Classical\20260224-145406_seed0_pinn_2-64-64-64-2\checkpoints\2026-02-24_14-54-06-950955_ho_Classical_seed0\model_weights.pth
INFO:src.utils.logger:It: 1010, Loss: 4.178e-02, Loss_res: 5.177e-03,  Loss_bcs: 7.771e-05, Loss_ut_ics: 1.217e-04, Loss_norm: 1.395e-05, Loss_gauge: 0.000e+00, w_pde: 1.00e+00, L^2_error: 4.782e-02, lr: 1.000e-03, Time: 6.40e+01
INFO:src.utils.logger:Model state saved to results\ho\Classical\20260224-145406_seed0_pinn_2-64-64-64-2\checkpoints\2026-02-24_14-54-06-950955_ho_Classical_seed0\model.pth
INFO:src.utils.logger:Model weights saved to results\ho\Classical\20260224-145406_seed0_pinn_2-64-64-64-2\checkpoints\2026-02-24_14-54-06-950955_ho_Classical_seed0\model_weights.pth
INFO:src.utils.logger:It: 1020, Loss: 4.126e-02, Loss_res: 5.210e-03,  Loss_bcs: 7.031e-05, Loss_ut_ics: 1.199e-04, Loss_norm: 2.015e-05, Loss_gauge: 0.000e+00, w_pde: 1.00e+00, L^2_error: 4.715e-02, lr: 1.000e-03, Time: 6.46e+01
INFO:src.utils.logger:Model state saved to results\ho\Classical\20260224-145406_seed0_pinn_2-64-64-64-2\checkpoints\2026-02-24_14-54-06-950955_ho_Classical_seed0\model.pth
INFO:src.utils.logger:Model weights saved to results\ho\Classical\20260224-145406_seed0_pinn_2-64-64-64-2\checkpoints\2026-02-24_14-54-06-950955_ho_Classical_seed0\model_weights.pth
INFO:src.utils.logger:It: 1030, Loss: 4.073e-02, Loss_res: 5.225e-03,  Loss_bcs: 7.524e-05, Loss_ut_ics: 1.181e-04, Loss_norm: 1.298e-05, Loss_gauge: 0.000e+00, w_pde: 1.00e+00, L^2_error: 4.692e-02, lr: 1.000e-03, Time: 6.52e+01
INFO:src.utils.logger:Model state saved to results\ho\Classical\20260224-145406_seed0_pinn_2-64-64-64-2\checkpoints\2026-02-24_14-54-06-950955_ho_Classical_seed0\model.pth
INFO:src.utils.logger:Model weights saved to results\ho\Classical\20260224-145406_seed0_pinn_2-64-64-64-2\checkpoints\2026-02-24_14-54-06-950955_ho_Classical_seed0\model_weights.pth
INFO:src.utils.logger:It: 1040, Loss: 4.051e-02, Loss_res: 5.501e-03,  Loss_bcs: 7.714e-05, Loss_ut_ics: 1.164e-04, Loss_norm: 1.016e-05, Loss_gauge: 0.000e+00, w_pde: 1.00e+00, L^2_error: 4.667e-02, lr: 1.000e-03, Time: 6.57e+01
INFO:src.utils.logger:Model state saved to results\ho\Classical\20260224-145406_seed0_pinn_2-64-64-64-2\checkpoints\2026-02-24_14-54-06-950955_ho_Classical_seed0\model.pth
INFO:src.utils.logger:Model weights saved to results\ho\Classical\20260224-145406_seed0_pinn_2-64-64-64-2\checkpoints\2026-02-24_14-54-06-950955_ho_Classical_seed0\model_weights.pth
INFO:src.utils.logger:It: 1050, Loss: 3.982e-02, Loss_res: 5.274e-03,  Loss_bcs: 8.276e-05, Loss_ut_ics: 1.148e-04, Loss_norm: 1.091e-05, Loss_gauge: 0.000e+00, w_pde: 1.00e+00, L^2_error: 4.637e-02, lr: 1.000e-03, Time: 6.62e+01
INFO:src.utils.logger:Model state saved to results\ho\Classical\20260224-145406_seed0_pinn_2-64-64-64-2\checkpoints\2026-02-24_14-54-06-950955_ho_Classical_seed0\model.pth
INFO:src.utils.logger:Model weights saved to results\ho\Classical\20260224-145406_seed0_pinn_2-64-64-64-2\checkpoints\2026-02-24_14-54-06-950955_ho_Classical_seed0\model_weights.pth
INFO:src.utils.logger:It: 1060, Loss: 3.940e-02, Loss_res: 5.327e-03,  Loss_bcs: 7.591e-05, Loss_ut_ics: 1.133e-04, Loss_norm: 9.113e-06, Loss_gauge: 0.000e+00, w_pde: 1.00e+00, L^2_error: 4.611e-02, lr: 1.000e-03, Time: 6.68e+01
INFO:src.utils.logger:Model state saved to results\ho\Classical\20260224-145406_seed0_pinn_2-64-64-64-2\checkpoints\2026-02-24_14-54-06-950955_ho_Classical_seed0\model.pth
INFO:src.utils.logger:Model weights saved to results\ho\Classical\20260224-145406_seed0_pinn_2-64-64-64-2\checkpoints\2026-02-24_14-54-06-950955_ho_Classical_seed0\model_weights.pth
INFO:src.utils.logger:It: 1070, Loss: 3.897e-02, Loss_res: 5.414e-03,  Loss_bcs: 8.075e-05, Loss_ut_ics: 1.115e-04, Loss_norm: 1.212e-05, Loss_gauge: 0.000e+00, w_pde: 1.00e+00, L^2_error: 4.584e-02, lr: 1.000e-03, Time: 6.73e+01
INFO:src.utils.logger:Model state saved to results\ho\Classical\20260224-145406_seed0_pinn_2-64-64-64-2\checkpoints\2026-02-24_14-54-06-950955_ho_Classical_seed0\model.pth
INFO:src.utils.logger:Model weights saved to results\ho\Classical\20260224-145406_seed0_pinn_2-64-64-64-2\checkpoints\2026-02-24_14-54-06-950955_ho_Classical_seed0\model_weights.pth
INFO:src.utils.logger:It: 1080, Loss: 3.819e-02, Loss_res: 5.065e-03,  Loss_bcs: 8.443e-05, Loss_ut_ics: 1.101e-04, Loss_norm: 8.124e-06, Loss_gauge: 0.000e+00, w_pde: 1.00e+00, L^2_error: 4.571e-02, lr: 1.000e-03, Time: 6.79e+01
INFO:src.utils.logger:Model state saved to results\ho\Classical\20260224-145406_seed0_pinn_2-64-64-64-2\checkpoints\2026-02-24_14-54-06-950955_ho_Classical_seed0\model.pth
INFO:src.utils.logger:Model weights saved to results\ho\Classical\20260224-145406_seed0_pinn_2-64-64-64-2\checkpoints\2026-02-24_14-54-06-950955_ho_Classical_seed0\model_weights.pth
INFO:src.utils.logger:It: 1090, Loss: 3.773e-02, Loss_res: 5.066e-03,  Loss_bcs: 8.063e-05, Loss_ut_ics: 1.086e-04, Loss_norm: 7.549e-06, Loss_gauge: 0.000e+00, w_pde: 1.00e+00, L^2_error: 4.559e-02, lr: 1.000e-03, Time: 6.85e+01
INFO:src.utils.logger:Model state saved to results\ho\Classical\20260224-145406_seed0_pinn_2-64-64-64-2\checkpoints\2026-02-24_14-54-06-950955_ho_Classical_seed0\model.pth
INFO:src.utils.logger:Model weights saved to results\ho\Classical\20260224-145406_seed0_pinn_2-64-64-64-2\checkpoints\2026-02-24_14-54-06-950955_ho_Classical_seed0\model_weights.pth
INFO:src.utils.logger:It: 1100, Loss: 3.721e-02, Loss_res: 4.922e-03,  Loss_bcs: 7.256e-05, Loss_ut_ics: 1.073e-04, Loss_norm: 1.538e-05, Loss_gauge: 0.000e+00, w_pde: 1.00e+00, L^2_error: 4.501e-02, lr: 1.000e-03, Time: 6.90e+01
INFO:src.utils.logger:Model state saved to results\ho\Classical\20260224-145406_seed0_pinn_2-64-64-64-2\checkpoints\2026-02-24_14-54-06-950955_ho_Classical_seed0\model.pth
INFO:src.utils.logger:Model weights saved to results\ho\Classical\20260224-145406_seed0_pinn_2-64-64-64-2\checkpoints\2026-02-24_14-54-06-950955_ho_Classical_seed0\model_weights.pth
INFO:src.utils.logger:It: 1110, Loss: 3.783e-02, Loss_res: 5.982e-03,  Loss_bcs: 8.058e-05, Loss_ut_ics: 1.058e-04, Loss_norm: 1.379e-05, Loss_gauge: 0.000e+00, w_pde: 1.00e+00, L^2_error: 4.477e-02, lr: 1.000e-03, Time: 6.96e+01
INFO:src.utils.logger:Model state saved to results\ho\Classical\20260224-145406_seed0_pinn_2-64-64-64-2\checkpoints\2026-02-24_14-54-06-950955_ho_Classical_seed0\model.pth
INFO:src.utils.logger:Model weights saved to results\ho\Classical\20260224-145406_seed0_pinn_2-64-64-64-2\checkpoints\2026-02-24_14-54-06-950955_ho_Classical_seed0\model_weights.pth
INFO:src.utils.logger:It: 1120, Loss: 3.630e-02, Loss_res: 4.839e-03,  Loss_bcs: 8.034e-05, Loss_ut_ics: 1.046e-04, Loss_norm: 8.913e-06, Loss_gauge: 0.000e+00, w_pde: 1.00e+00, L^2_error: 4.466e-02, lr: 1.000e-03, Time: 7.02e+01
INFO:src.utils.logger:Model state saved to results\ho\Classical\20260224-145406_seed0_pinn_2-64-64-64-2\checkpoints\2026-02-24_14-54-06-950955_ho_Classical_seed0\model.pth
INFO:src.utils.logger:Model weights saved to results\ho\Classical\20260224-145406_seed0_pinn_2-64-64-64-2\checkpoints\2026-02-24_14-54-06-950955_ho_Classical_seed0\model_weights.pth
INFO:src.utils.logger:It: 1130, Loss: 3.614e-02, Loss_res: 5.114e-03,  Loss_bcs: 7.362e-05, Loss_ut_ics: 1.031e-04, Loss_norm: 1.568e-05, Loss_gauge: 0.000e+00, w_pde: 1.00e+00, L^2_error: 4.434e-02, lr: 1.000e-03, Time: 7.07e+01
INFO:src.utils.logger:Model state saved to results\ho\Classical\20260224-145406_seed0_pinn_2-64-64-64-2\checkpoints\2026-02-24_14-54-06-950955_ho_Classical_seed0\model.pth
INFO:src.utils.logger:Model weights saved to results\ho\Classical\20260224-145406_seed0_pinn_2-64-64-64-2\checkpoints\2026-02-24_14-54-06-950955_ho_Classical_seed0\model_weights.pth
INFO:src.utils.logger:It: 1140, Loss: 3.608e-02, Loss_res: 5.430e-03,  Loss_bcs: 7.499e-05, Loss_ut_ics: 1.019e-04, Loss_norm: 8.382e-06, Loss_gauge: 0.000e+00, w_pde: 1.00e+00, L^2_error: 4.405e-02, lr: 1.000e-03, Time: 7.13e+01
INFO:src.utils.logger:Model state saved to results\ho\Classical\20260224-145406_seed0_pinn_2-64-64-64-2\checkpoints\2026-02-24_14-54-06-950955_ho_Classical_seed0\model.pth
INFO:src.utils.logger:Model weights saved to results\ho\Classical\20260224-145406_seed0_pinn_2-64-64-64-2\checkpoints\2026-02-24_14-54-06-950955_ho_Classical_seed0\model_weights.pth
INFO:src.utils.logger:It: 1150, Loss: 3.514e-02, Loss_res: 4.834e-03,  Loss_bcs: 8.248e-05, Loss_ut_ics: 1.007e-04, Loss_norm: 1.164e-05, Loss_gauge: 0.000e+00, w_pde: 1.00e+00, L^2_error: 4.381e-02, lr: 1.000e-03, Time: 7.18e+01
INFO:src.utils.logger:Model state saved to results\ho\Classical\20260224-145406_seed0_pinn_2-64-64-64-2\checkpoints\2026-02-24_14-54-06-950955_ho_Classical_seed0\model.pth
INFO:src.utils.logger:Model weights saved to results\ho\Classical\20260224-145406_seed0_pinn_2-64-64-64-2\checkpoints\2026-02-24_14-54-06-950955_ho_Classical_seed0\model_weights.pth
INFO:src.utils.logger:It: 1160, Loss: 3.503e-02, Loss_res: 5.113e-03,  Loss_bcs: 8.444e-05, Loss_ut_ics: 9.942e-05, Loss_norm: 7.537e-06, Loss_gauge: 0.000e+00, w_pde: 1.00e+00, L^2_error: 4.377e-02, lr: 1.000e-03, Time: 7.23e+01
INFO:src.utils.logger:Model state saved to results\ho\Classical\20260224-145406_seed0_pinn_2-64-64-64-2\checkpoints\2026-02-24_14-54-06-950955_ho_Classical_seed0\model.pth
INFO:src.utils.logger:Model weights saved to results\ho\Classical\20260224-145406_seed0_pinn_2-64-64-64-2\checkpoints\2026-02-24_14-54-06-950955_ho_Classical_seed0\model_weights.pth
INFO:src.utils.logger:It: 1170, Loss: 3.518e-02, Loss_res: 5.577e-03,  Loss_bcs: 7.757e-05, Loss_ut_ics: 9.837e-05, Loss_norm: 1.234e-05, Loss_gauge: 0.000e+00, w_pde: 1.00e+00, L^2_error: 4.353e-02, lr: 1.000e-03, Time: 7.28e+01
INFO:src.utils.logger:Model state saved to results\ho\Classical\20260224-145406_seed0_pinn_2-64-64-64-2\checkpoints\2026-02-24_14-54-06-950955_ho_Classical_seed0\model.pth
INFO:src.utils.logger:Model weights saved to results\ho\Classical\20260224-145406_seed0_pinn_2-64-64-64-2\checkpoints\2026-02-24_14-54-06-950955_ho_Classical_seed0\model_weights.pth
INFO:src.utils.logger:It: 1180, Loss: 3.420e-02, Loss_res: 5.015e-03,  Loss_bcs: 8.283e-05, Loss_ut_ics: 9.699e-05, Loss_norm: 8.834e-06, Loss_gauge: 0.000e+00, w_pde: 1.00e+00, L^2_error: 4.332e-02, lr: 1.000e-03, Time: 7.34e+01
INFO:src.utils.logger:Model state saved to results\ho\Classical\20260224-145406_seed0_pinn_2-64-64-64-2\checkpoints\2026-02-24_14-54-06-950955_ho_Classical_seed0\model.pth
INFO:src.utils.logger:Model weights saved to results\ho\Classical\20260224-145406_seed0_pinn_2-64-64-64-2\checkpoints\2026-02-24_14-54-06-950955_ho_Classical_seed0\model_weights.pth
INFO:src.utils.logger:It: 1190, Loss: 3.382e-02, Loss_res: 4.978e-03,  Loss_bcs: 8.263e-05, Loss_ut_ics: 9.583e-05, Loss_norm: 8.526e-06, Loss_gauge: 0.000e+00, w_pde: 1.00e+00, L^2_error: 4.302e-02, lr: 1.000e-03, Time: 7.39e+01
INFO:src.utils.logger:Model state saved to results\ho\Classical\20260224-145406_seed0_pinn_2-64-64-64-2\checkpoints\2026-02-24_14-54-06-950955_ho_Classical_seed0\model.pth
INFO:src.utils.logger:Model weights saved to results\ho\Classical\20260224-145406_seed0_pinn_2-64-64-64-2\checkpoints\2026-02-24_14-54-06-950955_ho_Classical_seed0\model_weights.pth
INFO:src.utils.logger:It: 1200, Loss: 3.408e-02, Loss_res: 5.523e-03,  Loss_bcs: 8.322e-05, Loss_ut_ics: 9.488e-05, Loss_norm: 5.325e-06, Loss_gauge: 0.000e+00, w_pde: 1.00e+00, L^2_error: 4.299e-02, lr: 1.000e-03, Time: 7.44e+01
INFO:src.utils.logger:Model state saved to results\ho\Classical\20260224-145406_seed0_pinn_2-64-64-64-2\checkpoints\2026-02-24_14-54-06-950955_ho_Classical_seed0\model.pth
INFO:src.utils.logger:Model weights saved to results\ho\Classical\20260224-145406_seed0_pinn_2-64-64-64-2\checkpoints\2026-02-24_14-54-06-950955_ho_Classical_seed0\model_weights.pth
INFO:src.utils.logger:It: 1210, Loss: 3.331e-02, Loss_res: 4.934e-03,  Loss_bcs: 7.863e-05, Loss_ut_ics: 9.429e-05, Loss_norm: 6.708e-06, Loss_gauge: 0.000e+00, w_pde: 1.00e+00, L^2_error: 4.276e-02, lr: 1.000e-03, Time: 7.53e+01
INFO:src.utils.logger:Model state saved to results\ho\Classical\20260224-145406_seed0_pinn_2-64-64-64-2\checkpoints\2026-02-24_14-54-06-950955_ho_Classical_seed0\model.pth
INFO:src.utils.logger:Model weights saved to results\ho\Classical\20260224-145406_seed0_pinn_2-64-64-64-2\checkpoints\2026-02-24_14-54-06-950955_ho_Classical_seed0\model_weights.pth
INFO:src.utils.logger:It: 1220, Loss: 3.317e-02, Loss_res: 5.165e-03,  Loss_bcs: 7.398e-05, Loss_ut_ics: 9.306e-05, Loss_norm: 7.946e-06, Loss_gauge: 0.000e+00, w_pde: 1.00e+00, L^2_error: 4.249e-02, lr: 1.000e-03, Time: 7.61e+01
INFO:src.utils.logger:Model state saved to results\ho\Classical\20260224-145406_seed0_pinn_2-64-64-64-2\checkpoints\2026-02-24_14-54-06-950955_ho_Classical_seed0\model.pth
INFO:src.utils.logger:Model weights saved to results\ho\Classical\20260224-145406_seed0_pinn_2-64-64-64-2\checkpoints\2026-02-24_14-54-06-950955_ho_Classical_seed0\model_weights.pth
INFO:src.utils.logger:It: 1230, Loss: 3.257e-02, Loss_res: 4.909e-03,  Loss_bcs: 7.949e-05, Loss_ut_ics: 9.194e-05, Loss_norm: 5.555e-06, Loss_gauge: 0.000e+00, w_pde: 1.00e+00, L^2_error: 4.232e-02, lr: 1.000e-03, Time: 7.74e+01
INFO:src.utils.logger:Model state saved to results\ho\Classical\20260224-145406_seed0_pinn_2-64-64-64-2\checkpoints\2026-02-24_14-54-06-950955_ho_Classical_seed0\model.pth
INFO:src.utils.logger:Model weights saved to results\ho\Classical\20260224-145406_seed0_pinn_2-64-64-64-2\checkpoints\2026-02-24_14-54-06-950955_ho_Classical_seed0\model_weights.pth
INFO:src.utils.logger:It: 1240, Loss: 3.291e-02, Loss_res: 5.548e-03,  Loss_bcs: 7.874e-05, Loss_ut_ics: 9.094e-05, Loss_norm: 6.809e-06, Loss_gauge: 0.000e+00, w_pde: 1.00e+00, L^2_error: 4.206e-02, lr: 1.000e-03, Time: 7.85e+01
INFO:src.utils.logger:Model state saved to results\ho\Classical\20260224-145406_seed0_pinn_2-64-64-64-2\checkpoints\2026-02-24_14-54-06-950955_ho_Classical_seed0\model.pth
INFO:src.utils.logger:Model weights saved to results\ho\Classical\20260224-145406_seed0_pinn_2-64-64-64-2\checkpoints\2026-02-24_14-54-06-950955_ho_Classical_seed0\model_weights.pth
INFO:src.utils.logger:It: 1250, Loss: 3.234e-02, Loss_res: 5.217e-03,  Loss_bcs: 7.392e-05, Loss_ut_ics: 9.015e-05, Loss_norm: 7.981e-06, Loss_gauge: 0.000e+00, w_pde: 1.00e+00, L^2_error: 4.191e-02, lr: 1.000e-03, Time: 7.91e+01
INFO:src.utils.logger:Model state saved to results\ho\Classical\20260224-145406_seed0_pinn_2-64-64-64-2\checkpoints\2026-02-24_14-54-06-950955_ho_Classical_seed0\model.pth
INFO:src.utils.logger:Model weights saved to results\ho\Classical\20260224-145406_seed0_pinn_2-64-64-64-2\checkpoints\2026-02-24_14-54-06-950955_ho_Classical_seed0\model_weights.pth
INFO:src.utils.logger:It: 1260, Loss: 3.230e-02, Loss_res: 5.474e-03,  Loss_bcs: 7.945e-05, Loss_ut_ics: 8.913e-05, Loss_norm: 6.200e-06, Loss_gauge: 0.000e+00, w_pde: 1.00e+00, L^2_error: 4.166e-02, lr: 1.000e-03, Time: 7.97e+01
INFO:src.utils.logger:Model state saved to results\ho\Classical\20260224-145406_seed0_pinn_2-64-64-64-2\checkpoints\2026-02-24_14-54-06-950955_ho_Classical_seed0\model.pth
INFO:src.utils.logger:Model weights saved to results\ho\Classical\20260224-145406_seed0_pinn_2-64-64-64-2\checkpoints\2026-02-24_14-54-06-950955_ho_Classical_seed0\model_weights.pth
INFO:src.utils.logger:It: 1270, Loss: 3.123e-02, Loss_res: 4.653e-03,  Loss_bcs: 8.307e-05, Loss_ut_ics: 8.828e-05, Loss_norm: 9.355e-06, Loss_gauge: 0.000e+00, w_pde: 1.00e+00, L^2_error: 4.149e-02, lr: 1.000e-03, Time: 8.03e+01
INFO:src.utils.logger:Model state saved to results\ho\Classical\20260224-145406_seed0_pinn_2-64-64-64-2\checkpoints\2026-02-24_14-54-06-950955_ho_Classical_seed0\model.pth
INFO:src.utils.logger:Model weights saved to results\ho\Classical\20260224-145406_seed0_pinn_2-64-64-64-2\checkpoints\2026-02-24_14-54-06-950955_ho_Classical_seed0\model_weights.pth
INFO:src.utils.logger:It: 1280, Loss: 3.102e-02, Loss_res: 4.752e-03,  Loss_bcs: 8.246e-05, Loss_ut_ics: 8.727e-05, Loss_norm: 4.304e-06, Loss_gauge: 0.000e+00, w_pde: 1.00e+00, L^2_error: 4.145e-02, lr: 1.000e-03, Time: 8.09e+01
INFO:src.utils.logger:Model state saved to results\ho\Classical\20260224-145406_seed0_pinn_2-64-64-64-2\checkpoints\2026-02-24_14-54-06-950955_ho_Classical_seed0\model.pth
INFO:src.utils.logger:Model weights saved to results\ho\Classical\20260224-145406_seed0_pinn_2-64-64-64-2\checkpoints\2026-02-24_14-54-06-950955_ho_Classical_seed0\model_weights.pth
INFO:src.utils.logger:It: 1290, Loss: 3.107e-02, Loss_res: 5.099e-03,  Loss_bcs: 8.207e-05, Loss_ut_ics: 8.627e-05, Loss_norm: 5.226e-06, Loss_gauge: 0.000e+00, w_pde: 1.00e+00, L^2_error: 4.119e-02, lr: 1.000e-03, Time: 8.15e+01
INFO:src.utils.logger:Model state saved to results\ho\Classical\20260224-145406_seed0_pinn_2-64-64-64-2\checkpoints\2026-02-24_14-54-06-950955_ho_Classical_seed0\model.pth
INFO:src.utils.logger:Model weights saved to results\ho\Classical\20260224-145406_seed0_pinn_2-64-64-64-2\checkpoints\2026-02-24_14-54-06-950955_ho_Classical_seed0\model_weights.pth
INFO:src.utils.logger:It: 1300, Loss: 3.029e-02, Loss_res: 4.524e-03,  Loss_bcs: 8.414e-05, Loss_ut_ics: 8.559e-05, Loss_norm: 1.486e-06, Loss_gauge: 0.000e+00, w_pde: 1.00e+00, L^2_error: 4.102e-02, lr: 1.000e-03, Time: 8.21e+01
INFO:src.utils.logger:Model state saved to results\ho\Classical\20260224-145406_seed0_pinn_2-64-64-64-2\checkpoints\2026-02-24_14-54-06-950955_ho_Classical_seed0\model.pth
INFO:src.utils.logger:Model weights saved to results\ho\Classical\20260224-145406_seed0_pinn_2-64-64-64-2\checkpoints\2026-02-24_14-54-06-950955_ho_Classical_seed0\model_weights.pth
INFO:src.utils.logger:It: 1310, Loss: 3.035e-02, Loss_res: 4.845e-03,  Loss_bcs: 8.805e-05, Loss_ut_ics: 8.470e-05, Loss_norm: 3.646e-06, Loss_gauge: 0.000e+00, w_pde: 1.00e+00, L^2_error: 4.084e-02, lr: 1.000e-03, Time: 8.27e+01
INFO:src.utils.logger:Model state saved to results\ho\Classical\20260224-145406_seed0_pinn_2-64-64-64-2\checkpoints\2026-02-24_14-54-06-950955_ho_Classical_seed0\model.pth
INFO:src.utils.logger:Model weights saved to results\ho\Classical\20260224-145406_seed0_pinn_2-64-64-64-2\checkpoints\2026-02-24_14-54-06-950955_ho_Classical_seed0\model_weights.pth
INFO:src.utils.logger:It: 1320, Loss: 2.997e-02, Loss_res: 4.692e-03,  Loss_bcs: 8.654e-05, Loss_ut_ics: 8.395e-05, Loss_norm: 2.815e-06, Loss_gauge: 0.000e+00, w_pde: 1.00e+00, L^2_error: 4.067e-02, lr: 1.000e-03, Time: 8.33e+01
INFO:src.utils.logger:Model state saved to results\ho\Classical\20260224-145406_seed0_pinn_2-64-64-64-2\checkpoints\2026-02-24_14-54-06-950955_ho_Classical_seed0\model.pth
INFO:src.utils.logger:Model weights saved to results\ho\Classical\20260224-145406_seed0_pinn_2-64-64-64-2\checkpoints\2026-02-24_14-54-06-950955_ho_Classical_seed0\model_weights.pth
INFO:src.utils.logger:It: 1330, Loss: 3.052e-02, Loss_res: 5.480e-03,  Loss_bcs: 8.585e-05, Loss_ut_ics: 8.318e-05, Loss_norm: 3.517e-06, Loss_gauge: 0.000e+00, w_pde: 1.00e+00, L^2_error: 4.044e-02, lr: 1.000e-03, Time: 8.39e+01
INFO:src.utils.logger:Model state saved to results\ho\Classical\20260224-145406_seed0_pinn_2-64-64-64-2\checkpoints\2026-02-24_14-54-06-950955_ho_Classical_seed0\model.pth
INFO:src.utils.logger:Model weights saved to results\ho\Classical\20260224-145406_seed0_pinn_2-64-64-64-2\checkpoints\2026-02-24_14-54-06-950955_ho_Classical_seed0\model_weights.pth
INFO:src.utils.logger:It: 1340, Loss: 2.988e-02, Loss_res: 5.091e-03,  Loss_bcs: 8.539e-05, Loss_ut_ics: 8.232e-05, Loss_norm: 4.279e-06, Loss_gauge: 0.000e+00, w_pde: 1.00e+00, L^2_error: 4.027e-02, lr: 1.000e-03, Time: 8.44e+01
INFO:src.utils.logger:Model state saved to results\ho\Classical\20260224-145406_seed0_pinn_2-64-64-64-2\checkpoints\2026-02-24_14-54-06-950955_ho_Classical_seed0\model.pth
INFO:src.utils.logger:Model weights saved to results\ho\Classical\20260224-145406_seed0_pinn_2-64-64-64-2\checkpoints\2026-02-24_14-54-06-950955_ho_Classical_seed0\model_weights.pth
INFO:src.utils.logger:It: 1350, Loss: 3.012e-02, Loss_res: 5.585e-03,  Loss_bcs: 7.999e-05, Loss_ut_ics: 8.150e-05, Loss_norm: 3.606e-06, Loss_gauge: 0.000e+00, w_pde: 1.00e+00, L^2_error: 4.007e-02, lr: 1.000e-03, Time: 8.51e+01
INFO:src.utils.logger:Model state saved to results\ho\Classical\20260224-145406_seed0_pinn_2-64-64-64-2\checkpoints\2026-02-24_14-54-06-950955_ho_Classical_seed0\model.pth
INFO:src.utils.logger:Model weights saved to results\ho\Classical\20260224-145406_seed0_pinn_2-64-64-64-2\checkpoints\2026-02-24_14-54-06-950955_ho_Classical_seed0\model_weights.pth
INFO:src.utils.logger:It: 1360, Loss: 2.911e-02, Loss_res: 4.786e-03,  Loss_bcs: 8.239e-05, Loss_ut_ics: 8.079e-05, Loss_norm: 4.420e-06, Loss_gauge: 0.000e+00, w_pde: 1.00e+00, L^2_error: 3.993e-02, lr: 1.000e-03, Time: 8.58e+01
INFO:src.utils.logger:Model state saved to results\ho\Classical\20260224-145406_seed0_pinn_2-64-64-64-2\checkpoints\2026-02-24_14-54-06-950955_ho_Classical_seed0\model.pth
INFO:src.utils.logger:Model weights saved to results\ho\Classical\20260224-145406_seed0_pinn_2-64-64-64-2\checkpoints\2026-02-24_14-54-06-950955_ho_Classical_seed0\model_weights.pth
INFO:src.utils.logger:It: 1370, Loss: 2.921e-02, Loss_res: 5.121e-03,  Loss_bcs: 8.371e-05, Loss_ut_ics: 7.999e-05, Loss_norm: 6.285e-06, Loss_gauge: 0.000e+00, w_pde: 1.00e+00, L^2_error: 3.979e-02, lr: 1.000e-03, Time: 8.64e+01
INFO:src.utils.logger:Model state saved to results\ho\Classical\20260224-145406_seed0_pinn_2-64-64-64-2\checkpoints\2026-02-24_14-54-06-950955_ho_Classical_seed0\model.pth
INFO:src.utils.logger:Model weights saved to results\ho\Classical\20260224-145406_seed0_pinn_2-64-64-64-2\checkpoints\2026-02-24_14-54-06-950955_ho_Classical_seed0\model_weights.pth
INFO:src.utils.logger:It: 1380, Loss: 2.938e-02, Loss_res: 5.494e-03,  Loss_bcs: 8.406e-05, Loss_ut_ics: 7.932e-05, Loss_norm: 5.468e-06, Loss_gauge: 0.000e+00, w_pde: 1.00e+00, L^2_error: 3.952e-02, lr: 1.000e-03, Time: 8.72e+01
INFO:src.utils.logger:Model state saved to results\ho\Classical\20260224-145406_seed0_pinn_2-64-64-64-2\checkpoints\2026-02-24_14-54-06-950955_ho_Classical_seed0\model.pth
INFO:src.utils.logger:Model weights saved to results\ho\Classical\20260224-145406_seed0_pinn_2-64-64-64-2\checkpoints\2026-02-24_14-54-06-950955_ho_Classical_seed0\model_weights.pth
INFO:src.utils.logger:It: 1390, Loss: 2.829e-02, Loss_res: 4.617e-03,  Loss_bcs: 7.855e-05, Loss_ut_ics: 7.862e-05, Loss_norm: 6.075e-06, Loss_gauge: 0.000e+00, w_pde: 1.00e+00, L^2_error: 3.941e-02, lr: 1.000e-03, Time: 8.79e+01
INFO:src.utils.logger:Model state saved to results\ho\Classical\20260224-145406_seed0_pinn_2-64-64-64-2\checkpoints\2026-02-24_14-54-06-950955_ho_Classical_seed0\model.pth
INFO:src.utils.logger:Model weights saved to results\ho\Classical\20260224-145406_seed0_pinn_2-64-64-64-2\checkpoints\2026-02-24_14-54-06-950955_ho_Classical_seed0\model_weights.pth
INFO:src.utils.logger:It: 1400, Loss: 2.863e-02, Loss_res: 5.158e-03,  Loss_bcs: 8.240e-05, Loss_ut_ics: 7.796e-05, Loss_norm: 3.663e-06, Loss_gauge: 0.000e+00, w_pde: 1.00e+00, L^2_error: 3.923e-02, lr: 1.000e-03, Time: 8.86e+01
INFO:src.utils.logger:Model state saved to results\ho\Classical\20260224-145406_seed0_pinn_2-64-64-64-2\checkpoints\2026-02-24_14-54-06-950955_ho_Classical_seed0\model.pth
INFO:src.utils.logger:Model weights saved to results\ho\Classical\20260224-145406_seed0_pinn_2-64-64-64-2\checkpoints\2026-02-24_14-54-06-950955_ho_Classical_seed0\model_weights.pth
INFO:src.utils.logger:It: 1410, Loss: 2.822e-02, Loss_res: 4.949e-03,  Loss_bcs: 8.105e-05, Loss_ut_ics: 7.727e-05, Loss_norm: 4.537e-06, Loss_gauge: 0.000e+00, w_pde: 1.00e+00, L^2_error: 3.914e-02, lr: 1.000e-03, Time: 8.95e+01
INFO:src.utils.logger:Model state saved to results\ho\Classical\20260224-145406_seed0_pinn_2-64-64-64-2\checkpoints\2026-02-24_14-54-06-950955_ho_Classical_seed0\model.pth
INFO:src.utils.logger:Model weights saved to results\ho\Classical\20260224-145406_seed0_pinn_2-64-64-64-2\checkpoints\2026-02-24_14-54-06-950955_ho_Classical_seed0\model_weights.pth
INFO:src.utils.logger:It: 1420, Loss: 2.798e-02, Loss_res: 4.863e-03,  Loss_bcs: 7.544e-05, Loss_ut_ics: 7.680e-05, Loss_norm: 4.569e-06, Loss_gauge: 0.000e+00, w_pde: 1.00e+00, L^2_error: 3.913e-02, lr: 1.000e-03, Time: 9.03e+01
INFO:src.utils.logger:Model state saved to results\ho\Classical\20260224-145406_seed0_pinn_2-64-64-64-2\checkpoints\2026-02-24_14-54-06-950955_ho_Classical_seed0\model.pth
INFO:src.utils.logger:Model weights saved to results\ho\Classical\20260224-145406_seed0_pinn_2-64-64-64-2\checkpoints\2026-02-24_14-54-06-950955_ho_Classical_seed0\model_weights.pth
INFO:src.utils.logger:It: 1430, Loss: 2.756e-02, Loss_res: 4.627e-03,  Loss_bcs: 8.403e-05, Loss_ut_ics: 7.614e-05, Loss_norm: 3.218e-06, Loss_gauge: 0.000e+00, w_pde: 1.00e+00, L^2_error: 3.891e-02, lr: 1.000e-03, Time: 9.09e+01
INFO:src.utils.logger:Model state saved to results\ho\Classical\20260224-145406_seed0_pinn_2-64-64-64-2\checkpoints\2026-02-24_14-54-06-950955_ho_Classical_seed0\model.pth
INFO:src.utils.logger:Model weights saved to results\ho\Classical\20260224-145406_seed0_pinn_2-64-64-64-2\checkpoints\2026-02-24_14-54-06-950955_ho_Classical_seed0\model_weights.pth
INFO:src.utils.logger:It: 1440, Loss: 2.735e-02, Loss_res: 4.603e-03,  Loss_bcs: 8.084e-05, Loss_ut_ics: 7.554e-05, Loss_norm: 5.085e-06, Loss_gauge: 0.000e+00, w_pde: 1.00e+00, L^2_error: 3.867e-02, lr: 1.000e-03, Time: 9.17e+01
INFO:src.utils.logger:Model state saved to results\ho\Classical\20260224-145406_seed0_pinn_2-64-64-64-2\checkpoints\2026-02-24_14-54-06-950955_ho_Classical_seed0\model.pth
INFO:src.utils.logger:Model weights saved to results\ho\Classical\20260224-145406_seed0_pinn_2-64-64-64-2\checkpoints\2026-02-24_14-54-06-950955_ho_Classical_seed0\model_weights.pth
INFO:src.utils.logger:It: 1450, Loss: 2.707e-02, Loss_res: 4.503e-03,  Loss_bcs: 7.715e-05, Loss_ut_ics: 7.496e-05, Loss_norm: 5.060e-06, Loss_gauge: 0.000e+00, w_pde: 1.00e+00, L^2_error: 3.853e-02, lr: 1.000e-03, Time: 9.23e+01
INFO:src.utils.logger:Model state saved to results\ho\Classical\20260224-145406_seed0_pinn_2-64-64-64-2\checkpoints\2026-02-24_14-54-06-950955_ho_Classical_seed0\model.pth
INFO:src.utils.logger:Model weights saved to results\ho\Classical\20260224-145406_seed0_pinn_2-64-64-64-2\checkpoints\2026-02-24_14-54-06-950955_ho_Classical_seed0\model_weights.pth
INFO:src.utils.logger:It: 1460, Loss: 2.710e-02, Loss_res: 4.736e-03,  Loss_bcs: 7.671e-05, Loss_ut_ics: 7.428e-05, Loss_norm: 2.859e-06, Loss_gauge: 0.000e+00, w_pde: 1.00e+00, L^2_error: 3.852e-02, lr: 1.000e-03, Time: 9.30e+01
INFO:src.utils.logger:Model state saved to results\ho\Classical\20260224-145406_seed0_pinn_2-64-64-64-2\checkpoints\2026-02-24_14-54-06-950955_ho_Classical_seed0\model.pth
INFO:src.utils.logger:Model weights saved to results\ho\Classical\20260224-145406_seed0_pinn_2-64-64-64-2\checkpoints\2026-02-24_14-54-06-950955_ho_Classical_seed0\model_weights.pth
INFO:src.utils.logger:It: 1470, Loss: 2.629e-02, Loss_res: 4.102e-03,  Loss_bcs: 7.821e-05, Loss_ut_ics: 7.368e-05, Loss_norm: 3.628e-06, Loss_gauge: 0.000e+00, w_pde: 1.00e+00, L^2_error: 3.827e-02, lr: 1.000e-03, Time: 9.37e+01
INFO:src.utils.logger:Model state saved to results\ho\Classical\20260224-145406_seed0_pinn_2-64-64-64-2\checkpoints\2026-02-24_14-54-06-950955_ho_Classical_seed0\model.pth
INFO:src.utils.logger:Model weights saved to results\ho\Classical\20260224-145406_seed0_pinn_2-64-64-64-2\checkpoints\2026-02-24_14-54-06-950955_ho_Classical_seed0\model_weights.pth
INFO:src.utils.logger:It: 1480, Loss: 2.668e-02, Loss_res: 4.655e-03,  Loss_bcs: 7.672e-05, Loss_ut_ics: 7.315e-05, Loss_norm: 8.005e-06, Loss_gauge: 0.000e+00, w_pde: 1.00e+00, L^2_error: 3.821e-02, lr: 1.000e-03, Time: 9.44e+01
INFO:src.utils.logger:Model state saved to results\ho\Classical\20260224-145406_seed0_pinn_2-64-64-64-2\checkpoints\2026-02-24_14-54-06-950955_ho_Classical_seed0\model.pth
INFO:src.utils.logger:Model weights saved to results\ho\Classical\20260224-145406_seed0_pinn_2-64-64-64-2\checkpoints\2026-02-24_14-54-06-950955_ho_Classical_seed0\model_weights.pth
INFO:src.utils.logger:It: 1490, Loss: 2.654e-02, Loss_res: 4.647e-03,  Loss_bcs: 7.527e-05, Loss_ut_ics: 7.270e-05, Loss_norm: 5.304e-06, Loss_gauge: 0.000e+00, w_pde: 1.00e+00, L^2_error: 3.803e-02, lr: 1.000e-03, Time: 9.51e+01
INFO:src.utils.logger:Model state saved to results\ho\Classical\20260224-145406_seed0_pinn_2-64-64-64-2\checkpoints\2026-02-24_14-54-06-950955_ho_Classical_seed0\model.pth
INFO:src.utils.logger:Model weights saved to results\ho\Classical\20260224-145406_seed0_pinn_2-64-64-64-2\checkpoints\2026-02-24_14-54-06-950955_ho_Classical_seed0\model_weights.pth
INFO:src.utils.logger:It: 1500, Loss: 2.628e-02, Loss_res: 4.605e-03,  Loss_bcs: 7.958e-05, Loss_ut_ics: 7.196e-05, Loss_norm: 4.222e-06, Loss_gauge: 0.000e+00, w_pde: 1.00e+00, L^2_error: 3.784e-02, lr: 1.000e-03, Time: 9.60e+01
INFO:src.utils.logger:Model state saved to results\ho\Classical\20260224-145406_seed0_pinn_2-64-64-64-2\checkpoints\2026-02-24_14-54-06-950955_ho_Classical_seed0\model.pth
INFO:src.utils.logger:Model weights saved to results\ho\Classical\20260224-145406_seed0_pinn_2-64-64-64-2\checkpoints\2026-02-24_14-54-06-950955_ho_Classical_seed0\model_weights.pth
INFO:src.utils.logger:checkpoint path: self.log_path='results\\ho\\Classical\\20260224-145843_seed0_pinn_2-64-64-64-64-2\\checkpoints\\2026-02-24_14-58-43-736031_ho_Classical_seed0'
