INFO:src.utils.logger:The circuit used in the study:
INFO:src.utils.logger:It: 1, Loss: 9.801e+02, Loss_res: 1.050e+00,  Loss_bcs: 0.000e+00, Loss_ut_ics: 1.225e+00, Loss_norm: 8.775e-01, Loss_gauge: 0.000e+00, w_pde: 0.00e+00, L^2_error: 1.015e+00, lr: 1.000e-03, Time: 6.09e+00
INFO:src.utils.logger:Model state saved to C:\Users\mateo garcia\Downloads\repo\QPINNs-2026\results\2026-03-02_15-45-36-013059\model.pth
INFO:src.utils.logger:Model weights saved to C:\Users\mateo garcia\Downloads\repo\QPINNs-2026\results\2026-03-02_15-45-36-013059\model_weights.pth
INFO:src.utils.logger:It: 2, Loss: 9.288e+02, Loss_res: 6.581e-01,  Loss_bcs: 0.000e+00, Loss_ut_ics: 1.161e+00, Loss_norm: 9.109e-01, Loss_gauge: 0.000e+00, w_pde: 0.00e+00, L^2_error: 1.015e+00, lr: 1.000e-03, Time: 1.00e+01
INFO:src.utils.logger:Model state saved to C:\Users\mateo garcia\Downloads\repo\QPINNs-2026\results\2026-03-02_15-45-36-013059\model.pth
INFO:src.utils.logger:Model weights saved to C:\Users\mateo garcia\Downloads\repo\QPINNs-2026\results\2026-03-02_15-45-36-013059\model_weights.pth
INFO:src.utils.logger:It: 3, Loss: 8.853e+02, Loss_res: 5.105e-01,  Loss_bcs: 0.000e+00, Loss_ut_ics: 1.107e+00, Loss_norm: 9.392e-01, Loss_gauge: 0.000e+00, w_pde: 0.00e+00, L^2_error: 1.015e+00, lr: 1.000e-03, Time: 1.39e+01
INFO:src.utils.logger:Model state saved to C:\Users\mateo garcia\Downloads\repo\QPINNs-2026\results\2026-03-02_15-45-36-013059\model.pth
INFO:src.utils.logger:Model weights saved to C:\Users\mateo garcia\Downloads\repo\QPINNs-2026\results\2026-03-02_15-45-36-013059\model_weights.pth
INFO:src.utils.logger:It: 4, Loss: 8.499e+02, Loss_res: 3.233e-01,  Loss_bcs: 0.000e+00, Loss_ut_ics: 1.062e+00, Loss_norm: 9.619e-01, Loss_gauge: 0.000e+00, w_pde: 0.00e+00, L^2_error: 1.015e+00, lr: 1.000e-03, Time: 1.76e+01
INFO:src.utils.logger:Model state saved to C:\Users\mateo garcia\Downloads\repo\QPINNs-2026\results\2026-03-02_15-45-36-013059\model.pth
INFO:src.utils.logger:Model weights saved to C:\Users\mateo garcia\Downloads\repo\QPINNs-2026\results\2026-03-02_15-45-36-013059\model_weights.pth
INFO:src.utils.logger:It: 5, Loss: 8.224e+02, Loss_res: 1.742e-01,  Loss_bcs: 0.000e+00, Loss_ut_ics: 1.028e+00, Loss_norm: 9.791e-01, Loss_gauge: 0.000e+00, w_pde: 0.00e+00, L^2_error: 1.015e+00, lr: 1.000e-03, Time: 2.11e+01
INFO:src.utils.logger:Model state saved to C:\Users\mateo garcia\Downloads\repo\QPINNs-2026\results\2026-03-02_15-45-36-013059\model.pth
INFO:src.utils.logger:Model weights saved to C:\Users\mateo garcia\Downloads\repo\QPINNs-2026\results\2026-03-02_15-45-36-013059\model_weights.pth
INFO:src.utils.logger:It: 6, Loss: 8.024e+02, Loss_res: 9.715e-02,  Loss_bcs: 0.000e+00, Loss_ut_ics: 1.003e+00, Loss_norm: 9.907e-01, Loss_gauge: 0.000e+00, w_pde: 0.00e+00, L^2_error: 1.015e+00, lr: 1.000e-03, Time: 2.49e+01
INFO:src.utils.logger:Model state saved to C:\Users\mateo garcia\Downloads\repo\QPINNs-2026\results\2026-03-02_15-45-36-013059\model.pth
INFO:src.utils.logger:Model weights saved to C:\Users\mateo garcia\Downloads\repo\QPINNs-2026\results\2026-03-02_15-45-36-013059\model_weights.pth
INFO:src.utils.logger:It: 7, Loss: 7.889e+02, Loss_res: 5.398e-02,  Loss_bcs: 0.000e+00, Loss_ut_ics: 9.862e-01, Loss_norm: 9.972e-01, Loss_gauge: 0.000e+00, w_pde: 0.00e+00, L^2_error: 1.015e+00, lr: 1.000e-03, Time: 2.87e+01
INFO:src.utils.logger:Model state saved to C:\Users\mateo garcia\Downloads\repo\QPINNs-2026\results\2026-03-02_15-45-36-013059\model.pth
INFO:src.utils.logger:Model weights saved to C:\Users\mateo garcia\Downloads\repo\QPINNs-2026\results\2026-03-02_15-45-36-013059\model_weights.pth
INFO:src.utils.logger:It: 8, Loss: 7.808e+02, Loss_res: 5.141e-02,  Loss_bcs: 0.000e+00, Loss_ut_ics: 9.760e-01, Loss_norm: 9.995e-01, Loss_gauge: 0.000e+00, w_pde: 0.00e+00, L^2_error: 1.015e+00, lr: 1.000e-03, Time: 3.23e+01
INFO:src.utils.logger:Model state saved to C:\Users\mateo garcia\Downloads\repo\QPINNs-2026\results\2026-03-02_15-45-36-013059\model.pth
INFO:src.utils.logger:Model weights saved to C:\Users\mateo garcia\Downloads\repo\QPINNs-2026\results\2026-03-02_15-45-36-013059\model_weights.pth
INFO:src.utils.logger:It: 9, Loss: 7.765e+02, Loss_res: 7.927e-02,  Loss_bcs: 0.000e+00, Loss_ut_ics: 9.706e-01, Loss_norm: 9.984e-01, Loss_gauge: 0.000e+00, w_pde: 0.00e+00, L^2_error: 1.015e+00, lr: 1.000e-03, Time: 3.61e+01
INFO:src.utils.logger:Model state saved to C:\Users\mateo garcia\Downloads\repo\QPINNs-2026\results\2026-03-02_15-45-36-013059\model.pth
INFO:src.utils.logger:Model weights saved to C:\Users\mateo garcia\Downloads\repo\QPINNs-2026\results\2026-03-02_15-45-36-013059\model_weights.pth
INFO:src.utils.logger:It: 10, Loss: 7.743e+02, Loss_res: 1.270e-01,  Loss_bcs: 0.000e+00, Loss_ut_ics: 9.679e-01, Loss_norm: 9.951e-01, Loss_gauge: 0.000e+00, w_pde: 0.00e+00, L^2_error: 1.024e+00, lr: 1.000e-03, Time: 3.99e+01
INFO:src.utils.logger:Model state saved to C:\Users\mateo garcia\Downloads\repo\QPINNs-2026\results\2026-03-02_15-45-36-013059\model.pth
INFO:src.utils.logger:Model weights saved to C:\Users\mateo garcia\Downloads\repo\QPINNs-2026\results\2026-03-02_15-45-36-013059\model_weights.pth
INFO:src.utils.logger:It: 11, Loss: 7.728e+02, Loss_res: 2.080e-01,  Loss_bcs: 0.000e+00, Loss_ut_ics: 9.660e-01, Loss_norm: 9.906e-01, Loss_gauge: 0.000e+00, w_pde: 0.00e+00, L^2_error: 1.024e+00, lr: 1.000e-03, Time: 4.36e+01
INFO:src.utils.logger:Model state saved to C:\Users\mateo garcia\Downloads\repo\QPINNs-2026\results\2026-03-02_15-45-36-013059\model.pth
INFO:src.utils.logger:Model weights saved to C:\Users\mateo garcia\Downloads\repo\QPINNs-2026\results\2026-03-02_15-45-36-013059\model_weights.pth
INFO:src.utils.logger:It: 12, Loss: 7.707e+02, Loss_res: 2.920e-01,  Loss_bcs: 0.000e+00, Loss_ut_ics: 9.633e-01, Loss_norm: 9.858e-01, Loss_gauge: 0.000e+00, w_pde: 0.00e+00, L^2_error: 1.024e+00, lr: 1.000e-03, Time: 4.73e+01
INFO:src.utils.logger:Model state saved to C:\Users\mateo garcia\Downloads\repo\QPINNs-2026\results\2026-03-02_15-45-36-013059\model.pth
INFO:src.utils.logger:Model weights saved to C:\Users\mateo garcia\Downloads\repo\QPINNs-2026\results\2026-03-02_15-45-36-013059\model_weights.pth
INFO:src.utils.logger:It: 13, Loss: 7.673e+02, Loss_res: 3.702e-01,  Loss_bcs: 0.000e+00, Loss_ut_ics: 9.592e-01, Loss_norm: 9.811e-01, Loss_gauge: 0.000e+00, w_pde: 0.00e+00, L^2_error: 1.024e+00, lr: 1.000e-03, Time: 5.11e+01
INFO:src.utils.logger:Model state saved to C:\Users\mateo garcia\Downloads\repo\QPINNs-2026\results\2026-03-02_15-45-36-013059\model.pth
INFO:src.utils.logger:Model weights saved to C:\Users\mateo garcia\Downloads\repo\QPINNs-2026\results\2026-03-02_15-45-36-013059\model_weights.pth
INFO:src.utils.logger:It: 14, Loss: 7.625e+02, Loss_res: 4.708e-01,  Loss_bcs: 0.000e+00, Loss_ut_ics: 9.531e-01, Loss_norm: 9.769e-01, Loss_gauge: 0.000e+00, w_pde: 0.00e+00, L^2_error: 1.024e+00, lr: 1.000e-03, Time: 5.47e+01
INFO:src.utils.logger:Model state saved to C:\Users\mateo garcia\Downloads\repo\QPINNs-2026\results\2026-03-02_15-45-36-013059\model.pth
INFO:src.utils.logger:Model weights saved to C:\Users\mateo garcia\Downloads\repo\QPINNs-2026\results\2026-03-02_15-45-36-013059\model_weights.pth
INFO:src.utils.logger:It: 15, Loss: 7.563e+02, Loss_res: 6.560e-01,  Loss_bcs: 0.000e+00, Loss_ut_ics: 9.453e-01, Loss_norm: 9.733e-01, Loss_gauge: 0.000e+00, w_pde: 0.00e+00, L^2_error: 1.024e+00, lr: 1.000e-03, Time: 5.86e+01
INFO:src.utils.logger:Model state saved to C:\Users\mateo garcia\Downloads\repo\QPINNs-2026\results\2026-03-02_15-45-36-013059\model.pth
INFO:src.utils.logger:Model weights saved to C:\Users\mateo garcia\Downloads\repo\QPINNs-2026\results\2026-03-02_15-45-36-013059\model_weights.pth
INFO:src.utils.logger:It: 16, Loss: 7.490e+02, Loss_res: 6.860e-01,  Loss_bcs: 0.000e+00, Loss_ut_ics: 9.362e-01, Loss_norm: 9.700e-01, Loss_gauge: 0.000e+00, w_pde: 0.00e+00, L^2_error: 1.024e+00, lr: 1.000e-03, Time: 6.23e+01
INFO:src.utils.logger:Model state saved to C:\Users\mateo garcia\Downloads\repo\QPINNs-2026\results\2026-03-02_15-45-36-013059\model.pth
INFO:src.utils.logger:Model weights saved to C:\Users\mateo garcia\Downloads\repo\QPINNs-2026\results\2026-03-02_15-45-36-013059\model_weights.pth
INFO:src.utils.logger:It: 17, Loss: 7.410e+02, Loss_res: 8.579e-01,  Loss_bcs: 0.000e+00, Loss_ut_ics: 9.262e-01, Loss_norm: 9.670e-01, Loss_gauge: 0.000e+00, w_pde: 0.00e+00, L^2_error: 1.024e+00, lr: 1.000e-03, Time: 6.61e+01
INFO:src.utils.logger:Model state saved to C:\Users\mateo garcia\Downloads\repo\QPINNs-2026\results\2026-03-02_15-45-36-013059\model.pth
INFO:src.utils.logger:Model weights saved to C:\Users\mateo garcia\Downloads\repo\QPINNs-2026\results\2026-03-02_15-45-36-013059\model_weights.pth
INFO:src.utils.logger:It: 18, Loss: 7.327e+02, Loss_res: 1.067e+00,  Loss_bcs: 0.000e+00, Loss_ut_ics: 9.159e-01, Loss_norm: 9.642e-01, Loss_gauge: 0.000e+00, w_pde: 0.00e+00, L^2_error: 1.024e+00, lr: 1.000e-03, Time: 7.00e+01
INFO:src.utils.logger:Model state saved to C:\Users\mateo garcia\Downloads\repo\QPINNs-2026\results\2026-03-02_15-45-36-013059\model.pth
INFO:src.utils.logger:Model weights saved to C:\Users\mateo garcia\Downloads\repo\QPINNs-2026\results\2026-03-02_15-45-36-013059\model_weights.pth
INFO:src.utils.logger:It: 19, Loss: 7.244e+02, Loss_res: 1.411e+00,  Loss_bcs: 0.000e+00, Loss_ut_ics: 9.055e-01, Loss_norm: 9.614e-01, Loss_gauge: 0.000e+00, w_pde: 0.00e+00, L^2_error: 1.024e+00, lr: 1.000e-03, Time: 7.40e+01
INFO:src.utils.logger:Model state saved to C:\Users\mateo garcia\Downloads\repo\QPINNs-2026\results\2026-03-02_15-45-36-013059\model.pth
INFO:src.utils.logger:Model weights saved to C:\Users\mateo garcia\Downloads\repo\QPINNs-2026\results\2026-03-02_15-45-36-013059\model_weights.pth
INFO:src.utils.logger:It: 20, Loss: 7.162e+02, Loss_res: 1.426e+00,  Loss_bcs: 0.000e+00, Loss_ut_ics: 8.953e-01, Loss_norm: 9.587e-01, Loss_gauge: 0.000e+00, w_pde: 0.00e+00, L^2_error: 1.079e+00, lr: 1.000e-03, Time: 7.76e+01
INFO:src.utils.logger:Model state saved to C:\Users\mateo garcia\Downloads\repo\QPINNs-2026\results\2026-03-02_15-45-36-013059\model.pth
INFO:src.utils.logger:Model weights saved to C:\Users\mateo garcia\Downloads\repo\QPINNs-2026\results\2026-03-02_15-45-36-013059\model_weights.pth
INFO:src.utils.logger:It: 21, Loss: 7.082e+02, Loss_res: 1.741e+00,  Loss_bcs: 0.000e+00, Loss_ut_ics: 8.852e-01, Loss_norm: 9.560e-01, Loss_gauge: 0.000e+00, w_pde: 0.00e+00, L^2_error: 1.079e+00, lr: 1.000e-03, Time: 8.11e+01
INFO:src.utils.logger:Model state saved to C:\Users\mateo garcia\Downloads\repo\QPINNs-2026\results\2026-03-02_15-45-36-013059\model.pth
INFO:src.utils.logger:Model weights saved to C:\Users\mateo garcia\Downloads\repo\QPINNs-2026\results\2026-03-02_15-45-36-013059\model_weights.pth
INFO:src.utils.logger:It: 22, Loss: 7.001e+02, Loss_res: 1.969e+00,  Loss_bcs: 0.000e+00, Loss_ut_ics: 8.751e-01, Loss_norm: 9.536e-01, Loss_gauge: 0.000e+00, w_pde: 0.00e+00, L^2_error: 1.079e+00, lr: 1.000e-03, Time: 8.50e+01
INFO:src.utils.logger:Model state saved to C:\Users\mateo garcia\Downloads\repo\QPINNs-2026\results\2026-03-02_15-45-36-013059\model.pth
INFO:src.utils.logger:Model weights saved to C:\Users\mateo garcia\Downloads\repo\QPINNs-2026\results\2026-03-02_15-45-36-013059\model_weights.pth
INFO:src.utils.logger:It: 23, Loss: 6.917e+02, Loss_res: 2.297e+00,  Loss_bcs: 0.000e+00, Loss_ut_ics: 8.646e-01, Loss_norm: 9.515e-01, Loss_gauge: 0.000e+00, w_pde: 0.00e+00, L^2_error: 1.079e+00, lr: 1.000e-03, Time: 8.88e+01
INFO:src.utils.logger:Model state saved to C:\Users\mateo garcia\Downloads\repo\QPINNs-2026\results\2026-03-02_15-45-36-013059\model.pth
INFO:src.utils.logger:Model weights saved to C:\Users\mateo garcia\Downloads\repo\QPINNs-2026\results\2026-03-02_15-45-36-013059\model_weights.pth
INFO:src.utils.logger:It: 24, Loss: 6.829e+02, Loss_res: 2.529e+00,  Loss_bcs: 0.000e+00, Loss_ut_ics: 8.536e-01, Loss_norm: 9.497e-01, Loss_gauge: 0.000e+00, w_pde: 0.00e+00, L^2_error: 1.079e+00, lr: 1.000e-03, Time: 9.25e+01
INFO:src.utils.logger:Model state saved to C:\Users\mateo garcia\Downloads\repo\QPINNs-2026\results\2026-03-02_15-45-36-013059\model.pth
INFO:src.utils.logger:Model weights saved to C:\Users\mateo garcia\Downloads\repo\QPINNs-2026\results\2026-03-02_15-45-36-013059\model_weights.pth
INFO:src.utils.logger:It: 25, Loss: 6.734e+02, Loss_res: 2.787e+00,  Loss_bcs: 0.000e+00, Loss_ut_ics: 8.417e-01, Loss_norm: 9.483e-01, Loss_gauge: 0.000e+00, w_pde: 0.00e+00, L^2_error: 1.079e+00, lr: 1.000e-03, Time: 9.62e+01
INFO:src.utils.logger:Model state saved to C:\Users\mateo garcia\Downloads\repo\QPINNs-2026\results\2026-03-02_15-45-36-013059\model.pth
INFO:src.utils.logger:Model weights saved to C:\Users\mateo garcia\Downloads\repo\QPINNs-2026\results\2026-03-02_15-45-36-013059\model_weights.pth
INFO:src.utils.logger:It: 26, Loss: 6.631e+02, Loss_res: 3.305e+00,  Loss_bcs: 0.000e+00, Loss_ut_ics: 8.289e-01, Loss_norm: 9.472e-01, Loss_gauge: 0.000e+00, w_pde: 0.00e+00, L^2_error: 1.079e+00, lr: 1.000e-03, Time: 9.98e+01
INFO:src.utils.logger:Model state saved to C:\Users\mateo garcia\Downloads\repo\QPINNs-2026\results\2026-03-02_15-45-36-013059\model.pth
INFO:src.utils.logger:Model weights saved to C:\Users\mateo garcia\Downloads\repo\QPINNs-2026\results\2026-03-02_15-45-36-013059\model_weights.pth
INFO:src.utils.logger:It: 27, Loss: 6.521e+02, Loss_res: 3.524e+00,  Loss_bcs: 0.000e+00, Loss_ut_ics: 8.152e-01, Loss_norm: 9.462e-01, Loss_gauge: 0.000e+00, w_pde: 0.00e+00, L^2_error: 1.079e+00, lr: 1.000e-03, Time: 1.03e+02
INFO:src.utils.logger:Model state saved to C:\Users\mateo garcia\Downloads\repo\QPINNs-2026\results\2026-03-02_15-45-36-013059\model.pth
INFO:src.utils.logger:Model weights saved to C:\Users\mateo garcia\Downloads\repo\QPINNs-2026\results\2026-03-02_15-45-36-013059\model_weights.pth
INFO:src.utils.logger:It: 28, Loss: 6.404e+02, Loss_res: 4.042e+00,  Loss_bcs: 0.000e+00, Loss_ut_ics: 8.005e-01, Loss_norm: 9.452e-01, Loss_gauge: 0.000e+00, w_pde: 0.00e+00, L^2_error: 1.079e+00, lr: 1.000e-03, Time: 1.07e+02
INFO:src.utils.logger:Model state saved to C:\Users\mateo garcia\Downloads\repo\QPINNs-2026\results\2026-03-02_15-45-36-013059\model.pth
INFO:src.utils.logger:Model weights saved to C:\Users\mateo garcia\Downloads\repo\QPINNs-2026\results\2026-03-02_15-45-36-013059\model_weights.pth
INFO:src.utils.logger:It: 29, Loss: 6.280e+02, Loss_res: 4.601e+00,  Loss_bcs: 0.000e+00, Loss_ut_ics: 7.849e-01, Loss_norm: 9.440e-01, Loss_gauge: 0.000e+00, w_pde: 0.00e+00, L^2_error: 1.079e+00, lr: 1.000e-03, Time: 1.11e+02
INFO:src.utils.logger:Model state saved to C:\Users\mateo garcia\Downloads\repo\QPINNs-2026\results\2026-03-02_15-45-36-013059\model.pth
INFO:src.utils.logger:Model weights saved to C:\Users\mateo garcia\Downloads\repo\QPINNs-2026\results\2026-03-02_15-45-36-013059\model_weights.pth
INFO:src.utils.logger:It: 30, Loss: 6.150e+02, Loss_res: 4.860e+00,  Loss_bcs: 0.000e+00, Loss_ut_ics: 7.687e-01, Loss_norm: 9.423e-01, Loss_gauge: 0.000e+00, w_pde: 0.00e+00, L^2_error: 1.148e+00, lr: 1.000e-03, Time: 1.15e+02
INFO:src.utils.logger:Model state saved to C:\Users\mateo garcia\Downloads\repo\QPINNs-2026\results\2026-03-02_15-45-36-013059\model.pth
INFO:src.utils.logger:Model weights saved to C:\Users\mateo garcia\Downloads\repo\QPINNs-2026\results\2026-03-02_15-45-36-013059\model_weights.pth
INFO:src.utils.logger:It: 31, Loss: 6.016e+02, Loss_res: 4.988e+00,  Loss_bcs: 0.000e+00, Loss_ut_ics: 7.520e-01, Loss_norm: 9.400e-01, Loss_gauge: 0.000e+00, w_pde: 0.00e+00, L^2_error: 1.148e+00, lr: 1.000e-03, Time: 1.19e+02
INFO:src.utils.logger:Model state saved to C:\Users\mateo garcia\Downloads\repo\QPINNs-2026\results\2026-03-02_15-45-36-013059\model.pth
INFO:src.utils.logger:Model weights saved to C:\Users\mateo garcia\Downloads\repo\QPINNs-2026\results\2026-03-02_15-45-36-013059\model_weights.pth
INFO:src.utils.logger:It: 32, Loss: 5.878e+02, Loss_res: 6.113e+00,  Loss_bcs: 0.000e+00, Loss_ut_ics: 7.347e-01, Loss_norm: 9.368e-01, Loss_gauge: 0.000e+00, w_pde: 0.00e+00, L^2_error: 1.148e+00, lr: 1.000e-03, Time: 1.22e+02
INFO:src.utils.logger:Model state saved to C:\Users\mateo garcia\Downloads\repo\QPINNs-2026\results\2026-03-02_15-45-36-013059\model.pth
INFO:src.utils.logger:Model weights saved to C:\Users\mateo garcia\Downloads\repo\QPINNs-2026\results\2026-03-02_15-45-36-013059\model_weights.pth
INFO:src.utils.logger:It: 33, Loss: 5.736e+02, Loss_res: 6.532e+00,  Loss_bcs: 0.000e+00, Loss_ut_ics: 7.170e-01, Loss_norm: 9.327e-01, Loss_gauge: 0.000e+00, w_pde: 0.00e+00, L^2_error: 1.148e+00, lr: 1.000e-03, Time: 1.26e+02
INFO:src.utils.logger:Model state saved to C:\Users\mateo garcia\Downloads\repo\QPINNs-2026\results\2026-03-02_15-45-36-013059\model.pth
INFO:src.utils.logger:Model weights saved to C:\Users\mateo garcia\Downloads\repo\QPINNs-2026\results\2026-03-02_15-45-36-013059\model_weights.pth
INFO:src.utils.logger:It: 34, Loss: 5.592e+02, Loss_res: 7.132e+00,  Loss_bcs: 0.000e+00, Loss_ut_ics: 6.990e-01, Loss_norm: 9.275e-01, Loss_gauge: 0.000e+00, w_pde: 0.00e+00, L^2_error: 1.148e+00, lr: 1.000e-03, Time: 1.30e+02
INFO:src.utils.logger:Model state saved to C:\Users\mateo garcia\Downloads\repo\QPINNs-2026\results\2026-03-02_15-45-36-013059\model.pth
INFO:src.utils.logger:Model weights saved to C:\Users\mateo garcia\Downloads\repo\QPINNs-2026\results\2026-03-02_15-45-36-013059\model_weights.pth
INFO:src.utils.logger:It: 35, Loss: 5.444e+02, Loss_res: 7.620e+00,  Loss_bcs: 0.000e+00, Loss_ut_ics: 6.805e-01, Loss_norm: 9.212e-01, Loss_gauge: 0.000e+00, w_pde: 0.00e+00, L^2_error: 1.148e+00, lr: 1.000e-03, Time: 1.34e+02
INFO:src.utils.logger:Model state saved to C:\Users\mateo garcia\Downloads\repo\QPINNs-2026\results\2026-03-02_15-45-36-013059\model.pth
INFO:src.utils.logger:Model weights saved to C:\Users\mateo garcia\Downloads\repo\QPINNs-2026\results\2026-03-02_15-45-36-013059\model_weights.pth
INFO:src.utils.logger:It: 36, Loss: 5.293e+02, Loss_res: 9.164e+00,  Loss_bcs: 0.000e+00, Loss_ut_ics: 6.616e-01, Loss_norm: 9.137e-01, Loss_gauge: 0.000e+00, w_pde: 0.00e+00, L^2_error: 1.148e+00, lr: 1.000e-03, Time: 1.37e+02
INFO:src.utils.logger:Model state saved to C:\Users\mateo garcia\Downloads\repo\QPINNs-2026\results\2026-03-02_15-45-36-013059\model.pth
INFO:src.utils.logger:Model weights saved to C:\Users\mateo garcia\Downloads\repo\QPINNs-2026\results\2026-03-02_15-45-36-013059\model_weights.pth
INFO:src.utils.logger:It: 37, Loss: 5.139e+02, Loss_res: 1.019e+01,  Loss_bcs: 0.000e+00, Loss_ut_ics: 6.423e-01, Loss_norm: 9.050e-01, Loss_gauge: 0.000e+00, w_pde: 0.00e+00, L^2_error: 1.148e+00, lr: 1.000e-03, Time: 1.41e+02
INFO:src.utils.logger:Model state saved to C:\Users\mateo garcia\Downloads\repo\QPINNs-2026\results\2026-03-02_15-45-36-013059\model.pth
INFO:src.utils.logger:Model weights saved to C:\Users\mateo garcia\Downloads\repo\QPINNs-2026\results\2026-03-02_15-45-36-013059\model_weights.pth
INFO:src.utils.logger:It: 38, Loss: 4.981e+02, Loss_res: 1.115e+01,  Loss_bcs: 0.000e+00, Loss_ut_ics: 6.226e-01, Loss_norm: 8.951e-01, Loss_gauge: 0.000e+00, w_pde: 0.00e+00, L^2_error: 1.148e+00, lr: 1.000e-03, Time: 1.45e+02
INFO:src.utils.logger:Model state saved to C:\Users\mateo garcia\Downloads\repo\QPINNs-2026\results\2026-03-02_15-45-36-013059\model.pth
INFO:src.utils.logger:Model weights saved to C:\Users\mateo garcia\Downloads\repo\QPINNs-2026\results\2026-03-02_15-45-36-013059\model_weights.pth
INFO:src.utils.logger:It: 39, Loss: 4.819e+02, Loss_res: 1.225e+01,  Loss_bcs: 0.000e+00, Loss_ut_ics: 6.024e-01, Loss_norm: 8.841e-01, Loss_gauge: 0.000e+00, w_pde: 0.00e+00, L^2_error: 1.148e+00, lr: 1.000e-03, Time: 1.48e+02
INFO:src.utils.logger:Model state saved to C:\Users\mateo garcia\Downloads\repo\QPINNs-2026\results\2026-03-02_15-45-36-013059\model.pth
INFO:src.utils.logger:Model weights saved to C:\Users\mateo garcia\Downloads\repo\QPINNs-2026\results\2026-03-02_15-45-36-013059\model_weights.pth
INFO:src.utils.logger:It: 40, Loss: 4.654e+02, Loss_res: 1.406e+01,  Loss_bcs: 0.000e+00, Loss_ut_ics: 5.818e-01, Loss_norm: 8.718e-01, Loss_gauge: 0.000e+00, w_pde: 0.00e+00, L^2_error: 1.262e+00, lr: 1.000e-03, Time: 1.52e+02
INFO:src.utils.logger:Model state saved to C:\Users\mateo garcia\Downloads\repo\QPINNs-2026\results\2026-03-02_15-45-36-013059\model.pth
INFO:src.utils.logger:Model weights saved to C:\Users\mateo garcia\Downloads\repo\QPINNs-2026\results\2026-03-02_15-45-36-013059\model_weights.pth
INFO:src.utils.logger:It: 41, Loss: 4.486e+02, Loss_res: 1.599e+01,  Loss_bcs: 0.000e+00, Loss_ut_ics: 5.607e-01, Loss_norm: 8.585e-01, Loss_gauge: 0.000e+00, w_pde: 0.00e+00, L^2_error: 1.262e+00, lr: 1.000e-03, Time: 1.56e+02
INFO:src.utils.logger:Model state saved to C:\Users\mateo garcia\Downloads\repo\QPINNs-2026\results\2026-03-02_15-45-36-013059\model.pth
INFO:src.utils.logger:Model weights saved to C:\Users\mateo garcia\Downloads\repo\QPINNs-2026\results\2026-03-02_15-45-36-013059\model_weights.pth
INFO:src.utils.logger:It: 42, Loss: 4.314e+02, Loss_res: 1.780e+01,  Loss_bcs: 0.000e+00, Loss_ut_ics: 5.393e-01, Loss_norm: 8.440e-01, Loss_gauge: 0.000e+00, w_pde: 0.00e+00, L^2_error: 1.262e+00, lr: 1.000e-03, Time: 1.60e+02
INFO:src.utils.logger:Model state saved to C:\Users\mateo garcia\Downloads\repo\QPINNs-2026\results\2026-03-02_15-45-36-013059\model.pth
INFO:src.utils.logger:Model weights saved to C:\Users\mateo garcia\Downloads\repo\QPINNs-2026\results\2026-03-02_15-45-36-013059\model_weights.pth
INFO:src.utils.logger:It: 43, Loss: 4.140e+02, Loss_res: 2.034e+01,  Loss_bcs: 0.000e+00, Loss_ut_ics: 5.176e-01, Loss_norm: 8.285e-01, Loss_gauge: 0.000e+00, w_pde: 0.00e+00, L^2_error: 1.262e+00, lr: 1.000e-03, Time: 1.63e+02
INFO:src.utils.logger:Model state saved to C:\Users\mateo garcia\Downloads\repo\QPINNs-2026\results\2026-03-02_15-45-36-013059\model.pth
INFO:src.utils.logger:Model weights saved to C:\Users\mateo garcia\Downloads\repo\QPINNs-2026\results\2026-03-02_15-45-36-013059\model_weights.pth
INFO:src.utils.logger:It: 44, Loss: 3.964e+02, Loss_res: 2.222e+01,  Loss_bcs: 0.000e+00, Loss_ut_ics: 4.955e-01, Loss_norm: 8.119e-01, Loss_gauge: 0.000e+00, w_pde: 0.00e+00, L^2_error: 1.262e+00, lr: 1.000e-03, Time: 1.67e+02
INFO:src.utils.logger:Model state saved to C:\Users\mateo garcia\Downloads\repo\QPINNs-2026\results\2026-03-02_15-45-36-013059\model.pth
INFO:src.utils.logger:Model weights saved to C:\Users\mateo garcia\Downloads\repo\QPINNs-2026\results\2026-03-02_15-45-36-013059\model_weights.pth
INFO:src.utils.logger:It: 45, Loss: 3.786e+02, Loss_res: 2.456e+01,  Loss_bcs: 0.000e+00, Loss_ut_ics: 4.733e-01, Loss_norm: 7.944e-01, Loss_gauge: 0.000e+00, w_pde: 0.00e+00, L^2_error: 1.262e+00, lr: 1.000e-03, Time: 1.71e+02
INFO:src.utils.logger:Model state saved to C:\Users\mateo garcia\Downloads\repo\QPINNs-2026\results\2026-03-02_15-45-36-013059\model.pth
INFO:src.utils.logger:Model weights saved to C:\Users\mateo garcia\Downloads\repo\QPINNs-2026\results\2026-03-02_15-45-36-013059\model_weights.pth
INFO:src.utils.logger:It: 46, Loss: 3.607e+02, Loss_res: 2.520e+01,  Loss_bcs: 0.000e+00, Loss_ut_ics: 4.509e-01, Loss_norm: 7.759e-01, Loss_gauge: 0.000e+00, w_pde: 0.00e+00, L^2_error: 1.262e+00, lr: 1.000e-03, Time: 1.74e+02
INFO:src.utils.logger:Model state saved to C:\Users\mateo garcia\Downloads\repo\QPINNs-2026\results\2026-03-02_15-45-36-013059\model.pth
INFO:src.utils.logger:Model weights saved to C:\Users\mateo garcia\Downloads\repo\QPINNs-2026\results\2026-03-02_15-45-36-013059\model_weights.pth
INFO:src.utils.logger:It: 47, Loss: 3.427e+02, Loss_res: 2.944e+01,  Loss_bcs: 0.000e+00, Loss_ut_ics: 4.284e-01, Loss_norm: 7.565e-01, Loss_gauge: 0.000e+00, w_pde: 0.00e+00, L^2_error: 1.262e+00, lr: 1.000e-03, Time: 1.78e+02
INFO:src.utils.logger:Model state saved to C:\Users\mateo garcia\Downloads\repo\QPINNs-2026\results\2026-03-02_15-45-36-013059\model.pth
INFO:src.utils.logger:Model weights saved to C:\Users\mateo garcia\Downloads\repo\QPINNs-2026\results\2026-03-02_15-45-36-013059\model_weights.pth
INFO:src.utils.logger:It: 48, Loss: 3.247e+02, Loss_res: 3.215e+01,  Loss_bcs: 0.000e+00, Loss_ut_ics: 4.059e-01, Loss_norm: 7.361e-01, Loss_gauge: 0.000e+00, w_pde: 0.00e+00, L^2_error: 1.262e+00, lr: 1.000e-03, Time: 1.82e+02
INFO:src.utils.logger:Model state saved to C:\Users\mateo garcia\Downloads\repo\QPINNs-2026\results\2026-03-02_15-45-36-013059\model.pth
INFO:src.utils.logger:Model weights saved to C:\Users\mateo garcia\Downloads\repo\QPINNs-2026\results\2026-03-02_15-45-36-013059\model_weights.pth
INFO:src.utils.logger:It: 49, Loss: 3.068e+02, Loss_res: 3.457e+01,  Loss_bcs: 0.000e+00, Loss_ut_ics: 3.835e-01, Loss_norm: 7.146e-01, Loss_gauge: 0.000e+00, w_pde: 0.00e+00, L^2_error: 1.262e+00, lr: 1.000e-03, Time: 1.85e+02
INFO:src.utils.logger:Model state saved to C:\Users\mateo garcia\Downloads\repo\QPINNs-2026\results\2026-03-02_15-45-36-013059\model.pth
INFO:src.utils.logger:Model weights saved to C:\Users\mateo garcia\Downloads\repo\QPINNs-2026\results\2026-03-02_15-45-36-013059\model_weights.pth
INFO:src.utils.logger:It: 50, Loss: 2.890e+02, Loss_res: 3.966e+01,  Loss_bcs: 0.000e+00, Loss_ut_ics: 3.612e-01, Loss_norm: 6.921e-01, Loss_gauge: 0.000e+00, w_pde: 0.00e+00, L^2_error: 1.424e+00, lr: 1.000e-03, Time: 1.89e+02
INFO:src.utils.logger:Model state saved to C:\Users\mateo garcia\Downloads\repo\QPINNs-2026\results\2026-03-02_15-45-36-013059\model.pth
INFO:src.utils.logger:Model weights saved to C:\Users\mateo garcia\Downloads\repo\QPINNs-2026\results\2026-03-02_15-45-36-013059\model_weights.pth
INFO:src.utils.logger:It: 51, Loss: 2.714e+02, Loss_res: 4.325e+01,  Loss_bcs: 0.000e+00, Loss_ut_ics: 3.392e-01, Loss_norm: 6.684e-01, Loss_gauge: 0.000e+00, w_pde: 0.00e+00, L^2_error: 1.424e+00, lr: 1.000e-03, Time: 1.93e+02
INFO:src.utils.logger:Model state saved to C:\Users\mateo garcia\Downloads\repo\QPINNs-2026\results\2026-03-02_15-45-36-013059\model.pth
INFO:src.utils.logger:Model weights saved to C:\Users\mateo garcia\Downloads\repo\QPINNs-2026\results\2026-03-02_15-45-36-013059\model_weights.pth
INFO:src.utils.logger:It: 52, Loss: 2.541e+02, Loss_res: 4.700e+01,  Loss_bcs: 0.000e+00, Loss_ut_ics: 3.176e-01, Loss_norm: 6.436e-01, Loss_gauge: 0.000e+00, w_pde: 0.00e+00, L^2_error: 1.424e+00, lr: 1.000e-03, Time: 1.97e+02
INFO:src.utils.logger:Model state saved to C:\Users\mateo garcia\Downloads\repo\QPINNs-2026\results\2026-03-02_15-45-36-013059\model.pth
INFO:src.utils.logger:Model weights saved to C:\Users\mateo garcia\Downloads\repo\QPINNs-2026\results\2026-03-02_15-45-36-013059\model_weights.pth
INFO:src.utils.logger:It: 53, Loss: 2.370e+02, Loss_res: 5.187e+01,  Loss_bcs: 0.000e+00, Loss_ut_ics: 2.963e-01, Loss_norm: 6.175e-01, Loss_gauge: 0.000e+00, w_pde: 0.00e+00, L^2_error: 1.424e+00, lr: 1.000e-03, Time: 2.01e+02
INFO:src.utils.logger:Model state saved to C:\Users\mateo garcia\Downloads\repo\QPINNs-2026\results\2026-03-02_15-45-36-013059\model.pth
INFO:src.utils.logger:Model weights saved to C:\Users\mateo garcia\Downloads\repo\QPINNs-2026\results\2026-03-02_15-45-36-013059\model_weights.pth
INFO:src.utils.logger:It: 54, Loss: 2.204e+02, Loss_res: 5.470e+01,  Loss_bcs: 0.000e+00, Loss_ut_ics: 2.755e-01, Loss_norm: 5.903e-01, Loss_gauge: 0.000e+00, w_pde: 0.00e+00, L^2_error: 1.424e+00, lr: 1.000e-03, Time: 2.04e+02
INFO:src.utils.logger:Model state saved to C:\Users\mateo garcia\Downloads\repo\QPINNs-2026\results\2026-03-02_15-45-36-013059\model.pth
INFO:src.utils.logger:Model weights saved to C:\Users\mateo garcia\Downloads\repo\QPINNs-2026\results\2026-03-02_15-45-36-013059\model_weights.pth
INFO:src.utils.logger:It: 55, Loss: 2.042e+02, Loss_res: 6.152e+01,  Loss_bcs: 0.000e+00, Loss_ut_ics: 2.552e-01, Loss_norm: 5.620e-01, Loss_gauge: 0.000e+00, w_pde: 0.00e+00, L^2_error: 1.424e+00, lr: 1.000e-03, Time: 2.08e+02
INFO:src.utils.logger:Model state saved to C:\Users\mateo garcia\Downloads\repo\QPINNs-2026\results\2026-03-02_15-45-36-013059\model.pth
INFO:src.utils.logger:Model weights saved to C:\Users\mateo garcia\Downloads\repo\QPINNs-2026\results\2026-03-02_15-45-36-013059\model_weights.pth
INFO:src.utils.logger:It: 56, Loss: 1.884e+02, Loss_res: 6.515e+01,  Loss_bcs: 0.000e+00, Loss_ut_ics: 2.355e-01, Loss_norm: 5.326e-01, Loss_gauge: 0.000e+00, w_pde: 0.00e+00, L^2_error: 1.424e+00, lr: 1.000e-03, Time: 2.12e+02
INFO:src.utils.logger:Model state saved to C:\Users\mateo garcia\Downloads\repo\QPINNs-2026\results\2026-03-02_15-45-36-013059\model.pth
INFO:src.utils.logger:Model weights saved to C:\Users\mateo garcia\Downloads\repo\QPINNs-2026\results\2026-03-02_15-45-36-013059\model_weights.pth
INFO:src.utils.logger:It: 57, Loss: 1.732e+02, Loss_res: 7.112e+01,  Loss_bcs: 0.000e+00, Loss_ut_ics: 2.165e-01, Loss_norm: 5.024e-01, Loss_gauge: 0.000e+00, w_pde: 0.00e+00, L^2_error: 1.424e+00, lr: 1.000e-03, Time: 2.15e+02
INFO:src.utils.logger:Model state saved to C:\Users\mateo garcia\Downloads\repo\QPINNs-2026\results\2026-03-02_15-45-36-013059\model.pth
INFO:src.utils.logger:Model weights saved to C:\Users\mateo garcia\Downloads\repo\QPINNs-2026\results\2026-03-02_15-45-36-013059\model_weights.pth
INFO:src.utils.logger:It: 58, Loss: 1.585e+02, Loss_res: 7.308e+01,  Loss_bcs: 0.000e+00, Loss_ut_ics: 1.981e-01, Loss_norm: 4.714e-01, Loss_gauge: 0.000e+00, w_pde: 0.00e+00, L^2_error: 1.424e+00, lr: 1.000e-03, Time: 2.19e+02
INFO:src.utils.logger:Model state saved to C:\Users\mateo garcia\Downloads\repo\QPINNs-2026\results\2026-03-02_15-45-36-013059\model.pth
INFO:src.utils.logger:Model weights saved to C:\Users\mateo garcia\Downloads\repo\QPINNs-2026\results\2026-03-02_15-45-36-013059\model_weights.pth
INFO:src.utils.logger:It: 59, Loss: 1.444e+02, Loss_res: 7.541e+01,  Loss_bcs: 0.000e+00, Loss_ut_ics: 1.805e-01, Loss_norm: 4.399e-01, Loss_gauge: 0.000e+00, w_pde: 0.00e+00, L^2_error: 1.424e+00, lr: 1.000e-03, Time: 2.23e+02
INFO:src.utils.logger:Model state saved to C:\Users\mateo garcia\Downloads\repo\QPINNs-2026\results\2026-03-02_15-45-36-013059\model.pth
INFO:src.utils.logger:Model weights saved to C:\Users\mateo garcia\Downloads\repo\QPINNs-2026\results\2026-03-02_15-45-36-013059\model_weights.pth
INFO:src.utils.logger:It: 60, Loss: 1.309e+02, Loss_res: 9.356e+01,  Loss_bcs: 0.000e+00, Loss_ut_ics: 1.637e-01, Loss_norm: 4.081e-01, Loss_gauge: 0.000e+00, w_pde: 0.00e+00, L^2_error: 1.620e+00, lr: 1.000e-03, Time: 2.27e+02
INFO:src.utils.logger:Model state saved to C:\Users\mateo garcia\Downloads\repo\QPINNs-2026\results\2026-03-02_15-45-36-013059\model.pth
INFO:src.utils.logger:Model weights saved to C:\Users\mateo garcia\Downloads\repo\QPINNs-2026\results\2026-03-02_15-45-36-013059\model_weights.pth
INFO:src.utils.logger:It: 61, Loss: 1.182e+02, Loss_res: 9.288e+01,  Loss_bcs: 0.000e+00, Loss_ut_ics: 1.477e-01, Loss_norm: 3.763e-01, Loss_gauge: 0.000e+00, w_pde: 0.00e+00, L^2_error: 1.620e+00, lr: 1.000e-03, Time: 2.31e+02
INFO:src.utils.logger:Model state saved to C:\Users\mateo garcia\Downloads\repo\QPINNs-2026\results\2026-03-02_15-45-36-013059\model.pth
INFO:src.utils.logger:Model weights saved to C:\Users\mateo garcia\Downloads\repo\QPINNs-2026\results\2026-03-02_15-45-36-013059\model_weights.pth
INFO:src.utils.logger:It: 62, Loss: 1.061e+02, Loss_res: 1.055e+02,  Loss_bcs: 0.000e+00, Loss_ut_ics: 1.327e-01, Loss_norm: 3.446e-01, Loss_gauge: 0.000e+00, w_pde: 0.00e+00, L^2_error: 1.620e+00, lr: 1.000e-03, Time: 2.34e+02
INFO:src.utils.logger:Model state saved to C:\Users\mateo garcia\Downloads\repo\QPINNs-2026\results\2026-03-02_15-45-36-013059\model.pth
INFO:src.utils.logger:Model weights saved to C:\Users\mateo garcia\Downloads\repo\QPINNs-2026\results\2026-03-02_15-45-36-013059\model_weights.pth
INFO:src.utils.logger:It: 63, Loss: 9.485e+01, Loss_res: 1.134e+02,  Loss_bcs: 0.000e+00, Loss_ut_ics: 1.186e-01, Loss_norm: 3.135e-01, Loss_gauge: 0.000e+00, w_pde: 0.00e+00, L^2_error: 1.620e+00, lr: 1.000e-03, Time: 2.38e+02
INFO:src.utils.logger:Model state saved to C:\Users\mateo garcia\Downloads\repo\QPINNs-2026\results\2026-03-02_15-45-36-013059\model.pth
INFO:src.utils.logger:Model weights saved to C:\Users\mateo garcia\Downloads\repo\QPINNs-2026\results\2026-03-02_15-45-36-013059\model_weights.pth
INFO:src.utils.logger:It: 64, Loss: 8.433e+01, Loss_res: 1.253e+02,  Loss_bcs: 0.000e+00, Loss_ut_ics: 1.054e-01, Loss_norm: 2.831e-01, Loss_gauge: 0.000e+00, w_pde: 0.00e+00, L^2_error: 1.620e+00, lr: 1.000e-03, Time: 2.41e+02
INFO:src.utils.logger:Model state saved to C:\Users\mateo garcia\Downloads\repo\QPINNs-2026\results\2026-03-02_15-45-36-013059\model.pth
INFO:src.utils.logger:Model weights saved to C:\Users\mateo garcia\Downloads\repo\QPINNs-2026\results\2026-03-02_15-45-36-013059\model_weights.pth
INFO:src.utils.logger:It: 65, Loss: 7.457e+01, Loss_res: 1.366e+02,  Loss_bcs: 0.000e+00, Loss_ut_ics: 9.322e-02, Loss_norm: 2.538e-01, Loss_gauge: 0.000e+00, w_pde: 0.00e+00, L^2_error: 1.620e+00, lr: 1.000e-03, Time: 2.45e+02
INFO:src.utils.logger:Model state saved to C:\Users\mateo garcia\Downloads\repo\QPINNs-2026\results\2026-03-02_15-45-36-013059\model.pth
INFO:src.utils.logger:Model weights saved to C:\Users\mateo garcia\Downloads\repo\QPINNs-2026\results\2026-03-02_15-45-36-013059\model_weights.pth
INFO:src.utils.logger:It: 66, Loss: 6.558e+01, Loss_res: 1.358e+02,  Loss_bcs: 0.000e+00, Loss_ut_ics: 8.198e-02, Loss_norm: 2.257e-01, Loss_gauge: 0.000e+00, w_pde: 0.00e+00, L^2_error: 1.620e+00, lr: 1.000e-03, Time: 2.49e+02
INFO:src.utils.logger:Model state saved to C:\Users\mateo garcia\Downloads\repo\QPINNs-2026\results\2026-03-02_15-45-36-013059\model.pth
INFO:src.utils.logger:Model weights saved to C:\Users\mateo garcia\Downloads\repo\QPINNs-2026\results\2026-03-02_15-45-36-013059\model_weights.pth
INFO:src.utils.logger:It: 67, Loss: 5.734e+01, Loss_res: 1.574e+02,  Loss_bcs: 0.000e+00, Loss_ut_ics: 7.168e-02, Loss_norm: 1.990e-01, Loss_gauge: 0.000e+00, w_pde: 0.00e+00, L^2_error: 1.620e+00, lr: 1.000e-03, Time: 2.53e+02
INFO:src.utils.logger:Model state saved to C:\Users\mateo garcia\Downloads\repo\QPINNs-2026\results\2026-03-02_15-45-36-013059\model.pth
INFO:src.utils.logger:Model weights saved to C:\Users\mateo garcia\Downloads\repo\QPINNs-2026\results\2026-03-02_15-45-36-013059\model_weights.pth
INFO:src.utils.logger:It: 68, Loss: 4.986e+01, Loss_res: 1.657e+02,  Loss_bcs: 0.000e+00, Loss_ut_ics: 6.233e-02, Loss_norm: 1.738e-01, Loss_gauge: 0.000e+00, w_pde: 0.00e+00, L^2_error: 1.620e+00, lr: 1.000e-03, Time: 2.57e+02
INFO:src.utils.logger:Model state saved to C:\Users\mateo garcia\Downloads\repo\QPINNs-2026\results\2026-03-02_15-45-36-013059\model.pth
INFO:src.utils.logger:Model weights saved to C:\Users\mateo garcia\Downloads\repo\QPINNs-2026\results\2026-03-02_15-45-36-013059\model_weights.pth
INFO:src.utils.logger:It: 69, Loss: 4.312e+01, Loss_res: 1.762e+02,  Loss_bcs: 0.000e+00, Loss_ut_ics: 5.390e-02, Loss_norm: 1.504e-01, Loss_gauge: 0.000e+00, w_pde: 0.00e+00, L^2_error: 1.620e+00, lr: 1.000e-03, Time: 2.61e+02
INFO:src.utils.logger:Model state saved to C:\Users\mateo garcia\Downloads\repo\QPINNs-2026\results\2026-03-02_15-45-36-013059\model.pth
INFO:src.utils.logger:Model weights saved to C:\Users\mateo garcia\Downloads\repo\QPINNs-2026\results\2026-03-02_15-45-36-013059\model_weights.pth
INFO:src.utils.logger:It: 70, Loss: 3.711e+01, Loss_res: 1.804e+02,  Loss_bcs: 0.000e+00, Loss_ut_ics: 4.639e-02, Loss_norm: 1.286e-01, Loss_gauge: 0.000e+00, w_pde: 0.00e+00, L^2_error: 1.817e+00, lr: 1.000e-03, Time: 2.64e+02
INFO:src.utils.logger:Model state saved to C:\Users\mateo garcia\Downloads\repo\QPINNs-2026\results\2026-03-02_15-45-36-013059\model.pth
INFO:src.utils.logger:Model weights saved to C:\Users\mateo garcia\Downloads\repo\QPINNs-2026\results\2026-03-02_15-45-36-013059\model_weights.pth
INFO:src.utils.logger:It: 71, Loss: 3.181e+01, Loss_res: 2.005e+02,  Loss_bcs: 0.000e+00, Loss_ut_ics: 3.976e-02, Loss_norm: 1.086e-01, Loss_gauge: 0.000e+00, w_pde: 0.00e+00, L^2_error: 1.817e+00, lr: 1.000e-03, Time: 2.68e+02
INFO:src.utils.logger:Model state saved to C:\Users\mateo garcia\Downloads\repo\QPINNs-2026\results\2026-03-02_15-45-36-013059\model.pth
INFO:src.utils.logger:Model weights saved to C:\Users\mateo garcia\Downloads\repo\QPINNs-2026\results\2026-03-02_15-45-36-013059\model_weights.pth
INFO:src.utils.logger:It: 72, Loss: 2.718e+01, Loss_res: 2.035e+02,  Loss_bcs: 0.000e+00, Loss_ut_ics: 3.398e-02, Loss_norm: 9.046e-02, Loss_gauge: 0.000e+00, w_pde: 0.00e+00, L^2_error: 1.817e+00, lr: 1.000e-03, Time: 2.72e+02
INFO:src.utils.logger:Model state saved to C:\Users\mateo garcia\Downloads\repo\QPINNs-2026\results\2026-03-02_15-45-36-013059\model.pth
INFO:src.utils.logger:Model weights saved to C:\Users\mateo garcia\Downloads\repo\QPINNs-2026\results\2026-03-02_15-45-36-013059\model_weights.pth
INFO:src.utils.logger:It: 73, Loss: 2.320e+01, Loss_res: 2.220e+02,  Loss_bcs: 0.000e+00, Loss_ut_ics: 2.900e-02, Loss_norm: 7.410e-02, Loss_gauge: 0.000e+00, w_pde: 0.00e+00, L^2_error: 1.817e+00, lr: 1.000e-03, Time: 2.75e+02
INFO:src.utils.logger:Model state saved to C:\Users\mateo garcia\Downloads\repo\QPINNs-2026\results\2026-03-02_15-45-36-013059\model.pth
INFO:src.utils.logger:Model weights saved to C:\Users\mateo garcia\Downloads\repo\QPINNs-2026\results\2026-03-02_15-45-36-013059\model_weights.pth
INFO:src.utils.logger:It: 74, Loss: 1.981e+01, Loss_res: 2.236e+02,  Loss_bcs: 0.000e+00, Loss_ut_ics: 2.477e-02, Loss_norm: 5.957e-02, Loss_gauge: 0.000e+00, w_pde: 0.00e+00, L^2_error: 1.817e+00, lr: 1.000e-03, Time: 2.79e+02
INFO:src.utils.logger:Model state saved to C:\Users\mateo garcia\Downloads\repo\QPINNs-2026\results\2026-03-02_15-45-36-013059\model.pth
INFO:src.utils.logger:Model weights saved to C:\Users\mateo garcia\Downloads\repo\QPINNs-2026\results\2026-03-02_15-45-36-013059\model_weights.pth
INFO:src.utils.logger:It: 75, Loss: 1.699e+01, Loss_res: 2.385e+02,  Loss_bcs: 0.000e+00, Loss_ut_ics: 2.124e-02, Loss_norm: 4.685e-02, Loss_gauge: 0.000e+00, w_pde: 0.00e+00, L^2_error: 1.817e+00, lr: 1.000e-03, Time: 2.83e+02
INFO:src.utils.logger:Model state saved to C:\Users\mateo garcia\Downloads\repo\QPINNs-2026\results\2026-03-02_15-45-36-013059\model.pth
INFO:src.utils.logger:Model weights saved to C:\Users\mateo garcia\Downloads\repo\QPINNs-2026\results\2026-03-02_15-45-36-013059\model_weights.pth
INFO:src.utils.logger:It: 76, Loss: 1.468e+01, Loss_res: 2.457e+02,  Loss_bcs: 0.000e+00, Loss_ut_ics: 1.836e-02, Loss_norm: 3.593e-02, Loss_gauge: 0.000e+00, w_pde: 0.00e+00, L^2_error: 1.817e+00, lr: 1.000e-03, Time: 2.86e+02
INFO:src.utils.logger:Model state saved to C:\Users\mateo garcia\Downloads\repo\QPINNs-2026\results\2026-03-02_15-45-36-013059\model.pth
INFO:src.utils.logger:Model weights saved to C:\Users\mateo garcia\Downloads\repo\QPINNs-2026\results\2026-03-02_15-45-36-013059\model_weights.pth
INFO:src.utils.logger:It: 77, Loss: 1.285e+01, Loss_res: 2.560e+02,  Loss_bcs: 0.000e+00, Loss_ut_ics: 1.607e-02, Loss_norm: 2.675e-02, Loss_gauge: 0.000e+00, w_pde: 0.00e+00, L^2_error: 1.817e+00, lr: 1.000e-03, Time: 2.90e+02
INFO:src.utils.logger:Model state saved to C:\Users\mateo garcia\Downloads\repo\QPINNs-2026\results\2026-03-02_15-45-36-013059\model.pth
INFO:src.utils.logger:Model weights saved to C:\Users\mateo garcia\Downloads\repo\QPINNs-2026\results\2026-03-02_15-45-36-013059\model_weights.pth
INFO:src.utils.logger:It: 78, Loss: 1.144e+01, Loss_res: 2.709e+02,  Loss_bcs: 0.000e+00, Loss_ut_ics: 1.430e-02, Loss_norm: 1.922e-02, Loss_gauge: 0.000e+00, w_pde: 0.00e+00, L^2_error: 1.817e+00, lr: 1.000e-03, Time: 2.94e+02
INFO:src.utils.logger:Model state saved to C:\Users\mateo garcia\Downloads\repo\QPINNs-2026\results\2026-03-02_15-45-36-013059\model.pth
INFO:src.utils.logger:Model weights saved to C:\Users\mateo garcia\Downloads\repo\QPINNs-2026\results\2026-03-02_15-45-36-013059\model_weights.pth
INFO:src.utils.logger:It: 79, Loss: 1.040e+01, Loss_res: 2.796e+02,  Loss_bcs: 0.000e+00, Loss_ut_ics: 1.300e-02, Loss_norm: 1.323e-02, Loss_gauge: 0.000e+00, w_pde: 0.00e+00, L^2_error: 1.817e+00, lr: 1.000e-03, Time: 2.98e+02
INFO:src.utils.logger:Model state saved to C:\Users\mateo garcia\Downloads\repo\QPINNs-2026\results\2026-03-02_15-45-36-013059\model.pth
INFO:src.utils.logger:Model weights saved to C:\Users\mateo garcia\Downloads\repo\QPINNs-2026\results\2026-03-02_15-45-36-013059\model_weights.pth
INFO:src.utils.logger:It: 80, Loss: 9.670e+00, Loss_res: 2.848e+02,  Loss_bcs: 0.000e+00, Loss_ut_ics: 1.209e-02, Loss_norm: 8.615e-03, Loss_gauge: 0.000e+00, w_pde: 0.00e+00, L^2_error: 1.961e+00, lr: 1.000e-03, Time: 3.01e+02
INFO:src.utils.logger:Model state saved to C:\Users\mateo garcia\Downloads\repo\QPINNs-2026\results\2026-03-02_15-45-36-013059\model.pth
INFO:src.utils.logger:Model weights saved to C:\Users\mateo garcia\Downloads\repo\QPINNs-2026\results\2026-03-02_15-45-36-013059\model_weights.pth
INFO:src.utils.logger:It: 81, Loss: 9.197e+00, Loss_res: 2.923e+02,  Loss_bcs: 0.000e+00, Loss_ut_ics: 1.150e-02, Loss_norm: 5.207e-03, Loss_gauge: 0.000e+00, w_pde: 0.00e+00, L^2_error: 1.961e+00, lr: 1.000e-03, Time: 3.05e+02
INFO:src.utils.logger:Model state saved to C:\Users\mateo garcia\Downloads\repo\QPINNs-2026\results\2026-03-02_15-45-36-013059\model.pth
INFO:src.utils.logger:Model weights saved to C:\Users\mateo garcia\Downloads\repo\QPINNs-2026\results\2026-03-02_15-45-36-013059\model_weights.pth
INFO:src.utils.logger:It: 82, Loss: 8.936e+00, Loss_res: 2.956e+02,  Loss_bcs: 0.000e+00, Loss_ut_ics: 1.117e-02, Loss_norm: 2.817e-03, Loss_gauge: 0.000e+00, w_pde: 0.00e+00, L^2_error: 1.961e+00, lr: 1.000e-03, Time: 3.09e+02
INFO:src.utils.logger:Model state saved to C:\Users\mateo garcia\Downloads\repo\QPINNs-2026\results\2026-03-02_15-45-36-013059\model.pth
INFO:src.utils.logger:Model weights saved to C:\Users\mateo garcia\Downloads\repo\QPINNs-2026\results\2026-03-02_15-45-36-013059\model_weights.pth
INFO:src.utils.logger:It: 83, Loss: 8.842e+00, Loss_res: 3.038e+02,  Loss_bcs: 0.000e+00, Loss_ut_ics: 1.105e-02, Loss_norm: 1.264e-03, Loss_gauge: 0.000e+00, w_pde: 0.00e+00, L^2_error: 1.961e+00, lr: 1.000e-03, Time: 3.13e+02
INFO:src.utils.logger:Model state saved to C:\Users\mateo garcia\Downloads\repo\QPINNs-2026\results\2026-03-02_15-45-36-013059\model.pth
INFO:src.utils.logger:Model weights saved to C:\Users\mateo garcia\Downloads\repo\QPINNs-2026\results\2026-03-02_15-45-36-013059\model_weights.pth
INFO:src.utils.logger:It: 84, Loss: 8.874e+00, Loss_res: 3.176e+02,  Loss_bcs: 0.000e+00, Loss_ut_ics: 1.109e-02, Loss_norm: 3.833e-04, Loss_gauge: 0.000e+00, w_pde: 0.00e+00, L^2_error: 1.961e+00, lr: 1.000e-03, Time: 3.17e+02
INFO:src.utils.logger:Model state saved to C:\Users\mateo garcia\Downloads\repo\QPINNs-2026\results\2026-03-02_15-45-36-013059\model.pth
INFO:src.utils.logger:Model weights saved to C:\Users\mateo garcia\Downloads\repo\QPINNs-2026\results\2026-03-02_15-45-36-013059\model_weights.pth
INFO:src.utils.logger:It: 85, Loss: 8.990e+00, Loss_res: 3.233e+02,  Loss_bcs: 0.000e+00, Loss_ut_ics: 1.124e-02, Loss_norm: 2.587e-05, Loss_gauge: 0.000e+00, w_pde: 0.00e+00, L^2_error: 1.961e+00, lr: 1.000e-03, Time: 3.20e+02
INFO:src.utils.logger:Model state saved to C:\Users\mateo garcia\Downloads\repo\QPINNs-2026\results\2026-03-02_15-45-36-013059\model.pth
INFO:src.utils.logger:Model weights saved to C:\Users\mateo garcia\Downloads\repo\QPINNs-2026\results\2026-03-02_15-45-36-013059\model_weights.pth
INFO:src.utils.logger:It: 86, Loss: 9.155e+00, Loss_res: 3.301e+02,  Loss_bcs: 0.000e+00, Loss_ut_ics: 1.144e-02, Loss_norm: 6.325e-05, Loss_gauge: 0.000e+00, w_pde: 0.00e+00, L^2_error: 1.961e+00, lr: 1.000e-03, Time: 3.24e+02
INFO:src.utils.logger:Model state saved to C:\Users\mateo garcia\Downloads\repo\QPINNs-2026\results\2026-03-02_15-45-36-013059\model.pth
INFO:src.utils.logger:Model weights saved to C:\Users\mateo garcia\Downloads\repo\QPINNs-2026\results\2026-03-02_15-45-36-013059\model_weights.pth
INFO:src.utils.logger:It: 87, Loss: 9.341e+00, Loss_res: 3.513e+02,  Loss_bcs: 0.000e+00, Loss_ut_ics: 1.168e-02, Loss_norm: 3.824e-04, Loss_gauge: 0.000e+00, w_pde: 0.00e+00, L^2_error: 1.961e+00, lr: 1.000e-03, Time: 3.28e+02
INFO:src.utils.logger:Model state saved to C:\Users\mateo garcia\Downloads\repo\QPINNs-2026\results\2026-03-02_15-45-36-013059\model.pth
INFO:src.utils.logger:Model weights saved to C:\Users\mateo garcia\Downloads\repo\QPINNs-2026\results\2026-03-02_15-45-36-013059\model_weights.pth
INFO:src.utils.logger:It: 88, Loss: 9.523e+00, Loss_res: 3.578e+02,  Loss_bcs: 0.000e+00, Loss_ut_ics: 1.190e-02, Loss_norm: 8.825e-04, Loss_gauge: 0.000e+00, w_pde: 0.00e+00, L^2_error: 1.961e+00, lr: 1.000e-03, Time: 3.31e+02
INFO:src.utils.logger:Model state saved to C:\Users\mateo garcia\Downloads\repo\QPINNs-2026\results\2026-03-02_15-45-36-013059\model.pth
INFO:src.utils.logger:Model weights saved to C:\Users\mateo garcia\Downloads\repo\QPINNs-2026\results\2026-03-02_15-45-36-013059\model_weights.pth
INFO:src.utils.logger:It: 89, Loss: 9.685e+00, Loss_res: 3.611e+02,  Loss_bcs: 0.000e+00, Loss_ut_ics: 1.211e-02, Loss_norm: 1.473e-03, Loss_gauge: 0.000e+00, w_pde: 0.00e+00, L^2_error: 1.961e+00, lr: 1.000e-03, Time: 3.35e+02
INFO:src.utils.logger:Model state saved to C:\Users\mateo garcia\Downloads\repo\QPINNs-2026\results\2026-03-02_15-45-36-013059\model.pth
INFO:src.utils.logger:Model weights saved to C:\Users\mateo garcia\Downloads\repo\QPINNs-2026\results\2026-03-02_15-45-36-013059\model_weights.pth
INFO:src.utils.logger:It: 90, Loss: 9.814e+00, Loss_res: 3.406e+02,  Loss_bcs: 0.000e+00, Loss_ut_ics: 1.227e-02, Loss_norm: 2.075e-03, Loss_gauge: 0.000e+00, w_pde: 0.00e+00, L^2_error: 2.023e+00, lr: 1.000e-03, Time: 3.39e+02
INFO:src.utils.logger:Model state saved to C:\Users\mateo garcia\Downloads\repo\QPINNs-2026\results\2026-03-02_15-45-36-013059\model.pth
INFO:src.utils.logger:Model weights saved to C:\Users\mateo garcia\Downloads\repo\QPINNs-2026\results\2026-03-02_15-45-36-013059\model_weights.pth
INFO:src.utils.logger:It: 91, Loss: 9.899e+00, Loss_res: 3.401e+02,  Loss_bcs: 0.000e+00, Loss_ut_ics: 1.237e-02, Loss_norm: 2.622e-03, Loss_gauge: 0.000e+00, w_pde: 0.00e+00, L^2_error: 2.023e+00, lr: 1.000e-03, Time: 3.43e+02
INFO:src.utils.logger:Model state saved to C:\Users\mateo garcia\Downloads\repo\QPINNs-2026\results\2026-03-02_15-45-36-013059\model.pth
INFO:src.utils.logger:Model weights saved to C:\Users\mateo garcia\Downloads\repo\QPINNs-2026\results\2026-03-02_15-45-36-013059\model_weights.pth
INFO:src.utils.logger:It: 92, Loss: 9.933e+00, Loss_res: 3.605e+02,  Loss_bcs: 0.000e+00, Loss_ut_ics: 1.242e-02, Loss_norm: 3.066e-03, Loss_gauge: 0.000e+00, w_pde: 0.00e+00, L^2_error: 2.023e+00, lr: 1.000e-03, Time: 3.46e+02
INFO:src.utils.logger:Model state saved to C:\Users\mateo garcia\Downloads\repo\QPINNs-2026\results\2026-03-02_15-45-36-013059\model.pth
INFO:src.utils.logger:Model weights saved to C:\Users\mateo garcia\Downloads\repo\QPINNs-2026\results\2026-03-02_15-45-36-013059\model_weights.pth
INFO:src.utils.logger:It: 93, Loss: 9.915e+00, Loss_res: 3.600e+02,  Loss_bcs: 0.000e+00, Loss_ut_ics: 1.239e-02, Loss_norm: 3.378e-03, Loss_gauge: 0.000e+00, w_pde: 0.00e+00, L^2_error: 2.023e+00, lr: 1.000e-03, Time: 3.50e+02
INFO:src.utils.logger:Model state saved to C:\Users\mateo garcia\Downloads\repo\QPINNs-2026\results\2026-03-02_15-45-36-013059\model.pth
INFO:src.utils.logger:Model weights saved to C:\Users\mateo garcia\Downloads\repo\QPINNs-2026\results\2026-03-02_15-45-36-013059\model_weights.pth
INFO:src.utils.logger:It: 94, Loss: 9.845e+00, Loss_res: 3.518e+02,  Loss_bcs: 0.000e+00, Loss_ut_ics: 1.231e-02, Loss_norm: 3.550e-03, Loss_gauge: 0.000e+00, w_pde: 0.00e+00, L^2_error: 2.023e+00, lr: 1.000e-03, Time: 3.54e+02
INFO:src.utils.logger:Model state saved to C:\Users\mateo garcia\Downloads\repo\QPINNs-2026\results\2026-03-02_15-45-36-013059\model.pth
INFO:src.utils.logger:Model weights saved to C:\Users\mateo garcia\Downloads\repo\QPINNs-2026\results\2026-03-02_15-45-36-013059\model_weights.pth
INFO:src.utils.logger:It: 95, Loss: 9.727e+00, Loss_res: 3.267e+02,  Loss_bcs: 0.000e+00, Loss_ut_ics: 1.216e-02, Loss_norm: 3.588e-03, Loss_gauge: 0.000e+00, w_pde: 0.00e+00, L^2_error: 2.023e+00, lr: 1.000e-03, Time: 3.57e+02
INFO:src.utils.logger:Model state saved to C:\Users\mateo garcia\Downloads\repo\QPINNs-2026\results\2026-03-02_15-45-36-013059\model.pth
INFO:src.utils.logger:Model weights saved to C:\Users\mateo garcia\Downloads\repo\QPINNs-2026\results\2026-03-02_15-45-36-013059\model_weights.pth
INFO:src.utils.logger:It: 96, Loss: 9.568e+00, Loss_res: 3.477e+02,  Loss_bcs: 0.000e+00, Loss_ut_ics: 1.196e-02, Loss_norm: 3.506e-03, Loss_gauge: 0.000e+00, w_pde: 0.00e+00, L^2_error: 2.023e+00, lr: 1.000e-03, Time: 3.61e+02
INFO:src.utils.logger:Model state saved to C:\Users\mateo garcia\Downloads\repo\QPINNs-2026\results\2026-03-02_15-45-36-013059\model.pth
INFO:src.utils.logger:Model weights saved to C:\Users\mateo garcia\Downloads\repo\QPINNs-2026\results\2026-03-02_15-45-36-013059\model_weights.pth
INFO:src.utils.logger:It: 97, Loss: 9.371e+00, Loss_res: 3.513e+02,  Loss_bcs: 0.000e+00, Loss_ut_ics: 1.171e-02, Loss_norm: 3.327e-03, Loss_gauge: 0.000e+00, w_pde: 0.00e+00, L^2_error: 2.023e+00, lr: 1.000e-03, Time: 3.65e+02
INFO:src.utils.logger:Model state saved to C:\Users\mateo garcia\Downloads\repo\QPINNs-2026\results\2026-03-02_15-45-36-013059\model.pth
INFO:src.utils.logger:Model weights saved to C:\Users\mateo garcia\Downloads\repo\QPINNs-2026\results\2026-03-02_15-45-36-013059\model_weights.pth
INFO:src.utils.logger:It: 98, Loss: 9.144e+00, Loss_res: 3.493e+02,  Loss_bcs: 0.000e+00, Loss_ut_ics: 1.143e-02, Loss_norm: 3.071e-03, Loss_gauge: 0.000e+00, w_pde: 0.00e+00, L^2_error: 2.023e+00, lr: 1.000e-03, Time: 3.69e+02
INFO:src.utils.logger:Model state saved to C:\Users\mateo garcia\Downloads\repo\QPINNs-2026\results\2026-03-02_15-45-36-013059\model.pth
INFO:src.utils.logger:Model weights saved to C:\Users\mateo garcia\Downloads\repo\QPINNs-2026\results\2026-03-02_15-45-36-013059\model_weights.pth
INFO:src.utils.logger:It: 99, Loss: 8.892e+00, Loss_res: 3.516e+02,  Loss_bcs: 0.000e+00, Loss_ut_ics: 1.112e-02, Loss_norm: 2.758e-03, Loss_gauge: 0.000e+00, w_pde: 0.00e+00, L^2_error: 2.023e+00, lr: 1.000e-03, Time: 3.73e+02
INFO:src.utils.logger:Model state saved to C:\Users\mateo garcia\Downloads\repo\QPINNs-2026\results\2026-03-02_15-45-36-013059\model.pth
INFO:src.utils.logger:Model weights saved to C:\Users\mateo garcia\Downloads\repo\QPINNs-2026\results\2026-03-02_15-45-36-013059\model_weights.pth
INFO:src.utils.logger:It: 100, Loss: 8.623e+00, Loss_res: 3.559e+02,  Loss_bcs: 0.000e+00, Loss_ut_ics: 1.078e-02, Loss_norm: 2.405e-03, Loss_gauge: 0.000e+00, w_pde: 0.00e+00, L^2_error: 2.020e+00, lr: 1.000e-03, Time: 3.76e+02
INFO:src.utils.logger:Model state saved to C:\Users\mateo garcia\Downloads\repo\QPINNs-2026\results\2026-03-02_15-45-36-013059\model.pth
INFO:src.utils.logger:Model weights saved to C:\Users\mateo garcia\Downloads\repo\QPINNs-2026\results\2026-03-02_15-45-36-013059\model_weights.pth
INFO:src.utils.logger:It: 101, Loss: 8.345e+00, Loss_res: 3.504e+02,  Loss_bcs: 0.000e+00, Loss_ut_ics: 1.043e-02, Loss_norm: 2.029e-03, Loss_gauge: 0.000e+00, w_pde: 0.00e+00, L^2_error: 2.020e+00, lr: 1.000e-03, Time: 3.80e+02
INFO:src.utils.logger:Model state saved to C:\Users\mateo garcia\Downloads\repo\QPINNs-2026\results\2026-03-02_15-45-36-013059\model.pth
INFO:src.utils.logger:Model weights saved to C:\Users\mateo garcia\Downloads\repo\QPINNs-2026\results\2026-03-02_15-45-36-013059\model_weights.pth
INFO:src.utils.logger:It: 102, Loss: 8.062e+00, Loss_res: 3.258e+02,  Loss_bcs: 0.000e+00, Loss_ut_ics: 1.008e-02, Loss_norm: 1.646e-03, Loss_gauge: 0.000e+00, w_pde: 0.00e+00, L^2_error: 2.020e+00, lr: 1.000e-03, Time: 3.84e+02
INFO:src.utils.logger:Model state saved to C:\Users\mateo garcia\Downloads\repo\QPINNs-2026\results\2026-03-02_15-45-36-013059\model.pth
INFO:src.utils.logger:Model weights saved to C:\Users\mateo garcia\Downloads\repo\QPINNs-2026\results\2026-03-02_15-45-36-013059\model_weights.pth
INFO:src.utils.logger:It: 103, Loss: 7.781e+00, Loss_res: 3.455e+02,  Loss_bcs: 0.000e+00, Loss_ut_ics: 9.726e-03, Loss_norm: 1.273e-03, Loss_gauge: 0.000e+00, w_pde: 0.00e+00, L^2_error: 2.020e+00, lr: 1.000e-03, Time: 3.88e+02
INFO:src.utils.logger:Model state saved to C:\Users\mateo garcia\Downloads\repo\QPINNs-2026\results\2026-03-02_15-45-36-013059\model.pth
INFO:src.utils.logger:Model weights saved to C:\Users\mateo garcia\Downloads\repo\QPINNs-2026\results\2026-03-02_15-45-36-013059\model_weights.pth
INFO:src.utils.logger:It: 104, Loss: 7.504e+00, Loss_res: 3.386e+02,  Loss_bcs: 0.000e+00, Loss_ut_ics: 9.380e-03, Loss_norm: 9.261e-04, Loss_gauge: 0.000e+00, w_pde: 0.00e+00, L^2_error: 2.020e+00, lr: 1.000e-03, Time: 3.91e+02
INFO:src.utils.logger:Model state saved to C:\Users\mateo garcia\Downloads\repo\QPINNs-2026\results\2026-03-02_15-45-36-013059\model.pth
INFO:src.utils.logger:Model weights saved to C:\Users\mateo garcia\Downloads\repo\QPINNs-2026\results\2026-03-02_15-45-36-013059\model_weights.pth
INFO:src.utils.logger:It: 105, Loss: 7.237e+00, Loss_res: 3.364e+02,  Loss_bcs: 0.000e+00, Loss_ut_ics: 9.047e-03, Loss_norm: 6.217e-04, Loss_gauge: 0.000e+00, w_pde: 0.00e+00, L^2_error: 2.020e+00, lr: 1.000e-03, Time: 3.95e+02
INFO:src.utils.logger:Model state saved to C:\Users\mateo garcia\Downloads\repo\QPINNs-2026\results\2026-03-02_15-45-36-013059\model.pth
INFO:src.utils.logger:Model weights saved to C:\Users\mateo garcia\Downloads\repo\QPINNs-2026\results\2026-03-02_15-45-36-013059\model_weights.pth
INFO:src.utils.logger:It: 106, Loss: 6.984e+00, Loss_res: 3.259e+02,  Loss_bcs: 0.000e+00, Loss_ut_ics: 8.730e-03, Loss_norm: 3.721e-04, Loss_gauge: 0.000e+00, w_pde: 0.00e+00, L^2_error: 2.020e+00, lr: 1.000e-03, Time: 3.99e+02
INFO:src.utils.logger:Model state saved to C:\Users\mateo garcia\Downloads\repo\QPINNs-2026\results\2026-03-02_15-45-36-013059\model.pth
INFO:src.utils.logger:Model weights saved to C:\Users\mateo garcia\Downloads\repo\QPINNs-2026\results\2026-03-02_15-45-36-013059\model_weights.pth
INFO:src.utils.logger:It: 107, Loss: 6.746e+00, Loss_res: 3.277e+02,  Loss_bcs: 0.000e+00, Loss_ut_ics: 8.432e-03, Loss_norm: 1.852e-04, Loss_gauge: 0.000e+00, w_pde: 0.00e+00, L^2_error: 2.020e+00, lr: 1.000e-03, Time: 4.02e+02
INFO:src.utils.logger:Model state saved to C:\Users\mateo garcia\Downloads\repo\QPINNs-2026\results\2026-03-02_15-45-36-013059\model.pth
INFO:src.utils.logger:Model weights saved to C:\Users\mateo garcia\Downloads\repo\QPINNs-2026\results\2026-03-02_15-45-36-013059\model_weights.pth
INFO:src.utils.logger:It: 108, Loss: 6.525e+00, Loss_res: 3.045e+02,  Loss_bcs: 0.000e+00, Loss_ut_ics: 8.156e-03, Loss_norm: 6.377e-05, Loss_gauge: 0.000e+00, w_pde: 0.00e+00, L^2_error: 2.020e+00, lr: 1.000e-03, Time: 4.06e+02
INFO:src.utils.logger:Model state saved to C:\Users\mateo garcia\Downloads\repo\QPINNs-2026\results\2026-03-02_15-45-36-013059\model.pth
INFO:src.utils.logger:Model weights saved to C:\Users\mateo garcia\Downloads\repo\QPINNs-2026\results\2026-03-02_15-45-36-013059\model_weights.pth
INFO:src.utils.logger:It: 109, Loss: 6.322e+00, Loss_res: 2.918e+02,  Loss_bcs: 0.000e+00, Loss_ut_ics: 7.903e-03, Loss_norm: 6.240e-06, Loss_gauge: 0.000e+00, w_pde: 0.00e+00, L^2_error: 2.020e+00, lr: 1.000e-03, Time: 4.10e+02
INFO:src.utils.logger:Model state saved to C:\Users\mateo garcia\Downloads\repo\QPINNs-2026\results\2026-03-02_15-45-36-013059\model.pth
INFO:src.utils.logger:Model weights saved to C:\Users\mateo garcia\Downloads\repo\QPINNs-2026\results\2026-03-02_15-45-36-013059\model_weights.pth
INFO:src.utils.logger:It: 110, Loss: 6.138e+00, Loss_res: 3.005e+02,  Loss_bcs: 0.000e+00, Loss_ut_ics: 7.673e-03, Loss_norm: 7.855e-06, Loss_gauge: 0.000e+00, w_pde: 0.00e+00, L^2_error: 1.994e+00, lr: 1.000e-03, Time: 4.13e+02
INFO:src.utils.logger:Model state saved to C:\Users\mateo garcia\Downloads\repo\QPINNs-2026\results\2026-03-02_15-45-36-013059\model.pth
INFO:src.utils.logger:Model weights saved to C:\Users\mateo garcia\Downloads\repo\QPINNs-2026\results\2026-03-02_15-45-36-013059\model_weights.pth
INFO:src.utils.logger:It: 111, Loss: 5.973e+00, Loss_res: 3.169e+02,  Loss_bcs: 0.000e+00, Loss_ut_ics: 7.466e-03, Loss_norm: 6.227e-05, Loss_gauge: 0.000e+00, w_pde: 0.00e+00, L^2_error: 1.994e+00, lr: 1.000e-03, Time: 4.17e+02
INFO:src.utils.logger:Model state saved to C:\Users\mateo garcia\Downloads\repo\QPINNs-2026\results\2026-03-02_15-45-36-013059\model.pth
INFO:src.utils.logger:Model weights saved to C:\Users\mateo garcia\Downloads\repo\QPINNs-2026\results\2026-03-02_15-45-36-013059\model_weights.pth
INFO:src.utils.logger:It: 112, Loss: 5.825e+00, Loss_res: 3.142e+02,  Loss_bcs: 0.000e+00, Loss_ut_ics: 7.281e-03, Loss_norm: 1.627e-04, Loss_gauge: 0.000e+00, w_pde: 0.00e+00, L^2_error: 1.994e+00, lr: 1.000e-03, Time: 4.21e+02
INFO:src.utils.logger:Model state saved to C:\Users\mateo garcia\Downloads\repo\QPINNs-2026\results\2026-03-02_15-45-36-013059\model.pth
INFO:src.utils.logger:Model weights saved to C:\Users\mateo garcia\Downloads\repo\QPINNs-2026\results\2026-03-02_15-45-36-013059\model_weights.pth
INFO:src.utils.logger:It: 113, Loss: 5.694e+00, Loss_res: 2.976e+02,  Loss_bcs: 0.000e+00, Loss_ut_ics: 7.117e-03, Loss_norm: 3.025e-04, Loss_gauge: 0.000e+00, w_pde: 0.00e+00, L^2_error: 1.994e+00, lr: 1.000e-03, Time: 4.25e+02
INFO:src.utils.logger:Model state saved to C:\Users\mateo garcia\Downloads\repo\QPINNs-2026\results\2026-03-02_15-45-36-013059\model.pth
INFO:src.utils.logger:Model weights saved to C:\Users\mateo garcia\Downloads\repo\QPINNs-2026\results\2026-03-02_15-45-36-013059\model_weights.pth
INFO:src.utils.logger:It: 114, Loss: 5.578e+00, Loss_res: 3.014e+02,  Loss_bcs: 0.000e+00, Loss_ut_ics: 6.972e-03, Loss_norm: 4.751e-04, Loss_gauge: 0.000e+00, w_pde: 0.00e+00, L^2_error: 1.994e+00, lr: 1.000e-03, Time: 4.28e+02
INFO:src.utils.logger:Model state saved to C:\Users\mateo garcia\Downloads\repo\QPINNs-2026\results\2026-03-02_15-45-36-013059\model.pth
INFO:src.utils.logger:Model weights saved to C:\Users\mateo garcia\Downloads\repo\QPINNs-2026\results\2026-03-02_15-45-36-013059\model_weights.pth
INFO:src.utils.logger:It: 115, Loss: 5.475e+00, Loss_res: 3.026e+02,  Loss_bcs: 0.000e+00, Loss_ut_ics: 6.844e-03, Loss_norm: 6.736e-04, Loss_gauge: 0.000e+00, w_pde: 0.00e+00, L^2_error: 1.994e+00, lr: 1.000e-03, Time: 4.32e+02
INFO:src.utils.logger:Model state saved to C:\Users\mateo garcia\Downloads\repo\QPINNs-2026\results\2026-03-02_15-45-36-013059\model.pth
INFO:src.utils.logger:Model weights saved to C:\Users\mateo garcia\Downloads\repo\QPINNs-2026\results\2026-03-02_15-45-36-013059\model_weights.pth
INFO:src.utils.logger:It: 116, Loss: 5.384e+00, Loss_res: 3.105e+02,  Loss_bcs: 0.000e+00, Loss_ut_ics: 6.730e-03, Loss_norm: 8.900e-04, Loss_gauge: 0.000e+00, w_pde: 0.00e+00, L^2_error: 1.994e+00, lr: 1.000e-03, Time: 4.36e+02
INFO:src.utils.logger:Model state saved to C:\Users\mateo garcia\Downloads\repo\QPINNs-2026\results\2026-03-02_15-45-36-013059\model.pth
INFO:src.utils.logger:Model weights saved to C:\Users\mateo garcia\Downloads\repo\QPINNs-2026\results\2026-03-02_15-45-36-013059\model_weights.pth
INFO:src.utils.logger:It: 117, Loss: 5.302e+00, Loss_res: 2.751e+02,  Loss_bcs: 0.000e+00, Loss_ut_ics: 6.628e-03, Loss_norm: 1.116e-03, Loss_gauge: 0.000e+00, w_pde: 0.00e+00, L^2_error: 1.994e+00, lr: 1.000e-03, Time: 4.40e+02
INFO:src.utils.logger:Model state saved to C:\Users\mateo garcia\Downloads\repo\QPINNs-2026\results\2026-03-02_15-45-36-013059\model.pth
INFO:src.utils.logger:Model weights saved to C:\Users\mateo garcia\Downloads\repo\QPINNs-2026\results\2026-03-02_15-45-36-013059\model_weights.pth
INFO:src.utils.logger:It: 118, Loss: 5.228e+00, Loss_res: 2.861e+02,  Loss_bcs: 0.000e+00, Loss_ut_ics: 6.535e-03, Loss_norm: 1.342e-03, Loss_gauge: 0.000e+00, w_pde: 0.00e+00, L^2_error: 1.994e+00, lr: 1.000e-03, Time: 4.43e+02
INFO:src.utils.logger:Model state saved to C:\Users\mateo garcia\Downloads\repo\QPINNs-2026\results\2026-03-02_15-45-36-013059\model.pth
INFO:src.utils.logger:Model weights saved to C:\Users\mateo garcia\Downloads\repo\QPINNs-2026\results\2026-03-02_15-45-36-013059\model_weights.pth
INFO:src.utils.logger:It: 119, Loss: 5.160e+00, Loss_res: 2.871e+02,  Loss_bcs: 0.000e+00, Loss_ut_ics: 6.451e-03, Loss_norm: 1.559e-03, Loss_gauge: 0.000e+00, w_pde: 0.00e+00, L^2_error: 1.994e+00, lr: 1.000e-03, Time: 4.47e+02
INFO:src.utils.logger:Model state saved to C:\Users\mateo garcia\Downloads\repo\QPINNs-2026\results\2026-03-02_15-45-36-013059\model.pth
INFO:src.utils.logger:Model weights saved to C:\Users\mateo garcia\Downloads\repo\QPINNs-2026\results\2026-03-02_15-45-36-013059\model_weights.pth
INFO:src.utils.logger:It: 120, Loss: 5.097e+00, Loss_res: 2.782e+02,  Loss_bcs: 0.000e+00, Loss_ut_ics: 6.371e-03, Loss_norm: 1.760e-03, Loss_gauge: 0.000e+00, w_pde: 0.00e+00, L^2_error: 1.976e+00, lr: 1.000e-03, Time: 4.51e+02
INFO:src.utils.logger:Model state saved to C:\Users\mateo garcia\Downloads\repo\QPINNs-2026\results\2026-03-02_15-45-36-013059\model.pth
INFO:src.utils.logger:Model weights saved to C:\Users\mateo garcia\Downloads\repo\QPINNs-2026\results\2026-03-02_15-45-36-013059\model_weights.pth
INFO:src.utils.logger:It: 121, Loss: 5.037e+00, Loss_res: 2.815e+02,  Loss_bcs: 0.000e+00, Loss_ut_ics: 6.296e-03, Loss_norm: 1.940e-03, Loss_gauge: 0.000e+00, w_pde: 0.00e+00, L^2_error: 1.976e+00, lr: 1.000e-03, Time: 4.54e+02
INFO:src.utils.logger:Model state saved to C:\Users\mateo garcia\Downloads\repo\QPINNs-2026\results\2026-03-02_15-45-36-013059\model.pth
INFO:src.utils.logger:Model weights saved to C:\Users\mateo garcia\Downloads\repo\QPINNs-2026\results\2026-03-02_15-45-36-013059\model_weights.pth
INFO:src.utils.logger:It: 122, Loss: 4.978e+00, Loss_res: 2.802e+02,  Loss_bcs: 0.000e+00, Loss_ut_ics: 6.223e-03, Loss_norm: 2.096e-03, Loss_gauge: 0.000e+00, w_pde: 0.00e+00, L^2_error: 1.976e+00, lr: 1.000e-03, Time: 4.58e+02
INFO:src.utils.logger:Model state saved to C:\Users\mateo garcia\Downloads\repo\QPINNs-2026\results\2026-03-02_15-45-36-013059\model.pth
INFO:src.utils.logger:Model weights saved to C:\Users\mateo garcia\Downloads\repo\QPINNs-2026\results\2026-03-02_15-45-36-013059\model_weights.pth
INFO:src.utils.logger:It: 123, Loss: 4.921e+00, Loss_res: 2.879e+02,  Loss_bcs: 0.000e+00, Loss_ut_ics: 6.152e-03, Loss_norm: 2.226e-03, Loss_gauge: 0.000e+00, w_pde: 0.00e+00, L^2_error: 1.976e+00, lr: 1.000e-03, Time: 4.62e+02
INFO:src.utils.logger:Model state saved to C:\Users\mateo garcia\Downloads\repo\QPINNs-2026\results\2026-03-02_15-45-36-013059\model.pth
INFO:src.utils.logger:Model weights saved to C:\Users\mateo garcia\Downloads\repo\QPINNs-2026\results\2026-03-02_15-45-36-013059\model_weights.pth
INFO:src.utils.logger:It: 124, Loss: 4.864e+00, Loss_res: 2.686e+02,  Loss_bcs: 0.000e+00, Loss_ut_ics: 6.081e-03, Loss_norm: 2.331e-03, Loss_gauge: 0.000e+00, w_pde: 0.00e+00, L^2_error: 1.976e+00, lr: 1.000e-03, Time: 4.65e+02
INFO:src.utils.logger:Model state saved to C:\Users\mateo garcia\Downloads\repo\QPINNs-2026\results\2026-03-02_15-45-36-013059\model.pth
INFO:src.utils.logger:Model weights saved to C:\Users\mateo garcia\Downloads\repo\QPINNs-2026\results\2026-03-02_15-45-36-013059\model_weights.pth
INFO:src.utils.logger:It: 125, Loss: 4.807e+00, Loss_res: 2.698e+02,  Loss_bcs: 0.000e+00, Loss_ut_ics: 6.009e-03, Loss_norm: 2.411e-03, Loss_gauge: 0.000e+00, w_pde: 0.00e+00, L^2_error: 1.976e+00, lr: 1.000e-03, Time: 4.69e+02
INFO:src.utils.logger:Model state saved to C:\Users\mateo garcia\Downloads\repo\QPINNs-2026\results\2026-03-02_15-45-36-013059\model.pth
INFO:src.utils.logger:Model weights saved to C:\Users\mateo garcia\Downloads\repo\QPINNs-2026\results\2026-03-02_15-45-36-013059\model_weights.pth
INFO:src.utils.logger:It: 126, Loss: 4.750e+00, Loss_res: 2.682e+02,  Loss_bcs: 0.000e+00, Loss_ut_ics: 5.937e-03, Loss_norm: 2.466e-03, Loss_gauge: 0.000e+00, w_pde: 0.00e+00, L^2_error: 1.976e+00, lr: 1.000e-03, Time: 4.73e+02
INFO:src.utils.logger:Model state saved to C:\Users\mateo garcia\Downloads\repo\QPINNs-2026\results\2026-03-02_15-45-36-013059\model.pth
INFO:src.utils.logger:Model weights saved to C:\Users\mateo garcia\Downloads\repo\QPINNs-2026\results\2026-03-02_15-45-36-013059\model_weights.pth
INFO:src.utils.logger:It: 127, Loss: 4.691e+00, Loss_res: 2.702e+02,  Loss_bcs: 0.000e+00, Loss_ut_ics: 5.864e-03, Loss_norm: 2.497e-03, Loss_gauge: 0.000e+00, w_pde: 0.00e+00, L^2_error: 1.976e+00, lr: 1.000e-03, Time: 4.77e+02
INFO:src.utils.logger:Model state saved to C:\Users\mateo garcia\Downloads\repo\QPINNs-2026\results\2026-03-02_15-45-36-013059\model.pth
INFO:src.utils.logger:Model weights saved to C:\Users\mateo garcia\Downloads\repo\QPINNs-2026\results\2026-03-02_15-45-36-013059\model_weights.pth
INFO:src.utils.logger:It: 128, Loss: 4.631e+00, Loss_res: 2.870e+02,  Loss_bcs: 0.000e+00, Loss_ut_ics: 5.789e-03, Loss_norm: 2.504e-03, Loss_gauge: 0.000e+00, w_pde: 0.00e+00, L^2_error: 1.976e+00, lr: 1.000e-03, Time: 4.80e+02
INFO:src.utils.logger:Model state saved to C:\Users\mateo garcia\Downloads\repo\QPINNs-2026\results\2026-03-02_15-45-36-013059\model.pth
INFO:src.utils.logger:Model weights saved to C:\Users\mateo garcia\Downloads\repo\QPINNs-2026\results\2026-03-02_15-45-36-013059\model_weights.pth
INFO:src.utils.logger:It: 129, Loss: 4.571e+00, Loss_res: 2.673e+02,  Loss_bcs: 0.000e+00, Loss_ut_ics: 5.714e-03, Loss_norm: 2.485e-03, Loss_gauge: 0.000e+00, w_pde: 0.00e+00, L^2_error: 1.976e+00, lr: 1.000e-03, Time: 4.84e+02
INFO:src.utils.logger:Model state saved to C:\Users\mateo garcia\Downloads\repo\QPINNs-2026\results\2026-03-02_15-45-36-013059\model.pth
INFO:src.utils.logger:Model weights saved to C:\Users\mateo garcia\Downloads\repo\QPINNs-2026\results\2026-03-02_15-45-36-013059\model_weights.pth
INFO:src.utils.logger:It: 130, Loss: 4.510e+00, Loss_res: 2.914e+02,  Loss_bcs: 0.000e+00, Loss_ut_ics: 5.637e-03, Loss_norm: 2.444e-03, Loss_gauge: 0.000e+00, w_pde: 0.00e+00, L^2_error: 1.974e+00, lr: 1.000e-03, Time: 4.88e+02
INFO:src.utils.logger:Model state saved to C:\Users\mateo garcia\Downloads\repo\QPINNs-2026\results\2026-03-02_15-45-36-013059\model.pth
INFO:src.utils.logger:Model weights saved to C:\Users\mateo garcia\Downloads\repo\QPINNs-2026\results\2026-03-02_15-45-36-013059\model_weights.pth
INFO:src.utils.logger:It: 131, Loss: 4.448e+00, Loss_res: 2.894e+02,  Loss_bcs: 0.000e+00, Loss_ut_ics: 5.560e-03, Loss_norm: 2.381e-03, Loss_gauge: 0.000e+00, w_pde: 0.00e+00, L^2_error: 1.974e+00, lr: 1.000e-03, Time: 4.91e+02
INFO:src.utils.logger:Model state saved to C:\Users\mateo garcia\Downloads\repo\QPINNs-2026\results\2026-03-02_15-45-36-013059\model.pth
INFO:src.utils.logger:Model weights saved to C:\Users\mateo garcia\Downloads\repo\QPINNs-2026\results\2026-03-02_15-45-36-013059\model_weights.pth
INFO:src.utils.logger:It: 132, Loss: 4.385e+00, Loss_res: 2.708e+02,  Loss_bcs: 0.000e+00, Loss_ut_ics: 5.482e-03, Loss_norm: 2.301e-03, Loss_gauge: 0.000e+00, w_pde: 0.00e+00, L^2_error: 1.974e+00, lr: 1.000e-03, Time: 4.95e+02
INFO:src.utils.logger:Model state saved to C:\Users\mateo garcia\Downloads\repo\QPINNs-2026\results\2026-03-02_15-45-36-013059\model.pth
INFO:src.utils.logger:Model weights saved to C:\Users\mateo garcia\Downloads\repo\QPINNs-2026\results\2026-03-02_15-45-36-013059\model_weights.pth
INFO:src.utils.logger:It: 133, Loss: 4.323e+00, Loss_res: 2.600e+02,  Loss_bcs: 0.000e+00, Loss_ut_ics: 5.404e-03, Loss_norm: 2.207e-03, Loss_gauge: 0.000e+00, w_pde: 0.00e+00, L^2_error: 1.974e+00, lr: 1.000e-03, Time: 4.99e+02
INFO:src.utils.logger:Model state saved to C:\Users\mateo garcia\Downloads\repo\QPINNs-2026\results\2026-03-02_15-45-36-013059\model.pth
INFO:src.utils.logger:Model weights saved to C:\Users\mateo garcia\Downloads\repo\QPINNs-2026\results\2026-03-02_15-45-36-013059\model_weights.pth
INFO:src.utils.logger:It: 134, Loss: 4.261e+00, Loss_res: 2.719e+02,  Loss_bcs: 0.000e+00, Loss_ut_ics: 5.326e-03, Loss_norm: 2.104e-03, Loss_gauge: 0.000e+00, w_pde: 0.00e+00, L^2_error: 1.974e+00, lr: 1.000e-03, Time: 5.02e+02
INFO:src.utils.logger:Model state saved to C:\Users\mateo garcia\Downloads\repo\QPINNs-2026\results\2026-03-02_15-45-36-013059\model.pth
INFO:src.utils.logger:Model weights saved to C:\Users\mateo garcia\Downloads\repo\QPINNs-2026\results\2026-03-02_15-45-36-013059\model_weights.pth
INFO:src.utils.logger:It: 135, Loss: 4.199e+00, Loss_res: 2.732e+02,  Loss_bcs: 0.000e+00, Loss_ut_ics: 5.248e-03, Loss_norm: 1.996e-03, Loss_gauge: 0.000e+00, w_pde: 0.00e+00, L^2_error: 1.974e+00, lr: 1.000e-03, Time: 5.06e+02
INFO:src.utils.logger:Model state saved to C:\Users\mateo garcia\Downloads\repo\QPINNs-2026\results\2026-03-02_15-45-36-013059\model.pth
INFO:src.utils.logger:Model weights saved to C:\Users\mateo garcia\Downloads\repo\QPINNs-2026\results\2026-03-02_15-45-36-013059\model_weights.pth
INFO:src.utils.logger:It: 136, Loss: 4.137e+00, Loss_res: 2.759e+02,  Loss_bcs: 0.000e+00, Loss_ut_ics: 5.172e-03, Loss_norm: 1.884e-03, Loss_gauge: 0.000e+00, w_pde: 0.00e+00, L^2_error: 1.974e+00, lr: 1.000e-03, Time: 5.10e+02
INFO:src.utils.logger:Model state saved to C:\Users\mateo garcia\Downloads\repo\QPINNs-2026\results\2026-03-02_15-45-36-013059\model.pth
INFO:src.utils.logger:Model weights saved to C:\Users\mateo garcia\Downloads\repo\QPINNs-2026\results\2026-03-02_15-45-36-013059\model_weights.pth
INFO:src.utils.logger:It: 137, Loss: 4.077e+00, Loss_res: 2.739e+02,  Loss_bcs: 0.000e+00, Loss_ut_ics: 5.096e-03, Loss_norm: 1.771e-03, Loss_gauge: 0.000e+00, w_pde: 0.00e+00, L^2_error: 1.974e+00, lr: 1.000e-03, Time: 5.14e+02
INFO:src.utils.logger:Model state saved to C:\Users\mateo garcia\Downloads\repo\QPINNs-2026\results\2026-03-02_15-45-36-013059\model.pth
INFO:src.utils.logger:Model weights saved to C:\Users\mateo garcia\Downloads\repo\QPINNs-2026\results\2026-03-02_15-45-36-013059\model_weights.pth
INFO:src.utils.logger:It: 138, Loss: 4.018e+00, Loss_res: 2.670e+02,  Loss_bcs: 0.000e+00, Loss_ut_ics: 5.022e-03, Loss_norm: 1.658e-03, Loss_gauge: 0.000e+00, w_pde: 0.00e+00, L^2_error: 1.974e+00, lr: 1.000e-03, Time: 5.17e+02
INFO:src.utils.logger:Model state saved to C:\Users\mateo garcia\Downloads\repo\QPINNs-2026\results\2026-03-02_15-45-36-013059\model.pth
INFO:src.utils.logger:Model weights saved to C:\Users\mateo garcia\Downloads\repo\QPINNs-2026\results\2026-03-02_15-45-36-013059\model_weights.pth
INFO:src.utils.logger:It: 139, Loss: 3.959e+00, Loss_res: 2.769e+02,  Loss_bcs: 0.000e+00, Loss_ut_ics: 4.949e-03, Loss_norm: 1.546e-03, Loss_gauge: 0.000e+00, w_pde: 0.00e+00, L^2_error: 1.974e+00, lr: 1.000e-03, Time: 5.21e+02
INFO:src.utils.logger:Model state saved to C:\Users\mateo garcia\Downloads\repo\QPINNs-2026\results\2026-03-02_15-45-36-013059\model.pth
INFO:src.utils.logger:Model weights saved to C:\Users\mateo garcia\Downloads\repo\QPINNs-2026\results\2026-03-02_15-45-36-013059\model_weights.pth
INFO:src.utils.logger:It: 140, Loss: 3.902e+00, Loss_res: 2.663e+02,  Loss_bcs: 0.000e+00, Loss_ut_ics: 4.878e-03, Loss_norm: 1.435e-03, Loss_gauge: 0.000e+00, w_pde: 0.00e+00, L^2_error: 1.980e+00, lr: 1.000e-03, Time: 5.25e+02
INFO:src.utils.logger:Model state saved to C:\Users\mateo garcia\Downloads\repo\QPINNs-2026\results\2026-03-02_15-45-36-013059\model.pth
INFO:src.utils.logger:Model weights saved to C:\Users\mateo garcia\Downloads\repo\QPINNs-2026\results\2026-03-02_15-45-36-013059\model_weights.pth
INFO:src.utils.logger:It: 141, Loss: 3.847e+00, Loss_res: 2.663e+02,  Loss_bcs: 0.000e+00, Loss_ut_ics: 4.809e-03, Loss_norm: 1.328e-03, Loss_gauge: 0.000e+00, w_pde: 0.00e+00, L^2_error: 1.980e+00, lr: 1.000e-03, Time: 5.28e+02
INFO:src.utils.logger:Model state saved to C:\Users\mateo garcia\Downloads\repo\QPINNs-2026\results\2026-03-02_15-45-36-013059\model.pth
INFO:src.utils.logger:Model weights saved to C:\Users\mateo garcia\Downloads\repo\QPINNs-2026\results\2026-03-02_15-45-36-013059\model_weights.pth
INFO:src.utils.logger:It: 142, Loss: 3.793e+00, Loss_res: 2.808e+02,  Loss_bcs: 0.000e+00, Loss_ut_ics: 4.741e-03, Loss_norm: 1.225e-03, Loss_gauge: 0.000e+00, w_pde: 0.00e+00, L^2_error: 1.980e+00, lr: 1.000e-03, Time: 5.32e+02
INFO:src.utils.logger:Model state saved to C:\Users\mateo garcia\Downloads\repo\QPINNs-2026\results\2026-03-02_15-45-36-013059\model.pth
INFO:src.utils.logger:Model weights saved to C:\Users\mateo garcia\Downloads\repo\QPINNs-2026\results\2026-03-02_15-45-36-013059\model_weights.pth
INFO:src.utils.logger:It: 143, Loss: 3.740e+00, Loss_res: 2.752e+02,  Loss_bcs: 0.000e+00, Loss_ut_ics: 4.675e-03, Loss_norm: 1.127e-03, Loss_gauge: 0.000e+00, w_pde: 0.00e+00, L^2_error: 1.980e+00, lr: 1.000e-03, Time: 5.36e+02
INFO:src.utils.logger:Model state saved to C:\Users\mateo garcia\Downloads\repo\QPINNs-2026\results\2026-03-02_15-45-36-013059\model.pth
INFO:src.utils.logger:Model weights saved to C:\Users\mateo garcia\Downloads\repo\QPINNs-2026\results\2026-03-02_15-45-36-013059\model_weights.pth
INFO:src.utils.logger:It: 144, Loss: 3.689e+00, Loss_res: 2.861e+02,  Loss_bcs: 0.000e+00, Loss_ut_ics: 4.611e-03, Loss_norm: 1.036e-03, Loss_gauge: 0.000e+00, w_pde: 0.00e+00, L^2_error: 1.980e+00, lr: 1.000e-03, Time: 5.40e+02
INFO:src.utils.logger:Model state saved to C:\Users\mateo garcia\Downloads\repo\QPINNs-2026\results\2026-03-02_15-45-36-013059\model.pth
INFO:src.utils.logger:Model weights saved to C:\Users\mateo garcia\Downloads\repo\QPINNs-2026\results\2026-03-02_15-45-36-013059\model_weights.pth
INFO:src.utils.logger:It: 145, Loss: 3.639e+00, Loss_res: 2.865e+02,  Loss_bcs: 0.000e+00, Loss_ut_ics: 4.549e-03, Loss_norm: 9.527e-04, Loss_gauge: 0.000e+00, w_pde: 0.00e+00, L^2_error: 1.980e+00, lr: 1.000e-03, Time: 5.43e+02
INFO:src.utils.logger:Model state saved to C:\Users\mateo garcia\Downloads\repo\QPINNs-2026\results\2026-03-02_15-45-36-013059\model.pth
INFO:src.utils.logger:Model weights saved to C:\Users\mateo garcia\Downloads\repo\QPINNs-2026\results\2026-03-02_15-45-36-013059\model_weights.pth
INFO:src.utils.logger:It: 146, Loss: 3.591e+00, Loss_res: 2.854e+02,  Loss_bcs: 0.000e+00, Loss_ut_ics: 4.488e-03, Loss_norm: 8.769e-04, Loss_gauge: 0.000e+00, w_pde: 0.00e+00, L^2_error: 1.980e+00, lr: 1.000e-03, Time: 5.47e+02
INFO:src.utils.logger:Model state saved to C:\Users\mateo garcia\Downloads\repo\QPINNs-2026\results\2026-03-02_15-45-36-013059\model.pth
INFO:src.utils.logger:Model weights saved to C:\Users\mateo garcia\Downloads\repo\QPINNs-2026\results\2026-03-02_15-45-36-013059\model_weights.pth
INFO:src.utils.logger:It: 147, Loss: 3.543e+00, Loss_res: 2.826e+02,  Loss_bcs: 0.000e+00, Loss_ut_ics: 4.429e-03, Loss_norm: 8.084e-04, Loss_gauge: 0.000e+00, w_pde: 0.00e+00, L^2_error: 1.980e+00, lr: 1.000e-03, Time: 5.51e+02
INFO:src.utils.logger:Model state saved to C:\Users\mateo garcia\Downloads\repo\QPINNs-2026\results\2026-03-02_15-45-36-013059\model.pth
INFO:src.utils.logger:Model weights saved to C:\Users\mateo garcia\Downloads\repo\QPINNs-2026\results\2026-03-02_15-45-36-013059\model_weights.pth
INFO:src.utils.logger:It: 148, Loss: 3.497e+00, Loss_res: 2.755e+02,  Loss_bcs: 0.000e+00, Loss_ut_ics: 4.372e-03, Loss_norm: 7.467e-04, Loss_gauge: 0.000e+00, w_pde: 0.00e+00, L^2_error: 1.980e+00, lr: 1.000e-03, Time: 5.55e+02
INFO:src.utils.logger:Model state saved to C:\Users\mateo garcia\Downloads\repo\QPINNs-2026\results\2026-03-02_15-45-36-013059\model.pth
INFO:src.utils.logger:Model weights saved to C:\Users\mateo garcia\Downloads\repo\QPINNs-2026\results\2026-03-02_15-45-36-013059\model_weights.pth
INFO:src.utils.logger:It: 149, Loss: 3.452e+00, Loss_res: 2.886e+02,  Loss_bcs: 0.000e+00, Loss_ut_ics: 4.315e-03, Loss_norm: 6.911e-04, Loss_gauge: 0.000e+00, w_pde: 0.00e+00, L^2_error: 1.980e+00, lr: 1.000e-03, Time: 5.59e+02
INFO:src.utils.logger:Model state saved to C:\Users\mateo garcia\Downloads\repo\QPINNs-2026\results\2026-03-02_15-45-36-013059\model.pth
INFO:src.utils.logger:Model weights saved to C:\Users\mateo garcia\Downloads\repo\QPINNs-2026\results\2026-03-02_15-45-36-013059\model_weights.pth
INFO:src.utils.logger:It: 150, Loss: 3.408e+00, Loss_res: 2.724e+02,  Loss_bcs: 0.000e+00, Loss_ut_ics: 4.260e-03, Loss_norm: 6.412e-04, Loss_gauge: 0.000e+00, w_pde: 0.00e+00, L^2_error: 1.987e+00, lr: 1.000e-03, Time: 5.62e+02
INFO:src.utils.logger:Model state saved to C:\Users\mateo garcia\Downloads\repo\QPINNs-2026\results\2026-03-02_15-45-36-013059\model.pth
INFO:src.utils.logger:Model weights saved to C:\Users\mateo garcia\Downloads\repo\QPINNs-2026\results\2026-03-02_15-45-36-013059\model_weights.pth
