Using DV Solver
Total number of parameters: 81
The circuit used in the study:
It: 1, Loss: 3.126e+01, Loss_res: 1.475e+01,  Loss_bcs: 4.811e-01, Loss_ut_ics: 6.369e-01, lr: 1.000e-03, Time: 2.92e+00
Model state saved to ./results/benchmarks/schrodinger/parameter_grid/2025-09-02_13-53-58-617333/model.pth
Model state saved to ./results/benchmarks/schrodinger/parameter_grid/2025-09-02_13-53-58-617333/model_weights.pth
It: 10, Loss: 2.631e+01, Loss_res: 1.244e+01,  Loss_bcs: 4.279e-01, Loss_ut_ics: 4.956e-01, lr: 1.000e-03, Time: 2.14e+01
Model state saved to ./results/benchmarks/schrodinger/parameter_grid/2025-09-02_13-53-58-617333/model.pth
Model state saved to ./results/benchmarks/schrodinger/parameter_grid/2025-09-02_13-53-58-617333/model_weights.pth
It: 20, Loss: 2.499e+01, Loss_res: 1.186e+01,  Loss_bcs: 3.783e-01, Loss_ut_ics: 4.429e-01, lr: 1.000e-03, Time: 4.14e+01
Model state saved to ./results/benchmarks/schrodinger/parameter_grid/2025-09-02_13-53-58-617333/model.pth
Model state saved to ./results/benchmarks/schrodinger/parameter_grid/2025-09-02_13-53-58-617333/model_weights.pth
It: 30, Loss: 1.434e+01, Loss_res: 6.530e+00,  Loss_bcs: 3.350e-01, Loss_ut_ics: 4.711e-01, lr: 1.000e-03, Time: 6.09e+01
Model state saved to ./results/benchmarks/schrodinger/parameter_grid/2025-09-02_13-53-58-617333/model.pth
Model state saved to ./results/benchmarks/schrodinger/parameter_grid/2025-09-02_13-53-58-617333/model_weights.pth
It: 40, Loss: 1.129e+01, Loss_res: 5.220e+00,  Loss_bcs: 2.995e-01, Loss_ut_ics: 2.747e-01, lr: 1.000e-03, Time: 8.06e+01
Model state saved to ./results/benchmarks/schrodinger/parameter_grid/2025-09-02_13-53-58-617333/model.pth
Model state saved to ./results/benchmarks/schrodinger/parameter_grid/2025-09-02_13-53-58-617333/model_weights.pth
It: 50, Loss: 1.267e+01, Loss_res: 5.856e+00,  Loss_bcs: 2.685e-01, Loss_ut_ics: 3.427e-01, lr: 1.000e-03, Time: 1.00e+02
Model state saved to ./results/benchmarks/schrodinger/parameter_grid/2025-09-02_13-53-58-617333/model.pth
Model state saved to ./results/benchmarks/schrodinger/parameter_grid/2025-09-02_13-53-58-617333/model_weights.pth
It: 60, Loss: 1.027e+01, Loss_res: 4.642e+00,  Loss_bcs: 2.385e-01, Loss_ut_ics: 3.726e-01, lr: 1.000e-03, Time: 1.19e+02
Model state saved to ./results/benchmarks/schrodinger/parameter_grid/2025-09-02_13-53-58-617333/model.pth
Model state saved to ./results/benchmarks/schrodinger/parameter_grid/2025-09-02_13-53-58-617333/model_weights.pth
It: 70, Loss: 1.481e+01, Loss_res: 6.852e+00,  Loss_bcs: 2.126e-01, Loss_ut_ics: 4.461e-01, lr: 1.000e-03, Time: 1.38e+02
Model state saved to ./results/benchmarks/schrodinger/parameter_grid/2025-09-02_13-53-58-617333/model.pth
Model state saved to ./results/benchmarks/schrodinger/parameter_grid/2025-09-02_13-53-58-617333/model_weights.pth
It: 80, Loss: 8.343e+00, Loss_res: 3.733e+00,  Loss_bcs: 1.850e-01, Loss_ut_ics: 3.456e-01, lr: 1.000e-03, Time: 1.57e+02
Model state saved to ./results/benchmarks/schrodinger/parameter_grid/2025-09-02_13-53-58-617333/model.pth
Model state saved to ./results/benchmarks/schrodinger/parameter_grid/2025-09-02_13-53-58-617333/model_weights.pth
It: 90, Loss: 1.268e+01, Loss_res: 6.063e+00,  Loss_bcs: 1.590e-01, Loss_ut_ics: 1.957e-01, lr: 1.000e-03, Time: 1.75e+02
Model state saved to ./results/benchmarks/schrodinger/parameter_grid/2025-09-02_13-53-58-617333/model.pth
Model state saved to ./results/benchmarks/schrodinger/parameter_grid/2025-09-02_13-53-58-617333/model_weights.pth
It: 100, Loss: 1.726e+01, Loss_res: 8.369e+00,  Loss_bcs: 1.331e-01, Loss_ut_ics: 1.941e-01, lr: 1.000e-03, Time: 1.94e+02
Model state saved to ./results/benchmarks/schrodinger/parameter_grid/2025-09-02_13-53-58-617333/model.pth
Model state saved to ./results/benchmarks/schrodinger/parameter_grid/2025-09-02_13-53-58-617333/model_weights.pth
Model state saved to ./results/benchmarks/schrodinger/parameter_grid/2025-09-02_13-53-58-617333/model.pth
Model state saved to ./results/benchmarks/schrodinger/parameter_grid/2025-09-02_13-53-58-617333/model_weights.pth
Training completed successfuly!, shots made: 3000
Using DV Solver
Total number of parameters: 273
The circuit used in the study:
It: 1, Loss: 1.125e+01, Loss_res: 5.215e+00,  Loss_bcs: 1.629e-01, Loss_ut_ics: 3.277e-01, lr: 1.000e-03, Time: 2.08e+00
Model state saved to ./results/benchmarks/schrodinger/parameter_grid/2025-09-02_13-57-14-952817/model.pth
Model state saved to ./results/benchmarks/schrodinger/parameter_grid/2025-09-02_13-57-14-952817/model_weights.pth
It: 10, Loss: 4.718e+00, Loss_res: 2.182e+00,  Loss_bcs: 8.295e-02, Loss_ut_ics: 1.359e-01, lr: 1.000e-03, Time: 1.86e+01
Model state saved to ./results/benchmarks/schrodinger/parameter_grid/2025-09-02_13-57-14-952817/model.pth
Model state saved to ./results/benchmarks/schrodinger/parameter_grid/2025-09-02_13-57-14-952817/model_weights.pth
It: 20, Loss: 2.436e+00, Loss_res: 1.090e+00,  Loss_bcs: 3.670e-02, Loss_ut_ics: 1.098e-01, lr: 1.000e-03, Time: 3.80e+01
Model state saved to ./results/benchmarks/schrodinger/parameter_grid/2025-09-02_13-57-14-952817/model.pth
Model state saved to ./results/benchmarks/schrodinger/parameter_grid/2025-09-02_13-57-14-952817/model_weights.pth
It: 30, Loss: 7.052e-01, Loss_res: 2.491e-01,  Loss_bcs: 1.384e-02, Loss_ut_ics: 9.662e-02, lr: 1.000e-03, Time: 5.72e+01
Model state saved to ./results/benchmarks/schrodinger/parameter_grid/2025-09-02_13-57-14-952817/model.pth
Model state saved to ./results/benchmarks/schrodinger/parameter_grid/2025-09-02_13-57-14-952817/model_weights.pth
It: 40, Loss: 1.991e-01, Loss_res: 5.029e-02,  Loss_bcs: 3.499e-03, Loss_ut_ics: 4.753e-02, lr: 1.000e-03, Time: 7.69e+01
Model state saved to ./results/benchmarks/schrodinger/parameter_grid/2025-09-02_13-57-14-952817/model.pth
Model state saved to ./results/benchmarks/schrodinger/parameter_grid/2025-09-02_13-57-14-952817/model_weights.pth
It: 50, Loss: 2.584e-01, Loss_res: 5.408e-03,  Loss_bcs: 4.681e-04, Loss_ut_ics: 1.235e-01, lr: 1.000e-03, Time: 9.73e+01
Model state saved to ./results/benchmarks/schrodinger/parameter_grid/2025-09-02_13-57-14-952817/model.pth
Model state saved to ./results/benchmarks/schrodinger/parameter_grid/2025-09-02_13-57-14-952817/model_weights.pth
It: 60, Loss: 1.275e-01, Loss_res: 6.663e-03,  Loss_bcs: 3.486e-04, Loss_ut_ics: 5.691e-02, lr: 1.000e-03, Time: 1.18e+02
Model state saved to ./results/benchmarks/schrodinger/parameter_grid/2025-09-02_13-57-14-952817/model.pth
Model state saved to ./results/benchmarks/schrodinger/parameter_grid/2025-09-02_13-57-14-952817/model_weights.pth
It: 70, Loss: 2.927e-01, Loss_res: 1.204e-02,  Loss_bcs: 3.601e-04, Loss_ut_ics: 1.341e-01, lr: 1.000e-03, Time: 1.38e+02
Model state saved to ./results/benchmarks/schrodinger/parameter_grid/2025-09-02_13-57-14-952817/model.pth
Model state saved to ./results/benchmarks/schrodinger/parameter_grid/2025-09-02_13-57-14-952817/model_weights.pth
It: 80, Loss: 5.394e-01, Loss_res: 4.598e-03,  Loss_bcs: 2.175e-04, Loss_ut_ics: 2.650e-01, lr: 1.000e-03, Time: 1.58e+02
Model state saved to ./results/benchmarks/schrodinger/parameter_grid/2025-09-02_13-57-14-952817/model.pth
Model state saved to ./results/benchmarks/schrodinger/parameter_grid/2025-09-02_13-57-14-952817/model_weights.pth
It: 90, Loss: 4.522e-01, Loss_res: 5.505e-03,  Loss_bcs: 2.018e-04, Loss_ut_ics: 2.205e-01, lr: 1.000e-03, Time: 1.77e+02
Model state saved to ./results/benchmarks/schrodinger/parameter_grid/2025-09-02_13-57-14-952817/model.pth
Model state saved to ./results/benchmarks/schrodinger/parameter_grid/2025-09-02_13-57-14-952817/model_weights.pth
It: 100, Loss: 1.352e-01, Loss_res: 7.027e-03,  Loss_bcs: 2.099e-04, Loss_ut_ics: 6.045e-02, lr: 1.000e-03, Time: 1.96e+02
Model state saved to ./results/benchmarks/schrodinger/parameter_grid/2025-09-02_13-57-14-952817/model.pth
Model state saved to ./results/benchmarks/schrodinger/parameter_grid/2025-09-02_13-57-14-952817/model_weights.pth
Model state saved to ./results/benchmarks/schrodinger/parameter_grid/2025-09-02_13-57-14-952817/model.pth
Model state saved to ./results/benchmarks/schrodinger/parameter_grid/2025-09-02_13-57-14-952817/model_weights.pth
Training completed successfuly!, shots made: 3000
Using DV Solver
Total number of parameters: 1041
The circuit used in the study:
It: 1, Loss: 6.317e+00, Loss_res: 2.854e+00,  Loss_bcs: 8.759e-02, Loss_ut_ics: 2.606e-01, lr: 1.000e-03, Time: 2.10e+00
Model state saved to ./results/benchmarks/schrodinger/parameter_grid/2025-09-02_14-00-32-335935/model.pth
Model state saved to ./results/benchmarks/schrodinger/parameter_grid/2025-09-02_14-00-32-335935/model_weights.pth
It: 10, Loss: 6.521e-01, Loss_res: 2.017e-01,  Loss_bcs: 1.123e-02, Loss_ut_ics: 1.187e-01, lr: 1.000e-03, Time: 2.13e+01
Model state saved to ./results/benchmarks/schrodinger/parameter_grid/2025-09-02_14-00-32-335935/model.pth
Model state saved to ./results/benchmarks/schrodinger/parameter_grid/2025-09-02_14-00-32-335935/model_weights.pth
It: 20, Loss: 5.819e-01, Loss_res: 1.279e-01,  Loss_bcs: 1.844e-03, Loss_ut_ics: 1.621e-01, lr: 1.000e-03, Time: 4.26e+01
Model state saved to ./results/benchmarks/schrodinger/parameter_grid/2025-09-02_14-00-32-335935/model.pth
Model state saved to ./results/benchmarks/schrodinger/parameter_grid/2025-09-02_14-00-32-335935/model_weights.pth
It: 30, Loss: 1.313e-01, Loss_res: 1.448e-02,  Loss_bcs: 1.469e-04, Loss_ut_ics: 5.111e-02, lr: 1.000e-03, Time: 6.22e+01
Model state saved to ./results/benchmarks/schrodinger/parameter_grid/2025-09-02_14-00-32-335935/model.pth
Model state saved to ./results/benchmarks/schrodinger/parameter_grid/2025-09-02_14-00-32-335935/model_weights.pth
It: 40, Loss: 1.384e-01, Loss_res: 1.084e-02,  Loss_bcs: 1.147e-03, Loss_ut_ics: 5.781e-02, lr: 1.000e-03, Time: 8.15e+01
Model state saved to ./results/benchmarks/schrodinger/parameter_grid/2025-09-02_14-00-32-335935/model.pth
Model state saved to ./results/benchmarks/schrodinger/parameter_grid/2025-09-02_14-00-32-335935/model_weights.pth
It: 50, Loss: 2.530e-01, Loss_res: 3.052e-03,  Loss_bcs: 3.938e-04, Loss_ut_ics: 1.233e-01, lr: 1.000e-03, Time: 1.01e+02
Model state saved to ./results/benchmarks/schrodinger/parameter_grid/2025-09-02_14-00-32-335935/model.pth
Model state saved to ./results/benchmarks/schrodinger/parameter_grid/2025-09-02_14-00-32-335935/model_weights.pth
It: 60, Loss: 1.415e-01, Loss_res: 7.317e-03,  Loss_bcs: 6.076e-06, Loss_ut_ics: 6.345e-02, lr: 1.000e-03, Time: 1.20e+02
Model state saved to ./results/benchmarks/schrodinger/parameter_grid/2025-09-02_14-00-32-335935/model.pth
Model state saved to ./results/benchmarks/schrodinger/parameter_grid/2025-09-02_14-00-32-335935/model_weights.pth
It: 70, Loss: 2.993e-01, Loss_res: 3.609e-03,  Loss_bcs: 6.483e-05, Loss_ut_ics: 1.460e-01, lr: 1.000e-03, Time: 1.39e+02
Model state saved to ./results/benchmarks/schrodinger/parameter_grid/2025-09-02_14-00-32-335935/model.pth
Model state saved to ./results/benchmarks/schrodinger/parameter_grid/2025-09-02_14-00-32-335935/model_weights.pth
It: 80, Loss: 5.348e-01, Loss_res: 3.514e-03,  Loss_bcs: 9.848e-05, Loss_ut_ics: 2.638e-01, lr: 1.000e-03, Time: 1.59e+02
Model state saved to ./results/benchmarks/schrodinger/parameter_grid/2025-09-02_14-00-32-335935/model.pth
Model state saved to ./results/benchmarks/schrodinger/parameter_grid/2025-09-02_14-00-32-335935/model_weights.pth
It: 90, Loss: 4.301e-01, Loss_res: 1.293e-03,  Loss_bcs: 5.204e-05, Loss_ut_ics: 2.137e-01, lr: 1.000e-03, Time: 1.77e+02
Model state saved to ./results/benchmarks/schrodinger/parameter_grid/2025-09-02_14-00-32-335935/model.pth
Model state saved to ./results/benchmarks/schrodinger/parameter_grid/2025-09-02_14-00-32-335935/model_weights.pth
It: 100, Loss: 1.292e-01, Loss_res: 1.301e-03,  Loss_bcs: 1.692e-05, Loss_ut_ics: 6.327e-02, lr: 1.000e-03, Time: 1.95e+02
Model state saved to ./results/benchmarks/schrodinger/parameter_grid/2025-09-02_14-00-32-335935/model.pth
Model state saved to ./results/benchmarks/schrodinger/parameter_grid/2025-09-02_14-00-32-335935/model_weights.pth
Model state saved to ./results/benchmarks/schrodinger/parameter_grid/2025-09-02_14-00-32-335935/model.pth
Model state saved to ./results/benchmarks/schrodinger/parameter_grid/2025-09-02_14-00-32-335935/model_weights.pth
Training completed successfuly!, shots made: 3000
Using DV Solver
Total number of parameters: 4113
The circuit used in the study:
It: 1, Loss: 1.013e+00, Loss_res: 3.957e-01,  Loss_bcs: 1.118e-02, Loss_ut_ics: 1.051e-01, lr: 1.000e-03, Time: 1.95e+00
Model state saved to ./results/benchmarks/schrodinger/parameter_grid/2025-09-02_14-03-48-360510/model.pth
Model state saved to ./results/benchmarks/schrodinger/parameter_grid/2025-09-02_14-03-48-360510/model_weights.pth
It: 10, Loss: 4.181e-01, Loss_res: 9.418e-02,  Loss_bcs: 3.283e-03, Loss_ut_ics: 1.132e-01, lr: 1.000e-03, Time: 1.83e+01
Model state saved to ./results/benchmarks/schrodinger/parameter_grid/2025-09-02_14-03-48-360510/model.pth
Model state saved to ./results/benchmarks/schrodinger/parameter_grid/2025-09-02_14-03-48-360510/model_weights.pth
It: 20, Loss: 3.373e-01, Loss_res: 5.837e-02,  Loss_bcs: 2.103e-03, Loss_ut_ics: 1.092e-01, lr: 1.000e-03, Time: 3.61e+01
Model state saved to ./results/benchmarks/schrodinger/parameter_grid/2025-09-02_14-03-48-360510/model.pth
Model state saved to ./results/benchmarks/schrodinger/parameter_grid/2025-09-02_14-03-48-360510/model_weights.pth
It: 30, Loss: 1.458e-01, Loss_res: 1.206e-03,  Loss_bcs: 4.945e-05, Loss_ut_ics: 7.168e-02, lr: 1.000e-03, Time: 5.39e+01
Model state saved to ./results/benchmarks/schrodinger/parameter_grid/2025-09-02_14-03-48-360510/model.pth
Model state saved to ./results/benchmarks/schrodinger/parameter_grid/2025-09-02_14-03-48-360510/model_weights.pth
It: 40, Loss: 1.236e-01, Loss_res: 8.044e-03,  Loss_bcs: 5.836e-04, Loss_ut_ics: 5.346e-02, lr: 1.000e-03, Time: 7.18e+01
Model state saved to ./results/benchmarks/schrodinger/parameter_grid/2025-09-02_14-03-48-360510/model.pth
Model state saved to ./results/benchmarks/schrodinger/parameter_grid/2025-09-02_14-03-48-360510/model_weights.pth
It: 50, Loss: 2.442e-01, Loss_res: 6.689e-03,  Loss_bcs: 4.574e-04, Loss_ut_ics: 1.152e-01, lr: 1.000e-03, Time: 9.03e+01
Model state saved to ./results/benchmarks/schrodinger/parameter_grid/2025-09-02_14-03-48-360510/model.pth
Model state saved to ./results/benchmarks/schrodinger/parameter_grid/2025-09-02_14-03-48-360510/model_weights.pth
It: 60, Loss: 1.506e-01, Loss_res: 2.345e-04,  Loss_bcs: 3.808e-05, Loss_ut_ics: 7.507e-02, lr: 1.000e-03, Time: 1.08e+02
Model state saved to ./results/benchmarks/schrodinger/parameter_grid/2025-09-02_14-03-48-360510/model.pth
Model state saved to ./results/benchmarks/schrodinger/parameter_grid/2025-09-02_14-03-48-360510/model_weights.pth
It: 70, Loss: 3.195e-01, Loss_res: 2.061e-03,  Loss_bcs: 4.609e-05, Loss_ut_ics: 1.577e-01, lr: 1.000e-03, Time: 1.26e+02
Model state saved to ./results/benchmarks/schrodinger/parameter_grid/2025-09-02_14-03-48-360510/model.pth
Model state saved to ./results/benchmarks/schrodinger/parameter_grid/2025-09-02_14-03-48-360510/model_weights.pth
It: 80, Loss: 5.182e-01, Loss_res: 2.001e-03,  Loss_bcs: 2.315e-04, Loss_ut_ics: 2.570e-01, lr: 1.000e-03, Time: 1.44e+02
Model state saved to ./results/benchmarks/schrodinger/parameter_grid/2025-09-02_14-03-48-360510/model.pth
Model state saved to ./results/benchmarks/schrodinger/parameter_grid/2025-09-02_14-03-48-360510/model_weights.pth
It: 90, Loss: 3.720e-01, Loss_res: 4.772e-04,  Loss_bcs: 3.915e-05, Loss_ut_ics: 1.855e-01, lr: 1.000e-03, Time: 1.62e+02
Model state saved to ./results/benchmarks/schrodinger/parameter_grid/2025-09-02_14-03-48-360510/model.pth
Model state saved to ./results/benchmarks/schrodinger/parameter_grid/2025-09-02_14-03-48-360510/model_weights.pth
It: 100, Loss: 1.356e-01, Loss_res: 3.231e-03,  Loss_bcs: 1.224e-04, Loss_ut_ics: 6.451e-02, lr: 1.000e-03, Time: 1.80e+02
Model state saved to ./results/benchmarks/schrodinger/parameter_grid/2025-09-02_14-03-48-360510/model.pth
Model state saved to ./results/benchmarks/schrodinger/parameter_grid/2025-09-02_14-03-48-360510/model_weights.pth
Model state saved to ./results/benchmarks/schrodinger/parameter_grid/2025-09-02_14-03-48-360510/model.pth
Model state saved to ./results/benchmarks/schrodinger/parameter_grid/2025-09-02_14-03-48-360510/model_weights.pth
Training completed successfuly!, shots made: 3000
Model score: 0.20055149495601654, under: ./results/benchmarks/schrodinger/parameter_grid/2025-09-02_14-00-32-335935
Model state saved to ./results/benchmarks/schrodinger/parameter_grid/2025-09-02_14-00-32-335935/model.pth
Model state saved to ./results/benchmarks/schrodinger/parameter_grid/2025-09-02_14-00-32-335935/model_weights.pth
Using DV Solver
Total number of parameters: 91
The circuit used in the study:
It: 1, Loss: 4.788e-01, Loss_res: 1.168e-01,  Loss_bcs: 4.648e-03, Loss_ut_ics: 1.203e-01, lr: 1.000e-03, Time: 2.89e+00
Model state saved to ./results/benchmarks/schrodinger/parameter_grid/2025-09-02_14-06-49-876259/model.pth
Model state saved to ./results/benchmarks/schrodinger/parameter_grid/2025-09-02_14-06-49-876259/model_weights.pth
It: 10, Loss: 3.327e-01, Loss_res: 5.102e-02,  Loss_bcs: 1.425e-03, Loss_ut_ics: 1.146e-01, lr: 1.000e-03, Time: 2.65e+01
Model state saved to ./results/benchmarks/schrodinger/parameter_grid/2025-09-02_14-06-49-876259/model.pth
Model state saved to ./results/benchmarks/schrodinger/parameter_grid/2025-09-02_14-06-49-876259/model_weights.pth
It: 20, Loss: 2.377e-01, Loss_res: 8.946e-03,  Loss_bcs: 2.786e-04, Loss_ut_ics: 1.098e-01, lr: 1.000e-03, Time: 5.27e+01
Model state saved to ./results/benchmarks/schrodinger/parameter_grid/2025-09-02_14-06-49-876259/model.pth
Model state saved to ./results/benchmarks/schrodinger/parameter_grid/2025-09-02_14-06-49-876259/model_weights.pth
It: 30, Loss: 1.521e-01, Loss_res: 2.445e-03,  Loss_bcs: 1.030e-04, Loss_ut_ics: 7.355e-02, lr: 1.000e-03, Time: 7.88e+01
Model state saved to ./results/benchmarks/schrodinger/parameter_grid/2025-09-02_14-06-49-876259/model.pth
Model state saved to ./results/benchmarks/schrodinger/parameter_grid/2025-09-02_14-06-49-876259/model_weights.pth
It: 40, Loss: 8.624e-02, Loss_res: 1.728e-03,  Loss_bcs: 5.041e-05, Loss_ut_ics: 4.137e-02, lr: 1.000e-03, Time: 1.05e+02
Model state saved to ./results/benchmarks/schrodinger/parameter_grid/2025-09-02_14-06-49-876259/model.pth
Model state saved to ./results/benchmarks/schrodinger/parameter_grid/2025-09-02_14-06-49-876259/model_weights.pth
It: 50, Loss: 1.987e-01, Loss_res: 8.417e-04,  Loss_bcs: 1.068e-05, Loss_ut_ics: 9.852e-02, lr: 1.000e-03, Time: 1.31e+02
Model state saved to ./results/benchmarks/schrodinger/parameter_grid/2025-09-02_14-06-49-876259/model.pth
Model state saved to ./results/benchmarks/schrodinger/parameter_grid/2025-09-02_14-06-49-876259/model_weights.pth
It: 60, Loss: 1.651e-01, Loss_res: 1.180e-03,  Loss_bcs: 1.667e-05, Loss_ut_ics: 8.134e-02, lr: 1.000e-03, Time: 1.58e+02
Model state saved to ./results/benchmarks/schrodinger/parameter_grid/2025-09-02_14-06-49-876259/model.pth
Model state saved to ./results/benchmarks/schrodinger/parameter_grid/2025-09-02_14-06-49-876259/model_weights.pth
It: 70, Loss: 3.347e-01, Loss_res: 1.821e-03,  Loss_bcs: 3.180e-05, Loss_ut_ics: 1.655e-01, lr: 1.000e-03, Time: 1.84e+02
Model state saved to ./results/benchmarks/schrodinger/parameter_grid/2025-09-02_14-06-49-876259/model.pth
Model state saved to ./results/benchmarks/schrodinger/parameter_grid/2025-09-02_14-06-49-876259/model_weights.pth
It: 80, Loss: 4.850e-01, Loss_res: 9.179e-04,  Loss_bcs: 1.462e-05, Loss_ut_ics: 2.416e-01, lr: 1.000e-03, Time: 2.10e+02
Model state saved to ./results/benchmarks/schrodinger/parameter_grid/2025-09-02_14-06-49-876259/model.pth
Model state saved to ./results/benchmarks/schrodinger/parameter_grid/2025-09-02_14-06-49-876259/model_weights.pth
It: 90, Loss: 3.565e-01, Loss_res: 2.134e-03,  Loss_bcs: 1.898e-05, Loss_ut_ics: 1.761e-01, lr: 1.000e-03, Time: 2.36e+02
Model state saved to ./results/benchmarks/schrodinger/parameter_grid/2025-09-02_14-06-49-876259/model.pth
Model state saved to ./results/benchmarks/schrodinger/parameter_grid/2025-09-02_14-06-49-876259/model_weights.pth
It: 100, Loss: 1.345e-01, Loss_res: 1.365e-03,  Loss_bcs: 1.125e-05, Loss_ut_ics: 6.586e-02, lr: 1.000e-03, Time: 2.63e+02
Model state saved to ./results/benchmarks/schrodinger/parameter_grid/2025-09-02_14-06-49-876259/model.pth
Model state saved to ./results/benchmarks/schrodinger/parameter_grid/2025-09-02_14-06-49-876259/model_weights.pth
Model state saved to ./results/benchmarks/schrodinger/parameter_grid/2025-09-02_14-06-49-876259/model.pth
Model state saved to ./results/benchmarks/schrodinger/parameter_grid/2025-09-02_14-06-49-876259/model_weights.pth
Training completed successfuly!, shots made: 3000
Using DV Solver
Total number of parameters: 283
The circuit used in the study:
It: 1, Loss: 1.686e+01, Loss_res: 7.787e+00,  Loss_bcs: 2.789e-01, Loss_ut_ics: 5.014e-01, lr: 1.000e-03, Time: 2.86e+00
Model state saved to ./results/benchmarks/schrodinger/parameter_grid/2025-09-02_14-11-14-085422/model.pth
Model state saved to ./results/benchmarks/schrodinger/parameter_grid/2025-09-02_14-11-14-085422/model_weights.pth
It: 10, Loss: 1.059e+01, Loss_res: 4.968e+00,  Loss_bcs: 1.444e-01, Loss_ut_ics: 2.556e-01, lr: 1.000e-03, Time: 2.64e+01
Model state saved to ./results/benchmarks/schrodinger/parameter_grid/2025-09-02_14-11-14-085422/model.pth
Model state saved to ./results/benchmarks/schrodinger/parameter_grid/2025-09-02_14-11-14-085422/model_weights.pth
It: 20, Loss: 4.641e+00, Loss_res: 2.140e+00,  Loss_bcs: 5.765e-02, Loss_ut_ics: 1.521e-01, lr: 1.000e-03, Time: 5.24e+01
Model state saved to ./results/benchmarks/schrodinger/parameter_grid/2025-09-02_14-11-14-085422/model.pth
Model state saved to ./results/benchmarks/schrodinger/parameter_grid/2025-09-02_14-11-14-085422/model_weights.pth
It: 30, Loss: 1.085e+00, Loss_res: 3.754e-01,  Loss_bcs: 1.764e-02, Loss_ut_ics: 1.581e-01, lr: 1.000e-03, Time: 7.85e+01
Model state saved to ./results/benchmarks/schrodinger/parameter_grid/2025-09-02_14-11-14-085422/model.pth
Model state saved to ./results/benchmarks/schrodinger/parameter_grid/2025-09-02_14-11-14-085422/model_weights.pth
It: 40, Loss: 3.518e-01, Loss_res: 1.381e-01,  Loss_bcs: 6.350e-03, Loss_ut_ics: 3.461e-02, lr: 1.000e-03, Time: 1.05e+02
Model state saved to ./results/benchmarks/schrodinger/parameter_grid/2025-09-02_14-11-14-085422/model.pth
Model state saved to ./results/benchmarks/schrodinger/parameter_grid/2025-09-02_14-11-14-085422/model_weights.pth
It: 50, Loss: 4.715e-01, Loss_res: 1.249e-01,  Loss_bcs: 3.863e-03, Loss_ut_ics: 1.089e-01, lr: 1.000e-03, Time: 2.33e+02
Model state saved to ./results/benchmarks/schrodinger/parameter_grid/2025-09-02_14-11-14-085422/model.pth
Model state saved to ./results/benchmarks/schrodinger/parameter_grid/2025-09-02_14-11-14-085422/model_weights.pth
It: 60, Loss: 3.925e-01, Loss_res: 7.470e-02,  Loss_bcs: 2.269e-03, Loss_ut_ics: 1.204e-01, lr: 1.000e-03, Time: 2.62e+02
Model state saved to ./results/benchmarks/schrodinger/parameter_grid/2025-09-02_14-11-14-085422/model.pth
Model state saved to ./results/benchmarks/schrodinger/parameter_grid/2025-09-02_14-11-14-085422/model_weights.pth
It: 70, Loss: 5.590e-01, Loss_res: 5.693e-02,  Loss_bcs: 1.217e-03, Loss_ut_ics: 2.220e-01, lr: 1.000e-03, Time: 2.91e+02
Model state saved to ./results/benchmarks/schrodinger/parameter_grid/2025-09-02_14-11-14-085422/model.pth
Model state saved to ./results/benchmarks/schrodinger/parameter_grid/2025-09-02_14-11-14-085422/model_weights.pth
It: 80, Loss: 5.639e-01, Loss_res: 2.687e-02,  Loss_bcs: 5.955e-04, Loss_ut_ics: 2.548e-01, lr: 1.000e-03, Time: 3.20e+02
Model state saved to ./results/benchmarks/schrodinger/parameter_grid/2025-09-02_14-11-14-085422/model.pth
Model state saved to ./results/benchmarks/schrodinger/parameter_grid/2025-09-02_14-11-14-085422/model_weights.pth
It: 90, Loss: 3.674e-01, Loss_res: 2.151e-02,  Loss_bcs: 3.017e-04, Loss_ut_ics: 1.620e-01, lr: 1.000e-03, Time: 3.48e+02
Model state saved to ./results/benchmarks/schrodinger/parameter_grid/2025-09-02_14-11-14-085422/model.pth
Model state saved to ./results/benchmarks/schrodinger/parameter_grid/2025-09-02_14-11-14-085422/model_weights.pth
It: 100, Loss: 1.887e-01, Loss_res: 1.807e-02,  Loss_bcs: 1.530e-04, Loss_ut_ics: 7.623e-02, lr: 1.000e-03, Time: 3.75e+02
Model state saved to ./results/benchmarks/schrodinger/parameter_grid/2025-09-02_14-11-14-085422/model.pth
Model state saved to ./results/benchmarks/schrodinger/parameter_grid/2025-09-02_14-11-14-085422/model_weights.pth
Model state saved to ./results/benchmarks/schrodinger/parameter_grid/2025-09-02_14-11-14-085422/model.pth
Model state saved to ./results/benchmarks/schrodinger/parameter_grid/2025-09-02_14-11-14-085422/model_weights.pth
Training completed successfuly!, shots made: 3000
Using DV Solver
Total number of parameters: 1051
The circuit used in the study:
It: 1, Loss: 6.879e+00, Loss_res: 3.139e+00,  Loss_bcs: 9.979e-02, Loss_ut_ics: 2.509e-01, lr: 1.000e-03, Time: 3.05e+00
Model state saved to ./results/benchmarks/schrodinger/parameter_grid/2025-09-02_14-17-31-224077/model.pth
Model state saved to ./results/benchmarks/schrodinger/parameter_grid/2025-09-02_14-17-31-224077/model_weights.pth
It: 10, Loss: 5.781e-01, Loss_res: 1.887e-01,  Loss_bcs: 7.014e-03, Loss_ut_ics: 9.682e-02, lr: 1.000e-03, Time: 2.81e+01
Model state saved to ./results/benchmarks/schrodinger/parameter_grid/2025-09-02_14-17-31-224077/model.pth
Model state saved to ./results/benchmarks/schrodinger/parameter_grid/2025-09-02_14-17-31-224077/model_weights.pth
It: 20, Loss: 5.487e-01, Loss_res: 1.567e-01,  Loss_bcs: 4.679e-03, Loss_ut_ics: 1.153e-01, lr: 1.000e-03, Time: 5.57e+01
Model state saved to ./results/benchmarks/schrodinger/parameter_grid/2025-09-02_14-17-31-224077/model.pth
Model state saved to ./results/benchmarks/schrodinger/parameter_grid/2025-09-02_14-17-31-224077/model_weights.pth
It: 30, Loss: 1.950e-01, Loss_res: 3.585e-02,  Loss_bcs: 1.575e-03, Loss_ut_ics: 6.084e-02, lr: 1.000e-03, Time: 8.46e+01
Model state saved to ./results/benchmarks/schrodinger/parameter_grid/2025-09-02_14-17-31-224077/model.pth
Model state saved to ./results/benchmarks/schrodinger/parameter_grid/2025-09-02_14-17-31-224077/model_weights.pth
It: 40, Loss: 9.559e-02, Loss_res: 3.814e-03,  Loss_bcs: 5.370e-04, Loss_ut_ics: 4.372e-02, lr: 1.000e-03, Time: 1.14e+02
Model state saved to ./results/benchmarks/schrodinger/parameter_grid/2025-09-02_14-17-31-224077/model.pth
Model state saved to ./results/benchmarks/schrodinger/parameter_grid/2025-09-02_14-17-31-224077/model_weights.pth
It: 50, Loss: 2.183e-01, Loss_res: 4.200e-03,  Loss_bcs: 4.413e-04, Loss_ut_ics: 1.047e-01, lr: 1.000e-03, Time: 1.44e+02
Model state saved to ./results/benchmarks/schrodinger/parameter_grid/2025-09-02_14-17-31-224077/model.pth
Model state saved to ./results/benchmarks/schrodinger/parameter_grid/2025-09-02_14-17-31-224077/model_weights.pth
It: 60, Loss: 1.522e-01, Loss_res: 2.684e-03,  Loss_bcs: 5.278e-05, Loss_ut_ics: 7.341e-02, lr: 1.000e-03, Time: 1.72e+02
Model state saved to ./results/benchmarks/schrodinger/parameter_grid/2025-09-02_14-17-31-224077/model.pth
Model state saved to ./results/benchmarks/schrodinger/parameter_grid/2025-09-02_14-17-31-224077/model_weights.pth
It: 70, Loss: 3.185e-01, Loss_res: 3.748e-03,  Loss_bcs: 5.074e-05, Loss_ut_ics: 1.555e-01, lr: 1.000e-03, Time: 2.02e+02
Model state saved to ./results/benchmarks/schrodinger/parameter_grid/2025-09-02_14-17-31-224077/model.pth
Model state saved to ./results/benchmarks/schrodinger/parameter_grid/2025-09-02_14-17-31-224077/model_weights.pth
It: 80, Loss: 5.028e-01, Loss_res: 1.642e-03,  Loss_bcs: 5.635e-05, Loss_ut_ics: 2.497e-01, lr: 1.000e-03, Time: 2.30e+02
Model state saved to ./results/benchmarks/schrodinger/parameter_grid/2025-09-02_14-17-31-224077/model.pth
Model state saved to ./results/benchmarks/schrodinger/parameter_grid/2025-09-02_14-17-31-224077/model_weights.pth
It: 90, Loss: 3.847e-01, Loss_res: 1.932e-03,  Loss_bcs: 7.951e-05, Loss_ut_ics: 1.904e-01, lr: 1.000e-03, Time: 2.58e+02
Model state saved to ./results/benchmarks/schrodinger/parameter_grid/2025-09-02_14-17-31-224077/model.pth
Model state saved to ./results/benchmarks/schrodinger/parameter_grid/2025-09-02_14-17-31-224077/model_weights.pth
It: 100, Loss: 1.303e-01, Loss_res: 2.050e-03,  Loss_bcs: 3.803e-05, Loss_ut_ics: 6.306e-02, lr: 1.000e-03, Time: 2.86e+02
Model state saved to ./results/benchmarks/schrodinger/parameter_grid/2025-09-02_14-17-31-224077/model.pth
Model state saved to ./results/benchmarks/schrodinger/parameter_grid/2025-09-02_14-17-31-224077/model_weights.pth
Model state saved to ./results/benchmarks/schrodinger/parameter_grid/2025-09-02_14-17-31-224077/model.pth
Model state saved to ./results/benchmarks/schrodinger/parameter_grid/2025-09-02_14-17-31-224077/model_weights.pth
Training completed successfuly!, shots made: 3000
Using DV Solver
Total number of parameters: 4123
The circuit used in the study:
It: 1, Loss: 5.965e+00, Loss_res: 2.780e+00,  Loss_bcs: 9.958e-02, Loss_ut_ics: 1.523e-01, lr: 1.000e-03, Time: 3.01e+00
Model state saved to ./results/benchmarks/schrodinger/parameter_grid/2025-09-02_14-22-19-420335/model.pth
Model state saved to ./results/benchmarks/schrodinger/parameter_grid/2025-09-02_14-22-19-420335/model_weights.pth
It: 10, Loss: 4.698e-01, Loss_res: 1.060e-01,  Loss_bcs: 3.773e-03, Loss_ut_ics: 1.270e-01, lr: 1.000e-03, Time: 2.78e+01
Model state saved to ./results/benchmarks/schrodinger/parameter_grid/2025-09-02_14-22-19-420335/model.pth
Model state saved to ./results/benchmarks/schrodinger/parameter_grid/2025-09-02_14-22-19-420335/model_weights.pth
It: 20, Loss: 4.845e-01, Loss_res: 1.355e-01,  Loss_bcs: 5.177e-03, Loss_ut_ics: 1.041e-01, lr: 1.000e-03, Time: 5.57e+01
Model state saved to ./results/benchmarks/schrodinger/parameter_grid/2025-09-02_14-22-19-420335/model.pth
Model state saved to ./results/benchmarks/schrodinger/parameter_grid/2025-09-02_14-22-19-420335/model_weights.pth
It: 30, Loss: 1.626e-01, Loss_res: 2.081e-02,  Loss_bcs: 5.081e-04, Loss_ut_ics: 6.024e-02, lr: 1.000e-03, Time: 8.35e+01
Model state saved to ./results/benchmarks/schrodinger/parameter_grid/2025-09-02_14-22-19-420335/model.pth
Model state saved to ./results/benchmarks/schrodinger/parameter_grid/2025-09-02_14-22-19-420335/model_weights.pth
It: 40, Loss: 1.095e-01, Loss_res: 1.997e-03,  Loss_bcs: 3.331e-04, Loss_ut_ics: 5.258e-02, lr: 1.000e-03, Time: 1.11e+02
Model state saved to ./results/benchmarks/schrodinger/parameter_grid/2025-09-02_14-22-19-420335/model.pth
Model state saved to ./results/benchmarks/schrodinger/parameter_grid/2025-09-02_14-22-19-420335/model_weights.pth
It: 50, Loss: 2.248e-01, Loss_res: 2.237e-03,  Loss_bcs: 1.036e-03, Loss_ut_ics: 1.096e-01, lr: 1.000e-03, Time: 1.40e+02
Model state saved to ./results/benchmarks/schrodinger/parameter_grid/2025-09-02_14-22-19-420335/model.pth
Model state saved to ./results/benchmarks/schrodinger/parameter_grid/2025-09-02_14-22-19-420335/model_weights.pth
It: 60, Loss: 1.624e-01, Loss_res: 8.091e-03,  Loss_bcs: 2.910e-04, Loss_ut_ics: 7.298e-02, lr: 1.000e-03, Time: 1.69e+02
Model state saved to ./results/benchmarks/schrodinger/parameter_grid/2025-09-02_14-22-19-420335/model.pth
Model state saved to ./results/benchmarks/schrodinger/parameter_grid/2025-09-02_14-22-19-420335/model_weights.pth
It: 70, Loss: 3.308e-01, Loss_res: 3.054e-03,  Loss_bcs: 4.589e-05, Loss_ut_ics: 1.623e-01, lr: 1.000e-03, Time: 1.96e+02
Model state saved to ./results/benchmarks/schrodinger/parameter_grid/2025-09-02_14-22-19-420335/model.pth
Model state saved to ./results/benchmarks/schrodinger/parameter_grid/2025-09-02_14-22-19-420335/model_weights.pth
It: 80, Loss: 4.957e-01, Loss_res: 1.531e-03,  Loss_bcs: 1.243e-04, Loss_ut_ics: 2.463e-01, lr: 1.000e-03, Time: 2.22e+02
Model state saved to ./results/benchmarks/schrodinger/parameter_grid/2025-09-02_14-22-19-420335/model.pth
Model state saved to ./results/benchmarks/schrodinger/parameter_grid/2025-09-02_14-22-19-420335/model_weights.pth
It: 90, Loss: 3.894e-01, Loss_res: 2.865e-03,  Loss_bcs: 2.519e-05, Loss_ut_ics: 1.918e-01, lr: 1.000e-03, Time: 2.48e+02
Model state saved to ./results/benchmarks/schrodinger/parameter_grid/2025-09-02_14-22-19-420335/model.pth
Model state saved to ./results/benchmarks/schrodinger/parameter_grid/2025-09-02_14-22-19-420335/model_weights.pth
It: 100, Loss: 1.290e-01, Loss_res: 1.801e-03,  Loss_bcs: 1.282e-05, Loss_ut_ics: 6.268e-02, lr: 1.000e-03, Time: 2.75e+02
Model state saved to ./results/benchmarks/schrodinger/parameter_grid/2025-09-02_14-22-19-420335/model.pth
Model state saved to ./results/benchmarks/schrodinger/parameter_grid/2025-09-02_14-22-19-420335/model_weights.pth
Model state saved to ./results/benchmarks/schrodinger/parameter_grid/2025-09-02_14-22-19-420335/model.pth
Model state saved to ./results/benchmarks/schrodinger/parameter_grid/2025-09-02_14-22-19-420335/model_weights.pth
Training completed successfuly!, shots made: 3000
Model score: 0.1988169103860855, under: ./results/benchmarks/schrodinger/parameter_grid/2025-09-02_14-17-31-224077
Model state saved to ./results/benchmarks/schrodinger/parameter_grid/2025-09-02_14-17-31-224077/model.pth
Model state saved to ./results/benchmarks/schrodinger/parameter_grid/2025-09-02_14-17-31-224077/model_weights.pth
Using DV Solver
Total number of parameters: 101
The circuit used in the study:
It: 1, Loss: 7.428e-01, Loss_res: 2.612e-01,  Loss_bcs: 9.689e-03, Loss_ut_ics: 1.053e-01, lr: 1.000e-03, Time: 4.08e+00
Model state saved to ./results/benchmarks/schrodinger/parameter_grid/2025-09-02_14-26-56-435127/model.pth
Model state saved to ./results/benchmarks/schrodinger/parameter_grid/2025-09-02_14-26-56-435127/model_weights.pth
It: 10, Loss: 4.237e-01, Loss_res: 8.445e-02,  Loss_bcs: 2.901e-03, Loss_ut_ics: 1.259e-01, lr: 1.000e-03, Time: 3.59e+01
Model state saved to ./results/benchmarks/schrodinger/parameter_grid/2025-09-02_14-26-56-435127/model.pth
Model state saved to ./results/benchmarks/schrodinger/parameter_grid/2025-09-02_14-26-56-435127/model_weights.pth
It: 20, Loss: 2.657e-01, Loss_res: 9.568e-03,  Loss_bcs: 3.150e-04, Loss_ut_ics: 1.231e-01, lr: 1.000e-03, Time: 7.21e+01
Model state saved to ./results/benchmarks/schrodinger/parameter_grid/2025-09-02_14-26-56-435127/model.pth
Model state saved to ./results/benchmarks/schrodinger/parameter_grid/2025-09-02_14-26-56-435127/model_weights.pth
It: 30, Loss: 1.793e-01, Loss_res: 5.394e-03,  Loss_bcs: 1.176e-04, Loss_ut_ics: 8.421e-02, lr: 1.000e-03, Time: 1.08e+02
Model state saved to ./results/benchmarks/schrodinger/parameter_grid/2025-09-02_14-26-56-435127/model.pth
Model state saved to ./results/benchmarks/schrodinger/parameter_grid/2025-09-02_14-26-56-435127/model_weights.pth
It: 40, Loss: 9.932e-02, Loss_res: 4.138e-03,  Loss_bcs: 8.650e-05, Loss_ut_ics: 4.548e-02, lr: 1.000e-03, Time: 1.45e+02
Model state saved to ./results/benchmarks/schrodinger/parameter_grid/2025-09-02_14-26-56-435127/model.pth
Model state saved to ./results/benchmarks/schrodinger/parameter_grid/2025-09-02_14-26-56-435127/model_weights.pth
It: 50, Loss: 2.301e-01, Loss_res: 1.197e-03,  Loss_bcs: 3.393e-05, Loss_ut_ics: 1.138e-01, lr: 1.000e-03, Time: 1.80e+02
Model state saved to ./results/benchmarks/schrodinger/parameter_grid/2025-09-02_14-26-56-435127/model.pth
Model state saved to ./results/benchmarks/schrodinger/parameter_grid/2025-09-02_14-26-56-435127/model_weights.pth
It: 60, Loss: 1.794e-01, Loss_res: 8.911e-04,  Loss_bcs: 3.985e-05, Loss_ut_ics: 8.879e-02, lr: 1.000e-03, Time: 2.15e+02
Model state saved to ./results/benchmarks/schrodinger/parameter_grid/2025-09-02_14-26-56-435127/model.pth
Model state saved to ./results/benchmarks/schrodinger/parameter_grid/2025-09-02_14-26-56-435127/model_weights.pth
It: 70, Loss: 3.671e-01, Loss_res: 1.634e-03,  Loss_bcs: 4.929e-05, Loss_ut_ics: 1.819e-01, lr: 1.000e-03, Time: 2.50e+02
Model state saved to ./results/benchmarks/schrodinger/parameter_grid/2025-09-02_14-26-56-435127/model.pth
Model state saved to ./results/benchmarks/schrodinger/parameter_grid/2025-09-02_14-26-56-435127/model_weights.pth
It: 80, Loss: 5.376e-01, Loss_res: 1.297e-03,  Loss_bcs: 2.397e-05, Loss_ut_ics: 2.675e-01, lr: 1.000e-03, Time: 2.85e+02
Model state saved to ./results/benchmarks/schrodinger/parameter_grid/2025-09-02_14-26-56-435127/model.pth
Model state saved to ./results/benchmarks/schrodinger/parameter_grid/2025-09-02_14-26-56-435127/model_weights.pth
It: 90, Loss: 3.923e-01, Loss_res: 1.084e-03,  Loss_bcs: 1.540e-05, Loss_ut_ics: 1.950e-01, lr: 1.000e-03, Time: 3.21e+02
Model state saved to ./results/benchmarks/schrodinger/parameter_grid/2025-09-02_14-26-56-435127/model.pth
Model state saved to ./results/benchmarks/schrodinger/parameter_grid/2025-09-02_14-26-56-435127/model_weights.pth
It: 100, Loss: 1.416e-01, Loss_res: 1.093e-03,  Loss_bcs: 1.375e-05, Loss_ut_ics: 6.970e-02, lr: 1.000e-03, Time: 3.56e+02
Model state saved to ./results/benchmarks/schrodinger/parameter_grid/2025-09-02_14-26-56-435127/model.pth
Model state saved to ./results/benchmarks/schrodinger/parameter_grid/2025-09-02_14-26-56-435127/model_weights.pth
Model state saved to ./results/benchmarks/schrodinger/parameter_grid/2025-09-02_14-26-56-435127/model.pth
Model state saved to ./results/benchmarks/schrodinger/parameter_grid/2025-09-02_14-26-56-435127/model_weights.pth
Training completed successfuly!, shots made: 3000
Using DV Solver
Total number of parameters: 293
The circuit used in the study:
It: 1, Loss: 1.955e+01, Loss_res: 9.121e+00,  Loss_bcs: 2.922e-01, Loss_ut_ics: 5.075e-01, lr: 1.000e-03, Time: 3.99e+00
Model state saved to ./results/benchmarks/schrodinger/parameter_grid/2025-09-02_14-32-54-723551/model.pth
Model state saved to ./results/benchmarks/schrodinger/parameter_grid/2025-09-02_14-32-54-723551/model_weights.pth
It: 10, Loss: 1.225e+01, Loss_res: 5.799e+00,  Loss_bcs: 1.821e-01, Loss_ut_ics: 2.361e-01, lr: 1.000e-03, Time: 3.51e+01
Model state saved to ./results/benchmarks/schrodinger/parameter_grid/2025-09-02_14-32-54-723551/model.pth
Model state saved to ./results/benchmarks/schrodinger/parameter_grid/2025-09-02_14-32-54-723551/model_weights.pth
It: 20, Loss: 7.289e+00, Loss_res: 3.441e+00,  Loss_bcs: 1.041e-01, Loss_ut_ics: 1.517e-01, lr: 1.000e-03, Time: 6.98e+01
Model state saved to ./results/benchmarks/schrodinger/parameter_grid/2025-09-02_14-32-54-723551/model.pth
Model state saved to ./results/benchmarks/schrodinger/parameter_grid/2025-09-02_14-32-54-723551/model_weights.pth
It: 30, Loss: 2.572e+00, Loss_res: 1.077e+00,  Loss_bcs: 5.414e-02, Loss_ut_ics: 1.819e-01, lr: 1.000e-03, Time: 1.05e+02
Model state saved to ./results/benchmarks/schrodinger/parameter_grid/2025-09-02_14-32-54-723551/model.pth
Model state saved to ./results/benchmarks/schrodinger/parameter_grid/2025-09-02_14-32-54-723551/model_weights.pth
It: 40, Loss: 9.858e-01, Loss_res: 4.397e-01,  Loss_bcs: 2.611e-02, Loss_ut_ics: 4.016e-02, lr: 1.000e-03, Time: 1.39e+02
Model state saved to ./results/benchmarks/schrodinger/parameter_grid/2025-09-02_14-32-54-723551/model.pth
Model state saved to ./results/benchmarks/schrodinger/parameter_grid/2025-09-02_14-32-54-723551/model_weights.pth
It: 50, Loss: 7.253e-01, Loss_res: 2.256e-01,  Loss_bcs: 1.139e-02, Loss_ut_ics: 1.314e-01, lr: 1.000e-03, Time: 1.74e+02
Model state saved to ./results/benchmarks/schrodinger/parameter_grid/2025-09-02_14-32-54-723551/model.pth
Model state saved to ./results/benchmarks/schrodinger/parameter_grid/2025-09-02_14-32-54-723551/model_weights.pth
It: 60, Loss: 3.503e-01, Loss_res: 8.396e-02,  Loss_bcs: 3.959e-03, Loss_ut_ics: 8.921e-02, lr: 1.000e-03, Time: 2.13e+02
Model state saved to ./results/benchmarks/schrodinger/parameter_grid/2025-09-02_14-32-54-723551/model.pth
Model state saved to ./results/benchmarks/schrodinger/parameter_grid/2025-09-02_14-32-54-723551/model_weights.pth
It: 70, Loss: 4.578e-01, Loss_res: 5.775e-02,  Loss_bcs: 1.507e-03, Loss_ut_ics: 1.704e-01, lr: 1.000e-03, Time: 2.51e+02
Model state saved to ./results/benchmarks/schrodinger/parameter_grid/2025-09-02_14-32-54-723551/model.pth
Model state saved to ./results/benchmarks/schrodinger/parameter_grid/2025-09-02_14-32-54-723551/model_weights.pth
It: 80, Loss: 5.807e-01, Loss_res: 2.957e-02,  Loss_bcs: 9.257e-04, Loss_ut_ics: 2.603e-01, lr: 1.000e-03, Time: 2.88e+02
Model state saved to ./results/benchmarks/schrodinger/parameter_grid/2025-09-02_14-32-54-723551/model.pth
Model state saved to ./results/benchmarks/schrodinger/parameter_grid/2025-09-02_14-32-54-723551/model_weights.pth
It: 90, Loss: 5.007e-01, Loss_res: 4.842e-02,  Loss_bcs: 8.232e-04, Loss_ut_ics: 2.015e-01, lr: 1.000e-03, Time: 3.23e+02
Model state saved to ./results/benchmarks/schrodinger/parameter_grid/2025-09-02_14-32-54-723551/model.pth
Model state saved to ./results/benchmarks/schrodinger/parameter_grid/2025-09-02_14-32-54-723551/model_weights.pth
It: 100, Loss: 2.044e-01, Loss_res: 3.838e-02,  Loss_bcs: 6.128e-04, Loss_ut_ics: 6.352e-02, lr: 1.000e-03, Time: 3.58e+02
Model state saved to ./results/benchmarks/schrodinger/parameter_grid/2025-09-02_14-32-54-723551/model.pth
Model state saved to ./results/benchmarks/schrodinger/parameter_grid/2025-09-02_14-32-54-723551/model_weights.pth
Model state saved to ./results/benchmarks/schrodinger/parameter_grid/2025-09-02_14-32-54-723551/model.pth
Model state saved to ./results/benchmarks/schrodinger/parameter_grid/2025-09-02_14-32-54-723551/model_weights.pth
Training completed successfuly!, shots made: 3000
Using DV Solver
Total number of parameters: 1061
The circuit used in the study:
It: 1, Loss: 7.394e+00, Loss_res: 3.391e+00,  Loss_bcs: 1.036e-01, Loss_ut_ics: 2.540e-01, lr: 1.000e-03, Time: 3.90e+00
Model state saved to ./results/benchmarks/schrodinger/parameter_grid/2025-09-02_14-38-54-538131/model.pth
Model state saved to ./results/benchmarks/schrodinger/parameter_grid/2025-09-02_14-38-54-538131/model_weights.pth
It: 10, Loss: 8.488e-01, Loss_res: 3.068e-01,  Loss_bcs: 1.052e-02, Loss_ut_ics: 1.124e-01, lr: 1.000e-03, Time: 3.59e+01
Model state saved to ./results/benchmarks/schrodinger/parameter_grid/2025-09-02_14-38-54-538131/model.pth
Model state saved to ./results/benchmarks/schrodinger/parameter_grid/2025-09-02_14-38-54-538131/model_weights.pth
It: 20, Loss: 5.237e-01, Loss_res: 1.213e-01,  Loss_bcs: 4.017e-03, Loss_ut_ics: 1.386e-01, lr: 1.000e-03, Time: 7.09e+01
Model state saved to ./results/benchmarks/schrodinger/parameter_grid/2025-09-02_14-38-54-538131/model.pth
Model state saved to ./results/benchmarks/schrodinger/parameter_grid/2025-09-02_14-38-54-538131/model_weights.pth
It: 30, Loss: 2.025e-01, Loss_res: 4.261e-02,  Loss_bcs: 1.600e-03, Loss_ut_ics: 5.783e-02, lr: 1.000e-03, Time: 1.06e+02
Model state saved to ./results/benchmarks/schrodinger/parameter_grid/2025-09-02_14-38-54-538131/model.pth
Model state saved to ./results/benchmarks/schrodinger/parameter_grid/2025-09-02_14-38-54-538131/model_weights.pth
It: 40, Loss: 1.248e-01, Loss_res: 7.725e-03,  Loss_bcs: 6.429e-04, Loss_ut_ics: 5.438e-02, lr: 1.000e-03, Time: 1.41e+02
Model state saved to ./results/benchmarks/schrodinger/parameter_grid/2025-09-02_14-38-54-538131/model.pth
Model state saved to ./results/benchmarks/schrodinger/parameter_grid/2025-09-02_14-38-54-538131/model_weights.pth
It: 50, Loss: 2.553e-01, Loss_res: 6.784e-03,  Loss_bcs: 4.396e-04, Loss_ut_ics: 1.207e-01, lr: 1.000e-03, Time: 1.78e+02
Model state saved to ./results/benchmarks/schrodinger/parameter_grid/2025-09-02_14-38-54-538131/model.pth
Model state saved to ./results/benchmarks/schrodinger/parameter_grid/2025-09-02_14-38-54-538131/model_weights.pth
It: 60, Loss: 1.437e-01, Loss_res: 3.329e-03,  Loss_bcs: 1.481e-05, Loss_ut_ics: 6.851e-02, lr: 1.000e-03, Time: 2.15e+02
Model state saved to ./results/benchmarks/schrodinger/parameter_grid/2025-09-02_14-38-54-538131/model.pth
Model state saved to ./results/benchmarks/schrodinger/parameter_grid/2025-09-02_14-38-54-538131/model_weights.pth
It: 70, Loss: 3.134e-01, Loss_res: 4.241e-03,  Loss_bcs: 5.953e-05, Loss_ut_ics: 1.524e-01, lr: 1.000e-03, Time: 2.51e+02
Model state saved to ./results/benchmarks/schrodinger/parameter_grid/2025-09-02_14-38-54-538131/model.pth
Model state saved to ./results/benchmarks/schrodinger/parameter_grid/2025-09-02_14-38-54-538131/model_weights.pth
It: 80, Loss: 5.325e-01, Loss_res: 1.451e-03,  Loss_bcs: 5.049e-05, Loss_ut_ics: 2.648e-01, lr: 1.000e-03, Time: 2.88e+02
Model state saved to ./results/benchmarks/schrodinger/parameter_grid/2025-09-02_14-38-54-538131/model.pth
Model state saved to ./results/benchmarks/schrodinger/parameter_grid/2025-09-02_14-38-54-538131/model_weights.pth
It: 90, Loss: 4.297e-01, Loss_res: 3.541e-03,  Loss_bcs: 6.635e-05, Loss_ut_ics: 2.113e-01, lr: 1.000e-03, Time: 3.25e+02
Model state saved to ./results/benchmarks/schrodinger/parameter_grid/2025-09-02_14-38-54-538131/model.pth
Model state saved to ./results/benchmarks/schrodinger/parameter_grid/2025-09-02_14-38-54-538131/model_weights.pth
It: 100, Loss: 1.327e-01, Loss_res: 1.110e-03,  Loss_bcs: 2.037e-05, Loss_ut_ics: 6.524e-02, lr: 1.000e-03, Time: 3.62e+02
Model state saved to ./results/benchmarks/schrodinger/parameter_grid/2025-09-02_14-38-54-538131/model.pth
Model state saved to ./results/benchmarks/schrodinger/parameter_grid/2025-09-02_14-38-54-538131/model_weights.pth
Model state saved to ./results/benchmarks/schrodinger/parameter_grid/2025-09-02_14-38-54-538131/model.pth
Model state saved to ./results/benchmarks/schrodinger/parameter_grid/2025-09-02_14-38-54-538131/model_weights.pth
Training completed successfuly!, shots made: 3000
Using DV Solver
Total number of parameters: 4133
The circuit used in the study:
It: 1, Loss: 1.774e+00, Loss_res: 7.836e-01,  Loss_bcs: 3.290e-02, Loss_ut_ics: 8.692e-02, lr: 1.000e-03, Time: 4.24e+00
Model state saved to ./results/benchmarks/schrodinger/parameter_grid/2025-09-02_14-44-59-130868/model.pth
Model state saved to ./results/benchmarks/schrodinger/parameter_grid/2025-09-02_14-44-59-130868/model_weights.pth
It: 10, Loss: 4.353e-01, Loss_res: 1.126e-01,  Loss_bcs: 3.661e-03, Loss_ut_ics: 1.032e-01, lr: 1.000e-03, Time: 3.77e+01
Model state saved to ./results/benchmarks/schrodinger/parameter_grid/2025-09-02_14-44-59-130868/model.pth
Model state saved to ./results/benchmarks/schrodinger/parameter_grid/2025-09-02_14-44-59-130868/model_weights.pth
It: 20, Loss: 3.526e-01, Loss_res: 5.462e-02,  Loss_bcs: 1.595e-03, Loss_ut_ics: 1.209e-01, lr: 1.000e-03, Time: 7.44e+01
Model state saved to ./results/benchmarks/schrodinger/parameter_grid/2025-09-02_14-44-59-130868/model.pth
Model state saved to ./results/benchmarks/schrodinger/parameter_grid/2025-09-02_14-44-59-130868/model_weights.pth
It: 30, Loss: 1.791e-01, Loss_res: 1.242e-02,  Loss_bcs: 6.004e-04, Loss_ut_ics: 7.685e-02, lr: 1.000e-03, Time: 1.11e+02
Model state saved to ./results/benchmarks/schrodinger/parameter_grid/2025-09-02_14-44-59-130868/model.pth
Model state saved to ./results/benchmarks/schrodinger/parameter_grid/2025-09-02_14-44-59-130868/model_weights.pth
It: 40, Loss: 9.983e-02, Loss_res: 3.294e-03,  Loss_bcs: 2.017e-04, Loss_ut_ics: 4.652e-02, lr: 1.000e-03, Time: 1.48e+02
Model state saved to ./results/benchmarks/schrodinger/parameter_grid/2025-09-02_14-44-59-130868/model.pth
Model state saved to ./results/benchmarks/schrodinger/parameter_grid/2025-09-02_14-44-59-130868/model_weights.pth
It: 50, Loss: 2.186e-01, Loss_res: 1.517e-03,  Loss_bcs: 8.531e-05, Loss_ut_ics: 1.078e-01, lr: 1.000e-03, Time: 1.84e+02
Model state saved to ./results/benchmarks/schrodinger/parameter_grid/2025-09-02_14-44-59-130868/model.pth
Model state saved to ./results/benchmarks/schrodinger/parameter_grid/2025-09-02_14-44-59-130868/model_weights.pth
It: 60, Loss: 1.540e-01, Loss_res: 1.288e-03,  Loss_bcs: 3.048e-05, Loss_ut_ics: 7.568e-02, lr: 1.000e-03, Time: 2.21e+02
Model state saved to ./results/benchmarks/schrodinger/parameter_grid/2025-09-02_14-44-59-130868/model.pth
Model state saved to ./results/benchmarks/schrodinger/parameter_grid/2025-09-02_14-44-59-130868/model_weights.pth
It: 70, Loss: 3.258e-01, Loss_res: 1.387e-03,  Loss_bcs: 6.919e-05, Loss_ut_ics: 1.615e-01, lr: 1.000e-03, Time: 2.57e+02
Model state saved to ./results/benchmarks/schrodinger/parameter_grid/2025-09-02_14-44-59-130868/model.pth
Model state saved to ./results/benchmarks/schrodinger/parameter_grid/2025-09-02_14-44-59-130868/model_weights.pth
It: 80, Loss: 4.972e-01, Loss_res: 1.142e-03,  Loss_bcs: 8.220e-05, Loss_ut_ics: 2.474e-01, lr: 1.000e-03, Time: 2.94e+02
Model state saved to ./results/benchmarks/schrodinger/parameter_grid/2025-09-02_14-44-59-130868/model.pth
Model state saved to ./results/benchmarks/schrodinger/parameter_grid/2025-09-02_14-44-59-130868/model_weights.pth
It: 90, Loss: 3.920e-01, Loss_res: 2.495e-03,  Loss_bcs: 6.409e-05, Loss_ut_ics: 1.935e-01, lr: 1.000e-03, Time: 3.31e+02
Model state saved to ./results/benchmarks/schrodinger/parameter_grid/2025-09-02_14-44-59-130868/model.pth
Model state saved to ./results/benchmarks/schrodinger/parameter_grid/2025-09-02_14-44-59-130868/model_weights.pth
It: 100, Loss: 1.280e-01, Loss_res: 1.547e-03,  Loss_bcs: 3.396e-05, Loss_ut_ics: 6.245e-02, lr: 1.000e-03, Time: 3.68e+02
Model state saved to ./results/benchmarks/schrodinger/parameter_grid/2025-09-02_14-44-59-130868/model.pth
Model state saved to ./results/benchmarks/schrodinger/parameter_grid/2025-09-02_14-44-59-130868/model_weights.pth
Model state saved to ./results/benchmarks/schrodinger/parameter_grid/2025-09-02_14-44-59-130868/model.pth
Model state saved to ./results/benchmarks/schrodinger/parameter_grid/2025-09-02_14-44-59-130868/model_weights.pth
Training completed successfuly!, shots made: 3000
Model score: 0.20092594623565674, under: ./results/benchmarks/schrodinger/parameter_grid/2025-09-02_14-44-59-130868
Model state saved to ./results/benchmarks/schrodinger/parameter_grid/2025-09-02_14-44-59-130868/model.pth
Model state saved to ./results/benchmarks/schrodinger/parameter_grid/2025-09-02_14-44-59-130868/model_weights.pth
Using DV Solver
Total number of parameters: 111
The circuit used in the study:
It: 1, Loss: 8.885e-01, Loss_res: 3.529e-01,  Loss_bcs: 9.842e-03, Loss_ut_ics: 8.638e-02, lr: 1.000e-03, Time: 5.08e+00
Model state saved to ./results/benchmarks/schrodinger/parameter_grid/2025-09-02_14-51-09-928274/model.pth
Model state saved to ./results/benchmarks/schrodinger/parameter_grid/2025-09-02_14-51-09-928274/model_weights.pth
It: 10, Loss: 4.060e-01, Loss_res: 1.022e-01,  Loss_bcs: 5.198e-03, Loss_ut_ics: 9.817e-02, lr: 1.000e-03, Time: 4.63e+01
Model state saved to ./results/benchmarks/schrodinger/parameter_grid/2025-09-02_14-51-09-928274/model.pth
Model state saved to ./results/benchmarks/schrodinger/parameter_grid/2025-09-02_14-51-09-928274/model_weights.pth
It: 20, Loss: 3.819e-01, Loss_res: 7.441e-02,  Loss_bcs: 2.589e-03, Loss_ut_ics: 1.153e-01, lr: 1.000e-03, Time: 9.17e+01
Model state saved to ./results/benchmarks/schrodinger/parameter_grid/2025-09-02_14-51-09-928274/model.pth
Model state saved to ./results/benchmarks/schrodinger/parameter_grid/2025-09-02_14-51-09-928274/model_weights.pth
It: 30, Loss: 1.634e-01, Loss_res: 1.812e-02,  Loss_bcs: 1.078e-03, Loss_ut_ics: 6.302e-02, lr: 1.000e-03, Time: 1.38e+02
Model state saved to ./results/benchmarks/schrodinger/parameter_grid/2025-09-02_14-51-09-928274/model.pth
Model state saved to ./results/benchmarks/schrodinger/parameter_grid/2025-09-02_14-51-09-928274/model_weights.pth
It: 40, Loss: 1.184e-01, Loss_res: 7.194e-03,  Loss_bcs: 4.503e-04, Loss_ut_ics: 5.176e-02, lr: 1.000e-03, Time: 1.85e+02
Model state saved to ./results/benchmarks/schrodinger/parameter_grid/2025-09-02_14-51-09-928274/model.pth
Model state saved to ./results/benchmarks/schrodinger/parameter_grid/2025-09-02_14-51-09-928274/model_weights.pth
It: 50, Loss: 2.401e-01, Loss_res: 4.042e-03,  Loss_bcs: 2.029e-04, Loss_ut_ics: 1.159e-01, lr: 1.000e-03, Time: 2.30e+02
Model state saved to ./results/benchmarks/schrodinger/parameter_grid/2025-09-02_14-51-09-928274/model.pth
Model state saved to ./results/benchmarks/schrodinger/parameter_grid/2025-09-02_14-51-09-928274/model_weights.pth
It: 60, Loss: 1.473e-01, Loss_res: 2.239e-03,  Loss_bcs: 8.021e-05, Loss_ut_ics: 7.135e-02, lr: 1.000e-03, Time: 2.76e+02
Model state saved to ./results/benchmarks/schrodinger/parameter_grid/2025-09-02_14-51-09-928274/model.pth
Model state saved to ./results/benchmarks/schrodinger/parameter_grid/2025-09-02_14-51-09-928274/model_weights.pth
It: 70, Loss: 3.186e-01, Loss_res: 1.570e-03,  Loss_bcs: 3.453e-05, Loss_ut_ics: 1.577e-01, lr: 1.000e-03, Time: 3.25e+02
Model state saved to ./results/benchmarks/schrodinger/parameter_grid/2025-09-02_14-51-09-928274/model.pth
Model state saved to ./results/benchmarks/schrodinger/parameter_grid/2025-09-02_14-51-09-928274/model_weights.pth
It: 80, Loss: 5.336e-01, Loss_res: 1.037e-03,  Loss_bcs: 2.055e-05, Loss_ut_ics: 2.658e-01, lr: 1.000e-03, Time: 3.73e+02
Model state saved to ./results/benchmarks/schrodinger/parameter_grid/2025-09-02_14-51-09-928274/model.pth
Model state saved to ./results/benchmarks/schrodinger/parameter_grid/2025-09-02_14-51-09-928274/model_weights.pth
It: 90, Loss: 4.215e-01, Loss_res: 1.737e-03,  Loss_bcs: 2.953e-05, Loss_ut_ics: 2.090e-01, lr: 1.000e-03, Time: 4.20e+02
Model state saved to ./results/benchmarks/schrodinger/parameter_grid/2025-09-02_14-51-09-928274/model.pth
Model state saved to ./results/benchmarks/schrodinger/parameter_grid/2025-09-02_14-51-09-928274/model_weights.pth
It: 100, Loss: 1.352e-01, Loss_res: 1.519e-03,  Loss_bcs: 2.808e-05, Loss_ut_ics: 6.608e-02, lr: 1.000e-03, Time: 4.66e+02
Model state saved to ./results/benchmarks/schrodinger/parameter_grid/2025-09-02_14-51-09-928274/model.pth
Model state saved to ./results/benchmarks/schrodinger/parameter_grid/2025-09-02_14-51-09-928274/model_weights.pth
Model state saved to ./results/benchmarks/schrodinger/parameter_grid/2025-09-02_14-51-09-928274/model.pth
Model state saved to ./results/benchmarks/schrodinger/parameter_grid/2025-09-02_14-51-09-928274/model_weights.pth
Training completed successfuly!, shots made: 3000
Using DV Solver
Total number of parameters: 303
The circuit used in the study:
It: 1, Loss: 1.077e+01, Loss_res: 4.940e+00,  Loss_bcs: 1.437e-01, Loss_ut_ics: 3.737e-01, lr: 1.000e-03, Time: 4.98e+00
Model state saved to ./results/benchmarks/schrodinger/parameter_grid/2025-09-02_14-58-58-709069/model.pth
Model state saved to ./results/benchmarks/schrodinger/parameter_grid/2025-09-02_14-58-58-709069/model_weights.pth
It: 10, Loss: 3.906e+00, Loss_res: 1.771e+00,  Loss_bcs: 4.735e-02, Loss_ut_ics: 1.580e-01, lr: 1.000e-03, Time: 4.68e+01
Model state saved to ./results/benchmarks/schrodinger/parameter_grid/2025-09-02_14-58-58-709069/model.pth
Model state saved to ./results/benchmarks/schrodinger/parameter_grid/2025-09-02_14-58-58-709069/model_weights.pth
It: 20, Loss: 1.117e+00, Loss_res: 4.379e-01,  Loss_bcs: 9.860e-03, Loss_ut_ics: 1.156e-01, lr: 1.000e-03, Time: 9.39e+01
Model state saved to ./results/benchmarks/schrodinger/parameter_grid/2025-09-02_14-58-58-709069/model.pth
Model state saved to ./results/benchmarks/schrodinger/parameter_grid/2025-09-02_14-58-58-709069/model_weights.pth
It: 30, Loss: 3.686e-01, Loss_res: 7.490e-02,  Loss_bcs: 3.997e-03, Loss_ut_ics: 1.074e-01, lr: 1.000e-03, Time: 1.41e+02
Model state saved to ./results/benchmarks/schrodinger/parameter_grid/2025-09-02_14-58-58-709069/model.pth
Model state saved to ./results/benchmarks/schrodinger/parameter_grid/2025-09-02_14-58-58-709069/model_weights.pth
It: 40, Loss: 1.401e-01, Loss_res: 3.416e-02,  Loss_bcs: 3.663e-03, Loss_ut_ics: 3.406e-02, lr: 1.000e-03, Time: 1.84e+02
Model state saved to ./results/benchmarks/schrodinger/parameter_grid/2025-09-02_14-58-58-709069/model.pth
Model state saved to ./results/benchmarks/schrodinger/parameter_grid/2025-09-02_14-58-58-709069/model_weights.pth
It: 50, Loss: 2.943e-01, Loss_res: 4.292e-02,  Loss_bcs: 2.471e-03, Loss_ut_ics: 1.030e-01, lr: 1.000e-03, Time: 2.29e+02
Model state saved to ./results/benchmarks/schrodinger/parameter_grid/2025-09-02_14-58-58-709069/model.pth
Model state saved to ./results/benchmarks/schrodinger/parameter_grid/2025-09-02_14-58-58-709069/model_weights.pth
It: 60, Loss: 2.738e-01, Loss_res: 3.398e-02,  Loss_bcs: 1.297e-03, Loss_ut_ics: 1.023e-01, lr: 1.000e-03, Time: 2.76e+02
Model state saved to ./results/benchmarks/schrodinger/parameter_grid/2025-09-02_14-58-58-709069/model.pth
Model state saved to ./results/benchmarks/schrodinger/parameter_grid/2025-09-02_14-58-58-709069/model_weights.pth
It: 70, Loss: 4.596e-01, Loss_res: 3.002e-02,  Loss_bcs: 8.855e-04, Loss_ut_ics: 1.993e-01, lr: 1.000e-03, Time: 3.19e+02
Model state saved to ./results/benchmarks/schrodinger/parameter_grid/2025-09-02_14-58-58-709069/model.pth
Model state saved to ./results/benchmarks/schrodinger/parameter_grid/2025-09-02_14-58-58-709069/model_weights.pth
It: 80, Loss: 5.211e-01, Loss_res: 2.183e-02,  Loss_bcs: 8.353e-04, Loss_ut_ics: 2.383e-01, lr: 1.000e-03, Time: 3.63e+02
Model state saved to ./results/benchmarks/schrodinger/parameter_grid/2025-09-02_14-58-58-709069/model.pth
Model state saved to ./results/benchmarks/schrodinger/parameter_grid/2025-09-02_14-58-58-709069/model_weights.pth
It: 90, Loss: 3.381e-01, Loss_res: 2.132e-02,  Loss_bcs: 7.095e-04, Loss_ut_ics: 1.474e-01, lr: 1.000e-03, Time: 4.08e+02
Model state saved to ./results/benchmarks/schrodinger/parameter_grid/2025-09-02_14-58-58-709069/model.pth
Model state saved to ./results/benchmarks/schrodinger/parameter_grid/2025-09-02_14-58-58-709069/model_weights.pth
It: 100, Loss: 1.862e-01, Loss_res: 2.103e-02,  Loss_bcs: 4.858e-04, Loss_ut_ics: 7.185e-02, lr: 1.000e-03, Time: 4.53e+02
Model state saved to ./results/benchmarks/schrodinger/parameter_grid/2025-09-02_14-58-58-709069/model.pth
Model state saved to ./results/benchmarks/schrodinger/parameter_grid/2025-09-02_14-58-58-709069/model_weights.pth
Model state saved to ./results/benchmarks/schrodinger/parameter_grid/2025-09-02_14-58-58-709069/model.pth
Model state saved to ./results/benchmarks/schrodinger/parameter_grid/2025-09-02_14-58-58-709069/model_weights.pth
Training completed successfuly!, shots made: 3000
Using DV Solver
Total number of parameters: 1071
The circuit used in the study:
It: 1, Loss: 7.786e+00, Loss_res: 3.556e+00,  Loss_bcs: 1.232e-01, Loss_ut_ics: 2.760e-01, lr: 1.000e-03, Time: 4.80e+00
Model state saved to ./results/benchmarks/schrodinger/parameter_grid/2025-09-02_15-06-34-585125/model.pth
Model state saved to ./results/benchmarks/schrodinger/parameter_grid/2025-09-02_15-06-34-585125/model_weights.pth
It: 10, Loss: 7.148e-01, Loss_res: 2.446e-01,  Loss_bcs: 5.605e-03, Loss_ut_ics: 1.100e-01, lr: 1.000e-03, Time: 4.37e+01
Model state saved to ./results/benchmarks/schrodinger/parameter_grid/2025-09-02_15-06-34-585125/model.pth
Model state saved to ./results/benchmarks/schrodinger/parameter_grid/2025-09-02_15-06-34-585125/model_weights.pth
It: 20, Loss: 4.842e-01, Loss_res: 1.184e-01,  Loss_bcs: 4.703e-03, Loss_ut_ics: 1.214e-01, lr: 1.000e-03, Time: 8.80e+01
Model state saved to ./results/benchmarks/schrodinger/parameter_grid/2025-09-02_15-06-34-585125/model.pth
Model state saved to ./results/benchmarks/schrodinger/parameter_grid/2025-09-02_15-06-34-585125/model_weights.pth
It: 30, Loss: 1.740e-01, Loss_res: 2.127e-02,  Loss_bcs: 1.308e-03, Loss_ut_ics: 6.509e-02, lr: 1.000e-03, Time: 1.34e+02
Model state saved to ./results/benchmarks/schrodinger/parameter_grid/2025-09-02_15-06-34-585125/model.pth
Model state saved to ./results/benchmarks/schrodinger/parameter_grid/2025-09-02_15-06-34-585125/model_weights.pth
It: 40, Loss: 1.144e-01, Loss_res: 1.213e-02,  Loss_bcs: 9.298e-04, Loss_ut_ics: 4.463e-02, lr: 1.000e-03, Time: 1.78e+02
Model state saved to ./results/benchmarks/schrodinger/parameter_grid/2025-09-02_15-06-34-585125/model.pth
Model state saved to ./results/benchmarks/schrodinger/parameter_grid/2025-09-02_15-06-34-585125/model_weights.pth
It: 50, Loss: 2.317e-01, Loss_res: 7.356e-03,  Loss_bcs: 2.941e-04, Loss_ut_ics: 1.083e-01, lr: 1.000e-03, Time: 2.24e+02
Model state saved to ./results/benchmarks/schrodinger/parameter_grid/2025-09-02_15-06-34-585125/model.pth
Model state saved to ./results/benchmarks/schrodinger/parameter_grid/2025-09-02_15-06-34-585125/model_weights.pth
It: 60, Loss: 1.470e-01, Loss_res: 8.282e-03,  Loss_bcs: 2.311e-04, Loss_ut_ics: 6.509e-02, lr: 1.000e-03, Time: 2.70e+02
Model state saved to ./results/benchmarks/schrodinger/parameter_grid/2025-09-02_15-06-34-585125/model.pth
Model state saved to ./results/benchmarks/schrodinger/parameter_grid/2025-09-02_15-06-34-585125/model_weights.pth
It: 70, Loss: 2.987e-01, Loss_res: 6.107e-03,  Loss_bcs: 1.179e-04, Loss_ut_ics: 1.432e-01, lr: 1.000e-03, Time: 3.17e+02
Model state saved to ./results/benchmarks/schrodinger/parameter_grid/2025-09-02_15-06-34-585125/model.pth
Model state saved to ./results/benchmarks/schrodinger/parameter_grid/2025-09-02_15-06-34-585125/model_weights.pth
It: 80, Loss: 4.978e-01, Loss_res: 5.527e-03,  Loss_bcs: 1.285e-04, Loss_ut_ics: 2.433e-01, lr: 1.000e-03, Time: 3.62e+02
Model state saved to ./results/benchmarks/schrodinger/parameter_grid/2025-09-02_15-06-34-585125/model.pth
Model state saved to ./results/benchmarks/schrodinger/parameter_grid/2025-09-02_15-06-34-585125/model_weights.pth
It: 90, Loss: 3.935e-01, Loss_res: 4.561e-03,  Loss_bcs: 9.471e-05, Loss_ut_ics: 1.922e-01, lr: 1.000e-03, Time: 4.06e+02
Model state saved to ./results/benchmarks/schrodinger/parameter_grid/2025-09-02_15-06-34-585125/model.pth
Model state saved to ./results/benchmarks/schrodinger/parameter_grid/2025-09-02_15-06-34-585125/model_weights.pth
It: 100, Loss: 1.263e-01, Loss_res: 4.945e-03,  Loss_bcs: 8.145e-05, Loss_ut_ics: 5.814e-02, lr: 1.000e-03, Time: 4.59e+02
Model state saved to ./results/benchmarks/schrodinger/parameter_grid/2025-09-02_15-06-34-585125/model.pth
Model state saved to ./results/benchmarks/schrodinger/parameter_grid/2025-09-02_15-06-34-585125/model_weights.pth
Model state saved to ./results/benchmarks/schrodinger/parameter_grid/2025-09-02_15-06-34-585125/model.pth
Model state saved to ./results/benchmarks/schrodinger/parameter_grid/2025-09-02_15-06-34-585125/model_weights.pth
Training completed successfuly!, shots made: 3000
Using DV Solver
Total number of parameters: 4143
The circuit used in the study:
It: 1, Loss: 2.598e-01, Loss_res: 4.382e-02,  Loss_bcs: 2.560e-03, Loss_ut_ics: 8.478e-02, lr: 1.000e-03, Time: 5.04e+00
Model state saved to ./results/benchmarks/schrodinger/parameter_grid/2025-09-02_15-14-16-533101/model.pth
Model state saved to ./results/benchmarks/schrodinger/parameter_grid/2025-09-02_15-14-16-533101/model_weights.pth
It: 10, Loss: 4.648e-01, Loss_res: 9.393e-02,  Loss_bcs: 3.243e-03, Loss_ut_ics: 1.368e-01, lr: 1.000e-03, Time: 4.70e+01
Model state saved to ./results/benchmarks/schrodinger/parameter_grid/2025-09-02_15-14-16-533101/model.pth
Model state saved to ./results/benchmarks/schrodinger/parameter_grid/2025-09-02_15-14-16-533101/model_weights.pth
It: 20, Loss: 2.984e-01, Loss_res: 4.184e-02,  Loss_bcs: 1.210e-03, Loss_ut_ics: 1.068e-01, lr: 1.000e-03, Time: 9.08e+01
Model state saved to ./results/benchmarks/schrodinger/parameter_grid/2025-09-02_15-14-16-533101/model.pth
Model state saved to ./results/benchmarks/schrodinger/parameter_grid/2025-09-02_15-14-16-533101/model_weights.pth
It: 30, Loss: 1.713e-01, Loss_res: 9.157e-03,  Loss_bcs: 2.968e-04, Loss_ut_ics: 7.634e-02, lr: 1.000e-03, Time: 1.36e+02
Model state saved to ./results/benchmarks/schrodinger/parameter_grid/2025-09-02_15-14-16-533101/model.pth
Model state saved to ./results/benchmarks/schrodinger/parameter_grid/2025-09-02_15-14-16-533101/model_weights.pth
It: 40, Loss: 1.259e-01, Loss_res: 1.019e-02,  Loss_bcs: 9.454e-04, Loss_ut_ics: 5.228e-02, lr: 1.000e-03, Time: 1.80e+02
Model state saved to ./results/benchmarks/schrodinger/parameter_grid/2025-09-02_15-14-16-533101/model.pth
Model state saved to ./results/benchmarks/schrodinger/parameter_grid/2025-09-02_15-14-16-533101/model_weights.pth
It: 50, Loss: 2.218e-01, Loss_res: 2.070e-03,  Loss_bcs: 3.203e-05, Loss_ut_ics: 1.088e-01, lr: 1.000e-03, Time: 2.26e+02
Model state saved to ./results/benchmarks/schrodinger/parameter_grid/2025-09-02_15-14-16-533101/model.pth
Model state saved to ./results/benchmarks/schrodinger/parameter_grid/2025-09-02_15-14-16-533101/model_weights.pth
It: 60, Loss: 1.521e-01, Loss_res: 6.719e-04,  Loss_bcs: 6.988e-05, Loss_ut_ics: 7.532e-02, lr: 1.000e-03, Time: 2.72e+02
Model state saved to ./results/benchmarks/schrodinger/parameter_grid/2025-09-02_15-14-16-533101/model.pth
Model state saved to ./results/benchmarks/schrodinger/parameter_grid/2025-09-02_15-14-16-533101/model_weights.pth
It: 70, Loss: 3.235e-01, Loss_res: 9.489e-04,  Loss_bcs: 1.968e-05, Loss_ut_ics: 1.608e-01, lr: 1.000e-03, Time: 3.17e+02
Model state saved to ./results/benchmarks/schrodinger/parameter_grid/2025-09-02_15-14-16-533101/model.pth
Model state saved to ./results/benchmarks/schrodinger/parameter_grid/2025-09-02_15-14-16-533101/model_weights.pth
It: 80, Loss: 5.069e-01, Loss_res: 1.089e-03,  Loss_bcs: 5.257e-05, Loss_ut_ics: 2.523e-01, lr: 1.000e-03, Time: 3.63e+02
Model state saved to ./results/benchmarks/schrodinger/parameter_grid/2025-09-02_15-14-16-533101/model.pth
Model state saved to ./results/benchmarks/schrodinger/parameter_grid/2025-09-02_15-14-16-533101/model_weights.pth
It: 90, Loss: 3.882e-01, Loss_res: 1.538e-04,  Loss_bcs: 1.223e-05, Loss_ut_ics: 1.939e-01, lr: 1.000e-03, Time: 4.08e+02
Model state saved to ./results/benchmarks/schrodinger/parameter_grid/2025-09-02_15-14-16-533101/model.pth
Model state saved to ./results/benchmarks/schrodinger/parameter_grid/2025-09-02_15-14-16-533101/model_weights.pth
It: 100, Loss: 1.341e-01, Loss_res: 2.534e-03,  Loss_bcs: 1.797e-05, Loss_ut_ics: 6.450e-02, lr: 1.000e-03, Time: 4.52e+02
Model state saved to ./results/benchmarks/schrodinger/parameter_grid/2025-09-02_15-14-16-533101/model.pth
Model state saved to ./results/benchmarks/schrodinger/parameter_grid/2025-09-02_15-14-16-533101/model_weights.pth
Model state saved to ./results/benchmarks/schrodinger/parameter_grid/2025-09-02_15-14-16-533101/model.pth
Model state saved to ./results/benchmarks/schrodinger/parameter_grid/2025-09-02_15-14-16-533101/model_weights.pth
Training completed successfuly!, shots made: 3000
Model score: 0.19346214830875397, under: ./results/benchmarks/schrodinger/parameter_grid/2025-09-02_15-06-34-585125
Model state saved to ./results/benchmarks/schrodinger/parameter_grid/2025-09-02_15-06-34-585125/model.pth
Model state saved to ./results/benchmarks/schrodinger/parameter_grid/2025-09-02_15-06-34-585125/model_weights.pth
Using DV Solver
Total number of parameters: 121
The circuit used in the study:
It: 1, Loss: 4.340e-01, Loss_res: 1.141e-01,  Loss_bcs: 4.239e-03, Loss_ut_ics: 1.008e-01, lr: 1.000e-03, Time: 5.79e+00
Model state saved to ./results/benchmarks/schrodinger/parameter_grid/2025-09-02_15-21-51-027594/model.pth
Model state saved to ./results/benchmarks/schrodinger/parameter_grid/2025-09-02_15-21-51-027594/model_weights.pth
It: 10, Loss: 2.765e-01, Loss_res: 3.397e-02,  Loss_bcs: 1.293e-03, Loss_ut_ics: 1.037e-01, lr: 1.000e-03, Time: 5.20e+01
Model state saved to ./results/benchmarks/schrodinger/parameter_grid/2025-09-02_15-21-51-027594/model.pth
Model state saved to ./results/benchmarks/schrodinger/parameter_grid/2025-09-02_15-21-51-027594/model_weights.pth
It: 20, Loss: 2.448e-01, Loss_res: 1.690e-02,  Loss_bcs: 6.766e-04, Loss_ut_ics: 1.052e-01, lr: 1.000e-03, Time: 1.04e+02
Model state saved to ./results/benchmarks/schrodinger/parameter_grid/2025-09-02_15-21-51-027594/model.pth
Model state saved to ./results/benchmarks/schrodinger/parameter_grid/2025-09-02_15-21-51-027594/model_weights.pth
It: 30, Loss: 1.819e-01, Loss_res: 5.304e-03,  Loss_bcs: 3.547e-04, Loss_ut_ics: 8.547e-02, lr: 1.000e-03, Time: 1.56e+02
Model state saved to ./results/benchmarks/schrodinger/parameter_grid/2025-09-02_15-21-51-027594/model.pth
Model state saved to ./results/benchmarks/schrodinger/parameter_grid/2025-09-02_15-21-51-027594/model_weights.pth
It: 40, Loss: 8.087e-02, Loss_res: 2.847e-03,  Loss_bcs: 2.369e-04, Loss_ut_ics: 3.747e-02, lr: 1.000e-03, Time: 2.08e+02
Model state saved to ./results/benchmarks/schrodinger/parameter_grid/2025-09-02_15-21-51-027594/model.pth
Model state saved to ./results/benchmarks/schrodinger/parameter_grid/2025-09-02_15-21-51-027594/model_weights.pth
It: 50, Loss: 2.052e-01, Loss_res: 1.539e-03,  Loss_bcs: 1.933e-04, Loss_ut_ics: 1.010e-01, lr: 1.000e-03, Time: 2.60e+02
Model state saved to ./results/benchmarks/schrodinger/parameter_grid/2025-09-02_15-21-51-027594/model.pth
Model state saved to ./results/benchmarks/schrodinger/parameter_grid/2025-09-02_15-21-51-027594/model_weights.pth
It: 60, Loss: 1.834e-01, Loss_res: 2.161e-03,  Loss_bcs: 1.351e-04, Loss_ut_ics: 8.947e-02, lr: 1.000e-03, Time: 3.13e+02
Model state saved to ./results/benchmarks/schrodinger/parameter_grid/2025-09-02_15-21-51-027594/model.pth
Model state saved to ./results/benchmarks/schrodinger/parameter_grid/2025-09-02_15-21-51-027594/model_weights.pth
It: 70, Loss: 3.623e-01, Loss_res: 3.273e-03,  Loss_bcs: 1.525e-04, Loss_ut_ics: 1.778e-01, lr: 1.000e-03, Time: 3.66e+02
Model state saved to ./results/benchmarks/schrodinger/parameter_grid/2025-09-02_15-21-51-027594/model.pth
Model state saved to ./results/benchmarks/schrodinger/parameter_grid/2025-09-02_15-21-51-027594/model_weights.pth
It: 80, Loss: 4.942e-01, Loss_res: 2.206e-03,  Loss_bcs: 1.143e-04, Loss_ut_ics: 2.448e-01, lr: 1.000e-03, Time: 4.19e+02
Model state saved to ./results/benchmarks/schrodinger/parameter_grid/2025-09-02_15-21-51-027594/model.pth
Model state saved to ./results/benchmarks/schrodinger/parameter_grid/2025-09-02_15-21-51-027594/model_weights.pth
It: 90, Loss: 3.450e-01, Loss_res: 1.555e-03,  Loss_bcs: 7.027e-05, Loss_ut_ics: 1.709e-01, lr: 1.000e-03, Time: 4.71e+02
Model state saved to ./results/benchmarks/schrodinger/parameter_grid/2025-09-02_15-21-51-027594/model.pth
Model state saved to ./results/benchmarks/schrodinger/parameter_grid/2025-09-02_15-21-51-027594/model_weights.pth
It: 100, Loss: 1.369e-01, Loss_res: 1.485e-03,  Loss_bcs: 5.998e-05, Loss_ut_ics: 6.692e-02, lr: 1.000e-03, Time: 5.24e+02
Model state saved to ./results/benchmarks/schrodinger/parameter_grid/2025-09-02_15-21-51-027594/model.pth
Model state saved to ./results/benchmarks/schrodinger/parameter_grid/2025-09-02_15-21-51-027594/model_weights.pth
Model state saved to ./results/benchmarks/schrodinger/parameter_grid/2025-09-02_15-21-51-027594/model.pth
Model state saved to ./results/benchmarks/schrodinger/parameter_grid/2025-09-02_15-21-51-027594/model_weights.pth
Training completed successfuly!, shots made: 3000
Using DV Solver
Total number of parameters: 313
The circuit used in the study:
It: 1, Loss: 1.029e+01, Loss_res: 4.760e+00,  Loss_bcs: 1.527e-01, Loss_ut_ics: 3.074e-01, lr: 1.000e-03, Time: 6.10e+00
Model state saved to ./results/benchmarks/schrodinger/parameter_grid/2025-09-02_15-30-38-764205/model.pth
Model state saved to ./results/benchmarks/schrodinger/parameter_grid/2025-09-02_15-30-38-764205/model_weights.pth
It: 10, Loss: 5.730e+00, Loss_res: 2.670e+00,  Loss_bcs: 8.284e-02, Loss_ut_ics: 1.536e-01, lr: 1.000e-03, Time: 5.36e+01
Model state saved to ./results/benchmarks/schrodinger/parameter_grid/2025-09-02_15-30-38-764205/model.pth
Model state saved to ./results/benchmarks/schrodinger/parameter_grid/2025-09-02_15-30-38-764205/model_weights.pth
It: 20, Loss: 3.061e+00, Loss_res: 1.404e+00,  Loss_bcs: 4.156e-02, Loss_ut_ics: 1.054e-01, lr: 1.000e-03, Time: 1.05e+02
Model state saved to ./results/benchmarks/schrodinger/parameter_grid/2025-09-02_15-30-38-764205/model.pth
Model state saved to ./results/benchmarks/schrodinger/parameter_grid/2025-09-02_15-30-38-764205/model_weights.pth
It: 30, Loss: 9.452e-01, Loss_res: 3.501e-01,  Loss_bcs: 2.024e-02, Loss_ut_ics: 1.124e-01, lr: 1.000e-03, Time: 1.57e+02
Model state saved to ./results/benchmarks/schrodinger/parameter_grid/2025-09-02_15-30-38-764205/model.pth
Model state saved to ./results/benchmarks/schrodinger/parameter_grid/2025-09-02_15-30-38-764205/model_weights.pth
It: 40, Loss: 3.018e-01, Loss_res: 1.084e-01,  Loss_bcs: 1.058e-02, Loss_ut_ics: 3.723e-02, lr: 1.000e-03, Time: 2.09e+02
Model state saved to ./results/benchmarks/schrodinger/parameter_grid/2025-09-02_15-30-38-764205/model.pth
Model state saved to ./results/benchmarks/schrodinger/parameter_grid/2025-09-02_15-30-38-764205/model_weights.pth
It: 50, Loss: 3.148e-01, Loss_res: 4.834e-02,  Loss_bcs: 6.121e-03, Loss_ut_ics: 1.060e-01, lr: 1.000e-03, Time: 2.61e+02
Model state saved to ./results/benchmarks/schrodinger/parameter_grid/2025-09-02_15-30-38-764205/model.pth
Model state saved to ./results/benchmarks/schrodinger/parameter_grid/2025-09-02_15-30-38-764205/model_weights.pth
It: 60, Loss: 2.264e-01, Loss_res: 3.631e-02,  Loss_bcs: 3.486e-03, Loss_ut_ics: 7.517e-02, lr: 1.000e-03, Time: 3.12e+02
Model state saved to ./results/benchmarks/schrodinger/parameter_grid/2025-09-02_15-30-38-764205/model.pth
Model state saved to ./results/benchmarks/schrodinger/parameter_grid/2025-09-02_15-30-38-764205/model_weights.pth
It: 70, Loss: 4.238e-01, Loss_res: 5.828e-02,  Loss_bcs: 2.308e-03, Loss_ut_ics: 1.524e-01, lr: 1.000e-03, Time: 3.64e+02
Model state saved to ./results/benchmarks/schrodinger/parameter_grid/2025-09-02_15-30-38-764205/model.pth
Model state saved to ./results/benchmarks/schrodinger/parameter_grid/2025-09-02_15-30-38-764205/model_weights.pth
It: 80, Loss: 5.139e-01, Loss_res: 2.505e-02,  Loss_bcs: 1.581e-03, Loss_ut_ics: 2.311e-01, lr: 1.000e-03, Time: 4.16e+02
Model state saved to ./results/benchmarks/schrodinger/parameter_grid/2025-09-02_15-30-38-764205/model.pth
Model state saved to ./results/benchmarks/schrodinger/parameter_grid/2025-09-02_15-30-38-764205/model_weights.pth
It: 90, Loss: 4.247e-01, Loss_res: 4.148e-02,  Loss_bcs: 1.123e-03, Loss_ut_ics: 1.703e-01, lr: 1.000e-03, Time: 4.68e+02
Model state saved to ./results/benchmarks/schrodinger/parameter_grid/2025-09-02_15-30-38-764205/model.pth
Model state saved to ./results/benchmarks/schrodinger/parameter_grid/2025-09-02_15-30-38-764205/model_weights.pth
It: 100, Loss: 1.985e-01, Loss_res: 4.156e-02,  Loss_bcs: 8.467e-04, Loss_ut_ics: 5.725e-02, lr: 1.000e-03, Time: 5.20e+02
Model state saved to ./results/benchmarks/schrodinger/parameter_grid/2025-09-02_15-30-38-764205/model.pth
Model state saved to ./results/benchmarks/schrodinger/parameter_grid/2025-09-02_15-30-38-764205/model_weights.pth
Model state saved to ./results/benchmarks/schrodinger/parameter_grid/2025-09-02_15-30-38-764205/model.pth
Model state saved to ./results/benchmarks/schrodinger/parameter_grid/2025-09-02_15-30-38-764205/model_weights.pth
Training completed successfuly!, shots made: 3000
Using DV Solver
Total number of parameters: 1081
The circuit used in the study:
It: 1, Loss: 8.423e+00, Loss_res: 3.879e+00,  Loss_bcs: 1.190e-01, Loss_ut_ics: 2.735e-01, lr: 1.000e-03, Time: 5.78e+00
Model state saved to ./results/benchmarks/schrodinger/parameter_grid/2025-09-02_15-39-21-863397/model.pth
Model state saved to ./results/benchmarks/schrodinger/parameter_grid/2025-09-02_15-39-21-863397/model_weights.pth
It: 10, Loss: 9.043e-01, Loss_res: 3.375e-01,  Loss_bcs: 1.169e-02, Loss_ut_ics: 1.088e-01, lr: 1.000e-03, Time: 5.23e+01
Model state saved to ./results/benchmarks/schrodinger/parameter_grid/2025-09-02_15-39-21-863397/model.pth
Model state saved to ./results/benchmarks/schrodinger/parameter_grid/2025-09-02_15-39-21-863397/model_weights.pth
It: 20, Loss: 6.541e-01, Loss_res: 1.957e-01,  Loss_bcs: 6.873e-03, Loss_ut_ics: 1.280e-01, lr: 1.000e-03, Time: 1.04e+02
Model state saved to ./results/benchmarks/schrodinger/parameter_grid/2025-09-02_15-39-21-863397/model.pth
Model state saved to ./results/benchmarks/schrodinger/parameter_grid/2025-09-02_15-39-21-863397/model_weights.pth
It: 30, Loss: 2.392e-01, Loss_res: 6.582e-02,  Loss_bcs: 2.241e-03, Loss_ut_ics: 5.265e-02, lr: 1.000e-03, Time: 1.56e+02
Model state saved to ./results/benchmarks/schrodinger/parameter_grid/2025-09-02_15-39-21-863397/model.pth
Model state saved to ./results/benchmarks/schrodinger/parameter_grid/2025-09-02_15-39-21-863397/model_weights.pth
It: 40, Loss: 1.236e-01, Loss_res: 1.273e-02,  Loss_bcs: 3.338e-04, Loss_ut_ics: 4.892e-02, lr: 1.000e-03, Time: 2.07e+02
Model state saved to ./results/benchmarks/schrodinger/parameter_grid/2025-09-02_15-39-21-863397/model.pth
Model state saved to ./results/benchmarks/schrodinger/parameter_grid/2025-09-02_15-39-21-863397/model_weights.pth
It: 50, Loss: 2.413e-01, Loss_res: 1.146e-02,  Loss_bcs: 8.153e-04, Loss_ut_ics: 1.088e-01, lr: 1.000e-03, Time: 2.59e+02
Model state saved to ./results/benchmarks/schrodinger/parameter_grid/2025-09-02_15-39-21-863397/model.pth
Model state saved to ./results/benchmarks/schrodinger/parameter_grid/2025-09-02_15-39-21-863397/model_weights.pth
It: 60, Loss: 1.533e-01, Loss_res: 7.915e-03,  Loss_bcs: 1.997e-04, Loss_ut_ics: 6.864e-02, lr: 1.000e-03, Time: 3.11e+02
Model state saved to ./results/benchmarks/schrodinger/parameter_grid/2025-09-02_15-39-21-863397/model.pth
Model state saved to ./results/benchmarks/schrodinger/parameter_grid/2025-09-02_15-39-21-863397/model_weights.pth
It: 70, Loss: 3.142e-01, Loss_res: 8.339e-03,  Loss_bcs: 3.258e-04, Loss_ut_ics: 1.486e-01, lr: 1.000e-03, Time: 3.63e+02
Model state saved to ./results/benchmarks/schrodinger/parameter_grid/2025-09-02_15-39-21-863397/model.pth
Model state saved to ./results/benchmarks/schrodinger/parameter_grid/2025-09-02_15-39-21-863397/model_weights.pth
It: 80, Loss: 5.102e-01, Loss_res: 5.809e-03,  Loss_bcs: 2.084e-04, Loss_ut_ics: 2.492e-01, lr: 1.000e-03, Time: 4.15e+02
Model state saved to ./results/benchmarks/schrodinger/parameter_grid/2025-09-02_15-39-21-863397/model.pth
Model state saved to ./results/benchmarks/schrodinger/parameter_grid/2025-09-02_15-39-21-863397/model_weights.pth
It: 90, Loss: 3.977e-01, Loss_res: 5.559e-03,  Loss_bcs: 1.133e-04, Loss_ut_ics: 1.932e-01, lr: 1.000e-03, Time: 4.68e+02
Model state saved to ./results/benchmarks/schrodinger/parameter_grid/2025-09-02_15-39-21-863397/model.pth
Model state saved to ./results/benchmarks/schrodinger/parameter_grid/2025-09-02_15-39-21-863397/model_weights.pth
It: 100, Loss: 1.311e-01, Loss_res: 4.104e-03,  Loss_bcs: 1.346e-04, Loss_ut_ics: 6.137e-02, lr: 1.000e-03, Time: 5.19e+02
Model state saved to ./results/benchmarks/schrodinger/parameter_grid/2025-09-02_15-39-21-863397/model.pth
Model state saved to ./results/benchmarks/schrodinger/parameter_grid/2025-09-02_15-39-21-863397/model_weights.pth
Model state saved to ./results/benchmarks/schrodinger/parameter_grid/2025-09-02_15-39-21-863397/model.pth
Model state saved to ./results/benchmarks/schrodinger/parameter_grid/2025-09-02_15-39-21-863397/model_weights.pth
Training completed successfuly!, shots made: 3000
Using DV Solver
Total number of parameters: 4153
The circuit used in the study:
It: 1, Loss: 1.806e+00, Loss_res: 7.750e-01,  Loss_bcs: 2.531e-02, Loss_ut_ics: 1.155e-01, lr: 1.000e-03, Time: 5.72e+00
Model state saved to ./results/benchmarks/schrodinger/parameter_grid/2025-09-02_15-48-04-988446/model.pth
Model state saved to ./results/benchmarks/schrodinger/parameter_grid/2025-09-02_15-48-04-988446/model_weights.pth
It: 10, Loss: 4.112e-01, Loss_res: 1.029e-01,  Loss_bcs: 4.496e-03, Loss_ut_ics: 1.005e-01, lr: 1.000e-03, Time: 5.21e+01
Model state saved to ./results/benchmarks/schrodinger/parameter_grid/2025-09-02_15-48-04-988446/model.pth
Model state saved to ./results/benchmarks/schrodinger/parameter_grid/2025-09-02_15-48-04-988446/model_weights.pth
It: 20, Loss: 5.528e-01, Loss_res: 1.454e-01,  Loss_bcs: 5.200e-03, Loss_ut_ics: 1.284e-01, lr: 1.000e-03, Time: 1.04e+02
Model state saved to ./results/benchmarks/schrodinger/parameter_grid/2025-09-02_15-48-04-988446/model.pth
Model state saved to ./results/benchmarks/schrodinger/parameter_grid/2025-09-02_15-48-04-988446/model_weights.pth
It: 30, Loss: 1.712e-01, Loss_res: 1.210e-02,  Loss_bcs: 6.823e-04, Loss_ut_ics: 7.314e-02, lr: 1.000e-03, Time: 1.56e+02
Model state saved to ./results/benchmarks/schrodinger/parameter_grid/2025-09-02_15-48-04-988446/model.pth
Model state saved to ./results/benchmarks/schrodinger/parameter_grid/2025-09-02_15-48-04-988446/model_weights.pth
It: 40, Loss: 1.112e-01, Loss_res: 4.310e-03,  Loss_bcs: 2.888e-04, Loss_ut_ics: 5.114e-02, lr: 1.000e-03, Time: 2.07e+02
Model state saved to ./results/benchmarks/schrodinger/parameter_grid/2025-09-02_15-48-04-988446/model.pth
Model state saved to ./results/benchmarks/schrodinger/parameter_grid/2025-09-02_15-48-04-988446/model_weights.pth
It: 50, Loss: 2.326e-01, Loss_res: 3.679e-03,  Loss_bcs: 3.969e-04, Loss_ut_ics: 1.124e-01, lr: 1.000e-03, Time: 2.60e+02
Model state saved to ./results/benchmarks/schrodinger/parameter_grid/2025-09-02_15-48-04-988446/model.pth
Model state saved to ./results/benchmarks/schrodinger/parameter_grid/2025-09-02_15-48-04-988446/model_weights.pth
It: 60, Loss: 1.522e-01, Loss_res: 1.155e-03,  Loss_bcs: 1.713e-05, Loss_ut_ics: 7.494e-02, lr: 1.000e-03, Time: 3.12e+02
Model state saved to ./results/benchmarks/schrodinger/parameter_grid/2025-09-02_15-48-04-988446/model.pth
Model state saved to ./results/benchmarks/schrodinger/parameter_grid/2025-09-02_15-48-04-988446/model_weights.pth
It: 70, Loss: 3.245e-01, Loss_res: 1.113e-03,  Loss_bcs: 1.421e-05, Loss_ut_ics: 1.611e-01, lr: 1.000e-03, Time: 3.64e+02
Model state saved to ./results/benchmarks/schrodinger/parameter_grid/2025-09-02_15-48-04-988446/model.pth
Model state saved to ./results/benchmarks/schrodinger/parameter_grid/2025-09-02_15-48-04-988446/model_weights.pth
It: 80, Loss: 5.082e-01, Loss_res: 3.030e-04,  Loss_bcs: 2.933e-05, Loss_ut_ics: 2.538e-01, lr: 1.000e-03, Time: 4.16e+02
Model state saved to ./results/benchmarks/schrodinger/parameter_grid/2025-09-02_15-48-04-988446/model.pth
Model state saved to ./results/benchmarks/schrodinger/parameter_grid/2025-09-02_15-48-04-988446/model_weights.pth
It: 90, Loss: 3.969e-01, Loss_res: 7.433e-04,  Loss_bcs: 6.481e-05, Loss_ut_ics: 1.977e-01, lr: 1.000e-03, Time: 4.68e+02
Model state saved to ./results/benchmarks/schrodinger/parameter_grid/2025-09-02_15-48-04-988446/model.pth
Model state saved to ./results/benchmarks/schrodinger/parameter_grid/2025-09-02_15-48-04-988446/model_weights.pth
It: 100, Loss: 1.320e-01, Loss_res: 1.835e-03,  Loss_bcs: 2.116e-05, Loss_ut_ics: 6.415e-02, lr: 1.000e-03, Time: 5.20e+02
Model state saved to ./results/benchmarks/schrodinger/parameter_grid/2025-09-02_15-48-04-988446/model.pth
Model state saved to ./results/benchmarks/schrodinger/parameter_grid/2025-09-02_15-48-04-988446/model_weights.pth
Model state saved to ./results/benchmarks/schrodinger/parameter_grid/2025-09-02_15-48-04-988446/model.pth
Model state saved to ./results/benchmarks/schrodinger/parameter_grid/2025-09-02_15-48-04-988446/model_weights.pth
Training completed successfuly!, shots made: 3000
Model score: 0.19831576943397522, under: ./results/benchmarks/schrodinger/parameter_grid/2025-09-02_15-39-21-863397
Model state saved to ./results/benchmarks/schrodinger/parameter_grid/2025-09-02_15-39-21-863397/model.pth
Model state saved to ./results/benchmarks/schrodinger/parameter_grid/2025-09-02_15-39-21-863397/model_weights.pth
