checkpoint path: self.log_path='./results/models/checkpoints/smoke_schrodinger\\2026-02-03_12-41-17-689333_barrier_Classical'
It: 1, Loss: 3.426e+02, Loss_res: 3.612e-01,  Loss_bcs: 0.000e+00, Loss_ut_ics: 9.757e-01, Loss_norm: 9.967e-01, Loss_gauge: 0.000e+00, w_pde: 2.50e-03, L^2_error: 1.015e+00, lr: 1.000e-03, Time: 7.16e-01
Model state saved to ./results/models/checkpoints/smoke_schrodinger\2026-02-03_12-41-17-689333_barrier_Classical\model.pth
Model weights saved to ./results/models/checkpoints/smoke_schrodinger\2026-02-03_12-41-17-689333_barrier_Classical\model_weights.pth
It: 100, Loss: 8.128e+01, Loss_res: 2.261e+02,  Loss_bcs: 0.000e+00, Loss_ut_ics: 6.352e-02, Loss_norm: 1.140e-01, Loss_gauge: 0.000e+00, w_pde: 2.50e-01, L^2_error: 1.536e+00, lr: 1.000e-03, Time: 4.75e+01
Model state saved to ./results/models/checkpoints/smoke_schrodinger\2026-02-03_12-41-17-689333_barrier_Classical\model.pth
Model weights saved to ./results/models/checkpoints/smoke_schrodinger\2026-02-03_12-41-17-689333_barrier_Classical\model_weights.pth
It: 200, Loss: 5.666e+01, Loss_res: 9.456e+01,  Loss_bcs: 0.000e+00, Loss_ut_ics: 1.989e-02, Loss_norm: 6.827e-02, Loss_gauge: 0.000e+00, w_pde: 5.00e-01, L^2_error: 1.493e+00, lr: 1.000e-03, Time: 9.47e+01
Model state saved to ./results/models/checkpoints/smoke_schrodinger\2026-02-03_12-41-17-689333_barrier_Classical\model.pth
Model weights saved to ./results/models/checkpoints/smoke_schrodinger\2026-02-03_12-41-17-689333_barrier_Classical\model_weights.pth
It: 300, Loss: 5.367e+01, Loss_res: 5.382e+01,  Loss_bcs: 0.000e+00, Loss_ut_ics: 1.986e-02, Loss_norm: 1.469e-01, Loss_gauge: 0.000e+00, w_pde: 7.50e-01, L^2_error: 1.389e+00, lr: 1.000e-03, Time: 1.42e+02
Model state saved to ./results/models/checkpoints/smoke_schrodinger\2026-02-03_12-41-17-689333_barrier_Classical\model.pth
Model weights saved to ./results/models/checkpoints/smoke_schrodinger\2026-02-03_12-41-17-689333_barrier_Classical\model_weights.pth
It: 400, Loss: 3.952e+01, Loss_res: 3.223e+01,  Loss_bcs: 0.000e+00, Loss_ut_ics: 9.203e-03, Loss_norm: 9.062e-02, Loss_gauge: 0.000e+00, w_pde: 1.00e+00, L^2_error: 1.337e+00, lr: 1.000e-03, Time: 1.90e+02
Model state saved to ./results/models/checkpoints/smoke_schrodinger\2026-02-03_12-41-17-689333_barrier_Classical\model.pth
Model weights saved to ./results/models/checkpoints/smoke_schrodinger\2026-02-03_12-41-17-689333_barrier_Classical\model_weights.pth
It: 500, Loss: 2.870e+01, Loss_res: 2.463e+01,  Loss_bcs: 0.000e+00, Loss_ut_ics: 4.406e-03, Loss_norm: 5.503e-02, Loss_gauge: 0.000e+00, w_pde: 1.00e+00, L^2_error: 1.256e+00, lr: 1.000e-03, Time: 2.37e+02
Model state saved to ./results/models/checkpoints/smoke_schrodinger\2026-02-03_12-41-17-689333_barrier_Classical\model.pth
Model weights saved to ./results/models/checkpoints/smoke_schrodinger\2026-02-03_12-41-17-689333_barrier_Classical\model_weights.pth
It: 600, Loss: 2.468e+01, Loss_res: 2.163e+01,  Loss_bcs: 0.000e+00, Loss_ut_ics: 3.376e-03, Loss_norm: 4.070e-02, Loss_gauge: 0.000e+00, w_pde: 1.00e+00, L^2_error: 1.199e+00, lr: 1.000e-03, Time: 2.84e+02
Model state saved to ./results/models/checkpoints/smoke_schrodinger\2026-02-03_12-41-17-689333_barrier_Classical\model.pth
Model weights saved to ./results/models/checkpoints/smoke_schrodinger\2026-02-03_12-41-17-689333_barrier_Classical\model_weights.pth
It: 700, Loss: 2.170e+01, Loss_res: 1.928e+01,  Loss_bcs: 0.000e+00, Loss_ut_ics: 2.395e-03, Loss_norm: 3.401e-02, Loss_gauge: 0.000e+00, w_pde: 1.00e+00, L^2_error: 1.138e+00, lr: 1.000e-03, Time: 3.30e+02
Model state saved to ./results/models/checkpoints/smoke_schrodinger\2026-02-03_12-41-17-689333_barrier_Classical\model.pth
Model weights saved to ./results/models/checkpoints/smoke_schrodinger\2026-02-03_12-41-17-689333_barrier_Classical\model_weights.pth
It: 800, Loss: 2.025e+01, Loss_res: 1.800e+01,  Loss_bcs: 0.000e+00, Loss_ut_ics: 2.136e-03, Loss_norm: 3.204e-02, Loss_gauge: 0.000e+00, w_pde: 1.00e+00, L^2_error: 1.075e+00, lr: 1.000e-03, Time: 3.77e+02
Model state saved to ./results/models/checkpoints/smoke_schrodinger\2026-02-03_12-41-17-689333_barrier_Classical\model.pth
Model weights saved to ./results/models/checkpoints/smoke_schrodinger\2026-02-03_12-41-17-689333_barrier_Classical\model_weights.pth
It: 900, Loss: 1.876e+01, Loss_res: 1.673e+01,  Loss_bcs: 0.000e+00, Loss_ut_ics: 2.075e-03, Loss_norm: 2.815e-02, Loss_gauge: 0.000e+00, w_pde: 1.00e+00, L^2_error: 1.002e+00, lr: 1.000e-03, Time: 4.25e+02
Model state saved to ./results/models/checkpoints/smoke_schrodinger\2026-02-03_12-41-17-689333_barrier_Classical\model.pth
Model weights saved to ./results/models/checkpoints/smoke_schrodinger\2026-02-03_12-41-17-689333_barrier_Classical\model_weights.pth
It: 1000, Loss: 1.668e+01, Loss_res: 1.486e+01,  Loss_bcs: 0.000e+00, Loss_ut_ics: 1.528e-03, Loss_norm: 2.719e-02, Loss_gauge: 0.000e+00, w_pde: 1.00e+00, L^2_error: 9.126e-01, lr: 1.000e-03, Time: 4.74e+02
Model state saved to ./results/models/checkpoints/smoke_schrodinger\2026-02-03_12-41-17-689333_barrier_Classical\model.pth
Model weights saved to ./results/models/checkpoints/smoke_schrodinger\2026-02-03_12-41-17-689333_barrier_Classical\model_weights.pth
It: 1100, Loss: 1.422e+01, Loss_res: 1.250e+01,  Loss_bcs: 0.000e+00, Loss_ut_ics: 1.066e-03, Loss_norm: 2.797e-02, Loss_gauge: 0.000e+00, w_pde: 1.00e+00, L^2_error: 7.946e-01, lr: 1.000e-03, Time: 5.37e+02
Model state saved to ./results/models/checkpoints/smoke_schrodinger\2026-02-03_12-41-17-689333_barrier_Classical\model.pth
Model weights saved to ./results/models/checkpoints/smoke_schrodinger\2026-02-03_12-41-17-689333_barrier_Classical\model_weights.pth
It: 1200, Loss: 1.139e+01, Loss_res: 9.832e+00,  Loss_bcs: 0.000e+00, Loss_ut_ics: 9.286e-04, Loss_norm: 2.566e-02, Loss_gauge: 0.000e+00, w_pde: 1.00e+00, L^2_error: 6.376e-01, lr: 1.000e-03, Time: 5.82e+02
Model state saved to ./results/models/checkpoints/smoke_schrodinger\2026-02-03_12-41-17-689333_barrier_Classical\model.pth
Model weights saved to ./results/models/checkpoints/smoke_schrodinger\2026-02-03_12-41-17-689333_barrier_Classical\model_weights.pth
It: 1300, Loss: 8.143e+00, Loss_res: 7.213e+00,  Loss_bcs: 0.000e+00, Loss_ut_ics: 6.134e-04, Loss_norm: 1.491e-02, Loss_gauge: 0.000e+00, w_pde: 1.00e+00, L^2_error: 4.502e-01, lr: 1.000e-03, Time: 6.29e+02
Model state saved to ./results/models/checkpoints/smoke_schrodinger\2026-02-03_12-41-17-689333_barrier_Classical\model.pth
Model weights saved to ./results/models/checkpoints/smoke_schrodinger\2026-02-03_12-41-17-689333_barrier_Classical\model_weights.pth
It: 1400, Loss: 5.923e+00, Loss_res: 5.482e+00,  Loss_bcs: 0.000e+00, Loss_ut_ics: 2.594e-04, Loss_norm: 7.270e-03, Loss_gauge: 0.000e+00, w_pde: 1.00e+00, L^2_error: 3.376e-01, lr: 1.000e-03, Time: 6.73e+02
Model state saved to ./results/models/checkpoints/smoke_schrodinger\2026-02-03_12-41-17-689333_barrier_Classical\model.pth
Model weights saved to ./results/models/checkpoints/smoke_schrodinger\2026-02-03_12-41-17-689333_barrier_Classical\model_weights.pth
It: 1500, Loss: 4.739e+00, Loss_res: 4.509e+00,  Loss_bcs: 0.000e+00, Loss_ut_ics: 2.347e-04, Loss_norm: 3.199e-03, Loss_gauge: 0.000e+00, w_pde: 1.00e+00, L^2_error: 2.714e-01, lr: 1.000e-03, Time: 7.27e+02
Model state saved to ./results/models/checkpoints/smoke_schrodinger\2026-02-03_12-41-17-689333_barrier_Classical\model.pth
Model weights saved to ./results/models/checkpoints/smoke_schrodinger\2026-02-03_12-41-17-689333_barrier_Classical\model_weights.pth
It: 1600, Loss: 4.074e+00, Loss_res: 3.917e+00,  Loss_bcs: 0.000e+00, Loss_ut_ics: 1.702e-04, Loss_norm: 2.123e-03, Loss_gauge: 0.000e+00, w_pde: 1.00e+00, L^2_error: 2.285e-01, lr: 1.000e-03, Time: 7.76e+02
Model state saved to ./results/models/checkpoints/smoke_schrodinger\2026-02-03_12-41-17-689333_barrier_Classical\model.pth
Model weights saved to ./results/models/checkpoints/smoke_schrodinger\2026-02-03_12-41-17-689333_barrier_Classical\model_weights.pth
It: 1700, Loss: 3.740e+00, Loss_res: 3.537e+00,  Loss_bcs: 0.000e+00, Loss_ut_ics: 4.418e-04, Loss_norm: 1.419e-03, Loss_gauge: 0.000e+00, w_pde: 1.00e+00, L^2_error: 1.924e-01, lr: 1.000e-03, Time: 8.24e+02
Model state saved to ./results/models/checkpoints/smoke_schrodinger\2026-02-03_12-41-17-689333_barrier_Classical\model.pth
Model weights saved to ./results/models/checkpoints/smoke_schrodinger\2026-02-03_12-41-17-689333_barrier_Classical\model_weights.pth
It: 1800, Loss: 3.319e+00, Loss_res: 3.190e+00,  Loss_bcs: 0.000e+00, Loss_ut_ics: 2.448e-04, Loss_norm: 1.119e-03, Loss_gauge: 0.000e+00, w_pde: 1.00e+00, L^2_error: 1.619e-01, lr: 1.000e-03, Time: 8.72e+02
Model state saved to ./results/models/checkpoints/smoke_schrodinger\2026-02-03_12-41-17-689333_barrier_Classical\model.pth
Model weights saved to ./results/models/checkpoints/smoke_schrodinger\2026-02-03_12-41-17-689333_barrier_Classical\model_weights.pth
It: 1900, Loss: 3.376e+00, Loss_res: 3.209e+00,  Loss_bcs: 0.000e+00, Loss_ut_ics: 4.090e-04, Loss_norm: 8.730e-04, Loss_gauge: 0.000e+00, w_pde: 1.00e+00, L^2_error: 1.443e-01, lr: 1.000e-03, Time: 9.16e+02
Model state saved to ./results/models/checkpoints/smoke_schrodinger\2026-02-03_12-41-17-689333_barrier_Classical\model.pth
Model weights saved to ./results/models/checkpoints/smoke_schrodinger\2026-02-03_12-41-17-689333_barrier_Classical\model_weights.pth
It: 2000, Loss: 2.779e+00, Loss_res: 2.718e+00,  Loss_bcs: 0.000e+00, Loss_ut_ics: 1.080e-04, Loss_norm: 5.605e-04, Loss_gauge: 0.000e+00, w_pde: 1.00e+00, L^2_error: 1.250e-01, lr: 1.000e-03, Time: 9.64e+02
Model state saved to ./results/models/checkpoints/smoke_schrodinger\2026-02-03_12-41-17-689333_barrier_Classical\model.pth
Model weights saved to ./results/models/checkpoints/smoke_schrodinger\2026-02-03_12-41-17-689333_barrier_Classical\model_weights.pth
It: 2100, Loss: 2.806e+00, Loss_res: 2.724e+00,  Loss_bcs: 0.000e+00, Loss_ut_ics: 1.834e-04, Loss_norm: 5.397e-04, Loss_gauge: 0.000e+00, w_pde: 1.00e+00, L^2_error: 1.064e-01, lr: 1.000e-03, Time: 1.02e+03
Model state saved to ./results/models/checkpoints/smoke_schrodinger\2026-02-03_12-41-17-689333_barrier_Classical\model.pth
Model weights saved to ./results/models/checkpoints/smoke_schrodinger\2026-02-03_12-41-17-689333_barrier_Classical\model_weights.pth
It: 2200, Loss: 2.404e+00, Loss_res: 2.345e+00,  Loss_bcs: 0.000e+00, Loss_ut_ics: 1.141e-04, Loss_norm: 4.960e-04, Loss_gauge: 0.000e+00, w_pde: 1.00e+00, L^2_error: 9.509e-02, lr: 1.000e-03, Time: 1.07e+03
Model state saved to ./results/models/checkpoints/smoke_schrodinger\2026-02-03_12-41-17-689333_barrier_Classical\model.pth
Model weights saved to ./results/models/checkpoints/smoke_schrodinger\2026-02-03_12-41-17-689333_barrier_Classical\model_weights.pth
It: 2300, Loss: 2.425e+00, Loss_res: 2.368e+00,  Loss_bcs: 0.000e+00, Loss_ut_ics: 9.552e-05, Loss_norm: 5.743e-04, Loss_gauge: 0.000e+00, w_pde: 1.00e+00, L^2_error: 9.150e-02, lr: 1.000e-03, Time: 1.11e+03
Model state saved to ./results/models/checkpoints/smoke_schrodinger\2026-02-03_12-41-17-689333_barrier_Classical\model.pth
Model weights saved to ./results/models/checkpoints/smoke_schrodinger\2026-02-03_12-41-17-689333_barrier_Classical\model_weights.pth
It: 2400, Loss: 2.361e+00, Loss_res: 2.271e+00,  Loss_bcs: 0.000e+00, Loss_ut_ics: 2.176e-04, Loss_norm: 5.028e-04, Loss_gauge: 0.000e+00, w_pde: 1.00e+00, L^2_error: 8.731e-02, lr: 1.000e-03, Time: 1.16e+03
Model state saved to ./results/models/checkpoints/smoke_schrodinger\2026-02-03_12-41-17-689333_barrier_Classical\model.pth
Model weights saved to ./results/models/checkpoints/smoke_schrodinger\2026-02-03_12-41-17-689333_barrier_Classical\model_weights.pth
It: 2500, Loss: 2.339e+00, Loss_res: 2.277e+00,  Loss_bcs: 0.000e+00, Loss_ut_ics: 1.017e-04, Loss_norm: 6.194e-04, Loss_gauge: 0.000e+00, w_pde: 1.00e+00, L^2_error: 7.183e-02, lr: 1.000e-03, Time: 1.21e+03
Model state saved to ./results/models/checkpoints/smoke_schrodinger\2026-02-03_12-41-17-689333_barrier_Classical\model.pth
Model weights saved to ./results/models/checkpoints/smoke_schrodinger\2026-02-03_12-41-17-689333_barrier_Classical\model_weights.pth
It: 2600, Loss: 2.304e+00, Loss_res: 2.192e+00,  Loss_bcs: 0.000e+00, Loss_ut_ics: 2.970e-04, Loss_norm: 4.643e-04, Loss_gauge: 0.000e+00, w_pde: 1.00e+00, L^2_error: 6.443e-02, lr: 1.000e-03, Time: 1.25e+03
Model state saved to ./results/models/checkpoints/smoke_schrodinger\2026-02-03_12-41-17-689333_barrier_Classical\model.pth
Model weights saved to ./results/models/checkpoints/smoke_schrodinger\2026-02-03_12-41-17-689333_barrier_Classical\model_weights.pth
It: 2700, Loss: 2.000e+00, Loss_res: 1.928e+00,  Loss_bcs: 0.000e+00, Loss_ut_ics: 2.138e-04, Loss_norm: 1.552e-04, Loss_gauge: 0.000e+00, w_pde: 1.00e+00, L^2_error: 6.538e-02, lr: 1.000e-03, Time: 1.29e+03
Model state saved to ./results/models/checkpoints/smoke_schrodinger\2026-02-03_12-41-17-689333_barrier_Classical\model.pth
Model weights saved to ./results/models/checkpoints/smoke_schrodinger\2026-02-03_12-41-17-689333_barrier_Classical\model_weights.pth
It: 2800, Loss: 1.898e+00, Loss_res: 1.879e+00,  Loss_bcs: 0.000e+00, Loss_ut_ics: 2.188e-05, Loss_norm: 2.579e-04, Loss_gauge: 0.000e+00, w_pde: 1.00e+00, L^2_error: 5.630e-02, lr: 1.000e-03, Time: 1.33e+03
Model state saved to ./results/models/checkpoints/smoke_schrodinger\2026-02-03_12-41-17-689333_barrier_Classical\model.pth
Model weights saved to ./results/models/checkpoints/smoke_schrodinger\2026-02-03_12-41-17-689333_barrier_Classical\model_weights.pth
It: 2900, Loss: 1.841e+00, Loss_res: 1.800e+00,  Loss_bcs: 0.000e+00, Loss_ut_ics: 9.880e-05, Loss_norm: 2.244e-04, Loss_gauge: 0.000e+00, w_pde: 1.00e+00, L^2_error: 5.610e-02, lr: 1.000e-03, Time: 1.37e+03
Model state saved to ./results/models/checkpoints/smoke_schrodinger\2026-02-03_12-41-17-689333_barrier_Classical\model.pth
Model weights saved to ./results/models/checkpoints/smoke_schrodinger\2026-02-03_12-41-17-689333_barrier_Classical\model_weights.pth
It: 3000, Loss: 1.820e+00, Loss_res: 1.771e+00,  Loss_bcs: 0.000e+00, Loss_ut_ics: 1.388e-04, Loss_norm: 1.424e-04, Loss_gauge: 0.000e+00, w_pde: 1.00e+00, L^2_error: 4.396e-02, lr: 1.000e-03, Time: 1.41e+03
Model state saved to ./results/models/checkpoints/smoke_schrodinger\2026-02-03_12-41-17-689333_barrier_Classical\model.pth
Model weights saved to ./results/models/checkpoints/smoke_schrodinger\2026-02-03_12-41-17-689333_barrier_Classical\model_weights.pth
