Using CVNeuralNetwork2 
Using CV Solver
The settings used:
batch_size : 64
epochs : 1000
lr : 0.01
seed : 42
print_every : 1
log_path : ./results/models/checkpoints/wave
input_dim : 2
output_dim : 1
num_qubits : 2
hidden_dim : 50
num_quantum_layers : 1
classic_network : [2, 50, 1]
q_ansatz : sim_circ_13_half
mode : hybrid
activation : null
shots : None
problem : wave
solver : CV
device : cpu
method : None
cutoff_dim : 5
class : CVNeuralNetwork2
encoding : None
Total number of parameters: 469
It: 0, Loss: 7.976e+00, Loss_res: 5.859e-03,  Loss_bcs: 7.976e-01, Loss_ut_ics: 2.999e-04, lr: 1.000e+03, Time: 1.18e+01
Model state saved to ./results/models/checkpoints/wave/2025-09-21_17-12-54-275362/model.pth
Model state saved to ./results/models/checkpoints/wave/2025-09-21_17-12-54-275362/../model_weights.pth
It: 1, Loss: 2.712e+08, Loss_res: 0.000e+00,  Loss_bcs: 2.712e+07, Loss_ut_ics: 0.000e+00, lr: 1.000e+03, Time: 8.85e-01
Model state saved to ./results/models/checkpoints/wave/2025-09-21_17-12-54-275362/model.pth
Model state saved to ./results/models/checkpoints/wave/2025-09-21_17-12-54-275362/../model_weights.pth
It: 2, Loss: 1.964e+07, Loss_res: 0.000e+00,  Loss_bcs: 1.964e+06, Loss_ut_ics: 0.000e+00, lr: 1.000e+03, Time: 8.77e-01
Model state saved to ./results/models/checkpoints/wave/2025-09-21_17-12-54-275362/model.pth
Model state saved to ./results/models/checkpoints/wave/2025-09-21_17-12-54-275362/../model_weights.pth
It: 3, Loss: 1.552e+07, Loss_res: 0.000e+00,  Loss_bcs: 1.552e+06, Loss_ut_ics: 0.000e+00, lr: 1.000e+03, Time: 1.04e+00
Model state saved to ./results/models/checkpoints/wave/2025-09-21_17-12-54-275362/model.pth
Model state saved to ./results/models/checkpoints/wave/2025-09-21_17-12-54-275362/../model_weights.pth
It: 4, Loss: 2.014e+07, Loss_res: 0.000e+00,  Loss_bcs: 2.014e+06, Loss_ut_ics: 0.000e+00, lr: 1.000e+03, Time: 8.91e-01
Model state saved to ./results/models/checkpoints/wave/2025-09-21_17-12-54-275362/model.pth
Model state saved to ./results/models/checkpoints/wave/2025-09-21_17-12-54-275362/../model_weights.pth
It: 5, Loss: 1.026e+07, Loss_res: 0.000e+00,  Loss_bcs: 1.026e+06, Loss_ut_ics: 0.000e+00, lr: 1.000e+03, Time: 9.39e-01
Model state saved to ./results/models/checkpoints/wave/2025-09-21_17-12-54-275362/model.pth
Model state saved to ./results/models/checkpoints/wave/2025-09-21_17-12-54-275362/../model_weights.pth
It: 6, Loss: 1.033e+06, Loss_res: 0.000e+00,  Loss_bcs: 1.033e+05, Loss_ut_ics: 0.000e+00, lr: 1.000e+03, Time: 1.02e+00
Model state saved to ./results/models/checkpoints/wave/2025-09-21_17-12-54-275362/model.pth
Model state saved to ./results/models/checkpoints/wave/2025-09-21_17-12-54-275362/../model_weights.pth
It: 7, Loss: 1.587e+06, Loss_res: 0.000e+00,  Loss_bcs: 1.587e+05, Loss_ut_ics: 0.000e+00, lr: 1.000e+03, Time: 7.40e+00
Model state saved to ./results/models/checkpoints/wave/2025-09-21_17-12-54-275362/model.pth
Model state saved to ./results/models/checkpoints/wave/2025-09-21_17-12-54-275362/../model_weights.pth
It: 8, Loss: 3.125e+07, Loss_res: 0.000e+00,  Loss_bcs: 3.125e+06, Loss_ut_ics: 0.000e+00, lr: 1.000e+03, Time: 8.88e-01
Model state saved to ./results/models/checkpoints/wave/2025-09-21_17-12-54-275362/model.pth
Model state saved to ./results/models/checkpoints/wave/2025-09-21_17-12-54-275362/../model_weights.pth
It: 9, Loss: 4.864e+07, Loss_res: 0.000e+00,  Loss_bcs: 4.864e+06, Loss_ut_ics: 0.000e+00, lr: 1.000e+03, Time: 1.04e+00
Model state saved to ./results/models/checkpoints/wave/2025-09-21_17-12-54-275362/model.pth
Model state saved to ./results/models/checkpoints/wave/2025-09-21_17-12-54-275362/../model_weights.pth
