It: 1, Loss: 4.016e+02, Loss_res: 2.128e+01,  Loss_bcs: 0.000e+00, Loss_ut_ics: 1.589e+00, Loss_norm: 8.396e-01, Loss_gauge: 0.000e+00, w_pde: 6.67e-03, L^2_error: 1.264e+00, lr: 1.000e-03, Time: 2.14e+00
Model state saved to ./results/models/checkpoints/smoke_schrodinger\2025-12-21_17-58-49-772822_box_DV\model.pth
Model state saved to ./results/models/checkpoints/smoke_schrodinger\2025-12-21_17-58-49-772822_box_DV\model_weights.pth
It: 50, Loss: 1.345e+01, Loss_res: 2.330e+01,  Loss_bcs: 0.000e+00, Loss_ut_ics: 2.151e-02, Loss_norm: 6.111e-02, Loss_gauge: 0.000e+00, w_pde: 3.33e-01, L^2_error: 8.909e-01, lr: 1.000e-03, Time: 9.78e+01
Model state saved to ./results/models/checkpoints/smoke_schrodinger\2025-12-21_17-58-49-772822_box_DV\model.pth
Model state saved to ./results/models/checkpoints/smoke_schrodinger\2025-12-21_17-58-49-772822_box_DV\model_weights.pth
It: 100, Loss: 1.828e+01, Loss_res: 2.451e+01,  Loss_bcs: 0.000e+00, Loss_ut_ics: 7.298e-03, Loss_norm: 2.314e-02, Loss_gauge: 0.000e+00, w_pde: 6.67e-01, L^2_error: 9.016e-01, lr: 1.000e-03, Time: 1.96e+02
Model state saved to ./results/models/checkpoints/smoke_schrodinger\2025-12-21_17-58-49-772822_box_DV\model.pth
Model state saved to ./results/models/checkpoints/smoke_schrodinger\2025-12-21_17-58-49-772822_box_DV\model_weights.pth
It: 150, Loss: 2.381e+01, Loss_res: 2.115e+01,  Loss_bcs: 0.000e+00, Loss_ut_ics: 9.506e-03, Loss_norm: 5.679e-02, Loss_gauge: 0.000e+00, w_pde: 1.00e+00, L^2_error: 8.585e-01, lr: 1.000e-03, Time: 2.95e+02
Model state saved to ./results/models/checkpoints/smoke_schrodinger\2025-12-21_17-58-49-772822_box_DV\model.pth
Model state saved to ./results/models/checkpoints/smoke_schrodinger\2025-12-21_17-58-49-772822_box_DV\model_weights.pth
It: 200, Loss: 2.273e+01, Loss_res: 2.043e+01,  Loss_bcs: 0.000e+00, Loss_ut_ics: 8.126e-03, Loss_norm: 5.311e-02, Loss_gauge: 0.000e+00, w_pde: 1.00e+00, L^2_error: 8.412e-01, lr: 1.000e-03, Time: 3.96e+02
Model state saved to ./results/models/checkpoints/smoke_schrodinger\2025-12-21_17-58-49-772822_box_DV\model.pth
Model state saved to ./results/models/checkpoints/smoke_schrodinger\2025-12-21_17-58-49-772822_box_DV\model_weights.pth
It: 250, Loss: 1.896e+01, Loss_res: 1.685e+01,  Loss_bcs: 0.000e+00, Loss_ut_ics: 7.231e-03, Loss_norm: 6.015e-02, Loss_gauge: 0.000e+00, w_pde: 1.00e+00, L^2_error: 7.655e-01, lr: 1.000e-03, Time: 4.95e+02
Model state saved to ./results/models/checkpoints/smoke_schrodinger\2025-12-21_17-58-49-772822_box_DV\model.pth
Model state saved to ./results/models/checkpoints/smoke_schrodinger\2025-12-21_17-58-49-772822_box_DV\model_weights.pth
It: 300, Loss: 7.258e+00, Loss_res: 6.367e+00,  Loss_bcs: 0.000e+00, Loss_ut_ics: 2.948e-03, Loss_norm: 3.076e-02, Loss_gauge: 0.000e+00, w_pde: 1.00e+00, L^2_error: 3.780e-01, lr: 1.000e-03, Time: 5.96e+02
Model state saved to ./results/models/checkpoints/smoke_schrodinger\2025-12-21_17-58-49-772822_box_DV\model.pth
Model state saved to ./results/models/checkpoints/smoke_schrodinger\2025-12-21_17-58-49-772822_box_DV\model_weights.pth
It: 350, Loss: 4.836e+00, Loss_res: 4.373e+00,  Loss_bcs: 0.000e+00, Loss_ut_ics: 1.622e-03, Loss_norm: 1.151e-02, Loss_gauge: 0.000e+00, w_pde: 1.00e+00, L^2_error: 2.679e-01, lr: 1.000e-03, Time: 6.97e+02
Model state saved to ./results/models/checkpoints/smoke_schrodinger\2025-12-21_17-58-49-772822_box_DV\model.pth
Model state saved to ./results/models/checkpoints/smoke_schrodinger\2025-12-21_17-58-49-772822_box_DV\model_weights.pth
It: 400, Loss: 3.267e+00, Loss_res: 3.017e+00,  Loss_bcs: 0.000e+00, Loss_ut_ics: 9.152e-04, Loss_norm: 4.153e-03, Loss_gauge: 0.000e+00, w_pde: 1.00e+00, L^2_error: 1.757e-01, lr: 1.000e-03, Time: 7.97e+02
Model state saved to ./results/models/checkpoints/smoke_schrodinger\2025-12-21_17-58-49-772822_box_DV\model.pth
Model state saved to ./results/models/checkpoints/smoke_schrodinger\2025-12-21_17-58-49-772822_box_DV\model_weights.pth
It: 450, Loss: 1.453e+00, Loss_res: 1.333e+00,  Loss_bcs: 0.000e+00, Loss_ut_ics: 4.611e-04, Loss_norm: 9.339e-04, Loss_gauge: 0.000e+00, w_pde: 1.00e+00, L^2_error: 8.757e-02, lr: 1.000e-03, Time: 8.97e+02
Model state saved to ./results/models/checkpoints/smoke_schrodinger\2025-12-21_17-58-49-772822_box_DV\model.pth
Model state saved to ./results/models/checkpoints/smoke_schrodinger\2025-12-21_17-58-49-772822_box_DV\model_weights.pth
It: 500, Loss: 7.107e-01, Loss_res: 6.555e-01,  Loss_bcs: 0.000e+00, Loss_ut_ics: 2.183e-04, Loss_norm: 1.115e-04, Loss_gauge: 0.000e+00, w_pde: 1.00e+00, L^2_error: 4.210e-02, lr: 1.000e-03, Time: 9.96e+02
Model state saved to ./results/models/checkpoints/smoke_schrodinger\2025-12-21_17-58-49-772822_box_DV\model.pth
Model state saved to ./results/models/checkpoints/smoke_schrodinger\2025-12-21_17-58-49-772822_box_DV\model_weights.pth
It: 550, Loss: 4.273e-01, Loss_res: 3.954e-01,  Loss_bcs: 0.000e+00, Loss_ut_ics: 1.267e-04, Loss_norm: 5.369e-05, Loss_gauge: 0.000e+00, w_pde: 1.00e+00, L^2_error: 2.588e-02, lr: 1.000e-03, Time: 1.10e+03
Model state saved to ./results/models/checkpoints/smoke_schrodinger\2025-12-21_17-58-49-772822_box_DV\model.pth
Model state saved to ./results/models/checkpoints/smoke_schrodinger\2025-12-21_17-58-49-772822_box_DV\model_weights.pth
It: 600, Loss: 3.277e-01, Loss_res: 3.075e-01,  Loss_bcs: 0.000e+00, Loss_ut_ics: 8.002e-05, Loss_norm: 3.675e-05, Loss_gauge: 0.000e+00, w_pde: 1.00e+00, L^2_error: 2.037e-02, lr: 1.000e-03, Time: 1.19e+03
Model state saved to ./results/models/checkpoints/smoke_schrodinger\2025-12-21_17-58-49-772822_box_DV\model.pth
Model state saved to ./results/models/checkpoints/smoke_schrodinger\2025-12-21_17-58-49-772822_box_DV\model_weights.pth
