INFO:src.utils.logger:It: 1, Loss: 3.473e+02, Loss_res: 1.338e-02,  Loss_bcs: 0.000e+00, Loss_ut_ics: 9.910e-01, Loss_norm: 9.998e-01, Loss_gauge: 0.000e+00, w_pde: 3.33e-03, L^2_error: 1.010e+00, lr: 1.000e-03, Time: 3.45e-01
INFO:src.utils.logger:Model state saved to results\barrier\Classical\20260226-091105_seed0_pinn_2-64-64-64-64-2_v3f_e1.5k\checkpoints\2026-02-26_09-11-08-037447_barrier_Classical_seed0\model.pth
INFO:src.utils.logger:Model weights saved to results\barrier\Classical\20260226-091105_seed0_pinn_2-64-64-64-64-2_v3f_e1.5k\checkpoints\2026-02-26_09-11-08-037447_barrier_Classical_seed0\model_weights.pth
INFO:src.utils.logger:It: 20, Loss: 2.493e+02, Loss_res: 4.259e+01,  Loss_bcs: 0.000e+00, Loss_ut_ics: 7.254e-01, Loss_norm: 5.758e-01, Loss_gauge: 0.000e+00, w_pde: 6.67e-02, L^2_error: 1.256e+00, lr: 1.000e-03, Time: 1.72e+00
INFO:src.utils.logger:Model state saved to results\barrier\Classical\20260226-091105_seed0_pinn_2-64-64-64-64-2_v3f_e1.5k\checkpoints\2026-02-26_09-11-08-037447_barrier_Classical_seed0\model.pth
INFO:src.utils.logger:Model weights saved to results\barrier\Classical\20260226-091105_seed0_pinn_2-64-64-64-64-2_v3f_e1.5k\checkpoints\2026-02-26_09-11-08-037447_barrier_Classical_seed0\model_weights.pth
INFO:src.utils.logger:It: 40, Loss: 5.507e+01, Loss_res: 2.734e+02,  Loss_bcs: 0.000e+00, Loss_ut_ics: 4.313e-02, Loss_norm: 1.135e-01, Loss_gauge: 0.000e+00, w_pde: 1.33e-01, L^2_error: 1.672e+00, lr: 1.000e-03, Time: 3.38e+00
INFO:src.utils.logger:Model state saved to results\barrier\Classical\20260226-091105_seed0_pinn_2-64-64-64-64-2_v3f_e1.5k\checkpoints\2026-02-26_09-11-08-037447_barrier_Classical_seed0\model.pth
INFO:src.utils.logger:Model weights saved to results\barrier\Classical\20260226-091105_seed0_pinn_2-64-64-64-64-2_v3f_e1.5k\checkpoints\2026-02-26_09-11-08-037447_barrier_Classical_seed0\model_weights.pth
INFO:src.utils.logger:It: 60, Loss: 7.084e+01, Loss_res: 2.580e+02,  Loss_bcs: 0.000e+00, Loss_ut_ics: 4.260e-02, Loss_norm: 1.294e-01, Loss_gauge: 0.000e+00, w_pde: 2.00e-01, L^2_error: 1.609e+00, lr: 1.000e-03, Time: 4.95e+00
INFO:src.utils.logger:Model state saved to results\barrier\Classical\20260226-091105_seed0_pinn_2-64-64-64-64-2_v3f_e1.5k\checkpoints\2026-02-26_09-11-08-037447_barrier_Classical_seed0\model.pth
INFO:src.utils.logger:Model weights saved to results\barrier\Classical\20260226-091105_seed0_pinn_2-64-64-64-64-2_v3f_e1.5k\checkpoints\2026-02-26_09-11-08-037447_barrier_Classical_seed0\model_weights.pth
INFO:src.utils.logger:It: 80, Loss: 8.228e+01, Loss_res: 2.494e+02,  Loss_bcs: 0.000e+00, Loss_ut_ics: 3.556e-02, Loss_norm: 1.019e-01, Loss_gauge: 0.000e+00, w_pde: 2.67e-01, L^2_error: 1.641e+00, lr: 1.000e-03, Time: 6.41e+00
INFO:src.utils.logger:Model state saved to results\barrier\Classical\20260226-091105_seed0_pinn_2-64-64-64-64-2_v3f_e1.5k\checkpoints\2026-02-26_09-11-08-037447_barrier_Classical_seed0\model.pth
INFO:src.utils.logger:Model weights saved to results\barrier\Classical\20260226-091105_seed0_pinn_2-64-64-64-64-2_v3f_e1.5k\checkpoints\2026-02-26_09-11-08-037447_barrier_Classical_seed0\model_weights.pth
INFO:src.utils.logger:It: 100, Loss: 8.086e+01, Loss_res: 1.737e+02,  Loss_bcs: 0.000e+00, Loss_ut_ics: 5.956e-02, Loss_norm: 1.019e-01, Loss_gauge: 0.000e+00, w_pde: 3.33e-01, L^2_error: 1.643e+00, lr: 1.000e-03, Time: 7.83e+00
INFO:src.utils.logger:Model state saved to results\barrier\Classical\20260226-091105_seed0_pinn_2-64-64-64-64-2_v3f_e1.5k\checkpoints\2026-02-26_09-11-08-037447_barrier_Classical_seed0\model.pth
INFO:src.utils.logger:Model weights saved to results\barrier\Classical\20260226-091105_seed0_pinn_2-64-64-64-64-2_v3f_e1.5k\checkpoints\2026-02-26_09-11-08-037447_barrier_Classical_seed0\model_weights.pth
INFO:src.utils.logger:It: 120, Loss: 7.845e+01, Loss_res: 1.376e+02,  Loss_bcs: 0.000e+00, Loss_ut_ics: 6.398e-02, Loss_norm: 8.445e-02, Loss_gauge: 0.000e+00, w_pde: 4.00e-01, L^2_error: 1.703e+00, lr: 1.000e-03, Time: 9.91e+00
INFO:src.utils.logger:Model state saved to results\barrier\Classical\20260226-091105_seed0_pinn_2-64-64-64-64-2_v3f_e1.5k\checkpoints\2026-02-26_09-11-08-037447_barrier_Classical_seed0\model.pth
INFO:src.utils.logger:Model weights saved to results\barrier\Classical\20260226-091105_seed0_pinn_2-64-64-64-64-2_v3f_e1.5k\checkpoints\2026-02-26_09-11-08-037447_barrier_Classical_seed0\model_weights.pth
INFO:src.utils.logger:It: 140, Loss: 6.637e+01, Loss_res: 1.116e+02,  Loss_bcs: 0.000e+00, Loss_ut_ics: 3.800e-02, Loss_norm: 5.784e-02, Loss_gauge: 0.000e+00, w_pde: 4.67e-01, L^2_error: 1.678e+00, lr: 1.000e-03, Time: 1.16e+01
INFO:src.utils.logger:Model state saved to results\barrier\Classical\20260226-091105_seed0_pinn_2-64-64-64-64-2_v3f_e1.5k\checkpoints\2026-02-26_09-11-08-037447_barrier_Classical_seed0\model.pth
INFO:src.utils.logger:Model weights saved to results\barrier\Classical\20260226-091105_seed0_pinn_2-64-64-64-64-2_v3f_e1.5k\checkpoints\2026-02-26_09-11-08-037447_barrier_Classical_seed0\model_weights.pth
INFO:src.utils.logger:It: 160, Loss: 6.102e+01, Loss_res: 9.989e+01,  Loss_bcs: 0.000e+00, Loss_ut_ics: 1.833e-02, Loss_norm: 4.492e-02, Loss_gauge: 0.000e+00, w_pde: 5.33e-01, L^2_error: 1.606e+00, lr: 1.000e-03, Time: 1.31e+01
INFO:src.utils.logger:Model state saved to results\barrier\Classical\20260226-091105_seed0_pinn_2-64-64-64-64-2_v3f_e1.5k\checkpoints\2026-02-26_09-11-08-037447_barrier_Classical_seed0\model.pth
INFO:src.utils.logger:Model weights saved to results\barrier\Classical\20260226-091105_seed0_pinn_2-64-64-64-64-2_v3f_e1.5k\checkpoints\2026-02-26_09-11-08-037447_barrier_Classical_seed0\model_weights.pth
INFO:src.utils.logger:It: 180, Loss: 5.866e+01, Loss_res: 8.374e+01,  Loss_bcs: 0.000e+00, Loss_ut_ics: 1.751e-02, Loss_norm: 6.325e-02, Loss_gauge: 0.000e+00, w_pde: 6.00e-01, L^2_error: 1.544e+00, lr: 1.000e-03, Time: 1.48e+01
INFO:src.utils.logger:Model state saved to results\barrier\Classical\20260226-091105_seed0_pinn_2-64-64-64-64-2_v3f_e1.5k\checkpoints\2026-02-26_09-11-08-037447_barrier_Classical_seed0\model.pth
INFO:src.utils.logger:Model weights saved to results\barrier\Classical\20260226-091105_seed0_pinn_2-64-64-64-64-2_v3f_e1.5k\checkpoints\2026-02-26_09-11-08-037447_barrier_Classical_seed0\model_weights.pth
INFO:src.utils.logger:It: 200, Loss: 5.671e+01, Loss_res: 7.340e+01,  Loss_bcs: 0.000e+00, Loss_ut_ics: 1.237e-02, Loss_norm: 8.120e-02, Loss_gauge: 0.000e+00, w_pde: 6.67e-01, L^2_error: 1.514e+00, lr: 1.000e-03, Time: 1.64e+01
INFO:src.utils.logger:Model state saved to results\barrier\Classical\20260226-091105_seed0_pinn_2-64-64-64-64-2_v3f_e1.5k\checkpoints\2026-02-26_09-11-08-037447_barrier_Classical_seed0\model.pth
INFO:src.utils.logger:Model weights saved to results\barrier\Classical\20260226-091105_seed0_pinn_2-64-64-64-64-2_v3f_e1.5k\checkpoints\2026-02-26_09-11-08-037447_barrier_Classical_seed0\model_weights.pth
INFO:src.utils.logger:It: 220, Loss: 5.471e+01, Loss_res: 6.091e+01,  Loss_bcs: 0.000e+00, Loss_ut_ics: 1.535e-02, Loss_norm: 1.087e-01, Loss_gauge: 0.000e+00, w_pde: 7.33e-01, L^2_error: 1.479e+00, lr: 1.000e-03, Time: 1.81e+01
INFO:src.utils.logger:Model state saved to results\barrier\Classical\20260226-091105_seed0_pinn_2-64-64-64-64-2_v3f_e1.5k\checkpoints\2026-02-26_09-11-08-037447_barrier_Classical_seed0\model.pth
INFO:src.utils.logger:Model weights saved to results\barrier\Classical\20260226-091105_seed0_pinn_2-64-64-64-64-2_v3f_e1.5k\checkpoints\2026-02-26_09-11-08-037447_barrier_Classical_seed0\model_weights.pth
INFO:src.utils.logger:It: 240, Loss: 5.065e+01, Loss_res: 4.851e+01,  Loss_bcs: 0.000e+00, Loss_ut_ics: 1.774e-02, Loss_norm: 1.304e-01, Loss_gauge: 0.000e+00, w_pde: 8.00e-01, L^2_error: 1.443e+00, lr: 1.000e-03, Time: 1.99e+01
INFO:src.utils.logger:Model state saved to results\barrier\Classical\20260226-091105_seed0_pinn_2-64-64-64-64-2_v3f_e1.5k\checkpoints\2026-02-26_09-11-08-037447_barrier_Classical_seed0\model.pth
INFO:src.utils.logger:Model weights saved to results\barrier\Classical\20260226-091105_seed0_pinn_2-64-64-64-64-2_v3f_e1.5k\checkpoints\2026-02-26_09-11-08-037447_barrier_Classical_seed0\model_weights.pth
INFO:src.utils.logger:It: 260, Loss: 5.002e+01, Loss_res: 4.482e+01,  Loss_bcs: 0.000e+00, Loss_ut_ics: 1.421e-02, Loss_norm: 1.382e-01, Loss_gauge: 0.000e+00, w_pde: 8.67e-01, L^2_error: 1.434e+00, lr: 1.000e-03, Time: 2.13e+01
INFO:src.utils.logger:Model state saved to results\barrier\Classical\20260226-091105_seed0_pinn_2-64-64-64-64-2_v3f_e1.5k\checkpoints\2026-02-26_09-11-08-037447_barrier_Classical_seed0\model.pth
INFO:src.utils.logger:Model weights saved to results\barrier\Classical\20260226-091105_seed0_pinn_2-64-64-64-64-2_v3f_e1.5k\checkpoints\2026-02-26_09-11-08-037447_barrier_Classical_seed0\model_weights.pth
INFO:src.utils.logger:It: 280, Loss: 4.944e+01, Loss_res: 4.122e+01,  Loss_bcs: 0.000e+00, Loss_ut_ics: 1.558e-02, Loss_norm: 1.259e-01, Loss_gauge: 0.000e+00, w_pde: 9.33e-01, L^2_error: 1.415e+00, lr: 1.000e-03, Time: 2.28e+01
INFO:src.utils.logger:Model state saved to results\barrier\Classical\20260226-091105_seed0_pinn_2-64-64-64-64-2_v3f_e1.5k\checkpoints\2026-02-26_09-11-08-037447_barrier_Classical_seed0\model.pth
INFO:src.utils.logger:Model weights saved to results\barrier\Classical\20260226-091105_seed0_pinn_2-64-64-64-64-2_v3f_e1.5k\checkpoints\2026-02-26_09-11-08-037447_barrier_Classical_seed0\model_weights.pth
INFO:src.utils.logger:It: 300, Loss: 4.839e+01, Loss_res: 3.958e+01,  Loss_bcs: 0.000e+00, Loss_ut_ics: 1.105e-02, Loss_norm: 1.098e-01, Loss_gauge: 0.000e+00, w_pde: 1.00e+00, L^2_error: 1.407e+00, lr: 1.000e-03, Time: 2.43e+01
INFO:src.utils.logger:Model state saved to results\barrier\Classical\20260226-091105_seed0_pinn_2-64-64-64-64-2_v3f_e1.5k\checkpoints\2026-02-26_09-11-08-037447_barrier_Classical_seed0\model.pth
INFO:src.utils.logger:Model weights saved to results\barrier\Classical\20260226-091105_seed0_pinn_2-64-64-64-64-2_v3f_e1.5k\checkpoints\2026-02-26_09-11-08-037447_barrier_Classical_seed0\model_weights.pth
INFO:src.utils.logger:It: 320, Loss: 4.072e+01, Loss_res: 3.322e+01,  Loss_bcs: 0.000e+00, Loss_ut_ics: 1.020e-02, Loss_norm: 8.881e-02, Loss_gauge: 0.000e+00, w_pde: 1.00e+00, L^2_error: 1.397e+00, lr: 1.000e-03, Time: 2.61e+01
INFO:src.utils.logger:Model state saved to results\barrier\Classical\20260226-091105_seed0_pinn_2-64-64-64-64-2_v3f_e1.5k\checkpoints\2026-02-26_09-11-08-037447_barrier_Classical_seed0\model.pth
INFO:src.utils.logger:Model weights saved to results\barrier\Classical\20260226-091105_seed0_pinn_2-64-64-64-64-2_v3f_e1.5k\checkpoints\2026-02-26_09-11-08-037447_barrier_Classical_seed0\model_weights.pth
INFO:src.utils.logger:It: 340, Loss: 3.469e+01, Loss_res: 2.722e+01,  Loss_bcs: 0.000e+00, Loss_ut_ics: 1.025e-02, Loss_norm: 8.801e-02, Loss_gauge: 0.000e+00, w_pde: 1.00e+00, L^2_error: 1.377e+00, lr: 1.000e-03, Time: 2.76e+01
INFO:src.utils.logger:Model state saved to results\barrier\Classical\20260226-091105_seed0_pinn_2-64-64-64-64-2_v3f_e1.5k\checkpoints\2026-02-26_09-11-08-037447_barrier_Classical_seed0\model.pth
INFO:src.utils.logger:Model weights saved to results\barrier\Classical\20260226-091105_seed0_pinn_2-64-64-64-64-2_v3f_e1.5k\checkpoints\2026-02-26_09-11-08-037447_barrier_Classical_seed0\model_weights.pth
INFO:src.utils.logger:It: 360, Loss: 3.214e+01, Loss_res: 2.604e+01,  Loss_bcs: 0.000e+00, Loss_ut_ics: 9.195e-03, Loss_norm: 6.691e-02, Loss_gauge: 0.000e+00, w_pde: 1.00e+00, L^2_error: 1.366e+00, lr: 1.000e-03, Time: 2.91e+01
INFO:src.utils.logger:Model state saved to results\barrier\Classical\20260226-091105_seed0_pinn_2-64-64-64-64-2_v3f_e1.5k\checkpoints\2026-02-26_09-11-08-037447_barrier_Classical_seed0\model.pth
INFO:src.utils.logger:Model weights saved to results\barrier\Classical\20260226-091105_seed0_pinn_2-64-64-64-64-2_v3f_e1.5k\checkpoints\2026-02-26_09-11-08-037447_barrier_Classical_seed0\model_weights.pth
INFO:src.utils.logger:It: 380, Loss: 2.901e+01, Loss_res: 2.387e+01,  Loss_bcs: 0.000e+00, Loss_ut_ics: 8.126e-03, Loss_norm: 5.406e-02, Loss_gauge: 0.000e+00, w_pde: 1.00e+00, L^2_error: 1.355e+00, lr: 1.000e-03, Time: 3.07e+01
INFO:src.utils.logger:Model state saved to results\barrier\Classical\20260226-091105_seed0_pinn_2-64-64-64-64-2_v3f_e1.5k\checkpoints\2026-02-26_09-11-08-037447_barrier_Classical_seed0\model.pth
INFO:src.utils.logger:Model weights saved to results\barrier\Classical\20260226-091105_seed0_pinn_2-64-64-64-64-2_v3f_e1.5k\checkpoints\2026-02-26_09-11-08-037447_barrier_Classical_seed0\model_weights.pth
INFO:src.utils.logger:It: 400, Loss: 3.039e+01, Loss_res: 2.634e+01,  Loss_bcs: 0.000e+00, Loss_ut_ics: 5.978e-03, Loss_norm: 4.511e-02, Loss_gauge: 0.000e+00, w_pde: 1.00e+00, L^2_error: 1.351e+00, lr: 1.000e-03, Time: 3.22e+01
INFO:src.utils.logger:Model state saved to results\barrier\Classical\20260226-091105_seed0_pinn_2-64-64-64-64-2_v3f_e1.5k\checkpoints\2026-02-26_09-11-08-037447_barrier_Classical_seed0\model.pth
INFO:src.utils.logger:Model weights saved to results\barrier\Classical\20260226-091105_seed0_pinn_2-64-64-64-64-2_v3f_e1.5k\checkpoints\2026-02-26_09-11-08-037447_barrier_Classical_seed0\model_weights.pth
INFO:src.utils.logger:It: 420, Loss: 2.853e+01, Loss_res: 2.443e+01,  Loss_bcs: 0.000e+00, Loss_ut_ics: 6.118e-03, Loss_norm: 4.534e-02, Loss_gauge: 0.000e+00, w_pde: 1.00e+00, L^2_error: 1.327e+00, lr: 1.000e-03, Time: 3.36e+01
INFO:src.utils.logger:Model state saved to results\barrier\Classical\20260226-091105_seed0_pinn_2-64-64-64-64-2_v3f_e1.5k\checkpoints\2026-02-26_09-11-08-037447_barrier_Classical_seed0\model.pth
INFO:src.utils.logger:Model weights saved to results\barrier\Classical\20260226-091105_seed0_pinn_2-64-64-64-64-2_v3f_e1.5k\checkpoints\2026-02-26_09-11-08-037447_barrier_Classical_seed0\model_weights.pth
INFO:src.utils.logger:It: 440, Loss: 2.601e+01, Loss_res: 2.192e+01,  Loss_bcs: 0.000e+00, Loss_ut_ics: 5.888e-03, Loss_norm: 4.641e-02, Loss_gauge: 0.000e+00, w_pde: 1.00e+00, L^2_error: 1.314e+00, lr: 1.000e-03, Time: 3.51e+01
INFO:src.utils.logger:Model state saved to results\barrier\Classical\20260226-091105_seed0_pinn_2-64-64-64-64-2_v3f_e1.5k\checkpoints\2026-02-26_09-11-08-037447_barrier_Classical_seed0\model.pth
INFO:src.utils.logger:Model weights saved to results\barrier\Classical\20260226-091105_seed0_pinn_2-64-64-64-64-2_v3f_e1.5k\checkpoints\2026-02-26_09-11-08-037447_barrier_Classical_seed0\model_weights.pth
INFO:src.utils.logger:It: 460, Loss: 2.727e+01, Loss_res: 2.336e+01,  Loss_bcs: 0.000e+00, Loss_ut_ics: 5.501e-03, Loss_norm: 4.501e-02, Loss_gauge: 0.000e+00, w_pde: 1.00e+00, L^2_error: 1.296e+00, lr: 1.000e-03, Time: 3.68e+01
INFO:src.utils.logger:Model state saved to results\barrier\Classical\20260226-091105_seed0_pinn_2-64-64-64-64-2_v3f_e1.5k\checkpoints\2026-02-26_09-11-08-037447_barrier_Classical_seed0\model.pth
INFO:src.utils.logger:Model weights saved to results\barrier\Classical\20260226-091105_seed0_pinn_2-64-64-64-64-2_v3f_e1.5k\checkpoints\2026-02-26_09-11-08-037447_barrier_Classical_seed0\model_weights.pth
INFO:src.utils.logger:It: 480, Loss: 2.308e+01, Loss_res: 1.975e+01,  Loss_bcs: 0.000e+00, Loss_ut_ics: 4.750e-03, Loss_norm: 3.811e-02, Loss_gauge: 0.000e+00, w_pde: 1.00e+00, L^2_error: 1.303e+00, lr: 1.000e-03, Time: 3.82e+01
INFO:src.utils.logger:Model state saved to results\barrier\Classical\20260226-091105_seed0_pinn_2-64-64-64-64-2_v3f_e1.5k\checkpoints\2026-02-26_09-11-08-037447_barrier_Classical_seed0\model.pth
INFO:src.utils.logger:Model weights saved to results\barrier\Classical\20260226-091105_seed0_pinn_2-64-64-64-64-2_v3f_e1.5k\checkpoints\2026-02-26_09-11-08-037447_barrier_Classical_seed0\model_weights.pth
INFO:src.utils.logger:It: 500, Loss: 2.250e+01, Loss_res: 1.865e+01,  Loss_bcs: 0.000e+00, Loss_ut_ics: 6.132e-03, Loss_norm: 4.029e-02, Loss_gauge: 0.000e+00, w_pde: 1.00e+00, L^2_error: 1.285e+00, lr: 1.000e-03, Time: 3.97e+01
INFO:src.utils.logger:Model state saved to results\barrier\Classical\20260226-091105_seed0_pinn_2-64-64-64-64-2_v3f_e1.5k\checkpoints\2026-02-26_09-11-08-037447_barrier_Classical_seed0\model.pth
INFO:src.utils.logger:Model weights saved to results\barrier\Classical\20260226-091105_seed0_pinn_2-64-64-64-64-2_v3f_e1.5k\checkpoints\2026-02-26_09-11-08-037447_barrier_Classical_seed0\model_weights.pth
INFO:src.utils.logger:It: 520, Loss: 2.698e+01, Loss_res: 2.398e+01,  Loss_bcs: 0.000e+00, Loss_ut_ics: 3.896e-03, Loss_norm: 3.669e-02, Loss_gauge: 0.000e+00, w_pde: 1.00e+00, L^2_error: 1.278e+00, lr: 1.000e-03, Time: 4.12e+01
INFO:src.utils.logger:Model state saved to results\barrier\Classical\20260226-091105_seed0_pinn_2-64-64-64-64-2_v3f_e1.5k\checkpoints\2026-02-26_09-11-08-037447_barrier_Classical_seed0\model.pth
INFO:src.utils.logger:Model weights saved to results\barrier\Classical\20260226-091105_seed0_pinn_2-64-64-64-64-2_v3f_e1.5k\checkpoints\2026-02-26_09-11-08-037447_barrier_Classical_seed0\model_weights.pth
INFO:src.utils.logger:It: 540, Loss: 2.368e+01, Loss_res: 2.114e+01,  Loss_bcs: 0.000e+00, Loss_ut_ics: 3.419e-03, Loss_norm: 3.039e-02, Loss_gauge: 0.000e+00, w_pde: 1.00e+00, L^2_error: 1.270e+00, lr: 1.000e-03, Time: 4.30e+01
INFO:src.utils.logger:Model state saved to results\barrier\Classical\20260226-091105_seed0_pinn_2-64-64-64-64-2_v3f_e1.5k\checkpoints\2026-02-26_09-11-08-037447_barrier_Classical_seed0\model.pth
INFO:src.utils.logger:Model weights saved to results\barrier\Classical\20260226-091105_seed0_pinn_2-64-64-64-64-2_v3f_e1.5k\checkpoints\2026-02-26_09-11-08-037447_barrier_Classical_seed0\model_weights.pth
INFO:src.utils.logger:It: 560, Loss: 2.381e+01, Loss_res: 2.099e+01,  Loss_bcs: 0.000e+00, Loss_ut_ics: 3.968e-03, Loss_norm: 3.252e-02, Loss_gauge: 0.000e+00, w_pde: 1.00e+00, L^2_error: 1.263e+00, lr: 1.000e-03, Time: 4.44e+01
INFO:src.utils.logger:Model state saved to results\barrier\Classical\20260226-091105_seed0_pinn_2-64-64-64-64-2_v3f_e1.5k\checkpoints\2026-02-26_09-11-08-037447_barrier_Classical_seed0\model.pth
INFO:src.utils.logger:Model weights saved to results\barrier\Classical\20260226-091105_seed0_pinn_2-64-64-64-64-2_v3f_e1.5k\checkpoints\2026-02-26_09-11-08-037447_barrier_Classical_seed0\model_weights.pth
INFO:src.utils.logger:It: 580, Loss: 2.250e+01, Loss_res: 1.968e+01,  Loss_bcs: 0.000e+00, Loss_ut_ics: 3.228e-03, Loss_norm: 3.698e-02, Loss_gauge: 0.000e+00, w_pde: 1.00e+00, L^2_error: 1.256e+00, lr: 1.000e-03, Time: 4.59e+01
INFO:src.utils.logger:Model state saved to results\barrier\Classical\20260226-091105_seed0_pinn_2-64-64-64-64-2_v3f_e1.5k\checkpoints\2026-02-26_09-11-08-037447_barrier_Classical_seed0\model.pth
INFO:src.utils.logger:Model weights saved to results\barrier\Classical\20260226-091105_seed0_pinn_2-64-64-64-64-2_v3f_e1.5k\checkpoints\2026-02-26_09-11-08-037447_barrier_Classical_seed0\model_weights.pth
INFO:src.utils.logger:It: 600, Loss: 2.380e+01, Loss_res: 2.063e+01,  Loss_bcs: 0.000e+00, Loss_ut_ics: 3.910e-03, Loss_norm: 4.005e-02, Loss_gauge: 0.000e+00, w_pde: 1.00e+00, L^2_error: 1.230e+00, lr: 1.000e-03, Time: 4.76e+01
INFO:src.utils.logger:Model state saved to results\barrier\Classical\20260226-091105_seed0_pinn_2-64-64-64-64-2_v3f_e1.5k\checkpoints\2026-02-26_09-11-08-037447_barrier_Classical_seed0\model.pth
INFO:src.utils.logger:Model weights saved to results\barrier\Classical\20260226-091105_seed0_pinn_2-64-64-64-64-2_v3f_e1.5k\checkpoints\2026-02-26_09-11-08-037447_barrier_Classical_seed0\model_weights.pth
INFO:src.utils.logger:It: 620, Loss: 2.330e+01, Loss_res: 2.029e+01,  Loss_bcs: 0.000e+00, Loss_ut_ics: 3.711e-03, Loss_norm: 3.789e-02, Loss_gauge: 0.000e+00, w_pde: 1.00e+00, L^2_error: 1.218e+00, lr: 1.000e-03, Time: 4.90e+01
INFO:src.utils.logger:Model state saved to results\barrier\Classical\20260226-091105_seed0_pinn_2-64-64-64-64-2_v3f_e1.5k\checkpoints\2026-02-26_09-11-08-037447_barrier_Classical_seed0\model.pth
INFO:src.utils.logger:Model weights saved to results\barrier\Classical\20260226-091105_seed0_pinn_2-64-64-64-64-2_v3f_e1.5k\checkpoints\2026-02-26_09-11-08-037447_barrier_Classical_seed0\model_weights.pth
INFO:src.utils.logger:It: 640, Loss: 2.378e+01, Loss_res: 2.073e+01,  Loss_bcs: 0.000e+00, Loss_ut_ics: 3.738e-03, Loss_norm: 3.845e-02, Loss_gauge: 0.000e+00, w_pde: 1.00e+00, L^2_error: 1.212e+00, lr: 1.000e-03, Time: 5.05e+01
INFO:src.utils.logger:Model state saved to results\barrier\Classical\20260226-091105_seed0_pinn_2-64-64-64-64-2_v3f_e1.5k\checkpoints\2026-02-26_09-11-08-037447_barrier_Classical_seed0\model.pth
INFO:src.utils.logger:Model weights saved to results\barrier\Classical\20260226-091105_seed0_pinn_2-64-64-64-64-2_v3f_e1.5k\checkpoints\2026-02-26_09-11-08-037447_barrier_Classical_seed0\model_weights.pth
INFO:src.utils.logger:It: 660, Loss: 1.899e+01, Loss_res: 1.666e+01,  Loss_bcs: 0.000e+00, Loss_ut_ics: 2.129e-03, Loss_norm: 3.363e-02, Loss_gauge: 0.000e+00, w_pde: 1.00e+00, L^2_error: 1.209e+00, lr: 1.000e-03, Time: 5.20e+01
INFO:src.utils.logger:Model state saved to results\barrier\Classical\20260226-091105_seed0_pinn_2-64-64-64-64-2_v3f_e1.5k\checkpoints\2026-02-26_09-11-08-037447_barrier_Classical_seed0\model.pth
INFO:src.utils.logger:Model weights saved to results\barrier\Classical\20260226-091105_seed0_pinn_2-64-64-64-64-2_v3f_e1.5k\checkpoints\2026-02-26_09-11-08-037447_barrier_Classical_seed0\model_weights.pth
INFO:src.utils.logger:It: 680, Loss: 2.037e+01, Loss_res: 1.753e+01,  Loss_bcs: 0.000e+00, Loss_ut_ics: 2.986e-03, Loss_norm: 3.886e-02, Loss_gauge: 0.000e+00, w_pde: 1.00e+00, L^2_error: 1.192e+00, lr: 1.000e-03, Time: 5.37e+01
INFO:src.utils.logger:Model state saved to results\barrier\Classical\20260226-091105_seed0_pinn_2-64-64-64-64-2_v3f_e1.5k\checkpoints\2026-02-26_09-11-08-037447_barrier_Classical_seed0\model.pth
INFO:src.utils.logger:Model weights saved to results\barrier\Classical\20260226-091105_seed0_pinn_2-64-64-64-64-2_v3f_e1.5k\checkpoints\2026-02-26_09-11-08-037447_barrier_Classical_seed0\model_weights.pth
INFO:src.utils.logger:It: 700, Loss: 2.155e+01, Loss_res: 1.927e+01,  Loss_bcs: 0.000e+00, Loss_ut_ics: 2.173e-03, Loss_norm: 3.260e-02, Loss_gauge: 0.000e+00, w_pde: 1.00e+00, L^2_error: 1.194e+00, lr: 1.000e-03, Time: 5.51e+01
INFO:src.utils.logger:Model state saved to results\barrier\Classical\20260226-091105_seed0_pinn_2-64-64-64-64-2_v3f_e1.5k\checkpoints\2026-02-26_09-11-08-037447_barrier_Classical_seed0\model.pth
INFO:src.utils.logger:Model weights saved to results\barrier\Classical\20260226-091105_seed0_pinn_2-64-64-64-64-2_v3f_e1.5k\checkpoints\2026-02-26_09-11-08-037447_barrier_Classical_seed0\model_weights.pth
INFO:src.utils.logger:It: 720, Loss: 1.787e+01, Loss_res: 1.543e+01,  Loss_bcs: 0.000e+00, Loss_ut_ics: 2.667e-03, Loss_norm: 3.278e-02, Loss_gauge: 0.000e+00, w_pde: 1.00e+00, L^2_error: 1.167e+00, lr: 1.000e-03, Time: 5.67e+01
INFO:src.utils.logger:Model state saved to results\barrier\Classical\20260226-091105_seed0_pinn_2-64-64-64-64-2_v3f_e1.5k\checkpoints\2026-02-26_09-11-08-037447_barrier_Classical_seed0\model.pth
INFO:src.utils.logger:Model weights saved to results\barrier\Classical\20260226-091105_seed0_pinn_2-64-64-64-64-2_v3f_e1.5k\checkpoints\2026-02-26_09-11-08-037447_barrier_Classical_seed0\model_weights.pth
INFO:src.utils.logger:It: 740, Loss: 2.077e+01, Loss_res: 1.794e+01,  Loss_bcs: 0.000e+00, Loss_ut_ics: 2.671e-03, Loss_norm: 4.064e-02, Loss_gauge: 0.000e+00, w_pde: 1.00e+00, L^2_error: 1.164e+00, lr: 1.000e-03, Time: 5.82e+01
INFO:src.utils.logger:Model state saved to results\barrier\Classical\20260226-091105_seed0_pinn_2-64-64-64-64-2_v3f_e1.5k\checkpoints\2026-02-26_09-11-08-037447_barrier_Classical_seed0\model.pth
INFO:src.utils.logger:Model weights saved to results\barrier\Classical\20260226-091105_seed0_pinn_2-64-64-64-64-2_v3f_e1.5k\checkpoints\2026-02-26_09-11-08-037447_barrier_Classical_seed0\model_weights.pth
INFO:src.utils.logger:It: 760, Loss: 2.166e+01, Loss_res: 1.921e+01,  Loss_bcs: 0.000e+00, Loss_ut_ics: 2.111e-03, Loss_norm: 3.651e-02, Loss_gauge: 0.000e+00, w_pde: 1.00e+00, L^2_error: 1.140e+00, lr: 1.000e-03, Time: 5.98e+01
INFO:src.utils.logger:Model state saved to results\barrier\Classical\20260226-091105_seed0_pinn_2-64-64-64-64-2_v3f_e1.5k\checkpoints\2026-02-26_09-11-08-037447_barrier_Classical_seed0\model.pth
INFO:src.utils.logger:Model weights saved to results\barrier\Classical\20260226-091105_seed0_pinn_2-64-64-64-64-2_v3f_e1.5k\checkpoints\2026-02-26_09-11-08-037447_barrier_Classical_seed0\model_weights.pth
INFO:src.utils.logger:It: 780, Loss: 1.687e+01, Loss_res: 1.418e+01,  Loss_bcs: 0.000e+00, Loss_ut_ics: 3.099e-03, Loss_norm: 3.515e-02, Loss_gauge: 0.000e+00, w_pde: 1.00e+00, L^2_error: 1.117e+00, lr: 1.000e-03, Time: 6.13e+01
INFO:src.utils.logger:Model state saved to results\barrier\Classical\20260226-091105_seed0_pinn_2-64-64-64-64-2_v3f_e1.5k\checkpoints\2026-02-26_09-11-08-037447_barrier_Classical_seed0\model.pth
INFO:src.utils.logger:Model weights saved to results\barrier\Classical\20260226-091105_seed0_pinn_2-64-64-64-64-2_v3f_e1.5k\checkpoints\2026-02-26_09-11-08-037447_barrier_Classical_seed0\model_weights.pth
INFO:src.utils.logger:It: 800, Loss: 2.189e+01, Loss_res: 1.949e+01,  Loss_bcs: 0.000e+00, Loss_ut_ics: 1.991e-03, Loss_norm: 3.615e-02, Loss_gauge: 0.000e+00, w_pde: 1.00e+00, L^2_error: 1.109e+00, lr: 1.000e-03, Time: 6.28e+01
INFO:src.utils.logger:Model state saved to results\barrier\Classical\20260226-091105_seed0_pinn_2-64-64-64-64-2_v3f_e1.5k\checkpoints\2026-02-26_09-11-08-037447_barrier_Classical_seed0\model.pth
INFO:src.utils.logger:Model weights saved to results\barrier\Classical\20260226-091105_seed0_pinn_2-64-64-64-64-2_v3f_e1.5k\checkpoints\2026-02-26_09-11-08-037447_barrier_Classical_seed0\model_weights.pth
INFO:src.utils.logger:It: 820, Loss: 1.814e+01, Loss_res: 1.620e+01,  Loss_bcs: 0.000e+00, Loss_ut_ics: 1.528e-03, Loss_norm: 2.952e-02, Loss_gauge: 0.000e+00, w_pde: 1.00e+00, L^2_error: 1.101e+00, lr: 1.000e-03, Time: 6.45e+01
INFO:src.utils.logger:Model state saved to results\barrier\Classical\20260226-091105_seed0_pinn_2-64-64-64-64-2_v3f_e1.5k\checkpoints\2026-02-26_09-11-08-037447_barrier_Classical_seed0\model.pth
INFO:src.utils.logger:Model weights saved to results\barrier\Classical\20260226-091105_seed0_pinn_2-64-64-64-64-2_v3f_e1.5k\checkpoints\2026-02-26_09-11-08-037447_barrier_Classical_seed0\model_weights.pth
INFO:src.utils.logger:It: 840, Loss: 1.664e+01, Loss_res: 1.456e+01,  Loss_bcs: 0.000e+00, Loss_ut_ics: 1.681e-03, Loss_norm: 3.161e-02, Loss_gauge: 0.000e+00, w_pde: 1.00e+00, L^2_error: 1.078e+00, lr: 1.000e-03, Time: 6.59e+01
INFO:src.utils.logger:Model state saved to results\barrier\Classical\20260226-091105_seed0_pinn_2-64-64-64-64-2_v3f_e1.5k\checkpoints\2026-02-26_09-11-08-037447_barrier_Classical_seed0\model.pth
INFO:src.utils.logger:Model weights saved to results\barrier\Classical\20260226-091105_seed0_pinn_2-64-64-64-64-2_v3f_e1.5k\checkpoints\2026-02-26_09-11-08-037447_barrier_Classical_seed0\model_weights.pth
INFO:src.utils.logger:It: 860, Loss: 1.393e+01, Loss_res: 1.154e+01,  Loss_bcs: 0.000e+00, Loss_ut_ics: 1.715e-03, Loss_norm: 3.739e-02, Loss_gauge: 0.000e+00, w_pde: 1.00e+00, L^2_error: 1.072e+00, lr: 1.000e-03, Time: 6.74e+01
INFO:src.utils.logger:Model state saved to results\barrier\Classical\20260226-091105_seed0_pinn_2-64-64-64-64-2_v3f_e1.5k\checkpoints\2026-02-26_09-11-08-037447_barrier_Classical_seed0\model.pth
INFO:src.utils.logger:Model weights saved to results\barrier\Classical\20260226-091105_seed0_pinn_2-64-64-64-64-2_v3f_e1.5k\checkpoints\2026-02-26_09-11-08-037447_barrier_Classical_seed0\model_weights.pth
INFO:src.utils.logger:It: 880, Loss: 1.452e+01, Loss_res: 1.208e+01,  Loss_bcs: 0.000e+00, Loss_ut_ics: 2.067e-03, Loss_norm: 3.639e-02, Loss_gauge: 0.000e+00, w_pde: 1.00e+00, L^2_error: 1.042e+00, lr: 1.000e-03, Time: 6.90e+01
INFO:src.utils.logger:Model state saved to results\barrier\Classical\20260226-091105_seed0_pinn_2-64-64-64-64-2_v3f_e1.5k\checkpoints\2026-02-26_09-11-08-037447_barrier_Classical_seed0\model.pth
INFO:src.utils.logger:Model weights saved to results\barrier\Classical\20260226-091105_seed0_pinn_2-64-64-64-64-2_v3f_e1.5k\checkpoints\2026-02-26_09-11-08-037447_barrier_Classical_seed0\model_weights.pth
INFO:src.utils.logger:It: 900, Loss: 1.518e+01, Loss_res: 1.243e+01,  Loss_bcs: 0.000e+00, Loss_ut_ics: 1.933e-03, Loss_norm: 4.347e-02, Loss_gauge: 0.000e+00, w_pde: 1.00e+00, L^2_error: 1.011e+00, lr: 1.000e-03, Time: 7.05e+01
INFO:src.utils.logger:Model state saved to results\barrier\Classical\20260226-091105_seed0_pinn_2-64-64-64-64-2_v3f_e1.5k\checkpoints\2026-02-26_09-11-08-037447_barrier_Classical_seed0\model.pth
INFO:src.utils.logger:Model weights saved to results\barrier\Classical\20260226-091105_seed0_pinn_2-64-64-64-64-2_v3f_e1.5k\checkpoints\2026-02-26_09-11-08-037447_barrier_Classical_seed0\model_weights.pth
INFO:src.utils.logger:It: 920, Loss: 1.559e+01, Loss_res: 1.319e+01,  Loss_bcs: 0.000e+00, Loss_ut_ics: 1.478e-03, Loss_norm: 3.923e-02, Loss_gauge: 0.000e+00, w_pde: 1.00e+00, L^2_error: 9.990e-01, lr: 1.000e-03, Time: 7.20e+01
INFO:src.utils.logger:Model state saved to results\barrier\Classical\20260226-091105_seed0_pinn_2-64-64-64-64-2_v3f_e1.5k\checkpoints\2026-02-26_09-11-08-037447_barrier_Classical_seed0\model.pth
INFO:src.utils.logger:Model weights saved to results\barrier\Classical\20260226-091105_seed0_pinn_2-64-64-64-64-2_v3f_e1.5k\checkpoints\2026-02-26_09-11-08-037447_barrier_Classical_seed0\model_weights.pth
INFO:src.utils.logger:It: 940, Loss: 1.575e+01, Loss_res: 1.330e+01,  Loss_bcs: 0.000e+00, Loss_ut_ics: 1.915e-03, Loss_norm: 3.745e-02, Loss_gauge: 0.000e+00, w_pde: 1.00e+00, L^2_error: 9.674e-01, lr: 1.000e-03, Time: 7.35e+01
INFO:src.utils.logger:Model state saved to results\barrier\Classical\20260226-091105_seed0_pinn_2-64-64-64-64-2_v3f_e1.5k\checkpoints\2026-02-26_09-11-08-037447_barrier_Classical_seed0\model.pth
INFO:src.utils.logger:Model weights saved to results\barrier\Classical\20260226-091105_seed0_pinn_2-64-64-64-64-2_v3f_e1.5k\checkpoints\2026-02-26_09-11-08-037447_barrier_Classical_seed0\model_weights.pth
INFO:src.utils.logger:It: 960, Loss: 1.179e+01, Loss_res: 9.782e+00,  Loss_bcs: 0.000e+00, Loss_ut_ics: 1.871e-03, Loss_norm: 2.889e-02, Loss_gauge: 0.000e+00, w_pde: 1.00e+00, L^2_error: 9.581e-01, lr: 1.000e-03, Time: 7.52e+01
INFO:src.utils.logger:Model state saved to results\barrier\Classical\20260226-091105_seed0_pinn_2-64-64-64-64-2_v3f_e1.5k\checkpoints\2026-02-26_09-11-08-037447_barrier_Classical_seed0\model.pth
INFO:src.utils.logger:Model weights saved to results\barrier\Classical\20260226-091105_seed0_pinn_2-64-64-64-64-2_v3f_e1.5k\checkpoints\2026-02-26_09-11-08-037447_barrier_Classical_seed0\model_weights.pth
INFO:src.utils.logger:It: 980, Loss: 1.505e+01, Loss_res: 1.244e+01,  Loss_bcs: 0.000e+00, Loss_ut_ics: 1.196e-03, Loss_norm: 4.505e-02, Loss_gauge: 0.000e+00, w_pde: 1.00e+00, L^2_error: 9.470e-01, lr: 1.000e-03, Time: 7.66e+01
INFO:src.utils.logger:Model state saved to results\barrier\Classical\20260226-091105_seed0_pinn_2-64-64-64-64-2_v3f_e1.5k\checkpoints\2026-02-26_09-11-08-037447_barrier_Classical_seed0\model.pth
INFO:src.utils.logger:Model weights saved to results\barrier\Classical\20260226-091105_seed0_pinn_2-64-64-64-64-2_v3f_e1.5k\checkpoints\2026-02-26_09-11-08-037447_barrier_Classical_seed0\model_weights.pth
INFO:src.utils.logger:It: 1000, Loss: 1.276e+01, Loss_res: 1.057e+01,  Loss_bcs: 0.000e+00, Loss_ut_ics: 1.434e-03, Loss_norm: 3.517e-02, Loss_gauge: 0.000e+00, w_pde: 1.00e+00, L^2_error: 9.281e-01, lr: 1.000e-03, Time: 7.81e+01
INFO:src.utils.logger:Model state saved to results\barrier\Classical\20260226-091105_seed0_pinn_2-64-64-64-64-2_v3f_e1.5k\checkpoints\2026-02-26_09-11-08-037447_barrier_Classical_seed0\model.pth
INFO:src.utils.logger:Model weights saved to results\barrier\Classical\20260226-091105_seed0_pinn_2-64-64-64-64-2_v3f_e1.5k\checkpoints\2026-02-26_09-11-08-037447_barrier_Classical_seed0\model_weights.pth
INFO:src.utils.logger:It: 1020, Loss: 1.161e+01, Loss_res: 9.502e+00,  Loss_bcs: 0.000e+00, Loss_ut_ics: 1.281e-03, Loss_norm: 3.454e-02, Loss_gauge: 0.000e+00, w_pde: 1.00e+00, L^2_error: 9.054e-01, lr: 1.000e-03, Time: 7.97e+01
INFO:src.utils.logger:Model state saved to results\barrier\Classical\20260226-091105_seed0_pinn_2-64-64-64-64-2_v3f_e1.5k\checkpoints\2026-02-26_09-11-08-037447_barrier_Classical_seed0\model.pth
INFO:src.utils.logger:Model weights saved to results\barrier\Classical\20260226-091105_seed0_pinn_2-64-64-64-64-2_v3f_e1.5k\checkpoints\2026-02-26_09-11-08-037447_barrier_Classical_seed0\model_weights.pth
INFO:src.utils.logger:It: 1040, Loss: 1.486e+01, Loss_res: 1.276e+01,  Loss_bcs: 0.000e+00, Loss_ut_ics: 1.475e-03, Loss_norm: 3.321e-02, Loss_gauge: 0.000e+00, w_pde: 1.00e+00, L^2_error: 8.641e-01, lr: 1.000e-03, Time: 8.13e+01
INFO:src.utils.logger:Model state saved to results\barrier\Classical\20260226-091105_seed0_pinn_2-64-64-64-64-2_v3f_e1.5k\checkpoints\2026-02-26_09-11-08-037447_barrier_Classical_seed0\model.pth
INFO:src.utils.logger:Model weights saved to results\barrier\Classical\20260226-091105_seed0_pinn_2-64-64-64-64-2_v3f_e1.5k\checkpoints\2026-02-26_09-11-08-037447_barrier_Classical_seed0\model_weights.pth
INFO:src.utils.logger:It: 1060, Loss: 1.312e+01, Loss_res: 1.098e+01,  Loss_bcs: 0.000e+00, Loss_ut_ics: 1.478e-03, Loss_norm: 3.385e-02, Loss_gauge: 0.000e+00, w_pde: 1.00e+00, L^2_error: 8.531e-01, lr: 1.000e-03, Time: 8.28e+01
INFO:src.utils.logger:Model state saved to results\barrier\Classical\20260226-091105_seed0_pinn_2-64-64-64-64-2_v3f_e1.5k\checkpoints\2026-02-26_09-11-08-037447_barrier_Classical_seed0\model.pth
INFO:src.utils.logger:Model weights saved to results\barrier\Classical\20260226-091105_seed0_pinn_2-64-64-64-64-2_v3f_e1.5k\checkpoints\2026-02-26_09-11-08-037447_barrier_Classical_seed0\model_weights.pth
INFO:src.utils.logger:It: 1080, Loss: 1.072e+01, Loss_res: 8.494e+00,  Loss_bcs: 0.000e+00, Loss_ut_ics: 1.584e-03, Loss_norm: 3.499e-02, Loss_gauge: 0.000e+00, w_pde: 1.00e+00, L^2_error: 8.374e-01, lr: 1.000e-03, Time: 8.43e+01
INFO:src.utils.logger:Model state saved to results\barrier\Classical\20260226-091105_seed0_pinn_2-64-64-64-64-2_v3f_e1.5k\checkpoints\2026-02-26_09-11-08-037447_barrier_Classical_seed0\model.pth
INFO:src.utils.logger:Model weights saved to results\barrier\Classical\20260226-091105_seed0_pinn_2-64-64-64-64-2_v3f_e1.5k\checkpoints\2026-02-26_09-11-08-037447_barrier_Classical_seed0\model_weights.pth
INFO:src.utils.logger:It: 1100, Loss: 1.039e+01, Loss_res: 9.104e+00,  Loss_bcs: 0.000e+00, Loss_ut_ics: 1.070e-03, Loss_norm: 1.925e-02, Loss_gauge: 0.000e+00, w_pde: 1.00e+00, L^2_error: 7.996e-01, lr: 1.000e-03, Time: 8.59e+01
INFO:src.utils.logger:Model state saved to results\barrier\Classical\20260226-091105_seed0_pinn_2-64-64-64-64-2_v3f_e1.5k\checkpoints\2026-02-26_09-11-08-037447_barrier_Classical_seed0\model.pth
INFO:src.utils.logger:Model weights saved to results\barrier\Classical\20260226-091105_seed0_pinn_2-64-64-64-64-2_v3f_e1.5k\checkpoints\2026-02-26_09-11-08-037447_barrier_Classical_seed0\model_weights.pth
INFO:src.utils.logger:It: 1120, Loss: 1.138e+01, Loss_res: 9.419e+00,  Loss_bcs: 0.000e+00, Loss_ut_ics: 1.419e-03, Loss_norm: 3.076e-02, Loss_gauge: 0.000e+00, w_pde: 1.00e+00, L^2_error: 7.761e-01, lr: 1.000e-03, Time: 8.74e+01
INFO:src.utils.logger:Model state saved to results\barrier\Classical\20260226-091105_seed0_pinn_2-64-64-64-64-2_v3f_e1.5k\checkpoints\2026-02-26_09-11-08-037447_barrier_Classical_seed0\model.pth
INFO:src.utils.logger:Model weights saved to results\barrier\Classical\20260226-091105_seed0_pinn_2-64-64-64-64-2_v3f_e1.5k\checkpoints\2026-02-26_09-11-08-037447_barrier_Classical_seed0\model_weights.pth
INFO:src.utils.logger:It: 1140, Loss: 1.064e+01, Loss_res: 9.010e+00,  Loss_bcs: 0.000e+00, Loss_ut_ics: 1.562e-03, Loss_norm: 2.330e-02, Loss_gauge: 0.000e+00, w_pde: 1.00e+00, L^2_error: 7.604e-01, lr: 1.000e-03, Time: 8.89e+01
INFO:src.utils.logger:Model state saved to results\barrier\Classical\20260226-091105_seed0_pinn_2-64-64-64-64-2_v3f_e1.5k\checkpoints\2026-02-26_09-11-08-037447_barrier_Classical_seed0\model.pth
INFO:src.utils.logger:Model weights saved to results\barrier\Classical\20260226-091105_seed0_pinn_2-64-64-64-64-2_v3f_e1.5k\checkpoints\2026-02-26_09-11-08-037447_barrier_Classical_seed0\model_weights.pth
INFO:src.utils.logger:It: 1160, Loss: 9.714e+00, Loss_res: 8.530e+00,  Loss_bcs: 0.000e+00, Loss_ut_ics: 8.604e-04, Loss_norm: 1.852e-02, Loss_gauge: 0.000e+00, w_pde: 1.00e+00, L^2_error: 7.545e-01, lr: 1.000e-03, Time: 9.07e+01
INFO:src.utils.logger:Model state saved to results\barrier\Classical\20260226-091105_seed0_pinn_2-64-64-64-64-2_v3f_e1.5k\checkpoints\2026-02-26_09-11-08-037447_barrier_Classical_seed0\model.pth
INFO:src.utils.logger:Model weights saved to results\barrier\Classical\20260226-091105_seed0_pinn_2-64-64-64-64-2_v3f_e1.5k\checkpoints\2026-02-26_09-11-08-037447_barrier_Classical_seed0\model_weights.pth
INFO:src.utils.logger:It: 1180, Loss: 9.873e+00, Loss_res: 8.306e+00,  Loss_bcs: 0.000e+00, Loss_ut_ics: 1.016e-03, Loss_norm: 2.525e-02, Loss_gauge: 0.000e+00, w_pde: 1.00e+00, L^2_error: 7.309e-01, lr: 1.000e-03, Time: 9.22e+01
INFO:src.utils.logger:Model state saved to results\barrier\Classical\20260226-091105_seed0_pinn_2-64-64-64-64-2_v3f_e1.5k\checkpoints\2026-02-26_09-11-08-037447_barrier_Classical_seed0\model.pth
INFO:src.utils.logger:Model weights saved to results\barrier\Classical\20260226-091105_seed0_pinn_2-64-64-64-64-2_v3f_e1.5k\checkpoints\2026-02-26_09-11-08-037447_barrier_Classical_seed0\model_weights.pth
INFO:src.utils.logger:It: 1200, Loss: 9.581e+00, Loss_res: 8.319e+00,  Loss_bcs: 0.000e+00, Loss_ut_ics: 5.224e-04, Loss_norm: 2.210e-02, Loss_gauge: 0.000e+00, w_pde: 1.00e+00, L^2_error: 7.063e-01, lr: 1.000e-03, Time: 9.37e+01
INFO:src.utils.logger:Model state saved to results\barrier\Classical\20260226-091105_seed0_pinn_2-64-64-64-64-2_v3f_e1.5k\checkpoints\2026-02-26_09-11-08-037447_barrier_Classical_seed0\model.pth
INFO:src.utils.logger:Model weights saved to results\barrier\Classical\20260226-091105_seed0_pinn_2-64-64-64-64-2_v3f_e1.5k\checkpoints\2026-02-26_09-11-08-037447_barrier_Classical_seed0\model_weights.pth
INFO:src.utils.logger:It: 1220, Loss: 8.209e+00, Loss_res: 6.984e+00,  Loss_bcs: 0.000e+00, Loss_ut_ics: 1.038e-03, Loss_norm: 1.827e-02, Loss_gauge: 0.000e+00, w_pde: 1.00e+00, L^2_error: 6.665e-01, lr: 1.000e-03, Time: 9.52e+01
INFO:src.utils.logger:Model state saved to results\barrier\Classical\20260226-091105_seed0_pinn_2-64-64-64-64-2_v3f_e1.5k\checkpoints\2026-02-26_09-11-08-037447_barrier_Classical_seed0\model.pth
INFO:src.utils.logger:Model weights saved to results\barrier\Classical\20260226-091105_seed0_pinn_2-64-64-64-64-2_v3f_e1.5k\checkpoints\2026-02-26_09-11-08-037447_barrier_Classical_seed0\model_weights.pth
INFO:src.utils.logger:It: 1240, Loss: 7.771e+00, Loss_res: 6.573e+00,  Loss_bcs: 0.000e+00, Loss_ut_ics: 8.176e-04, Loss_norm: 1.906e-02, Loss_gauge: 0.000e+00, w_pde: 1.00e+00, L^2_error: 6.596e-01, lr: 1.000e-03, Time: 9.72e+01
INFO:src.utils.logger:Model state saved to results\barrier\Classical\20260226-091105_seed0_pinn_2-64-64-64-64-2_v3f_e1.5k\checkpoints\2026-02-26_09-11-08-037447_barrier_Classical_seed0\model.pth
INFO:src.utils.logger:Model weights saved to results\barrier\Classical\20260226-091105_seed0_pinn_2-64-64-64-64-2_v3f_e1.5k\checkpoints\2026-02-26_09-11-08-037447_barrier_Classical_seed0\model_weights.pth
INFO:src.utils.logger:It: 1260, Loss: 7.409e+00, Loss_res: 6.274e+00,  Loss_bcs: 0.000e+00, Loss_ut_ics: 7.508e-04, Loss_norm: 1.820e-02, Loss_gauge: 0.000e+00, w_pde: 1.00e+00, L^2_error: 6.141e-01, lr: 1.000e-03, Time: 9.87e+01
INFO:src.utils.logger:Model state saved to results\barrier\Classical\20260226-091105_seed0_pinn_2-64-64-64-64-2_v3f_e1.5k\checkpoints\2026-02-26_09-11-08-037447_barrier_Classical_seed0\model.pth
INFO:src.utils.logger:Model weights saved to results\barrier\Classical\20260226-091105_seed0_pinn_2-64-64-64-64-2_v3f_e1.5k\checkpoints\2026-02-26_09-11-08-037447_barrier_Classical_seed0\model_weights.pth
INFO:src.utils.logger:It: 1280, Loss: 7.017e+00, Loss_res: 5.912e+00,  Loss_bcs: 0.000e+00, Loss_ut_ics: 7.736e-04, Loss_norm: 1.746e-02, Loss_gauge: 0.000e+00, w_pde: 1.00e+00, L^2_error: 5.707e-01, lr: 1.000e-03, Time: 1.00e+02
INFO:src.utils.logger:Model state saved to results\barrier\Classical\20260226-091105_seed0_pinn_2-64-64-64-64-2_v3f_e1.5k\checkpoints\2026-02-26_09-11-08-037447_barrier_Classical_seed0\model.pth
INFO:src.utils.logger:Model weights saved to results\barrier\Classical\20260226-091105_seed0_pinn_2-64-64-64-64-2_v3f_e1.5k\checkpoints\2026-02-26_09-11-08-037447_barrier_Classical_seed0\model_weights.pth
INFO:src.utils.logger:It: 1300, Loss: 5.293e+00, Loss_res: 4.591e+00,  Loss_bcs: 0.000e+00, Loss_ut_ics: 7.918e-04, Loss_norm: 9.282e-03, Loss_gauge: 0.000e+00, w_pde: 1.00e+00, L^2_error: 5.478e-01, lr: 1.000e-03, Time: 1.02e+02
INFO:src.utils.logger:Model state saved to results\barrier\Classical\20260226-091105_seed0_pinn_2-64-64-64-64-2_v3f_e1.5k\checkpoints\2026-02-26_09-11-08-037447_barrier_Classical_seed0\model.pth
INFO:src.utils.logger:Model weights saved to results\barrier\Classical\20260226-091105_seed0_pinn_2-64-64-64-64-2_v3f_e1.5k\checkpoints\2026-02-26_09-11-08-037447_barrier_Classical_seed0\model_weights.pth
INFO:src.utils.logger:It: 1320, Loss: 6.372e+00, Loss_res: 5.699e+00,  Loss_bcs: 0.000e+00, Loss_ut_ics: 6.493e-04, Loss_norm: 9.558e-03, Loss_gauge: 0.000e+00, w_pde: 1.00e+00, L^2_error: 5.102e-01, lr: 1.000e-03, Time: 1.03e+02
INFO:src.utils.logger:Model state saved to results\barrier\Classical\20260226-091105_seed0_pinn_2-64-64-64-64-2_v3f_e1.5k\checkpoints\2026-02-26_09-11-08-037447_barrier_Classical_seed0\model.pth
INFO:src.utils.logger:Model weights saved to results\barrier\Classical\20260226-091105_seed0_pinn_2-64-64-64-64-2_v3f_e1.5k\checkpoints\2026-02-26_09-11-08-037447_barrier_Classical_seed0\model_weights.pth
INFO:src.utils.logger:It: 1340, Loss: 5.473e+00, Loss_res: 4.592e+00,  Loss_bcs: 0.000e+00, Loss_ut_ics: 7.107e-04, Loss_norm: 1.336e-02, Loss_gauge: 0.000e+00, w_pde: 1.00e+00, L^2_error: 4.911e-01, lr: 1.000e-03, Time: 1.05e+02
INFO:src.utils.logger:Model state saved to results\barrier\Classical\20260226-091105_seed0_pinn_2-64-64-64-64-2_v3f_e1.5k\checkpoints\2026-02-26_09-11-08-037447_barrier_Classical_seed0\model.pth
INFO:src.utils.logger:Model weights saved to results\barrier\Classical\20260226-091105_seed0_pinn_2-64-64-64-64-2_v3f_e1.5k\checkpoints\2026-02-26_09-11-08-037447_barrier_Classical_seed0\model_weights.pth
INFO:src.utils.logger:It: 1360, Loss: 5.024e+00, Loss_res: 4.289e+00,  Loss_bcs: 0.000e+00, Loss_ut_ics: 5.513e-04, Loss_norm: 1.140e-02, Loss_gauge: 0.000e+00, w_pde: 1.00e+00, L^2_error: 4.918e-01, lr: 1.000e-03, Time: 1.07e+02
INFO:src.utils.logger:Model state saved to results\barrier\Classical\20260226-091105_seed0_pinn_2-64-64-64-64-2_v3f_e1.5k\checkpoints\2026-02-26_09-11-08-037447_barrier_Classical_seed0\model.pth
INFO:src.utils.logger:Model weights saved to results\barrier\Classical\20260226-091105_seed0_pinn_2-64-64-64-64-2_v3f_e1.5k\checkpoints\2026-02-26_09-11-08-037447_barrier_Classical_seed0\model_weights.pth
INFO:src.utils.logger:It: 1380, Loss: 4.317e+00, Loss_res: 3.887e+00,  Loss_bcs: 0.000e+00, Loss_ut_ics: 3.567e-04, Loss_norm: 6.456e-03, Loss_gauge: 0.000e+00, w_pde: 1.00e+00, L^2_error: 4.696e-01, lr: 1.000e-03, Time: 1.08e+02
INFO:src.utils.logger:Model state saved to results\barrier\Classical\20260226-091105_seed0_pinn_2-64-64-64-64-2_v3f_e1.5k\checkpoints\2026-02-26_09-11-08-037447_barrier_Classical_seed0\model.pth
INFO:src.utils.logger:Model weights saved to results\barrier\Classical\20260226-091105_seed0_pinn_2-64-64-64-64-2_v3f_e1.5k\checkpoints\2026-02-26_09-11-08-037447_barrier_Classical_seed0\model_weights.pth
INFO:src.utils.logger:It: 1400, Loss: 4.442e+00, Loss_res: 3.909e+00,  Loss_bcs: 0.000e+00, Loss_ut_ics: 2.034e-04, Loss_norm: 9.449e-03, Loss_gauge: 0.000e+00, w_pde: 1.00e+00, L^2_error: 4.525e-01, lr: 1.000e-03, Time: 1.10e+02
INFO:src.utils.logger:Model state saved to results\barrier\Classical\20260226-091105_seed0_pinn_2-64-64-64-64-2_v3f_e1.5k\checkpoints\2026-02-26_09-11-08-037447_barrier_Classical_seed0\model.pth
INFO:src.utils.logger:Model weights saved to results\barrier\Classical\20260226-091105_seed0_pinn_2-64-64-64-64-2_v3f_e1.5k\checkpoints\2026-02-26_09-11-08-037447_barrier_Classical_seed0\model_weights.pth
INFO:src.utils.logger:It: 1420, Loss: 3.508e+00, Loss_res: 3.035e+00,  Loss_bcs: 0.000e+00, Loss_ut_ics: 3.639e-04, Loss_norm: 7.285e-03, Loss_gauge: 0.000e+00, w_pde: 1.00e+00, L^2_error: 3.906e-01, lr: 1.000e-03, Time: 1.11e+02
INFO:src.utils.logger:Model state saved to results\barrier\Classical\20260226-091105_seed0_pinn_2-64-64-64-64-2_v3f_e1.5k\checkpoints\2026-02-26_09-11-08-037447_barrier_Classical_seed0\model.pth
INFO:src.utils.logger:Model weights saved to results\barrier\Classical\20260226-091105_seed0_pinn_2-64-64-64-64-2_v3f_e1.5k\checkpoints\2026-02-26_09-11-08-037447_barrier_Classical_seed0\model_weights.pth
INFO:src.utils.logger:It: 1440, Loss: 3.867e+00, Loss_res: 3.275e+00,  Loss_bcs: 0.000e+00, Loss_ut_ics: 7.768e-04, Loss_norm: 7.176e-03, Loss_gauge: 0.000e+00, w_pde: 1.00e+00, L^2_error: 3.975e-01, lr: 1.000e-03, Time: 1.13e+02
INFO:src.utils.logger:Model state saved to results\barrier\Classical\20260226-091105_seed0_pinn_2-64-64-64-64-2_v3f_e1.5k\checkpoints\2026-02-26_09-11-08-037447_barrier_Classical_seed0\model.pth
INFO:src.utils.logger:Model weights saved to results\barrier\Classical\20260226-091105_seed0_pinn_2-64-64-64-64-2_v3f_e1.5k\checkpoints\2026-02-26_09-11-08-037447_barrier_Classical_seed0\model_weights.pth
INFO:src.utils.logger:It: 1460, Loss: 3.987e+00, Loss_res: 3.417e+00,  Loss_bcs: 0.000e+00, Loss_ut_ics: 5.606e-04, Loss_norm: 8.051e-03, Loss_gauge: 0.000e+00, w_pde: 1.00e+00, L^2_error: 4.041e-01, lr: 1.000e-03, Time: 1.15e+02
INFO:src.utils.logger:Model state saved to results\barrier\Classical\20260226-091105_seed0_pinn_2-64-64-64-64-2_v3f_e1.5k\checkpoints\2026-02-26_09-11-08-037447_barrier_Classical_seed0\model.pth
INFO:src.utils.logger:Model weights saved to results\barrier\Classical\20260226-091105_seed0_pinn_2-64-64-64-64-2_v3f_e1.5k\checkpoints\2026-02-26_09-11-08-037447_barrier_Classical_seed0\model_weights.pth
INFO:src.utils.logger:It: 1480, Loss: 3.194e+00, Loss_res: 2.832e+00,  Loss_bcs: 0.000e+00, Loss_ut_ics: 4.779e-04, Loss_norm: 4.376e-03, Loss_gauge: 0.000e+00, w_pde: 1.00e+00, L^2_error: 3.701e-01, lr: 1.000e-03, Time: 1.16e+02
INFO:src.utils.logger:Model state saved to results\barrier\Classical\20260226-091105_seed0_pinn_2-64-64-64-64-2_v3f_e1.5k\checkpoints\2026-02-26_09-11-08-037447_barrier_Classical_seed0\model.pth
INFO:src.utils.logger:Model weights saved to results\barrier\Classical\20260226-091105_seed0_pinn_2-64-64-64-64-2_v3f_e1.5k\checkpoints\2026-02-26_09-11-08-037447_barrier_Classical_seed0\model_weights.pth
INFO:src.utils.logger:It: 1500, Loss: 3.225e+00, Loss_res: 2.923e+00,  Loss_bcs: 0.000e+00, Loss_ut_ics: 3.679e-04, Loss_norm: 3.821e-03, Loss_gauge: 0.000e+00, w_pde: 1.00e+00, L^2_error: 3.736e-01, lr: 1.000e-03, Time: 1.18e+02
INFO:src.utils.logger:Model state saved to results\barrier\Classical\20260226-091105_seed0_pinn_2-64-64-64-64-2_v3f_e1.5k\checkpoints\2026-02-26_09-11-08-037447_barrier_Classical_seed0\model.pth
INFO:src.utils.logger:Model weights saved to results\barrier\Classical\20260226-091105_seed0_pinn_2-64-64-64-64-2_v3f_e1.5k\checkpoints\2026-02-26_09-11-08-037447_barrier_Classical_seed0\model_weights.pth
