checkpoint path: self.log_path='./results/models/checkpoints/wave/2025-09-17_11-53-12-747439'
Using Classical Solver
The settings used:
batch_size : 64
epochs : 2000
lr : 0.01
seed : 42
print_every : 100
log_path : ./results/models/checkpoints/wave
input_dim : 2
output_dim : 1
num_qubits : 5
hidden_dim : 50
num_quantum_layers : 2
classic_network : [2, 50, 1]
q_ansatz : sim_circ_5
mode : hybrid
activation : null
shots : None
problem : wave
solver : Classical
device : cpu
method : None
cutoff_dim : 20
class : CVNeuralNetwork2
encoding : None
Total number of parameters: 7851
It: 0, Loss: 3.975e+00, Loss_res: 9.233e-07,  Loss_bcs: 3.975e-01, Loss_ut_ics: 1.394e-04, lr: 1.000e-02, Time: 3.20e-02
Model state saved to ./results/models/checkpoints/wave/2025-09-17_11-53-12-747439/model.pth
Model state saved to ./results/models/checkpoints/wave/2025-09-17_11-53-12-747439/model_weights.pth
It: 100, Loss: 2.003e+00, Loss_res: 8.130e-01,  Loss_bcs: 1.849e-01, Loss_ut_ics: 7.272e-01, lr: 1.000e-02, Time: 2.95e-03
Model state saved to ./results/models/checkpoints/wave/2025-09-17_11-53-12-747439/model.pth
Model state saved to ./results/models/checkpoints/wave/2025-09-17_11-53-12-747439/model_weights.pth
It: 200, Loss: 2.208e+00, Loss_res: 1.160e+00,  Loss_bcs: 1.987e-01, Loss_ut_ics: 1.050e+00, lr: 1.000e-02, Time: 2.87e-03
Model state saved to ./results/models/checkpoints/wave/2025-09-17_11-53-12-747439/model.pth
Model state saved to ./results/models/checkpoints/wave/2025-09-17_11-53-12-747439/model_weights.pth
It: 300, Loss: 1.004e+00, Loss_res: 3.731e+00,  Loss_bcs: 5.588e-02, Loss_ut_ics: 7.242e-01, lr: 1.000e-02, Time: 3.00e-03
Model state saved to ./results/models/checkpoints/wave/2025-09-17_11-53-12-747439/model.pth
Model state saved to ./results/models/checkpoints/wave/2025-09-17_11-53-12-747439/model_weights.pth
It: 400, Loss: 1.535e-01, Loss_res: 2.849e-01,  Loss_bcs: 1.134e-02, Loss_ut_ics: 1.160e-01, lr: 1.000e-02, Time: 2.95e-03
Model state saved to ./results/models/checkpoints/wave/2025-09-17_11-53-12-747439/model.pth
Model state saved to ./results/models/checkpoints/wave/2025-09-17_11-53-12-747439/model_weights.pth
It: 500, Loss: 2.010e-01, Loss_res: 3.339e-01,  Loss_bcs: 1.605e-02, Loss_ut_ics: 7.130e-02, lr: 1.000e-02, Time: 2.99e-03
Model state saved to ./results/models/checkpoints/wave/2025-09-17_11-53-12-747439/model.pth
Model state saved to ./results/models/checkpoints/wave/2025-09-17_11-53-12-747439/model_weights.pth
It: 600, Loss: 1.112e-01, Loss_res: 1.793e-01,  Loss_bcs: 8.689e-03, Loss_ut_ics: 6.357e-02, lr: 1.000e-02, Time: 2.87e-03
Model state saved to ./results/models/checkpoints/wave/2025-09-17_11-53-12-747439/model.pth
Model state saved to ./results/models/checkpoints/wave/2025-09-17_11-53-12-747439/model_weights.pth
It: 700, Loss: 4.352e-02, Loss_res: 1.715e-01,  Loss_bcs: 2.567e-03, Loss_ut_ics: 7.012e-03, lr: 1.000e-02, Time: 3.02e-03
Model state saved to ./results/models/checkpoints/wave/2025-09-17_11-53-12-747439/model.pth
Model state saved to ./results/models/checkpoints/wave/2025-09-17_11-53-12-747439/model_weights.pth
It: 800, Loss: 2.086e-02, Loss_res: 5.082e-02,  Loss_bcs: 1.543e-03, Loss_ut_ics: 3.487e-03, lr: 1.000e-02, Time: 2.92e-03
Model state saved to ./results/models/checkpoints/wave/2025-09-17_11-53-12-747439/model.pth
Model state saved to ./results/models/checkpoints/wave/2025-09-17_11-53-12-747439/model_weights.pth
It: 900, Loss: 1.644e-01, Loss_res: 5.268e-01,  Loss_bcs: 1.078e-02, Loss_ut_ics: 3.880e-02, lr: 1.000e-02, Time: 3.67e-03
Model state saved to ./results/models/checkpoints/wave/2025-09-17_11-53-12-747439/model.pth
Model state saved to ./results/models/checkpoints/wave/2025-09-17_11-53-12-747439/model_weights.pth
It: 1000, Loss: 5.645e-02, Loss_res: 1.155e-01,  Loss_bcs: 4.450e-03, Loss_ut_ics: 3.973e-03, lr: 1.000e-02, Time: 2.85e-03
Model state saved to ./results/models/checkpoints/wave/2025-09-17_11-53-12-747439/model.pth
Model state saved to ./results/models/checkpoints/wave/2025-09-17_11-53-12-747439/model_weights.pth
It: 1100, Loss: 5.734e-02, Loss_res: 2.305e-01,  Loss_bcs: 3.394e-03, Loss_ut_ics: 3.471e-03, lr: 1.000e-02, Time: 2.86e-03
Model state saved to ./results/models/checkpoints/wave/2025-09-17_11-53-12-747439/model.pth
Model state saved to ./results/models/checkpoints/wave/2025-09-17_11-53-12-747439/model_weights.pth
It: 1200, Loss: 7.565e-02, Loss_res: 8.061e-02,  Loss_bcs: 6.720e-03, Loss_ut_ics: 3.926e-03, lr: 1.000e-02, Time: 2.91e-03
Model state saved to ./results/models/checkpoints/wave/2025-09-17_11-53-12-747439/model.pth
Model state saved to ./results/models/checkpoints/wave/2025-09-17_11-53-12-747439/model_weights.pth
It: 1300, Loss: 3.299e-02, Loss_res: 1.184e-01,  Loss_bcs: 2.043e-03, Loss_ut_ics: 7.198e-03, lr: 1.000e-02, Time: 2.89e-03
Model state saved to ./results/models/checkpoints/wave/2025-09-17_11-53-12-747439/model.pth
Model state saved to ./results/models/checkpoints/wave/2025-09-17_11-53-12-747439/model_weights.pth
It: 1400, Loss: 2.888e-02, Loss_res: 6.890e-02,  Loss_bcs: 2.128e-03, Loss_ut_ics: 7.053e-03, lr: 1.000e-02, Time: 2.86e-03
Model state saved to ./results/models/checkpoints/wave/2025-09-17_11-53-12-747439/model.pth
Model state saved to ./results/models/checkpoints/wave/2025-09-17_11-53-12-747439/model_weights.pth
It: 1500, Loss: 1.455e-02, Loss_res: 1.847e-02,  Loss_bcs: 1.228e-03, Loss_ut_ics: 4.222e-03, lr: 1.000e-02, Time: 3.16e-03
Model state saved to ./results/models/checkpoints/wave/2025-09-17_11-53-12-747439/model.pth
Model state saved to ./results/models/checkpoints/wave/2025-09-17_11-53-12-747439/model_weights.pth
It: 1600, Loss: 4.631e-02, Loss_res: 4.274e-02,  Loss_bcs: 4.167e-03, Loss_ut_ics: 3.713e-03, lr: 1.000e-02, Time: 2.92e-03
Model state saved to ./results/models/checkpoints/wave/2025-09-17_11-53-12-747439/model.pth
Model state saved to ./results/models/checkpoints/wave/2025-09-17_11-53-12-747439/model_weights.pth
It: 1700, Loss: 1.541e-02, Loss_res: 4.579e-02,  Loss_bcs: 9.816e-04, Loss_ut_ics: 1.016e-02, lr: 1.000e-02, Time: 2.86e-03
Model state saved to ./results/models/checkpoints/wave/2025-09-17_11-53-12-747439/model.pth
Model state saved to ./results/models/checkpoints/wave/2025-09-17_11-53-12-747439/model_weights.pth
It: 1800, Loss: 5.595e-03, Loss_res: 2.494e-02,  Loss_bcs: 2.890e-04, Loss_ut_ics: 2.106e-03, lr: 1.000e-02, Time: 3.58e-03
Model state saved to ./results/models/checkpoints/wave/2025-09-17_11-53-12-747439/model.pth
Model state saved to ./results/models/checkpoints/wave/2025-09-17_11-53-12-747439/model_weights.pth
It: 1900, Loss: 1.334e-02, Loss_res: 3.204e-02,  Loss_bcs: 9.769e-04, Loss_ut_ics: 3.712e-03, lr: 1.000e-02, Time: 2.85e-03
Model state saved to ./results/models/checkpoints/wave/2025-09-17_11-53-12-747439/model.pth
Model state saved to ./results/models/checkpoints/wave/2025-09-17_11-53-12-747439/model_weights.pth
It: 2000, Loss: 3.236e-02, Loss_res: 4.168e-02,  Loss_bcs: 2.802e-03, Loss_ut_ics: 1.685e-03, lr: 1.000e-02, Time: 2.87e-03
Model state saved to ./results/models/checkpoints/wave/2025-09-17_11-53-12-747439/model.pth
Model state saved to ./results/models/checkpoints/wave/2025-09-17_11-53-12-747439/model_weights.pth
Model state saved to ./results/models/checkpoints/wave/2025-09-17_11-53-12-747439/model.pth
Model state saved to ./results/models/checkpoints/wave/2025-09-17_11-53-12-747439/model_weights.pth
Training completed successfuly!
Relative L2 error_u: 3.47e+00
Relative L2 error_f: 3.61e+01
