Using DV Solver
The settings used:
batch_size : 64
epochs : 1500
lr : 0.001
seed : 42
print_every : 1
log_path : ./results/models/checkpoints/schrodinger/qho
input_dim : 2
output_dim : 1
num_qubits : 5
hidden_dim : 50
num_quantum_layers : 1
classic_network : [2, 50, 1]
q_ansatz : sim_circ_15
mode : hybrid
activation : null
shots : 1
problem : schrodinger
solver : DV
device : cpu
method : None
cutoff_dim : 20
class : CVNeuralNetwork2
encoding : angle
eq_params : {'example': 'ho', 'L': 5.0, 'T': 0.1, 'hbar': 1.0, 'mass': 1.0, 'n_level': 1, 'omega': 1.0, 'potential_fn': 'lambda t, x : 0.5 * 1.0 * (1.0**2) * (x**2)'}
noise : False
Total number of parameters: 776
The circuit used in the study:
It: 1, Loss: 8.246e-02, Loss_res: 7.311e-05,  Loss_bcs: 8.107e-02, Loss_ut_ics: 1.385e-01, lr: 1.000e-03, Time: 1.94e+00
Model state saved to ./results/models/checkpoints/schrodinger/qho/2025-09-11_09-16-58-133531/model.pth
Model state saved to ./results/models/checkpoints/schrodinger/qho/2025-09-11_09-16-58-133531/model_weights.pth
It: 2, Loss: 5.854e-02, Loss_res: 5.155e-05,  Loss_bcs: 5.569e-02, Loss_ut_ics: 2.847e-01, lr: 1.000e-03, Time: 3.31e+00
Model state saved to ./results/models/checkpoints/schrodinger/qho/2025-09-11_09-16-58-133531/model.pth
Model state saved to ./results/models/checkpoints/schrodinger/qho/2025-09-11_09-16-58-133531/model_weights.pth
It: 3, Loss: 3.925e-02, Loss_res: 4.085e-05,  Loss_bcs: 3.538e-02, Loss_ut_ics: 3.871e-01, lr: 1.000e-03, Time: 4.63e+00
Model state saved to ./results/models/checkpoints/schrodinger/qho/2025-09-11_09-16-58-133531/model.pth
Model state saved to ./results/models/checkpoints/schrodinger/qho/2025-09-11_09-16-58-133531/model_weights.pth
It: 4, Loss: 2.186e-02, Loss_res: 4.214e-05,  Loss_bcs: 1.987e-02, Loss_ut_ics: 1.990e-01, lr: 1.000e-03, Time: 5.95e+00
Model state saved to ./results/models/checkpoints/schrodinger/qho/2025-09-11_09-16-58-133531/model.pth
Model state saved to ./results/models/checkpoints/schrodinger/qho/2025-09-11_09-16-58-133531/model_weights.pth
It: 5, Loss: 1.124e-02, Loss_res: 3.072e-05,  Loss_bcs: 9.204e-03, Loss_ut_ics: 2.033e-01, lr: 1.000e-03, Time: 7.26e+00
Model state saved to ./results/models/checkpoints/schrodinger/qho/2025-09-11_09-16-58-133531/model.pth
Model state saved to ./results/models/checkpoints/schrodinger/qho/2025-09-11_09-16-58-133531/model_weights.pth
It: 6, Loss: 5.224e-03, Loss_res: 3.446e-05,  Loss_bcs: 2.969e-03, Loss_ut_ics: 2.255e-01, lr: 1.000e-03, Time: 8.62e+00
Model state saved to ./results/models/checkpoints/schrodinger/qho/2025-09-11_09-16-58-133531/model.pth
Model state saved to ./results/models/checkpoints/schrodinger/qho/2025-09-11_09-16-58-133531/model_weights.pth
It: 7, Loss: 2.263e-03, Loss_res: 1.935e-05,  Loss_bcs: 5.666e-04, Loss_ut_ics: 1.696e-01, lr: 1.000e-03, Time: 9.93e+00
Model state saved to ./results/models/checkpoints/schrodinger/qho/2025-09-11_09-16-58-133531/model.pth
Model state saved to ./results/models/checkpoints/schrodinger/qho/2025-09-11_09-16-58-133531/model_weights.pth
It: 8, Loss: 2.708e-03, Loss_res: 1.879e-05,  Loss_bcs: 1.121e-03, Loss_ut_ics: 1.588e-01, lr: 1.000e-03, Time: 1.13e+01
Model state saved to ./results/models/checkpoints/schrodinger/qho/2025-09-11_09-16-58-133531/model.pth
Model state saved to ./results/models/checkpoints/schrodinger/qho/2025-09-11_09-16-58-133531/model_weights.pth
It: 9, Loss: 3.883e-03, Loss_res: 1.093e-05,  Loss_bcs: 3.512e-03, Loss_ut_ics: 3.716e-02, lr: 1.000e-03, Time: 1.26e+01
Model state saved to ./results/models/checkpoints/schrodinger/qho/2025-09-11_09-16-58-133531/model.pth
Model state saved to ./results/models/checkpoints/schrodinger/qho/2025-09-11_09-16-58-133531/model_weights.pth
It: 10, Loss: 8.232e-03, Loss_res: 1.025e-05,  Loss_bcs: 6.489e-03, Loss_ut_ics: 1.744e-01, lr: 1.000e-03, Time: 1.39e+01
Model state saved to ./results/models/checkpoints/schrodinger/qho/2025-09-11_09-16-58-133531/model.pth
Model state saved to ./results/models/checkpoints/schrodinger/qho/2025-09-11_09-16-58-133531/model_weights.pth
It: 11, Loss: 1.003e-02, Loss_res: 1.462e-05,  Loss_bcs: 9.023e-03, Loss_ut_ics: 1.005e-01, lr: 1.000e-03, Time: 1.52e+01
Model state saved to ./results/models/checkpoints/schrodinger/qho/2025-09-11_09-16-58-133531/model.pth
Model state saved to ./results/models/checkpoints/schrodinger/qho/2025-09-11_09-16-58-133531/model_weights.pth
It: 12, Loss: 1.095e-02, Loss_res: 1.367e-05,  Loss_bcs: 1.061e-02, Loss_ut_ics: 3.379e-02, lr: 1.000e-03, Time: 1.66e+01
Model state saved to ./results/models/checkpoints/schrodinger/qho/2025-09-11_09-16-58-133531/model.pth
Model state saved to ./results/models/checkpoints/schrodinger/qho/2025-09-11_09-16-58-133531/model_weights.pth
It: 13, Loss: 1.140e-02, Loss_res: 1.295e-05,  Loss_bcs: 1.101e-02, Loss_ut_ics: 3.843e-02, lr: 1.000e-03, Time: 1.81e+01
Model state saved to ./results/models/checkpoints/schrodinger/qho/2025-09-11_09-16-58-133531/model.pth
Model state saved to ./results/models/checkpoints/schrodinger/qho/2025-09-11_09-16-58-133531/model_weights.pth
It: 14, Loss: 1.168e-02, Loss_res: 1.680e-05,  Loss_bcs: 1.024e-02, Loss_ut_ics: 1.435e-01, lr: 1.000e-03, Time: 1.95e+01
Model state saved to ./results/models/checkpoints/schrodinger/qho/2025-09-11_09-16-58-133531/model.pth
Model state saved to ./results/models/checkpoints/schrodinger/qho/2025-09-11_09-16-58-133531/model_weights.pth
It: 15, Loss: 1.089e-02, Loss_res: 9.713e-06,  Loss_bcs: 8.789e-03, Loss_ut_ics: 2.099e-01, lr: 1.000e-03, Time: 2.09e+01
Model state saved to ./results/models/checkpoints/schrodinger/qho/2025-09-11_09-16-58-133531/model.pth
Model state saved to ./results/models/checkpoints/schrodinger/qho/2025-09-11_09-16-58-133531/model_weights.pth
It: 16, Loss: 8.136e-03, Loss_res: 1.388e-05,  Loss_bcs: 6.958e-03, Loss_ut_ics: 1.178e-01, lr: 1.000e-03, Time: 2.23e+01
Model state saved to ./results/models/checkpoints/schrodinger/qho/2025-09-11_09-16-58-133531/model.pth
Model state saved to ./results/models/checkpoints/schrodinger/qho/2025-09-11_09-16-58-133531/model_weights.pth
It: 17, Loss: 5.069e-03, Loss_res: 6.636e-06,  Loss_bcs: 4.953e-03, Loss_ut_ics: 1.162e-02, lr: 1.000e-03, Time: 2.37e+01
Model state saved to ./results/models/checkpoints/schrodinger/qho/2025-09-11_09-16-58-133531/model.pth
Model state saved to ./results/models/checkpoints/schrodinger/qho/2025-09-11_09-16-58-133531/model_weights.pth
It: 18, Loss: 3.926e-03, Loss_res: 1.186e-05,  Loss_bcs: 3.138e-03, Loss_ut_ics: 7.880e-02, lr: 1.000e-03, Time: 2.51e+01
Model state saved to ./results/models/checkpoints/schrodinger/qho/2025-09-11_09-16-58-133531/model.pth
Model state saved to ./results/models/checkpoints/schrodinger/qho/2025-09-11_09-16-58-133531/model_weights.pth
It: 19, Loss: 2.714e-03, Loss_res: 9.597e-06,  Loss_bcs: 1.693e-03, Loss_ut_ics: 1.021e-01, lr: 1.000e-03, Time: 2.66e+01
Model state saved to ./results/models/checkpoints/schrodinger/qho/2025-09-11_09-16-58-133531/model.pth
Model state saved to ./results/models/checkpoints/schrodinger/qho/2025-09-11_09-16-58-133531/model_weights.pth
It: 20, Loss: 9.099e-04, Loss_res: 1.155e-05,  Loss_bcs: 7.137e-04, Loss_ut_ics: 1.961e-02, lr: 1.000e-03, Time: 2.79e+01
Model state saved to ./results/models/checkpoints/schrodinger/qho/2025-09-11_09-16-58-133531/model.pth
Model state saved to ./results/models/checkpoints/schrodinger/qho/2025-09-11_09-16-58-133531/model_weights.pth
It: 21, Loss: 1.298e-03, Loss_res: 6.803e-06,  Loss_bcs: 2.442e-04, Loss_ut_ics: 1.054e-01, lr: 1.000e-03, Time: 2.92e+01
Model state saved to ./results/models/checkpoints/schrodinger/qho/2025-09-11_09-16-58-133531/model.pth
Model state saved to ./results/models/checkpoints/schrodinger/qho/2025-09-11_09-16-58-133531/model_weights.pth
It: 22, Loss: 8.312e-04, Loss_res: 4.810e-06,  Loss_bcs: 2.044e-04, Loss_ut_ics: 6.268e-02, lr: 1.000e-03, Time: 3.06e+01
Model state saved to ./results/models/checkpoints/schrodinger/qho/2025-09-11_09-16-58-133531/model.pth
Model state saved to ./results/models/checkpoints/schrodinger/qho/2025-09-11_09-16-58-133531/model_weights.pth
It: 23, Loss: 2.594e-03, Loss_res: 5.953e-06,  Loss_bcs: 4.747e-04, Loss_ut_ics: 2.119e-01, lr: 1.000e-03, Time: 3.19e+01
Model state saved to ./results/models/checkpoints/schrodinger/qho/2025-09-11_09-16-58-133531/model.pth
Model state saved to ./results/models/checkpoints/schrodinger/qho/2025-09-11_09-16-58-133531/model_weights.pth
It: 24, Loss: 1.688e-03, Loss_res: 1.666e-05,  Loss_bcs: 9.454e-04, Loss_ut_ics: 7.429e-02, lr: 1.000e-03, Time: 3.32e+01
Model state saved to ./results/models/checkpoints/schrodinger/qho/2025-09-11_09-16-58-133531/model.pth
Model state saved to ./results/models/checkpoints/schrodinger/qho/2025-09-11_09-16-58-133531/model_weights.pth
It: 25, Loss: 2.521e-03, Loss_res: 1.067e-05,  Loss_bcs: 1.459e-03, Loss_ut_ics: 1.062e-01, lr: 1.000e-03, Time: 3.45e+01
Model state saved to ./results/models/checkpoints/schrodinger/qho/2025-09-11_09-16-58-133531/model.pth
Model state saved to ./results/models/checkpoints/schrodinger/qho/2025-09-11_09-16-58-133531/model_weights.pth
It: 26, Loss: 2.929e-03, Loss_res: 9.314e-06,  Loss_bcs: 1.887e-03, Loss_ut_ics: 1.041e-01, lr: 1.000e-03, Time: 3.62e+01
Model state saved to ./results/models/checkpoints/schrodinger/qho/2025-09-11_09-16-58-133531/model.pth
Model state saved to ./results/models/checkpoints/schrodinger/qho/2025-09-11_09-16-58-133531/model_weights.pth
