Using DV Solver
The settings used:
batch_size : 64
epochs : 2000
lr : 0.001
seed : 42
print_every : 100
log_path : ./results/models/checkpoints/schrodinger
input_dim : 2
output_dim : 2
num_qubits : 5
hidden_dim : 50
num_quantum_layers : 1
classic_network : [2, 50, 2]
q_ansatz : sim_circ_19
mode : hybrid
activation : null
shots : None
problem : schrodinger
solver : DV
device : cpu
method : None
cutoff_dim : 20
class : CVNeuralNetwork2
encoding : None
eq_params : {'L': 1.0, 'T': 0.2, 'hbar': 1.0, 'mass': 1.0, 'n_level': 1}
Total number of parameters: 822
The circuit used in the study:
It: 1, Loss: 2.410e+00, Loss_res: 3.364e-04,  Loss_bcs: 2.140e-01, Loss_ut_ics: 1.098e+00, lr: 1.000e-03, Time: 1.27e+01
Model state saved to ./results/models/checkpoints/schrodinger/2025-08-14_16-45-46-525196/model.pth
Model state saved to ./results/models/checkpoints/schrodinger/2025-08-14_16-45-46-525196/model_weights.pth
It: 100, Loss: 7.962e-01, Loss_res: 1.747e-02,  Loss_bcs: 3.018e-01, Loss_ut_ics: 2.385e-01, lr: 1.000e-03, Time: 1.13e+03
Model state saved to ./results/models/checkpoints/schrodinger/2025-08-14_16-45-46-525196/model.pth
Model state saved to ./results/models/checkpoints/schrodinger/2025-08-14_16-45-46-525196/model_weights.pth
It: 200, Loss: 4.670e-01, Loss_res: 4.594e-02,  Loss_bcs: 1.419e-01, Loss_ut_ics: 1.396e-01, lr: 1.000e-03, Time: 2.26e+03
Model state saved to ./results/models/checkpoints/schrodinger/2025-08-14_16-45-46-525196/model.pth
Model state saved to ./results/models/checkpoints/schrodinger/2025-08-14_16-45-46-525196/model_weights.pth
It: 300, Loss: 1.545e-01, Loss_res: 3.540e-02,  Loss_bcs: 5.729e-02, Loss_ut_ics: 3.092e-02, lr: 1.000e-03, Time: 3.37e+03
Model state saved to ./results/models/checkpoints/schrodinger/2025-08-14_16-45-46-525196/model.pth
Model state saved to ./results/models/checkpoints/schrodinger/2025-08-14_16-45-46-525196/model_weights.pth
It: 400, Loss: 9.387e-02, Loss_res: 1.250e-02,  Loss_bcs: 4.571e-02, Loss_ut_ics: 1.783e-02, lr: 1.000e-03, Time: 4.50e+03
Model state saved to ./results/models/checkpoints/schrodinger/2025-08-14_16-45-46-525196/model.pth
Model state saved to ./results/models/checkpoints/schrodinger/2025-08-14_16-45-46-525196/model_weights.pth
