checkpoint path: self.log_path='./results/models/checkpoints/wave/2025-09-17_11-46-10-581652'
Using Classical Solver
The settings used:
batch_size : 64
epochs : 2000
lr : 0.01
seed : 42
print_every : 100
log_path : ./results/models/checkpoints/wave
input_dim : 2
output_dim : 1
num_qubits : 5
hidden_dim : 50
num_quantum_layers : 2
classic_network : [2, 50, 1]
q_ansatz : sim_circ_5
mode : hybrid
activation : null
shots : None
problem : wave
solver : Classical
device : cpu
method : None
cutoff_dim : 20
class : CVNeuralNetwork2
encoding : None
Total number of parameters: 7851
It: 0, Loss: 4.932e+00, Loss_res: 3.751e-05,  Loss_bcs: 4.932e-01, Loss_ut_ics: 2.771e-03, lr: 1.000e-02, Time: 3.29e-02
Model state saved to ./results/models/checkpoints/wave/2025-09-17_11-46-10-581652/model.pth
Model state saved to ./results/models/checkpoints/wave/2025-09-17_11-46-10-581652/model_weights.pth
It: 100, Loss: 2.172e+00, Loss_res: 1.125e+00,  Loss_bcs: 1.967e-01, Loss_ut_ics: 9.225e-01, lr: 1.000e-02, Time: 3.24e-03
Model state saved to ./results/models/checkpoints/wave/2025-09-17_11-46-10-581652/model.pth
Model state saved to ./results/models/checkpoints/wave/2025-09-17_11-46-10-581652/model_weights.pth
It: 200, Loss: 2.887e-01, Loss_res: 1.269e+00,  Loss_bcs: 1.372e-02, Loss_ut_ics: 2.459e-01, lr: 1.000e-02, Time: 3.41e-03
Model state saved to ./results/models/checkpoints/wave/2025-09-17_11-46-10-581652/model.pth
Model state saved to ./results/models/checkpoints/wave/2025-09-17_11-46-10-581652/model_weights.pth
It: 300, Loss: 1.786e-01, Loss_res: 4.271e-01,  Loss_bcs: 1.261e-02, Loss_ut_ics: 9.740e-02, lr: 1.000e-02, Time: 4.02e-03
Model state saved to ./results/models/checkpoints/wave/2025-09-17_11-46-10-581652/model.pth
Model state saved to ./results/models/checkpoints/wave/2025-09-17_11-46-10-581652/model_weights.pth
It: 400, Loss: 2.428e-01, Loss_res: 2.885e-01,  Loss_bcs: 2.075e-02, Loss_ut_ics: 6.442e-02, lr: 1.000e-02, Time: 3.38e-03
Model state saved to ./results/models/checkpoints/wave/2025-09-17_11-46-10-581652/model.pth
Model state saved to ./results/models/checkpoints/wave/2025-09-17_11-46-10-581652/model_weights.pth
It: 500, Loss: 5.720e-02, Loss_res: 2.196e-01,  Loss_bcs: 3.249e-03, Loss_ut_ics: 2.756e-02, lr: 1.000e-02, Time: 2.85e-03
Model state saved to ./results/models/checkpoints/wave/2025-09-17_11-46-10-581652/model.pth
Model state saved to ./results/models/checkpoints/wave/2025-09-17_11-46-10-581652/model_weights.pth
It: 600, Loss: 7.534e-02, Loss_res: 1.580e-01,  Loss_bcs: 5.831e-03, Loss_ut_ics: 1.238e-02, lr: 1.000e-02, Time: 2.89e-03
Model state saved to ./results/models/checkpoints/wave/2025-09-17_11-46-10-581652/model.pth
Model state saved to ./results/models/checkpoints/wave/2025-09-17_11-46-10-581652/model_weights.pth
It: 700, Loss: 7.870e-02, Loss_res: 6.286e-02,  Loss_bcs: 7.190e-03, Loss_ut_ics: 5.168e-03, lr: 1.000e-02, Time: 2.95e-03
Model state saved to ./results/models/checkpoints/wave/2025-09-17_11-46-10-581652/model.pth
Model state saved to ./results/models/checkpoints/wave/2025-09-17_11-46-10-581652/model_weights.pth
It: 800, Loss: 5.033e-02, Loss_res: 6.997e-02,  Loss_bcs: 4.282e-03, Loss_ut_ics: 5.066e-03, lr: 1.000e-02, Time: 3.00e-03
Model state saved to ./results/models/checkpoints/wave/2025-09-17_11-46-10-581652/model.pth
Model state saved to ./results/models/checkpoints/wave/2025-09-17_11-46-10-581652/model_weights.pth
It: 900, Loss: 3.922e-02, Loss_res: 1.794e-01,  Loss_bcs: 2.061e-03, Loss_ut_ics: 6.710e-03, lr: 1.000e-02, Time: 3.38e-03
Model state saved to ./results/models/checkpoints/wave/2025-09-17_11-46-10-581652/model.pth
Model state saved to ./results/models/checkpoints/wave/2025-09-17_11-46-10-581652/model_weights.pth
It: 1000, Loss: 3.686e-02, Loss_res: 5.338e-02,  Loss_bcs: 3.132e-03, Loss_ut_ics: 1.972e-03, lr: 1.000e-02, Time: 4.40e-03
Model state saved to ./results/models/checkpoints/wave/2025-09-17_11-46-10-581652/model.pth
Model state saved to ./results/models/checkpoints/wave/2025-09-17_11-46-10-581652/model_weights.pth
It: 1100, Loss: 7.992e-02, Loss_res: 6.172e-02,  Loss_bcs: 7.340e-03, Loss_ut_ics: 3.444e-03, lr: 1.000e-02, Time: 3.86e-03
Model state saved to ./results/models/checkpoints/wave/2025-09-17_11-46-10-581652/model.pth
Model state saved to ./results/models/checkpoints/wave/2025-09-17_11-46-10-581652/model_weights.pth
It: 1200, Loss: 1.466e-02, Loss_res: 3.427e-02,  Loss_bcs: 1.097e-03, Loss_ut_ics: 2.652e-03, lr: 1.000e-02, Time: 3.33e-03
Model state saved to ./results/models/checkpoints/wave/2025-09-17_11-46-10-581652/model.pth
Model state saved to ./results/models/checkpoints/wave/2025-09-17_11-46-10-581652/model_weights.pth
It: 1300, Loss: 7.534e-02, Loss_res: 1.118e-01,  Loss_bcs: 6.372e-03, Loss_ut_ics: 4.456e-03, lr: 1.000e-02, Time: 4.07e-03
Model state saved to ./results/models/checkpoints/wave/2025-09-17_11-46-10-581652/model.pth
Model state saved to ./results/models/checkpoints/wave/2025-09-17_11-46-10-581652/model_weights.pth
It: 1400, Loss: 2.548e-02, Loss_res: 5.012e-02,  Loss_bcs: 2.009e-03, Loss_ut_ics: 3.834e-03, lr: 1.000e-02, Time: 2.88e-03
Model state saved to ./results/models/checkpoints/wave/2025-09-17_11-46-10-581652/model.pth
Model state saved to ./results/models/checkpoints/wave/2025-09-17_11-46-10-581652/model_weights.pth
It: 1500, Loss: 5.565e-02, Loss_res: 5.624e-02,  Loss_bcs: 4.937e-03, Loss_ut_ics: 6.563e-03, lr: 1.000e-02, Time: 4.28e-03
Model state saved to ./results/models/checkpoints/wave/2025-09-17_11-46-10-581652/model.pth
Model state saved to ./results/models/checkpoints/wave/2025-09-17_11-46-10-581652/model_weights.pth
It: 1600, Loss: 5.696e-02, Loss_res: 6.362e-02,  Loss_bcs: 5.049e-03, Loss_ut_ics: 1.137e-03, lr: 1.000e-02, Time: 3.60e-03
Model state saved to ./results/models/checkpoints/wave/2025-09-17_11-46-10-581652/model.pth
Model state saved to ./results/models/checkpoints/wave/2025-09-17_11-46-10-581652/model_weights.pth
It: 1700, Loss: 6.893e-02, Loss_res: 7.771e-02,  Loss_bcs: 6.025e-03, Loss_ut_ics: 9.021e-03, lr: 1.000e-02, Time: 2.93e-03
Model state saved to ./results/models/checkpoints/wave/2025-09-17_11-46-10-581652/model.pth
Model state saved to ./results/models/checkpoints/wave/2025-09-17_11-46-10-581652/model_weights.pth
It: 1800, Loss: 3.637e-02, Loss_res: 6.518e-02,  Loss_bcs: 2.819e-03, Loss_ut_ics: 1.661e-02, lr: 1.000e-02, Time: 2.91e-03
Model state saved to ./results/models/checkpoints/wave/2025-09-17_11-46-10-581652/model.pth
Model state saved to ./results/models/checkpoints/wave/2025-09-17_11-46-10-581652/model_weights.pth
It: 1900, Loss: 2.697e-02, Loss_res: 3.391e-02,  Loss_bcs: 2.341e-03, Loss_ut_ics: 1.619e-03, lr: 1.000e-02, Time: 2.90e-03
Model state saved to ./results/models/checkpoints/wave/2025-09-17_11-46-10-581652/model.pth
Model state saved to ./results/models/checkpoints/wave/2025-09-17_11-46-10-581652/model_weights.pth
It: 2000, Loss: 2.577e-02, Loss_res: 3.645e-02,  Loss_bcs: 2.188e-03, Loss_ut_ics: 2.512e-03, lr: 1.000e-02, Time: 3.38e-03
Model state saved to ./results/models/checkpoints/wave/2025-09-17_11-46-10-581652/model.pth
Model state saved to ./results/models/checkpoints/wave/2025-09-17_11-46-10-581652/model_weights.pth
Model state saved to ./results/models/checkpoints/wave/2025-09-17_11-46-10-581652/model.pth
Model state saved to ./results/models/checkpoints/wave/2025-09-17_11-46-10-581652/model_weights.pth
Training completed successfuly!
Relative L2 error_u: 5.73e+00
Relative L2 error_f: 3.33e+01
