INFO:src.utils.logger:It: 1, Loss: 4.838e+01, Loss_res: 5.325e-01,  Loss_bcs: 1.377e-01, Loss_ut_ics: 2.321e-01, Loss_norm: 3.664e-01, Loss_gauge: 0.000e+00, w_pde: 3.33e-03, L^2_error: 9.865e-01, lr: 1.000e-03, Time: 4.80e-02
INFO:src.utils.logger:Model state saved to results\ho\Classical\20260501-152058_seed0_bf_ho_2-64-64-64-2_seed0\checkpoints\2026-05-01_15-21-08-059583_ho_Classical_seed0\model.pth
INFO:src.utils.logger:Model weights saved to results\ho\Classical\20260501-152058_seed0_bf_ho_2-64-64-64-2_seed0\checkpoints\2026-05-01_15-21-08-059583_ho_Classical_seed0\model_weights.pth
INFO:src.utils.logger:It: 10, Loss: 1.918e+01, Loss_res: 2.610e-01,  Loss_bcs: 6.411e-02, Loss_ut_ics: 8.575e-02, Loss_norm: 3.904e-01, Loss_gauge: 0.000e+00, w_pde: 3.33e-02, L^2_error: 6.660e-01, lr: 1.000e-03, Time: 5.95e-01
INFO:src.utils.logger:Model state saved to results\ho\Classical\20260501-152058_seed0_bf_ho_2-64-64-64-2_seed0\checkpoints\2026-05-01_15-21-08-059583_ho_Classical_seed0\model.pth
INFO:src.utils.logger:Model weights saved to results\ho\Classical\20260501-152058_seed0_bf_ho_2-64-64-64-2_seed0\checkpoints\2026-05-01_15-21-08-059583_ho_Classical_seed0\model_weights.pth
INFO:src.utils.logger:It: 20, Loss: 1.413e+01, Loss_res: 6.240e-01,  Loss_bcs: 1.506e-01, Loss_ut_ics: 6.837e-02, Loss_norm: 5.314e-02, Loss_gauge: 0.000e+00, w_pde: 6.67e-02, L^2_error: 6.988e-01, lr: 1.000e-03, Time: 9.90e-01
INFO:src.utils.logger:Model state saved to results\ho\Classical\20260501-152058_seed0_bf_ho_2-64-64-64-2_seed0\checkpoints\2026-05-01_15-21-08-059583_ho_Classical_seed0\model.pth
INFO:src.utils.logger:Model weights saved to results\ho\Classical\20260501-152058_seed0_bf_ho_2-64-64-64-2_seed0\checkpoints\2026-05-01_15-21-08-059583_ho_Classical_seed0\model_weights.pth
INFO:src.utils.logger:It: 30, Loss: 1.105e+01, Loss_res: 3.407e-01,  Loss_bcs: 8.798e-02, Loss_ut_ics: 5.341e-02, Loss_norm: 4.912e-02, Loss_gauge: 0.000e+00, w_pde: 1.00e-01, L^2_error: 5.794e-01, lr: 1.000e-03, Time: 1.46e+00
INFO:src.utils.logger:Model state saved to results\ho\Classical\20260501-152058_seed0_bf_ho_2-64-64-64-2_seed0\checkpoints\2026-05-01_15-21-08-059583_ho_Classical_seed0\model.pth
INFO:src.utils.logger:Model weights saved to results\ho\Classical\20260501-152058_seed0_bf_ho_2-64-64-64-2_seed0\checkpoints\2026-05-01_15-21-08-059583_ho_Classical_seed0\model_weights.pth
INFO:src.utils.logger:It: 40, Loss: 1.011e+01, Loss_res: 2.512e-01,  Loss_bcs: 6.594e-02, Loss_ut_ics: 4.737e-02, Loss_norm: 1.065e-01, Loss_gauge: 0.000e+00, w_pde: 1.33e-01, L^2_error: 5.349e-01, lr: 1.000e-03, Time: 2.21e+00
INFO:src.utils.logger:Model state saved to results\ho\Classical\20260501-152058_seed0_bf_ho_2-64-64-64-2_seed0\checkpoints\2026-05-01_15-21-08-059583_ho_Classical_seed0\model.pth
INFO:src.utils.logger:Model weights saved to results\ho\Classical\20260501-152058_seed0_bf_ho_2-64-64-64-2_seed0\checkpoints\2026-05-01_15-21-08-059583_ho_Classical_seed0\model_weights.pth
INFO:src.utils.logger:It: 50, Loss: 8.218e+00, Loss_res: 3.112e-01,  Loss_bcs: 7.255e-02, Loss_ut_ics: 4.004e-02, Loss_norm: 1.694e-02, Loss_gauge: 0.000e+00, w_pde: 1.67e-01, L^2_error: 5.117e-01, lr: 1.000e-03, Time: 2.81e+00
INFO:src.utils.logger:Model state saved to results\ho\Classical\20260501-152058_seed0_bf_ho_2-64-64-64-2_seed0\checkpoints\2026-05-01_15-21-08-059583_ho_Classical_seed0\model.pth
INFO:src.utils.logger:Model weights saved to results\ho\Classical\20260501-152058_seed0_bf_ho_2-64-64-64-2_seed0\checkpoints\2026-05-01_15-21-08-059583_ho_Classical_seed0\model_weights.pth
INFO:src.utils.logger:It: 60, Loss: 6.062e+00, Loss_res: 1.995e-01,  Loss_bcs: 4.933e-02, Loss_ut_ics: 2.926e-02, Loss_norm: 2.428e-02, Loss_gauge: 0.000e+00, w_pde: 2.00e-01, L^2_error: 4.220e-01, lr: 1.000e-03, Time: 3.25e+00
INFO:src.utils.logger:Model state saved to results\ho\Classical\20260501-152058_seed0_bf_ho_2-64-64-64-2_seed0\checkpoints\2026-05-01_15-21-08-059583_ho_Classical_seed0\model.pth
INFO:src.utils.logger:Model weights saved to results\ho\Classical\20260501-152058_seed0_bf_ho_2-64-64-64-2_seed0\checkpoints\2026-05-01_15-21-08-059583_ho_Classical_seed0\model_weights.pth
INFO:src.utils.logger:It: 70, Loss: 3.781e+00, Loss_res: 1.047e-01,  Loss_bcs: 3.091e-02, Loss_ut_ics: 1.818e-02, Loss_norm: 1.787e-02, Loss_gauge: 0.000e+00, w_pde: 2.33e-01, L^2_error: 3.274e-01, lr: 1.000e-03, Time: 3.67e+00
INFO:src.utils.logger:Model state saved to results\ho\Classical\20260501-152058_seed0_bf_ho_2-64-64-64-2_seed0\checkpoints\2026-05-01_15-21-08-059583_ho_Classical_seed0\model.pth
INFO:src.utils.logger:Model weights saved to results\ho\Classical\20260501-152058_seed0_bf_ho_2-64-64-64-2_seed0\checkpoints\2026-05-01_15-21-08-059583_ho_Classical_seed0\model_weights.pth
INFO:src.utils.logger:It: 80, Loss: 1.864e+00, Loss_res: 6.124e-02,  Loss_bcs: 1.700e-02, Loss_ut_ics: 8.973e-03, Loss_norm: 7.113e-03, Loss_gauge: 0.000e+00, w_pde: 2.67e-01, L^2_error: 2.189e-01, lr: 1.000e-03, Time: 4.34e+00
INFO:src.utils.logger:Model state saved to results\ho\Classical\20260501-152058_seed0_bf_ho_2-64-64-64-2_seed0\checkpoints\2026-05-01_15-21-08-059583_ho_Classical_seed0\model.pth
INFO:src.utils.logger:Model weights saved to results\ho\Classical\20260501-152058_seed0_bf_ho_2-64-64-64-2_seed0\checkpoints\2026-05-01_15-21-08-059583_ho_Classical_seed0\model_weights.pth
INFO:src.utils.logger:It: 90, Loss: 7.195e-01, Loss_res: 2.616e-02,  Loss_bcs: 5.710e-03, Loss_ut_ics: 3.458e-03, Loss_norm: 2.866e-03, Loss_gauge: 0.000e+00, w_pde: 3.00e-01, L^2_error: 1.210e-01, lr: 1.000e-03, Time: 4.69e+00
INFO:src.utils.logger:Model state saved to results\ho\Classical\20260501-152058_seed0_bf_ho_2-64-64-64-2_seed0\checkpoints\2026-05-01_15-21-08-059583_ho_Classical_seed0\model.pth
INFO:src.utils.logger:Model weights saved to results\ho\Classical\20260501-152058_seed0_bf_ho_2-64-64-64-2_seed0\checkpoints\2026-05-01_15-21-08-059583_ho_Classical_seed0\model_weights.pth
INFO:src.utils.logger:It: 100, Loss: 3.045e-01, Loss_res: 2.539e-02,  Loss_bcs: 1.505e-03, Loss_ut_ics: 1.462e-03, Loss_norm: 4.181e-04, Loss_gauge: 0.000e+00, w_pde: 3.33e-01, L^2_error: 7.684e-02, lr: 1.000e-03, Time: 5.03e+00
INFO:src.utils.logger:Model state saved to results\ho\Classical\20260501-152058_seed0_bf_ho_2-64-64-64-2_seed0\checkpoints\2026-05-01_15-21-08-059583_ho_Classical_seed0\model.pth
INFO:src.utils.logger:Model weights saved to results\ho\Classical\20260501-152058_seed0_bf_ho_2-64-64-64-2_seed0\checkpoints\2026-05-01_15-21-08-059583_ho_Classical_seed0\model_weights.pth
INFO:src.utils.logger:It: 110, Loss: 1.976e-01, Loss_res: 2.646e-02,  Loss_bcs: 8.851e-04, Loss_ut_ics: 9.327e-04, Loss_norm: 1.024e-04, Loss_gauge: 0.000e+00, w_pde: 3.67e-01, L^2_error: 8.050e-02, lr: 1.000e-03, Time: 5.41e+00
INFO:src.utils.logger:Model state saved to results\ho\Classical\20260501-152058_seed0_bf_ho_2-64-64-64-2_seed0\checkpoints\2026-05-01_15-21-08-059583_ho_Classical_seed0\model.pth
INFO:src.utils.logger:Model weights saved to results\ho\Classical\20260501-152058_seed0_bf_ho_2-64-64-64-2_seed0\checkpoints\2026-05-01_15-21-08-059583_ho_Classical_seed0\model_weights.pth
INFO:src.utils.logger:It: 120, Loss: 1.416e-01, Loss_res: 2.476e-02,  Loss_bcs: 1.142e-03, Loss_ut_ics: 6.509e-04, Loss_norm: 6.998e-05, Loss_gauge: 0.000e+00, w_pde: 4.00e-01, L^2_error: 8.495e-02, lr: 1.000e-03, Time: 5.76e+00
INFO:src.utils.logger:Model state saved to results\ho\Classical\20260501-152058_seed0_bf_ho_2-64-64-64-2_seed0\checkpoints\2026-05-01_15-21-08-059583_ho_Classical_seed0\model.pth
INFO:src.utils.logger:Model weights saved to results\ho\Classical\20260501-152058_seed0_bf_ho_2-64-64-64-2_seed0\checkpoints\2026-05-01_15-21-08-059583_ho_Classical_seed0\model_weights.pth
INFO:src.utils.logger:It: 130, Loss: 1.053e-01, Loss_res: 2.211e-02,  Loss_bcs: 1.178e-03, Loss_ut_ics: 4.704e-04, Loss_norm: 8.795e-05, Loss_gauge: 0.000e+00, w_pde: 4.33e-01, L^2_error: 8.187e-02, lr: 1.000e-03, Time: 6.10e+00
INFO:src.utils.logger:Model state saved to results\ho\Classical\20260501-152058_seed0_bf_ho_2-64-64-64-2_seed0\checkpoints\2026-05-01_15-21-08-059583_ho_Classical_seed0\model.pth
INFO:src.utils.logger:Model weights saved to results\ho\Classical\20260501-152058_seed0_bf_ho_2-64-64-64-2_seed0\checkpoints\2026-05-01_15-21-08-059583_ho_Classical_seed0\model_weights.pth
INFO:src.utils.logger:It: 140, Loss: 8.105e-02, Loss_res: 1.684e-02,  Loss_bcs: 1.032e-03, Loss_ut_ics: 3.603e-04, Loss_norm: 2.059e-05, Loss_gauge: 0.000e+00, w_pde: 4.67e-01, L^2_error: 7.489e-02, lr: 1.000e-03, Time: 6.44e+00
INFO:src.utils.logger:Model state saved to results\ho\Classical\20260501-152058_seed0_bf_ho_2-64-64-64-2_seed0\checkpoints\2026-05-01_15-21-08-059583_ho_Classical_seed0\model.pth
INFO:src.utils.logger:Model weights saved to results\ho\Classical\20260501-152058_seed0_bf_ho_2-64-64-64-2_seed0\checkpoints\2026-05-01_15-21-08-059583_ho_Classical_seed0\model_weights.pth
INFO:src.utils.logger:It: 150, Loss: 6.495e-02, Loss_res: 1.711e-02,  Loss_bcs: 7.762e-04, Loss_ut_ics: 2.778e-04, Loss_norm: 1.202e-05, Loss_gauge: 0.000e+00, w_pde: 5.00e-01, L^2_error: 6.757e-02, lr: 1.000e-03, Time: 6.78e+00
INFO:src.utils.logger:Model state saved to results\ho\Classical\20260501-152058_seed0_bf_ho_2-64-64-64-2_seed0\checkpoints\2026-05-01_15-21-08-059583_ho_Classical_seed0\model.pth
INFO:src.utils.logger:Model weights saved to results\ho\Classical\20260501-152058_seed0_bf_ho_2-64-64-64-2_seed0\checkpoints\2026-05-01_15-21-08-059583_ho_Classical_seed0\model_weights.pth
INFO:src.utils.logger:It: 160, Loss: 5.299e-02, Loss_res: 1.458e-02,  Loss_bcs: 5.721e-04, Loss_ut_ics: 2.230e-04, Loss_norm: 9.515e-06, Loss_gauge: 0.000e+00, w_pde: 5.33e-01, L^2_error: 6.234e-02, lr: 1.000e-03, Time: 7.13e+00
INFO:src.utils.logger:Model state saved to results\ho\Classical\20260501-152058_seed0_bf_ho_2-64-64-64-2_seed0\checkpoints\2026-05-01_15-21-08-059583_ho_Classical_seed0\model.pth
INFO:src.utils.logger:Model weights saved to results\ho\Classical\20260501-152058_seed0_bf_ho_2-64-64-64-2_seed0\checkpoints\2026-05-01_15-21-08-059583_ho_Classical_seed0\model_weights.pth
INFO:src.utils.logger:It: 170, Loss: 4.631e-02, Loss_res: 1.437e-02,  Loss_bcs: 5.623e-04, Loss_ut_ics: 1.880e-04, Loss_norm: 2.868e-06, Loss_gauge: 0.000e+00, w_pde: 5.67e-01, L^2_error: 5.974e-02, lr: 1.000e-03, Time: 7.52e+00
INFO:src.utils.logger:Model state saved to results\ho\Classical\20260501-152058_seed0_bf_ho_2-64-64-64-2_seed0\checkpoints\2026-05-01_15-21-08-059583_ho_Classical_seed0\model.pth
INFO:src.utils.logger:Model weights saved to results\ho\Classical\20260501-152058_seed0_bf_ho_2-64-64-64-2_seed0\checkpoints\2026-05-01_15-21-08-059583_ho_Classical_seed0\model_weights.pth
INFO:src.utils.logger:It: 180, Loss: 4.139e-02, Loss_res: 1.347e-02,  Loss_bcs: 4.779e-04, Loss_ut_ics: 1.641e-04, Loss_norm: 1.934e-06, Loss_gauge: 0.000e+00, w_pde: 6.00e-01, L^2_error: 5.875e-02, lr: 1.000e-03, Time: 7.85e+00
INFO:src.utils.logger:Model state saved to results\ho\Classical\20260501-152058_seed0_bf_ho_2-64-64-64-2_seed0\checkpoints\2026-05-01_15-21-08-059583_ho_Classical_seed0\model.pth
INFO:src.utils.logger:Model weights saved to results\ho\Classical\20260501-152058_seed0_bf_ho_2-64-64-64-2_seed0\checkpoints\2026-05-01_15-21-08-059583_ho_Classical_seed0\model_weights.pth
INFO:src.utils.logger:It: 190, Loss: 3.780e-02, Loss_res: 1.218e-02,  Loss_bcs: 4.745e-04, Loss_ut_ics: 1.480e-04, Loss_norm: 1.580e-06, Loss_gauge: 0.000e+00, w_pde: 6.33e-01, L^2_error: 5.814e-02, lr: 1.000e-03, Time: 8.18e+00
INFO:src.utils.logger:Model state saved to results\ho\Classical\20260501-152058_seed0_bf_ho_2-64-64-64-2_seed0\checkpoints\2026-05-01_15-21-08-059583_ho_Classical_seed0\model.pth
INFO:src.utils.logger:Model weights saved to results\ho\Classical\20260501-152058_seed0_bf_ho_2-64-64-64-2_seed0\checkpoints\2026-05-01_15-21-08-059583_ho_Classical_seed0\model_weights.pth
INFO:src.utils.logger:It: 200, Loss: 3.631e-02, Loss_res: 1.257e-02,  Loss_bcs: 5.332e-04, Loss_ut_ics: 1.369e-04, Loss_norm: 1.841e-06, Loss_gauge: 0.000e+00, w_pde: 6.67e-01, L^2_error: 5.730e-02, lr: 1.000e-03, Time: 8.69e+00
INFO:src.utils.logger:Model state saved to results\ho\Classical\20260501-152058_seed0_bf_ho_2-64-64-64-2_seed0\checkpoints\2026-05-01_15-21-08-059583_ho_Classical_seed0\model.pth
INFO:src.utils.logger:Model weights saved to results\ho\Classical\20260501-152058_seed0_bf_ho_2-64-64-64-2_seed0\checkpoints\2026-05-01_15-21-08-059583_ho_Classical_seed0\model_weights.pth
INFO:src.utils.logger:It: 210, Loss: 3.520e-02, Loss_res: 1.263e-02,  Loss_bcs: 5.314e-04, Loss_ut_ics: 1.291e-04, Loss_norm: 1.465e-06, Loss_gauge: 0.000e+00, w_pde: 7.00e-01, L^2_error: 5.624e-02, lr: 1.000e-03, Time: 9.16e+00
INFO:src.utils.logger:Model state saved to results\ho\Classical\20260501-152058_seed0_bf_ho_2-64-64-64-2_seed0\checkpoints\2026-05-01_15-21-08-059583_ho_Classical_seed0\model.pth
INFO:src.utils.logger:Model weights saved to results\ho\Classical\20260501-152058_seed0_bf_ho_2-64-64-64-2_seed0\checkpoints\2026-05-01_15-21-08-059583_ho_Classical_seed0\model_weights.pth
INFO:src.utils.logger:It: 220, Loss: 3.367e-02, Loss_res: 1.173e-02,  Loss_bcs: 4.312e-04, Loss_ut_ics: 1.231e-04, Loss_norm: 1.150e-06, Loss_gauge: 0.000e+00, w_pde: 7.33e-01, L^2_error: 5.508e-02, lr: 1.000e-03, Time: 9.68e+00
INFO:src.utils.logger:Model state saved to results\ho\Classical\20260501-152058_seed0_bf_ho_2-64-64-64-2_seed0\checkpoints\2026-05-01_15-21-08-059583_ho_Classical_seed0\model.pth
INFO:src.utils.logger:Model weights saved to results\ho\Classical\20260501-152058_seed0_bf_ho_2-64-64-64-2_seed0\checkpoints\2026-05-01_15-21-08-059583_ho_Classical_seed0\model_weights.pth
INFO:src.utils.logger:It: 230, Loss: 3.301e-02, Loss_res: 1.147e-02,  Loss_bcs: 4.739e-04, Loss_ut_ics: 1.187e-04, Loss_norm: 1.041e-06, Loss_gauge: 0.000e+00, w_pde: 7.67e-01, L^2_error: 5.390e-02, lr: 1.000e-03, Time: 1.01e+01
INFO:src.utils.logger:Model state saved to results\ho\Classical\20260501-152058_seed0_bf_ho_2-64-64-64-2_seed0\checkpoints\2026-05-01_15-21-08-059583_ho_Classical_seed0\model.pth
INFO:src.utils.logger:Model weights saved to results\ho\Classical\20260501-152058_seed0_bf_ho_2-64-64-64-2_seed0\checkpoints\2026-05-01_15-21-08-059583_ho_Classical_seed0\model_weights.pth
INFO:src.utils.logger:It: 240, Loss: 3.086e-02, Loss_res: 9.280e-03,  Loss_bcs: 4.207e-04, Loss_ut_ics: 1.150e-04, Loss_norm: 1.065e-06, Loss_gauge: 0.000e+00, w_pde: 8.00e-01, L^2_error: 5.268e-02, lr: 1.000e-03, Time: 1.05e+01
INFO:src.utils.logger:Model state saved to results\ho\Classical\20260501-152058_seed0_bf_ho_2-64-64-64-2_seed0\checkpoints\2026-05-01_15-21-08-059583_ho_Classical_seed0\model.pth
INFO:src.utils.logger:Model weights saved to results\ho\Classical\20260501-152058_seed0_bf_ho_2-64-64-64-2_seed0\checkpoints\2026-05-01_15-21-08-059583_ho_Classical_seed0\model_weights.pth
INFO:src.utils.logger:It: 250, Loss: 3.143e-02, Loss_res: 1.034e-02,  Loss_bcs: 3.860e-04, Loss_ut_ics: 1.121e-04, Loss_norm: 8.906e-07, Loss_gauge: 0.000e+00, w_pde: 8.33e-01, L^2_error: 5.173e-02, lr: 1.000e-03, Time: 1.11e+01
INFO:src.utils.logger:Model state saved to results\ho\Classical\20260501-152058_seed0_bf_ho_2-64-64-64-2_seed0\checkpoints\2026-05-01_15-21-08-059583_ho_Classical_seed0\model.pth
INFO:src.utils.logger:Model weights saved to results\ho\Classical\20260501-152058_seed0_bf_ho_2-64-64-64-2_seed0\checkpoints\2026-05-01_15-21-08-059583_ho_Classical_seed0\model_weights.pth
INFO:src.utils.logger:It: 260, Loss: 3.062e-02, Loss_res: 9.605e-03,  Loss_bcs: 3.989e-04, Loss_ut_ics: 1.095e-04, Loss_norm: 7.166e-07, Loss_gauge: 0.000e+00, w_pde: 8.67e-01, L^2_error: 5.049e-02, lr: 1.000e-03, Time: 1.16e+01
INFO:src.utils.logger:Model state saved to results\ho\Classical\20260501-152058_seed0_bf_ho_2-64-64-64-2_seed0\checkpoints\2026-05-01_15-21-08-059583_ho_Classical_seed0\model.pth
INFO:src.utils.logger:Model weights saved to results\ho\Classical\20260501-152058_seed0_bf_ho_2-64-64-64-2_seed0\checkpoints\2026-05-01_15-21-08-059583_ho_Classical_seed0\model_weights.pth
INFO:src.utils.logger:It: 270, Loss: 2.959e-02, Loss_res: 8.487e-03,  Loss_bcs: 3.849e-04, Loss_ut_ics: 1.078e-04, Loss_norm: 5.704e-07, Loss_gauge: 0.000e+00, w_pde: 9.00e-01, L^2_error: 4.947e-02, lr: 1.000e-03, Time: 1.20e+01
INFO:src.utils.logger:Model state saved to results\ho\Classical\20260501-152058_seed0_bf_ho_2-64-64-64-2_seed0\checkpoints\2026-05-01_15-21-08-059583_ho_Classical_seed0\model.pth
INFO:src.utils.logger:Model weights saved to results\ho\Classical\20260501-152058_seed0_bf_ho_2-64-64-64-2_seed0\checkpoints\2026-05-01_15-21-08-059583_ho_Classical_seed0\model_weights.pth
INFO:src.utils.logger:It: 280, Loss: 3.017e-02, Loss_res: 9.294e-03,  Loss_bcs: 3.822e-04, Loss_ut_ics: 1.055e-04, Loss_norm: 6.876e-07, Loss_gauge: 0.000e+00, w_pde: 9.33e-01, L^2_error: 4.826e-02, lr: 1.000e-03, Time: 1.25e+01
INFO:src.utils.logger:Model state saved to results\ho\Classical\20260501-152058_seed0_bf_ho_2-64-64-64-2_seed0\checkpoints\2026-05-01_15-21-08-059583_ho_Classical_seed0\model.pth
INFO:src.utils.logger:Model weights saved to results\ho\Classical\20260501-152058_seed0_bf_ho_2-64-64-64-2_seed0\checkpoints\2026-05-01_15-21-08-059583_ho_Classical_seed0\model_weights.pth
INFO:src.utils.logger:It: 290, Loss: 3.005e-02, Loss_res: 9.241e-03,  Loss_bcs: 3.412e-04, Loss_ut_ics: 1.039e-04, Loss_norm: 6.078e-07, Loss_gauge: 0.000e+00, w_pde: 9.67e-01, L^2_error: 4.704e-02, lr: 1.000e-03, Time: 1.30e+01
INFO:src.utils.logger:Model state saved to results\ho\Classical\20260501-152058_seed0_bf_ho_2-64-64-64-2_seed0\checkpoints\2026-05-01_15-21-08-059583_ho_Classical_seed0\model.pth
INFO:src.utils.logger:Model weights saved to results\ho\Classical\20260501-152058_seed0_bf_ho_2-64-64-64-2_seed0\checkpoints\2026-05-01_15-21-08-059583_ho_Classical_seed0\model_weights.pth
INFO:src.utils.logger:It: 300, Loss: 2.842e-02, Loss_res: 7.734e-03,  Loss_bcs: 3.253e-04, Loss_ut_ics: 1.018e-04, Loss_norm: 5.886e-07, Loss_gauge: 0.000e+00, w_pde: 1.00e+00, L^2_error: 4.591e-02, lr: 1.000e-03, Time: 1.34e+01
INFO:src.utils.logger:Model state saved to results\ho\Classical\20260501-152058_seed0_bf_ho_2-64-64-64-2_seed0\checkpoints\2026-05-01_15-21-08-059583_ho_Classical_seed0\model.pth
INFO:src.utils.logger:Model weights saved to results\ho\Classical\20260501-152058_seed0_bf_ho_2-64-64-64-2_seed0\checkpoints\2026-05-01_15-21-08-059583_ho_Classical_seed0\model_weights.pth
INFO:src.utils.logger:It: 310, Loss: 2.813e-02, Loss_res: 7.769e-03,  Loss_bcs: 2.976e-04, Loss_ut_ics: 1.003e-04, Loss_norm: 5.612e-07, Loss_gauge: 0.000e+00, w_pde: 1.00e+00, L^2_error: 4.468e-02, lr: 1.000e-03, Time: 1.37e+01
INFO:src.utils.logger:Model state saved to results\ho\Classical\20260501-152058_seed0_bf_ho_2-64-64-64-2_seed0\checkpoints\2026-05-01_15-21-08-059583_ho_Classical_seed0\model.pth
INFO:src.utils.logger:Model weights saved to results\ho\Classical\20260501-152058_seed0_bf_ho_2-64-64-64-2_seed0\checkpoints\2026-05-01_15-21-08-059583_ho_Classical_seed0\model_weights.pth
INFO:src.utils.logger:It: 320, Loss: 2.752e-02, Loss_res: 7.478e-03,  Loss_bcs: 2.863e-04, Loss_ut_ics: 9.874e-05, Loss_norm: 5.778e-07, Loss_gauge: 0.000e+00, w_pde: 1.00e+00, L^2_error: 4.367e-02, lr: 1.000e-03, Time: 1.41e+01
INFO:src.utils.logger:Model state saved to results\ho\Classical\20260501-152058_seed0_bf_ho_2-64-64-64-2_seed0\checkpoints\2026-05-01_15-21-08-059583_ho_Classical_seed0\model.pth
INFO:src.utils.logger:Model weights saved to results\ho\Classical\20260501-152058_seed0_bf_ho_2-64-64-64-2_seed0\checkpoints\2026-05-01_15-21-08-059583_ho_Classical_seed0\model_weights.pth
INFO:src.utils.logger:It: 330, Loss: 2.724e-02, Loss_res: 7.472e-03,  Loss_bcs: 2.810e-04, Loss_ut_ics: 9.744e-05, Loss_norm: 5.250e-07, Loss_gauge: 0.000e+00, w_pde: 1.00e+00, L^2_error: 4.251e-02, lr: 1.000e-03, Time: 1.44e+01
INFO:src.utils.logger:Model state saved to results\ho\Classical\20260501-152058_seed0_bf_ho_2-64-64-64-2_seed0\checkpoints\2026-05-01_15-21-08-059583_ho_Classical_seed0\model.pth
INFO:src.utils.logger:Model weights saved to results\ho\Classical\20260501-152058_seed0_bf_ho_2-64-64-64-2_seed0\checkpoints\2026-05-01_15-21-08-059583_ho_Classical_seed0\model_weights.pth
INFO:src.utils.logger:It: 340, Loss: 2.609e-02, Loss_res: 6.581e-03,  Loss_bcs: 2.581e-04, Loss_ut_ics: 9.622e-05, Loss_norm: 6.670e-07, Loss_gauge: 0.000e+00, w_pde: 1.00e+00, L^2_error: 4.156e-02, lr: 1.000e-03, Time: 1.48e+01
INFO:src.utils.logger:Model state saved to results\ho\Classical\20260501-152058_seed0_bf_ho_2-64-64-64-2_seed0\checkpoints\2026-05-01_15-21-08-059583_ho_Classical_seed0\model.pth
INFO:src.utils.logger:Model weights saved to results\ho\Classical\20260501-152058_seed0_bf_ho_2-64-64-64-2_seed0\checkpoints\2026-05-01_15-21-08-059583_ho_Classical_seed0\model_weights.pth
INFO:src.utils.logger:It: 350, Loss: 2.648e-02, Loss_res: 7.159e-03,  Loss_bcs: 2.465e-04, Loss_ut_ics: 9.534e-05, Loss_norm: 4.758e-07, Loss_gauge: 0.000e+00, w_pde: 1.00e+00, L^2_error: 4.046e-02, lr: 1.000e-03, Time: 1.51e+01
INFO:src.utils.logger:Model state saved to results\ho\Classical\20260501-152058_seed0_bf_ho_2-64-64-64-2_seed0\checkpoints\2026-05-01_15-21-08-059583_ho_Classical_seed0\model.pth
INFO:src.utils.logger:Model weights saved to results\ho\Classical\20260501-152058_seed0_bf_ho_2-64-64-64-2_seed0\checkpoints\2026-05-01_15-21-08-059583_ho_Classical_seed0\model_weights.pth
INFO:src.utils.logger:It: 360, Loss: 2.524e-02, Loss_res: 6.187e-03,  Loss_bcs: 2.542e-04, Loss_ut_ics: 9.398e-05, Loss_norm: 7.823e-07, Loss_gauge: 0.000e+00, w_pde: 1.00e+00, L^2_error: 3.954e-02, lr: 1.000e-03, Time: 1.55e+01
INFO:src.utils.logger:Model state saved to results\ho\Classical\20260501-152058_seed0_bf_ho_2-64-64-64-2_seed0\checkpoints\2026-05-01_15-21-08-059583_ho_Classical_seed0\model.pth
INFO:src.utils.logger:Model weights saved to results\ho\Classical\20260501-152058_seed0_bf_ho_2-64-64-64-2_seed0\checkpoints\2026-05-01_15-21-08-059583_ho_Classical_seed0\model_weights.pth
INFO:src.utils.logger:It: 370, Loss: 2.473e-02, Loss_res: 5.924e-03,  Loss_bcs: 2.244e-04, Loss_ut_ics: 9.288e-05, Loss_norm: 6.281e-07, Loss_gauge: 0.000e+00, w_pde: 1.00e+00, L^2_error: 3.867e-02, lr: 1.000e-03, Time: 1.58e+01
INFO:src.utils.logger:Model state saved to results\ho\Classical\20260501-152058_seed0_bf_ho_2-64-64-64-2_seed0\checkpoints\2026-05-01_15-21-08-059583_ho_Classical_seed0\model.pth
INFO:src.utils.logger:Model weights saved to results\ho\Classical\20260501-152058_seed0_bf_ho_2-64-64-64-2_seed0\checkpoints\2026-05-01_15-21-08-059583_ho_Classical_seed0\model_weights.pth
INFO:src.utils.logger:It: 380, Loss: 2.355e-02, Loss_res: 4.915e-03,  Loss_bcs: 2.246e-04, Loss_ut_ics: 9.204e-05, Loss_norm: 6.728e-07, Loss_gauge: 0.000e+00, w_pde: 1.00e+00, L^2_error: 3.773e-02, lr: 1.000e-03, Time: 1.61e+01
INFO:src.utils.logger:Model state saved to results\ho\Classical\20260501-152058_seed0_bf_ho_2-64-64-64-2_seed0\checkpoints\2026-05-01_15-21-08-059583_ho_Classical_seed0\model.pth
INFO:src.utils.logger:Model weights saved to results\ho\Classical\20260501-152058_seed0_bf_ho_2-64-64-64-2_seed0\checkpoints\2026-05-01_15-21-08-059583_ho_Classical_seed0\model_weights.pth
INFO:src.utils.logger:It: 390, Loss: 2.399e-02, Loss_res: 5.568e-03,  Loss_bcs: 2.149e-04, Loss_ut_ics: 9.105e-05, Loss_norm: 5.210e-07, Loss_gauge: 0.000e+00, w_pde: 1.00e+00, L^2_error: 3.688e-02, lr: 1.000e-03, Time: 1.64e+01
INFO:src.utils.logger:Model state saved to results\ho\Classical\20260501-152058_seed0_bf_ho_2-64-64-64-2_seed0\checkpoints\2026-05-01_15-21-08-059583_ho_Classical_seed0\model.pth
INFO:src.utils.logger:Model weights saved to results\ho\Classical\20260501-152058_seed0_bf_ho_2-64-64-64-2_seed0\checkpoints\2026-05-01_15-21-08-059583_ho_Classical_seed0\model_weights.pth
INFO:src.utils.logger:It: 400, Loss: 2.322e-02, Loss_res: 4.852e-03,  Loss_bcs: 2.148e-04, Loss_ut_ics: 9.076e-05, Loss_norm: 4.197e-07, Loss_gauge: 0.000e+00, w_pde: 1.00e+00, L^2_error: 3.602e-02, lr: 1.000e-03, Time: 1.68e+01
INFO:src.utils.logger:Model state saved to results\ho\Classical\20260501-152058_seed0_bf_ho_2-64-64-64-2_seed0\checkpoints\2026-05-01_15-21-08-059583_ho_Classical_seed0\model.pth
INFO:src.utils.logger:Model weights saved to results\ho\Classical\20260501-152058_seed0_bf_ho_2-64-64-64-2_seed0\checkpoints\2026-05-01_15-21-08-059583_ho_Classical_seed0\model_weights.pth
INFO:src.utils.logger:It: 410, Loss: 2.296e-02, Loss_res: 4.863e-03,  Loss_bcs: 2.040e-04, Loss_ut_ics: 8.945e-05, Loss_norm: 3.640e-07, Loss_gauge: 0.000e+00, w_pde: 1.00e+00, L^2_error: 3.518e-02, lr: 1.000e-03, Time: 1.71e+01
INFO:src.utils.logger:Model state saved to results\ho\Classical\20260501-152058_seed0_bf_ho_2-64-64-64-2_seed0\checkpoints\2026-05-01_15-21-08-059583_ho_Classical_seed0\model.pth
INFO:src.utils.logger:Model weights saved to results\ho\Classical\20260501-152058_seed0_bf_ho_2-64-64-64-2_seed0\checkpoints\2026-05-01_15-21-08-059583_ho_Classical_seed0\model_weights.pth
INFO:src.utils.logger:It: 420, Loss: 2.235e-02, Loss_res: 4.429e-03,  Loss_bcs: 2.047e-04, Loss_ut_ics: 8.855e-05, Loss_norm: 3.046e-07, Loss_gauge: 0.000e+00, w_pde: 1.00e+00, L^2_error: 3.436e-02, lr: 1.000e-03, Time: 1.75e+01
INFO:src.utils.logger:Model state saved to results\ho\Classical\20260501-152058_seed0_bf_ho_2-64-64-64-2_seed0\checkpoints\2026-05-01_15-21-08-059583_ho_Classical_seed0\model.pth
INFO:src.utils.logger:Model weights saved to results\ho\Classical\20260501-152058_seed0_bf_ho_2-64-64-64-2_seed0\checkpoints\2026-05-01_15-21-08-059583_ho_Classical_seed0\model_weights.pth
INFO:src.utils.logger:It: 430, Loss: 2.221e-02, Loss_res: 4.449e-03,  Loss_bcs: 1.962e-04, Loss_ut_ics: 8.783e-05, Loss_norm: 4.042e-07, Loss_gauge: 0.000e+00, w_pde: 1.00e+00, L^2_error: 3.367e-02, lr: 1.000e-03, Time: 1.78e+01
INFO:src.utils.logger:Model state saved to results\ho\Classical\20260501-152058_seed0_bf_ho_2-64-64-64-2_seed0\checkpoints\2026-05-01_15-21-08-059583_ho_Classical_seed0\model.pth
INFO:src.utils.logger:Model weights saved to results\ho\Classical\20260501-152058_seed0_bf_ho_2-64-64-64-2_seed0\checkpoints\2026-05-01_15-21-08-059583_ho_Classical_seed0\model_weights.pth
INFO:src.utils.logger:It: 440, Loss: 2.159e-02, Loss_res: 3.981e-03,  Loss_bcs: 1.911e-04, Loss_ut_ics: 8.706e-05, Loss_norm: 5.526e-07, Loss_gauge: 0.000e+00, w_pde: 1.00e+00, L^2_error: 3.295e-02, lr: 1.000e-03, Time: 1.81e+01
INFO:src.utils.logger:Model state saved to results\ho\Classical\20260501-152058_seed0_bf_ho_2-64-64-64-2_seed0\checkpoints\2026-05-01_15-21-08-059583_ho_Classical_seed0\model.pth
INFO:src.utils.logger:Model weights saved to results\ho\Classical\20260501-152058_seed0_bf_ho_2-64-64-64-2_seed0\checkpoints\2026-05-01_15-21-08-059583_ho_Classical_seed0\model_weights.pth
INFO:src.utils.logger:It: 450, Loss: 2.155e-02, Loss_res: 4.088e-03,  Loss_bcs: 1.957e-04, Loss_ut_ics: 8.630e-05, Loss_norm: 3.876e-07, Loss_gauge: 0.000e+00, w_pde: 1.00e+00, L^2_error: 3.228e-02, lr: 1.000e-03, Time: 1.85e+01
INFO:src.utils.logger:Model state saved to results\ho\Classical\20260501-152058_seed0_bf_ho_2-64-64-64-2_seed0\checkpoints\2026-05-01_15-21-08-059583_ho_Classical_seed0\model.pth
INFO:src.utils.logger:Model weights saved to results\ho\Classical\20260501-152058_seed0_bf_ho_2-64-64-64-2_seed0\checkpoints\2026-05-01_15-21-08-059583_ho_Classical_seed0\model_weights.pth
INFO:src.utils.logger:It: 460, Loss: 2.106e-02, Loss_res: 3.753e-03,  Loss_bcs: 1.865e-04, Loss_ut_ics: 8.560e-05, Loss_norm: 1.792e-07, Loss_gauge: 0.000e+00, w_pde: 1.00e+00, L^2_error: 3.158e-02, lr: 1.000e-03, Time: 1.88e+01
INFO:src.utils.logger:Model state saved to results\ho\Classical\20260501-152058_seed0_bf_ho_2-64-64-64-2_seed0\checkpoints\2026-05-01_15-21-08-059583_ho_Classical_seed0\model.pth
INFO:src.utils.logger:Model weights saved to results\ho\Classical\20260501-152058_seed0_bf_ho_2-64-64-64-2_seed0\checkpoints\2026-05-01_15-21-08-059583_ho_Classical_seed0\model_weights.pth
INFO:src.utils.logger:It: 470, Loss: 2.086e-02, Loss_res: 3.676e-03,  Loss_bcs: 1.878e-04, Loss_ut_ics: 8.498e-05, Loss_norm: 3.306e-07, Loss_gauge: 0.000e+00, w_pde: 1.00e+00, L^2_error: 3.100e-02, lr: 1.000e-03, Time: 1.91e+01
INFO:src.utils.logger:Model state saved to results\ho\Classical\20260501-152058_seed0_bf_ho_2-64-64-64-2_seed0\checkpoints\2026-05-01_15-21-08-059583_ho_Classical_seed0\model.pth
INFO:src.utils.logger:Model weights saved to results\ho\Classical\20260501-152058_seed0_bf_ho_2-64-64-64-2_seed0\checkpoints\2026-05-01_15-21-08-059583_ho_Classical_seed0\model_weights.pth
INFO:src.utils.logger:It: 480, Loss: 2.095e-02, Loss_res: 3.912e-03,  Loss_bcs: 1.833e-04, Loss_ut_ics: 8.426e-05, Loss_norm: 3.728e-07, Loss_gauge: 0.000e+00, w_pde: 1.00e+00, L^2_error: 3.037e-02, lr: 1.000e-03, Time: 1.97e+01
INFO:src.utils.logger:Model state saved to results\ho\Classical\20260501-152058_seed0_bf_ho_2-64-64-64-2_seed0\checkpoints\2026-05-01_15-21-08-059583_ho_Classical_seed0\model.pth
INFO:src.utils.logger:Model weights saved to results\ho\Classical\20260501-152058_seed0_bf_ho_2-64-64-64-2_seed0\checkpoints\2026-05-01_15-21-08-059583_ho_Classical_seed0\model_weights.pth
INFO:src.utils.logger:It: 490, Loss: 2.039e-02, Loss_res: 3.458e-03,  Loss_bcs: 1.871e-04, Loss_ut_ics: 8.370e-05, Loss_norm: 4.630e-07, Loss_gauge: 0.000e+00, w_pde: 1.00e+00, L^2_error: 2.981e-02, lr: 1.000e-03, Time: 2.00e+01
INFO:src.utils.logger:Model state saved to results\ho\Classical\20260501-152058_seed0_bf_ho_2-64-64-64-2_seed0\checkpoints\2026-05-01_15-21-08-059583_ho_Classical_seed0\model.pth
INFO:src.utils.logger:Model weights saved to results\ho\Classical\20260501-152058_seed0_bf_ho_2-64-64-64-2_seed0\checkpoints\2026-05-01_15-21-08-059583_ho_Classical_seed0\model_weights.pth
INFO:src.utils.logger:It: 500, Loss: 1.995e-02, Loss_res: 3.170e-03,  Loss_bcs: 1.806e-04, Loss_ut_ics: 8.300e-05, Loss_norm: 4.001e-07, Loss_gauge: 0.000e+00, w_pde: 1.00e+00, L^2_error: 2.924e-02, lr: 1.000e-03, Time: 2.06e+01
INFO:src.utils.logger:Model state saved to results\ho\Classical\20260501-152058_seed0_bf_ho_2-64-64-64-2_seed0\checkpoints\2026-05-01_15-21-08-059583_ho_Classical_seed0\model.pth
INFO:src.utils.logger:Model weights saved to results\ho\Classical\20260501-152058_seed0_bf_ho_2-64-64-64-2_seed0\checkpoints\2026-05-01_15-21-08-059583_ho_Classical_seed0\model_weights.pth
INFO:src.utils.logger:It: 510, Loss: 1.991e-02, Loss_res: 3.261e-03,  Loss_bcs: 1.765e-04, Loss_ut_ics: 8.236e-05, Loss_norm: 1.230e-07, Loss_gauge: 0.000e+00, w_pde: 1.00e+00, L^2_error: 2.881e-02, lr: 1.000e-03, Time: 2.09e+01
INFO:src.utils.logger:Model state saved to results\ho\Classical\20260501-152058_seed0_bf_ho_2-64-64-64-2_seed0\checkpoints\2026-05-01_15-21-08-059583_ho_Classical_seed0\model.pth
INFO:src.utils.logger:Model weights saved to results\ho\Classical\20260501-152058_seed0_bf_ho_2-64-64-64-2_seed0\checkpoints\2026-05-01_15-21-08-059583_ho_Classical_seed0\model_weights.pth
INFO:src.utils.logger:It: 520, Loss: 1.935e-02, Loss_res: 2.785e-03,  Loss_bcs: 1.768e-04, Loss_ut_ics: 8.195e-05, Loss_norm: 1.727e-07, Loss_gauge: 0.000e+00, w_pde: 1.00e+00, L^2_error: 2.836e-02, lr: 1.000e-03, Time: 2.12e+01
INFO:src.utils.logger:Model state saved to results\ho\Classical\20260501-152058_seed0_bf_ho_2-64-64-64-2_seed0\checkpoints\2026-05-01_15-21-08-059583_ho_Classical_seed0\model.pth
INFO:src.utils.logger:Model weights saved to results\ho\Classical\20260501-152058_seed0_bf_ho_2-64-64-64-2_seed0\checkpoints\2026-05-01_15-21-08-059583_ho_Classical_seed0\model_weights.pth
INFO:src.utils.logger:It: 530, Loss: 1.932e-02, Loss_res: 2.883e-03,  Loss_bcs: 1.792e-04, Loss_ut_ics: 8.128e-05, Loss_norm: 3.357e-07, Loss_gauge: 0.000e+00, w_pde: 1.00e+00, L^2_error: 2.796e-02, lr: 1.000e-03, Time: 2.15e+01
INFO:src.utils.logger:Model state saved to results\ho\Classical\20260501-152058_seed0_bf_ho_2-64-64-64-2_seed0\checkpoints\2026-05-01_15-21-08-059583_ho_Classical_seed0\model.pth
INFO:src.utils.logger:Model weights saved to results\ho\Classical\20260501-152058_seed0_bf_ho_2-64-64-64-2_seed0\checkpoints\2026-05-01_15-21-08-059583_ho_Classical_seed0\model_weights.pth
INFO:src.utils.logger:It: 540, Loss: 1.909e-02, Loss_res: 2.718e-03,  Loss_bcs: 1.780e-04, Loss_ut_ics: 8.095e-05, Loss_norm: 2.973e-07, Loss_gauge: 0.000e+00, w_pde: 1.00e+00, L^2_error: 2.750e-02, lr: 1.000e-03, Time: 2.19e+01
INFO:src.utils.logger:Model state saved to results\ho\Classical\20260501-152058_seed0_bf_ho_2-64-64-64-2_seed0\checkpoints\2026-05-01_15-21-08-059583_ho_Classical_seed0\model.pth
INFO:src.utils.logger:Model weights saved to results\ho\Classical\20260501-152058_seed0_bf_ho_2-64-64-64-2_seed0\checkpoints\2026-05-01_15-21-08-059583_ho_Classical_seed0\model_weights.pth
INFO:src.utils.logger:It: 550, Loss: 1.889e-02, Loss_res: 2.728e-03,  Loss_bcs: 1.727e-04, Loss_ut_ics: 7.995e-05, Loss_norm: 3.891e-07, Loss_gauge: 0.000e+00, w_pde: 1.00e+00, L^2_error: 2.700e-02, lr: 1.000e-03, Time: 2.22e+01
INFO:src.utils.logger:Model state saved to results\ho\Classical\20260501-152058_seed0_bf_ho_2-64-64-64-2_seed0\checkpoints\2026-05-01_15-21-08-059583_ho_Classical_seed0\model.pth
INFO:src.utils.logger:Model weights saved to results\ho\Classical\20260501-152058_seed0_bf_ho_2-64-64-64-2_seed0\checkpoints\2026-05-01_15-21-08-059583_ho_Classical_seed0\model_weights.pth
INFO:src.utils.logger:It: 560, Loss: 1.880e-02, Loss_res: 2.734e-03,  Loss_bcs: 1.737e-04, Loss_ut_ics: 7.945e-05, Loss_norm: 2.134e-07, Loss_gauge: 0.000e+00, w_pde: 1.00e+00, L^2_error: 2.670e-02, lr: 1.000e-03, Time: 2.25e+01
INFO:src.utils.logger:Model state saved to results\ho\Classical\20260501-152058_seed0_bf_ho_2-64-64-64-2_seed0\checkpoints\2026-05-01_15-21-08-059583_ho_Classical_seed0\model.pth
INFO:src.utils.logger:Model weights saved to results\ho\Classical\20260501-152058_seed0_bf_ho_2-64-64-64-2_seed0\checkpoints\2026-05-01_15-21-08-059583_ho_Classical_seed0\model_weights.pth
INFO:src.utils.logger:It: 570, Loss: 1.867e-02, Loss_res: 2.715e-03,  Loss_bcs: 1.724e-04, Loss_ut_ics: 7.889e-05, Loss_norm: 2.565e-07, Loss_gauge: 0.000e+00, w_pde: 1.00e+00, L^2_error: 2.631e-02, lr: 1.000e-03, Time: 2.29e+01
INFO:src.utils.logger:Model state saved to results\ho\Classical\20260501-152058_seed0_bf_ho_2-64-64-64-2_seed0\checkpoints\2026-05-01_15-21-08-059583_ho_Classical_seed0\model.pth
INFO:src.utils.logger:Model weights saved to results\ho\Classical\20260501-152058_seed0_bf_ho_2-64-64-64-2_seed0\checkpoints\2026-05-01_15-21-08-059583_ho_Classical_seed0\model_weights.pth
INFO:src.utils.logger:It: 580, Loss: 1.851e-02, Loss_res: 2.640e-03,  Loss_bcs: 1.726e-04, Loss_ut_ics: 7.848e-05, Loss_norm: 1.167e-07, Loss_gauge: 0.000e+00, w_pde: 1.00e+00, L^2_error: 2.607e-02, lr: 1.000e-03, Time: 2.32e+01
INFO:src.utils.logger:Model state saved to results\ho\Classical\20260501-152058_seed0_bf_ho_2-64-64-64-2_seed0\checkpoints\2026-05-01_15-21-08-059583_ho_Classical_seed0\model.pth
INFO:src.utils.logger:Model weights saved to results\ho\Classical\20260501-152058_seed0_bf_ho_2-64-64-64-2_seed0\checkpoints\2026-05-01_15-21-08-059583_ho_Classical_seed0\model_weights.pth
INFO:src.utils.logger:It: 590, Loss: 1.815e-02, Loss_res: 2.438e-03,  Loss_bcs: 1.724e-04, Loss_ut_ics: 7.767e-05, Loss_norm: 5.089e-07, Loss_gauge: 0.000e+00, w_pde: 1.00e+00, L^2_error: 2.564e-02, lr: 1.000e-03, Time: 2.35e+01
INFO:src.utils.logger:Model state saved to results\ho\Classical\20260501-152058_seed0_bf_ho_2-64-64-64-2_seed0\checkpoints\2026-05-01_15-21-08-059583_ho_Classical_seed0\model.pth
INFO:src.utils.logger:Model weights saved to results\ho\Classical\20260501-152058_seed0_bf_ho_2-64-64-64-2_seed0\checkpoints\2026-05-01_15-21-08-059583_ho_Classical_seed0\model_weights.pth
INFO:src.utils.logger:It: 600, Loss: 1.802e-02, Loss_res: 2.401e-03,  Loss_bcs: 1.711e-04, Loss_ut_ics: 7.724e-05, Loss_norm: 2.348e-07, Loss_gauge: 0.000e+00, w_pde: 1.00e+00, L^2_error: 2.533e-02, lr: 1.000e-03, Time: 2.39e+01
INFO:src.utils.logger:Model state saved to results\ho\Classical\20260501-152058_seed0_bf_ho_2-64-64-64-2_seed0\checkpoints\2026-05-01_15-21-08-059583_ho_Classical_seed0\model.pth
INFO:src.utils.logger:Model weights saved to results\ho\Classical\20260501-152058_seed0_bf_ho_2-64-64-64-2_seed0\checkpoints\2026-05-01_15-21-08-059583_ho_Classical_seed0\model_weights.pth
INFO:src.utils.logger:It: 610, Loss: 1.789e-02, Loss_res: 2.404e-03,  Loss_bcs: 1.720e-04, Loss_ut_ics: 7.656e-05, Loss_norm: 2.401e-07, Loss_gauge: 0.000e+00, w_pde: 1.00e+00, L^2_error: 2.515e-02, lr: 1.000e-03, Time: 2.42e+01
INFO:src.utils.logger:Model state saved to results\ho\Classical\20260501-152058_seed0_bf_ho_2-64-64-64-2_seed0\checkpoints\2026-05-01_15-21-08-059583_ho_Classical_seed0\model.pth
INFO:src.utils.logger:Model weights saved to results\ho\Classical\20260501-152058_seed0_bf_ho_2-64-64-64-2_seed0\checkpoints\2026-05-01_15-21-08-059583_ho_Classical_seed0\model_weights.pth
INFO:src.utils.logger:It: 620, Loss: 1.773e-02, Loss_res: 2.349e-03,  Loss_bcs: 1.683e-04, Loss_ut_ics: 7.607e-05, Loss_norm: 1.533e-07, Loss_gauge: 0.000e+00, w_pde: 1.00e+00, L^2_error: 2.492e-02, lr: 1.000e-03, Time: 2.45e+01
INFO:src.utils.logger:Model state saved to results\ho\Classical\20260501-152058_seed0_bf_ho_2-64-64-64-2_seed0\checkpoints\2026-05-01_15-21-08-059583_ho_Classical_seed0\model.pth
INFO:src.utils.logger:Model weights saved to results\ho\Classical\20260501-152058_seed0_bf_ho_2-64-64-64-2_seed0\checkpoints\2026-05-01_15-21-08-059583_ho_Classical_seed0\model_weights.pth
INFO:src.utils.logger:It: 630, Loss: 1.754e-02, Loss_res: 2.258e-03,  Loss_bcs: 1.690e-04, Loss_ut_ics: 7.557e-05, Loss_norm: 2.003e-07, Loss_gauge: 0.000e+00, w_pde: 1.00e+00, L^2_error: 2.461e-02, lr: 1.000e-03, Time: 2.49e+01
INFO:src.utils.logger:Model state saved to results\ho\Classical\20260501-152058_seed0_bf_ho_2-64-64-64-2_seed0\checkpoints\2026-05-01_15-21-08-059583_ho_Classical_seed0\model.pth
INFO:src.utils.logger:Model weights saved to results\ho\Classical\20260501-152058_seed0_bf_ho_2-64-64-64-2_seed0\checkpoints\2026-05-01_15-21-08-059583_ho_Classical_seed0\model_weights.pth
INFO:src.utils.logger:It: 640, Loss: 1.799e-02, Loss_res: 2.064e-03,  Loss_bcs: 1.743e-04, Loss_ut_ics: 7.877e-05, Loss_norm: 8.571e-08, Loss_gauge: 0.000e+00, w_pde: 1.00e+00, L^2_error: 2.479e-02, lr: 1.000e-03, Time: 2.52e+01
INFO:src.utils.logger:Model state saved to results\ho\Classical\20260501-152058_seed0_bf_ho_2-64-64-64-2_seed0\checkpoints\2026-05-01_15-21-08-059583_ho_Classical_seed0\model.pth
INFO:src.utils.logger:Model weights saved to results\ho\Classical\20260501-152058_seed0_bf_ho_2-64-64-64-2_seed0\checkpoints\2026-05-01_15-21-08-059583_ho_Classical_seed0\model_weights.pth
INFO:src.utils.logger:It: 650, Loss: 2.030e-02, Loss_res: 2.305e-03,  Loss_bcs: 1.958e-04, Loss_ut_ics: 8.898e-05, Loss_norm: 7.158e-08, Loss_gauge: 0.000e+00, w_pde: 1.00e+00, L^2_error: 2.555e-02, lr: 1.000e-03, Time: 2.55e+01
INFO:src.utils.logger:Model state saved to results\ho\Classical\20260501-152058_seed0_bf_ho_2-64-64-64-2_seed0\checkpoints\2026-05-01_15-21-08-059583_ho_Classical_seed0\model.pth
INFO:src.utils.logger:Model weights saved to results\ho\Classical\20260501-152058_seed0_bf_ho_2-64-64-64-2_seed0\checkpoints\2026-05-01_15-21-08-059583_ho_Classical_seed0\model_weights.pth
INFO:src.utils.logger:It: 660, Loss: 1.726e-02, Loss_res: 2.246e-03,  Loss_bcs: 1.651e-04, Loss_ut_ics: 7.424e-05, Loss_norm: 2.812e-07, Loss_gauge: 0.000e+00, w_pde: 1.00e+00, L^2_error: 2.428e-02, lr: 1.000e-03, Time: 2.59e+01
INFO:src.utils.logger:Model state saved to results\ho\Classical\20260501-152058_seed0_bf_ho_2-64-64-64-2_seed0\checkpoints\2026-05-01_15-21-08-059583_ho_Classical_seed0\model.pth
INFO:src.utils.logger:Model weights saved to results\ho\Classical\20260501-152058_seed0_bf_ho_2-64-64-64-2_seed0\checkpoints\2026-05-01_15-21-08-059583_ho_Classical_seed0\model_weights.pth
INFO:src.utils.logger:It: 670, Loss: 1.807e-02, Loss_res: 2.146e-03,  Loss_bcs: 1.761e-04, Loss_ut_ics: 7.875e-05, Loss_norm: 1.257e-07, Loss_gauge: 0.000e+00, w_pde: 1.00e+00, L^2_error: 2.457e-02, lr: 1.000e-03, Time: 2.62e+01
INFO:src.utils.logger:Model state saved to results\ho\Classical\20260501-152058_seed0_bf_ho_2-64-64-64-2_seed0\checkpoints\2026-05-01_15-21-08-059583_ho_Classical_seed0\model.pth
INFO:src.utils.logger:Model weights saved to results\ho\Classical\20260501-152058_seed0_bf_ho_2-64-64-64-2_seed0\checkpoints\2026-05-01_15-21-08-059583_ho_Classical_seed0\model_weights.pth
INFO:src.utils.logger:It: 680, Loss: 1.687e-02, Loss_res: 2.117e-03,  Loss_bcs: 1.659e-04, Loss_ut_ics: 7.292e-05, Loss_norm: 1.577e-07, Loss_gauge: 0.000e+00, w_pde: 1.00e+00, L^2_error: 2.363e-02, lr: 1.000e-03, Time: 2.65e+01
INFO:src.utils.logger:Model state saved to results\ho\Classical\20260501-152058_seed0_bf_ho_2-64-64-64-2_seed0\checkpoints\2026-05-01_15-21-08-059583_ho_Classical_seed0\model.pth
INFO:src.utils.logger:Model weights saved to results\ho\Classical\20260501-152058_seed0_bf_ho_2-64-64-64-2_seed0\checkpoints\2026-05-01_15-21-08-059583_ho_Classical_seed0\model_weights.pth
INFO:src.utils.logger:It: 690, Loss: 1.762e-02, Loss_res: 2.158e-03,  Loss_bcs: 1.727e-04, Loss_ut_ics: 7.645e-05, Loss_norm: 2.391e-07, Loss_gauge: 0.000e+00, w_pde: 1.00e+00, L^2_error: 2.409e-02, lr: 1.000e-03, Time: 2.69e+01
INFO:src.utils.logger:Model state saved to results\ho\Classical\20260501-152058_seed0_bf_ho_2-64-64-64-2_seed0\checkpoints\2026-05-01_15-21-08-059583_ho_Classical_seed0\model.pth
INFO:src.utils.logger:Model weights saved to results\ho\Classical\20260501-152058_seed0_bf_ho_2-64-64-64-2_seed0\checkpoints\2026-05-01_15-21-08-059583_ho_Classical_seed0\model_weights.pth
INFO:src.utils.logger:It: 700, Loss: 2.473e-02, Loss_res: 2.187e-03,  Loss_bcs: 2.428e-04, Loss_ut_ics: 1.115e-04, Loss_norm: 1.429e-08, Loss_gauge: 0.000e+00, w_pde: 1.00e+00, L^2_error: 2.801e-02, lr: 1.000e-03, Time: 2.72e+01
INFO:src.utils.logger:Model state saved to results\ho\Classical\20260501-152058_seed0_bf_ho_2-64-64-64-2_seed0\checkpoints\2026-05-01_15-21-08-059583_ho_Classical_seed0\model.pth
INFO:src.utils.logger:Model weights saved to results\ho\Classical\20260501-152058_seed0_bf_ho_2-64-64-64-2_seed0\checkpoints\2026-05-01_15-21-08-059583_ho_Classical_seed0\model_weights.pth
INFO:src.utils.logger:It: 710, Loss: 1.729e-02, Loss_res: 1.938e-03,  Loss_bcs: 1.715e-04, Loss_ut_ics: 7.589e-05, Loss_norm: 2.313e-07, Loss_gauge: 0.000e+00, w_pde: 1.00e+00, L^2_error: 2.421e-02, lr: 1.000e-03, Time: 2.75e+01
INFO:src.utils.logger:Model state saved to results\ho\Classical\20260501-152058_seed0_bf_ho_2-64-64-64-2_seed0\checkpoints\2026-05-01_15-21-08-059583_ho_Classical_seed0\model.pth
INFO:src.utils.logger:Model weights saved to results\ho\Classical\20260501-152058_seed0_bf_ho_2-64-64-64-2_seed0\checkpoints\2026-05-01_15-21-08-059583_ho_Classical_seed0\model_weights.pth
INFO:src.utils.logger:It: 720, Loss: 1.641e-02, Loss_res: 2.088e-03,  Loss_bcs: 1.623e-04, Loss_ut_ics: 7.077e-05, Loss_norm: 1.042e-07, Loss_gauge: 0.000e+00, w_pde: 1.00e+00, L^2_error: 2.307e-02, lr: 1.000e-03, Time: 2.79e+01
INFO:src.utils.logger:Model state saved to results\ho\Classical\20260501-152058_seed0_bf_ho_2-64-64-64-2_seed0\checkpoints\2026-05-01_15-21-08-059583_ho_Classical_seed0\model.pth
INFO:src.utils.logger:Model weights saved to results\ho\Classical\20260501-152058_seed0_bf_ho_2-64-64-64-2_seed0\checkpoints\2026-05-01_15-21-08-059583_ho_Classical_seed0\model_weights.pth
INFO:src.utils.logger:It: 730, Loss: 1.672e-02, Loss_res: 2.054e-03,  Loss_bcs: 1.666e-04, Loss_ut_ics: 7.251e-05, Loss_norm: 1.299e-07, Loss_gauge: 0.000e+00, w_pde: 1.00e+00, L^2_error: 2.312e-02, lr: 1.000e-03, Time: 2.82e+01
INFO:src.utils.logger:Model state saved to results\ho\Classical\20260501-152058_seed0_bf_ho_2-64-64-64-2_seed0\checkpoints\2026-05-01_15-21-08-059583_ho_Classical_seed0\model.pth
INFO:src.utils.logger:Model weights saved to results\ho\Classical\20260501-152058_seed0_bf_ho_2-64-64-64-2_seed0\checkpoints\2026-05-01_15-21-08-059583_ho_Classical_seed0\model_weights.pth
INFO:src.utils.logger:It: 740, Loss: 1.630e-02, Loss_res: 1.966e-03,  Loss_bcs: 1.640e-04, Loss_ut_ics: 7.083e-05, Loss_norm: 7.854e-08, Loss_gauge: 0.000e+00, w_pde: 1.00e+00, L^2_error: 2.300e-02, lr: 1.000e-03, Time: 2.86e+01
INFO:src.utils.logger:Model state saved to results\ho\Classical\20260501-152058_seed0_bf_ho_2-64-64-64-2_seed0\checkpoints\2026-05-01_15-21-08-059583_ho_Classical_seed0\model.pth
INFO:src.utils.logger:Model weights saved to results\ho\Classical\20260501-152058_seed0_bf_ho_2-64-64-64-2_seed0\checkpoints\2026-05-01_15-21-08-059583_ho_Classical_seed0\model_weights.pth
INFO:src.utils.logger:It: 750, Loss: 1.810e-02, Loss_res: 1.930e-03,  Loss_bcs: 1.797e-04, Loss_ut_ics: 7.997e-05, Loss_norm: 8.833e-08, Loss_gauge: 0.000e+00, w_pde: 1.00e+00, L^2_error: 2.446e-02, lr: 1.000e-03, Time: 2.89e+01
INFO:src.utils.logger:Model state saved to results\ho\Classical\20260501-152058_seed0_bf_ho_2-64-64-64-2_seed0\checkpoints\2026-05-01_15-21-08-059583_ho_Classical_seed0\model.pth
INFO:src.utils.logger:Model weights saved to results\ho\Classical\20260501-152058_seed0_bf_ho_2-64-64-64-2_seed0\checkpoints\2026-05-01_15-21-08-059583_ho_Classical_seed0\model_weights.pth
INFO:src.utils.logger:It: 760, Loss: 2.465e-02, Loss_res: 2.273e-03,  Loss_bcs: 2.410e-04, Loss_ut_ics: 1.107e-04, Loss_norm: 9.687e-09, Loss_gauge: 0.000e+00, w_pde: 1.00e+00, L^2_error: 2.672e-02, lr: 1.000e-03, Time: 2.92e+01
INFO:src.utils.logger:Model state saved to results\ho\Classical\20260501-152058_seed0_bf_ho_2-64-64-64-2_seed0\checkpoints\2026-05-01_15-21-08-059583_ho_Classical_seed0\model.pth
INFO:src.utils.logger:Model weights saved to results\ho\Classical\20260501-152058_seed0_bf_ho_2-64-64-64-2_seed0\checkpoints\2026-05-01_15-21-08-059583_ho_Classical_seed0\model_weights.pth
INFO:src.utils.logger:It: 770, Loss: 1.737e-02, Loss_res: 1.947e-03,  Loss_bcs: 1.740e-04, Loss_ut_ics: 7.625e-05, Loss_norm: 1.614e-07, Loss_gauge: 0.000e+00, w_pde: 1.00e+00, L^2_error: 2.354e-02, lr: 1.000e-03, Time: 2.96e+01
INFO:src.utils.logger:Model state saved to results\ho\Classical\20260501-152058_seed0_bf_ho_2-64-64-64-2_seed0\checkpoints\2026-05-01_15-21-08-059583_ho_Classical_seed0\model.pth
INFO:src.utils.logger:Model weights saved to results\ho\Classical\20260501-152058_seed0_bf_ho_2-64-64-64-2_seed0\checkpoints\2026-05-01_15-21-08-059583_ho_Classical_seed0\model_weights.pth
INFO:src.utils.logger:It: 780, Loss: 1.599e-02, Loss_res: 2.024e-03,  Loss_bcs: 1.628e-04, Loss_ut_ics: 6.900e-05, Loss_norm: 9.148e-08, Loss_gauge: 0.000e+00, w_pde: 1.00e+00, L^2_error: 2.257e-02, lr: 1.000e-03, Time: 3.00e+01
INFO:src.utils.logger:Model state saved to results\ho\Classical\20260501-152058_seed0_bf_ho_2-64-64-64-2_seed0\checkpoints\2026-05-01_15-21-08-059583_ho_Classical_seed0\model.pth
INFO:src.utils.logger:Model weights saved to results\ho\Classical\20260501-152058_seed0_bf_ho_2-64-64-64-2_seed0\checkpoints\2026-05-01_15-21-08-059583_ho_Classical_seed0\model_weights.pth
INFO:src.utils.logger:It: 790, Loss: 1.607e-02, Loss_res: 1.969e-03,  Loss_bcs: 1.646e-04, Loss_ut_ics: 6.966e-05, Loss_norm: 1.473e-07, Loss_gauge: 0.000e+00, w_pde: 1.00e+00, L^2_error: 2.248e-02, lr: 1.000e-03, Time: 3.03e+01
INFO:src.utils.logger:Model state saved to results\ho\Classical\20260501-152058_seed0_bf_ho_2-64-64-64-2_seed0\checkpoints\2026-05-01_15-21-08-059583_ho_Classical_seed0\model.pth
INFO:src.utils.logger:Model weights saved to results\ho\Classical\20260501-152058_seed0_bf_ho_2-64-64-64-2_seed0\checkpoints\2026-05-01_15-21-08-059583_ho_Classical_seed0\model_weights.pth
INFO:src.utils.logger:It: 800, Loss: 1.560e-02, Loss_res: 1.826e-03,  Loss_bcs: 1.633e-04, Loss_ut_ics: 6.803e-05, Loss_norm: 1.269e-07, Loss_gauge: 0.000e+00, w_pde: 1.00e+00, L^2_error: 2.226e-02, lr: 1.000e-03, Time: 3.07e+01
INFO:src.utils.logger:Model state saved to results\ho\Classical\20260501-152058_seed0_bf_ho_2-64-64-64-2_seed0\checkpoints\2026-05-01_15-21-08-059583_ho_Classical_seed0\model.pth
INFO:src.utils.logger:Model weights saved to results\ho\Classical\20260501-152058_seed0_bf_ho_2-64-64-64-2_seed0\checkpoints\2026-05-01_15-21-08-059583_ho_Classical_seed0\model_weights.pth
INFO:src.utils.logger:It: 810, Loss: 1.594e-02, Loss_res: 1.935e-03,  Loss_bcs: 1.601e-04, Loss_ut_ics: 6.924e-05, Loss_norm: 9.936e-08, Loss_gauge: 0.000e+00, w_pde: 1.00e+00, L^2_error: 2.262e-02, lr: 1.000e-03, Time: 3.10e+01
INFO:src.utils.logger:Model state saved to results\ho\Classical\20260501-152058_seed0_bf_ho_2-64-64-64-2_seed0\checkpoints\2026-05-01_15-21-08-059583_ho_Classical_seed0\model.pth
INFO:src.utils.logger:Model weights saved to results\ho\Classical\20260501-152058_seed0_bf_ho_2-64-64-64-2_seed0\checkpoints\2026-05-01_15-21-08-059583_ho_Classical_seed0\model_weights.pth
INFO:src.utils.logger:It: 820, Loss: 3.507e-02, Loss_res: 2.396e-03,  Loss_bcs: 3.411e-04, Loss_ut_ics: 1.617e-04, Loss_norm: 5.470e-08, Loss_gauge: 0.000e+00, w_pde: 1.00e+00, L^2_error: 3.567e-02, lr: 1.000e-03, Time: 3.13e+01
INFO:src.utils.logger:Model state saved to results\ho\Classical\20260501-152058_seed0_bf_ho_2-64-64-64-2_seed0\checkpoints\2026-05-01_15-21-08-059583_ho_Classical_seed0\model.pth
INFO:src.utils.logger:Model weights saved to results\ho\Classical\20260501-152058_seed0_bf_ho_2-64-64-64-2_seed0\checkpoints\2026-05-01_15-21-08-059583_ho_Classical_seed0\model_weights.pth
INFO:src.utils.logger:It: 830, Loss: 2.622e-02, Loss_res: 2.415e-03,  Loss_bcs: 2.494e-04, Loss_ut_ics: 1.178e-04, Loss_norm: 1.155e-07, Loss_gauge: 0.000e+00, w_pde: 1.00e+00, L^2_error: 2.919e-02, lr: 1.000e-03, Time: 3.17e+01
INFO:src.utils.logger:Model state saved to results\ho\Classical\20260501-152058_seed0_bf_ho_2-64-64-64-2_seed0\checkpoints\2026-05-01_15-21-08-059583_ho_Classical_seed0\model.pth
INFO:src.utils.logger:Model weights saved to results\ho\Classical\20260501-152058_seed0_bf_ho_2-64-64-64-2_seed0\checkpoints\2026-05-01_15-21-08-059583_ho_Classical_seed0\model_weights.pth
INFO:src.utils.logger:It: 840, Loss: 1.814e-02, Loss_res: 2.092e-03,  Loss_bcs: 1.812e-04, Loss_ut_ics: 7.935e-05, Loss_norm: 3.754e-07, Loss_gauge: 0.000e+00, w_pde: 1.00e+00, L^2_error: 2.223e-02, lr: 1.000e-03, Time: 3.20e+01
INFO:src.utils.logger:Model state saved to results\ho\Classical\20260501-152058_seed0_bf_ho_2-64-64-64-2_seed0\checkpoints\2026-05-01_15-21-08-059583_ho_Classical_seed0\model.pth
INFO:src.utils.logger:Model weights saved to results\ho\Classical\20260501-152058_seed0_bf_ho_2-64-64-64-2_seed0\checkpoints\2026-05-01_15-21-08-059583_ho_Classical_seed0\model_weights.pth
INFO:src.utils.logger:It: 850, Loss: 1.535e-02, Loss_res: 1.841e-03,  Loss_bcs: 1.534e-04, Loss_ut_ics: 6.676e-05, Loss_norm: 1.333e-08, Loss_gauge: 0.000e+00, w_pde: 1.00e+00, L^2_error: 2.250e-02, lr: 1.000e-03, Time: 3.23e+01
INFO:src.utils.logger:Model state saved to results\ho\Classical\20260501-152058_seed0_bf_ho_2-64-64-64-2_seed0\checkpoints\2026-05-01_15-21-08-059583_ho_Classical_seed0\model.pth
INFO:src.utils.logger:Model weights saved to results\ho\Classical\20260501-152058_seed0_bf_ho_2-64-64-64-2_seed0\checkpoints\2026-05-01_15-21-08-059583_ho_Classical_seed0\model_weights.pth
INFO:src.utils.logger:It: 860, Loss: 1.571e-02, Loss_res: 1.877e-03,  Loss_bcs: 1.550e-04, Loss_ut_ics: 6.838e-05, Loss_norm: 2.993e-07, Loss_gauge: 0.000e+00, w_pde: 1.00e+00, L^2_error: 2.197e-02, lr: 1.000e-03, Time: 3.27e+01
INFO:src.utils.logger:Model state saved to results\ho\Classical\20260501-152058_seed0_bf_ho_2-64-64-64-2_seed0\checkpoints\2026-05-01_15-21-08-059583_ho_Classical_seed0\model.pth
INFO:src.utils.logger:Model weights saved to results\ho\Classical\20260501-152058_seed0_bf_ho_2-64-64-64-2_seed0\checkpoints\2026-05-01_15-21-08-059583_ho_Classical_seed0\model_weights.pth
INFO:src.utils.logger:It: 870, Loss: 1.490e-02, Loss_res: 1.823e-03,  Loss_bcs: 1.468e-04, Loss_ut_ics: 6.463e-05, Loss_norm: 1.742e-07, Loss_gauge: 0.000e+00, w_pde: 1.00e+00, L^2_error: 2.150e-02, lr: 1.000e-03, Time: 3.30e+01
INFO:src.utils.logger:Model state saved to results\ho\Classical\20260501-152058_seed0_bf_ho_2-64-64-64-2_seed0\checkpoints\2026-05-01_15-21-08-059583_ho_Classical_seed0\model.pth
INFO:src.utils.logger:Model weights saved to results\ho\Classical\20260501-152058_seed0_bf_ho_2-64-64-64-2_seed0\checkpoints\2026-05-01_15-21-08-059583_ho_Classical_seed0\model_weights.pth
INFO:src.utils.logger:It: 880, Loss: 1.472e-02, Loss_res: 1.896e-03,  Loss_bcs: 1.490e-04, Loss_ut_ics: 6.339e-05, Loss_norm: 1.781e-07, Loss_gauge: 0.000e+00, w_pde: 1.00e+00, L^2_error: 2.140e-02, lr: 1.000e-03, Time: 3.33e+01
INFO:src.utils.logger:Model state saved to results\ho\Classical\20260501-152058_seed0_bf_ho_2-64-64-64-2_seed0\checkpoints\2026-05-01_15-21-08-059583_ho_Classical_seed0\model.pth
INFO:src.utils.logger:Model weights saved to results\ho\Classical\20260501-152058_seed0_bf_ho_2-64-64-64-2_seed0\checkpoints\2026-05-01_15-21-08-059583_ho_Classical_seed0\model_weights.pth
INFO:src.utils.logger:It: 890, Loss: 1.457e-02, Loss_res: 1.806e-03,  Loss_bcs: 1.453e-04, Loss_ut_ics: 6.309e-05, Loss_norm: 1.018e-07, Loss_gauge: 0.000e+00, w_pde: 1.00e+00, L^2_error: 2.144e-02, lr: 1.000e-03, Time: 3.37e+01
INFO:src.utils.logger:Model state saved to results\ho\Classical\20260501-152058_seed0_bf_ho_2-64-64-64-2_seed0\checkpoints\2026-05-01_15-21-08-059583_ho_Classical_seed0\model.pth
INFO:src.utils.logger:Model weights saved to results\ho\Classical\20260501-152058_seed0_bf_ho_2-64-64-64-2_seed0\checkpoints\2026-05-01_15-21-08-059583_ho_Classical_seed0\model_weights.pth
INFO:src.utils.logger:It: 900, Loss: 1.460e-02, Loss_res: 1.985e-03,  Loss_bcs: 1.438e-04, Loss_ut_ics: 6.236e-05, Loss_norm: 1.968e-07, Loss_gauge: 0.000e+00, w_pde: 1.00e+00, L^2_error: 2.132e-02, lr: 1.000e-03, Time: 3.40e+01
INFO:src.utils.logger:Model state saved to results\ho\Classical\20260501-152058_seed0_bf_ho_2-64-64-64-2_seed0\checkpoints\2026-05-01_15-21-08-059583_ho_Classical_seed0\model.pth
INFO:src.utils.logger:Model weights saved to results\ho\Classical\20260501-152058_seed0_bf_ho_2-64-64-64-2_seed0\checkpoints\2026-05-01_15-21-08-059583_ho_Classical_seed0\model_weights.pth
INFO:src.utils.logger:It: 910, Loss: 1.440e-02, Loss_res: 1.762e-03,  Loss_bcs: 1.469e-04, Loss_ut_ics: 6.245e-05, Loss_norm: 4.710e-08, Loss_gauge: 0.000e+00, w_pde: 1.00e+00, L^2_error: 2.142e-02, lr: 1.000e-03, Time: 3.43e+01
INFO:src.utils.logger:Model state saved to results\ho\Classical\20260501-152058_seed0_bf_ho_2-64-64-64-2_seed0\checkpoints\2026-05-01_15-21-08-059583_ho_Classical_seed0\model.pth
INFO:src.utils.logger:Model weights saved to results\ho\Classical\20260501-152058_seed0_bf_ho_2-64-64-64-2_seed0\checkpoints\2026-05-01_15-21-08-059583_ho_Classical_seed0\model_weights.pth
INFO:src.utils.logger:It: 920, Loss: 1.431e-02, Loss_res: 1.781e-03,  Loss_bcs: 1.437e-04, Loss_ut_ics: 6.194e-05, Loss_norm: 1.567e-07, Loss_gauge: 0.000e+00, w_pde: 1.00e+00, L^2_error: 2.131e-02, lr: 1.000e-03, Time: 3.47e+01
INFO:src.utils.logger:Model state saved to results\ho\Classical\20260501-152058_seed0_bf_ho_2-64-64-64-2_seed0\checkpoints\2026-05-01_15-21-08-059583_ho_Classical_seed0\model.pth
INFO:src.utils.logger:Model weights saved to results\ho\Classical\20260501-152058_seed0_bf_ho_2-64-64-64-2_seed0\checkpoints\2026-05-01_15-21-08-059583_ho_Classical_seed0\model_weights.pth
INFO:src.utils.logger:It: 930, Loss: 1.629e-02, Loss_res: 1.718e-03,  Loss_bcs: 1.593e-04, Loss_ut_ics: 7.205e-05, Loss_norm: 8.304e-08, Loss_gauge: 0.000e+00, w_pde: 1.00e+00, L^2_error: 2.339e-02, lr: 1.000e-03, Time: 3.50e+01
INFO:src.utils.logger:Model state saved to results\ho\Classical\20260501-152058_seed0_bf_ho_2-64-64-64-2_seed0\checkpoints\2026-05-01_15-21-08-059583_ho_Classical_seed0\model.pth
INFO:src.utils.logger:Model weights saved to results\ho\Classical\20260501-152058_seed0_bf_ho_2-64-64-64-2_seed0\checkpoints\2026-05-01_15-21-08-059583_ho_Classical_seed0\model_weights.pth
INFO:src.utils.logger:It: 940, Loss: 5.685e-02, Loss_res: 3.374e-03,  Loss_bcs: 5.365e-04, Loss_ut_ics: 2.647e-04, Loss_norm: 3.339e-07, Loss_gauge: 0.000e+00, w_pde: 1.00e+00, L^2_error: 3.810e-02, lr: 1.000e-03, Time: 3.53e+01
INFO:src.utils.logger:Model state saved to results\ho\Classical\20260501-152058_seed0_bf_ho_2-64-64-64-2_seed0\checkpoints\2026-05-01_15-21-08-059583_ho_Classical_seed0\model.pth
INFO:src.utils.logger:Model weights saved to results\ho\Classical\20260501-152058_seed0_bf_ho_2-64-64-64-2_seed0\checkpoints\2026-05-01_15-21-08-059583_ho_Classical_seed0\model_weights.pth
INFO:src.utils.logger:It: 950, Loss: 1.787e-02, Loss_res: 1.944e-03,  Loss_bcs: 1.788e-04, Loss_ut_ics: 7.874e-05, Loss_norm: 2.908e-07, Loss_gauge: 0.000e+00, w_pde: 1.00e+00, L^2_error: 2.150e-02, lr: 1.000e-03, Time: 3.57e+01
INFO:src.utils.logger:Model state saved to results\ho\Classical\20260501-152058_seed0_bf_ho_2-64-64-64-2_seed0\checkpoints\2026-05-01_15-21-08-059583_ho_Classical_seed0\model.pth
INFO:src.utils.logger:Model weights saved to results\ho\Classical\20260501-152058_seed0_bf_ho_2-64-64-64-2_seed0\checkpoints\2026-05-01_15-21-08-059583_ho_Classical_seed0\model_weights.pth
INFO:src.utils.logger:It: 960, Loss: 1.752e-02, Loss_res: 1.864e-03,  Loss_bcs: 1.611e-04, Loss_ut_ics: 7.749e-05, Loss_norm: 2.623e-08, Loss_gauge: 0.000e+00, w_pde: 1.00e+00, L^2_error: 2.332e-02, lr: 1.000e-03, Time: 3.61e+01
INFO:src.utils.logger:Model state saved to results\ho\Classical\20260501-152058_seed0_bf_ho_2-64-64-64-2_seed0\checkpoints\2026-05-01_15-21-08-059583_ho_Classical_seed0\model.pth
INFO:src.utils.logger:Model weights saved to results\ho\Classical\20260501-152058_seed0_bf_ho_2-64-64-64-2_seed0\checkpoints\2026-05-01_15-21-08-059583_ho_Classical_seed0\model_weights.pth
INFO:src.utils.logger:It: 970, Loss: 1.420e-02, Loss_res: 1.646e-03,  Loss_bcs: 1.381e-04, Loss_ut_ics: 6.207e-05, Loss_norm: 2.472e-07, Loss_gauge: 0.000e+00, w_pde: 1.00e+00, L^2_error: 2.089e-02, lr: 1.000e-03, Time: 3.64e+01
INFO:src.utils.logger:Model state saved to results\ho\Classical\20260501-152058_seed0_bf_ho_2-64-64-64-2_seed0\checkpoints\2026-05-01_15-21-08-059583_ho_Classical_seed0\model.pth
INFO:src.utils.logger:Model weights saved to results\ho\Classical\20260501-152058_seed0_bf_ho_2-64-64-64-2_seed0\checkpoints\2026-05-01_15-21-08-059583_ho_Classical_seed0\model_weights.pth
INFO:src.utils.logger:It: 980, Loss: 1.384e-02, Loss_res: 1.651e-03,  Loss_bcs: 1.436e-04, Loss_ut_ics: 6.021e-05, Loss_norm: 2.923e-08, Loss_gauge: 0.000e+00, w_pde: 1.00e+00, L^2_error: 2.115e-02, lr: 1.000e-03, Time: 3.68e+01
INFO:src.utils.logger:Model state saved to results\ho\Classical\20260501-152058_seed0_bf_ho_2-64-64-64-2_seed0\checkpoints\2026-05-01_15-21-08-059583_ho_Classical_seed0\model.pth
INFO:src.utils.logger:Model weights saved to results\ho\Classical\20260501-152058_seed0_bf_ho_2-64-64-64-2_seed0\checkpoints\2026-05-01_15-21-08-059583_ho_Classical_seed0\model_weights.pth
INFO:src.utils.logger:It: 990, Loss: 1.355e-02, Loss_res: 1.746e-03,  Loss_bcs: 1.327e-04, Loss_ut_ics: 5.834e-05, Loss_norm: 8.208e-08, Loss_gauge: 0.000e+00, w_pde: 1.00e+00, L^2_error: 2.069e-02, lr: 1.000e-03, Time: 3.71e+01
INFO:src.utils.logger:Model state saved to results\ho\Classical\20260501-152058_seed0_bf_ho_2-64-64-64-2_seed0\checkpoints\2026-05-01_15-21-08-059583_ho_Classical_seed0\model.pth
INFO:src.utils.logger:Model weights saved to results\ho\Classical\20260501-152058_seed0_bf_ho_2-64-64-64-2_seed0\checkpoints\2026-05-01_15-21-08-059583_ho_Classical_seed0\model_weights.pth
INFO:src.utils.logger:It: 1000, Loss: 1.336e-02, Loss_res: 1.666e-03,  Loss_bcs: 1.293e-04, Loss_ut_ics: 5.783e-05, Loss_norm: 2.592e-07, Loss_gauge: 0.000e+00, w_pde: 1.00e+00, L^2_error: 2.056e-02, lr: 1.000e-03, Time: 3.75e+01
INFO:src.utils.logger:Model state saved to results\ho\Classical\20260501-152058_seed0_bf_ho_2-64-64-64-2_seed0\checkpoints\2026-05-01_15-21-08-059583_ho_Classical_seed0\model.pth
INFO:src.utils.logger:Model weights saved to results\ho\Classical\20260501-152058_seed0_bf_ho_2-64-64-64-2_seed0\checkpoints\2026-05-01_15-21-08-059583_ho_Classical_seed0\model_weights.pth
INFO:src.utils.logger:It: 1010, Loss: 1.327e-02, Loss_res: 1.654e-03,  Loss_bcs: 1.293e-04, Loss_ut_ics: 5.742e-05, Loss_norm: 9.907e-08, Loss_gauge: 0.000e+00, w_pde: 1.00e+00, L^2_error: 2.066e-02, lr: 1.000e-03, Time: 3.78e+01
INFO:src.utils.logger:Model state saved to results\ho\Classical\20260501-152058_seed0_bf_ho_2-64-64-64-2_seed0\checkpoints\2026-05-01_15-21-08-059583_ho_Classical_seed0\model.pth
INFO:src.utils.logger:Model weights saved to results\ho\Classical\20260501-152058_seed0_bf_ho_2-64-64-64-2_seed0\checkpoints\2026-05-01_15-21-08-059583_ho_Classical_seed0\model_weights.pth
INFO:src.utils.logger:It: 1020, Loss: 1.374e-02, Loss_res: 1.683e-03,  Loss_bcs: 1.405e-04, Loss_ut_ics: 5.958e-05, Loss_norm: 1.093e-08, Loss_gauge: 0.000e+00, w_pde: 1.00e+00, L^2_error: 2.106e-02, lr: 1.000e-03, Time: 3.81e+01
INFO:src.utils.logger:Model state saved to results\ho\Classical\20260501-152058_seed0_bf_ho_2-64-64-64-2_seed0\checkpoints\2026-05-01_15-21-08-059583_ho_Classical_seed0\model.pth
INFO:src.utils.logger:Model weights saved to results\ho\Classical\20260501-152058_seed0_bf_ho_2-64-64-64-2_seed0\checkpoints\2026-05-01_15-21-08-059583_ho_Classical_seed0\model_weights.pth
INFO:src.utils.logger:It: 1030, Loss: 1.386e-02, Loss_res: 1.672e-03,  Loss_bcs: 1.371e-04, Loss_ut_ics: 6.026e-05, Loss_norm: 1.194e-07, Loss_gauge: 0.000e+00, w_pde: 1.00e+00, L^2_error: 2.102e-02, lr: 1.000e-03, Time: 3.85e+01
INFO:src.utils.logger:Model state saved to results\ho\Classical\20260501-152058_seed0_bf_ho_2-64-64-64-2_seed0\checkpoints\2026-05-01_15-21-08-059583_ho_Classical_seed0\model.pth
INFO:src.utils.logger:Model weights saved to results\ho\Classical\20260501-152058_seed0_bf_ho_2-64-64-64-2_seed0\checkpoints\2026-05-01_15-21-08-059583_ho_Classical_seed0\model_weights.pth
INFO:src.utils.logger:It: 1040, Loss: 1.855e-02, Loss_res: 1.688e-03,  Loss_bcs: 2.005e-04, Loss_ut_ics: 8.331e-05, Loss_norm: 5.067e-08, Loss_gauge: 0.000e+00, w_pde: 1.00e+00, L^2_error: 2.582e-02, lr: 1.000e-03, Time: 3.88e+01
INFO:src.utils.logger:Model state saved to results\ho\Classical\20260501-152058_seed0_bf_ho_2-64-64-64-2_seed0\checkpoints\2026-05-01_15-21-08-059583_ho_Classical_seed0\model.pth
INFO:src.utils.logger:Model weights saved to results\ho\Classical\20260501-152058_seed0_bf_ho_2-64-64-64-2_seed0\checkpoints\2026-05-01_15-21-08-059583_ho_Classical_seed0\model_weights.pth
INFO:src.utils.logger:It: 1050, Loss: 2.738e-02, Loss_res: 2.090e-03,  Loss_bcs: 2.925e-04, Loss_ut_ics: 1.250e-04, Loss_norm: 6.225e-08, Loss_gauge: 0.000e+00, w_pde: 1.00e+00, L^2_error: 2.714e-02, lr: 1.000e-03, Time: 3.91e+01
INFO:src.utils.logger:Model state saved to results\ho\Classical\20260501-152058_seed0_bf_ho_2-64-64-64-2_seed0\checkpoints\2026-05-01_15-21-08-059583_ho_Classical_seed0\model.pth
INFO:src.utils.logger:Model weights saved to results\ho\Classical\20260501-152058_seed0_bf_ho_2-64-64-64-2_seed0\checkpoints\2026-05-01_15-21-08-059583_ho_Classical_seed0\model_weights.pth
INFO:src.utils.logger:It: 1060, Loss: 1.470e-02, Loss_res: 1.686e-03,  Loss_bcs: 1.250e-04, Loss_ut_ics: 6.443e-05, Loss_norm: 1.558e-07, Loss_gauge: 0.000e+00, w_pde: 1.00e+00, L^2_error: 2.106e-02, lr: 1.000e-03, Time: 3.94e+01
INFO:src.utils.logger:Model state saved to results\ho\Classical\20260501-152058_seed0_bf_ho_2-64-64-64-2_seed0\checkpoints\2026-05-01_15-21-08-059583_ho_Classical_seed0\model.pth
INFO:src.utils.logger:Model weights saved to results\ho\Classical\20260501-152058_seed0_bf_ho_2-64-64-64-2_seed0\checkpoints\2026-05-01_15-21-08-059583_ho_Classical_seed0\model_weights.pth
INFO:src.utils.logger:It: 1070, Loss: 1.421e-02, Loss_res: 1.525e-03,  Loss_bcs: 1.392e-04, Loss_ut_ics: 6.272e-05, Loss_norm: 1.715e-08, Loss_gauge: 0.000e+00, w_pde: 1.00e+00, L^2_error: 2.104e-02, lr: 1.000e-03, Time: 3.98e+01
INFO:src.utils.logger:Model state saved to results\ho\Classical\20260501-152058_seed0_bf_ho_2-64-64-64-2_seed0\checkpoints\2026-05-01_15-21-08-059583_ho_Classical_seed0\model.pth
INFO:src.utils.logger:Model weights saved to results\ho\Classical\20260501-152058_seed0_bf_ho_2-64-64-64-2_seed0\checkpoints\2026-05-01_15-21-08-059583_ho_Classical_seed0\model_weights.pth
INFO:src.utils.logger:It: 1080, Loss: 1.341e-02, Loss_res: 1.627e-03,  Loss_bcs: 1.206e-04, Loss_ut_ics: 5.831e-05, Loss_norm: 2.766e-07, Loss_gauge: 0.000e+00, w_pde: 1.00e+00, L^2_error: 2.035e-02, lr: 1.000e-03, Time: 4.01e+01
INFO:src.utils.logger:Model state saved to results\ho\Classical\20260501-152058_seed0_bf_ho_2-64-64-64-2_seed0\checkpoints\2026-05-01_15-21-08-059583_ho_Classical_seed0\model.pth
INFO:src.utils.logger:Model weights saved to results\ho\Classical\20260501-152058_seed0_bf_ho_2-64-64-64-2_seed0\checkpoints\2026-05-01_15-21-08-059583_ho_Classical_seed0\model_weights.pth
INFO:src.utils.logger:It: 1090, Loss: 1.467e-02, Loss_res: 1.654e-03,  Loss_bcs: 1.493e-04, Loss_ut_ics: 6.433e-05, Loss_norm: 2.796e-08, Loss_gauge: 0.000e+00, w_pde: 1.00e+00, L^2_error: 2.182e-02, lr: 1.000e-03, Time: 4.04e+01
INFO:src.utils.logger:Model state saved to results\ho\Classical\20260501-152058_seed0_bf_ho_2-64-64-64-2_seed0\checkpoints\2026-05-01_15-21-08-059583_ho_Classical_seed0\model.pth
INFO:src.utils.logger:Model weights saved to results\ho\Classical\20260501-152058_seed0_bf_ho_2-64-64-64-2_seed0\checkpoints\2026-05-01_15-21-08-059583_ho_Classical_seed0\model_weights.pth
INFO:src.utils.logger:It: 1100, Loss: 2.727e-02, Loss_res: 2.098e-03,  Loss_bcs: 2.666e-04, Loss_ut_ics: 1.245e-04, Loss_norm: 2.549e-08, Loss_gauge: 0.000e+00, w_pde: 1.00e+00, L^2_error: 2.967e-02, lr: 1.000e-03, Time: 4.08e+01
INFO:src.utils.logger:Model state saved to results\ho\Classical\20260501-152058_seed0_bf_ho_2-64-64-64-2_seed0\checkpoints\2026-05-01_15-21-08-059583_ho_Classical_seed0\model.pth
INFO:src.utils.logger:Model weights saved to results\ho\Classical\20260501-152058_seed0_bf_ho_2-64-64-64-2_seed0\checkpoints\2026-05-01_15-21-08-059583_ho_Classical_seed0\model_weights.pth
INFO:src.utils.logger:It: 1110, Loss: 1.378e-02, Loss_res: 1.510e-03,  Loss_bcs: 1.385e-04, Loss_ut_ics: 6.067e-05, Loss_norm: 4.868e-08, Loss_gauge: 0.000e+00, w_pde: 1.00e+00, L^2_error: 2.076e-02, lr: 1.000e-03, Time: 4.11e+01
INFO:src.utils.logger:Model state saved to results\ho\Classical\20260501-152058_seed0_bf_ho_2-64-64-64-2_seed0\checkpoints\2026-05-01_15-21-08-059583_ho_Classical_seed0\model.pth
INFO:src.utils.logger:Model weights saved to results\ho\Classical\20260501-152058_seed0_bf_ho_2-64-64-64-2_seed0\checkpoints\2026-05-01_15-21-08-059583_ho_Classical_seed0\model_weights.pth
INFO:src.utils.logger:It: 1120, Loss: 1.363e-02, Loss_res: 1.651e-03,  Loss_bcs: 1.231e-04, Loss_ut_ics: 5.927e-05, Loss_norm: 1.098e-07, Loss_gauge: 0.000e+00, w_pde: 1.00e+00, L^2_error: 2.039e-02, lr: 1.000e-03, Time: 4.15e+01
INFO:src.utils.logger:Model state saved to results\ho\Classical\20260501-152058_seed0_bf_ho_2-64-64-64-2_seed0\checkpoints\2026-05-01_15-21-08-059583_ho_Classical_seed0\model.pth
INFO:src.utils.logger:Model weights saved to results\ho\Classical\20260501-152058_seed0_bf_ho_2-64-64-64-2_seed0\checkpoints\2026-05-01_15-21-08-059583_ho_Classical_seed0\model_weights.pth
INFO:src.utils.logger:It: 1130, Loss: 1.645e-02, Loss_res: 1.866e-03,  Loss_bcs: 1.327e-04, Loss_ut_ics: 7.224e-05, Loss_norm: 3.139e-07, Loss_gauge: 0.000e+00, w_pde: 1.00e+00, L^2_error: 2.189e-02, lr: 1.000e-03, Time: 4.18e+01
INFO:src.utils.logger:Model state saved to results\ho\Classical\20260501-152058_seed0_bf_ho_2-64-64-64-2_seed0\checkpoints\2026-05-01_15-21-08-059583_ho_Classical_seed0\model.pth
INFO:src.utils.logger:Model weights saved to results\ho\Classical\20260501-152058_seed0_bf_ho_2-64-64-64-2_seed0\checkpoints\2026-05-01_15-21-08-059583_ho_Classical_seed0\model_weights.pth
INFO:src.utils.logger:It: 1140, Loss: 1.704e-02, Loss_res: 1.844e-03,  Loss_bcs: 1.392e-04, Loss_ut_ics: 7.526e-05, Loss_norm: 1.152e-07, Loss_gauge: 0.000e+00, w_pde: 1.00e+00, L^2_error: 2.312e-02, lr: 1.000e-03, Time: 4.22e+01
INFO:src.utils.logger:Model state saved to results\ho\Classical\20260501-152058_seed0_bf_ho_2-64-64-64-2_seed0\checkpoints\2026-05-01_15-21-08-059583_ho_Classical_seed0\model.pth
INFO:src.utils.logger:Model weights saved to results\ho\Classical\20260501-152058_seed0_bf_ho_2-64-64-64-2_seed0\checkpoints\2026-05-01_15-21-08-059583_ho_Classical_seed0\model_weights.pth
INFO:src.utils.logger:It: 1150, Loss: 1.426e-02, Loss_res: 1.682e-03,  Loss_bcs: 1.228e-04, Loss_ut_ics: 6.227e-05, Loss_norm: 1.892e-07, Loss_gauge: 0.000e+00, w_pde: 1.00e+00, L^2_error: 2.094e-02, lr: 1.000e-03, Time: 4.25e+01
INFO:src.utils.logger:Model state saved to results\ho\Classical\20260501-152058_seed0_bf_ho_2-64-64-64-2_seed0\checkpoints\2026-05-01_15-21-08-059583_ho_Classical_seed0\model.pth
INFO:src.utils.logger:Model weights saved to results\ho\Classical\20260501-152058_seed0_bf_ho_2-64-64-64-2_seed0\checkpoints\2026-05-01_15-21-08-059583_ho_Classical_seed0\model_weights.pth
INFO:src.utils.logger:It: 1160, Loss: 1.206e-02, Loss_res: 1.540e-03,  Loss_bcs: 1.057e-04, Loss_ut_ics: 5.206e-05, Loss_norm: 2.986e-08, Loss_gauge: 0.000e+00, w_pde: 1.00e+00, L^2_error: 1.974e-02, lr: 1.000e-03, Time: 4.29e+01
INFO:src.utils.logger:Model state saved to results\ho\Classical\20260501-152058_seed0_bf_ho_2-64-64-64-2_seed0\checkpoints\2026-05-01_15-21-08-059583_ho_Classical_seed0\model.pth
INFO:src.utils.logger:Model weights saved to results\ho\Classical\20260501-152058_seed0_bf_ho_2-64-64-64-2_seed0\checkpoints\2026-05-01_15-21-08-059583_ho_Classical_seed0\model_weights.pth
INFO:src.utils.logger:It: 1170, Loss: 1.557e-02, Loss_res: 1.656e-03,  Loss_bcs: 1.234e-04, Loss_ut_ics: 6.894e-05, Loss_norm: 4.116e-07, Loss_gauge: 0.000e+00, w_pde: 1.00e+00, L^2_error: 2.239e-02, lr: 1.000e-03, Time: 4.32e+01
INFO:src.utils.logger:Model state saved to results\ho\Classical\20260501-152058_seed0_bf_ho_2-64-64-64-2_seed0\checkpoints\2026-05-01_15-21-08-059583_ho_Classical_seed0\model.pth
INFO:src.utils.logger:Model weights saved to results\ho\Classical\20260501-152058_seed0_bf_ho_2-64-64-64-2_seed0\checkpoints\2026-05-01_15-21-08-059583_ho_Classical_seed0\model_weights.pth
INFO:src.utils.logger:It: 1180, Loss: 4.560e-02, Loss_res: 2.944e-03,  Loss_bcs: 3.836e-04, Loss_ut_ics: 2.114e-04, Loss_norm: 2.057e-07, Loss_gauge: 0.000e+00, w_pde: 1.00e+00, L^2_error: 3.825e-02, lr: 1.000e-03, Time: 4.35e+01
INFO:src.utils.logger:Model state saved to results\ho\Classical\20260501-152058_seed0_bf_ho_2-64-64-64-2_seed0\checkpoints\2026-05-01_15-21-08-059583_ho_Classical_seed0\model.pth
INFO:src.utils.logger:Model weights saved to results\ho\Classical\20260501-152058_seed0_bf_ho_2-64-64-64-2_seed0\checkpoints\2026-05-01_15-21-08-059583_ho_Classical_seed0\model_weights.pth
INFO:src.utils.logger:It: 1190, Loss: 2.182e-02, Loss_res: 1.785e-03,  Loss_bcs: 2.111e-04, Loss_ut_ics: 9.913e-05, Loss_norm: 1.376e-07, Loss_gauge: 0.000e+00, w_pde: 1.00e+00, L^2_error: 2.622e-02, lr: 1.000e-03, Time: 4.39e+01
INFO:src.utils.logger:Model state saved to results\ho\Classical\20260501-152058_seed0_bf_ho_2-64-64-64-2_seed0\checkpoints\2026-05-01_15-21-08-059583_ho_Classical_seed0\model.pth
INFO:src.utils.logger:Model weights saved to results\ho\Classical\20260501-152058_seed0_bf_ho_2-64-64-64-2_seed0\checkpoints\2026-05-01_15-21-08-059583_ho_Classical_seed0\model_weights.pth
INFO:src.utils.logger:It: 1200, Loss: 1.570e-02, Loss_res: 1.611e-03,  Loss_bcs: 1.268e-04, Loss_ut_ics: 6.979e-05, Loss_norm: 2.497e-07, Loss_gauge: 0.000e+00, w_pde: 1.00e+00, L^2_error: 2.157e-02, lr: 1.000e-03, Time: 4.42e+01
INFO:src.utils.logger:Model state saved to results\ho\Classical\20260501-152058_seed0_bf_ho_2-64-64-64-2_seed0\checkpoints\2026-05-01_15-21-08-059583_ho_Classical_seed0\model.pth
INFO:src.utils.logger:Model weights saved to results\ho\Classical\20260501-152058_seed0_bf_ho_2-64-64-64-2_seed0\checkpoints\2026-05-01_15-21-08-059583_ho_Classical_seed0\model_weights.pth
INFO:src.utils.logger:It: 1210, Loss: 1.227e-02, Loss_res: 1.433e-03,  Loss_bcs: 1.182e-04, Loss_ut_ics: 5.358e-05, Loss_norm: 1.074e-08, Loss_gauge: 0.000e+00, w_pde: 1.00e+00, L^2_error: 1.994e-02, lr: 1.000e-03, Time: 4.45e+01
INFO:src.utils.logger:Model state saved to results\ho\Classical\20260501-152058_seed0_bf_ho_2-64-64-64-2_seed0\checkpoints\2026-05-01_15-21-08-059583_ho_Classical_seed0\model.pth
INFO:src.utils.logger:Model weights saved to results\ho\Classical\20260501-152058_seed0_bf_ho_2-64-64-64-2_seed0\checkpoints\2026-05-01_15-21-08-059583_ho_Classical_seed0\model_weights.pth
INFO:src.utils.logger:It: 1220, Loss: 1.135e-02, Loss_res: 1.391e-03,  Loss_bcs: 1.014e-04, Loss_ut_ics: 4.928e-05, Loss_norm: 6.780e-08, Loss_gauge: 0.000e+00, w_pde: 1.00e+00, L^2_error: 1.944e-02, lr: 1.000e-03, Time: 4.49e+01
INFO:src.utils.logger:Model state saved to results\ho\Classical\20260501-152058_seed0_bf_ho_2-64-64-64-2_seed0\checkpoints\2026-05-01_15-21-08-059583_ho_Classical_seed0\model.pth
INFO:src.utils.logger:Model weights saved to results\ho\Classical\20260501-152058_seed0_bf_ho_2-64-64-64-2_seed0\checkpoints\2026-05-01_15-21-08-059583_ho_Classical_seed0\model_weights.pth
INFO:src.utils.logger:It: 1230, Loss: 1.148e-02, Loss_res: 1.565e-03,  Loss_bcs: 1.050e-04, Loss_ut_ics: 4.903e-05, Loss_norm: 1.685e-07, Loss_gauge: 0.000e+00, w_pde: 1.00e+00, L^2_error: 1.923e-02, lr: 1.000e-03, Time: 4.52e+01
INFO:src.utils.logger:Model state saved to results\ho\Classical\20260501-152058_seed0_bf_ho_2-64-64-64-2_seed0\checkpoints\2026-05-01_15-21-08-059583_ho_Classical_seed0\model.pth
INFO:src.utils.logger:Model weights saved to results\ho\Classical\20260501-152058_seed0_bf_ho_2-64-64-64-2_seed0\checkpoints\2026-05-01_15-21-08-059583_ho_Classical_seed0\model_weights.pth
INFO:src.utils.logger:It: 1240, Loss: 1.136e-02, Loss_res: 1.504e-03,  Loss_bcs: 1.018e-04, Loss_ut_ics: 4.878e-05, Loss_norm: 4.579e-08, Loss_gauge: 0.000e+00, w_pde: 1.00e+00, L^2_error: 1.919e-02, lr: 1.000e-03, Time: 4.56e+01
INFO:src.utils.logger:Model state saved to results\ho\Classical\20260501-152058_seed0_bf_ho_2-64-64-64-2_seed0\checkpoints\2026-05-01_15-21-08-059583_ho_Classical_seed0\model.pth
INFO:src.utils.logger:Model weights saved to results\ho\Classical\20260501-152058_seed0_bf_ho_2-64-64-64-2_seed0\checkpoints\2026-05-01_15-21-08-059583_ho_Classical_seed0\model_weights.pth
INFO:src.utils.logger:It: 1250, Loss: 1.137e-02, Loss_res: 1.468e-03,  Loss_bcs: 1.056e-04, Loss_ut_ics: 4.899e-05, Loss_norm: 2.529e-08, Loss_gauge: 0.000e+00, w_pde: 1.00e+00, L^2_error: 1.945e-02, lr: 1.000e-03, Time: 4.59e+01
INFO:src.utils.logger:Model state saved to results\ho\Classical\20260501-152058_seed0_bf_ho_2-64-64-64-2_seed0\checkpoints\2026-05-01_15-21-08-059583_ho_Classical_seed0\model.pth
INFO:src.utils.logger:Model weights saved to results\ho\Classical\20260501-152058_seed0_bf_ho_2-64-64-64-2_seed0\checkpoints\2026-05-01_15-21-08-059583_ho_Classical_seed0\model_weights.pth
INFO:src.utils.logger:It: 1260, Loss: 1.145e-02, Loss_res: 1.521e-03,  Loss_bcs: 1.078e-04, Loss_ut_ics: 4.909e-05, Loss_norm: 5.198e-08, Loss_gauge: 0.000e+00, w_pde: 1.00e+00, L^2_error: 1.945e-02, lr: 1.000e-03, Time: 4.62e+01
INFO:src.utils.logger:Model state saved to results\ho\Classical\20260501-152058_seed0_bf_ho_2-64-64-64-2_seed0\checkpoints\2026-05-01_15-21-08-059583_ho_Classical_seed0\model.pth
INFO:src.utils.logger:Model weights saved to results\ho\Classical\20260501-152058_seed0_bf_ho_2-64-64-64-2_seed0\checkpoints\2026-05-01_15-21-08-059583_ho_Classical_seed0\model_weights.pth
INFO:src.utils.logger:It: 1270, Loss: 1.160e-02, Loss_res: 1.373e-03,  Loss_bcs: 1.109e-04, Loss_ut_ics: 5.058e-05, Loss_norm: 2.947e-08, Loss_gauge: 0.000e+00, w_pde: 1.00e+00, L^2_error: 1.985e-02, lr: 1.000e-03, Time: 4.66e+01
INFO:src.utils.logger:Model state saved to results\ho\Classical\20260501-152058_seed0_bf_ho_2-64-64-64-2_seed0\checkpoints\2026-05-01_15-21-08-059583_ho_Classical_seed0\model.pth
INFO:src.utils.logger:Model weights saved to results\ho\Classical\20260501-152058_seed0_bf_ho_2-64-64-64-2_seed0\checkpoints\2026-05-01_15-21-08-059583_ho_Classical_seed0\model_weights.pth
INFO:src.utils.logger:It: 1280, Loss: 1.751e-02, Loss_res: 1.649e-03,  Loss_bcs: 1.633e-04, Loss_ut_ics: 7.849e-05, Loss_norm: 1.269e-08, Loss_gauge: 0.000e+00, w_pde: 1.00e+00, L^2_error: 2.519e-02, lr: 1.000e-03, Time: 4.69e+01
INFO:src.utils.logger:Model state saved to results\ho\Classical\20260501-152058_seed0_bf_ho_2-64-64-64-2_seed0\checkpoints\2026-05-01_15-21-08-059583_ho_Classical_seed0\model.pth
INFO:src.utils.logger:Model weights saved to results\ho\Classical\20260501-152058_seed0_bf_ho_2-64-64-64-2_seed0\checkpoints\2026-05-01_15-21-08-059583_ho_Classical_seed0\model_weights.pth
INFO:src.utils.logger:It: 1290, Loss: 5.663e-02, Loss_res: 3.136e-03,  Loss_bcs: 5.262e-04, Loss_ut_ics: 2.648e-04, Loss_norm: 1.056e-07, Loss_gauge: 0.000e+00, w_pde: 1.00e+00, L^2_error: 4.290e-02, lr: 1.000e-03, Time: 4.72e+01
INFO:src.utils.logger:Model state saved to results\ho\Classical\20260501-152058_seed0_bf_ho_2-64-64-64-2_seed0\checkpoints\2026-05-01_15-21-08-059583_ho_Classical_seed0\model.pth
INFO:src.utils.logger:Model weights saved to results\ho\Classical\20260501-152058_seed0_bf_ho_2-64-64-64-2_seed0\checkpoints\2026-05-01_15-21-08-059583_ho_Classical_seed0\model_weights.pth
INFO:src.utils.logger:It: 1300, Loss: 1.398e-02, Loss_res: 1.562e-03,  Loss_bcs: 1.383e-04, Loss_ut_ics: 6.139e-05, Loss_norm: 2.252e-07, Loss_gauge: 0.000e+00, w_pde: 1.00e+00, L^2_error: 2.772e-02, lr: 1.000e-03, Time: 4.76e+01
INFO:src.utils.logger:Model state saved to results\ho\Classical\20260501-152058_seed0_bf_ho_2-64-64-64-2_seed0\checkpoints\2026-05-01_15-21-08-059583_ho_Classical_seed0\model.pth
INFO:src.utils.logger:Model weights saved to results\ho\Classical\20260501-152058_seed0_bf_ho_2-64-64-64-2_seed0\checkpoints\2026-05-01_15-21-08-059583_ho_Classical_seed0\model_weights.pth
INFO:src.utils.logger:It: 1310, Loss: 2.276e-02, Loss_res: 1.957e-03,  Loss_bcs: 1.687e-04, Loss_ut_ics: 1.032e-04, Loss_norm: 4.646e-07, Loss_gauge: 0.000e+00, w_pde: 1.00e+00, L^2_error: 2.390e-02, lr: 1.000e-03, Time: 4.83e+01
INFO:src.utils.logger:Model state saved to results\ho\Classical\20260501-152058_seed0_bf_ho_2-64-64-64-2_seed0\checkpoints\2026-05-01_15-21-08-059583_ho_Classical_seed0\model.pth
INFO:src.utils.logger:Model weights saved to results\ho\Classical\20260501-152058_seed0_bf_ho_2-64-64-64-2_seed0\checkpoints\2026-05-01_15-21-08-059583_ho_Classical_seed0\model_weights.pth
INFO:src.utils.logger:It: 1320, Loss: 1.363e-02, Loss_res: 1.469e-03,  Loss_bcs: 1.167e-04, Loss_ut_ics: 6.020e-05, Loss_norm: 6.225e-08, Loss_gauge: 0.000e+00, w_pde: 1.00e+00, L^2_error: 2.086e-02, lr: 1.000e-03, Time: 4.88e+01
INFO:src.utils.logger:Model state saved to results\ho\Classical\20260501-152058_seed0_bf_ho_2-64-64-64-2_seed0\checkpoints\2026-05-01_15-21-08-059583_ho_Classical_seed0\model.pth
INFO:src.utils.logger:Model weights saved to results\ho\Classical\20260501-152058_seed0_bf_ho_2-64-64-64-2_seed0\checkpoints\2026-05-01_15-21-08-059583_ho_Classical_seed0\model_weights.pth
INFO:src.utils.logger:It: 1330, Loss: 1.091e-02, Loss_res: 1.318e-03,  Loss_bcs: 9.879e-05, Loss_ut_ics: 4.745e-05, Loss_norm: 2.799e-07, Loss_gauge: 0.000e+00, w_pde: 1.00e+00, L^2_error: 1.865e-02, lr: 1.000e-03, Time: 4.92e+01
INFO:src.utils.logger:Model state saved to results\ho\Classical\20260501-152058_seed0_bf_ho_2-64-64-64-2_seed0\checkpoints\2026-05-01_15-21-08-059583_ho_Classical_seed0\model.pth
INFO:src.utils.logger:Model weights saved to results\ho\Classical\20260501-152058_seed0_bf_ho_2-64-64-64-2_seed0\checkpoints\2026-05-01_15-21-08-059583_ho_Classical_seed0\model_weights.pth
INFO:src.utils.logger:It: 1340, Loss: 1.098e-02, Loss_res: 1.407e-03,  Loss_bcs: 9.843e-05, Loss_ut_ics: 4.736e-05, Loss_norm: 4.042e-08, Loss_gauge: 0.000e+00, w_pde: 1.00e+00, L^2_error: 1.913e-02, lr: 1.000e-03, Time: 4.95e+01
INFO:src.utils.logger:Model state saved to results\ho\Classical\20260501-152058_seed0_bf_ho_2-64-64-64-2_seed0\checkpoints\2026-05-01_15-21-08-059583_ho_Classical_seed0\model.pth
INFO:src.utils.logger:Model weights saved to results\ho\Classical\20260501-152058_seed0_bf_ho_2-64-64-64-2_seed0\checkpoints\2026-05-01_15-21-08-059583_ho_Classical_seed0\model_weights.pth
INFO:src.utils.logger:It: 1350, Loss: 1.029e-02, Loss_res: 1.348e-03,  Loss_bcs: 8.457e-05, Loss_ut_ics: 4.427e-05, Loss_norm: 1.020e-07, Loss_gauge: 0.000e+00, w_pde: 1.00e+00, L^2_error: 1.849e-02, lr: 1.000e-03, Time: 4.99e+01
INFO:src.utils.logger:Model state saved to results\ho\Classical\20260501-152058_seed0_bf_ho_2-64-64-64-2_seed0\checkpoints\2026-05-01_15-21-08-059583_ho_Classical_seed0\model.pth
INFO:src.utils.logger:Model weights saved to results\ho\Classical\20260501-152058_seed0_bf_ho_2-64-64-64-2_seed0\checkpoints\2026-05-01_15-21-08-059583_ho_Classical_seed0\model_weights.pth
INFO:src.utils.logger:It: 1360, Loss: 1.023e-02, Loss_res: 1.305e-03,  Loss_bcs: 8.363e-05, Loss_ut_ics: 4.420e-05, Loss_norm: 1.051e-07, Loss_gauge: 0.000e+00, w_pde: 1.00e+00, L^2_error: 1.834e-02, lr: 1.000e-03, Time: 5.02e+01
INFO:src.utils.logger:Model state saved to results\ho\Classical\20260501-152058_seed0_bf_ho_2-64-64-64-2_seed0\checkpoints\2026-05-01_15-21-08-059583_ho_Classical_seed0\model.pth
INFO:src.utils.logger:Model weights saved to results\ho\Classical\20260501-152058_seed0_bf_ho_2-64-64-64-2_seed0\checkpoints\2026-05-01_15-21-08-059583_ho_Classical_seed0\model_weights.pth
INFO:src.utils.logger:It: 1370, Loss: 1.007e-02, Loss_res: 1.271e-03,  Loss_bcs: 8.820e-05, Loss_ut_ics: 4.357e-05, Loss_norm: 1.782e-08, Loss_gauge: 0.000e+00, w_pde: 1.00e+00, L^2_error: 1.841e-02, lr: 1.000e-03, Time: 5.06e+01
INFO:src.utils.logger:Model state saved to results\ho\Classical\20260501-152058_seed0_bf_ho_2-64-64-64-2_seed0\checkpoints\2026-05-01_15-21-08-059583_ho_Classical_seed0\model.pth
INFO:src.utils.logger:Model weights saved to results\ho\Classical\20260501-152058_seed0_bf_ho_2-64-64-64-2_seed0\checkpoints\2026-05-01_15-21-08-059583_ho_Classical_seed0\model_weights.pth
INFO:src.utils.logger:It: 1380, Loss: 1.006e-02, Loss_res: 1.337e-03,  Loss_bcs: 8.307e-05, Loss_ut_ics: 4.318e-05, Loss_norm: 1.723e-07, Loss_gauge: 0.000e+00, w_pde: 1.00e+00, L^2_error: 1.844e-02, lr: 1.000e-03, Time: 5.10e+01
INFO:src.utils.logger:Model state saved to results\ho\Classical\20260501-152058_seed0_bf_ho_2-64-64-64-2_seed0\checkpoints\2026-05-01_15-21-08-059583_ho_Classical_seed0\model.pth
INFO:src.utils.logger:Model weights saved to results\ho\Classical\20260501-152058_seed0_bf_ho_2-64-64-64-2_seed0\checkpoints\2026-05-01_15-21-08-059583_ho_Classical_seed0\model_weights.pth
INFO:src.utils.logger:It: 1390, Loss: 1.019e-02, Loss_res: 1.456e-03,  Loss_bcs: 8.171e-05, Loss_ut_ics: 4.328e-05, Loss_norm: 4.733e-09, Loss_gauge: 0.000e+00, w_pde: 1.00e+00, L^2_error: 1.835e-02, lr: 1.000e-03, Time: 5.13e+01
INFO:src.utils.logger:Model state saved to results\ho\Classical\20260501-152058_seed0_bf_ho_2-64-64-64-2_seed0\checkpoints\2026-05-01_15-21-08-059583_ho_Classical_seed0\model.pth
INFO:src.utils.logger:Model weights saved to results\ho\Classical\20260501-152058_seed0_bf_ho_2-64-64-64-2_seed0\checkpoints\2026-05-01_15-21-08-059583_ho_Classical_seed0\model_weights.pth
INFO:src.utils.logger:It: 1400, Loss: 1.278e-02, Loss_res: 1.389e-03,  Loss_bcs: 1.054e-04, Loss_ut_ics: 5.643e-05, Loss_norm: 1.613e-07, Loss_gauge: 0.000e+00, w_pde: 1.00e+00, L^2_error: 2.143e-02, lr: 1.000e-03, Time: 5.16e+01
INFO:src.utils.logger:Model state saved to results\ho\Classical\20260501-152058_seed0_bf_ho_2-64-64-64-2_seed0\checkpoints\2026-05-01_15-21-08-059583_ho_Classical_seed0\model.pth
INFO:src.utils.logger:Model weights saved to results\ho\Classical\20260501-152058_seed0_bf_ho_2-64-64-64-2_seed0\checkpoints\2026-05-01_15-21-08-059583_ho_Classical_seed0\model_weights.pth
INFO:src.utils.logger:It: 1410, Loss: 8.204e-02, Loss_res: 3.983e-03,  Loss_bcs: 7.681e-04, Loss_ut_ics: 3.864e-04, Loss_norm: 2.408e-07, Loss_gauge: 0.000e+00, w_pde: 1.00e+00, L^2_error: 4.989e-02, lr: 1.000e-03, Time: 5.20e+01
INFO:src.utils.logger:Model state saved to results\ho\Classical\20260501-152058_seed0_bf_ho_2-64-64-64-2_seed0\checkpoints\2026-05-01_15-21-08-059583_ho_Classical_seed0\model.pth
INFO:src.utils.logger:Model weights saved to results\ho\Classical\20260501-152058_seed0_bf_ho_2-64-64-64-2_seed0\checkpoints\2026-05-01_15-21-08-059583_ho_Classical_seed0\model_weights.pth
INFO:src.utils.logger:It: 1420, Loss: 3.122e-02, Loss_res: 2.047e-03,  Loss_bcs: 3.138e-04, Loss_ut_ics: 1.443e-04, Loss_norm: 8.848e-08, Loss_gauge: 0.000e+00, w_pde: 1.00e+00, L^2_error: 2.829e-02, lr: 1.000e-03, Time: 5.24e+01
INFO:src.utils.logger:Model state saved to results\ho\Classical\20260501-152058_seed0_bf_ho_2-64-64-64-2_seed0\checkpoints\2026-05-01_15-21-08-059583_ho_Classical_seed0\model.pth
INFO:src.utils.logger:Model weights saved to results\ho\Classical\20260501-152058_seed0_bf_ho_2-64-64-64-2_seed0\checkpoints\2026-05-01_15-21-08-059583_ho_Classical_seed0\model_weights.pth
INFO:src.utils.logger:It: 1430, Loss: 1.264e-02, Loss_res: 1.456e-03,  Loss_bcs: 9.318e-05, Loss_ut_ics: 5.547e-05, Loss_norm: 7.887e-08, Loss_gauge: 0.000e+00, w_pde: 1.00e+00, L^2_error: 2.082e-02, lr: 1.000e-03, Time: 5.27e+01
INFO:src.utils.logger:Model state saved to results\ho\Classical\20260501-152058_seed0_bf_ho_2-64-64-64-2_seed0\checkpoints\2026-05-01_15-21-08-059583_ho_Classical_seed0\model.pth
INFO:src.utils.logger:Model weights saved to results\ho\Classical\20260501-152058_seed0_bf_ho_2-64-64-64-2_seed0\checkpoints\2026-05-01_15-21-08-059583_ho_Classical_seed0\model_weights.pth
INFO:src.utils.logger:It: 1440, Loss: 1.355e-02, Loss_res: 1.304e-03,  Loss_bcs: 1.296e-04, Loss_ut_ics: 6.060e-05, Loss_norm: 1.309e-07, Loss_gauge: 0.000e+00, w_pde: 1.00e+00, L^2_error: 2.055e-02, lr: 1.000e-03, Time: 5.31e+01
INFO:src.utils.logger:Model state saved to results\ho\Classical\20260501-152058_seed0_bf_ho_2-64-64-64-2_seed0\checkpoints\2026-05-01_15-21-08-059583_ho_Classical_seed0\model.pth
INFO:src.utils.logger:Model weights saved to results\ho\Classical\20260501-152058_seed0_bf_ho_2-64-64-64-2_seed0\checkpoints\2026-05-01_15-21-08-059583_ho_Classical_seed0\model_weights.pth
INFO:src.utils.logger:It: 1450, Loss: 9.853e-03, Loss_res: 1.314e-03,  Loss_bcs: 7.478e-05, Loss_ut_ics: 4.232e-05, Loss_norm: 7.556e-08, Loss_gauge: 0.000e+00, w_pde: 1.00e+00, L^2_error: 1.810e-02, lr: 1.000e-03, Time: 5.34e+01
INFO:src.utils.logger:Model state saved to results\ho\Classical\20260501-152058_seed0_bf_ho_2-64-64-64-2_seed0\checkpoints\2026-05-01_15-21-08-059583_ho_Classical_seed0\model.pth
INFO:src.utils.logger:Model weights saved to results\ho\Classical\20260501-152058_seed0_bf_ho_2-64-64-64-2_seed0\checkpoints\2026-05-01_15-21-08-059583_ho_Classical_seed0\model_weights.pth
INFO:src.utils.logger:It: 1460, Loss: 9.798e-03, Loss_res: 1.246e-03,  Loss_bcs: 8.662e-05, Loss_ut_ics: 4.232e-05, Loss_norm: 1.167e-07, Loss_gauge: 0.000e+00, w_pde: 1.00e+00, L^2_error: 1.807e-02, lr: 1.000e-03, Time: 5.38e+01
INFO:src.utils.logger:Model state saved to results\ho\Classical\20260501-152058_seed0_bf_ho_2-64-64-64-2_seed0\checkpoints\2026-05-01_15-21-08-059583_ho_Classical_seed0\model.pth
INFO:src.utils.logger:Model weights saved to results\ho\Classical\20260501-152058_seed0_bf_ho_2-64-64-64-2_seed0\checkpoints\2026-05-01_15-21-08-059583_ho_Classical_seed0\model_weights.pth
INFO:src.utils.logger:It: 1470, Loss: 9.439e-03, Loss_res: 1.242e-03,  Loss_bcs: 7.604e-05, Loss_ut_ics: 4.060e-05, Loss_norm: 5.074e-08, Loss_gauge: 0.000e+00, w_pde: 1.00e+00, L^2_error: 1.789e-02, lr: 1.000e-03, Time: 5.41e+01
INFO:src.utils.logger:Model state saved to results\ho\Classical\20260501-152058_seed0_bf_ho_2-64-64-64-2_seed0\checkpoints\2026-05-01_15-21-08-059583_ho_Classical_seed0\model.pth
INFO:src.utils.logger:Model weights saved to results\ho\Classical\20260501-152058_seed0_bf_ho_2-64-64-64-2_seed0\checkpoints\2026-05-01_15-21-08-059583_ho_Classical_seed0\model_weights.pth
INFO:src.utils.logger:It: 1480, Loss: 9.363e-03, Loss_res: 1.302e-03,  Loss_bcs: 7.323e-05, Loss_ut_ics: 3.993e-05, Loss_norm: 1.123e-07, Loss_gauge: 0.000e+00, w_pde: 1.00e+00, L^2_error: 1.764e-02, lr: 1.000e-03, Time: 5.44e+01
INFO:src.utils.logger:Model state saved to results\ho\Classical\20260501-152058_seed0_bf_ho_2-64-64-64-2_seed0\checkpoints\2026-05-01_15-21-08-059583_ho_Classical_seed0\model.pth
INFO:src.utils.logger:Model weights saved to results\ho\Classical\20260501-152058_seed0_bf_ho_2-64-64-64-2_seed0\checkpoints\2026-05-01_15-21-08-059583_ho_Classical_seed0\model_weights.pth
INFO:src.utils.logger:It: 1490, Loss: 9.143e-03, Loss_res: 1.248e-03,  Loss_bcs: 7.250e-05, Loss_ut_ics: 3.911e-05, Loss_norm: 7.891e-09, Loss_gauge: 0.000e+00, w_pde: 1.00e+00, L^2_error: 1.766e-02, lr: 1.000e-03, Time: 5.48e+01
INFO:src.utils.logger:Model state saved to results\ho\Classical\20260501-152058_seed0_bf_ho_2-64-64-64-2_seed0\checkpoints\2026-05-01_15-21-08-059583_ho_Classical_seed0\model.pth
INFO:src.utils.logger:Model weights saved to results\ho\Classical\20260501-152058_seed0_bf_ho_2-64-64-64-2_seed0\checkpoints\2026-05-01_15-21-08-059583_ho_Classical_seed0\model_weights.pth
INFO:src.utils.logger:It: 1500, Loss: 9.005e-03, Loss_res: 1.209e-03,  Loss_bcs: 6.955e-05, Loss_ut_ics: 3.863e-05, Loss_norm: 8.023e-08, Loss_gauge: 0.000e+00, w_pde: 1.00e+00, L^2_error: 1.750e-02, lr: 1.000e-03, Time: 5.51e+01
INFO:src.utils.logger:Model state saved to results\ho\Classical\20260501-152058_seed0_bf_ho_2-64-64-64-2_seed0\checkpoints\2026-05-01_15-21-08-059583_ho_Classical_seed0\model.pth
INFO:src.utils.logger:Model weights saved to results\ho\Classical\20260501-152058_seed0_bf_ho_2-64-64-64-2_seed0\checkpoints\2026-05-01_15-21-08-059583_ho_Classical_seed0\model_weights.pth
