checkpoint path: self.log_path='./results/models/checkpoints/schrodinger/qho/2025-09-12_13-20-34-873284'
Using Classical Solver
The settings used:
batch_size : 64
epochs : 1000
lr : 0.001
seed : 42
print_every : 100
log_path : ./results/models/checkpoints/schrodinger/qho
input_dim : 2
output_dim : 1
num_qubits : 5
hidden_dim : 5
num_quantum_layers : 2
classic_network : [2, 5, 1]
q_ansatz : sim_circ_15
mode : hybrid
activation : null
shots : 1
problem : schrodinger
solver : Classical
device : cpu
method : None
cutoff_dim : 20
class : CVNeuralNetwork2
encoding : angle
eq_params : {'example': 'ho', 'L': 5.0, 'T': 0.1, 'hbar': 1.0, 'mass': 1.0, 'n_level': 0, 'omega': 1.0, 'potential_fn': 'lambda t, x : 0.5 * 1.0 * (1.0**2) * (x**2)'}
noise : False
Total number of parameters: 111
It: 1, Loss: 5.135e-02, Loss_res: 3.254e-05,  Loss_bcs: 5.046e-02, Loss_ut_ics: 2.645e-02, lr: 1.000e-03, Time: 3.87e-02
Model state saved to ./results/models/checkpoints/schrodinger/qho/2025-09-12_13-20-34-873284/model.pth
Model state saved to ./results/models/checkpoints/schrodinger/qho/2025-09-12_13-20-34-873284/model_weights.pth
It: 100, Loss: 1.919e-03, Loss_res: 1.996e-07,  Loss_bcs: 2.417e-05, Loss_ut_ics: 8.731e-02, lr: 1.000e-03, Time: 3.89e-01
Model state saved to ./results/models/checkpoints/schrodinger/qho/2025-09-12_13-20-34-873284/model.pth
Model state saved to ./results/models/checkpoints/schrodinger/qho/2025-09-12_13-20-34-873284/model_weights.pth
It: 200, Loss: 1.593e-03, Loss_res: 6.678e-07,  Loss_bcs: 1.266e-05, Loss_ut_ics: 7.705e-02, lr: 1.000e-03, Time: 7.28e-01
Model state saved to ./results/models/checkpoints/schrodinger/qho/2025-09-12_13-20-34-873284/model.pth
Model state saved to ./results/models/checkpoints/schrodinger/qho/2025-09-12_13-20-34-873284/model_weights.pth
It: 300, Loss: 1.012e-03, Loss_res: 1.724e-06,  Loss_bcs: 9.166e-06, Loss_ut_ics: 3.268e-02, lr: 1.000e-03, Time: 1.07e+00
Model state saved to ./results/models/checkpoints/schrodinger/qho/2025-09-12_13-20-34-873284/model.pth
Model state saved to ./results/models/checkpoints/schrodinger/qho/2025-09-12_13-20-34-873284/model_weights.pth
It: 400, Loss: 6.277e-04, Loss_res: 7.529e-06,  Loss_bcs: 7.278e-06, Loss_ut_ics: 2.550e-03, lr: 1.000e-03, Time: 1.40e+00
Model state saved to ./results/models/checkpoints/schrodinger/qho/2025-09-12_13-20-34-873284/model.pth
Model state saved to ./results/models/checkpoints/schrodinger/qho/2025-09-12_13-20-34-873284/model_weights.pth
It: 500, Loss: 3.810e-04, Loss_res: 2.601e-05,  Loss_bcs: 4.329e-06, Loss_ut_ics: 3.922e-04, lr: 1.000e-03, Time: 1.75e+00
Model state saved to ./results/models/checkpoints/schrodinger/qho/2025-09-12_13-20-34-873284/model.pth
Model state saved to ./results/models/checkpoints/schrodinger/qho/2025-09-12_13-20-34-873284/model_weights.pth
It: 600, Loss: 3.089e-04, Loss_res: 8.173e-05,  Loss_bcs: 6.357e-07, Loss_ut_ics: 1.310e-02, lr: 1.000e-03, Time: 2.10e+00
Model state saved to ./results/models/checkpoints/schrodinger/qho/2025-09-12_13-20-34-873284/model.pth
Model state saved to ./results/models/checkpoints/schrodinger/qho/2025-09-12_13-20-34-873284/model_weights.pth
It: 700, Loss: 7.684e-05, Loss_res: 1.957e-04,  Loss_bcs: 3.553e-07, Loss_ut_ics: 5.243e-04, lr: 1.000e-03, Time: 2.45e+00
Model state saved to ./results/models/checkpoints/schrodinger/qho/2025-09-12_13-20-34-873284/model.pth
Model state saved to ./results/models/checkpoints/schrodinger/qho/2025-09-12_13-20-34-873284/model_weights.pth
It: 800, Loss: 6.755e-05, Loss_res: 2.331e-04,  Loss_bcs: 1.211e-07, Loss_ut_ics: 3.583e-03, lr: 1.000e-03, Time: 2.80e+00
Model state saved to ./results/models/checkpoints/schrodinger/qho/2025-09-12_13-20-34-873284/model.pth
Model state saved to ./results/models/checkpoints/schrodinger/qho/2025-09-12_13-20-34-873284/model_weights.pth
It: 900, Loss: 3.418e-05, Loss_res: 3.838e-04,  Loss_bcs: 4.792e-07, Loss_ut_ics: 1.653e-03, lr: 1.000e-03, Time: 3.13e+00
Model state saved to ./results/models/checkpoints/schrodinger/qho/2025-09-12_13-20-34-873284/model.pth
Model state saved to ./results/models/checkpoints/schrodinger/qho/2025-09-12_13-20-34-873284/model_weights.pth
It: 1000, Loss: 2.180e-05, Loss_res: 5.236e-04,  Loss_bcs: 2.132e-07, Loss_ut_ics: 6.318e-04, lr: 1.000e-03, Time: 3.47e+00
Model state saved to ./results/models/checkpoints/schrodinger/qho/2025-09-12_13-20-34-873284/model.pth
Model state saved to ./results/models/checkpoints/schrodinger/qho/2025-09-12_13-20-34-873284/model_weights.pth
Model state saved to ./results/models/checkpoints/schrodinger/qho/2025-09-12_13-20-34-873284/model.pth
Model state saved to ./results/models/checkpoints/schrodinger/qho/2025-09-12_13-20-34-873284/model_weights.pth
