INFO:src.utils.logger:It: 1, Loss: 2.505e+02, Loss_res: 3.805e-01,  Loss_bcs: 0.000e+00, Loss_ut_ics: 9.824e-01, Loss_norm: 9.911e-01, Loss_gauge: 0.000e+00, w_pde: 3.33e-03, L^2_error: 1.025e+00, lr: 1.000e-03, Time: 7.77e-02
INFO:src.utils.logger:Model state saved to results\box\Classical\20260501-140326_seed0_bf_box__2-64-64-64-64-2_seed13\checkpoints\2026-05-01_14-03-34-743849_box_Classical_seed13\model.pth
INFO:src.utils.logger:Model weights saved to results\box\Classical\20260501-140326_seed0_bf_box__2-64-64-64-64-2_seed13\checkpoints\2026-05-01_14-03-34-743849_box_Classical_seed13\model_weights.pth
INFO:src.utils.logger:It: 50, Loss: 9.668e+00, Loss_res: 2.982e+01,  Loss_bcs: 0.000e+00, Loss_ut_ics: 1.846e-02, Loss_norm: 1.648e-02, Loss_gauge: 0.000e+00, w_pde: 1.67e-01, L^2_error: 8.959e-01, lr: 1.000e-03, Time: 2.91e+00
INFO:src.utils.logger:Model state saved to results\box\Classical\20260501-140326_seed0_bf_box__2-64-64-64-64-2_seed13\checkpoints\2026-05-01_14-03-34-743849_box_Classical_seed13\model.pth
INFO:src.utils.logger:Model weights saved to results\box\Classical\20260501-140326_seed0_bf_box__2-64-64-64-64-2_seed13\checkpoints\2026-05-01_14-03-34-743849_box_Classical_seed13\model_weights.pth
INFO:src.utils.logger:It: 100, Loss: 9.470e+00, Loss_res: 2.551e+01,  Loss_bcs: 0.000e+00, Loss_ut_ics: 3.765e-03, Loss_norm: 4.839e-03, Loss_gauge: 0.000e+00, w_pde: 3.33e-01, L^2_error: 9.109e-01, lr: 1.000e-03, Time: 6.15e+00
INFO:src.utils.logger:Model state saved to results\box\Classical\20260501-140326_seed0_bf_box__2-64-64-64-64-2_seed13\checkpoints\2026-05-01_14-03-34-743849_box_Classical_seed13\model.pth
INFO:src.utils.logger:Model weights saved to results\box\Classical\20260501-140326_seed0_bf_box__2-64-64-64-64-2_seed13\checkpoints\2026-05-01_14-03-34-743849_box_Classical_seed13\model_weights.pth
INFO:src.utils.logger:It: 150, Loss: 1.040e+01, Loss_res: 1.909e+01,  Loss_bcs: 0.000e+00, Loss_ut_ics: 3.207e-03, Loss_norm: 1.162e-02, Loss_gauge: 0.000e+00, w_pde: 5.00e-01, L^2_error: 8.158e-01, lr: 1.000e-03, Time: 9.01e+00
INFO:src.utils.logger:Model state saved to results\box\Classical\20260501-140326_seed0_bf_box__2-64-64-64-64-2_seed13\checkpoints\2026-05-01_14-03-34-743849_box_Classical_seed13\model.pth
INFO:src.utils.logger:Model weights saved to results\box\Classical\20260501-140326_seed0_bf_box__2-64-64-64-64-2_seed13\checkpoints\2026-05-01_14-03-34-743849_box_Classical_seed13\model_weights.pth
INFO:src.utils.logger:It: 200, Loss: 4.885e+00, Loss_res: 6.543e+00,  Loss_bcs: 0.000e+00, Loss_ut_ics: 2.069e-03, Loss_norm: 1.088e-03, Loss_gauge: 0.000e+00, w_pde: 6.67e-01, L^2_error: 3.216e-01, lr: 1.000e-03, Time: 1.19e+01
INFO:src.utils.logger:Model state saved to results\box\Classical\20260501-140326_seed0_bf_box__2-64-64-64-64-2_seed13\checkpoints\2026-05-01_14-03-34-743849_box_Classical_seed13\model.pth
INFO:src.utils.logger:Model weights saved to results\box\Classical\20260501-140326_seed0_bf_box__2-64-64-64-64-2_seed13\checkpoints\2026-05-01_14-03-34-743849_box_Classical_seed13\model_weights.pth
INFO:src.utils.logger:It: 250, Loss: 3.441e+00, Loss_res: 3.750e+00,  Loss_bcs: 0.000e+00, Loss_ut_ics: 1.050e-03, Loss_norm: 1.073e-02, Loss_gauge: 0.000e+00, w_pde: 8.33e-01, L^2_error: 1.690e-01, lr: 1.000e-03, Time: 1.47e+01
INFO:src.utils.logger:Model state saved to results\box\Classical\20260501-140326_seed0_bf_box__2-64-64-64-64-2_seed13\checkpoints\2026-05-01_14-03-34-743849_box_Classical_seed13\model.pth
INFO:src.utils.logger:Model weights saved to results\box\Classical\20260501-140326_seed0_bf_box__2-64-64-64-64-2_seed13\checkpoints\2026-05-01_14-03-34-743849_box_Classical_seed13\model_weights.pth
INFO:src.utils.logger:It: 300, Loss: 2.868e+00, Loss_res: 2.631e+00,  Loss_bcs: 0.000e+00, Loss_ut_ics: 8.180e-04, Loss_norm: 6.497e-03, Loss_gauge: 0.000e+00, w_pde: 1.00e+00, L^2_error: 1.196e-01, lr: 1.000e-03, Time: 1.76e+01
INFO:src.utils.logger:Model state saved to results\box\Classical\20260501-140326_seed0_bf_box__2-64-64-64-64-2_seed13\checkpoints\2026-05-01_14-03-34-743849_box_Classical_seed13\model.pth
INFO:src.utils.logger:Model weights saved to results\box\Classical\20260501-140326_seed0_bf_box__2-64-64-64-64-2_seed13\checkpoints\2026-05-01_14-03-34-743849_box_Classical_seed13\model_weights.pth
INFO:src.utils.logger:It: 350, Loss: 1.560e+00, Loss_res: 1.435e+00,  Loss_bcs: 0.000e+00, Loss_ut_ics: 4.121e-04, Loss_norm: 4.336e-03, Loss_gauge: 0.000e+00, w_pde: 1.00e+00, L^2_error: 8.107e-02, lr: 1.000e-03, Time: 2.04e+01
INFO:src.utils.logger:Model state saved to results\box\Classical\20260501-140326_seed0_bf_box__2-64-64-64-64-2_seed13\checkpoints\2026-05-01_14-03-34-743849_box_Classical_seed13\model.pth
INFO:src.utils.logger:Model weights saved to results\box\Classical\20260501-140326_seed0_bf_box__2-64-64-64-64-2_seed13\checkpoints\2026-05-01_14-03-34-743849_box_Classical_seed13\model_weights.pth
INFO:src.utils.logger:It: 400, Loss: 8.176e-01, Loss_res: 7.489e-01,  Loss_bcs: 0.000e+00, Loss_ut_ics: 2.414e-04, Loss_norm: 1.676e-03, Loss_gauge: 0.000e+00, w_pde: 1.00e+00, L^2_error: 4.343e-02, lr: 1.000e-03, Time: 2.32e+01
INFO:src.utils.logger:Model state saved to results\box\Classical\20260501-140326_seed0_bf_box__2-64-64-64-64-2_seed13\checkpoints\2026-05-01_14-03-34-743849_box_Classical_seed13\model.pth
INFO:src.utils.logger:Model weights saved to results\box\Classical\20260501-140326_seed0_bf_box__2-64-64-64-64-2_seed13\checkpoints\2026-05-01_14-03-34-743849_box_Classical_seed13\model_weights.pth
INFO:src.utils.logger:It: 450, Loss: 3.818e-01, Loss_res: 3.482e-01,  Loss_bcs: 0.000e+00, Loss_ut_ics: 1.266e-04, Loss_norm: 3.874e-04, Loss_gauge: 0.000e+00, w_pde: 1.00e+00, L^2_error: 2.580e-02, lr: 1.000e-03, Time: 2.61e+01
INFO:src.utils.logger:Model state saved to results\box\Classical\20260501-140326_seed0_bf_box__2-64-64-64-64-2_seed13\checkpoints\2026-05-01_14-03-34-743849_box_Classical_seed13\model.pth
INFO:src.utils.logger:Model weights saved to results\box\Classical\20260501-140326_seed0_bf_box__2-64-64-64-64-2_seed13\checkpoints\2026-05-01_14-03-34-743849_box_Classical_seed13\model_weights.pth
INFO:src.utils.logger:It: 500, Loss: 1.559e-01, Loss_res: 1.338e-01,  Loss_bcs: 0.000e+00, Loss_ut_ics: 8.746e-05, Loss_norm: 4.118e-05, Loss_gauge: 0.000e+00, w_pde: 1.00e+00, L^2_error: 1.772e-02, lr: 1.000e-03, Time: 2.88e+01
INFO:src.utils.logger:Model state saved to results\box\Classical\20260501-140326_seed0_bf_box__2-64-64-64-64-2_seed13\checkpoints\2026-05-01_14-03-34-743849_box_Classical_seed13\model.pth
INFO:src.utils.logger:Model weights saved to results\box\Classical\20260501-140326_seed0_bf_box__2-64-64-64-64-2_seed13\checkpoints\2026-05-01_14-03-34-743849_box_Classical_seed13\model_weights.pth
INFO:src.utils.logger:It: 550, Loss: 8.168e-02, Loss_res: 6.883e-02,  Loss_bcs: 0.000e+00, Loss_ut_ics: 5.128e-05, Loss_norm: 4.255e-06, Loss_gauge: 0.000e+00, w_pde: 1.00e+00, L^2_error: 1.627e-02, lr: 1.000e-03, Time: 3.17e+01
INFO:src.utils.logger:Model state saved to results\box\Classical\20260501-140326_seed0_bf_box__2-64-64-64-64-2_seed13\checkpoints\2026-05-01_14-03-34-743849_box_Classical_seed13\model.pth
INFO:src.utils.logger:Model weights saved to results\box\Classical\20260501-140326_seed0_bf_box__2-64-64-64-64-2_seed13\checkpoints\2026-05-01_14-03-34-743849_box_Classical_seed13\model_weights.pth
INFO:src.utils.logger:It: 600, Loss: 5.258e-02, Loss_res: 4.544e-02,  Loss_bcs: 0.000e+00, Loss_ut_ics: 2.855e-05, Loss_norm: 2.635e-07, Loss_gauge: 0.000e+00, w_pde: 1.00e+00, L^2_error: 1.332e-02, lr: 1.000e-03, Time: 3.44e+01
INFO:src.utils.logger:Model state saved to results\box\Classical\20260501-140326_seed0_bf_box__2-64-64-64-64-2_seed13\checkpoints\2026-05-01_14-03-34-743849_box_Classical_seed13\model.pth
INFO:src.utils.logger:Model weights saved to results\box\Classical\20260501-140326_seed0_bf_box__2-64-64-64-64-2_seed13\checkpoints\2026-05-01_14-03-34-743849_box_Classical_seed13\model_weights.pth
INFO:src.utils.logger:It: 650, Loss: 3.885e-02, Loss_res: 3.520e-02,  Loss_bcs: 0.000e+00, Loss_ut_ics: 1.459e-05, Loss_norm: 3.388e-07, Loss_gauge: 0.000e+00, w_pde: 1.00e+00, L^2_error: 1.024e-02, lr: 1.000e-03, Time: 3.74e+01
INFO:src.utils.logger:Model state saved to results\box\Classical\20260501-140326_seed0_bf_box__2-64-64-64-64-2_seed13\checkpoints\2026-05-01_14-03-34-743849_box_Classical_seed13\model.pth
INFO:src.utils.logger:Model weights saved to results\box\Classical\20260501-140326_seed0_bf_box__2-64-64-64-64-2_seed13\checkpoints\2026-05-01_14-03-34-743849_box_Classical_seed13\model_weights.pth
INFO:src.utils.logger:It: 700, Loss: 3.481e-02, Loss_res: 3.273e-02,  Loss_bcs: 0.000e+00, Loss_ut_ics: 8.299e-06, Loss_norm: 6.445e-07, Loss_gauge: 0.000e+00, w_pde: 1.00e+00, L^2_error: 7.888e-03, lr: 1.000e-03, Time: 4.04e+01
INFO:src.utils.logger:Model state saved to results\box\Classical\20260501-140326_seed0_bf_box__2-64-64-64-64-2_seed13\checkpoints\2026-05-01_14-03-34-743849_box_Classical_seed13\model.pth
INFO:src.utils.logger:Model weights saved to results\box\Classical\20260501-140326_seed0_bf_box__2-64-64-64-64-2_seed13\checkpoints\2026-05-01_14-03-34-743849_box_Classical_seed13\model_weights.pth
INFO:src.utils.logger:It: 750, Loss: 2.655e-02, Loss_res: 2.495e-02,  Loss_bcs: 0.000e+00, Loss_ut_ics: 6.395e-06, Loss_norm: 1.583e-07, Loss_gauge: 0.000e+00, w_pde: 1.00e+00, L^2_error: 6.419e-03, lr: 1.000e-03, Time: 4.34e+01
INFO:src.utils.logger:Model state saved to results\box\Classical\20260501-140326_seed0_bf_box__2-64-64-64-64-2_seed13\checkpoints\2026-05-01_14-03-34-743849_box_Classical_seed13\model.pth
INFO:src.utils.logger:Model weights saved to results\box\Classical\20260501-140326_seed0_bf_box__2-64-64-64-64-2_seed13\checkpoints\2026-05-01_14-03-34-743849_box_Classical_seed13\model_weights.pth
INFO:src.utils.logger:It: 800, Loss: 2.286e-02, Loss_res: 2.156e-02,  Loss_bcs: 0.000e+00, Loss_ut_ics: 5.219e-06, Loss_norm: 7.610e-08, Loss_gauge: 0.000e+00, w_pde: 1.00e+00, L^2_error: 5.422e-03, lr: 1.000e-03, Time: 4.61e+01
INFO:src.utils.logger:Model state saved to results\box\Classical\20260501-140326_seed0_bf_box__2-64-64-64-64-2_seed13\checkpoints\2026-05-01_14-03-34-743849_box_Classical_seed13\model.pth
INFO:src.utils.logger:Model weights saved to results\box\Classical\20260501-140326_seed0_bf_box__2-64-64-64-64-2_seed13\checkpoints\2026-05-01_14-03-34-743849_box_Classical_seed13\model_weights.pth
INFO:src.utils.logger:It: 850, Loss: 2.118e-02, Loss_res: 2.009e-02,  Loss_bcs: 0.000e+00, Loss_ut_ics: 4.362e-06, Loss_norm: 3.330e-07, Loss_gauge: 0.000e+00, w_pde: 1.00e+00, L^2_error: 5.127e-03, lr: 1.000e-03, Time: 4.90e+01
INFO:src.utils.logger:Model state saved to results\box\Classical\20260501-140326_seed0_bf_box__2-64-64-64-64-2_seed13\checkpoints\2026-05-01_14-03-34-743849_box_Classical_seed13\model.pth
INFO:src.utils.logger:Model weights saved to results\box\Classical\20260501-140326_seed0_bf_box__2-64-64-64-64-2_seed13\checkpoints\2026-05-01_14-03-34-743849_box_Classical_seed13\model_weights.pth
INFO:src.utils.logger:It: 900, Loss: 1.757e-02, Loss_res: 1.661e-02,  Loss_bcs: 0.000e+00, Loss_ut_ics: 3.838e-06, Loss_norm: 4.943e-07, Loss_gauge: 0.000e+00, w_pde: 1.00e+00, L^2_error: 4.554e-03, lr: 1.000e-03, Time: 5.18e+01
INFO:src.utils.logger:Model state saved to results\box\Classical\20260501-140326_seed0_bf_box__2-64-64-64-64-2_seed13\checkpoints\2026-05-01_14-03-34-743849_box_Classical_seed13\model.pth
INFO:src.utils.logger:Model weights saved to results\box\Classical\20260501-140326_seed0_bf_box__2-64-64-64-64-2_seed13\checkpoints\2026-05-01_14-03-34-743849_box_Classical_seed13\model_weights.pth
INFO:src.utils.logger:It: 950, Loss: 1.755e-02, Loss_res: 1.663e-02,  Loss_bcs: 0.000e+00, Loss_ut_ics: 3.658e-06, Loss_norm: 3.461e-08, Loss_gauge: 0.000e+00, w_pde: 1.00e+00, L^2_error: 4.694e-03, lr: 1.000e-03, Time: 5.47e+01
INFO:src.utils.logger:Model state saved to results\box\Classical\20260501-140326_seed0_bf_box__2-64-64-64-64-2_seed13\checkpoints\2026-05-01_14-03-34-743849_box_Classical_seed13\model.pth
INFO:src.utils.logger:Model weights saved to results\box\Classical\20260501-140326_seed0_bf_box__2-64-64-64-64-2_seed13\checkpoints\2026-05-01_14-03-34-743849_box_Classical_seed13\model_weights.pth
INFO:src.utils.logger:It: 1000, Loss: 1.556e-02, Loss_res: 1.476e-02,  Loss_bcs: 0.000e+00, Loss_ut_ics: 3.162e-06, Loss_norm: 8.033e-07, Loss_gauge: 0.000e+00, w_pde: 1.00e+00, L^2_error: 4.378e-03, lr: 1.000e-03, Time: 5.75e+01
INFO:src.utils.logger:Model state saved to results\box\Classical\20260501-140326_seed0_bf_box__2-64-64-64-64-2_seed13\checkpoints\2026-05-01_14-03-34-743849_box_Classical_seed13\model.pth
INFO:src.utils.logger:Model weights saved to results\box\Classical\20260501-140326_seed0_bf_box__2-64-64-64-64-2_seed13\checkpoints\2026-05-01_14-03-34-743849_box_Classical_seed13\model_weights.pth
INFO:src.utils.logger:It: 1050, Loss: 1.276e-02, Loss_res: 1.203e-02,  Loss_bcs: 0.000e+00, Loss_ut_ics: 2.922e-06, Loss_norm: 5.142e-07, Loss_gauge: 0.000e+00, w_pde: 1.00e+00, L^2_error: 4.137e-03, lr: 1.000e-03, Time: 6.03e+01
INFO:src.utils.logger:Model state saved to results\box\Classical\20260501-140326_seed0_bf_box__2-64-64-64-64-2_seed13\checkpoints\2026-05-01_14-03-34-743849_box_Classical_seed13\model.pth
INFO:src.utils.logger:Model weights saved to results\box\Classical\20260501-140326_seed0_bf_box__2-64-64-64-64-2_seed13\checkpoints\2026-05-01_14-03-34-743849_box_Classical_seed13\model_weights.pth
INFO:src.utils.logger:It: 1100, Loss: 1.297e-02, Loss_res: 1.238e-02,  Loss_bcs: 0.000e+00, Loss_ut_ics: 2.331e-06, Loss_norm: 8.813e-07, Loss_gauge: 0.000e+00, w_pde: 1.00e+00, L^2_error: 3.716e-03, lr: 1.000e-03, Time: 6.32e+01
INFO:src.utils.logger:Model state saved to results\box\Classical\20260501-140326_seed0_bf_box__2-64-64-64-64-2_seed13\checkpoints\2026-05-01_14-03-34-743849_box_Classical_seed13\model.pth
INFO:src.utils.logger:Model weights saved to results\box\Classical\20260501-140326_seed0_bf_box__2-64-64-64-64-2_seed13\checkpoints\2026-05-01_14-03-34-743849_box_Classical_seed13\model_weights.pth
INFO:src.utils.logger:It: 1150, Loss: 1.132e-02, Loss_res: 1.073e-02,  Loss_bcs: 0.000e+00, Loss_ut_ics: 2.303e-06, Loss_norm: 1.973e-06, Loss_gauge: 0.000e+00, w_pde: 1.00e+00, L^2_error: 3.576e-03, lr: 1.000e-03, Time: 6.60e+01
INFO:src.utils.logger:Model state saved to results\box\Classical\20260501-140326_seed0_bf_box__2-64-64-64-64-2_seed13\checkpoints\2026-05-01_14-03-34-743849_box_Classical_seed13\model.pth
INFO:src.utils.logger:Model weights saved to results\box\Classical\20260501-140326_seed0_bf_box__2-64-64-64-64-2_seed13\checkpoints\2026-05-01_14-03-34-743849_box_Classical_seed13\model_weights.pth
INFO:src.utils.logger:It: 1200, Loss: 1.067e-02, Loss_res: 1.007e-02,  Loss_bcs: 0.000e+00, Loss_ut_ics: 2.411e-06, Loss_norm: 6.278e-07, Loss_gauge: 0.000e+00, w_pde: 1.00e+00, L^2_error: 4.065e-03, lr: 1.000e-03, Time: 6.89e+01
INFO:src.utils.logger:Model state saved to results\box\Classical\20260501-140326_seed0_bf_box__2-64-64-64-64-2_seed13\checkpoints\2026-05-01_14-03-34-743849_box_Classical_seed13\model.pth
INFO:src.utils.logger:Model weights saved to results\box\Classical\20260501-140326_seed0_bf_box__2-64-64-64-64-2_seed13\checkpoints\2026-05-01_14-03-34-743849_box_Classical_seed13\model_weights.pth
INFO:src.utils.logger:It: 1250, Loss: 9.456e-03, Loss_res: 8.980e-03,  Loss_bcs: 0.000e+00, Loss_ut_ics: 1.880e-06, Loss_norm: 1.099e-06, Loss_gauge: 0.000e+00, w_pde: 1.00e+00, L^2_error: 3.264e-03, lr: 1.000e-03, Time: 7.17e+01
INFO:src.utils.logger:Model state saved to results\box\Classical\20260501-140326_seed0_bf_box__2-64-64-64-64-2_seed13\checkpoints\2026-05-01_14-03-34-743849_box_Classical_seed13\model.pth
INFO:src.utils.logger:Model weights saved to results\box\Classical\20260501-140326_seed0_bf_box__2-64-64-64-64-2_seed13\checkpoints\2026-05-01_14-03-34-743849_box_Classical_seed13\model_weights.pth
INFO:src.utils.logger:It: 1300, Loss: 9.411e-03, Loss_res: 8.931e-03,  Loss_bcs: 0.000e+00, Loss_ut_ics: 1.913e-06, Loss_norm: 2.847e-07, Loss_gauge: 0.000e+00, w_pde: 1.00e+00, L^2_error: 3.489e-03, lr: 1.000e-03, Time: 7.45e+01
INFO:src.utils.logger:Model state saved to results\box\Classical\20260501-140326_seed0_bf_box__2-64-64-64-64-2_seed13\checkpoints\2026-05-01_14-03-34-743849_box_Classical_seed13\model.pth
INFO:src.utils.logger:Model weights saved to results\box\Classical\20260501-140326_seed0_bf_box__2-64-64-64-64-2_seed13\checkpoints\2026-05-01_14-03-34-743849_box_Classical_seed13\model_weights.pth
INFO:src.utils.logger:It: 1350, Loss: 8.464e-03, Loss_res: 8.020e-03,  Loss_bcs: 0.000e+00, Loss_ut_ics: 1.760e-06, Loss_norm: 6.959e-07, Loss_gauge: 0.000e+00, w_pde: 1.00e+00, L^2_error: 2.981e-03, lr: 1.000e-03, Time: 7.73e+01
INFO:src.utils.logger:Model state saved to results\box\Classical\20260501-140326_seed0_bf_box__2-64-64-64-64-2_seed13\checkpoints\2026-05-01_14-03-34-743849_box_Classical_seed13\model.pth
INFO:src.utils.logger:Model weights saved to results\box\Classical\20260501-140326_seed0_bf_box__2-64-64-64-64-2_seed13\checkpoints\2026-05-01_14-03-34-743849_box_Classical_seed13\model_weights.pth
INFO:src.utils.logger:It: 1400, Loss: 8.635e-03, Loss_res: 8.223e-03,  Loss_bcs: 0.000e+00, Loss_ut_ics: 1.645e-06, Loss_norm: 2.490e-07, Loss_gauge: 0.000e+00, w_pde: 1.00e+00, L^2_error: 3.062e-03, lr: 1.000e-03, Time: 8.02e+01
INFO:src.utils.logger:Model state saved to results\box\Classical\20260501-140326_seed0_bf_box__2-64-64-64-64-2_seed13\checkpoints\2026-05-01_14-03-34-743849_box_Classical_seed13\model.pth
INFO:src.utils.logger:Model weights saved to results\box\Classical\20260501-140326_seed0_bf_box__2-64-64-64-64-2_seed13\checkpoints\2026-05-01_14-03-34-743849_box_Classical_seed13\model_weights.pth
INFO:src.utils.logger:It: 1450, Loss: 8.686e-03, Loss_res: 8.244e-03,  Loss_bcs: 0.000e+00, Loss_ut_ics: 1.764e-06, Loss_norm: 2.643e-07, Loss_gauge: 0.000e+00, w_pde: 1.00e+00, L^2_error: 3.003e-03, lr: 1.000e-03, Time: 8.29e+01
INFO:src.utils.logger:Model state saved to results\box\Classical\20260501-140326_seed0_bf_box__2-64-64-64-64-2_seed13\checkpoints\2026-05-01_14-03-34-743849_box_Classical_seed13\model.pth
INFO:src.utils.logger:Model weights saved to results\box\Classical\20260501-140326_seed0_bf_box__2-64-64-64-64-2_seed13\checkpoints\2026-05-01_14-03-34-743849_box_Classical_seed13\model_weights.pth
INFO:src.utils.logger:It: 1500, Loss: 6.728e-03, Loss_res: 6.358e-03,  Loss_bcs: 0.000e+00, Loss_ut_ics: 1.472e-06, Loss_norm: 4.460e-07, Loss_gauge: 0.000e+00, w_pde: 1.00e+00, L^2_error: 2.734e-03, lr: 1.000e-03, Time: 8.58e+01
INFO:src.utils.logger:Model state saved to results\box\Classical\20260501-140326_seed0_bf_box__2-64-64-64-64-2_seed13\checkpoints\2026-05-01_14-03-34-743849_box_Classical_seed13\model.pth
INFO:src.utils.logger:Model weights saved to results\box\Classical\20260501-140326_seed0_bf_box__2-64-64-64-64-2_seed13\checkpoints\2026-05-01_14-03-34-743849_box_Classical_seed13\model_weights.pth
