checkpoint path: self.log_path='./results/models/checkpoints/schrodinger/qho/2025-09-12_13-22-33-178381'
Using Classical Solver
The settings used:
batch_size : 64
epochs : 1000
lr : 0.001
seed : 42
print_every : 100
log_path : ./results/models/checkpoints/schrodinger/qho
input_dim : 2
output_dim : 1
num_qubits : 5
hidden_dim : 5
num_quantum_layers : 2
classic_network : [2, 5, 1]
q_ansatz : sim_circ_15
mode : hybrid
activation : null
shots : 1
problem : schrodinger
solver : Classical
device : cpu
method : None
cutoff_dim : 20
class : CVNeuralNetwork2
encoding : angle
eq_params : {'example': 'ho', 'L': 5.0, 'T': 0.1, 'hbar': 1.0, 'mass': 1.0, 'n_level': 0, 'omega': 1.0, 'potential_fn': 'lambda t, x : 0.5 * 1.0 * (1.0**2) * (x**2)'}
noise : False
Total number of parameters: 111
It: 1, Loss: 5.247e-02, Loss_res: 5.760e-06,  Loss_bcs: 5.137e-02, Loss_ut_ics: 3.796e-02, lr: 1.000e-03, Time: 3.15e-02
Model state saved to ./results/models/checkpoints/schrodinger/qho/2025-09-12_13-22-33-178381/model.pth
Model state saved to ./results/models/checkpoints/schrodinger/qho/2025-09-12_13-22-33-178381/model_weights.pth
It: 100, Loss: 2.024e-03, Loss_res: 6.650e-09,  Loss_bcs: 1.528e-05, Loss_ut_ics: 9.319e-02, lr: 1.000e-03, Time: 5.27e-01
Model state saved to ./results/models/checkpoints/schrodinger/qho/2025-09-12_13-22-33-178381/model.pth
Model state saved to ./results/models/checkpoints/schrodinger/qho/2025-09-12_13-22-33-178381/model_weights.pth
It: 200, Loss: 1.645e-03, Loss_res: 3.197e-08,  Loss_bcs: 1.897e-05, Loss_ut_ics: 7.822e-02, lr: 1.000e-03, Time: 1.06e+00
Model state saved to ./results/models/checkpoints/schrodinger/qho/2025-09-12_13-22-33-178381/model.pth
Model state saved to ./results/models/checkpoints/schrodinger/qho/2025-09-12_13-22-33-178381/model_weights.pth
It: 300, Loss: 1.052e-03, Loss_res: 1.176e-07,  Loss_bcs: 1.323e-05, Loss_ut_ics: 3.248e-02, lr: 1.000e-03, Time: 1.55e+00
Model state saved to ./results/models/checkpoints/schrodinger/qho/2025-09-12_13-22-33-178381/model.pth
Model state saved to ./results/models/checkpoints/schrodinger/qho/2025-09-12_13-22-33-178381/model_weights.pth
It: 400, Loss: 7.267e-04, Loss_res: 7.141e-07,  Loss_bcs: 1.269e-05, Loss_ut_ics: 2.642e-03, lr: 1.000e-03, Time: 2.02e+00
Model state saved to ./results/models/checkpoints/schrodinger/qho/2025-09-12_13-22-33-178381/model.pth
Model state saved to ./results/models/checkpoints/schrodinger/qho/2025-09-12_13-22-33-178381/model_weights.pth
It: 500, Loss: 5.693e-04, Loss_res: 2.245e-06,  Loss_bcs: 1.040e-05, Loss_ut_ics: 8.651e-04, lr: 1.000e-03, Time: 2.39e+00
Model state saved to ./results/models/checkpoints/schrodinger/qho/2025-09-12_13-22-33-178381/model.pth
Model state saved to ./results/models/checkpoints/schrodinger/qho/2025-09-12_13-22-33-178381/model_weights.pth
It: 600, Loss: 7.064e-04, Loss_res: 8.398e-06,  Loss_bcs: 5.866e-06, Loss_ut_ics: 2.759e-02, lr: 1.000e-03, Time: 2.78e+00
Model state saved to ./results/models/checkpoints/schrodinger/qho/2025-09-12_13-22-33-178381/model.pth
Model state saved to ./results/models/checkpoints/schrodinger/qho/2025-09-12_13-22-33-178381/model_weights.pth
It: 700, Loss: 2.734e-04, Loss_res: 2.973e-05,  Loss_bcs: 9.717e-07, Loss_ut_ics: 1.934e-03, lr: 1.000e-03, Time: 3.32e+00
Model state saved to ./results/models/checkpoints/schrodinger/qho/2025-09-12_13-22-33-178381/model.pth
Model state saved to ./results/models/checkpoints/schrodinger/qho/2025-09-12_13-22-33-178381/model_weights.pth
It: 800, Loss: 2.919e-04, Loss_res: 6.136e-05,  Loss_bcs: 2.237e-07, Loss_ut_ics: 1.473e-02, lr: 1.000e-03, Time: 3.82e+00
Model state saved to ./results/models/checkpoints/schrodinger/qho/2025-09-12_13-22-33-178381/model.pth
Model state saved to ./results/models/checkpoints/schrodinger/qho/2025-09-12_13-22-33-178381/model_weights.pth
It: 900, Loss: 1.806e-04, Loss_res: 1.333e-04,  Loss_bcs: 2.230e-07, Loss_ut_ics: 8.963e-03, lr: 1.000e-03, Time: 4.32e+00
Model state saved to ./results/models/checkpoints/schrodinger/qho/2025-09-12_13-22-33-178381/model.pth
Model state saved to ./results/models/checkpoints/schrodinger/qho/2025-09-12_13-22-33-178381/model_weights.pth
It: 1000, Loss: 1.248e-04, Loss_res: 2.006e-04,  Loss_bcs: 1.110e-07, Loss_ut_ics: 4.780e-03, lr: 1.000e-03, Time: 4.78e+00
Model state saved to ./results/models/checkpoints/schrodinger/qho/2025-09-12_13-22-33-178381/model.pth
Model state saved to ./results/models/checkpoints/schrodinger/qho/2025-09-12_13-22-33-178381/model_weights.pth
Model state saved to ./results/models/checkpoints/schrodinger/qho/2025-09-12_13-22-33-178381/model.pth
Model state saved to ./results/models/checkpoints/schrodinger/qho/2025-09-12_13-22-33-178381/model_weights.pth
