Using DV Solver
The settings used:
batch_size : 64
epochs : 200
lr : 0.001
seed : 42
print_every : 100
log_path : ./results/models/checkpoints/wave
input_dim : 2
output_dim : 2
num_qubits : 5
hidden_dim : 50
num_quantum_layers : 1
classic_network : [2, 50, 2]
q_ansatz : sim_circ_5
mode : hybrid
activation : null
shots : None
problem : schrodinger
solver : DV
device : cpu
method : None
cutoff_dim : 20
class : CVNeuralNetwork2
encoding : None
Total number of parameters: 882
The circuit used in the study:
