checkpoint path: self.log_path='./results/models/checkpoints/smoke_schrodinger\\2025-12-16_10-10-30-945288_barrier_Classical'
checkpoint path: self.log_path='./results/models/checkpoints/smoke_schrodinger\\2025-12-16_10-19-15-982766_barrier_Classical'
It: 1, Loss: 5.041e+02, Loss_res: 1.080e-01,  Loss_bcs: 0.000e+00, Loss_ut_ics: 1.006e+00, Loss_norm: 9.985e-01, w_pde: 6.25e-02, L^2_error: 1.003e+00, lr: 1.000e-03, Time: 3.50e-01
Model state saved to ./results/models/checkpoints/smoke_schrodinger\2025-12-16_10-19-15-982766_barrier_Classical\model.pth
Model state saved to ./results/models/checkpoints/smoke_schrodinger\2025-12-16_10-19-15-982766_barrier_Classical\model_weights.pth
It: 100, Loss: 4.209e+02, Loss_res: 1.170e+01,  Loss_bcs: 0.000e+00, Loss_ut_ics: 6.937e-01, Loss_norm: 9.380e-01, w_pde: 6.25e+00, L^2_error: 1.094e+00, lr: 1.000e-03, Time: 2.23e+01
Model state saved to ./results/models/checkpoints/smoke_schrodinger\2025-12-16_10-19-15-982766_barrier_Classical\model.pth
Model state saved to ./results/models/checkpoints/smoke_schrodinger\2025-12-16_10-19-15-982766_barrier_Classical\model_weights.pth
It: 200, Loss: 3.015e+02, Loss_res: 8.755e+00,  Loss_bcs: 0.000e+00, Loss_ut_ics: 3.827e-01, Loss_norm: 7.255e-01, w_pde: 1.25e+01, L^2_error: 1.042e+00, lr: 1.000e-03, Time: 4.50e+01
Model state saved to ./results/models/checkpoints/smoke_schrodinger\2025-12-16_10-19-15-982766_barrier_Classical\model.pth
Model state saved to ./results/models/checkpoints/smoke_schrodinger\2025-12-16_10-19-15-982766_barrier_Classical\model_weights.pth
It: 300, Loss: 2.745e+02, Loss_res: 5.505e+00,  Loss_bcs: 0.000e+00, Loss_ut_ics: 3.412e-01, Loss_norm: 6.756e-01, w_pde: 1.88e+01, L^2_error: 9.577e-01, lr: 1.000e-03, Time: 6.79e+01
Model state saved to ./results/models/checkpoints/smoke_schrodinger\2025-12-16_10-19-15-982766_barrier_Classical\model.pth
Model state saved to ./results/models/checkpoints/smoke_schrodinger\2025-12-16_10-19-15-982766_barrier_Classical\model_weights.pth
It: 400, Loss: 1.941e+02, Loss_res: 3.402e+00,  Loss_bcs: 0.000e+00, Loss_ut_ics: 2.170e-01, Loss_norm: 5.023e-01, w_pde: 2.50e+01, L^2_error: 7.926e-01, lr: 1.000e-03, Time: 9.04e+01
Model state saved to ./results/models/checkpoints/smoke_schrodinger\2025-12-16_10-19-15-982766_barrier_Classical\model.pth
Model state saved to ./results/models/checkpoints/smoke_schrodinger\2025-12-16_10-19-15-982766_barrier_Classical\model_weights.pth
It: 500, Loss: 1.557e+02, Loss_res: 2.314e+00,  Loss_bcs: 0.000e+00, Loss_ut_ics: 1.660e-01, Loss_norm: 4.018e-01, w_pde: 3.12e+01, L^2_error: 6.301e-01, lr: 1.000e-03, Time: 1.13e+02
Model state saved to ./results/models/checkpoints/smoke_schrodinger\2025-12-16_10-19-15-982766_barrier_Classical\model.pth
Model state saved to ./results/models/checkpoints/smoke_schrodinger\2025-12-16_10-19-15-982766_barrier_Classical\model_weights.pth
It: 600, Loss: 1.320e+02, Loss_res: 1.776e+00,  Loss_bcs: 0.000e+00, Loss_ut_ics: 1.301e-01, Loss_norm: 3.331e-01, w_pde: 3.75e+01, L^2_error: 5.221e-01, lr: 1.000e-03, Time: 1.36e+02
Model state saved to ./results/models/checkpoints/smoke_schrodinger\2025-12-16_10-19-15-982766_barrier_Classical\model.pth
Model state saved to ./results/models/checkpoints/smoke_schrodinger\2025-12-16_10-19-15-982766_barrier_Classical\model_weights.pth
It: 700, Loss: 1.226e+02, Loss_res: 1.546e+00,  Loss_bcs: 0.000e+00, Loss_ut_ics: 1.094e-01, Loss_norm: 2.856e-01, w_pde: 4.38e+01, L^2_error: 4.571e-01, lr: 1.000e-03, Time: 1.58e+02
Model state saved to ./results/models/checkpoints/smoke_schrodinger\2025-12-16_10-19-15-982766_barrier_Classical\model.pth
Model state saved to ./results/models/checkpoints/smoke_schrodinger\2025-12-16_10-19-15-982766_barrier_Classical\model_weights.pth
It: 800, Loss: 1.160e+02, Loss_res: 1.344e+00,  Loss_bcs: 0.000e+00, Loss_ut_ics: 9.712e-02, Loss_norm: 2.594e-01, w_pde: 5.00e+01, L^2_error: 4.151e-01, lr: 1.000e-03, Time: 1.81e+02
Model state saved to ./results/models/checkpoints/smoke_schrodinger\2025-12-16_10-19-15-982766_barrier_Classical\model.pth
Model state saved to ./results/models/checkpoints/smoke_schrodinger\2025-12-16_10-19-15-982766_barrier_Classical\model_weights.pth
It: 900, Loss: 1.004e+02, Loss_res: 1.193e+00,  Loss_bcs: 0.000e+00, Loss_ut_ics: 8.099e-02, Loss_norm: 2.210e-01, w_pde: 5.00e+01, L^2_error: 3.741e-01, lr: 1.000e-03, Time: 2.03e+02
Model state saved to ./results/models/checkpoints/smoke_schrodinger\2025-12-16_10-19-15-982766_barrier_Classical\model.pth
Model state saved to ./results/models/checkpoints/smoke_schrodinger\2025-12-16_10-19-15-982766_barrier_Classical\model_weights.pth
It: 1000, Loss: 9.346e+01, Loss_res: 1.167e+00,  Loss_bcs: 0.000e+00, Loss_ut_ics: 6.988e-02, Loss_norm: 1.979e-01, w_pde: 5.00e+01, L^2_error: 3.407e-01, lr: 1.000e-03, Time: 2.27e+02
Model state saved to ./results/models/checkpoints/smoke_schrodinger\2025-12-16_10-19-15-982766_barrier_Classical\model.pth
Model state saved to ./results/models/checkpoints/smoke_schrodinger\2025-12-16_10-19-15-982766_barrier_Classical\model_weights.pth
It: 1100, Loss: 8.986e+01, Loss_res: 1.203e+00,  Loss_bcs: 0.000e+00, Loss_ut_ics: 5.906e-02, Loss_norm: 1.701e-01, w_pde: 5.00e+01, L^2_error: 3.133e-01, lr: 1.000e-03, Time: 2.49e+02
Model state saved to ./results/models/checkpoints/smoke_schrodinger\2025-12-16_10-19-15-982766_barrier_Classical\model.pth
Model state saved to ./results/models/checkpoints/smoke_schrodinger\2025-12-16_10-19-15-982766_barrier_Classical\model_weights.pth
It: 1200, Loss: 7.892e+01, Loss_res: 1.069e+00,  Loss_bcs: 0.000e+00, Loss_ut_ics: 5.069e-02, Loss_norm: 1.481e-01, w_pde: 5.00e+01, L^2_error: 2.906e-01, lr: 1.000e-03, Time: 2.71e+02
Model state saved to ./results/models/checkpoints/smoke_schrodinger\2025-12-16_10-19-15-982766_barrier_Classical\model.pth
Model state saved to ./results/models/checkpoints/smoke_schrodinger\2025-12-16_10-19-15-982766_barrier_Classical\model_weights.pth
It: 1300, Loss: 7.588e+01, Loss_res: 1.077e+00,  Loss_bcs: 0.000e+00, Loss_ut_ics: 4.381e-02, Loss_norm: 1.285e-01, w_pde: 5.00e+01, L^2_error: 2.694e-01, lr: 1.000e-03, Time: 2.94e+02
Model state saved to ./results/models/checkpoints/smoke_schrodinger\2025-12-16_10-19-15-982766_barrier_Classical\model.pth
Model state saved to ./results/models/checkpoints/smoke_schrodinger\2025-12-16_10-19-15-982766_barrier_Classical\model_weights.pth
It: 1400, Loss: 6.394e+01, Loss_res: 9.029e-01,  Loss_bcs: 0.000e+00, Loss_ut_ics: 3.736e-02, Loss_norm: 1.124e-01, w_pde: 5.00e+01, L^2_error: 2.471e-01, lr: 1.000e-03, Time: 3.16e+02
Model state saved to ./results/models/checkpoints/smoke_schrodinger\2025-12-16_10-19-15-982766_barrier_Classical\model.pth
Model state saved to ./results/models/checkpoints/smoke_schrodinger\2025-12-16_10-19-15-982766_barrier_Classical\model_weights.pth
It: 1500, Loss: 6.294e+01, Loss_res: 9.170e-01,  Loss_bcs: 0.000e+00, Loss_ut_ics: 3.398e-02, Loss_norm: 1.024e-01, w_pde: 5.00e+01, L^2_error: 2.276e-01, lr: 1.000e-03, Time: 3.39e+02
Model state saved to ./results/models/checkpoints/smoke_schrodinger\2025-12-16_10-19-15-982766_barrier_Classical\model.pth
Model state saved to ./results/models/checkpoints/smoke_schrodinger\2025-12-16_10-19-15-982766_barrier_Classical\model_weights.pth
It: 1600, Loss: 5.906e+01, Loss_res: 8.905e-01,  Loss_bcs: 0.000e+00, Loss_ut_ics: 2.888e-02, Loss_norm: 8.918e-02, w_pde: 5.00e+01, L^2_error: 2.227e-01, lr: 1.000e-03, Time: 3.61e+02
Model state saved to ./results/models/checkpoints/smoke_schrodinger\2025-12-16_10-19-15-982766_barrier_Classical\model.pth
Model state saved to ./results/models/checkpoints/smoke_schrodinger\2025-12-16_10-19-15-982766_barrier_Classical\model_weights.pth
It: 1700, Loss: 5.929e+01, Loss_res: 9.338e-01,  Loss_bcs: 0.000e+00, Loss_ut_ics: 2.506e-02, Loss_norm: 7.560e-02, w_pde: 5.00e+01, L^2_error: 2.059e-01, lr: 1.000e-03, Time: 3.84e+02
Model state saved to ./results/models/checkpoints/smoke_schrodinger\2025-12-16_10-19-15-982766_barrier_Classical\model.pth
Model state saved to ./results/models/checkpoints/smoke_schrodinger\2025-12-16_10-19-15-982766_barrier_Classical\model_weights.pth
It: 1800, Loss: 5.922e+01, Loss_res: 9.512e-01,  Loss_bcs: 0.000e+00, Loss_ut_ics: 2.318e-02, Loss_norm: 7.033e-02, w_pde: 5.00e+01, L^2_error: 1.983e-01, lr: 1.000e-03, Time: 4.06e+02
Model state saved to ./results/models/checkpoints/smoke_schrodinger\2025-12-16_10-19-15-982766_barrier_Classical\model.pth
Model state saved to ./results/models/checkpoints/smoke_schrodinger\2025-12-16_10-19-15-982766_barrier_Classical\model_weights.pth
It: 1900, Loss: 5.531e+01, Loss_res: 8.969e-01,  Loss_bcs: 0.000e+00, Loss_ut_ics: 2.080e-02, Loss_norm: 6.429e-02, w_pde: 5.00e+01, L^2_error: 1.862e-01, lr: 1.000e-03, Time: 4.29e+02
Model state saved to ./results/models/checkpoints/smoke_schrodinger\2025-12-16_10-19-15-982766_barrier_Classical\model.pth
Model state saved to ./results/models/checkpoints/smoke_schrodinger\2025-12-16_10-19-15-982766_barrier_Classical\model_weights.pth
It: 2000, Loss: 5.479e+01, Loss_res: 8.925e-01,  Loss_bcs: 0.000e+00, Loss_ut_ics: 2.022e-02, Loss_norm: 6.125e-02, w_pde: 5.00e+01, L^2_error: 1.722e-01, lr: 1.000e-03, Time: 4.51e+02
Model state saved to ./results/models/checkpoints/smoke_schrodinger\2025-12-16_10-19-15-982766_barrier_Classical\model.pth
Model state saved to ./results/models/checkpoints/smoke_schrodinger\2025-12-16_10-19-15-982766_barrier_Classical\model_weights.pth
It: 2100, Loss: 6.182e+01, Loss_res: 1.056e+00,  Loss_bcs: 0.000e+00, Loss_ut_ics: 1.797e-02, Loss_norm: 5.331e-02, w_pde: 5.00e+01, L^2_error: 1.744e-01, lr: 1.000e-03, Time: 4.73e+02
Model state saved to ./results/models/checkpoints/smoke_schrodinger\2025-12-16_10-19-15-982766_barrier_Classical\model.pth
Model state saved to ./results/models/checkpoints/smoke_schrodinger\2025-12-16_10-19-15-982766_barrier_Classical\model_weights.pth
It: 2200, Loss: 5.008e+01, Loss_res: 8.402e-01,  Loss_bcs: 0.000e+00, Loss_ut_ics: 1.604e-02, Loss_norm: 4.717e-02, w_pde: 5.00e+01, L^2_error: 1.615e-01, lr: 1.000e-03, Time: 4.96e+02
Model state saved to ./results/models/checkpoints/smoke_schrodinger\2025-12-16_10-19-15-982766_barrier_Classical\model.pth
Model state saved to ./results/models/checkpoints/smoke_schrodinger\2025-12-16_10-19-15-982766_barrier_Classical\model_weights.pth
It: 2300, Loss: 4.497e+01, Loss_res: 7.464e-01,  Loss_bcs: 0.000e+00, Loss_ut_ics: 1.520e-02, Loss_norm: 4.551e-02, w_pde: 5.00e+01, L^2_error: 1.587e-01, lr: 1.000e-03, Time: 5.18e+02
Model state saved to ./results/models/checkpoints/smoke_schrodinger\2025-12-16_10-19-15-982766_barrier_Classical\model.pth
Model state saved to ./results/models/checkpoints/smoke_schrodinger\2025-12-16_10-19-15-982766_barrier_Classical\model_weights.pth
It: 2400, Loss: 4.917e+01, Loss_res: 8.391e-01,  Loss_bcs: 0.000e+00, Loss_ut_ics: 1.433e-02, Loss_norm: 4.427e-02, w_pde: 5.00e+01, L^2_error: 1.557e-01, lr: 1.000e-03, Time: 5.40e+02
Model state saved to ./results/models/checkpoints/smoke_schrodinger\2025-12-16_10-19-15-982766_barrier_Classical\model.pth
Model state saved to ./results/models/checkpoints/smoke_schrodinger\2025-12-16_10-19-15-982766_barrier_Classical\model_weights.pth
It: 2500, Loss: 3.995e+01, Loss_res: 6.687e-01,  Loss_bcs: 0.000e+00, Loss_ut_ics: 1.295e-02, Loss_norm: 4.057e-02, w_pde: 5.00e+01, L^2_error: 1.465e-01, lr: 1.000e-03, Time: 5.63e+02
Model state saved to ./results/models/checkpoints/smoke_schrodinger\2025-12-16_10-19-15-982766_barrier_Classical\model.pth
Model state saved to ./results/models/checkpoints/smoke_schrodinger\2025-12-16_10-19-15-982766_barrier_Classical\model_weights.pth
It: 2600, Loss: 3.537e+01, Loss_res: 5.916e-01,  Loss_bcs: 0.000e+00, Loss_ut_ics: 1.151e-02, Loss_norm: 3.597e-02, w_pde: 5.00e+01, L^2_error: 1.395e-01, lr: 1.000e-03, Time: 5.85e+02
Model state saved to ./results/models/checkpoints/smoke_schrodinger\2025-12-16_10-19-15-982766_barrier_Classical\model.pth
Model state saved to ./results/models/checkpoints/smoke_schrodinger\2025-12-16_10-19-15-982766_barrier_Classical\model_weights.pth
It: 2700, Loss: 4.711e+01, Loss_res: 8.285e-01,  Loss_bcs: 0.000e+00, Loss_ut_ics: 1.129e-02, Loss_norm: 3.515e-02, w_pde: 5.00e+01, L^2_error: 1.326e-01, lr: 1.000e-03, Time: 6.08e+02
Model state saved to ./results/models/checkpoints/smoke_schrodinger\2025-12-16_10-19-15-982766_barrier_Classical\model.pth
Model state saved to ./results/models/checkpoints/smoke_schrodinger\2025-12-16_10-19-15-982766_barrier_Classical\model_weights.pth
It: 2800, Loss: 3.801e+01, Loss_res: 6.492e-01,  Loss_bcs: 0.000e+00, Loss_ut_ics: 1.104e-02, Loss_norm: 3.347e-02, w_pde: 5.00e+01, L^2_error: 1.356e-01, lr: 1.000e-03, Time: 6.30e+02
Model state saved to ./results/models/checkpoints/smoke_schrodinger\2025-12-16_10-19-15-982766_barrier_Classical\model.pth
Model state saved to ./results/models/checkpoints/smoke_schrodinger\2025-12-16_10-19-15-982766_barrier_Classical\model_weights.pth
It: 2900, Loss: 3.616e+01, Loss_res: 6.274e-01,  Loss_bcs: 0.000e+00, Loss_ut_ics: 9.523e-03, Loss_norm: 3.030e-02, w_pde: 5.00e+01, L^2_error: 1.288e-01, lr: 1.000e-03, Time: 6.52e+02
Model state saved to ./results/models/checkpoints/smoke_schrodinger\2025-12-16_10-19-15-982766_barrier_Classical\model.pth
Model state saved to ./results/models/checkpoints/smoke_schrodinger\2025-12-16_10-19-15-982766_barrier_Classical\model_weights.pth
It: 3000, Loss: 4.602e+01, Loss_res: 8.171e-01,  Loss_bcs: 0.000e+00, Loss_ut_ics: 1.026e-02, Loss_norm: 3.211e-02, w_pde: 5.00e+01, L^2_error: 1.257e-01, lr: 1.000e-03, Time: 6.74e+02
Model state saved to ./results/models/checkpoints/smoke_schrodinger\2025-12-16_10-19-15-982766_barrier_Classical\model.pth
Model state saved to ./results/models/checkpoints/smoke_schrodinger\2025-12-16_10-19-15-982766_barrier_Classical\model_weights.pth
checkpoint path: self.log_path='./results/models/checkpoints/smoke_schrodinger\\2025-12-16_10-54-22-456894_barrier_Classical'
It: 1, Loss: 8.433e+02, Loss_res: 7.840e-02,  Loss_bcs: 0.000e+00, Loss_ut_ics: 9.916e-01, Loss_norm: 9.990e-01, w_pde: 8.33e-04, L^2_error: 1.000e+00, lr: 1.000e-03, Time: 3.75e-01
Model state saved to ./results/models/checkpoints/smoke_schrodinger\2025-12-16_10-54-22-456894_barrier_Classical\model.pth
Model state saved to ./results/models/checkpoints/smoke_schrodinger\2025-12-16_10-54-22-456894_barrier_Classical\model_weights.pth
It: 100, Loss: 6.242e+01, Loss_res: 5.079e+02,  Loss_bcs: 0.000e+00, Loss_ut_ics: 2.353e-02, Loss_norm: 2.531e-02, w_pde: 8.33e-02, L^2_error: 1.607e+00, lr: 1.000e-03, Time: 3.08e+01
Model state saved to ./results/models/checkpoints/smoke_schrodinger\2025-12-16_10-54-22-456894_barrier_Classical\model.pth
Model state saved to ./results/models/checkpoints/smoke_schrodinger\2025-12-16_10-54-22-456894_barrier_Classical\model_weights.pth
It: 200, Loss: 7.831e+01, Loss_res: 3.830e+02,  Loss_bcs: 0.000e+00, Loss_ut_ics: 1.580e-02, Loss_norm: 3.665e-02, w_pde: 1.67e-01, L^2_error: 1.617e+00, lr: 1.000e-03, Time: 6.15e+01
Model state saved to ./results/models/checkpoints/smoke_schrodinger\2025-12-16_10-54-22-456894_barrier_Classical\model.pth
Model state saved to ./results/models/checkpoints/smoke_schrodinger\2025-12-16_10-54-22-456894_barrier_Classical\model_weights.pth
It: 300, Loss: 9.704e+01, Loss_res: 3.271e+02,  Loss_bcs: 0.000e+00, Loss_ut_ics: 1.648e-02, Loss_norm: 4.179e-02, w_pde: 2.50e-01, L^2_error: 1.632e+00, lr: 1.000e-03, Time: 9.25e+01
Model state saved to ./results/models/checkpoints/smoke_schrodinger\2025-12-16_10-54-22-456894_barrier_Classical\model.pth
Model state saved to ./results/models/checkpoints/smoke_schrodinger\2025-12-16_10-54-22-456894_barrier_Classical\model_weights.pth
It: 400, Loss: 3.322e+01, Loss_res: 8.862e+01,  Loss_bcs: 0.000e+00, Loss_ut_ics: 4.202e-03, Loss_norm: 6.440e-03, w_pde: 3.33e-01, L^2_error: 1.136e+00, lr: 1.000e-03, Time: 1.24e+02
Model state saved to ./results/models/checkpoints/smoke_schrodinger\2025-12-16_10-54-22-456894_barrier_Classical\model.pth
Model state saved to ./results/models/checkpoints/smoke_schrodinger\2025-12-16_10-54-22-456894_barrier_Classical\model_weights.pth
It: 500, Loss: 2.822e+01, Loss_res: 6.132e+01,  Loss_bcs: 0.000e+00, Loss_ut_ics: 3.140e-03, Loss_norm: 3.253e-03, w_pde: 4.17e-01, L^2_error: 1.093e+00, lr: 1.000e-03, Time: 1.56e+02
Model state saved to ./results/models/checkpoints/smoke_schrodinger\2025-12-16_10-54-22-456894_barrier_Classical\model.pth
Model state saved to ./results/models/checkpoints/smoke_schrodinger\2025-12-16_10-54-22-456894_barrier_Classical\model_weights.pth
It: 600, Loss: 3.100e+01, Loss_res: 5.665e+01,  Loss_bcs: 0.000e+00, Loss_ut_ics: 3.081e-03, Loss_norm: 4.260e-03, w_pde: 5.00e-01, L^2_error: 1.075e+00, lr: 1.000e-03, Time: 1.87e+02
Model state saved to ./results/models/checkpoints/smoke_schrodinger\2025-12-16_10-54-22-456894_barrier_Classical\model.pth
Model state saved to ./results/models/checkpoints/smoke_schrodinger\2025-12-16_10-54-22-456894_barrier_Classical\model_weights.pth
It: 700, Loss: 3.233e+01, Loss_res: 5.083e+01,  Loss_bcs: 0.000e+00, Loss_ut_ics: 3.022e-03, Loss_norm: 5.288e-03, w_pde: 5.83e-01, L^2_error: 1.064e+00, lr: 1.000e-03, Time: 2.18e+02
Model state saved to ./results/models/checkpoints/smoke_schrodinger\2025-12-16_10-54-22-456894_barrier_Classical\model.pth
Model state saved to ./results/models/checkpoints/smoke_schrodinger\2025-12-16_10-54-22-456894_barrier_Classical\model_weights.pth
It: 800, Loss: 3.474e+01, Loss_res: 4.874e+01,  Loss_bcs: 0.000e+00, Loss_ut_ics: 2.479e-03, Loss_norm: 5.286e-03, w_pde: 6.67e-01, L^2_error: 1.061e+00, lr: 1.000e-03, Time: 2.48e+02
Model state saved to ./results/models/checkpoints/smoke_schrodinger\2025-12-16_10-54-22-456894_barrier_Classical\model.pth
Model state saved to ./results/models/checkpoints/smoke_schrodinger\2025-12-16_10-54-22-456894_barrier_Classical\model_weights.pth
It: 900, Loss: 3.541e+01, Loss_res: 4.439e+01,  Loss_bcs: 0.000e+00, Loss_ut_ics: 2.302e-03, Loss_norm: 5.582e-03, w_pde: 7.50e-01, L^2_error: 1.051e+00, lr: 1.000e-03, Time: 2.80e+02
Model state saved to ./results/models/checkpoints/smoke_schrodinger\2025-12-16_10-54-22-456894_barrier_Classical\model.pth
Model state saved to ./results/models/checkpoints/smoke_schrodinger\2025-12-16_10-54-22-456894_barrier_Classical\model_weights.pth
It: 1000, Loss: 3.422e+01, Loss_res: 3.872e+01,  Loss_bcs: 0.000e+00, Loss_ut_ics: 2.083e-03, Loss_norm: 5.635e-03, w_pde: 8.33e-01, L^2_error: 1.035e+00, lr: 1.000e-03, Time: 3.10e+02
Model state saved to ./results/models/checkpoints/smoke_schrodinger\2025-12-16_10-54-22-456894_barrier_Classical\model.pth
Model state saved to ./results/models/checkpoints/smoke_schrodinger\2025-12-16_10-54-22-456894_barrier_Classical\model_weights.pth
It: 1100, Loss: 3.466e+01, Loss_res: 3.574e+01,  Loss_bcs: 0.000e+00, Loss_ut_ics: 1.961e-03, Loss_norm: 6.592e-03, w_pde: 9.17e-01, L^2_error: 1.033e+00, lr: 1.000e-03, Time: 3.41e+02
Model state saved to ./results/models/checkpoints/smoke_schrodinger\2025-12-16_10-54-22-456894_barrier_Classical\model.pth
Model state saved to ./results/models/checkpoints/smoke_schrodinger\2025-12-16_10-54-22-456894_barrier_Classical\model_weights.pth
It: 1200, Loss: 3.313e+01, Loss_res: 3.181e+01,  Loss_bcs: 0.000e+00, Loss_ut_ics: 1.415e-03, Loss_norm: 3.722e-03, w_pde: 1.00e+00, L^2_error: 1.013e+00, lr: 1.000e-03, Time: 3.71e+02
Model state saved to ./results/models/checkpoints/smoke_schrodinger\2025-12-16_10-54-22-456894_barrier_Classical\model.pth
Model state saved to ./results/models/checkpoints/smoke_schrodinger\2025-12-16_10-54-22-456894_barrier_Classical\model_weights.pth
It: 1300, Loss: 2.939e+01, Loss_res: 2.789e+01,  Loss_bcs: 0.000e+00, Loss_ut_ics: 1.552e-03, Loss_norm: 5.108e-03, w_pde: 1.00e+00, L^2_error: 9.962e-01, lr: 1.000e-03, Time: 4.02e+02
Model state saved to ./results/models/checkpoints/smoke_schrodinger\2025-12-16_10-54-22-456894_barrier_Classical\model.pth
Model state saved to ./results/models/checkpoints/smoke_schrodinger\2025-12-16_10-54-22-456894_barrier_Classical\model_weights.pth
It: 1400, Loss: 2.781e+01, Loss_res: 2.689e+01,  Loss_bcs: 0.000e+00, Loss_ut_ics: 9.690e-04, Loss_norm: 2.939e-03, w_pde: 1.00e+00, L^2_error: 9.870e-01, lr: 1.000e-03, Time: 4.32e+02
Model state saved to ./results/models/checkpoints/smoke_schrodinger\2025-12-16_10-54-22-456894_barrier_Classical\model.pth
Model state saved to ./results/models/checkpoints/smoke_schrodinger\2025-12-16_10-54-22-456894_barrier_Classical\model_weights.pth
It: 1500, Loss: 2.548e+01, Loss_res: 2.453e+01,  Loss_bcs: 0.000e+00, Loss_ut_ics: 9.767e-04, Loss_norm: 3.355e-03, w_pde: 1.00e+00, L^2_error: 9.651e-01, lr: 1.000e-03, Time: 4.62e+02
Model state saved to ./results/models/checkpoints/smoke_schrodinger\2025-12-16_10-54-22-456894_barrier_Classical\model.pth
Model state saved to ./results/models/checkpoints/smoke_schrodinger\2025-12-16_10-54-22-456894_barrier_Classical\model_weights.pth
It: 1600, Loss: 2.338e+01, Loss_res: 2.250e+01,  Loss_bcs: 0.000e+00, Loss_ut_ics: 9.164e-04, Loss_norm: 2.870e-03, w_pde: 1.00e+00, L^2_error: 9.383e-01, lr: 1.000e-03, Time: 4.93e+02
Model state saved to ./results/models/checkpoints/smoke_schrodinger\2025-12-16_10-54-22-456894_barrier_Classical\model.pth
Model state saved to ./results/models/checkpoints/smoke_schrodinger\2025-12-16_10-54-22-456894_barrier_Classical\model_weights.pth
It: 1700, Loss: 2.167e+01, Loss_res: 2.083e+01,  Loss_bcs: 0.000e+00, Loss_ut_ics: 8.506e-04, Loss_norm: 3.104e-03, w_pde: 1.00e+00, L^2_error: 9.005e-01, lr: 1.000e-03, Time: 5.23e+02
Model state saved to ./results/models/checkpoints/smoke_schrodinger\2025-12-16_10-54-22-456894_barrier_Classical\model.pth
Model state saved to ./results/models/checkpoints/smoke_schrodinger\2025-12-16_10-54-22-456894_barrier_Classical\model_weights.pth
It: 1800, Loss: 2.007e+01, Loss_res: 1.950e+01,  Loss_bcs: 0.000e+00, Loss_ut_ics: 5.825e-04, Loss_norm: 2.098e-03, w_pde: 1.00e+00, L^2_error: 8.606e-01, lr: 1.000e-03, Time: 5.53e+02
Model state saved to ./results/models/checkpoints/smoke_schrodinger\2025-12-16_10-54-22-456894_barrier_Classical\model.pth
Model state saved to ./results/models/checkpoints/smoke_schrodinger\2025-12-16_10-54-22-456894_barrier_Classical\model_weights.pth
It: 1900, Loss: 1.827e+01, Loss_res: 1.744e+01,  Loss_bcs: 0.000e+00, Loss_ut_ics: 8.658e-04, Loss_norm: 2.853e-03, w_pde: 1.00e+00, L^2_error: 8.171e-01, lr: 1.000e-03, Time: 5.84e+02
Model state saved to ./results/models/checkpoints/smoke_schrodinger\2025-12-16_10-54-22-456894_barrier_Classical\model.pth
Model state saved to ./results/models/checkpoints/smoke_schrodinger\2025-12-16_10-54-22-456894_barrier_Classical\model_weights.pth
It: 2000, Loss: 1.654e+01, Loss_res: 1.604e+01,  Loss_bcs: 0.000e+00, Loss_ut_ics: 5.135e-04, Loss_norm: 1.691e-03, w_pde: 1.00e+00, L^2_error: 7.795e-01, lr: 1.000e-03, Time: 6.15e+02
Model state saved to ./results/models/checkpoints/smoke_schrodinger\2025-12-16_10-54-22-456894_barrier_Classical\model.pth
Model state saved to ./results/models/checkpoints/smoke_schrodinger\2025-12-16_10-54-22-456894_barrier_Classical\model_weights.pth
It: 2100, Loss: 1.555e+01, Loss_res: 1.518e+01,  Loss_bcs: 0.000e+00, Loss_ut_ics: 3.710e-04, Loss_norm: 1.321e-03, w_pde: 1.00e+00, L^2_error: 7.386e-01, lr: 1.000e-03, Time: 6.55e+02
Model state saved to ./results/models/checkpoints/smoke_schrodinger\2025-12-16_10-54-22-456894_barrier_Classical\model.pth
Model state saved to ./results/models/checkpoints/smoke_schrodinger\2025-12-16_10-54-22-456894_barrier_Classical\model_weights.pth
It: 2200, Loss: 1.430e+01, Loss_res: 1.365e+01,  Loss_bcs: 0.000e+00, Loss_ut_ics: 6.883e-04, Loss_norm: 2.178e-03, w_pde: 1.00e+00, L^2_error: 7.054e-01, lr: 1.000e-03, Time: 6.87e+02
Model state saved to ./results/models/checkpoints/smoke_schrodinger\2025-12-16_10-54-22-456894_barrier_Classical\model.pth
Model state saved to ./results/models/checkpoints/smoke_schrodinger\2025-12-16_10-54-22-456894_barrier_Classical\model_weights.pth
It: 2300, Loss: 1.309e+01, Loss_res: 1.264e+01,  Loss_bcs: 0.000e+00, Loss_ut_ics: 4.635e-04, Loss_norm: 1.589e-03, w_pde: 1.00e+00, L^2_error: 6.713e-01, lr: 1.000e-03, Time: 7.18e+02
Model state saved to ./results/models/checkpoints/smoke_schrodinger\2025-12-16_10-54-22-456894_barrier_Classical\model.pth
Model state saved to ./results/models/checkpoints/smoke_schrodinger\2025-12-16_10-54-22-456894_barrier_Classical\model_weights.pth
It: 2400, Loss: 1.211e+01, Loss_res: 1.182e+01,  Loss_bcs: 0.000e+00, Loss_ut_ics: 3.041e-04, Loss_norm: 1.061e-03, w_pde: 1.00e+00, L^2_error: 6.389e-01, lr: 1.000e-03, Time: 7.49e+02
Model state saved to ./results/models/checkpoints/smoke_schrodinger\2025-12-16_10-54-22-456894_barrier_Classical\model.pth
Model state saved to ./results/models/checkpoints/smoke_schrodinger\2025-12-16_10-54-22-456894_barrier_Classical\model_weights.pth
It: 2500, Loss: 1.122e+01, Loss_res: 1.089e+01,  Loss_bcs: 0.000e+00, Loss_ut_ics: 3.530e-04, Loss_norm: 1.029e-03, w_pde: 1.00e+00, L^2_error: 6.019e-01, lr: 1.000e-03, Time: 7.79e+02
Model state saved to ./results/models/checkpoints/smoke_schrodinger\2025-12-16_10-54-22-456894_barrier_Classical\model.pth
Model state saved to ./results/models/checkpoints/smoke_schrodinger\2025-12-16_10-54-22-456894_barrier_Classical\model_weights.pth
It: 2600, Loss: 9.832e+00, Loss_res: 9.592e+00,  Loss_bcs: 0.000e+00, Loss_ut_ics: 2.587e-04, Loss_norm: 6.684e-04, w_pde: 1.00e+00, L^2_error: 5.450e-01, lr: 1.000e-03, Time: 8.09e+02
Model state saved to ./results/models/checkpoints/smoke_schrodinger\2025-12-16_10-54-22-456894_barrier_Classical\model.pth
Model state saved to ./results/models/checkpoints/smoke_schrodinger\2025-12-16_10-54-22-456894_barrier_Classical\model_weights.pth
It: 2700, Loss: 8.361e+00, Loss_res: 8.165e+00,  Loss_bcs: 0.000e+00, Loss_ut_ics: 2.148e-04, Loss_norm: 4.835e-04, w_pde: 1.00e+00, L^2_error: 4.924e-01, lr: 1.000e-03, Time: 8.40e+02
Model state saved to ./results/models/checkpoints/smoke_schrodinger\2025-12-16_10-54-22-456894_barrier_Classical\model.pth
Model state saved to ./results/models/checkpoints/smoke_schrodinger\2025-12-16_10-54-22-456894_barrier_Classical\model_weights.pth
It: 2800, Loss: 7.371e+00, Loss_res: 7.167e+00,  Loss_bcs: 0.000e+00, Loss_ut_ics: 2.120e-04, Loss_norm: 6.867e-04, w_pde: 1.00e+00, L^2_error: 4.446e-01, lr: 1.000e-03, Time: 8.71e+02
Model state saved to ./results/models/checkpoints/smoke_schrodinger\2025-12-16_10-54-22-456894_barrier_Classical\model.pth
Model state saved to ./results/models/checkpoints/smoke_schrodinger\2025-12-16_10-54-22-456894_barrier_Classical\model_weights.pth
It: 2900, Loss: 6.672e+00, Loss_res: 6.529e+00,  Loss_bcs: 0.000e+00, Loss_ut_ics: 1.500e-04, Loss_norm: 4.439e-04, w_pde: 1.00e+00, L^2_error: 4.064e-01, lr: 1.000e-03, Time: 9.01e+02
Model state saved to ./results/models/checkpoints/smoke_schrodinger\2025-12-16_10-54-22-456894_barrier_Classical\model.pth
Model state saved to ./results/models/checkpoints/smoke_schrodinger\2025-12-16_10-54-22-456894_barrier_Classical\model_weights.pth
It: 3000, Loss: 6.021e+00, Loss_res: 5.778e+00,  Loss_bcs: 0.000e+00, Loss_ut_ics: 2.655e-04, Loss_norm: 6.143e-04, w_pde: 1.00e+00, L^2_error: 3.753e-01, lr: 1.000e-03, Time: 9.31e+02
Model state saved to ./results/models/checkpoints/smoke_schrodinger\2025-12-16_10-54-22-456894_barrier_Classical\model.pth
Model state saved to ./results/models/checkpoints/smoke_schrodinger\2025-12-16_10-54-22-456894_barrier_Classical\model_weights.pth
checkpoint path: self.log_path='./results/models/checkpoints/smoke_schrodinger\\2025-12-16_11-48-14-837201_barrier_Classical'
It: 1, Loss: 3.028e+02, Loss_res: 1.396e-01,  Loss_bcs: 0.000e+00, Loss_ut_ics: 1.006e+00, Loss_norm: 9.978e-01, w_pde: 5.00e-04, L^2_error: 1.003e+00, lr: 1.000e-03, Time: 2.74e-01
Model state saved to ./results/models/checkpoints/smoke_schrodinger\2025-12-16_11-48-14-837201_barrier_Classical\model.pth
Model state saved to ./results/models/checkpoints/smoke_schrodinger\2025-12-16_11-48-14-837201_barrier_Classical\model_weights.pth
It: 100, Loss: 2.960e+01, Loss_res: 4.364e+02,  Loss_bcs: 0.000e+00, Loss_ut_ics: 2.578e-02, Loss_norm: 4.673e-02, w_pde: 5.00e-02, L^2_error: 1.580e+00, lr: 1.000e-03, Time: 2.25e+01
Model state saved to ./results/models/checkpoints/smoke_schrodinger\2025-12-16_11-48-14-837201_barrier_Classical\model.pth
Model state saved to ./results/models/checkpoints/smoke_schrodinger\2025-12-16_11-48-14-837201_barrier_Classical\model_weights.pth
It: 200, Loss: 4.091e+01, Loss_res: 3.214e+02,  Loss_bcs: 0.000e+00, Loss_ut_ics: 2.899e-02, Loss_norm: 7.988e-02, w_pde: 1.00e-01, L^2_error: 1.588e+00, lr: 1.000e-03, Time: 4.51e+01
Model state saved to ./results/models/checkpoints/smoke_schrodinger\2025-12-16_11-48-14-837201_barrier_Classical\model.pth
Model state saved to ./results/models/checkpoints/smoke_schrodinger\2025-12-16_11-48-14-837201_barrier_Classical\model_weights.pth
It: 300, Loss: 2.377e+01, Loss_res: 1.367e+02,  Loss_bcs: 0.000e+00, Loss_ut_ics: 1.081e-02, Loss_norm: 2.795e-02, w_pde: 1.50e-01, L^2_error: 1.247e+00, lr: 1.000e-03, Time: 6.81e+01
Model state saved to ./results/models/checkpoints/smoke_schrodinger\2025-12-16_11-48-14-837201_barrier_Classical\model.pth
Model state saved to ./results/models/checkpoints/smoke_schrodinger\2025-12-16_11-48-14-837201_barrier_Classical\model_weights.pth
It: 400, Loss: 1.311e+01, Loss_res: 5.760e+01,  Loss_bcs: 0.000e+00, Loss_ut_ics: 5.261e-03, Loss_norm: 8.871e-03, w_pde: 2.00e-01, L^2_error: 1.095e+00, lr: 1.000e-03, Time: 9.12e+01
Model state saved to ./results/models/checkpoints/smoke_schrodinger\2025-12-16_11-48-14-837201_barrier_Classical\model.pth
Model state saved to ./results/models/checkpoints/smoke_schrodinger\2025-12-16_11-48-14-837201_barrier_Classical\model_weights.pth
It: 500, Loss: 1.478e+01, Loss_res: 5.316e+01,  Loss_bcs: 0.000e+00, Loss_ut_ics: 4.935e-03, Loss_norm: 1.042e-02, w_pde: 2.50e-01, L^2_error: 1.071e+00, lr: 1.000e-03, Time: 1.14e+02
Model state saved to ./results/models/checkpoints/smoke_schrodinger\2025-12-16_11-48-14-837201_barrier_Classical\model.pth
Model state saved to ./results/models/checkpoints/smoke_schrodinger\2025-12-16_11-48-14-837201_barrier_Classical\model_weights.pth
It: 600, Loss: 1.494e+01, Loss_res: 4.566e+01,  Loss_bcs: 0.000e+00, Loss_ut_ics: 4.101e-03, Loss_norm: 1.108e-02, w_pde: 3.00e-01, L^2_error: 1.059e+00, lr: 1.000e-03, Time: 1.37e+02
Model state saved to ./results/models/checkpoints/smoke_schrodinger\2025-12-16_11-48-14-837201_barrier_Classical\model.pth
Model state saved to ./results/models/checkpoints/smoke_schrodinger\2025-12-16_11-48-14-837201_barrier_Classical\model_weights.pth
It: 700, Loss: 1.614e+01, Loss_res: 4.282e+01,  Loss_bcs: 0.000e+00, Loss_ut_ics: 3.794e-03, Loss_norm: 1.011e-02, w_pde: 3.50e-01, L^2_error: 1.061e+00, lr: 1.000e-03, Time: 1.61e+02
Model state saved to ./results/models/checkpoints/smoke_schrodinger\2025-12-16_11-48-14-837201_barrier_Classical\model.pth
Model state saved to ./results/models/checkpoints/smoke_schrodinger\2025-12-16_11-48-14-837201_barrier_Classical\model_weights.pth
It: 800, Loss: 1.722e+01, Loss_res: 4.001e+01,  Loss_bcs: 0.000e+00, Loss_ut_ics: 4.022e-03, Loss_norm: 1.189e-02, w_pde: 4.00e-01, L^2_error: 1.055e+00, lr: 1.000e-03, Time: 1.83e+02
Model state saved to ./results/models/checkpoints/smoke_schrodinger\2025-12-16_11-48-14-837201_barrier_Classical\model.pth
Model state saved to ./results/models/checkpoints/smoke_schrodinger\2025-12-16_11-48-14-837201_barrier_Classical\model_weights.pth
It: 900, Loss: 1.766e+01, Loss_res: 3.642e+01,  Loss_bcs: 0.000e+00, Loss_ut_ics: 4.190e-03, Loss_norm: 1.361e-02, w_pde: 4.50e-01, L^2_error: 1.046e+00, lr: 1.000e-03, Time: 2.05e+02
Model state saved to ./results/models/checkpoints/smoke_schrodinger\2025-12-16_11-48-14-837201_barrier_Classical\model.pth
Model state saved to ./results/models/checkpoints/smoke_schrodinger\2025-12-16_11-48-14-837201_barrier_Classical\model_weights.pth
It: 1000, Loss: 1.629e+01, Loss_res: 3.026e+01,  Loss_bcs: 0.000e+00, Loss_ut_ics: 3.800e-03, Loss_norm: 1.365e-02, w_pde: 5.00e-01, L^2_error: 9.980e-01, lr: 1.000e-03, Time: 2.27e+02
Model state saved to ./results/models/checkpoints/smoke_schrodinger\2025-12-16_11-48-14-837201_barrier_Classical\model.pth
Model state saved to ./results/models/checkpoints/smoke_schrodinger\2025-12-16_11-48-14-837201_barrier_Classical\model_weights.pth
It: 1100, Loss: 1.565e+01, Loss_res: 2.637e+01,  Loss_bcs: 0.000e+00, Loss_ut_ics: 3.774e-03, Loss_norm: 1.348e-02, w_pde: 5.50e-01, L^2_error: 9.734e-01, lr: 1.000e-03, Time: 2.49e+02
Model state saved to ./results/models/checkpoints/smoke_schrodinger\2025-12-16_11-48-14-837201_barrier_Classical\model.pth
Model state saved to ./results/models/checkpoints/smoke_schrodinger\2025-12-16_11-48-14-837201_barrier_Classical\model_weights.pth
It: 1200, Loss: 1.500e+01, Loss_res: 2.323e+01,  Loss_bcs: 0.000e+00, Loss_ut_ics: 3.507e-03, Loss_norm: 1.194e-02, w_pde: 6.00e-01, L^2_error: 9.436e-01, lr: 1.000e-03, Time: 2.71e+02
Model state saved to ./results/models/checkpoints/smoke_schrodinger\2025-12-16_11-48-14-837201_barrier_Classical\model.pth
Model state saved to ./results/models/checkpoints/smoke_schrodinger\2025-12-16_11-48-14-837201_barrier_Classical\model_weights.pth
It: 1300, Loss: 1.472e+01, Loss_res: 2.086e+01,  Loss_bcs: 0.000e+00, Loss_ut_ics: 3.821e-03, Loss_norm: 1.362e-02, w_pde: 6.50e-01, L^2_error: 9.019e-01, lr: 1.000e-03, Time: 2.95e+02
Model state saved to ./results/models/checkpoints/smoke_schrodinger\2025-12-16_11-48-14-837201_barrier_Classical\model.pth
Model state saved to ./results/models/checkpoints/smoke_schrodinger\2025-12-16_11-48-14-837201_barrier_Classical\model_weights.pth
It: 1400, Loss: 1.357e+01, Loss_res: 1.794e+01,  Loss_bcs: 0.000e+00, Loss_ut_ics: 3.317e-03, Loss_norm: 1.092e-02, w_pde: 7.00e-01, L^2_error: 8.538e-01, lr: 1.000e-03, Time: 3.17e+02
Model state saved to ./results/models/checkpoints/smoke_schrodinger\2025-12-16_11-48-14-837201_barrier_Classical\model.pth
Model state saved to ./results/models/checkpoints/smoke_schrodinger\2025-12-16_11-48-14-837201_barrier_Classical\model_weights.pth
It: 1500, Loss: 1.293e+01, Loss_res: 1.603e+01,  Loss_bcs: 0.000e+00, Loss_ut_ics: 3.006e-03, Loss_norm: 1.083e-02, w_pde: 7.50e-01, L^2_error: 7.994e-01, lr: 1.000e-03, Time: 3.39e+02
Model state saved to ./results/models/checkpoints/smoke_schrodinger\2025-12-16_11-48-14-837201_barrier_Classical\model.pth
Model state saved to ./results/models/checkpoints/smoke_schrodinger\2025-12-16_11-48-14-837201_barrier_Classical\model_weights.pth
It: 1600, Loss: 1.148e+01, Loss_res: 1.346e+01,  Loss_bcs: 0.000e+00, Loss_ut_ics: 2.353e-03, Loss_norm: 8.140e-03, w_pde: 8.00e-01, L^2_error: 7.291e-01, lr: 1.000e-03, Time: 3.61e+02
Model state saved to ./results/models/checkpoints/smoke_schrodinger\2025-12-16_11-48-14-837201_barrier_Classical\model.pth
Model state saved to ./results/models/checkpoints/smoke_schrodinger\2025-12-16_11-48-14-837201_barrier_Classical\model_weights.pth
It: 1700, Loss: 1.083e+01, Loss_res: 1.169e+01,  Loss_bcs: 0.000e+00, Loss_ut_ics: 2.953e-03, Loss_norm: 1.053e-02, w_pde: 8.50e-01, L^2_error: 6.687e-01, lr: 1.000e-03, Time: 3.83e+02
Model state saved to ./results/models/checkpoints/smoke_schrodinger\2025-12-16_11-48-14-837201_barrier_Classical\model.pth
Model state saved to ./results/models/checkpoints/smoke_schrodinger\2025-12-16_11-48-14-837201_barrier_Classical\model_weights.pth
It: 1800, Loss: 9.749e+00, Loss_res: 1.025e+01,  Loss_bcs: 0.000e+00, Loss_ut_ics: 1.738e-03, Loss_norm: 5.635e-03, w_pde: 9.00e-01, L^2_error: 6.070e-01, lr: 1.000e-03, Time: 4.05e+02
Model state saved to ./results/models/checkpoints/smoke_schrodinger\2025-12-16_11-48-14-837201_barrier_Classical\model.pth
Model state saved to ./results/models/checkpoints/smoke_schrodinger\2025-12-16_11-48-14-837201_barrier_Classical\model_weights.pth
It: 1900, Loss: 8.648e+00, Loss_res: 8.551e+00,  Loss_bcs: 0.000e+00, Loss_ut_ics: 1.728e-03, Loss_norm: 6.028e-03, w_pde: 9.50e-01, L^2_error: 5.361e-01, lr: 1.000e-03, Time: 4.28e+02
Model state saved to ./results/models/checkpoints/smoke_schrodinger\2025-12-16_11-48-14-837201_barrier_Classical\model.pth
Model state saved to ./results/models/checkpoints/smoke_schrodinger\2025-12-16_11-48-14-837201_barrier_Classical\model_weights.pth
It: 2000, Loss: 7.585e+00, Loss_res: 6.975e+00,  Loss_bcs: 0.000e+00, Loss_ut_ics: 2.011e-03, Loss_norm: 6.415e-03, w_pde: 1.00e+00, L^2_error: 4.504e-01, lr: 1.000e-03, Time: 4.50e+02
Model state saved to ./results/models/checkpoints/smoke_schrodinger\2025-12-16_11-48-14-837201_barrier_Classical\model.pth
Model state saved to ./results/models/checkpoints/smoke_schrodinger\2025-12-16_11-48-14-837201_barrier_Classical\model_weights.pth
It: 2100, Loss: 6.505e+00, Loss_res: 6.103e+00,  Loss_bcs: 0.000e+00, Loss_ut_ics: 1.327e-03, Loss_norm: 4.472e-03, w_pde: 1.00e+00, L^2_error: 3.995e-01, lr: 1.000e-03, Time: 4.72e+02
Model state saved to ./results/models/checkpoints/smoke_schrodinger\2025-12-16_11-48-14-837201_barrier_Classical\model.pth
Model state saved to ./results/models/checkpoints/smoke_schrodinger\2025-12-16_11-48-14-837201_barrier_Classical\model_weights.pth
It: 2200, Loss: 5.648e+00, Loss_res: 5.376e+00,  Loss_bcs: 0.000e+00, Loss_ut_ics: 8.975e-04, Loss_norm: 3.251e-03, w_pde: 1.00e+00, L^2_error: 3.495e-01, lr: 1.000e-03, Time: 4.94e+02
Model state saved to ./results/models/checkpoints/smoke_schrodinger\2025-12-16_11-48-14-837201_barrier_Classical\model.pth
Model state saved to ./results/models/checkpoints/smoke_schrodinger\2025-12-16_11-48-14-837201_barrier_Classical\model_weights.pth
It: 2300, Loss: 5.034e+00, Loss_res: 4.702e+00,  Loss_bcs: 0.000e+00, Loss_ut_ics: 1.096e-03, Loss_norm: 3.025e-03, w_pde: 1.00e+00, L^2_error: 3.107e-01, lr: 1.000e-03, Time: 5.18e+02
Model state saved to ./results/models/checkpoints/smoke_schrodinger\2025-12-16_11-48-14-837201_barrier_Classical\model.pth
Model state saved to ./results/models/checkpoints/smoke_schrodinger\2025-12-16_11-48-14-837201_barrier_Classical\model_weights.pth
It: 2400, Loss: 4.392e+00, Loss_res: 4.167e+00,  Loss_bcs: 0.000e+00, Loss_ut_ics: 7.397e-04, Loss_norm: 2.475e-03, w_pde: 1.00e+00, L^2_error: 2.781e-01, lr: 1.000e-03, Time: 5.41e+02
Model state saved to ./results/models/checkpoints/smoke_schrodinger\2025-12-16_11-48-14-837201_barrier_Classical\model.pth
Model state saved to ./results/models/checkpoints/smoke_schrodinger\2025-12-16_11-48-14-837201_barrier_Classical\model_weights.pth
It: 2500, Loss: 4.237e+00, Loss_res: 4.069e+00,  Loss_bcs: 0.000e+00, Loss_ut_ics: 5.563e-04, Loss_norm: 1.137e-03, w_pde: 1.00e+00, L^2_error: 2.536e-01, lr: 1.000e-03, Time: 5.63e+02
Model state saved to ./results/models/checkpoints/smoke_schrodinger\2025-12-16_11-48-14-837201_barrier_Classical\model.pth
Model state saved to ./results/models/checkpoints/smoke_schrodinger\2025-12-16_11-48-14-837201_barrier_Classical\model_weights.pth
It: 2600, Loss: 3.855e+00, Loss_res: 3.717e+00,  Loss_bcs: 0.000e+00, Loss_ut_ics: 4.525e-04, Loss_norm: 1.409e-03, w_pde: 1.00e+00, L^2_error: 2.330e-01, lr: 1.000e-03, Time: 5.85e+02
Model state saved to ./results/models/checkpoints/smoke_schrodinger\2025-12-16_11-48-14-837201_barrier_Classical\model.pth
Model state saved to ./results/models/checkpoints/smoke_schrodinger\2025-12-16_11-48-14-837201_barrier_Classical\model_weights.pth
It: 2700, Loss: 3.524e+00, Loss_res: 3.410e+00,  Loss_bcs: 0.000e+00, Loss_ut_ics: 3.765e-04, Loss_norm: 5.016e-04, w_pde: 1.00e+00, L^2_error: 2.075e-01, lr: 1.000e-03, Time: 6.07e+02
Model state saved to ./results/models/checkpoints/smoke_schrodinger\2025-12-16_11-48-14-837201_barrier_Classical\model.pth
Model state saved to ./results/models/checkpoints/smoke_schrodinger\2025-12-16_11-48-14-837201_barrier_Classical\model_weights.pth
It: 2800, Loss: 3.301e+00, Loss_res: 3.197e+00,  Loss_bcs: 0.000e+00, Loss_ut_ics: 3.417e-04, Loss_norm: 1.144e-03, w_pde: 1.00e+00, L^2_error: 1.912e-01, lr: 1.000e-03, Time: 6.30e+02
Model state saved to ./results/models/checkpoints/smoke_schrodinger\2025-12-16_11-48-14-837201_barrier_Classical\model.pth
Model state saved to ./results/models/checkpoints/smoke_schrodinger\2025-12-16_11-48-14-837201_barrier_Classical\model_weights.pth
It: 2900, Loss: 3.342e+00, Loss_res: 3.279e+00,  Loss_bcs: 0.000e+00, Loss_ut_ics: 2.081e-04, Loss_norm: 2.439e-04, w_pde: 1.00e+00, L^2_error: 1.780e-01, lr: 1.000e-03, Time: 6.52e+02
Model state saved to ./results/models/checkpoints/smoke_schrodinger\2025-12-16_11-48-14-837201_barrier_Classical\model.pth
Model state saved to ./results/models/checkpoints/smoke_schrodinger\2025-12-16_11-48-14-837201_barrier_Classical\model_weights.pth
It: 3000, Loss: 3.148e+00, Loss_res: 3.057e+00,  Loss_bcs: 0.000e+00, Loss_ut_ics: 3.008e-04, Loss_norm: 6.319e-04, w_pde: 1.00e+00, L^2_error: 1.648e-01, lr: 1.000e-03, Time: 6.74e+02
Model state saved to ./results/models/checkpoints/smoke_schrodinger\2025-12-16_11-48-14-837201_barrier_Classical\model.pth
Model state saved to ./results/models/checkpoints/smoke_schrodinger\2025-12-16_11-48-14-837201_barrier_Classical\model_weights.pth
checkpoint path: self.log_path='./results/models/checkpoints/smoke_schrodinger\\2025-12-16_12-32-00-298682_barrier_Classical'
It: 1, Loss: 3.456e+02, Loss_res: 1.371e+00,  Loss_bcs: 0.000e+00, Loss_ut_ics: 9.869e-01, Loss_norm: 9.910e-01, w_pde: 2.50e-03, L^2_error: 1.038e+00, lr: 1.000e-03, Time: 4.72e-01
Model state saved to ./results/models/checkpoints/smoke_schrodinger\2025-12-16_12-32-00-298682_barrier_Classical\model.pth
Model weights saved to ./results/models/checkpoints/smoke_schrodinger\2025-12-16_12-32-00-298682_barrier_Classical\model_weights.pth
It: 100, Loss: 7.533e+01, Loss_res: 2.049e+02,  Loss_bcs: 0.000e+00, Loss_ut_ics: 6.569e-02, Loss_norm: 8.799e-02, w_pde: 2.50e-01, L^2_error: 1.576e+00, lr: 1.000e-03, Time: 3.85e+01
Model state saved to ./results/models/checkpoints/smoke_schrodinger\2025-12-16_12-32-00-298682_barrier_Classical\model.pth
Model weights saved to ./results/models/checkpoints/smoke_schrodinger\2025-12-16_12-32-00-298682_barrier_Classical\model_weights.pth
It: 200, Loss: 5.393e+01, Loss_res: 8.702e+01,  Loss_bcs: 0.000e+00, Loss_ut_ics: 2.232e-02, Loss_norm: 7.451e-02, w_pde: 5.00e-01, L^2_error: 1.470e+00, lr: 1.000e-03, Time: 7.15e+01
Model state saved to ./results/models/checkpoints/smoke_schrodinger\2025-12-16_12-32-00-298682_barrier_Classical\model.pth
Model weights saved to ./results/models/checkpoints/smoke_schrodinger\2025-12-16_12-32-00-298682_barrier_Classical\model_weights.pth
It: 300, Loss: 4.474e+01, Loss_res: 4.833e+01,  Loss_bcs: 0.000e+00, Loss_ut_ics: 1.261e-02, Loss_norm: 9.420e-02, w_pde: 7.50e-01, L^2_error: 1.439e+00, lr: 1.000e-03, Time: 1.03e+02
Model state saved to ./results/models/checkpoints/smoke_schrodinger\2025-12-16_12-32-00-298682_barrier_Classical\model.pth
Model weights saved to ./results/models/checkpoints/smoke_schrodinger\2025-12-16_12-32-00-298682_barrier_Classical\model_weights.pth
It: 400, Loss: 3.391e+01, Loss_res: 2.855e+01,  Loss_bcs: 0.000e+00, Loss_ut_ics: 8.271e-03, Loss_norm: 5.756e-02, w_pde: 1.00e+00, L^2_error: 1.316e+00, lr: 1.000e-03, Time: 1.34e+02
Model state saved to ./results/models/checkpoints/smoke_schrodinger\2025-12-16_12-32-00-298682_barrier_Classical\model.pth
Model weights saved to ./results/models/checkpoints/smoke_schrodinger\2025-12-16_12-32-00-298682_barrier_Classical\model_weights.pth
It: 500, Loss: 2.683e+01, Loss_res: 2.343e+01,  Loss_bcs: 0.000e+00, Loss_ut_ics: 4.710e-03, Loss_norm: 3.967e-02, w_pde: 1.00e+00, L^2_error: 1.228e+00, lr: 1.000e-03, Time: 1.65e+02
Model state saved to ./results/models/checkpoints/smoke_schrodinger\2025-12-16_12-32-00-298682_barrier_Classical\model.pth
Model weights saved to ./results/models/checkpoints/smoke_schrodinger\2025-12-16_12-32-00-298682_barrier_Classical\model_weights.pth
It: 600, Loss: 2.174e+01, Loss_res: 1.949e+01,  Loss_bcs: 0.000e+00, Loss_ut_ics: 2.395e-03, Loss_norm: 3.063e-02, w_pde: 1.00e+00, L^2_error: 1.152e+00, lr: 1.000e-03, Time: 1.96e+02
Model state saved to ./results/models/checkpoints/smoke_schrodinger\2025-12-16_12-32-00-298682_barrier_Classical\model.pth
Model weights saved to ./results/models/checkpoints/smoke_schrodinger\2025-12-16_12-32-00-298682_barrier_Classical\model_weights.pth
It: 700, Loss: 1.916e+01, Loss_res: 1.730e+01,  Loss_bcs: 0.000e+00, Loss_ut_ics: 1.672e-03, Loss_norm: 2.719e-02, w_pde: 1.00e+00, L^2_error: 1.048e+00, lr: 1.000e-03, Time: 2.28e+02
Model state saved to ./results/models/checkpoints/smoke_schrodinger\2025-12-16_12-32-00-298682_barrier_Classical\model.pth
Model weights saved to ./results/models/checkpoints/smoke_schrodinger\2025-12-16_12-32-00-298682_barrier_Classical\model_weights.pth
It: 800, Loss: 1.564e+01, Loss_res: 1.391e+01,  Loss_bcs: 0.000e+00, Loss_ut_ics: 1.131e-03, Loss_norm: 2.771e-02, w_pde: 1.00e+00, L^2_error: 8.924e-01, lr: 1.000e-03, Time: 2.59e+02
Model state saved to ./results/models/checkpoints/smoke_schrodinger\2025-12-16_12-32-00-298682_barrier_Classical\model.pth
Model weights saved to ./results/models/checkpoints/smoke_schrodinger\2025-12-16_12-32-00-298682_barrier_Classical\model_weights.pth
It: 900, Loss: 1.201e+01, Loss_res: 1.059e+01,  Loss_bcs: 0.000e+00, Loss_ut_ics: 1.009e-03, Loss_norm: 2.232e-02, w_pde: 1.00e+00, L^2_error: 7.171e-01, lr: 1.000e-03, Time: 2.90e+02
Model state saved to ./results/models/checkpoints/smoke_schrodinger\2025-12-16_12-32-00-298682_barrier_Classical\model.pth
Model weights saved to ./results/models/checkpoints/smoke_schrodinger\2025-12-16_12-32-00-298682_barrier_Classical\model_weights.pth
It: 1000, Loss: 9.015e+00, Loss_res: 8.077e+00,  Loss_bcs: 0.000e+00, Loss_ut_ics: 7.038e-04, Loss_norm: 1.453e-02, w_pde: 1.00e+00, L^2_error: 5.342e-01, lr: 1.000e-03, Time: 3.20e+02
Model state saved to ./results/models/checkpoints/smoke_schrodinger\2025-12-16_12-32-00-298682_barrier_Classical\model.pth
Model weights saved to ./results/models/checkpoints/smoke_schrodinger\2025-12-16_12-32-00-298682_barrier_Classical\model_weights.pth
It: 1100, Loss: 6.783e+00, Loss_res: 6.322e+00,  Loss_bcs: 0.000e+00, Loss_ut_ics: 3.435e-04, Loss_norm: 7.152e-03, w_pde: 1.00e+00, L^2_error: 4.152e-01, lr: 1.000e-03, Time: 3.51e+02
Model state saved to ./results/models/checkpoints/smoke_schrodinger\2025-12-16_12-32-00-298682_barrier_Classical\model.pth
Model weights saved to ./results/models/checkpoints/smoke_schrodinger\2025-12-16_12-32-00-298682_barrier_Classical\model_weights.pth
It: 1200, Loss: 5.337e+00, Loss_res: 5.007e+00,  Loss_bcs: 0.000e+00, Loss_ut_ics: 3.650e-04, Loss_norm: 4.409e-03, w_pde: 1.00e+00, L^2_error: 3.255e-01, lr: 1.000e-03, Time: 3.81e+02
Model state saved to ./results/models/checkpoints/smoke_schrodinger\2025-12-16_12-32-00-298682_barrier_Classical\model.pth
Model weights saved to ./results/models/checkpoints/smoke_schrodinger\2025-12-16_12-32-00-298682_barrier_Classical\model_weights.pth
It: 1300, Loss: 4.760e+00, Loss_res: 4.513e+00,  Loss_bcs: 0.000e+00, Loss_ut_ics: 3.367e-04, Loss_norm: 2.925e-03, w_pde: 1.00e+00, L^2_error: 2.743e-01, lr: 1.000e-03, Time: 4.12e+02
Model state saved to ./results/models/checkpoints/smoke_schrodinger\2025-12-16_12-32-00-298682_barrier_Classical\model.pth
Model weights saved to ./results/models/checkpoints/smoke_schrodinger\2025-12-16_12-32-00-298682_barrier_Classical\model_weights.pth
It: 1400, Loss: 4.082e+00, Loss_res: 3.946e+00,  Loss_bcs: 0.000e+00, Loss_ut_ics: 2.287e-04, Loss_norm: 1.357e-03, w_pde: 1.00e+00, L^2_error: 2.366e-01, lr: 1.000e-03, Time: 4.43e+02
Model state saved to ./results/models/checkpoints/smoke_schrodinger\2025-12-16_12-32-00-298682_barrier_Classical\model.pth
Model weights saved to ./results/models/checkpoints/smoke_schrodinger\2025-12-16_12-32-00-298682_barrier_Classical\model_weights.pth
It: 1500, Loss: 3.566e+00, Loss_res: 3.445e+00,  Loss_bcs: 0.000e+00, Loss_ut_ics: 1.643e-04, Loss_norm: 1.424e-03, w_pde: 1.00e+00, L^2_error: 1.911e-01, lr: 1.000e-03, Time: 4.73e+02
Model state saved to ./results/models/checkpoints/smoke_schrodinger\2025-12-16_12-32-00-298682_barrier_Classical\model.pth
Model weights saved to ./results/models/checkpoints/smoke_schrodinger\2025-12-16_12-32-00-298682_barrier_Classical\model_weights.pth
It: 1600, Loss: 3.140e+00, Loss_res: 3.047e+00,  Loss_bcs: 0.000e+00, Loss_ut_ics: 1.430e-04, Loss_norm: 1.005e-03, w_pde: 1.00e+00, L^2_error: 1.665e-01, lr: 1.000e-03, Time: 5.04e+02
Model state saved to ./results/models/checkpoints/smoke_schrodinger\2025-12-16_12-32-00-298682_barrier_Classical\model.pth
Model weights saved to ./results/models/checkpoints/smoke_schrodinger\2025-12-16_12-32-00-298682_barrier_Classical\model_weights.pth
It: 1700, Loss: 2.825e+00, Loss_res: 2.778e+00,  Loss_bcs: 0.000e+00, Loss_ut_ics: 6.507e-05, Loss_norm: 5.434e-04, w_pde: 1.00e+00, L^2_error: 1.277e-01, lr: 1.000e-03, Time: 5.35e+02
Model state saved to ./results/models/checkpoints/smoke_schrodinger\2025-12-16_12-32-00-298682_barrier_Classical\model.pth
Model weights saved to ./results/models/checkpoints/smoke_schrodinger\2025-12-16_12-32-00-298682_barrier_Classical\model_weights.pth
It: 1800, Loss: 2.662e+00, Loss_res: 2.568e+00,  Loss_bcs: 0.000e+00, Loss_ut_ics: 2.123e-04, Loss_norm: 6.002e-04, w_pde: 1.00e+00, L^2_error: 1.080e-01, lr: 1.000e-03, Time: 5.66e+02
Model state saved to ./results/models/checkpoints/smoke_schrodinger\2025-12-16_12-32-00-298682_barrier_Classical\model.pth
Model weights saved to ./results/models/checkpoints/smoke_schrodinger\2025-12-16_12-32-00-298682_barrier_Classical\model_weights.pth
It: 1900, Loss: 2.312e+00, Loss_res: 2.283e+00,  Loss_bcs: 0.000e+00, Loss_ut_ics: 6.007e-05, Loss_norm: 2.301e-04, w_pde: 1.00e+00, L^2_error: 9.855e-02, lr: 1.000e-03, Time: 5.97e+02
Model state saved to ./results/models/checkpoints/smoke_schrodinger\2025-12-16_12-32-00-298682_barrier_Classical\model.pth
Model weights saved to ./results/models/checkpoints/smoke_schrodinger\2025-12-16_12-32-00-298682_barrier_Classical\model_weights.pth
It: 2000, Loss: 1.912e+00, Loss_res: 1.874e+00,  Loss_bcs: 0.000e+00, Loss_ut_ics: 7.474e-05, Loss_norm: 3.097e-04, w_pde: 1.00e+00, L^2_error: 8.733e-02, lr: 1.000e-03, Time: 6.27e+02
Model state saved to ./results/models/checkpoints/smoke_schrodinger\2025-12-16_12-32-00-298682_barrier_Classical\model.pth
Model weights saved to ./results/models/checkpoints/smoke_schrodinger\2025-12-16_12-32-00-298682_barrier_Classical\model_weights.pth
It: 2100, Loss: 1.895e+00, Loss_res: 1.862e+00,  Loss_bcs: 0.000e+00, Loss_ut_ics: 8.671e-05, Loss_norm: 1.504e-04, w_pde: 1.00e+00, L^2_error: 8.321e-02, lr: 1.000e-03, Time: 6.58e+02
Model state saved to ./results/models/checkpoints/smoke_schrodinger\2025-12-16_12-32-00-298682_barrier_Classical\model.pth
Model weights saved to ./results/models/checkpoints/smoke_schrodinger\2025-12-16_12-32-00-298682_barrier_Classical\model_weights.pth
It: 2200, Loss: 1.772e+00, Loss_res: 1.734e+00,  Loss_bcs: 0.000e+00, Loss_ut_ics: 6.532e-05, Loss_norm: 3.846e-04, w_pde: 1.00e+00, L^2_error: 8.345e-02, lr: 1.000e-03, Time: 6.88e+02
Model state saved to ./results/models/checkpoints/smoke_schrodinger\2025-12-16_12-32-00-298682_barrier_Classical\model.pth
Model weights saved to ./results/models/checkpoints/smoke_schrodinger\2025-12-16_12-32-00-298682_barrier_Classical\model_weights.pth
It: 2300, Loss: 1.837e+00, Loss_res: 1.825e+00,  Loss_bcs: 0.000e+00, Loss_ut_ics: 3.226e-05, Loss_norm: 4.134e-05, w_pde: 1.00e+00, L^2_error: 7.034e-02, lr: 1.000e-03, Time: 7.19e+02
Model state saved to ./results/models/checkpoints/smoke_schrodinger\2025-12-16_12-32-00-298682_barrier_Classical\model.pth
Model weights saved to ./results/models/checkpoints/smoke_schrodinger\2025-12-16_12-32-00-298682_barrier_Classical\model_weights.pth
It: 2400, Loss: 1.872e+00, Loss_res: 1.810e+00,  Loss_bcs: 0.000e+00, Loss_ut_ics: 1.987e-04, Loss_norm: 4.937e-05, w_pde: 1.00e+00, L^2_error: 6.894e-02, lr: 1.000e-03, Time: 7.49e+02
Model state saved to ./results/models/checkpoints/smoke_schrodinger\2025-12-16_12-32-00-298682_barrier_Classical\model.pth
Model weights saved to ./results/models/checkpoints/smoke_schrodinger\2025-12-16_12-32-00-298682_barrier_Classical\model_weights.pth
It: 2500, Loss: 1.547e+00, Loss_res: 1.513e+00,  Loss_bcs: 0.000e+00, Loss_ut_ics: 1.024e-04, Loss_norm: 7.480e-05, w_pde: 1.00e+00, L^2_error: 6.517e-02, lr: 1.000e-03, Time: 7.81e+02
Model state saved to ./results/models/checkpoints/smoke_schrodinger\2025-12-16_12-32-00-298682_barrier_Classical\model.pth
Model weights saved to ./results/models/checkpoints/smoke_schrodinger\2025-12-16_12-32-00-298682_barrier_Classical\model_weights.pth
It: 2600, Loss: 1.942e+00, Loss_res: 1.873e+00,  Loss_bcs: 0.000e+00, Loss_ut_ics: 2.242e-04, Loss_norm: 2.868e-05, w_pde: 1.00e+00, L^2_error: 6.793e-02, lr: 1.000e-03, Time: 8.11e+02
Model state saved to ./results/models/checkpoints/smoke_schrodinger\2025-12-16_12-32-00-298682_barrier_Classical\model.pth
Model weights saved to ./results/models/checkpoints/smoke_schrodinger\2025-12-16_12-32-00-298682_barrier_Classical\model_weights.pth
It: 2700, Loss: 1.573e+00, Loss_res: 1.532e+00,  Loss_bcs: 0.000e+00, Loss_ut_ics: 1.070e-04, Loss_norm: 1.632e-04, w_pde: 1.00e+00, L^2_error: 5.907e-02, lr: 1.000e-03, Time: 8.42e+02
Model state saved to ./results/models/checkpoints/smoke_schrodinger\2025-12-16_12-32-00-298682_barrier_Classical\model.pth
Model weights saved to ./results/models/checkpoints/smoke_schrodinger\2025-12-16_12-32-00-298682_barrier_Classical\model_weights.pth
It: 2800, Loss: 1.416e+00, Loss_res: 1.389e+00,  Loss_bcs: 0.000e+00, Loss_ut_ics: 8.123e-05, Loss_norm: 5.195e-05, w_pde: 1.00e+00, L^2_error: 5.602e-02, lr: 1.000e-03, Time: 8.72e+02
Model state saved to ./results/models/checkpoints/smoke_schrodinger\2025-12-16_12-32-00-298682_barrier_Classical\model.pth
Model weights saved to ./results/models/checkpoints/smoke_schrodinger\2025-12-16_12-32-00-298682_barrier_Classical\model_weights.pth
It: 2900, Loss: 1.413e+00, Loss_res: 1.395e+00,  Loss_bcs: 0.000e+00, Loss_ut_ics: 4.815e-05, Loss_norm: 9.050e-05, w_pde: 1.00e+00, L^2_error: 5.141e-02, lr: 1.000e-03, Time: 9.03e+02
Model state saved to ./results/models/checkpoints/smoke_schrodinger\2025-12-16_12-32-00-298682_barrier_Classical\model.pth
Model weights saved to ./results/models/checkpoints/smoke_schrodinger\2025-12-16_12-32-00-298682_barrier_Classical\model_weights.pth
It: 3000, Loss: 1.622e+00, Loss_res: 1.563e+00,  Loss_bcs: 0.000e+00, Loss_ut_ics: 1.898e-04, Loss_norm: 4.196e-05, w_pde: 1.00e+00, L^2_error: 5.418e-02, lr: 1.000e-03, Time: 9.33e+02
Model state saved to ./results/models/checkpoints/smoke_schrodinger\2025-12-16_12-32-00-298682_barrier_Classical\model.pth
Model weights saved to ./results/models/checkpoints/smoke_schrodinger\2025-12-16_12-32-00-298682_barrier_Classical\model_weights.pth
Starting LBFGS: max_iter=500
Model state saved to ./results/models/checkpoints/smoke_schrodinger\2025-12-16_12-32-00-298682_barrier_Classical\model.pth
Model weights saved to ./results/models/checkpoints/smoke_schrodinger\2025-12-16_12-32-00-298682_barrier_Classical\model_weights.pth
