Using DV Solver
The settings used:
batch_size : 64
epochs : 2000
lr : 0.001
seed : 42
print_every : 10
log_path : ./results/models/checkpoints/schrodinger/qho
input_dim : 2
output_dim : 2
num_qubits : 5
hidden_dim : 50
num_quantum_layers : 1
classic_network : [2, 50, 2]
q_ansatz : sim_circ_5
mode : hybrid
activation : null
shots : None
problem : schrodinger
solver : DV
device : cpu
method : None
cutoff_dim : 20
class : CVNeuralNetwork2
encoding : None
eq_params : {'example': 'ho', 'L': 5.0, 'T': 0.2, 'hbar': 1.0, 'mass': 1.0, 'n_level': 2, 'omega': 1.0, 'potential_fn': 'lambda t, x : 0.5 * 1.0 * (1.0**2) * (x**2)'}
Total number of parameters: 882
The circuit used in the study:
It: 1, Loss: 2.238e+01, Loss_res: 1.059e+01,  Loss_bcs: 4.434e-01, Loss_ut_ics: 3.832e-01, lr: 1.000e-03, Time: 2.30e+00
Model state saved to ./results/models/checkpoints/schrodinger/qho/2025-08-22_11-59-41-112305/model.pth
Model state saved to ./results/models/checkpoints/schrodinger/qho/2025-08-22_11-59-41-112305/model_weights.pth
It: 10, Loss: 3.419e+00, Loss_res: 1.580e+00,  Loss_bcs: 6.727e-02, Loss_ut_ics: 9.548e-02, lr: 1.000e-03, Time: 1.62e+01
Model state saved to ./results/models/checkpoints/schrodinger/qho/2025-08-22_11-59-41-112305/model.pth
Model state saved to ./results/models/checkpoints/schrodinger/qho/2025-08-22_11-59-41-112305/model_weights.pth
It: 20, Loss: 3.744e-01, Loss_res: 1.116e-01,  Loss_bcs: 6.666e-03, Loss_ut_ics: 7.233e-02, lr: 1.000e-03, Time: 3.16e+01
Model state saved to ./results/models/checkpoints/schrodinger/qho/2025-08-22_11-59-41-112305/model.pth
Model state saved to ./results/models/checkpoints/schrodinger/qho/2025-08-22_11-59-41-112305/model_weights.pth
It: 30, Loss: 8.119e-01, Loss_res: 3.118e-01,  Loss_bcs: 1.332e-02, Loss_ut_ics: 8.751e-02, lr: 1.000e-03, Time: 4.71e+01
Model state saved to ./results/models/checkpoints/schrodinger/qho/2025-08-22_11-59-41-112305/model.pth
Model state saved to ./results/models/checkpoints/schrodinger/qho/2025-08-22_11-59-41-112305/model_weights.pth
It: 40, Loss: 1.471e-01, Loss_res: 8.914e-03,  Loss_bcs: 1.265e-03, Loss_ut_ics: 6.398e-02, lr: 1.000e-03, Time: 6.25e+01
Model state saved to ./results/models/checkpoints/schrodinger/qho/2025-08-22_11-59-41-112305/model.pth
Model state saved to ./results/models/checkpoints/schrodinger/qho/2025-08-22_11-59-41-112305/model_weights.pth
It: 50, Loss: 2.022e-01, Loss_res: 4.164e-02,  Loss_bcs: 1.564e-03, Loss_ut_ics: 5.868e-02, lr: 1.000e-03, Time: 7.79e+01
Model state saved to ./results/models/checkpoints/schrodinger/qho/2025-08-22_11-59-41-112305/model.pth
Model state saved to ./results/models/checkpoints/schrodinger/qho/2025-08-22_11-59-41-112305/model_weights.pth
It: 60, Loss: 1.382e-01, Loss_res: 8.279e-03,  Loss_bcs: 1.388e-04, Loss_ut_ics: 6.076e-02, lr: 1.000e-03, Time: 9.32e+01
Model state saved to ./results/models/checkpoints/schrodinger/qho/2025-08-22_11-59-41-112305/model.pth
Model state saved to ./results/models/checkpoints/schrodinger/qho/2025-08-22_11-59-41-112305/model_weights.pth
It: 70, Loss: 1.390e-01, Loss_res: 5.500e-03,  Loss_bcs: 8.390e-04, Loss_ut_ics: 6.358e-02, lr: 1.000e-03, Time: 1.09e+02
Model state saved to ./results/models/checkpoints/schrodinger/qho/2025-08-22_11-59-41-112305/model.pth
Model state saved to ./results/models/checkpoints/schrodinger/qho/2025-08-22_11-59-41-112305/model_weights.pth
It: 80, Loss: 1.305e-01, Loss_res: 2.864e-03,  Loss_bcs: 3.235e-04, Loss_ut_ics: 6.221e-02, lr: 1.000e-03, Time: 1.24e+02
Model state saved to ./results/models/checkpoints/schrodinger/qho/2025-08-22_11-59-41-112305/model.pth
Model state saved to ./results/models/checkpoints/schrodinger/qho/2025-08-22_11-59-41-112305/model_weights.pth
It: 90, Loss: 1.302e-01, Loss_res: 3.806e-03,  Loss_bcs: 3.382e-04, Loss_ut_ics: 6.113e-02, lr: 1.000e-03, Time: 1.40e+02
Model state saved to ./results/models/checkpoints/schrodinger/qho/2025-08-22_11-59-41-112305/model.pth
Model state saved to ./results/models/checkpoints/schrodinger/qho/2025-08-22_11-59-41-112305/model_weights.pth
It: 100, Loss: 1.289e-01, Loss_res: 2.763e-03,  Loss_bcs: 3.310e-04, Loss_ut_ics: 6.152e-02, lr: 1.000e-03, Time: 1.56e+02
Model state saved to ./results/models/checkpoints/schrodinger/qho/2025-08-22_11-59-41-112305/model.pth
Model state saved to ./results/models/checkpoints/schrodinger/qho/2025-08-22_11-59-41-112305/model_weights.pth
It: 110, Loss: 1.287e-01, Loss_res: 2.368e-03,  Loss_bcs: 3.523e-04, Loss_ut_ics: 6.182e-02, lr: 1.000e-03, Time: 1.72e+02
Model state saved to ./results/models/checkpoints/schrodinger/qho/2025-08-22_11-59-41-112305/model.pth
Model state saved to ./results/models/checkpoints/schrodinger/qho/2025-08-22_11-59-41-112305/model_weights.pth
It: 120, Loss: 1.283e-01, Loss_res: 2.426e-03,  Loss_bcs: 3.423e-04, Loss_ut_ics: 6.156e-02, lr: 1.000e-03, Time: 1.88e+02
Model state saved to ./results/models/checkpoints/schrodinger/qho/2025-08-22_11-59-41-112305/model.pth
Model state saved to ./results/models/checkpoints/schrodinger/qho/2025-08-22_11-59-41-112305/model_weights.pth
It: 130, Loss: 1.281e-01, Loss_res: 2.444e-03,  Loss_bcs: 3.199e-04, Loss_ut_ics: 6.143e-02, lr: 1.000e-03, Time: 2.03e+02
Model state saved to ./results/models/checkpoints/schrodinger/qho/2025-08-22_11-59-41-112305/model.pth
Model state saved to ./results/models/checkpoints/schrodinger/qho/2025-08-22_11-59-41-112305/model_weights.pth
It: 140, Loss: 1.278e-01, Loss_res: 2.243e-03,  Loss_bcs: 3.357e-04, Loss_ut_ics: 6.149e-02, lr: 1.000e-03, Time: 2.19e+02
Model state saved to ./results/models/checkpoints/schrodinger/qho/2025-08-22_11-59-41-112305/model.pth
Model state saved to ./results/models/checkpoints/schrodinger/qho/2025-08-22_11-59-41-112305/model_weights.pth
It: 150, Loss: 1.276e-01, Loss_res: 2.175e-03,  Loss_bcs: 3.272e-04, Loss_ut_ics: 6.144e-02, lr: 1.000e-03, Time: 2.35e+02
Model state saved to ./results/models/checkpoints/schrodinger/qho/2025-08-22_11-59-41-112305/model.pth
Model state saved to ./results/models/checkpoints/schrodinger/qho/2025-08-22_11-59-41-112305/model_weights.pth
It: 160, Loss: 1.273e-01, Loss_res: 2.140e-03,  Loss_bcs: 3.244e-04, Loss_ut_ics: 6.137e-02, lr: 1.000e-03, Time: 2.50e+02
Model state saved to ./results/models/checkpoints/schrodinger/qho/2025-08-22_11-59-41-112305/model.pth
Model state saved to ./results/models/checkpoints/schrodinger/qho/2025-08-22_11-59-41-112305/model_weights.pth
It: 170, Loss: 1.271e-01, Loss_res: 2.062e-03,  Loss_bcs: 3.209e-04, Loss_ut_ics: 6.134e-02, lr: 1.000e-03, Time: 2.65e+02
Model state saved to ./results/models/checkpoints/schrodinger/qho/2025-08-22_11-59-41-112305/model.pth
Model state saved to ./results/models/checkpoints/schrodinger/qho/2025-08-22_11-59-41-112305/model_weights.pth
It: 180, Loss: 1.269e-01, Loss_res: 1.993e-03,  Loss_bcs: 3.196e-04, Loss_ut_ics: 6.130e-02, lr: 1.000e-03, Time: 2.82e+02
Model state saved to ./results/models/checkpoints/schrodinger/qho/2025-08-22_11-59-41-112305/model.pth
Model state saved to ./results/models/checkpoints/schrodinger/qho/2025-08-22_11-59-41-112305/model_weights.pth
It: 190, Loss: 1.267e-01, Loss_res: 1.945e-03,  Loss_bcs: 3.149e-04, Loss_ut_ics: 6.125e-02, lr: 1.000e-03, Time: 2.97e+02
Model state saved to ./results/models/checkpoints/schrodinger/qho/2025-08-22_11-59-41-112305/model.pth
Model state saved to ./results/models/checkpoints/schrodinger/qho/2025-08-22_11-59-41-112305/model_weights.pth
It: 200, Loss: 1.265e-01, Loss_res: 1.891e-03,  Loss_bcs: 3.119e-04, Loss_ut_ics: 6.121e-02, lr: 1.000e-03, Time: 3.12e+02
Model state saved to ./results/models/checkpoints/schrodinger/qho/2025-08-22_11-59-41-112305/model.pth
Model state saved to ./results/models/checkpoints/schrodinger/qho/2025-08-22_11-59-41-112305/model_weights.pth
It: 210, Loss: 1.263e-01, Loss_res: 1.839e-03,  Loss_bcs: 3.085e-04, Loss_ut_ics: 6.116e-02, lr: 1.000e-03, Time: 3.28e+02
Model state saved to ./results/models/checkpoints/schrodinger/qho/2025-08-22_11-59-41-112305/model.pth
Model state saved to ./results/models/checkpoints/schrodinger/qho/2025-08-22_11-59-41-112305/model_weights.pth
It: 220, Loss: 1.261e-01, Loss_res: 1.794e-03,  Loss_bcs: 3.045e-04, Loss_ut_ics: 6.112e-02, lr: 1.000e-03, Time: 3.43e+02
Model state saved to ./results/models/checkpoints/schrodinger/qho/2025-08-22_11-59-41-112305/model.pth
Model state saved to ./results/models/checkpoints/schrodinger/qho/2025-08-22_11-59-41-112305/model_weights.pth
It: 230, Loss: 1.259e-01, Loss_res: 1.751e-03,  Loss_bcs: 3.008e-04, Loss_ut_ics: 6.107e-02, lr: 1.000e-03, Time: 3.60e+02
Model state saved to ./results/models/checkpoints/schrodinger/qho/2025-08-22_11-59-41-112305/model.pth
Model state saved to ./results/models/checkpoints/schrodinger/qho/2025-08-22_11-59-41-112305/model_weights.pth
It: 240, Loss: 1.258e-01, Loss_res: 1.710e-03,  Loss_bcs: 2.968e-04, Loss_ut_ics: 6.102e-02, lr: 1.000e-03, Time: 3.75e+02
Model state saved to ./results/models/checkpoints/schrodinger/qho/2025-08-22_11-59-41-112305/model.pth
Model state saved to ./results/models/checkpoints/schrodinger/qho/2025-08-22_11-59-41-112305/model_weights.pth
It: 250, Loss: 1.256e-01, Loss_res: 1.673e-03,  Loss_bcs: 2.927e-04, Loss_ut_ics: 6.098e-02, lr: 1.000e-03, Time: 3.90e+02
Model state saved to ./results/models/checkpoints/schrodinger/qho/2025-08-22_11-59-41-112305/model.pth
Model state saved to ./results/models/checkpoints/schrodinger/qho/2025-08-22_11-59-41-112305/model_weights.pth
It: 260, Loss: 1.254e-01, Loss_res: 1.637e-03,  Loss_bcs: 2.885e-04, Loss_ut_ics: 6.093e-02, lr: 1.000e-03, Time: 4.06e+02
Model state saved to ./results/models/checkpoints/schrodinger/qho/2025-08-22_11-59-41-112305/model.pth
Model state saved to ./results/models/checkpoints/schrodinger/qho/2025-08-22_11-59-41-112305/model_weights.pth
It: 270, Loss: 1.253e-01, Loss_res: 1.604e-03,  Loss_bcs: 2.843e-04, Loss_ut_ics: 6.088e-02, lr: 1.000e-03, Time: 4.21e+02
Model state saved to ./results/models/checkpoints/schrodinger/qho/2025-08-22_11-59-41-112305/model.pth
Model state saved to ./results/models/checkpoints/schrodinger/qho/2025-08-22_11-59-41-112305/model_weights.pth
It: 280, Loss: 1.251e-01, Loss_res: 1.573e-03,  Loss_bcs: 2.800e-04, Loss_ut_ics: 6.083e-02, lr: 1.000e-03, Time: 4.36e+02
Model state saved to ./results/models/checkpoints/schrodinger/qho/2025-08-22_11-59-41-112305/model.pth
Model state saved to ./results/models/checkpoints/schrodinger/qho/2025-08-22_11-59-41-112305/model_weights.pth
It: 290, Loss: 1.249e-01, Loss_res: 1.543e-03,  Loss_bcs: 2.757e-04, Loss_ut_ics: 6.078e-02, lr: 1.000e-03, Time: 4.52e+02
Model state saved to ./results/models/checkpoints/schrodinger/qho/2025-08-22_11-59-41-112305/model.pth
Model state saved to ./results/models/checkpoints/schrodinger/qho/2025-08-22_11-59-41-112305/model_weights.pth
It: 300, Loss: 1.248e-01, Loss_res: 1.516e-03,  Loss_bcs: 2.714e-04, Loss_ut_ics: 6.073e-02, lr: 1.000e-03, Time: 4.67e+02
Model state saved to ./results/models/checkpoints/schrodinger/qho/2025-08-22_11-59-41-112305/model.pth
Model state saved to ./results/models/checkpoints/schrodinger/qho/2025-08-22_11-59-41-112305/model_weights.pth
It: 310, Loss: 1.246e-01, Loss_res: 1.489e-03,  Loss_bcs: 2.670e-04, Loss_ut_ics: 6.068e-02, lr: 1.000e-03, Time: 4.82e+02
Model state saved to ./results/models/checkpoints/schrodinger/qho/2025-08-22_11-59-41-112305/model.pth
Model state saved to ./results/models/checkpoints/schrodinger/qho/2025-08-22_11-59-41-112305/model_weights.pth
It: 320, Loss: 1.244e-01, Loss_res: 1.464e-03,  Loss_bcs: 2.627e-04, Loss_ut_ics: 6.062e-02, lr: 1.000e-03, Time: 4.98e+02
Model state saved to ./results/models/checkpoints/schrodinger/qho/2025-08-22_11-59-41-112305/model.pth
Model state saved to ./results/models/checkpoints/schrodinger/qho/2025-08-22_11-59-41-112305/model_weights.pth
It: 330, Loss: 1.243e-01, Loss_res: 1.440e-03,  Loss_bcs: 2.585e-04, Loss_ut_ics: 6.057e-02, lr: 1.000e-03, Time: 5.14e+02
Model state saved to ./results/models/checkpoints/schrodinger/qho/2025-08-22_11-59-41-112305/model.pth
Model state saved to ./results/models/checkpoints/schrodinger/qho/2025-08-22_11-59-41-112305/model_weights.pth
It: 340, Loss: 1.241e-01, Loss_res: 1.417e-03,  Loss_bcs: 2.544e-04, Loss_ut_ics: 6.051e-02, lr: 1.000e-03, Time: 5.30e+02
Model state saved to ./results/models/checkpoints/schrodinger/qho/2025-08-22_11-59-41-112305/model.pth
Model state saved to ./results/models/checkpoints/schrodinger/qho/2025-08-22_11-59-41-112305/model_weights.pth
It: 350, Loss: 1.239e-01, Loss_res: 1.395e-03,  Loss_bcs: 2.504e-04, Loss_ut_ics: 6.045e-02, lr: 1.000e-03, Time: 5.46e+02
Model state saved to ./results/models/checkpoints/schrodinger/qho/2025-08-22_11-59-41-112305/model.pth
Model state saved to ./results/models/checkpoints/schrodinger/qho/2025-08-22_11-59-41-112305/model_weights.pth
It: 360, Loss: 1.238e-01, Loss_res: 1.374e-03,  Loss_bcs: 2.466e-04, Loss_ut_ics: 6.039e-02, lr: 1.000e-03, Time: 5.62e+02
Model state saved to ./results/models/checkpoints/schrodinger/qho/2025-08-22_11-59-41-112305/model.pth
Model state saved to ./results/models/checkpoints/schrodinger/qho/2025-08-22_11-59-41-112305/model_weights.pth
It: 370, Loss: 1.236e-01, Loss_res: 1.353e-03,  Loss_bcs: 2.430e-04, Loss_ut_ics: 6.033e-02, lr: 1.000e-03, Time: 5.77e+02
Model state saved to ./results/models/checkpoints/schrodinger/qho/2025-08-22_11-59-41-112305/model.pth
Model state saved to ./results/models/checkpoints/schrodinger/qho/2025-08-22_11-59-41-112305/model_weights.pth
It: 380, Loss: 1.234e-01, Loss_res: 1.333e-03,  Loss_bcs: 2.396e-04, Loss_ut_ics: 6.027e-02, lr: 1.000e-03, Time: 5.92e+02
Model state saved to ./results/models/checkpoints/schrodinger/qho/2025-08-22_11-59-41-112305/model.pth
Model state saved to ./results/models/checkpoints/schrodinger/qho/2025-08-22_11-59-41-112305/model_weights.pth
It: 390, Loss: 1.233e-01, Loss_res: 1.313e-03,  Loss_bcs: 2.366e-04, Loss_ut_ics: 6.021e-02, lr: 1.000e-03, Time: 6.08e+02
Model state saved to ./results/models/checkpoints/schrodinger/qho/2025-08-22_11-59-41-112305/model.pth
Model state saved to ./results/models/checkpoints/schrodinger/qho/2025-08-22_11-59-41-112305/model_weights.pth
It: 400, Loss: 1.231e-01, Loss_res: 1.294e-03,  Loss_bcs: 2.339e-04, Loss_ut_ics: 6.014e-02, lr: 1.000e-03, Time: 6.23e+02
Model state saved to ./results/models/checkpoints/schrodinger/qho/2025-08-22_11-59-41-112305/model.pth
Model state saved to ./results/models/checkpoints/schrodinger/qho/2025-08-22_11-59-41-112305/model_weights.pth
It: 410, Loss: 1.229e-01, Loss_res: 1.275e-03,  Loss_bcs: 2.317e-04, Loss_ut_ics: 6.007e-02, lr: 1.000e-03, Time: 6.39e+02
Model state saved to ./results/models/checkpoints/schrodinger/qho/2025-08-22_11-59-41-112305/model.pth
Model state saved to ./results/models/checkpoints/schrodinger/qho/2025-08-22_11-59-41-112305/model_weights.pth
It: 420, Loss: 1.228e-01, Loss_res: 1.257e-03,  Loss_bcs: 2.299e-04, Loss_ut_ics: 6.001e-02, lr: 1.000e-03, Time: 6.55e+02
Model state saved to ./results/models/checkpoints/schrodinger/qho/2025-08-22_11-59-41-112305/model.pth
Model state saved to ./results/models/checkpoints/schrodinger/qho/2025-08-22_11-59-41-112305/model_weights.pth
It: 430, Loss: 1.226e-01, Loss_res: 1.239e-03,  Loss_bcs: 2.287e-04, Loss_ut_ics: 5.993e-02, lr: 1.000e-03, Time: 6.70e+02
Model state saved to ./results/models/checkpoints/schrodinger/qho/2025-08-22_11-59-41-112305/model.pth
Model state saved to ./results/models/checkpoints/schrodinger/qho/2025-08-22_11-59-41-112305/model_weights.pth
It: 440, Loss: 1.224e-01, Loss_res: 1.222e-03,  Loss_bcs: 2.281e-04, Loss_ut_ics: 5.986e-02, lr: 1.000e-03, Time: 6.86e+02
Model state saved to ./results/models/checkpoints/schrodinger/qho/2025-08-22_11-59-41-112305/model.pth
Model state saved to ./results/models/checkpoints/schrodinger/qho/2025-08-22_11-59-41-112305/model_weights.pth
It: 450, Loss: 1.222e-01, Loss_res: 1.205e-03,  Loss_bcs: 2.282e-04, Loss_ut_ics: 5.978e-02, lr: 1.000e-03, Time: 7.01e+02
Model state saved to ./results/models/checkpoints/schrodinger/qho/2025-08-22_11-59-41-112305/model.pth
Model state saved to ./results/models/checkpoints/schrodinger/qho/2025-08-22_11-59-41-112305/model_weights.pth
It: 460, Loss: 1.220e-01, Loss_res: 1.190e-03,  Loss_bcs: 2.290e-04, Loss_ut_ics: 5.970e-02, lr: 1.000e-03, Time: 7.16e+02
Model state saved to ./results/models/checkpoints/schrodinger/qho/2025-08-22_11-59-41-112305/model.pth
Model state saved to ./results/models/checkpoints/schrodinger/qho/2025-08-22_11-59-41-112305/model_weights.pth
It: 470, Loss: 1.218e-01, Loss_res: 1.175e-03,  Loss_bcs: 2.306e-04, Loss_ut_ics: 5.962e-02, lr: 1.000e-03, Time: 7.31e+02
Model state saved to ./results/models/checkpoints/schrodinger/qho/2025-08-22_11-59-41-112305/model.pth
Model state saved to ./results/models/checkpoints/schrodinger/qho/2025-08-22_11-59-41-112305/model_weights.pth
It: 480, Loss: 1.216e-01, Loss_res: 1.161e-03,  Loss_bcs: 2.330e-04, Loss_ut_ics: 5.954e-02, lr: 1.000e-03, Time: 7.47e+02
Model state saved to ./results/models/checkpoints/schrodinger/qho/2025-08-22_11-59-41-112305/model.pth
Model state saved to ./results/models/checkpoints/schrodinger/qho/2025-08-22_11-59-41-112305/model_weights.pth
It: 490, Loss: 1.214e-01, Loss_res: 1.149e-03,  Loss_bcs: 2.363e-04, Loss_ut_ics: 5.945e-02, lr: 1.000e-03, Time: 7.62e+02
Model state saved to ./results/models/checkpoints/schrodinger/qho/2025-08-22_11-59-41-112305/model.pth
Model state saved to ./results/models/checkpoints/schrodinger/qho/2025-08-22_11-59-41-112305/model_weights.pth
It: 500, Loss: 1.212e-01, Loss_res: 1.138e-03,  Loss_bcs: 2.404e-04, Loss_ut_ics: 5.936e-02, lr: 1.000e-03, Time: 7.77e+02
Model state saved to ./results/models/checkpoints/schrodinger/qho/2025-08-22_11-59-41-112305/model.pth
Model state saved to ./results/models/checkpoints/schrodinger/qho/2025-08-22_11-59-41-112305/model_weights.pth
It: 510, Loss: 1.210e-01, Loss_res: 1.128e-03,  Loss_bcs: 2.453e-04, Loss_ut_ics: 5.927e-02, lr: 1.000e-03, Time: 7.93e+02
Model state saved to ./results/models/checkpoints/schrodinger/qho/2025-08-22_11-59-41-112305/model.pth
Model state saved to ./results/models/checkpoints/schrodinger/qho/2025-08-22_11-59-41-112305/model_weights.pth
It: 520, Loss: 1.208e-01, Loss_res: 1.120e-03,  Loss_bcs: 2.510e-04, Loss_ut_ics: 5.917e-02, lr: 1.000e-03, Time: 8.08e+02
Model state saved to ./results/models/checkpoints/schrodinger/qho/2025-08-22_11-59-41-112305/model.pth
Model state saved to ./results/models/checkpoints/schrodinger/qho/2025-08-22_11-59-41-112305/model_weights.pth
It: 530, Loss: 1.206e-01, Loss_res: 1.114e-03,  Loss_bcs: 2.575e-04, Loss_ut_ics: 5.907e-02, lr: 1.000e-03, Time: 8.23e+02
Model state saved to ./results/models/checkpoints/schrodinger/qho/2025-08-22_11-59-41-112305/model.pth
Model state saved to ./results/models/checkpoints/schrodinger/qho/2025-08-22_11-59-41-112305/model_weights.pth
It: 540, Loss: 1.204e-01, Loss_res: 1.110e-03,  Loss_bcs: 2.647e-04, Loss_ut_ics: 5.896e-02, lr: 1.000e-03, Time: 8.39e+02
Model state saved to ./results/models/checkpoints/schrodinger/qho/2025-08-22_11-59-41-112305/model.pth
Model state saved to ./results/models/checkpoints/schrodinger/qho/2025-08-22_11-59-41-112305/model_weights.pth
It: 550, Loss: 1.202e-01, Loss_res: 1.108e-03,  Loss_bcs: 2.724e-04, Loss_ut_ics: 5.885e-02, lr: 1.000e-03, Time: 8.54e+02
Model state saved to ./results/models/checkpoints/schrodinger/qho/2025-08-22_11-59-41-112305/model.pth
Model state saved to ./results/models/checkpoints/schrodinger/qho/2025-08-22_11-59-41-112305/model_weights.pth
It: 560, Loss: 1.200e-01, Loss_res: 1.108e-03,  Loss_bcs: 2.806e-04, Loss_ut_ics: 5.874e-02, lr: 1.000e-03, Time: 8.69e+02
Model state saved to ./results/models/checkpoints/schrodinger/qho/2025-08-22_11-59-41-112305/model.pth
Model state saved to ./results/models/checkpoints/schrodinger/qho/2025-08-22_11-59-41-112305/model_weights.pth
It: 570, Loss: 1.198e-01, Loss_res: 1.110e-03,  Loss_bcs: 2.893e-04, Loss_ut_ics: 5.862e-02, lr: 1.000e-03, Time: 8.84e+02
Model state saved to ./results/models/checkpoints/schrodinger/qho/2025-08-22_11-59-41-112305/model.pth
Model state saved to ./results/models/checkpoints/schrodinger/qho/2025-08-22_11-59-41-112305/model_weights.pth
It: 580, Loss: 1.195e-01, Loss_res: 1.113e-03,  Loss_bcs: 2.982e-04, Loss_ut_ics: 5.850e-02, lr: 1.000e-03, Time: 9.00e+02
Model state saved to ./results/models/checkpoints/schrodinger/qho/2025-08-22_11-59-41-112305/model.pth
Model state saved to ./results/models/checkpoints/schrodinger/qho/2025-08-22_11-59-41-112305/model_weights.pth
It: 590, Loss: 1.193e-01, Loss_res: 1.118e-03,  Loss_bcs: 3.073e-04, Loss_ut_ics: 5.837e-02, lr: 1.000e-03, Time: 9.15e+02
Model state saved to ./results/models/checkpoints/schrodinger/qho/2025-08-22_11-59-41-112305/model.pth
Model state saved to ./results/models/checkpoints/schrodinger/qho/2025-08-22_11-59-41-112305/model_weights.pth
It: 600, Loss: 1.191e-01, Loss_res: 1.125e-03,  Loss_bcs: 3.165e-04, Loss_ut_ics: 5.824e-02, lr: 1.000e-03, Time: 9.31e+02
Model state saved to ./results/models/checkpoints/schrodinger/qho/2025-08-22_11-59-41-112305/model.pth
Model state saved to ./results/models/checkpoints/schrodinger/qho/2025-08-22_11-59-41-112305/model_weights.pth
It: 610, Loss: 1.188e-01, Loss_res: 1.133e-03,  Loss_bcs: 3.257e-04, Loss_ut_ics: 5.811e-02, lr: 1.000e-03, Time: 9.46e+02
Model state saved to ./results/models/checkpoints/schrodinger/qho/2025-08-22_11-59-41-112305/model.pth
Model state saved to ./results/models/checkpoints/schrodinger/qho/2025-08-22_11-59-41-112305/model_weights.pth
It: 620, Loss: 1.186e-01, Loss_res: 1.142e-03,  Loss_bcs: 3.350e-04, Loss_ut_ics: 5.797e-02, lr: 1.000e-03, Time: 9.61e+02
Model state saved to ./results/models/checkpoints/schrodinger/qho/2025-08-22_11-59-41-112305/model.pth
Model state saved to ./results/models/checkpoints/schrodinger/qho/2025-08-22_11-59-41-112305/model_weights.pth
It: 630, Loss: 1.183e-01, Loss_res: 1.152e-03,  Loss_bcs: 3.441e-04, Loss_ut_ics: 5.782e-02, lr: 1.000e-03, Time: 9.77e+02
Model state saved to ./results/models/checkpoints/schrodinger/qho/2025-08-22_11-59-41-112305/model.pth
Model state saved to ./results/models/checkpoints/schrodinger/qho/2025-08-22_11-59-41-112305/model_weights.pth
It: 640, Loss: 1.180e-01, Loss_res: 1.163e-03,  Loss_bcs: 3.531e-04, Loss_ut_ics: 5.767e-02, lr: 1.000e-03, Time: 9.92e+02
Model state saved to ./results/models/checkpoints/schrodinger/qho/2025-08-22_11-59-41-112305/model.pth
Model state saved to ./results/models/checkpoints/schrodinger/qho/2025-08-22_11-59-41-112305/model_weights.pth
It: 650, Loss: 1.177e-01, Loss_res: 1.175e-03,  Loss_bcs: 3.620e-04, Loss_ut_ics: 5.752e-02, lr: 1.000e-03, Time: 1.01e+03
Model state saved to ./results/models/checkpoints/schrodinger/qho/2025-08-22_11-59-41-112305/model.pth
Model state saved to ./results/models/checkpoints/schrodinger/qho/2025-08-22_11-59-41-112305/model_weights.pth
It: 660, Loss: 1.175e-01, Loss_res: 1.189e-03,  Loss_bcs: 3.708e-04, Loss_ut_ics: 5.736e-02, lr: 1.000e-03, Time: 1.02e+03
Model state saved to ./results/models/checkpoints/schrodinger/qho/2025-08-22_11-59-41-112305/model.pth
Model state saved to ./results/models/checkpoints/schrodinger/qho/2025-08-22_11-59-41-112305/model_weights.pth
It: 670, Loss: 1.172e-01, Loss_res: 1.203e-03,  Loss_bcs: 3.795e-04, Loss_ut_ics: 5.719e-02, lr: 1.000e-03, Time: 1.04e+03
Model state saved to ./results/models/checkpoints/schrodinger/qho/2025-08-22_11-59-41-112305/model.pth
Model state saved to ./results/models/checkpoints/schrodinger/qho/2025-08-22_11-59-41-112305/model_weights.pth
It: 680, Loss: 1.169e-01, Loss_res: 1.218e-03,  Loss_bcs: 3.880e-04, Loss_ut_ics: 5.702e-02, lr: 1.000e-03, Time: 1.05e+03
Model state saved to ./results/models/checkpoints/schrodinger/qho/2025-08-22_11-59-41-112305/model.pth
Model state saved to ./results/models/checkpoints/schrodinger/qho/2025-08-22_11-59-41-112305/model_weights.pth
It: 690, Loss: 1.166e-01, Loss_res: 1.234e-03,  Loss_bcs: 3.965e-04, Loss_ut_ics: 5.684e-02, lr: 1.000e-03, Time: 1.07e+03
Model state saved to ./results/models/checkpoints/schrodinger/qho/2025-08-22_11-59-41-112305/model.pth
Model state saved to ./results/models/checkpoints/schrodinger/qho/2025-08-22_11-59-41-112305/model_weights.pth
It: 700, Loss: 1.162e-01, Loss_res: 1.251e-03,  Loss_bcs: 4.049e-04, Loss_ut_ics: 5.666e-02, lr: 1.000e-03, Time: 1.09e+03
Model state saved to ./results/models/checkpoints/schrodinger/qho/2025-08-22_11-59-41-112305/model.pth
Model state saved to ./results/models/checkpoints/schrodinger/qho/2025-08-22_11-59-41-112305/model_weights.pth
It: 710, Loss: 1.159e-01, Loss_res: 1.269e-03,  Loss_bcs: 4.132e-04, Loss_ut_ics: 5.648e-02, lr: 1.000e-03, Time: 1.10e+03
Model state saved to ./results/models/checkpoints/schrodinger/qho/2025-08-22_11-59-41-112305/model.pth
Model state saved to ./results/models/checkpoints/schrodinger/qho/2025-08-22_11-59-41-112305/model_weights.pth
It: 720, Loss: 1.156e-01, Loss_res: 1.289e-03,  Loss_bcs: 4.215e-04, Loss_ut_ics: 5.628e-02, lr: 1.000e-03, Time: 1.12e+03
Model state saved to ./results/models/checkpoints/schrodinger/qho/2025-08-22_11-59-41-112305/model.pth
Model state saved to ./results/models/checkpoints/schrodinger/qho/2025-08-22_11-59-41-112305/model_weights.pth
It: 730, Loss: 1.152e-01, Loss_res: 1.309e-03,  Loss_bcs: 4.298e-04, Loss_ut_ics: 5.609e-02, lr: 1.000e-03, Time: 1.13e+03
Model state saved to ./results/models/checkpoints/schrodinger/qho/2025-08-22_11-59-41-112305/model.pth
Model state saved to ./results/models/checkpoints/schrodinger/qho/2025-08-22_11-59-41-112305/model_weights.pth
It: 740, Loss: 1.149e-01, Loss_res: 1.331e-03,  Loss_bcs: 4.380e-04, Loss_ut_ics: 5.588e-02, lr: 1.000e-03, Time: 1.15e+03
Model state saved to ./results/models/checkpoints/schrodinger/qho/2025-08-22_11-59-41-112305/model.pth
Model state saved to ./results/models/checkpoints/schrodinger/qho/2025-08-22_11-59-41-112305/model_weights.pth
It: 750, Loss: 1.145e-01, Loss_res: 1.355e-03,  Loss_bcs: 4.462e-04, Loss_ut_ics: 5.567e-02, lr: 1.000e-03, Time: 1.16e+03
Model state saved to ./results/models/checkpoints/schrodinger/qho/2025-08-22_11-59-41-112305/model.pth
Model state saved to ./results/models/checkpoints/schrodinger/qho/2025-08-22_11-59-41-112305/model_weights.pth
It: 760, Loss: 1.141e-01, Loss_res: 1.380e-03,  Loss_bcs: 4.544e-04, Loss_ut_ics: 5.545e-02, lr: 1.000e-03, Time: 1.18e+03
Model state saved to ./results/models/checkpoints/schrodinger/qho/2025-08-22_11-59-41-112305/model.pth
Model state saved to ./results/models/checkpoints/schrodinger/qho/2025-08-22_11-59-41-112305/model_weights.pth
It: 770, Loss: 1.137e-01, Loss_res: 1.406e-03,  Loss_bcs: 4.627e-04, Loss_ut_ics: 5.523e-02, lr: 1.000e-03, Time: 1.19e+03
Model state saved to ./results/models/checkpoints/schrodinger/qho/2025-08-22_11-59-41-112305/model.pth
Model state saved to ./results/models/checkpoints/schrodinger/qho/2025-08-22_11-59-41-112305/model_weights.pth
It: 780, Loss: 1.133e-01, Loss_res: 1.434e-03,  Loss_bcs: 4.709e-04, Loss_ut_ics: 5.500e-02, lr: 1.000e-03, Time: 1.21e+03
Model state saved to ./results/models/checkpoints/schrodinger/qho/2025-08-22_11-59-41-112305/model.pth
Model state saved to ./results/models/checkpoints/schrodinger/qho/2025-08-22_11-59-41-112305/model_weights.pth
It: 790, Loss: 1.129e-01, Loss_res: 1.463e-03,  Loss_bcs: 4.793e-04, Loss_ut_ics: 5.476e-02, lr: 1.000e-03, Time: 1.22e+03
Model state saved to ./results/models/checkpoints/schrodinger/qho/2025-08-22_11-59-41-112305/model.pth
Model state saved to ./results/models/checkpoints/schrodinger/qho/2025-08-22_11-59-41-112305/model_weights.pth
It: 800, Loss: 1.125e-01, Loss_res: 1.494e-03,  Loss_bcs: 4.876e-04, Loss_ut_ics: 5.452e-02, lr: 1.000e-03, Time: 1.24e+03
Model state saved to ./results/models/checkpoints/schrodinger/qho/2025-08-22_11-59-41-112305/model.pth
Model state saved to ./results/models/checkpoints/schrodinger/qho/2025-08-22_11-59-41-112305/model_weights.pth
It: 810, Loss: 1.121e-01, Loss_res: 1.526e-03,  Loss_bcs: 4.960e-04, Loss_ut_ics: 5.426e-02, lr: 1.000e-03, Time: 1.25e+03
Model state saved to ./results/models/checkpoints/schrodinger/qho/2025-08-22_11-59-41-112305/model.pth
Model state saved to ./results/models/checkpoints/schrodinger/qho/2025-08-22_11-59-41-112305/model_weights.pth
It: 820, Loss: 1.116e-01, Loss_res: 1.559e-03,  Loss_bcs: 5.045e-04, Loss_ut_ics: 5.401e-02, lr: 1.000e-03, Time: 1.27e+03
Model state saved to ./results/models/checkpoints/schrodinger/qho/2025-08-22_11-59-41-112305/model.pth
Model state saved to ./results/models/checkpoints/schrodinger/qho/2025-08-22_11-59-41-112305/model_weights.pth
It: 830, Loss: 1.112e-01, Loss_res: 1.594e-03,  Loss_bcs: 5.130e-04, Loss_ut_ics: 5.374e-02, lr: 1.000e-03, Time: 1.28e+03
Model state saved to ./results/models/checkpoints/schrodinger/qho/2025-08-22_11-59-41-112305/model.pth
Model state saved to ./results/models/checkpoints/schrodinger/qho/2025-08-22_11-59-41-112305/model_weights.pth
It: 840, Loss: 1.107e-01, Loss_res: 1.630e-03,  Loss_bcs: 5.216e-04, Loss_ut_ics: 5.347e-02, lr: 1.000e-03, Time: 1.30e+03
Model state saved to ./results/models/checkpoints/schrodinger/qho/2025-08-22_11-59-41-112305/model.pth
Model state saved to ./results/models/checkpoints/schrodinger/qho/2025-08-22_11-59-41-112305/model_weights.pth
It: 850, Loss: 1.102e-01, Loss_res: 1.667e-03,  Loss_bcs: 5.303e-04, Loss_ut_ics: 5.319e-02, lr: 1.000e-03, Time: 1.31e+03
Model state saved to ./results/models/checkpoints/schrodinger/qho/2025-08-22_11-59-41-112305/model.pth
Model state saved to ./results/models/checkpoints/schrodinger/qho/2025-08-22_11-59-41-112305/model_weights.pth
It: 860, Loss: 1.098e-01, Loss_res: 1.704e-03,  Loss_bcs: 5.391e-04, Loss_ut_ics: 5.290e-02, lr: 1.000e-03, Time: 1.33e+03
Model state saved to ./results/models/checkpoints/schrodinger/qho/2025-08-22_11-59-41-112305/model.pth
Model state saved to ./results/models/checkpoints/schrodinger/qho/2025-08-22_11-59-41-112305/model_weights.pth
It: 870, Loss: 1.093e-01, Loss_res: 1.743e-03,  Loss_bcs: 5.480e-04, Loss_ut_ics: 5.261e-02, lr: 1.000e-03, Time: 1.34e+03
Model state saved to ./results/models/checkpoints/schrodinger/qho/2025-08-22_11-59-41-112305/model.pth
Model state saved to ./results/models/checkpoints/schrodinger/qho/2025-08-22_11-59-41-112305/model_weights.pth
It: 880, Loss: 1.087e-01, Loss_res: 1.782e-03,  Loss_bcs: 5.570e-04, Loss_ut_ics: 5.231e-02, lr: 1.000e-03, Time: 1.36e+03
Model state saved to ./results/models/checkpoints/schrodinger/qho/2025-08-22_11-59-41-112305/model.pth
Model state saved to ./results/models/checkpoints/schrodinger/qho/2025-08-22_11-59-41-112305/model_weights.pth
It: 890, Loss: 1.082e-01, Loss_res: 1.822e-03,  Loss_bcs: 5.661e-04, Loss_ut_ics: 5.200e-02, lr: 1.000e-03, Time: 1.38e+03
Model state saved to ./results/models/checkpoints/schrodinger/qho/2025-08-22_11-59-41-112305/model.pth
Model state saved to ./results/models/checkpoints/schrodinger/qho/2025-08-22_11-59-41-112305/model_weights.pth
It: 900, Loss: 1.077e-01, Loss_res: 1.863e-03,  Loss_bcs: 5.754e-04, Loss_ut_ics: 5.169e-02, lr: 1.000e-03, Time: 1.39e+03
Model state saved to ./results/models/checkpoints/schrodinger/qho/2025-08-22_11-59-41-112305/model.pth
Model state saved to ./results/models/checkpoints/schrodinger/qho/2025-08-22_11-59-41-112305/model_weights.pth
It: 910, Loss: 1.071e-01, Loss_res: 1.903e-03,  Loss_bcs: 5.848e-04, Loss_ut_ics: 5.136e-02, lr: 1.000e-03, Time: 1.41e+03
Model state saved to ./results/models/checkpoints/schrodinger/qho/2025-08-22_11-59-41-112305/model.pth
Model state saved to ./results/models/checkpoints/schrodinger/qho/2025-08-22_11-59-41-112305/model_weights.pth
It: 920, Loss: 1.066e-01, Loss_res: 1.944e-03,  Loss_bcs: 5.944e-04, Loss_ut_ics: 5.103e-02, lr: 1.000e-03, Time: 1.42e+03
Model state saved to ./results/models/checkpoints/schrodinger/qho/2025-08-22_11-59-41-112305/model.pth
Model state saved to ./results/models/checkpoints/schrodinger/qho/2025-08-22_11-59-41-112305/model_weights.pth
It: 930, Loss: 1.060e-01, Loss_res: 1.985e-03,  Loss_bcs: 6.042e-04, Loss_ut_ics: 5.070e-02, lr: 1.000e-03, Time: 1.44e+03
Model state saved to ./results/models/checkpoints/schrodinger/qho/2025-08-22_11-59-41-112305/model.pth
Model state saved to ./results/models/checkpoints/schrodinger/qho/2025-08-22_11-59-41-112305/model_weights.pth
It: 940, Loss: 1.054e-01, Loss_res: 2.026e-03,  Loss_bcs: 6.142e-04, Loss_ut_ics: 5.035e-02, lr: 1.000e-03, Time: 1.45e+03
Model state saved to ./results/models/checkpoints/schrodinger/qho/2025-08-22_11-59-41-112305/model.pth
Model state saved to ./results/models/checkpoints/schrodinger/qho/2025-08-22_11-59-41-112305/model_weights.pth
It: 950, Loss: 1.048e-01, Loss_res: 2.066e-03,  Loss_bcs: 6.246e-04, Loss_ut_ics: 5.000e-02, lr: 1.000e-03, Time: 1.47e+03
Model state saved to ./results/models/checkpoints/schrodinger/qho/2025-08-22_11-59-41-112305/model.pth
Model state saved to ./results/models/checkpoints/schrodinger/qho/2025-08-22_11-59-41-112305/model_weights.pth
It: 960, Loss: 1.041e-01, Loss_res: 2.107e-03,  Loss_bcs: 6.352e-04, Loss_ut_ics: 4.964e-02, lr: 1.000e-03, Time: 1.48e+03
Model state saved to ./results/models/checkpoints/schrodinger/qho/2025-08-22_11-59-41-112305/model.pth
Model state saved to ./results/models/checkpoints/schrodinger/qho/2025-08-22_11-59-41-112305/model_weights.pth
It: 970, Loss: 1.035e-01, Loss_res: 2.147e-03,  Loss_bcs: 6.463e-04, Loss_ut_ics: 4.928e-02, lr: 1.000e-03, Time: 1.50e+03
Model state saved to ./results/models/checkpoints/schrodinger/qho/2025-08-22_11-59-41-112305/model.pth
Model state saved to ./results/models/checkpoints/schrodinger/qho/2025-08-22_11-59-41-112305/model_weights.pth
It: 980, Loss: 1.028e-01, Loss_res: 2.188e-03,  Loss_bcs: 6.578e-04, Loss_ut_ics: 4.890e-02, lr: 1.000e-03, Time: 1.51e+03
Model state saved to ./results/models/checkpoints/schrodinger/qho/2025-08-22_11-59-41-112305/model.pth
Model state saved to ./results/models/checkpoints/schrodinger/qho/2025-08-22_11-59-41-112305/model_weights.pth
It: 990, Loss: 1.022e-01, Loss_res: 2.227e-03,  Loss_bcs: 6.697e-04, Loss_ut_ics: 4.852e-02, lr: 1.000e-03, Time: 1.53e+03
Model state saved to ./results/models/checkpoints/schrodinger/qho/2025-08-22_11-59-41-112305/model.pth
Model state saved to ./results/models/checkpoints/schrodinger/qho/2025-08-22_11-59-41-112305/model_weights.pth
It: 1000, Loss: 1.015e-01, Loss_res: 2.267e-03,  Loss_bcs: 6.823e-04, Loss_ut_ics: 4.813e-02, lr: 1.000e-03, Time: 1.54e+03
Model state saved to ./results/models/checkpoints/schrodinger/qho/2025-08-22_11-59-41-112305/model.pth
Model state saved to ./results/models/checkpoints/schrodinger/qho/2025-08-22_11-59-41-112305/model_weights.pth
It: 1010, Loss: 1.008e-01, Loss_res: 2.306e-03,  Loss_bcs: 6.955e-04, Loss_ut_ics: 4.773e-02, lr: 1.000e-03, Time: 1.56e+03
Model state saved to ./results/models/checkpoints/schrodinger/qho/2025-08-22_11-59-41-112305/model.pth
Model state saved to ./results/models/checkpoints/schrodinger/qho/2025-08-22_11-59-41-112305/model_weights.pth
It: 1020, Loss: 1.000e-01, Loss_res: 2.344e-03,  Loss_bcs: 7.094e-04, Loss_ut_ics: 4.733e-02, lr: 1.000e-03, Time: 1.57e+03
Model state saved to ./results/models/checkpoints/schrodinger/qho/2025-08-22_11-59-41-112305/model.pth
Model state saved to ./results/models/checkpoints/schrodinger/qho/2025-08-22_11-59-41-112305/model_weights.pth
It: 1030, Loss: 9.931e-02, Loss_res: 2.382e-03,  Loss_bcs: 7.241e-04, Loss_ut_ics: 4.691e-02, lr: 1.000e-03, Time: 1.59e+03
Model state saved to ./results/models/checkpoints/schrodinger/qho/2025-08-22_11-59-41-112305/model.pth
Model state saved to ./results/models/checkpoints/schrodinger/qho/2025-08-22_11-59-41-112305/model_weights.pth
It: 1040, Loss: 9.856e-02, Loss_res: 2.420e-03,  Loss_bcs: 7.396e-04, Loss_ut_ics: 4.649e-02, lr: 1.000e-03, Time: 1.60e+03
Model state saved to ./results/models/checkpoints/schrodinger/qho/2025-08-22_11-59-41-112305/model.pth
Model state saved to ./results/models/checkpoints/schrodinger/qho/2025-08-22_11-59-41-112305/model_weights.pth
It: 1050, Loss: 9.779e-02, Loss_res: 2.457e-03,  Loss_bcs: 7.560e-04, Loss_ut_ics: 4.606e-02, lr: 1.000e-03, Time: 1.62e+03
Model state saved to ./results/models/checkpoints/schrodinger/qho/2025-08-22_11-59-41-112305/model.pth
Model state saved to ./results/models/checkpoints/schrodinger/qho/2025-08-22_11-59-41-112305/model_weights.pth
It: 1060, Loss: 9.700e-02, Loss_res: 2.494e-03,  Loss_bcs: 7.734e-04, Loss_ut_ics: 4.562e-02, lr: 1.000e-03, Time: 1.63e+03
Model state saved to ./results/models/checkpoints/schrodinger/qho/2025-08-22_11-59-41-112305/model.pth
Model state saved to ./results/models/checkpoints/schrodinger/qho/2025-08-22_11-59-41-112305/model_weights.pth
It: 1070, Loss: 9.619e-02, Loss_res: 2.530e-03,  Loss_bcs: 7.918e-04, Loss_ut_ics: 4.517e-02, lr: 1.000e-03, Time: 1.65e+03
Model state saved to ./results/models/checkpoints/schrodinger/qho/2025-08-22_11-59-41-112305/model.pth
Model state saved to ./results/models/checkpoints/schrodinger/qho/2025-08-22_11-59-41-112305/model_weights.pth
It: 1080, Loss: 9.537e-02, Loss_res: 2.565e-03,  Loss_bcs: 8.113e-04, Loss_ut_ics: 4.471e-02, lr: 1.000e-03, Time: 1.66e+03
Model state saved to ./results/models/checkpoints/schrodinger/qho/2025-08-22_11-59-41-112305/model.pth
Model state saved to ./results/models/checkpoints/schrodinger/qho/2025-08-22_11-59-41-112305/model_weights.pth
It: 1090, Loss: 9.453e-02, Loss_res: 2.600e-03,  Loss_bcs: 8.320e-04, Loss_ut_ics: 4.425e-02, lr: 1.000e-03, Time: 1.68e+03
Model state saved to ./results/models/checkpoints/schrodinger/qho/2025-08-22_11-59-41-112305/model.pth
Model state saved to ./results/models/checkpoints/schrodinger/qho/2025-08-22_11-59-41-112305/model_weights.pth
It: 1100, Loss: 9.367e-02, Loss_res: 2.634e-03,  Loss_bcs: 8.538e-04, Loss_ut_ics: 4.377e-02, lr: 1.000e-03, Time: 1.70e+03
Model state saved to ./results/models/checkpoints/schrodinger/qho/2025-08-22_11-59-41-112305/model.pth
Model state saved to ./results/models/checkpoints/schrodinger/qho/2025-08-22_11-59-41-112305/model_weights.pth
It: 1110, Loss: 9.279e-02, Loss_res: 2.668e-03,  Loss_bcs: 8.769e-04, Loss_ut_ics: 4.329e-02, lr: 1.000e-03, Time: 1.71e+03
Model state saved to ./results/models/checkpoints/schrodinger/qho/2025-08-22_11-59-41-112305/model.pth
Model state saved to ./results/models/checkpoints/schrodinger/qho/2025-08-22_11-59-41-112305/model_weights.pth
It: 1120, Loss: 9.189e-02, Loss_res: 2.700e-03,  Loss_bcs: 9.012e-04, Loss_ut_ics: 4.279e-02, lr: 1.000e-03, Time: 1.73e+03
Model state saved to ./results/models/checkpoints/schrodinger/qho/2025-08-22_11-59-41-112305/model.pth
Model state saved to ./results/models/checkpoints/schrodinger/qho/2025-08-22_11-59-41-112305/model_weights.pth
It: 1130, Loss: 9.097e-02, Loss_res: 2.732e-03,  Loss_bcs: 9.267e-04, Loss_ut_ics: 4.229e-02, lr: 1.000e-03, Time: 1.74e+03
Model state saved to ./results/models/checkpoints/schrodinger/qho/2025-08-22_11-59-41-112305/model.pth
Model state saved to ./results/models/checkpoints/schrodinger/qho/2025-08-22_11-59-41-112305/model_weights.pth
It: 1140, Loss: 9.002e-02, Loss_res: 2.764e-03,  Loss_bcs: 9.535e-04, Loss_ut_ics: 4.177e-02, lr: 1.000e-03, Time: 1.76e+03
Model state saved to ./results/models/checkpoints/schrodinger/qho/2025-08-22_11-59-41-112305/model.pth
Model state saved to ./results/models/checkpoints/schrodinger/qho/2025-08-22_11-59-41-112305/model_weights.pth
It: 1150, Loss: 8.906e-02, Loss_res: 2.794e-03,  Loss_bcs: 9.815e-04, Loss_ut_ics: 4.125e-02, lr: 1.000e-03, Time: 1.77e+03
Model state saved to ./results/models/checkpoints/schrodinger/qho/2025-08-22_11-59-41-112305/model.pth
Model state saved to ./results/models/checkpoints/schrodinger/qho/2025-08-22_11-59-41-112305/model_weights.pth
It: 1160, Loss: 8.807e-02, Loss_res: 2.823e-03,  Loss_bcs: 1.011e-03, Loss_ut_ics: 4.071e-02, lr: 1.000e-03, Time: 1.79e+03
Model state saved to ./results/models/checkpoints/schrodinger/qho/2025-08-22_11-59-41-112305/model.pth
Model state saved to ./results/models/checkpoints/schrodinger/qho/2025-08-22_11-59-41-112305/model_weights.pth
It: 1170, Loss: 8.707e-02, Loss_res: 2.852e-03,  Loss_bcs: 1.041e-03, Loss_ut_ics: 4.016e-02, lr: 1.000e-03, Time: 1.80e+03
Model state saved to ./results/models/checkpoints/schrodinger/qho/2025-08-22_11-59-41-112305/model.pth
Model state saved to ./results/models/checkpoints/schrodinger/qho/2025-08-22_11-59-41-112305/model_weights.pth
It: 1180, Loss: 8.603e-02, Loss_res: 2.879e-03,  Loss_bcs: 1.073e-03, Loss_ut_ics: 3.960e-02, lr: 1.000e-03, Time: 1.82e+03
Model state saved to ./results/models/checkpoints/schrodinger/qho/2025-08-22_11-59-41-112305/model.pth
Model state saved to ./results/models/checkpoints/schrodinger/qho/2025-08-22_11-59-41-112305/model_weights.pth
It: 1190, Loss: 8.497e-02, Loss_res: 2.905e-03,  Loss_bcs: 1.105e-03, Loss_ut_ics: 3.903e-02, lr: 1.000e-03, Time: 1.83e+03
Model state saved to ./results/models/checkpoints/schrodinger/qho/2025-08-22_11-59-41-112305/model.pth
Model state saved to ./results/models/checkpoints/schrodinger/qho/2025-08-22_11-59-41-112305/model_weights.pth
It: 1200, Loss: 8.389e-02, Loss_res: 2.930e-03,  Loss_bcs: 1.138e-03, Loss_ut_ics: 3.844e-02, lr: 1.000e-03, Time: 1.85e+03
Model state saved to ./results/models/checkpoints/schrodinger/qho/2025-08-22_11-59-41-112305/model.pth
Model state saved to ./results/models/checkpoints/schrodinger/qho/2025-08-22_11-59-41-112305/model_weights.pth
It: 1210, Loss: 8.277e-02, Loss_res: 2.954e-03,  Loss_bcs: 1.173e-03, Loss_ut_ics: 3.785e-02, lr: 1.000e-03, Time: 1.86e+03
Model state saved to ./results/models/checkpoints/schrodinger/qho/2025-08-22_11-59-41-112305/model.pth
Model state saved to ./results/models/checkpoints/schrodinger/qho/2025-08-22_11-59-41-112305/model_weights.pth
It: 1220, Loss: 8.163e-02, Loss_res: 2.976e-03,  Loss_bcs: 1.207e-03, Loss_ut_ics: 3.723e-02, lr: 1.000e-03, Time: 1.88e+03
Model state saved to ./results/models/checkpoints/schrodinger/qho/2025-08-22_11-59-41-112305/model.pth
Model state saved to ./results/models/checkpoints/schrodinger/qho/2025-08-22_11-59-41-112305/model_weights.pth
It: 1230, Loss: 8.045e-02, Loss_res: 2.996e-03,  Loss_bcs: 1.242e-03, Loss_ut_ics: 3.661e-02, lr: 1.000e-03, Time: 1.89e+03
Model state saved to ./results/models/checkpoints/schrodinger/qho/2025-08-22_11-59-41-112305/model.pth
Model state saved to ./results/models/checkpoints/schrodinger/qho/2025-08-22_11-59-41-112305/model_weights.pth
It: 1240, Loss: 7.925e-02, Loss_res: 3.015e-03,  Loss_bcs: 1.277e-03, Loss_ut_ics: 3.597e-02, lr: 1.000e-03, Time: 1.91e+03
Model state saved to ./results/models/checkpoints/schrodinger/qho/2025-08-22_11-59-41-112305/model.pth
Model state saved to ./results/models/checkpoints/schrodinger/qho/2025-08-22_11-59-41-112305/model_weights.pth
It: 1250, Loss: 7.801e-02, Loss_res: 3.032e-03,  Loss_bcs: 1.312e-03, Loss_ut_ics: 3.532e-02, lr: 1.000e-03, Time: 1.92e+03
Model state saved to ./results/models/checkpoints/schrodinger/qho/2025-08-22_11-59-41-112305/model.pth
Model state saved to ./results/models/checkpoints/schrodinger/qho/2025-08-22_11-59-41-112305/model_weights.pth
It: 1260, Loss: 7.674e-02, Loss_res: 3.047e-03,  Loss_bcs: 1.346e-03, Loss_ut_ics: 3.465e-02, lr: 1.000e-03, Time: 1.94e+03
Model state saved to ./results/models/checkpoints/schrodinger/qho/2025-08-22_11-59-41-112305/model.pth
Model state saved to ./results/models/checkpoints/schrodinger/qho/2025-08-22_11-59-41-112305/model_weights.pth
It: 1270, Loss: 7.544e-02, Loss_res: 3.060e-03,  Loss_bcs: 1.380e-03, Loss_ut_ics: 3.397e-02, lr: 1.000e-03, Time: 1.95e+03
Model state saved to ./results/models/checkpoints/schrodinger/qho/2025-08-22_11-59-41-112305/model.pth
Model state saved to ./results/models/checkpoints/schrodinger/qho/2025-08-22_11-59-41-112305/model_weights.pth
It: 1280, Loss: 7.410e-02, Loss_res: 3.072e-03,  Loss_bcs: 1.413e-03, Loss_ut_ics: 3.327e-02, lr: 1.000e-03, Time: 1.97e+03
Model state saved to ./results/models/checkpoints/schrodinger/qho/2025-08-22_11-59-41-112305/model.pth
Model state saved to ./results/models/checkpoints/schrodinger/qho/2025-08-22_11-59-41-112305/model_weights.pth
It: 1290, Loss: 7.273e-02, Loss_res: 3.082e-03,  Loss_bcs: 1.444e-03, Loss_ut_ics: 3.256e-02, lr: 1.000e-03, Time: 1.98e+03
Model state saved to ./results/models/checkpoints/schrodinger/qho/2025-08-22_11-59-41-112305/model.pth
Model state saved to ./results/models/checkpoints/schrodinger/qho/2025-08-22_11-59-41-112305/model_weights.pth
It: 1300, Loss: 7.133e-02, Loss_res: 3.090e-03,  Loss_bcs: 1.474e-03, Loss_ut_ics: 3.184e-02, lr: 1.000e-03, Time: 2.00e+03
Model state saved to ./results/models/checkpoints/schrodinger/qho/2025-08-22_11-59-41-112305/model.pth
Model state saved to ./results/models/checkpoints/schrodinger/qho/2025-08-22_11-59-41-112305/model_weights.pth
It: 1310, Loss: 6.989e-02, Loss_res: 3.098e-03,  Loss_bcs: 1.503e-03, Loss_ut_ics: 3.110e-02, lr: 1.000e-03, Time: 2.02e+03
Model state saved to ./results/models/checkpoints/schrodinger/qho/2025-08-22_11-59-41-112305/model.pth
Model state saved to ./results/models/checkpoints/schrodinger/qho/2025-08-22_11-59-41-112305/model_weights.pth
It: 1320, Loss: 6.843e-02, Loss_res: 3.104e-03,  Loss_bcs: 1.530e-03, Loss_ut_ics: 3.035e-02, lr: 1.000e-03, Time: 2.03e+03
Model state saved to ./results/models/checkpoints/schrodinger/qho/2025-08-22_11-59-41-112305/model.pth
Model state saved to ./results/models/checkpoints/schrodinger/qho/2025-08-22_11-59-41-112305/model_weights.pth
It: 1330, Loss: 6.695e-02, Loss_res: 3.111e-03,  Loss_bcs: 1.556e-03, Loss_ut_ics: 2.959e-02, lr: 1.000e-03, Time: 2.05e+03
Model state saved to ./results/models/checkpoints/schrodinger/qho/2025-08-22_11-59-41-112305/model.pth
Model state saved to ./results/models/checkpoints/schrodinger/qho/2025-08-22_11-59-41-112305/model_weights.pth
It: 1340, Loss: 6.545e-02, Loss_res: 3.118e-03,  Loss_bcs: 1.580e-03, Loss_ut_ics: 2.881e-02, lr: 1.000e-03, Time: 2.06e+03
Model state saved to ./results/models/checkpoints/schrodinger/qho/2025-08-22_11-59-41-112305/model.pth
Model state saved to ./results/models/checkpoints/schrodinger/qho/2025-08-22_11-59-41-112305/model_weights.pth
It: 1350, Loss: 6.393e-02, Loss_res: 3.126e-03,  Loss_bcs: 1.604e-03, Loss_ut_ics: 2.804e-02, lr: 1.000e-03, Time: 2.08e+03
Model state saved to ./results/models/checkpoints/schrodinger/qho/2025-08-22_11-59-41-112305/model.pth
Model state saved to ./results/models/checkpoints/schrodinger/qho/2025-08-22_11-59-41-112305/model_weights.pth
It: 1360, Loss: 6.241e-02, Loss_res: 3.136e-03,  Loss_bcs: 1.627e-03, Loss_ut_ics: 2.725e-02, lr: 1.000e-03, Time: 2.09e+03
Model state saved to ./results/models/checkpoints/schrodinger/qho/2025-08-22_11-59-41-112305/model.pth
Model state saved to ./results/models/checkpoints/schrodinger/qho/2025-08-22_11-59-41-112305/model_weights.pth
It: 1370, Loss: 6.088e-02, Loss_res: 3.148e-03,  Loss_bcs: 1.650e-03, Loss_ut_ics: 2.647e-02, lr: 1.000e-03, Time: 2.11e+03
Model state saved to ./results/models/checkpoints/schrodinger/qho/2025-08-22_11-59-41-112305/model.pth
Model state saved to ./results/models/checkpoints/schrodinger/qho/2025-08-22_11-59-41-112305/model_weights.pth
It: 1380, Loss: 5.936e-02, Loss_res: 3.163e-03,  Loss_bcs: 1.673e-03, Loss_ut_ics: 2.568e-02, lr: 1.000e-03, Time: 2.12e+03
Model state saved to ./results/models/checkpoints/schrodinger/qho/2025-08-22_11-59-41-112305/model.pth
Model state saved to ./results/models/checkpoints/schrodinger/qho/2025-08-22_11-59-41-112305/model_weights.pth
It: 1390, Loss: 5.785e-02, Loss_res: 3.181e-03,  Loss_bcs: 1.696e-03, Loss_ut_ics: 2.490e-02, lr: 1.000e-03, Time: 2.14e+03
Model state saved to ./results/models/checkpoints/schrodinger/qho/2025-08-22_11-59-41-112305/model.pth
Model state saved to ./results/models/checkpoints/schrodinger/qho/2025-08-22_11-59-41-112305/model_weights.pth
It: 1400, Loss: 5.636e-02, Loss_res: 3.202e-03,  Loss_bcs: 1.720e-03, Loss_ut_ics: 2.412e-02, lr: 1.000e-03, Time: 2.15e+03
Model state saved to ./results/models/checkpoints/schrodinger/qho/2025-08-22_11-59-41-112305/model.pth
Model state saved to ./results/models/checkpoints/schrodinger/qho/2025-08-22_11-59-41-112305/model_weights.pth
It: 1410, Loss: 5.488e-02, Loss_res: 3.226e-03,  Loss_bcs: 1.745e-03, Loss_ut_ics: 2.334e-02, lr: 1.000e-03, Time: 2.17e+03
Model state saved to ./results/models/checkpoints/schrodinger/qho/2025-08-22_11-59-41-112305/model.pth
Model state saved to ./results/models/checkpoints/schrodinger/qho/2025-08-22_11-59-41-112305/model_weights.pth
It: 1420, Loss: 5.343e-02, Loss_res: 3.253e-03,  Loss_bcs: 1.770e-03, Loss_ut_ics: 2.258e-02, lr: 1.000e-03, Time: 2.18e+03
Model state saved to ./results/models/checkpoints/schrodinger/qho/2025-08-22_11-59-41-112305/model.pth
Model state saved to ./results/models/checkpoints/schrodinger/qho/2025-08-22_11-59-41-112305/model_weights.pth
It: 1430, Loss: 5.201e-02, Loss_res: 3.283e-03,  Loss_bcs: 1.796e-03, Loss_ut_ics: 2.182e-02, lr: 1.000e-03, Time: 2.20e+03
Model state saved to ./results/models/checkpoints/schrodinger/qho/2025-08-22_11-59-41-112305/model.pth
Model state saved to ./results/models/checkpoints/schrodinger/qho/2025-08-22_11-59-41-112305/model_weights.pth
It: 1440, Loss: 5.061e-02, Loss_res: 3.313e-03,  Loss_bcs: 1.822e-03, Loss_ut_ics: 2.108e-02, lr: 1.000e-03, Time: 2.21e+03
Model state saved to ./results/models/checkpoints/schrodinger/qho/2025-08-22_11-59-41-112305/model.pth
Model state saved to ./results/models/checkpoints/schrodinger/qho/2025-08-22_11-59-41-112305/model_weights.pth
It: 1450, Loss: 4.924e-02, Loss_res: 3.344e-03,  Loss_bcs: 1.849e-03, Loss_ut_ics: 2.035e-02, lr: 1.000e-03, Time: 2.23e+03
Model state saved to ./results/models/checkpoints/schrodinger/qho/2025-08-22_11-59-41-112305/model.pth
Model state saved to ./results/models/checkpoints/schrodinger/qho/2025-08-22_11-59-41-112305/model_weights.pth
It: 1460, Loss: 4.789e-02, Loss_res: 3.374e-03,  Loss_bcs: 1.876e-03, Loss_ut_ics: 1.963e-02, lr: 1.000e-03, Time: 2.24e+03
Model state saved to ./results/models/checkpoints/schrodinger/qho/2025-08-22_11-59-41-112305/model.pth
Model state saved to ./results/models/checkpoints/schrodinger/qho/2025-08-22_11-59-41-112305/model_weights.pth
It: 1470, Loss: 4.658e-02, Loss_res: 3.403e-03,  Loss_bcs: 1.902e-03, Loss_ut_ics: 1.893e-02, lr: 1.000e-03, Time: 2.26e+03
Model state saved to ./results/models/checkpoints/schrodinger/qho/2025-08-22_11-59-41-112305/model.pth
Model state saved to ./results/models/checkpoints/schrodinger/qho/2025-08-22_11-59-41-112305/model_weights.pth
It: 1480, Loss: 4.528e-02, Loss_res: 3.428e-03,  Loss_bcs: 1.929e-03, Loss_ut_ics: 1.825e-02, lr: 1.000e-03, Time: 2.28e+03
Model state saved to ./results/models/checkpoints/schrodinger/qho/2025-08-22_11-59-41-112305/model.pth
Model state saved to ./results/models/checkpoints/schrodinger/qho/2025-08-22_11-59-41-112305/model_weights.pth
It: 1490, Loss: 4.401e-02, Loss_res: 3.450e-03,  Loss_bcs: 1.955e-03, Loss_ut_ics: 1.758e-02, lr: 1.000e-03, Time: 2.29e+03
Model state saved to ./results/models/checkpoints/schrodinger/qho/2025-08-22_11-59-41-112305/model.pth
Model state saved to ./results/models/checkpoints/schrodinger/qho/2025-08-22_11-59-41-112305/model_weights.pth
It: 1500, Loss: 4.277e-02, Loss_res: 3.467e-03,  Loss_bcs: 1.981e-03, Loss_ut_ics: 1.693e-02, lr: 1.000e-03, Time: 2.31e+03
Model state saved to ./results/models/checkpoints/schrodinger/qho/2025-08-22_11-59-41-112305/model.pth
Model state saved to ./results/models/checkpoints/schrodinger/qho/2025-08-22_11-59-41-112305/model_weights.pth
It: 1510, Loss: 4.154e-02, Loss_res: 3.478e-03,  Loss_bcs: 2.006e-03, Loss_ut_ics: 1.629e-02, lr: 1.000e-03, Time: 2.32e+03
Model state saved to ./results/models/checkpoints/schrodinger/qho/2025-08-22_11-59-41-112305/model.pth
Model state saved to ./results/models/checkpoints/schrodinger/qho/2025-08-22_11-59-41-112305/model_weights.pth
It: 1520, Loss: 4.034e-02, Loss_res: 3.484e-03,  Loss_bcs: 2.030e-03, Loss_ut_ics: 1.567e-02, lr: 1.000e-03, Time: 2.34e+03
Model state saved to ./results/models/checkpoints/schrodinger/qho/2025-08-22_11-59-41-112305/model.pth
Model state saved to ./results/models/checkpoints/schrodinger/qho/2025-08-22_11-59-41-112305/model_weights.pth
It: 1530, Loss: 3.916e-02, Loss_res: 3.484e-03,  Loss_bcs: 2.053e-03, Loss_ut_ics: 1.507e-02, lr: 1.000e-03, Time: 2.35e+03
Model state saved to ./results/models/checkpoints/schrodinger/qho/2025-08-22_11-59-41-112305/model.pth
Model state saved to ./results/models/checkpoints/schrodinger/qho/2025-08-22_11-59-41-112305/model_weights.pth
It: 1540, Loss: 3.800e-02, Loss_res: 3.479e-03,  Loss_bcs: 2.076e-03, Loss_ut_ics: 1.448e-02, lr: 1.000e-03, Time: 2.37e+03
Model state saved to ./results/models/checkpoints/schrodinger/qho/2025-08-22_11-59-41-112305/model.pth
Model state saved to ./results/models/checkpoints/schrodinger/qho/2025-08-22_11-59-41-112305/model_weights.pth
It: 1550, Loss: 3.686e-02, Loss_res: 3.468e-03,  Loss_bcs: 2.097e-03, Loss_ut_ics: 1.391e-02, lr: 1.000e-03, Time: 2.38e+03
Model state saved to ./results/models/checkpoints/schrodinger/qho/2025-08-22_11-59-41-112305/model.pth
Model state saved to ./results/models/checkpoints/schrodinger/qho/2025-08-22_11-59-41-112305/model_weights.pth
It: 1560, Loss: 3.574e-02, Loss_res: 3.452e-03,  Loss_bcs: 2.117e-03, Loss_ut_ics: 1.336e-02, lr: 1.000e-03, Time: 2.40e+03
Model state saved to ./results/models/checkpoints/schrodinger/qho/2025-08-22_11-59-41-112305/model.pth
Model state saved to ./results/models/checkpoints/schrodinger/qho/2025-08-22_11-59-41-112305/model_weights.pth
It: 1570, Loss: 3.464e-02, Loss_res: 3.433e-03,  Loss_bcs: 2.135e-03, Loss_ut_ics: 1.282e-02, lr: 1.000e-03, Time: 2.41e+03
Model state saved to ./results/models/checkpoints/schrodinger/qho/2025-08-22_11-59-41-112305/model.pth
Model state saved to ./results/models/checkpoints/schrodinger/qho/2025-08-22_11-59-41-112305/model_weights.pth
It: 1580, Loss: 3.357e-02, Loss_res: 3.409e-03,  Loss_bcs: 2.152e-03, Loss_ut_ics: 1.230e-02, lr: 1.000e-03, Time: 2.43e+03
Model state saved to ./results/models/checkpoints/schrodinger/qho/2025-08-22_11-59-41-112305/model.pth
Model state saved to ./results/models/checkpoints/schrodinger/qho/2025-08-22_11-59-41-112305/model_weights.pth
It: 1590, Loss: 3.252e-02, Loss_res: 3.383e-03,  Loss_bcs: 2.168e-03, Loss_ut_ics: 1.179e-02, lr: 1.000e-03, Time: 2.44e+03
Model state saved to ./results/models/checkpoints/schrodinger/qho/2025-08-22_11-59-41-112305/model.pth
Model state saved to ./results/models/checkpoints/schrodinger/qho/2025-08-22_11-59-41-112305/model_weights.pth
It: 1600, Loss: 3.149e-02, Loss_res: 3.354e-03,  Loss_bcs: 2.182e-03, Loss_ut_ics: 1.130e-02, lr: 1.000e-03, Time: 2.46e+03
Model state saved to ./results/models/checkpoints/schrodinger/qho/2025-08-22_11-59-41-112305/model.pth
Model state saved to ./results/models/checkpoints/schrodinger/qho/2025-08-22_11-59-41-112305/model_weights.pth
It: 1610, Loss: 3.049e-02, Loss_res: 3.323e-03,  Loss_bcs: 2.195e-03, Loss_ut_ics: 1.083e-02, lr: 1.000e-03, Time: 2.47e+03
Model state saved to ./results/models/checkpoints/schrodinger/qho/2025-08-22_11-59-41-112305/model.pth
Model state saved to ./results/models/checkpoints/schrodinger/qho/2025-08-22_11-59-41-112305/model_weights.pth
It: 1620, Loss: 2.952e-02, Loss_res: 3.291e-03,  Loss_bcs: 2.206e-03, Loss_ut_ics: 1.037e-02, lr: 1.000e-03, Time: 2.49e+03
Model state saved to ./results/models/checkpoints/schrodinger/qho/2025-08-22_11-59-41-112305/model.pth
Model state saved to ./results/models/checkpoints/schrodinger/qho/2025-08-22_11-59-41-112305/model_weights.pth
It: 1630, Loss: 2.857e-02, Loss_res: 3.257e-03,  Loss_bcs: 2.215e-03, Loss_ut_ics: 9.921e-03, lr: 1.000e-03, Time: 2.50e+03
Model state saved to ./results/models/checkpoints/schrodinger/qho/2025-08-22_11-59-41-112305/model.pth
Model state saved to ./results/models/checkpoints/schrodinger/qho/2025-08-22_11-59-41-112305/model_weights.pth
It: 1640, Loss: 2.765e-02, Loss_res: 3.223e-03,  Loss_bcs: 2.223e-03, Loss_ut_ics: 9.492e-03, lr: 1.000e-03, Time: 2.52e+03
Model state saved to ./results/models/checkpoints/schrodinger/qho/2025-08-22_11-59-41-112305/model.pth
Model state saved to ./results/models/checkpoints/schrodinger/qho/2025-08-22_11-59-41-112305/model_weights.pth
It: 1650, Loss: 2.676e-02, Loss_res: 3.189e-03,  Loss_bcs: 2.229e-03, Loss_ut_ics: 9.077e-03, lr: 1.000e-03, Time: 2.53e+03
Model state saved to ./results/models/checkpoints/schrodinger/qho/2025-08-22_11-59-41-112305/model.pth
Model state saved to ./results/models/checkpoints/schrodinger/qho/2025-08-22_11-59-41-112305/model_weights.pth
It: 1660, Loss: 2.590e-02, Loss_res: 3.155e-03,  Loss_bcs: 2.232e-03, Loss_ut_ics: 8.678e-03, lr: 1.000e-03, Time: 2.55e+03
Model state saved to ./results/models/checkpoints/schrodinger/qho/2025-08-22_11-59-41-112305/model.pth
Model state saved to ./results/models/checkpoints/schrodinger/qho/2025-08-22_11-59-41-112305/model_weights.pth
It: 1670, Loss: 2.506e-02, Loss_res: 3.121e-03,  Loss_bcs: 2.234e-03, Loss_ut_ics: 8.293e-03, lr: 1.000e-03, Time: 2.57e+03
Model state saved to ./results/models/checkpoints/schrodinger/qho/2025-08-22_11-59-41-112305/model.pth
Model state saved to ./results/models/checkpoints/schrodinger/qho/2025-08-22_11-59-41-112305/model_weights.pth
It: 1680, Loss: 2.425e-02, Loss_res: 3.087e-03,  Loss_bcs: 2.234e-03, Loss_ut_ics: 7.923e-03, lr: 1.000e-03, Time: 2.58e+03
Model state saved to ./results/models/checkpoints/schrodinger/qho/2025-08-22_11-59-41-112305/model.pth
Model state saved to ./results/models/checkpoints/schrodinger/qho/2025-08-22_11-59-41-112305/model_weights.pth
It: 1690, Loss: 2.347e-02, Loss_res: 3.053e-03,  Loss_bcs: 2.231e-03, Loss_ut_ics: 7.567e-03, lr: 1.000e-03, Time: 2.60e+03
Model state saved to ./results/models/checkpoints/schrodinger/qho/2025-08-22_11-59-41-112305/model.pth
Model state saved to ./results/models/checkpoints/schrodinger/qho/2025-08-22_11-59-41-112305/model_weights.pth
It: 1700, Loss: 2.272e-02, Loss_res: 3.020e-03,  Loss_bcs: 2.226e-03, Loss_ut_ics: 7.226e-03, lr: 1.000e-03, Time: 2.61e+03
Model state saved to ./results/models/checkpoints/schrodinger/qho/2025-08-22_11-59-41-112305/model.pth
Model state saved to ./results/models/checkpoints/schrodinger/qho/2025-08-22_11-59-41-112305/model_weights.pth
It: 1710, Loss: 2.199e-02, Loss_res: 2.987e-03,  Loss_bcs: 2.219e-03, Loss_ut_ics: 6.898e-03, lr: 1.000e-03, Time: 2.63e+03
Model state saved to ./results/models/checkpoints/schrodinger/qho/2025-08-22_11-59-41-112305/model.pth
Model state saved to ./results/models/checkpoints/schrodinger/qho/2025-08-22_11-59-41-112305/model_weights.pth
It: 1720, Loss: 2.129e-02, Loss_res: 2.954e-03,  Loss_bcs: 2.210e-03, Loss_ut_ics: 6.585e-03, lr: 1.000e-03, Time: 2.64e+03
Model state saved to ./results/models/checkpoints/schrodinger/qho/2025-08-22_11-59-41-112305/model.pth
Model state saved to ./results/models/checkpoints/schrodinger/qho/2025-08-22_11-59-41-112305/model_weights.pth
It: 1730, Loss: 2.061e-02, Loss_res: 2.921e-03,  Loss_bcs: 2.198e-03, Loss_ut_ics: 6.285e-03, lr: 1.000e-03, Time: 2.66e+03
Model state saved to ./results/models/checkpoints/schrodinger/qho/2025-08-22_11-59-41-112305/model.pth
Model state saved to ./results/models/checkpoints/schrodinger/qho/2025-08-22_11-59-41-112305/model_weights.pth
It: 1740, Loss: 1.996e-02, Loss_res: 2.889e-03,  Loss_bcs: 2.184e-03, Loss_ut_ics: 5.998e-03, lr: 1.000e-03, Time: 2.67e+03
Model state saved to ./results/models/checkpoints/schrodinger/qho/2025-08-22_11-59-41-112305/model.pth
Model state saved to ./results/models/checkpoints/schrodinger/qho/2025-08-22_11-59-41-112305/model_weights.pth
It: 1750, Loss: 1.933e-02, Loss_res: 2.857e-03,  Loss_bcs: 2.168e-03, Loss_ut_ics: 5.724e-03, lr: 1.000e-03, Time: 2.69e+03
Model state saved to ./results/models/checkpoints/schrodinger/qho/2025-08-22_11-59-41-112305/model.pth
Model state saved to ./results/models/checkpoints/schrodinger/qho/2025-08-22_11-59-41-112305/model_weights.pth
It: 1760, Loss: 1.872e-02, Loss_res: 2.825e-03,  Loss_bcs: 2.149e-03, Loss_ut_ics: 5.462e-03, lr: 1.000e-03, Time: 2.70e+03
Model state saved to ./results/models/checkpoints/schrodinger/qho/2025-08-22_11-59-41-112305/model.pth
Model state saved to ./results/models/checkpoints/schrodinger/qho/2025-08-22_11-59-41-112305/model_weights.pth
It: 1770, Loss: 1.814e-02, Loss_res: 2.792e-03,  Loss_bcs: 2.129e-03, Loss_ut_ics: 5.213e-03, lr: 1.000e-03, Time: 2.72e+03
Model state saved to ./results/models/checkpoints/schrodinger/qho/2025-08-22_11-59-41-112305/model.pth
Model state saved to ./results/models/checkpoints/schrodinger/qho/2025-08-22_11-59-41-112305/model_weights.pth
It: 1780, Loss: 1.757e-02, Loss_res: 2.760e-03,  Loss_bcs: 2.106e-03, Loss_ut_ics: 4.975e-03, lr: 1.000e-03, Time: 2.73e+03
Model state saved to ./results/models/checkpoints/schrodinger/qho/2025-08-22_11-59-41-112305/model.pth
Model state saved to ./results/models/checkpoints/schrodinger/qho/2025-08-22_11-59-41-112305/model_weights.pth
It: 1790, Loss: 1.703e-02, Loss_res: 2.726e-03,  Loss_bcs: 2.082e-03, Loss_ut_ics: 4.748e-03, lr: 1.000e-03, Time: 2.75e+03
Model state saved to ./results/models/checkpoints/schrodinger/qho/2025-08-22_11-59-41-112305/model.pth
Model state saved to ./results/models/checkpoints/schrodinger/qho/2025-08-22_11-59-41-112305/model_weights.pth
It: 1800, Loss: 1.651e-02, Loss_res: 2.693e-03,  Loss_bcs: 2.055e-03, Loss_ut_ics: 4.533e-03, lr: 1.000e-03, Time: 2.76e+03
Model state saved to ./results/models/checkpoints/schrodinger/qho/2025-08-22_11-59-41-112305/model.pth
Model state saved to ./results/models/checkpoints/schrodinger/qho/2025-08-22_11-59-41-112305/model_weights.pth
It: 1810, Loss: 1.600e-02, Loss_res: 2.659e-03,  Loss_bcs: 2.027e-03, Loss_ut_ics: 4.327e-03, lr: 1.000e-03, Time: 2.78e+03
Model state saved to ./results/models/checkpoints/schrodinger/qho/2025-08-22_11-59-41-112305/model.pth
Model state saved to ./results/models/checkpoints/schrodinger/qho/2025-08-22_11-59-41-112305/model_weights.pth
It: 1820, Loss: 1.551e-02, Loss_res: 2.624e-03,  Loss_bcs: 1.998e-03, Loss_ut_ics: 4.132e-03, lr: 1.000e-03, Time: 2.79e+03
Model state saved to ./results/models/checkpoints/schrodinger/qho/2025-08-22_11-59-41-112305/model.pth
Model state saved to ./results/models/checkpoints/schrodinger/qho/2025-08-22_11-59-41-112305/model_weights.pth
It: 1830, Loss: 1.504e-02, Loss_res: 2.589e-03,  Loss_bcs: 1.968e-03, Loss_ut_ics: 3.946e-03, lr: 1.000e-03, Time: 2.81e+03
Model state saved to ./results/models/checkpoints/schrodinger/qho/2025-08-22_11-59-41-112305/model.pth
Model state saved to ./results/models/checkpoints/schrodinger/qho/2025-08-22_11-59-41-112305/model_weights.pth
It: 1840, Loss: 1.458e-02, Loss_res: 2.553e-03,  Loss_bcs: 1.936e-03, Loss_ut_ics: 3.770e-03, lr: 1.000e-03, Time: 2.82e+03
Model state saved to ./results/models/checkpoints/schrodinger/qho/2025-08-22_11-59-41-112305/model.pth
Model state saved to ./results/models/checkpoints/schrodinger/qho/2025-08-22_11-59-41-112305/model_weights.pth
It: 1850, Loss: 1.414e-02, Loss_res: 2.516e-03,  Loss_bcs: 1.904e-03, Loss_ut_ics: 3.601e-03, lr: 1.000e-03, Time: 2.84e+03
Model state saved to ./results/models/checkpoints/schrodinger/qho/2025-08-22_11-59-41-112305/model.pth
Model state saved to ./results/models/checkpoints/schrodinger/qho/2025-08-22_11-59-41-112305/model_weights.pth
It: 1860, Loss: 1.371e-02, Loss_res: 2.479e-03,  Loss_bcs: 1.870e-03, Loss_ut_ics: 3.441e-03, lr: 1.000e-03, Time: 2.86e+03
Model state saved to ./results/models/checkpoints/schrodinger/qho/2025-08-22_11-59-41-112305/model.pth
Model state saved to ./results/models/checkpoints/schrodinger/qho/2025-08-22_11-59-41-112305/model_weights.pth
It: 1870, Loss: 1.330e-02, Loss_res: 2.441e-03,  Loss_bcs: 1.836e-03, Loss_ut_ics: 3.289e-03, lr: 1.000e-03, Time: 2.87e+03
Model state saved to ./results/models/checkpoints/schrodinger/qho/2025-08-22_11-59-41-112305/model.pth
Model state saved to ./results/models/checkpoints/schrodinger/qho/2025-08-22_11-59-41-112305/model_weights.pth
It: 1880, Loss: 1.289e-02, Loss_res: 2.402e-03,  Loss_bcs: 1.802e-03, Loss_ut_ics: 3.144e-03, lr: 1.000e-03, Time: 2.89e+03
Model state saved to ./results/models/checkpoints/schrodinger/qho/2025-08-22_11-59-41-112305/model.pth
Model state saved to ./results/models/checkpoints/schrodinger/qho/2025-08-22_11-59-41-112305/model_weights.pth
It: 1890, Loss: 1.250e-02, Loss_res: 2.362e-03,  Loss_bcs: 1.767e-03, Loss_ut_ics: 3.006e-03, lr: 1.000e-03, Time: 2.90e+03
Model state saved to ./results/models/checkpoints/schrodinger/qho/2025-08-22_11-59-41-112305/model.pth
Model state saved to ./results/models/checkpoints/schrodinger/qho/2025-08-22_11-59-41-112305/model_weights.pth
It: 1900, Loss: 1.213e-02, Loss_res: 2.323e-03,  Loss_bcs: 1.733e-03, Loss_ut_ics: 2.874e-03, lr: 1.000e-03, Time: 2.92e+03
Model state saved to ./results/models/checkpoints/schrodinger/qho/2025-08-22_11-59-41-112305/model.pth
Model state saved to ./results/models/checkpoints/schrodinger/qho/2025-08-22_11-59-41-112305/model_weights.pth
It: 1910, Loss: 1.176e-02, Loss_res: 2.282e-03,  Loss_bcs: 1.698e-03, Loss_ut_ics: 2.748e-03, lr: 1.000e-03, Time: 2.93e+03
Model state saved to ./results/models/checkpoints/schrodinger/qho/2025-08-22_11-59-41-112305/model.pth
Model state saved to ./results/models/checkpoints/schrodinger/qho/2025-08-22_11-59-41-112305/model_weights.pth
It: 1920, Loss: 1.140e-02, Loss_res: 2.241e-03,  Loss_bcs: 1.663e-03, Loss_ut_ics: 2.629e-03, lr: 1.000e-03, Time: 2.95e+03
Model state saved to ./results/models/checkpoints/schrodinger/qho/2025-08-22_11-59-41-112305/model.pth
Model state saved to ./results/models/checkpoints/schrodinger/qho/2025-08-22_11-59-41-112305/model_weights.pth
It: 1930, Loss: 1.106e-02, Loss_res: 2.200e-03,  Loss_bcs: 1.628e-03, Loss_ut_ics: 2.514e-03, lr: 1.000e-03, Time: 2.96e+03
Model state saved to ./results/models/checkpoints/schrodinger/qho/2025-08-22_11-59-41-112305/model.pth
Model state saved to ./results/models/checkpoints/schrodinger/qho/2025-08-22_11-59-41-112305/model_weights.pth
It: 1940, Loss: 1.072e-02, Loss_res: 2.159e-03,  Loss_bcs: 1.594e-03, Loss_ut_ics: 2.405e-03, lr: 1.000e-03, Time: 2.98e+03
Model state saved to ./results/models/checkpoints/schrodinger/qho/2025-08-22_11-59-41-112305/model.pth
Model state saved to ./results/models/checkpoints/schrodinger/qho/2025-08-22_11-59-41-112305/model_weights.pth
It: 1950, Loss: 1.040e-02, Loss_res: 2.118e-03,  Loss_bcs: 1.560e-03, Loss_ut_ics: 2.301e-03, lr: 1.000e-03, Time: 2.99e+03
Model state saved to ./results/models/checkpoints/schrodinger/qho/2025-08-22_11-59-41-112305/model.pth
Model state saved to ./results/models/checkpoints/schrodinger/qho/2025-08-22_11-59-41-112305/model_weights.pth
It: 1960, Loss: 1.008e-02, Loss_res: 2.077e-03,  Loss_bcs: 1.526e-03, Loss_ut_ics: 2.201e-03, lr: 1.000e-03, Time: 3.01e+03
Model state saved to ./results/models/checkpoints/schrodinger/qho/2025-08-22_11-59-41-112305/model.pth
Model state saved to ./results/models/checkpoints/schrodinger/qho/2025-08-22_11-59-41-112305/model_weights.pth
It: 1970, Loss: 9.775e-03, Loss_res: 2.035e-03,  Loss_bcs: 1.493e-03, Loss_ut_ics: 2.106e-03, lr: 1.000e-03, Time: 3.02e+03
Model state saved to ./results/models/checkpoints/schrodinger/qho/2025-08-22_11-59-41-112305/model.pth
Model state saved to ./results/models/checkpoints/schrodinger/qho/2025-08-22_11-59-41-112305/model_weights.pth
It: 1980, Loss: 9.478e-03, Loss_res: 1.994e-03,  Loss_bcs: 1.460e-03, Loss_ut_ics: 2.015e-03, lr: 1.000e-03, Time: 3.04e+03
Model state saved to ./results/models/checkpoints/schrodinger/qho/2025-08-22_11-59-41-112305/model.pth
Model state saved to ./results/models/checkpoints/schrodinger/qho/2025-08-22_11-59-41-112305/model_weights.pth
It: 1990, Loss: 9.189e-03, Loss_res: 1.953e-03,  Loss_bcs: 1.427e-03, Loss_ut_ics: 1.927e-03, lr: 1.000e-03, Time: 3.05e+03
Model state saved to ./results/models/checkpoints/schrodinger/qho/2025-08-22_11-59-41-112305/model.pth
Model state saved to ./results/models/checkpoints/schrodinger/qho/2025-08-22_11-59-41-112305/model_weights.pth
It: 2000, Loss: 8.909e-03, Loss_res: 1.913e-03,  Loss_bcs: 1.395e-03, Loss_ut_ics: 1.844e-03, lr: 1.000e-03, Time: 3.07e+03
Model state saved to ./results/models/checkpoints/schrodinger/qho/2025-08-22_11-59-41-112305/model.pth
Model state saved to ./results/models/checkpoints/schrodinger/qho/2025-08-22_11-59-41-112305/model_weights.pth
Model state saved to ./results/models/checkpoints/schrodinger/qho/2025-08-22_11-59-41-112305/model.pth
Model state saved to ./results/models/checkpoints/schrodinger/qho/2025-08-22_11-59-41-112305/model_weights.pth
Training completed successfuly!
