Using DV Solver
The settings used:
batch_size : 64
epochs : 2000
lr : 0.001
seed : 42
print_every : 10
log_path : ./results/models/checkpoints/schrodinger/qho
input_dim : 2
output_dim : 2
num_qubits : 5
hidden_dim : 50
num_quantum_layers : 2
classic_network : [2, 50, 2]
q_ansatz : sim_circ_15
mode : hybrid
activation : null
shots : None
problem : schrodinger
solver : DV
device : cpu
method : None
cutoff_dim : 20
class : CVNeuralNetwork2
encoding : None
eq_params : {'example': 'ho', 'L': 5.0, 'T': 0.1, 'hbar': 1.0, 'mass': 1.0, 'n_level': 1, 'omega': 1.0, 'potential_fn': 'lambda t, x : 0.5 * 1.0 * (1.0**2) * (x**2)'}
Total number of parameters: 827
The circuit used in the study:
It: 1, Loss: 5.814e+00, Loss_res: 2.651e+00,  Loss_bcs: 7.989e-02, Loss_ut_ics: 2.159e-01, lr: 1.000e-03, Time: 3.65e+00
Model state saved to ./results/models/checkpoints/schrodinger/qho/2025-08-22_19-53-10-267364/model.pth
Model state saved to ./results/models/checkpoints/schrodinger/qho/2025-08-22_19-53-10-267364/model_weights.pth
It: 10, Loss: 4.536e-01, Loss_res: 1.152e-01,  Loss_bcs: 6.183e-03, Loss_ut_ics: 1.085e-01, lr: 1.000e-03, Time: 2.87e+01
Model state saved to ./results/models/checkpoints/schrodinger/qho/2025-08-22_19-53-10-267364/model.pth
Model state saved to ./results/models/checkpoints/schrodinger/qho/2025-08-22_19-53-10-267364/model_weights.pth
It: 20, Loss: 7.992e-01, Loss_res: 2.383e-01,  Loss_bcs: 6.221e-03, Loss_ut_ics: 1.582e-01, lr: 1.000e-03, Time: 5.74e+01
Model state saved to ./results/models/checkpoints/schrodinger/qho/2025-08-22_19-53-10-267364/model.pth
Model state saved to ./results/models/checkpoints/schrodinger/qho/2025-08-22_19-53-10-267364/model_weights.pth
It: 30, Loss: 1.435e-01, Loss_res: 1.894e-02,  Loss_bcs: 4.982e-04, Loss_ut_ics: 5.254e-02, lr: 1.000e-03, Time: 8.74e+01
Model state saved to ./results/models/checkpoints/schrodinger/qho/2025-08-22_19-53-10-267364/model.pth
Model state saved to ./results/models/checkpoints/schrodinger/qho/2025-08-22_19-53-10-267364/model_weights.pth
It: 40, Loss: 1.545e-01, Loss_res: 2.309e-02,  Loss_bcs: 2.035e-03, Loss_ut_ics: 5.314e-02, lr: 1.000e-03, Time: 1.17e+02
Model state saved to ./results/models/checkpoints/schrodinger/qho/2025-08-22_19-53-10-267364/model.pth
Model state saved to ./results/models/checkpoints/schrodinger/qho/2025-08-22_19-53-10-267364/model_weights.pth
It: 50, Loss: 2.623e-01, Loss_res: 9.254e-03,  Loss_bcs: 2.726e-04, Loss_ut_ics: 1.218e-01, lr: 1.000e-03, Time: 1.45e+02
Model state saved to ./results/models/checkpoints/schrodinger/qho/2025-08-22_19-53-10-267364/model.pth
Model state saved to ./results/models/checkpoints/schrodinger/qho/2025-08-22_19-53-10-267364/model_weights.pth
It: 60, Loss: 1.401e-01, Loss_res: 9.855e-03,  Loss_bcs: 1.678e-04, Loss_ut_ics: 6.011e-02, lr: 1.000e-03, Time: 1.74e+02
Model state saved to ./results/models/checkpoints/schrodinger/qho/2025-08-22_19-53-10-267364/model.pth
Model state saved to ./results/models/checkpoints/schrodinger/qho/2025-08-22_19-53-10-267364/model_weights.pth
It: 70, Loss: 2.949e-01, Loss_res: 5.104e-03,  Loss_bcs: 1.333e-04, Loss_ut_ics: 1.423e-01, lr: 1.000e-03, Time: 2.02e+02
Model state saved to ./results/models/checkpoints/schrodinger/qho/2025-08-22_19-53-10-267364/model.pth
Model state saved to ./results/models/checkpoints/schrodinger/qho/2025-08-22_19-53-10-267364/model_weights.pth
It: 80, Loss: 5.260e-01, Loss_res: 4.168e-03,  Loss_bcs: 1.247e-04, Loss_ut_ics: 2.588e-01, lr: 1.000e-03, Time: 2.31e+02
Model state saved to ./results/models/checkpoints/schrodinger/qho/2025-08-22_19-53-10-267364/model.pth
Model state saved to ./results/models/checkpoints/schrodinger/qho/2025-08-22_19-53-10-267364/model_weights.pth
It: 90, Loss: 4.299e-01, Loss_res: 3.383e-03,  Loss_bcs: 7.700e-05, Loss_ut_ics: 2.115e-01, lr: 1.000e-03, Time: 2.60e+02
Model state saved to ./results/models/checkpoints/schrodinger/qho/2025-08-22_19-53-10-267364/model.pth
Model state saved to ./results/models/checkpoints/schrodinger/qho/2025-08-22_19-53-10-267364/model_weights.pth
It: 100, Loss: 1.297e-01, Loss_res: 2.961e-03,  Loss_bcs: 4.625e-05, Loss_ut_ics: 6.184e-02, lr: 1.000e-03, Time: 2.88e+02
Model state saved to ./results/models/checkpoints/schrodinger/qho/2025-08-22_19-53-10-267364/model.pth
Model state saved to ./results/models/checkpoints/schrodinger/qho/2025-08-22_19-53-10-267364/model_weights.pth
It: 110, Loss: 1.388e-01, Loss_res: 2.354e-03,  Loss_bcs: 4.902e-05, Loss_ut_ics: 6.703e-02, lr: 1.000e-03, Time: 3.19e+02
Model state saved to ./results/models/checkpoints/schrodinger/qho/2025-08-22_19-53-10-267364/model.pth
Model state saved to ./results/models/checkpoints/schrodinger/qho/2025-08-22_19-53-10-267364/model_weights.pth
It: 120, Loss: 9.229e-03, Loss_res: 1.712e-03,  Loss_bcs: 5.605e-05, Loss_ut_ics: 2.874e-03, lr: 1.000e-03, Time: 3.49e+02
Model state saved to ./results/models/checkpoints/schrodinger/qho/2025-08-22_19-53-10-267364/model.pth
Model state saved to ./results/models/checkpoints/schrodinger/qho/2025-08-22_19-53-10-267364/model_weights.pth
It: 130, Loss: 2.112e-01, Loss_res: 2.080e-03,  Loss_bcs: 3.165e-05, Loss_ut_ics: 1.035e-01, lr: 1.000e-03, Time: 3.79e+02
Model state saved to ./results/models/checkpoints/schrodinger/qho/2025-08-22_19-53-10-267364/model.pth
Model state saved to ./results/models/checkpoints/schrodinger/qho/2025-08-22_19-53-10-267364/model_weights.pth
It: 140, Loss: 1.009e-01, Loss_res: 2.052e-03,  Loss_bcs: 4.162e-05, Loss_ut_ics: 4.836e-02, lr: 1.000e-03, Time: 4.08e+02
Model state saved to ./results/models/checkpoints/schrodinger/qho/2025-08-22_19-53-10-267364/model.pth
Model state saved to ./results/models/checkpoints/schrodinger/qho/2025-08-22_19-53-10-267364/model_weights.pth
It: 150, Loss: 3.041e-01, Loss_res: 1.183e-03,  Loss_bcs: 3.772e-05, Loss_ut_ics: 1.508e-01, lr: 1.000e-03, Time: 4.38e+02
Model state saved to ./results/models/checkpoints/schrodinger/qho/2025-08-22_19-53-10-267364/model.pth
Model state saved to ./results/models/checkpoints/schrodinger/qho/2025-08-22_19-53-10-267364/model_weights.pth
It: 160, Loss: 3.886e-01, Loss_res: 1.103e-03,  Loss_bcs: 4.885e-05, Loss_ut_ics: 1.932e-01, lr: 1.000e-03, Time: 4.67e+02
Model state saved to ./results/models/checkpoints/schrodinger/qho/2025-08-22_19-53-10-267364/model.pth
Model state saved to ./results/models/checkpoints/schrodinger/qho/2025-08-22_19-53-10-267364/model_weights.pth
It: 170, Loss: 4.697e-01, Loss_res: 1.494e-03,  Loss_bcs: 3.277e-05, Loss_ut_ics: 2.333e-01, lr: 1.000e-03, Time: 4.94e+02
Model state saved to ./results/models/checkpoints/schrodinger/qho/2025-08-22_19-53-10-267364/model.pth
Model state saved to ./results/models/checkpoints/schrodinger/qho/2025-08-22_19-53-10-267364/model_weights.pth
It: 180, Loss: 2.417e-01, Loss_res: 1.862e-03,  Loss_bcs: 4.168e-05, Loss_ut_ics: 1.189e-01, lr: 1.000e-03, Time: 5.22e+02
Model state saved to ./results/models/checkpoints/schrodinger/qho/2025-08-22_19-53-10-267364/model.pth
Model state saved to ./results/models/checkpoints/schrodinger/qho/2025-08-22_19-53-10-267364/model_weights.pth
It: 190, Loss: 2.033e-01, Loss_res: 2.048e-03,  Loss_bcs: 4.260e-05, Loss_ut_ics: 9.956e-02, lr: 1.000e-03, Time: 5.50e+02
Model state saved to ./results/models/checkpoints/schrodinger/qho/2025-08-22_19-53-10-267364/model.pth
Model state saved to ./results/models/checkpoints/schrodinger/qho/2025-08-22_19-53-10-267364/model_weights.pth
It: 200, Loss: 3.079e-01, Loss_res: 2.238e-03,  Loss_bcs: 3.484e-05, Loss_ut_ics: 1.517e-01, lr: 1.000e-03, Time: 5.77e+02
Model state saved to ./results/models/checkpoints/schrodinger/qho/2025-08-22_19-53-10-267364/model.pth
Model state saved to ./results/models/checkpoints/schrodinger/qho/2025-08-22_19-53-10-267364/model_weights.pth
It: 210, Loss: 3.305e-01, Loss_res: 1.305e-03,  Loss_bcs: 4.293e-05, Loss_ut_ics: 1.639e-01, lr: 1.000e-03, Time: 6.04e+02
Model state saved to ./results/models/checkpoints/schrodinger/qho/2025-08-22_19-53-10-267364/model.pth
Model state saved to ./results/models/checkpoints/schrodinger/qho/2025-08-22_19-53-10-267364/model_weights.pth
It: 220, Loss: 1.669e-01, Loss_res: 1.073e-03,  Loss_bcs: 3.136e-05, Loss_ut_ics: 8.236e-02, lr: 1.000e-03, Time: 6.32e+02
Model state saved to ./results/models/checkpoints/schrodinger/qho/2025-08-22_19-53-10-267364/model.pth
Model state saved to ./results/models/checkpoints/schrodinger/qho/2025-08-22_19-53-10-267364/model_weights.pth
It: 230, Loss: 8.170e-02, Loss_res: 1.983e-03,  Loss_bcs: 3.850e-05, Loss_ut_ics: 3.885e-02, lr: 1.000e-03, Time: 6.59e+02
Model state saved to ./results/models/checkpoints/schrodinger/qho/2025-08-22_19-53-10-267364/model.pth
Model state saved to ./results/models/checkpoints/schrodinger/qho/2025-08-22_19-53-10-267364/model_weights.pth
It: 240, Loss: 1.967e-02, Loss_res: 1.417e-03,  Loss_bcs: 4.126e-05, Loss_ut_ics: 8.398e-03, lr: 1.000e-03, Time: 6.86e+02
Model state saved to ./results/models/checkpoints/schrodinger/qho/2025-08-22_19-53-10-267364/model.pth
Model state saved to ./results/models/checkpoints/schrodinger/qho/2025-08-22_19-53-10-267364/model_weights.pth
It: 250, Loss: 3.796e-01, Loss_res: 2.348e-03,  Loss_bcs: 5.245e-05, Loss_ut_ics: 1.874e-01, lr: 1.000e-03, Time: 7.14e+02
Model state saved to ./results/models/checkpoints/schrodinger/qho/2025-08-22_19-53-10-267364/model.pth
Model state saved to ./results/models/checkpoints/schrodinger/qho/2025-08-22_19-53-10-267364/model_weights.pth
It: 260, Loss: 1.634e-02, Loss_res: 2.232e-03,  Loss_bcs: 4.231e-05, Loss_ut_ics: 5.917e-03, lr: 1.000e-03, Time: 7.43e+02
Model state saved to ./results/models/checkpoints/schrodinger/qho/2025-08-22_19-53-10-267364/model.pth
Model state saved to ./results/models/checkpoints/schrodinger/qho/2025-08-22_19-53-10-267364/model_weights.pth
It: 270, Loss: 4.562e-01, Loss_res: 1.868e-03,  Loss_bcs: 3.708e-05, Loss_ut_ics: 2.262e-01, lr: 1.000e-03, Time: 7.74e+02
Model state saved to ./results/models/checkpoints/schrodinger/qho/2025-08-22_19-53-10-267364/model.pth
Model state saved to ./results/models/checkpoints/schrodinger/qho/2025-08-22_19-53-10-267364/model_weights.pth
It: 280, Loss: 8.029e-02, Loss_res: 1.010e-03,  Loss_bcs: 2.703e-05, Loss_ut_ics: 3.912e-02, lr: 1.000e-03, Time: 8.03e+02
Model state saved to ./results/models/checkpoints/schrodinger/qho/2025-08-22_19-53-10-267364/model.pth
Model state saved to ./results/models/checkpoints/schrodinger/qho/2025-08-22_19-53-10-267364/model_weights.pth
It: 290, Loss: 1.251e-01, Loss_res: 2.035e-03,  Loss_bcs: 3.062e-05, Loss_ut_ics: 6.051e-02, lr: 1.000e-03, Time: 8.33e+02
Model state saved to ./results/models/checkpoints/schrodinger/qho/2025-08-22_19-53-10-267364/model.pth
Model state saved to ./results/models/checkpoints/schrodinger/qho/2025-08-22_19-53-10-267364/model_weights.pth
It: 300, Loss: 1.148e-01, Loss_res: 1.847e-03,  Loss_bcs: 3.870e-05, Loss_ut_ics: 5.552e-02, lr: 1.000e-03, Time: 8.63e+02
Model state saved to ./results/models/checkpoints/schrodinger/qho/2025-08-22_19-53-10-267364/model.pth
Model state saved to ./results/models/checkpoints/schrodinger/qho/2025-08-22_19-53-10-267364/model_weights.pth
It: 310, Loss: 1.576e-01, Loss_res: 1.709e-03,  Loss_bcs: 1.876e-05, Loss_ut_ics: 7.708e-02, lr: 1.000e-03, Time: 8.94e+02
Model state saved to ./results/models/checkpoints/schrodinger/qho/2025-08-22_19-53-10-267364/model.pth
Model state saved to ./results/models/checkpoints/schrodinger/qho/2025-08-22_19-53-10-267364/model_weights.pth
It: 320, Loss: 2.245e-01, Loss_res: 1.829e-03,  Loss_bcs: 2.519e-05, Loss_ut_ics: 1.104e-01, lr: 1.000e-03, Time: 9.23e+02
Model state saved to ./results/models/checkpoints/schrodinger/qho/2025-08-22_19-53-10-267364/model.pth
Model state saved to ./results/models/checkpoints/schrodinger/qho/2025-08-22_19-53-10-267364/model_weights.pth
It: 330, Loss: 2.376e-01, Loss_res: 2.141e-03,  Loss_bcs: 4.639e-05, Loss_ut_ics: 1.166e-01, lr: 1.000e-03, Time: 9.50e+02
Model state saved to ./results/models/checkpoints/schrodinger/qho/2025-08-22_19-53-10-267364/model.pth
Model state saved to ./results/models/checkpoints/schrodinger/qho/2025-08-22_19-53-10-267364/model_weights.pth
It: 340, Loss: 2.053e-01, Loss_res: 2.253e-03,  Loss_bcs: 4.564e-05, Loss_ut_ics: 1.004e-01, lr: 1.000e-03, Time: 9.80e+02
Model state saved to ./results/models/checkpoints/schrodinger/qho/2025-08-22_19-53-10-267364/model.pth
Model state saved to ./results/models/checkpoints/schrodinger/qho/2025-08-22_19-53-10-267364/model_weights.pth
It: 350, Loss: 1.412e-01, Loss_res: 1.908e-03,  Loss_bcs: 3.513e-05, Loss_ut_ics: 6.870e-02, lr: 1.000e-03, Time: 1.01e+03
Model state saved to ./results/models/checkpoints/schrodinger/qho/2025-08-22_19-53-10-267364/model.pth
Model state saved to ./results/models/checkpoints/schrodinger/qho/2025-08-22_19-53-10-267364/model_weights.pth
It: 360, Loss: 2.772e-01, Loss_res: 2.499e-03,  Loss_bcs: 2.665e-05, Loss_ut_ics: 1.361e-01, lr: 1.000e-03, Time: 1.04e+03
Model state saved to ./results/models/checkpoints/schrodinger/qho/2025-08-22_19-53-10-267364/model.pth
Model state saved to ./results/models/checkpoints/schrodinger/qho/2025-08-22_19-53-10-267364/model_weights.pth
It: 370, Loss: 7.300e-03, Loss_res: 1.938e-03,  Loss_bcs: 4.033e-05, Loss_ut_ics: 1.692e-03, lr: 1.000e-03, Time: 1.07e+03
Model state saved to ./results/models/checkpoints/schrodinger/qho/2025-08-22_19-53-10-267364/model.pth
Model state saved to ./results/models/checkpoints/schrodinger/qho/2025-08-22_19-53-10-267364/model_weights.pth
It: 380, Loss: 1.539e-01, Loss_res: 2.505e-03,  Loss_bcs: 2.609e-05, Loss_ut_ics: 7.441e-02, lr: 1.000e-03, Time: 1.10e+03
Model state saved to ./results/models/checkpoints/schrodinger/qho/2025-08-22_19-53-10-267364/model.pth
Model state saved to ./results/models/checkpoints/schrodinger/qho/2025-08-22_19-53-10-267364/model_weights.pth
It: 390, Loss: 3.203e-01, Loss_res: 2.417e-03,  Loss_bcs: 5.373e-05, Loss_ut_ics: 1.577e-01, lr: 1.000e-03, Time: 1.12e+03
Model state saved to ./results/models/checkpoints/schrodinger/qho/2025-08-22_19-53-10-267364/model.pth
Model state saved to ./results/models/checkpoints/schrodinger/qho/2025-08-22_19-53-10-267364/model_weights.pth
It: 400, Loss: 1.713e-01, Loss_res: 2.076e-03,  Loss_bcs: 1.734e-05, Loss_ut_ics: 8.355e-02, lr: 1.000e-03, Time: 1.15e+03
Model state saved to ./results/models/checkpoints/schrodinger/qho/2025-08-22_19-53-10-267364/model.pth
Model state saved to ./results/models/checkpoints/schrodinger/qho/2025-08-22_19-53-10-267364/model_weights.pth
It: 410, Loss: 2.692e-01, Loss_res: 2.027e-03,  Loss_bcs: 5.334e-05, Loss_ut_ics: 1.326e-01, lr: 1.000e-03, Time: 1.18e+03
Model state saved to ./results/models/checkpoints/schrodinger/qho/2025-08-22_19-53-10-267364/model.pth
Model state saved to ./results/models/checkpoints/schrodinger/qho/2025-08-22_19-53-10-267364/model_weights.pth
It: 420, Loss: 1.804e-01, Loss_res: 3.998e-03,  Loss_bcs: 4.850e-05, Loss_ut_ics: 8.619e-02, lr: 1.000e-03, Time: 1.21e+03
Model state saved to ./results/models/checkpoints/schrodinger/qho/2025-08-22_19-53-10-267364/model.pth
Model state saved to ./results/models/checkpoints/schrodinger/qho/2025-08-22_19-53-10-267364/model_weights.pth
It: 430, Loss: 4.168e-02, Loss_res: 2.284e-03,  Loss_bcs: 6.152e-05, Loss_ut_ics: 1.853e-02, lr: 1.000e-03, Time: 1.24e+03
Model state saved to ./results/models/checkpoints/schrodinger/qho/2025-08-22_19-53-10-267364/model.pth
Model state saved to ./results/models/checkpoints/schrodinger/qho/2025-08-22_19-53-10-267364/model_weights.pth
It: 440, Loss: 3.717e-01, Loss_res: 3.124e-03,  Loss_bcs: 6.270e-05, Loss_ut_ics: 1.827e-01, lr: 1.000e-03, Time: 1.26e+03
Model state saved to ./results/models/checkpoints/schrodinger/qho/2025-08-22_19-53-10-267364/model.pth
Model state saved to ./results/models/checkpoints/schrodinger/qho/2025-08-22_19-53-10-267364/model_weights.pth
It: 450, Loss: 1.471e-01, Loss_res: 4.239e-03,  Loss_bcs: 2.767e-05, Loss_ut_ics: 6.928e-02, lr: 1.000e-03, Time: 1.29e+03
Model state saved to ./results/models/checkpoints/schrodinger/qho/2025-08-22_19-53-10-267364/model.pth
Model state saved to ./results/models/checkpoints/schrodinger/qho/2025-08-22_19-53-10-267364/model_weights.pth
It: 460, Loss: 4.845e-01, Loss_res: 3.729e-03,  Loss_bcs: 6.557e-05, Loss_ut_ics: 2.385e-01, lr: 1.000e-03, Time: 1.32e+03
Model state saved to ./results/models/checkpoints/schrodinger/qho/2025-08-22_19-53-10-267364/model.pth
Model state saved to ./results/models/checkpoints/schrodinger/qho/2025-08-22_19-53-10-267364/model_weights.pth
It: 470, Loss: 3.267e-02, Loss_res: 2.330e-03,  Loss_bcs: 4.414e-05, Loss_ut_ics: 1.398e-02, lr: 1.000e-03, Time: 1.35e+03
Model state saved to ./results/models/checkpoints/schrodinger/qho/2025-08-22_19-53-10-267364/model.pth
Model state saved to ./results/models/checkpoints/schrodinger/qho/2025-08-22_19-53-10-267364/model_weights.pth
It: 480, Loss: 1.303e-01, Loss_res: 2.536e-03,  Loss_bcs: 1.366e-05, Loss_ut_ics: 6.263e-02, lr: 1.000e-03, Time: 1.37e+03
Model state saved to ./results/models/checkpoints/schrodinger/qho/2025-08-22_19-53-10-267364/model.pth
Model state saved to ./results/models/checkpoints/schrodinger/qho/2025-08-22_19-53-10-267364/model_weights.pth
It: 490, Loss: 3.549e-01, Loss_res: 2.376e-03,  Loss_bcs: 1.440e-05, Loss_ut_ics: 1.751e-01, lr: 1.000e-03, Time: 1.40e+03
Model state saved to ./results/models/checkpoints/schrodinger/qho/2025-08-22_19-53-10-267364/model.pth
Model state saved to ./results/models/checkpoints/schrodinger/qho/2025-08-22_19-53-10-267364/model_weights.pth
It: 500, Loss: 1.707e-02, Loss_res: 6.452e-03,  Loss_bcs: 2.070e-05, Loss_ut_ics: 2.073e-03, lr: 1.000e-03, Time: 1.43e+03
Model state saved to ./results/models/checkpoints/schrodinger/qho/2025-08-22_19-53-10-267364/model.pth
Model state saved to ./results/models/checkpoints/schrodinger/qho/2025-08-22_19-53-10-267364/model_weights.pth
It: 510, Loss: 1.306e-01, Loss_res: 2.816e-03,  Loss_bcs: 9.717e-05, Loss_ut_ics: 6.245e-02, lr: 1.000e-03, Time: 1.46e+03
Model state saved to ./results/models/checkpoints/schrodinger/qho/2025-08-22_19-53-10-267364/model.pth
Model state saved to ./results/models/checkpoints/schrodinger/qho/2025-08-22_19-53-10-267364/model_weights.pth
It: 520, Loss: 2.879e-01, Loss_res: 5.924e-03,  Loss_bcs: 1.772e-05, Loss_ut_ics: 1.380e-01, lr: 1.000e-03, Time: 1.49e+03
Model state saved to ./results/models/checkpoints/schrodinger/qho/2025-08-22_19-53-10-267364/model.pth
Model state saved to ./results/models/checkpoints/schrodinger/qho/2025-08-22_19-53-10-267364/model_weights.pth
It: 530, Loss: 5.695e-02, Loss_res: 2.079e-03,  Loss_bcs: 4.413e-05, Loss_ut_ics: 2.637e-02, lr: 1.000e-03, Time: 1.52e+03
Model state saved to ./results/models/checkpoints/schrodinger/qho/2025-08-22_19-53-10-267364/model.pth
Model state saved to ./results/models/checkpoints/schrodinger/qho/2025-08-22_19-53-10-267364/model_weights.pth
It: 540, Loss: 2.989e-01, Loss_res: 3.566e-03,  Loss_bcs: 2.650e-05, Loss_ut_ics: 1.458e-01, lr: 1.000e-03, Time: 1.55e+03
Model state saved to ./results/models/checkpoints/schrodinger/qho/2025-08-22_19-53-10-267364/model.pth
Model state saved to ./results/models/checkpoints/schrodinger/qho/2025-08-22_19-53-10-267364/model_weights.pth
It: 550, Loss: 2.219e-01, Loss_res: 3.034e-03,  Loss_bcs: 3.170e-05, Loss_ut_ics: 1.079e-01, lr: 1.000e-03, Time: 1.58e+03
Model state saved to ./results/models/checkpoints/schrodinger/qho/2025-08-22_19-53-10-267364/model.pth
Model state saved to ./results/models/checkpoints/schrodinger/qho/2025-08-22_19-53-10-267364/model_weights.pth
It: 560, Loss: 3.720e-02, Loss_res: 2.562e-03,  Loss_bcs: 5.171e-06, Loss_ut_ics: 1.604e-02, lr: 1.000e-03, Time: 1.61e+03
Model state saved to ./results/models/checkpoints/schrodinger/qho/2025-08-22_19-53-10-267364/model.pth
Model state saved to ./results/models/checkpoints/schrodinger/qho/2025-08-22_19-53-10-267364/model_weights.pth
It: 570, Loss: 1.424e-01, Loss_res: 2.637e-03,  Loss_bcs: 1.381e-05, Loss_ut_ics: 6.857e-02, lr: 1.000e-03, Time: 1.64e+03
Model state saved to ./results/models/checkpoints/schrodinger/qho/2025-08-22_19-53-10-267364/model.pth
Model state saved to ./results/models/checkpoints/schrodinger/qho/2025-08-22_19-53-10-267364/model_weights.pth
It: 580, Loss: 4.884e-01, Loss_res: 3.428e-03,  Loss_bcs: 5.287e-05, Loss_ut_ics: 2.407e-01, lr: 1.000e-03, Time: 1.67e+03
Model state saved to ./results/models/checkpoints/schrodinger/qho/2025-08-22_19-53-10-267364/model.pth
Model state saved to ./results/models/checkpoints/schrodinger/qho/2025-08-22_19-53-10-267364/model_weights.pth
It: 590, Loss: 1.438e-01, Loss_res: 2.995e-03,  Loss_bcs: 4.390e-05, Loss_ut_ics: 6.890e-02, lr: 1.000e-03, Time: 1.70e+03
Model state saved to ./results/models/checkpoints/schrodinger/qho/2025-08-22_19-53-10-267364/model.pth
Model state saved to ./results/models/checkpoints/schrodinger/qho/2025-08-22_19-53-10-267364/model_weights.pth
It: 600, Loss: 8.450e-02, Loss_res: 3.489e-03,  Loss_bcs: 1.687e-05, Loss_ut_ics: 3.876e-02, lr: 1.000e-03, Time: 1.73e+03
Model state saved to ./results/models/checkpoints/schrodinger/qho/2025-08-22_19-53-10-267364/model.pth
Model state saved to ./results/models/checkpoints/schrodinger/qho/2025-08-22_19-53-10-267364/model_weights.pth
It: 610, Loss: 1.450e-01, Loss_res: 3.988e-03,  Loss_bcs: 2.650e-05, Loss_ut_ics: 6.852e-02, lr: 1.000e-03, Time: 1.76e+03
Model state saved to ./results/models/checkpoints/schrodinger/qho/2025-08-22_19-53-10-267364/model.pth
Model state saved to ./results/models/checkpoints/schrodinger/qho/2025-08-22_19-53-10-267364/model_weights.pth
It: 620, Loss: 3.697e-02, Loss_res: 3.213e-03,  Loss_bcs: 3.462e-05, Loss_ut_ics: 1.525e-02, lr: 1.000e-03, Time: 1.79e+03
Model state saved to ./results/models/checkpoints/schrodinger/qho/2025-08-22_19-53-10-267364/model.pth
Model state saved to ./results/models/checkpoints/schrodinger/qho/2025-08-22_19-53-10-267364/model_weights.pth
It: 630, Loss: 4.675e-02, Loss_res: 4.453e-03,  Loss_bcs: 8.500e-06, Loss_ut_ics: 1.892e-02, lr: 1.000e-03, Time: 1.82e+03
Model state saved to ./results/models/checkpoints/schrodinger/qho/2025-08-22_19-53-10-267364/model.pth
Model state saved to ./results/models/checkpoints/schrodinger/qho/2025-08-22_19-53-10-267364/model_weights.pth
It: 640, Loss: 9.144e-02, Loss_res: 5.475e-03,  Loss_bcs: 1.234e-04, Loss_ut_ics: 4.018e-02, lr: 1.000e-03, Time: 1.84e+03
Model state saved to ./results/models/checkpoints/schrodinger/qho/2025-08-22_19-53-10-267364/model.pth
Model state saved to ./results/models/checkpoints/schrodinger/qho/2025-08-22_19-53-10-267364/model_weights.pth
It: 650, Loss: 1.067e-01, Loss_res: 3.177e-03,  Loss_bcs: 9.095e-05, Loss_ut_ics: 5.015e-02, lr: 1.000e-03, Time: 1.87e+03
Model state saved to ./results/models/checkpoints/schrodinger/qho/2025-08-22_19-53-10-267364/model.pth
Model state saved to ./results/models/checkpoints/schrodinger/qho/2025-08-22_19-53-10-267364/model_weights.pth
It: 660, Loss: 7.572e-03, Loss_res: 2.973e-03,  Loss_bcs: 4.793e-05, Loss_ut_ics: 7.894e-04, lr: 1.000e-03, Time: 1.91e+03
Model state saved to ./results/models/checkpoints/schrodinger/qho/2025-08-22_19-53-10-267364/model.pth
Model state saved to ./results/models/checkpoints/schrodinger/qho/2025-08-22_19-53-10-267364/model_weights.pth
It: 670, Loss: 2.548e-01, Loss_res: 2.503e-03,  Loss_bcs: 3.343e-05, Loss_ut_ics: 1.249e-01, lr: 1.000e-03, Time: 1.94e+03
Model state saved to ./results/models/checkpoints/schrodinger/qho/2025-08-22_19-53-10-267364/model.pth
Model state saved to ./results/models/checkpoints/schrodinger/qho/2025-08-22_19-53-10-267364/model_weights.pth
It: 680, Loss: 1.070e-01, Loss_res: 3.830e-03,  Loss_bcs: 1.545e-04, Loss_ut_ics: 4.958e-02, lr: 1.000e-03, Time: 1.97e+03
Model state saved to ./results/models/checkpoints/schrodinger/qho/2025-08-22_19-53-10-267364/model.pth
Model state saved to ./results/models/checkpoints/schrodinger/qho/2025-08-22_19-53-10-267364/model_weights.pth
It: 690, Loss: 1.315e-01, Loss_res: 2.841e-03,  Loss_bcs: 4.625e-05, Loss_ut_ics: 6.286e-02, lr: 1.000e-03, Time: 2.00e+03
Model state saved to ./results/models/checkpoints/schrodinger/qho/2025-08-22_19-53-10-267364/model.pth
Model state saved to ./results/models/checkpoints/schrodinger/qho/2025-08-22_19-53-10-267364/model_weights.pth
It: 700, Loss: 4.670e-02, Loss_res: 6.318e-03,  Loss_bcs: 1.914e-04, Loss_ut_ics: 1.694e-02, lr: 1.000e-03, Time: 2.02e+03
Model state saved to ./results/models/checkpoints/schrodinger/qho/2025-08-22_19-53-10-267364/model.pth
Model state saved to ./results/models/checkpoints/schrodinger/qho/2025-08-22_19-53-10-267364/model_weights.pth
It: 710, Loss: 3.387e-01, Loss_res: 2.156e-03,  Loss_bcs: 3.589e-05, Loss_ut_ics: 1.672e-01, lr: 1.000e-03, Time: 2.05e+03
Model state saved to ./results/models/checkpoints/schrodinger/qho/2025-08-22_19-53-10-267364/model.pth
Model state saved to ./results/models/checkpoints/schrodinger/qho/2025-08-22_19-53-10-267364/model_weights.pth
It: 720, Loss: 5.354e-02, Loss_res: 6.265e-03,  Loss_bcs: 1.512e-04, Loss_ut_ics: 2.043e-02, lr: 1.000e-03, Time: 2.08e+03
Model state saved to ./results/models/checkpoints/schrodinger/qho/2025-08-22_19-53-10-267364/model.pth
Model state saved to ./results/models/checkpoints/schrodinger/qho/2025-08-22_19-53-10-267364/model_weights.pth
It: 730, Loss: 1.749e-01, Loss_res: 6.578e-03,  Loss_bcs: 6.251e-05, Loss_ut_ics: 8.085e-02, lr: 1.000e-03, Time: 2.11e+03
Model state saved to ./results/models/checkpoints/schrodinger/qho/2025-08-22_19-53-10-267364/model.pth
Model state saved to ./results/models/checkpoints/schrodinger/qho/2025-08-22_19-53-10-267364/model_weights.pth
It: 740, Loss: 1.694e-01, Loss_res: 5.640e-03,  Loss_bcs: 3.702e-05, Loss_ut_ics: 7.905e-02, lr: 1.000e-03, Time: 2.14e+03
Model state saved to ./results/models/checkpoints/schrodinger/qho/2025-08-22_19-53-10-267364/model.pth
Model state saved to ./results/models/checkpoints/schrodinger/qho/2025-08-22_19-53-10-267364/model_weights.pth
It: 750, Loss: 3.204e-02, Loss_res: 1.318e-02,  Loss_bcs: 1.517e-04, Loss_ut_ics: 2.762e-03, lr: 1.000e-03, Time: 2.17e+03
Model state saved to ./results/models/checkpoints/schrodinger/qho/2025-08-22_19-53-10-267364/model.pth
Model state saved to ./results/models/checkpoints/schrodinger/qho/2025-08-22_19-53-10-267364/model_weights.pth
It: 760, Loss: 4.907e-02, Loss_res: 5.882e-03,  Loss_bcs: 6.142e-05, Loss_ut_ics: 1.862e-02, lr: 1.000e-03, Time: 2.20e+03
Model state saved to ./results/models/checkpoints/schrodinger/qho/2025-08-22_19-53-10-267364/model.pth
Model state saved to ./results/models/checkpoints/schrodinger/qho/2025-08-22_19-53-10-267364/model_weights.pth
It: 770, Loss: 1.343e-01, Loss_res: 4.251e-03,  Loss_bcs: 7.972e-05, Loss_ut_ics: 6.284e-02, lr: 1.000e-03, Time: 2.23e+03
Model state saved to ./results/models/checkpoints/schrodinger/qho/2025-08-22_19-53-10-267364/model.pth
Model state saved to ./results/models/checkpoints/schrodinger/qho/2025-08-22_19-53-10-267364/model_weights.pth
It: 780, Loss: 5.333e-02, Loss_res: 4.117e-03,  Loss_bcs: 1.924e-04, Loss_ut_ics: 2.245e-02, lr: 1.000e-03, Time: 2.26e+03
Model state saved to ./results/models/checkpoints/schrodinger/qho/2025-08-22_19-53-10-267364/model.pth
Model state saved to ./results/models/checkpoints/schrodinger/qho/2025-08-22_19-53-10-267364/model_weights.pth
It: 790, Loss: 1.364e-01, Loss_res: 1.149e-02,  Loss_bcs: 3.294e-04, Loss_ut_ics: 5.657e-02, lr: 1.000e-03, Time: 2.28e+03
Model state saved to ./results/models/checkpoints/schrodinger/qho/2025-08-22_19-53-10-267364/model.pth
Model state saved to ./results/models/checkpoints/schrodinger/qho/2025-08-22_19-53-10-267364/model_weights.pth
It: 800, Loss: 2.809e-02, Loss_res: 8.348e-03,  Loss_bcs: 1.853e-04, Loss_ut_ics: 5.603e-03, lr: 1.000e-03, Time: 2.31e+03
Model state saved to ./results/models/checkpoints/schrodinger/qho/2025-08-22_19-53-10-267364/model.pth
Model state saved to ./results/models/checkpoints/schrodinger/qho/2025-08-22_19-53-10-267364/model_weights.pth
It: 810, Loss: 3.668e-02, Loss_res: 1.498e-02,  Loss_bcs: 2.938e-04, Loss_ut_ics: 3.219e-03, lr: 1.000e-03, Time: 2.34e+03
Model state saved to ./results/models/checkpoints/schrodinger/qho/2025-08-22_19-53-10-267364/model.pth
Model state saved to ./results/models/checkpoints/schrodinger/qho/2025-08-22_19-53-10-267364/model_weights.pth
It: 820, Loss: 1.696e-01, Loss_res: 5.990e-03,  Loss_bcs: 2.780e-04, Loss_ut_ics: 7.869e-02, lr: 1.000e-03, Time: 2.37e+03
Model state saved to ./results/models/checkpoints/schrodinger/qho/2025-08-22_19-53-10-267364/model.pth
Model state saved to ./results/models/checkpoints/schrodinger/qho/2025-08-22_19-53-10-267364/model_weights.pth
It: 830, Loss: 5.471e-02, Loss_res: 5.981e-03,  Loss_bcs: 1.280e-04, Loss_ut_ics: 2.131e-02, lr: 1.000e-03, Time: 2.40e+03
Model state saved to ./results/models/checkpoints/schrodinger/qho/2025-08-22_19-53-10-267364/model.pth
Model state saved to ./results/models/checkpoints/schrodinger/qho/2025-08-22_19-53-10-267364/model_weights.pth
It: 840, Loss: 4.724e-02, Loss_res: 4.981e-03,  Loss_bcs: 3.048e-04, Loss_ut_ics: 1.849e-02, lr: 1.000e-03, Time: 2.43e+03
Model state saved to ./results/models/checkpoints/schrodinger/qho/2025-08-22_19-53-10-267364/model.pth
Model state saved to ./results/models/checkpoints/schrodinger/qho/2025-08-22_19-53-10-267364/model_weights.pth
It: 850, Loss: 1.603e-01, Loss_res: 1.413e-02,  Loss_bcs: 6.127e-04, Loss_ut_ics: 6.574e-02, lr: 1.000e-03, Time: 2.46e+03
Model state saved to ./results/models/checkpoints/schrodinger/qho/2025-08-22_19-53-10-267364/model.pth
Model state saved to ./results/models/checkpoints/schrodinger/qho/2025-08-22_19-53-10-267364/model_weights.pth
It: 860, Loss: 5.813e-02, Loss_res: 6.975e-03,  Loss_bcs: 4.252e-04, Loss_ut_ics: 2.188e-02, lr: 1.000e-03, Time: 2.49e+03
Model state saved to ./results/models/checkpoints/schrodinger/qho/2025-08-22_19-53-10-267364/model.pth
Model state saved to ./results/models/checkpoints/schrodinger/qho/2025-08-22_19-53-10-267364/model_weights.pth
It: 870, Loss: 1.255e-01, Loss_res: 9.268e-03,  Loss_bcs: 3.229e-04, Loss_ut_ics: 5.331e-02, lr: 1.000e-03, Time: 2.52e+03
Model state saved to ./results/models/checkpoints/schrodinger/qho/2025-08-22_19-53-10-267364/model.pth
Model state saved to ./results/models/checkpoints/schrodinger/qho/2025-08-22_19-53-10-267364/model_weights.pth
It: 880, Loss: 2.521e-01, Loss_res: 8.628e-03,  Loss_bcs: 5.519e-04, Loss_ut_ics: 1.172e-01, lr: 1.000e-03, Time: 2.55e+03
Model state saved to ./results/models/checkpoints/schrodinger/qho/2025-08-22_19-53-10-267364/model.pth
Model state saved to ./results/models/checkpoints/schrodinger/qho/2025-08-22_19-53-10-267364/model_weights.pth
It: 890, Loss: 1.358e-01, Loss_res: 9.790e-03,  Loss_bcs: 2.585e-04, Loss_ut_ics: 5.797e-02, lr: 1.000e-03, Time: 2.58e+03
Model state saved to ./results/models/checkpoints/schrodinger/qho/2025-08-22_19-53-10-267364/model.pth
Model state saved to ./results/models/checkpoints/schrodinger/qho/2025-08-22_19-53-10-267364/model_weights.pth
It: 900, Loss: 1.605e-01, Loss_res: 8.142e-03,  Loss_bcs: 3.433e-04, Loss_ut_ics: 7.192e-02, lr: 1.000e-03, Time: 2.61e+03
Model state saved to ./results/models/checkpoints/schrodinger/qho/2025-08-22_19-53-10-267364/model.pth
Model state saved to ./results/models/checkpoints/schrodinger/qho/2025-08-22_19-53-10-267364/model_weights.pth
It: 910, Loss: 3.578e-02, Loss_res: 7.163e-03,  Loss_bcs: 2.009e-04, Loss_ut_ics: 1.063e-02, lr: 1.000e-03, Time: 2.64e+03
Model state saved to ./results/models/checkpoints/schrodinger/qho/2025-08-22_19-53-10-267364/model.pth
Model state saved to ./results/models/checkpoints/schrodinger/qho/2025-08-22_19-53-10-267364/model_weights.pth
It: 920, Loss: 2.010e-01, Loss_res: 2.844e-02,  Loss_bcs: 7.227e-04, Loss_ut_ics: 7.170e-02, lr: 1.000e-03, Time: 2.67e+03
Model state saved to ./results/models/checkpoints/schrodinger/qho/2025-08-22_19-53-10-267364/model.pth
Model state saved to ./results/models/checkpoints/schrodinger/qho/2025-08-22_19-53-10-267364/model_weights.pth
It: 930, Loss: 1.310e-01, Loss_res: 3.449e-03,  Loss_bcs: 2.465e-04, Loss_ut_ics: 6.194e-02, lr: 1.000e-03, Time: 2.70e+03
Model state saved to ./results/models/checkpoints/schrodinger/qho/2025-08-22_19-53-10-267364/model.pth
Model state saved to ./results/models/checkpoints/schrodinger/qho/2025-08-22_19-53-10-267364/model_weights.pth
It: 940, Loss: 6.052e-02, Loss_res: 6.166e-03,  Loss_bcs: 6.108e-04, Loss_ut_ics: 2.379e-02, lr: 1.000e-03, Time: 2.72e+03
Model state saved to ./results/models/checkpoints/schrodinger/qho/2025-08-22_19-53-10-267364/model.pth
Model state saved to ./results/models/checkpoints/schrodinger/qho/2025-08-22_19-53-10-267364/model_weights.pth
It: 950, Loss: 6.173e-02, Loss_res: 1.231e-02,  Loss_bcs: 1.020e-03, Loss_ut_ics: 1.805e-02, lr: 1.000e-03, Time: 2.75e+03
Model state saved to ./results/models/checkpoints/schrodinger/qho/2025-08-22_19-53-10-267364/model.pth
Model state saved to ./results/models/checkpoints/schrodinger/qho/2025-08-22_19-53-10-267364/model_weights.pth
It: 960, Loss: 1.214e-01, Loss_res: 2.387e-02,  Loss_bcs: 4.671e-04, Loss_ut_ics: 3.658e-02, lr: 1.000e-03, Time: 2.78e+03
Model state saved to ./results/models/checkpoints/schrodinger/qho/2025-08-22_19-53-10-267364/model.pth
Model state saved to ./results/models/checkpoints/schrodinger/qho/2025-08-22_19-53-10-267364/model_weights.pth
It: 970, Loss: 1.014e-01, Loss_res: 2.390e-02,  Loss_bcs: 7.988e-04, Loss_ut_ics: 2.639e-02, lr: 1.000e-03, Time: 2.81e+03
Model state saved to ./results/models/checkpoints/schrodinger/qho/2025-08-22_19-53-10-267364/model.pth
Model state saved to ./results/models/checkpoints/schrodinger/qho/2025-08-22_19-53-10-267364/model_weights.pth
It: 980, Loss: 4.673e-02, Loss_res: 6.413e-03,  Loss_bcs: 3.658e-04, Loss_ut_ics: 1.677e-02, lr: 1.000e-03, Time: 2.84e+03
Model state saved to ./results/models/checkpoints/schrodinger/qho/2025-08-22_19-53-10-267364/model.pth
Model state saved to ./results/models/checkpoints/schrodinger/qho/2025-08-22_19-53-10-267364/model_weights.pth
It: 990, Loss: 3.377e-02, Loss_res: 6.203e-03,  Loss_bcs: 4.493e-04, Loss_ut_ics: 1.046e-02, lr: 1.000e-03, Time: 2.86e+03
Model state saved to ./results/models/checkpoints/schrodinger/qho/2025-08-22_19-53-10-267364/model.pth
Model state saved to ./results/models/checkpoints/schrodinger/qho/2025-08-22_19-53-10-267364/model_weights.pth
It: 1000, Loss: 6.218e-02, Loss_res: 9.256e-03,  Loss_bcs: 4.462e-04, Loss_ut_ics: 2.161e-02, lr: 1.000e-03, Time: 2.89e+03
Model state saved to ./results/models/checkpoints/schrodinger/qho/2025-08-22_19-53-10-267364/model.pth
Model state saved to ./results/models/checkpoints/schrodinger/qho/2025-08-22_19-53-10-267364/model_weights.pth
It: 1010, Loss: 6.259e-02, Loss_res: 6.940e-03,  Loss_bcs: 4.213e-04, Loss_ut_ics: 2.414e-02, lr: 1.000e-03, Time: 2.92e+03
Model state saved to ./results/models/checkpoints/schrodinger/qho/2025-08-22_19-53-10-267364/model.pth
Model state saved to ./results/models/checkpoints/schrodinger/qho/2025-08-22_19-53-10-267364/model_weights.pth
It: 1020, Loss: 3.500e-02, Loss_res: 8.199e-03,  Loss_bcs: 4.312e-04, Loss_ut_ics: 9.085e-03, lr: 1.000e-03, Time: 2.94e+03
Model state saved to ./results/models/checkpoints/schrodinger/qho/2025-08-22_19-53-10-267364/model.pth
Model state saved to ./results/models/checkpoints/schrodinger/qho/2025-08-22_19-53-10-267364/model_weights.pth
It: 1030, Loss: 1.244e-01, Loss_res: 9.751e-03,  Loss_bcs: 4.852e-04, Loss_ut_ics: 5.220e-02, lr: 1.000e-03, Time: 2.97e+03
Model state saved to ./results/models/checkpoints/schrodinger/qho/2025-08-22_19-53-10-267364/model.pth
Model state saved to ./results/models/checkpoints/schrodinger/qho/2025-08-22_19-53-10-267364/model_weights.pth
It: 1040, Loss: 3.879e-02, Loss_res: 1.522e-02,  Loss_bcs: 5.263e-04, Loss_ut_ics: 3.914e-03, lr: 1.000e-03, Time: 3.00e+03
Model state saved to ./results/models/checkpoints/schrodinger/qho/2025-08-22_19-53-10-267364/model.pth
Model state saved to ./results/models/checkpoints/schrodinger/qho/2025-08-22_19-53-10-267364/model_weights.pth
It: 1050, Loss: 6.999e-02, Loss_res: 2.123e-02,  Loss_bcs: 6.222e-04, Loss_ut_ics: 1.346e-02, lr: 1.000e-03, Time: 3.03e+03
Model state saved to ./results/models/checkpoints/schrodinger/qho/2025-08-22_19-53-10-267364/model.pth
Model state saved to ./results/models/checkpoints/schrodinger/qho/2025-08-22_19-53-10-267364/model_weights.pth
It: 1060, Loss: 3.425e-02, Loss_res: 1.299e-02,  Loss_bcs: 3.253e-04, Loss_ut_ics: 3.968e-03, lr: 1.000e-03, Time: 3.05e+03
Model state saved to ./results/models/checkpoints/schrodinger/qho/2025-08-22_19-53-10-267364/model.pth
Model state saved to ./results/models/checkpoints/schrodinger/qho/2025-08-22_19-53-10-267364/model_weights.pth
It: 1070, Loss: 1.072e-01, Loss_res: 1.331e-02,  Loss_bcs: 4.059e-04, Loss_ut_ics: 4.008e-02, lr: 1.000e-03, Time: 3.08e+03
Model state saved to ./results/models/checkpoints/schrodinger/qho/2025-08-22_19-53-10-267364/model.pth
Model state saved to ./results/models/checkpoints/schrodinger/qho/2025-08-22_19-53-10-267364/model_weights.pth
It: 1080, Loss: 6.665e-02, Loss_res: 8.156e-03,  Loss_bcs: 6.437e-04, Loss_ut_ics: 2.485e-02, lr: 1.000e-03, Time: 3.11e+03
Model state saved to ./results/models/checkpoints/schrodinger/qho/2025-08-22_19-53-10-267364/model.pth
Model state saved to ./results/models/checkpoints/schrodinger/qho/2025-08-22_19-53-10-267364/model_weights.pth
It: 1090, Loss: 6.386e-02, Loss_res: 1.519e-02,  Loss_bcs: 5.926e-04, Loss_ut_ics: 1.644e-02, lr: 1.000e-03, Time: 3.14e+03
Model state saved to ./results/models/checkpoints/schrodinger/qho/2025-08-22_19-53-10-267364/model.pth
Model state saved to ./results/models/checkpoints/schrodinger/qho/2025-08-22_19-53-10-267364/model_weights.pth
It: 1100, Loss: 3.834e-02, Loss_res: 8.922e-03,  Loss_bcs: 3.604e-04, Loss_ut_ics: 1.007e-02, lr: 1.000e-03, Time: 3.16e+03
Model state saved to ./results/models/checkpoints/schrodinger/qho/2025-08-22_19-53-10-267364/model.pth
Model state saved to ./results/models/checkpoints/schrodinger/qho/2025-08-22_19-53-10-267364/model_weights.pth
It: 1110, Loss: 6.675e-02, Loss_res: 1.421e-02,  Loss_bcs: 3.180e-04, Loss_ut_ics: 1.901e-02, lr: 1.000e-03, Time: 3.19e+03
Model state saved to ./results/models/checkpoints/schrodinger/qho/2025-08-22_19-53-10-267364/model.pth
Model state saved to ./results/models/checkpoints/schrodinger/qho/2025-08-22_19-53-10-267364/model_weights.pth
It: 1120, Loss: 8.971e-02, Loss_res: 1.462e-02,  Loss_bcs: 6.006e-04, Loss_ut_ics: 2.994e-02, lr: 1.000e-03, Time: 3.22e+03
Model state saved to ./results/models/checkpoints/schrodinger/qho/2025-08-22_19-53-10-267364/model.pth
Model state saved to ./results/models/checkpoints/schrodinger/qho/2025-08-22_19-53-10-267364/model_weights.pth
It: 1130, Loss: 4.311e-02, Loss_res: 1.436e-02,  Loss_bcs: 4.934e-04, Loss_ut_ics: 6.951e-03, lr: 1.000e-03, Time: 3.25e+03
Model state saved to ./results/models/checkpoints/schrodinger/qho/2025-08-22_19-53-10-267364/model.pth
Model state saved to ./results/models/checkpoints/schrodinger/qho/2025-08-22_19-53-10-267364/model_weights.pth
It: 1140, Loss: 5.642e-02, Loss_res: 1.255e-02,  Loss_bcs: 6.764e-04, Loss_ut_ics: 1.532e-02, lr: 1.000e-03, Time: 3.28e+03
Model state saved to ./results/models/checkpoints/schrodinger/qho/2025-08-22_19-53-10-267364/model.pth
Model state saved to ./results/models/checkpoints/schrodinger/qho/2025-08-22_19-53-10-267364/model_weights.pth
It: 1150, Loss: 6.942e-02, Loss_res: 9.612e-03,  Loss_bcs: 8.119e-04, Loss_ut_ics: 2.469e-02, lr: 1.000e-03, Time: 3.31e+03
Model state saved to ./results/models/checkpoints/schrodinger/qho/2025-08-22_19-53-10-267364/model.pth
Model state saved to ./results/models/checkpoints/schrodinger/qho/2025-08-22_19-53-10-267364/model_weights.pth
It: 1160, Loss: 5.972e-02, Loss_res: 8.592e-03,  Loss_bcs: 5.069e-04, Loss_ut_ics: 2.102e-02, lr: 1.000e-03, Time: 3.33e+03
Model state saved to ./results/models/checkpoints/schrodinger/qho/2025-08-22_19-53-10-267364/model.pth
Model state saved to ./results/models/checkpoints/schrodinger/qho/2025-08-22_19-53-10-267364/model_weights.pth
It: 1170, Loss: 3.382e-02, Loss_res: 1.120e-02,  Loss_bcs: 5.577e-04, Loss_ut_ics: 5.434e-03, lr: 1.000e-03, Time: 3.36e+03
Model state saved to ./results/models/checkpoints/schrodinger/qho/2025-08-22_19-53-10-267364/model.pth
Model state saved to ./results/models/checkpoints/schrodinger/qho/2025-08-22_19-53-10-267364/model_weights.pth
It: 1180, Loss: 2.923e-02, Loss_res: 6.748e-03,  Loss_bcs: 5.025e-04, Loss_ut_ics: 7.613e-03, lr: 1.000e-03, Time: 3.39e+03
Model state saved to ./results/models/checkpoints/schrodinger/qho/2025-08-22_19-53-10-267364/model.pth
Model state saved to ./results/models/checkpoints/schrodinger/qho/2025-08-22_19-53-10-267364/model_weights.pth
It: 1190, Loss: 6.758e-02, Loss_res: 1.650e-02,  Loss_bcs: 6.309e-04, Loss_ut_ics: 1.698e-02, lr: 1.000e-03, Time: 3.42e+03
Model state saved to ./results/models/checkpoints/schrodinger/qho/2025-08-22_19-53-10-267364/model.pth
Model state saved to ./results/models/checkpoints/schrodinger/qho/2025-08-22_19-53-10-267364/model_weights.pth
It: 1200, Loss: 3.449e-02, Loss_res: 1.062e-02,  Loss_bcs: 6.110e-04, Loss_ut_ics: 6.321e-03, lr: 1.000e-03, Time: 3.45e+03
Model state saved to ./results/models/checkpoints/schrodinger/qho/2025-08-22_19-53-10-267364/model.pth
Model state saved to ./results/models/checkpoints/schrodinger/qho/2025-08-22_19-53-10-267364/model_weights.pth
It: 1210, Loss: 5.110e-02, Loss_res: 1.593e-02,  Loss_bcs: 8.626e-04, Loss_ut_ics: 9.189e-03, lr: 1.000e-03, Time: 3.48e+03
Model state saved to ./results/models/checkpoints/schrodinger/qho/2025-08-22_19-53-10-267364/model.pth
Model state saved to ./results/models/checkpoints/schrodinger/qho/2025-08-22_19-53-10-267364/model_weights.pth
It: 1220, Loss: 6.080e-02, Loss_res: 1.460e-02,  Loss_bcs: 4.847e-04, Loss_ut_ics: 1.556e-02, lr: 1.000e-03, Time: 3.51e+03
Model state saved to ./results/models/checkpoints/schrodinger/qho/2025-08-22_19-53-10-267364/model.pth
Model state saved to ./results/models/checkpoints/schrodinger/qho/2025-08-22_19-53-10-267364/model_weights.pth
It: 1230, Loss: 1.825e-02, Loss_res: 6.100e-03,  Loss_bcs: 6.971e-04, Loss_ut_ics: 2.675e-03, lr: 1.000e-03, Time: 3.54e+03
Model state saved to ./results/models/checkpoints/schrodinger/qho/2025-08-22_19-53-10-267364/model.pth
Model state saved to ./results/models/checkpoints/schrodinger/qho/2025-08-22_19-53-10-267364/model_weights.pth
It: 1240, Loss: 4.775e-02, Loss_res: 1.108e-02,  Loss_bcs: 7.889e-04, Loss_ut_ics: 1.240e-02, lr: 1.000e-03, Time: 3.57e+03
Model state saved to ./results/models/checkpoints/schrodinger/qho/2025-08-22_19-53-10-267364/model.pth
Model state saved to ./results/models/checkpoints/schrodinger/qho/2025-08-22_19-53-10-267364/model_weights.pth
It: 1250, Loss: 4.978e-02, Loss_res: 1.317e-02,  Loss_bcs: 4.873e-04, Loss_ut_ics: 1.147e-02, lr: 1.000e-03, Time: 3.60e+03
Model state saved to ./results/models/checkpoints/schrodinger/qho/2025-08-22_19-53-10-267364/model.pth
Model state saved to ./results/models/checkpoints/schrodinger/qho/2025-08-22_19-53-10-267364/model_weights.pth
It: 1260, Loss: 2.986e-02, Loss_res: 1.048e-02,  Loss_bcs: 5.081e-04, Loss_ut_ics: 4.201e-03, lr: 1.000e-03, Time: 3.63e+03
Model state saved to ./results/models/checkpoints/schrodinger/qho/2025-08-22_19-53-10-267364/model.pth
Model state saved to ./results/models/checkpoints/schrodinger/qho/2025-08-22_19-53-10-267364/model_weights.pth
It: 1270, Loss: 8.904e-02, Loss_res: 3.318e-02,  Loss_bcs: 7.096e-04, Loss_ut_ics: 1.098e-02, lr: 1.000e-03, Time: 3.66e+03
Model state saved to ./results/models/checkpoints/schrodinger/qho/2025-08-22_19-53-10-267364/model.pth
Model state saved to ./results/models/checkpoints/schrodinger/qho/2025-08-22_19-53-10-267364/model_weights.pth
It: 1280, Loss: 5.868e-02, Loss_res: 1.167e-02,  Loss_bcs: 2.917e-04, Loss_ut_ics: 1.753e-02, lr: 1.000e-03, Time: 3.69e+03
Model state saved to ./results/models/checkpoints/schrodinger/qho/2025-08-22_19-53-10-267364/model.pth
Model state saved to ./results/models/checkpoints/schrodinger/qho/2025-08-22_19-53-10-267364/model_weights.pth
It: 1290, Loss: 2.062e-02, Loss_res: 5.157e-03,  Loss_bcs: 7.179e-04, Loss_ut_ics: 4.795e-03, lr: 1.000e-03, Time: 3.72e+03
Model state saved to ./results/models/checkpoints/schrodinger/qho/2025-08-22_19-53-10-267364/model.pth
Model state saved to ./results/models/checkpoints/schrodinger/qho/2025-08-22_19-53-10-267364/model_weights.pth
It: 1300, Loss: 4.482e-02, Loss_res: 7.558e-03,  Loss_bcs: 4.371e-04, Loss_ut_ics: 1.463e-02, lr: 1.000e-03, Time: 3.75e+03
Model state saved to ./results/models/checkpoints/schrodinger/qho/2025-08-22_19-53-10-267364/model.pth
Model state saved to ./results/models/checkpoints/schrodinger/qho/2025-08-22_19-53-10-267364/model_weights.pth
It: 1310, Loss: 2.922e-02, Loss_res: 7.640e-03,  Loss_bcs: 4.142e-04, Loss_ut_ics: 6.765e-03, lr: 1.000e-03, Time: 3.78e+03
Model state saved to ./results/models/checkpoints/schrodinger/qho/2025-08-22_19-53-10-267364/model.pth
Model state saved to ./results/models/checkpoints/schrodinger/qho/2025-08-22_19-53-10-267364/model_weights.pth
It: 1320, Loss: 2.692e-02, Loss_res: 9.231e-03,  Loss_bcs: 4.666e-04, Loss_ut_ics: 3.994e-03, lr: 1.000e-03, Time: 3.81e+03
Model state saved to ./results/models/checkpoints/schrodinger/qho/2025-08-22_19-53-10-267364/model.pth
Model state saved to ./results/models/checkpoints/schrodinger/qho/2025-08-22_19-53-10-267364/model_weights.pth
It: 1330, Loss: 9.353e-02, Loss_res: 1.260e-02,  Loss_bcs: 5.787e-04, Loss_ut_ics: 3.388e-02, lr: 1.000e-03, Time: 3.85e+03
Model state saved to ./results/models/checkpoints/schrodinger/qho/2025-08-22_19-53-10-267364/model.pth
Model state saved to ./results/models/checkpoints/schrodinger/qho/2025-08-22_19-53-10-267364/model_weights.pth
It: 1340, Loss: 2.457e-02, Loss_res: 6.940e-03,  Loss_bcs: 4.462e-04, Loss_ut_ics: 5.120e-03, lr: 1.000e-03, Time: 3.88e+03
Model state saved to ./results/models/checkpoints/schrodinger/qho/2025-08-22_19-53-10-267364/model.pth
Model state saved to ./results/models/checkpoints/schrodinger/qho/2025-08-22_19-53-10-267364/model_weights.pth
It: 1350, Loss: 4.200e-02, Loss_res: 1.196e-02,  Loss_bcs: 4.051e-04, Loss_ut_ics: 8.840e-03, lr: 1.000e-03, Time: 3.91e+03
Model state saved to ./results/models/checkpoints/schrodinger/qho/2025-08-22_19-53-10-267364/model.pth
Model state saved to ./results/models/checkpoints/schrodinger/qho/2025-08-22_19-53-10-267364/model_weights.pth
It: 1360, Loss: 4.880e-02, Loss_res: 8.069e-03,  Loss_bcs: 4.289e-04, Loss_ut_ics: 1.612e-02, lr: 1.000e-03, Time: 3.94e+03
Model state saved to ./results/models/checkpoints/schrodinger/qho/2025-08-22_19-53-10-267364/model.pth
Model state saved to ./results/models/checkpoints/schrodinger/qho/2025-08-22_19-53-10-267364/model_weights.pth
It: 1370, Loss: 1.748e-02, Loss_res: 6.032e-03,  Loss_bcs: 3.784e-04, Loss_ut_ics: 2.520e-03, lr: 1.000e-03, Time: 3.97e+03
Model state saved to ./results/models/checkpoints/schrodinger/qho/2025-08-22_19-53-10-267364/model.pth
Model state saved to ./results/models/checkpoints/schrodinger/qho/2025-08-22_19-53-10-267364/model_weights.pth
It: 1380, Loss: 2.617e-02, Loss_res: 1.076e-02,  Loss_bcs: 5.634e-04, Loss_ut_ics: 2.047e-03, lr: 1.000e-03, Time: 4.01e+03
Model state saved to ./results/models/checkpoints/schrodinger/qho/2025-08-22_19-53-10-267364/model.pth
Model state saved to ./results/models/checkpoints/schrodinger/qho/2025-08-22_19-53-10-267364/model_weights.pth
It: 1390, Loss: 5.750e-02, Loss_res: 7.010e-03,  Loss_bcs: 4.819e-04, Loss_ut_ics: 2.150e-02, lr: 1.000e-03, Time: 4.04e+03
Model state saved to ./results/models/checkpoints/schrodinger/qho/2025-08-22_19-53-10-267364/model.pth
Model state saved to ./results/models/checkpoints/schrodinger/qho/2025-08-22_19-53-10-267364/model_weights.pth
It: 1400, Loss: 2.858e-02, Loss_res: 8.311e-03,  Loss_bcs: 4.196e-04, Loss_ut_ics: 5.768e-03, lr: 1.000e-03, Time: 4.06e+03
Model state saved to ./results/models/checkpoints/schrodinger/qho/2025-08-22_19-53-10-267364/model.pth
Model state saved to ./results/models/checkpoints/schrodinger/qho/2025-08-22_19-53-10-267364/model_weights.pth
It: 1410, Loss: 6.650e-02, Loss_res: 1.431e-02,  Loss_bcs: 2.934e-04, Loss_ut_ics: 1.880e-02, lr: 1.000e-03, Time: 4.09e+03
Model state saved to ./results/models/checkpoints/schrodinger/qho/2025-08-22_19-53-10-267364/model.pth
Model state saved to ./results/models/checkpoints/schrodinger/qho/2025-08-22_19-53-10-267364/model_weights.pth
It: 1420, Loss: 3.099e-02, Loss_res: 9.192e-03,  Loss_bcs: 4.427e-04, Loss_ut_ics: 6.079e-03, lr: 1.000e-03, Time: 4.12e+03
Model state saved to ./results/models/checkpoints/schrodinger/qho/2025-08-22_19-53-10-267364/model.pth
Model state saved to ./results/models/checkpoints/schrodinger/qho/2025-08-22_19-53-10-267364/model_weights.pth
It: 1430, Loss: 3.052e-02, Loss_res: 9.989e-03,  Loss_bcs: 3.000e-04, Loss_ut_ics: 5.119e-03, lr: 1.000e-03, Time: 4.14e+03
Model state saved to ./results/models/checkpoints/schrodinger/qho/2025-08-22_19-53-10-267364/model.pth
Model state saved to ./results/models/checkpoints/schrodinger/qho/2025-08-22_19-53-10-267364/model_weights.pth
It: 1440, Loss: 3.784e-02, Loss_res: 7.904e-03,  Loss_bcs: 4.344e-04, Loss_ut_ics: 1.080e-02, lr: 1.000e-03, Time: 4.17e+03
Model state saved to ./results/models/checkpoints/schrodinger/qho/2025-08-22_19-53-10-267364/model.pth
Model state saved to ./results/models/checkpoints/schrodinger/qho/2025-08-22_19-53-10-267364/model_weights.pth
It: 1450, Loss: 2.030e-02, Loss_res: 6.342e-03,  Loss_bcs: 4.724e-04, Loss_ut_ics: 3.574e-03, lr: 1.000e-03, Time: 4.20e+03
Model state saved to ./results/models/checkpoints/schrodinger/qho/2025-08-22_19-53-10-267364/model.pth
Model state saved to ./results/models/checkpoints/schrodinger/qho/2025-08-22_19-53-10-267364/model_weights.pth
It: 1460, Loss: 2.908e-02, Loss_res: 9.500e-03,  Loss_bcs: 4.623e-04, Loss_ut_ics: 4.809e-03, lr: 1.000e-03, Time: 4.23e+03
Model state saved to ./results/models/checkpoints/schrodinger/qho/2025-08-22_19-53-10-267364/model.pth
Model state saved to ./results/models/checkpoints/schrodinger/qho/2025-08-22_19-53-10-267364/model_weights.pth
It: 1470, Loss: 2.359e-02, Loss_res: 7.140e-03,  Loss_bcs: 5.872e-04, Loss_ut_ics: 4.363e-03, lr: 1.000e-03, Time: 4.25e+03
Model state saved to ./results/models/checkpoints/schrodinger/qho/2025-08-22_19-53-10-267364/model.pth
Model state saved to ./results/models/checkpoints/schrodinger/qho/2025-08-22_19-53-10-267364/model_weights.pth
It: 1480, Loss: 2.674e-02, Loss_res: 1.067e-02,  Loss_bcs: 4.720e-04, Loss_ut_ics: 2.465e-03, lr: 1.000e-03, Time: 4.28e+03
Model state saved to ./results/models/checkpoints/schrodinger/qho/2025-08-22_19-53-10-267364/model.pth
Model state saved to ./results/models/checkpoints/schrodinger/qho/2025-08-22_19-53-10-267364/model_weights.pth
It: 1490, Loss: 2.414e-02, Loss_res: 9.633e-03,  Loss_bcs: 3.624e-04, Loss_ut_ics: 2.255e-03, lr: 1.000e-03, Time: 4.31e+03
Model state saved to ./results/models/checkpoints/schrodinger/qho/2025-08-22_19-53-10-267364/model.pth
Model state saved to ./results/models/checkpoints/schrodinger/qho/2025-08-22_19-53-10-267364/model_weights.pth
It: 1500, Loss: 5.254e-02, Loss_res: 8.964e-03,  Loss_bcs: 4.708e-04, Loss_ut_ics: 1.707e-02, lr: 1.000e-03, Time: 4.34e+03
Model state saved to ./results/models/checkpoints/schrodinger/qho/2025-08-22_19-53-10-267364/model.pth
Model state saved to ./results/models/checkpoints/schrodinger/qho/2025-08-22_19-53-10-267364/model_weights.pth
It: 1510, Loss: 3.823e-02, Loss_res: 8.687e-03,  Loss_bcs: 2.530e-04, Loss_ut_ics: 1.030e-02, lr: 1.000e-03, Time: 4.36e+03
Model state saved to ./results/models/checkpoints/schrodinger/qho/2025-08-22_19-53-10-267364/model.pth
Model state saved to ./results/models/checkpoints/schrodinger/qho/2025-08-22_19-53-10-267364/model_weights.pth
It: 1520, Loss: 4.017e-02, Loss_res: 1.021e-02,  Loss_bcs: 6.181e-04, Loss_ut_ics: 9.566e-03, lr: 1.000e-03, Time: 4.39e+03
Model state saved to ./results/models/checkpoints/schrodinger/qho/2025-08-22_19-53-10-267364/model.pth
Model state saved to ./results/models/checkpoints/schrodinger/qho/2025-08-22_19-53-10-267364/model_weights.pth
It: 1530, Loss: 6.024e-02, Loss_res: 8.900e-03,  Loss_bcs: 6.348e-04, Loss_ut_ics: 2.090e-02, lr: 1.000e-03, Time: 4.42e+03
Model state saved to ./results/models/checkpoints/schrodinger/qho/2025-08-22_19-53-10-267364/model.pth
Model state saved to ./results/models/checkpoints/schrodinger/qho/2025-08-22_19-53-10-267364/model_weights.pth
It: 1540, Loss: 2.253e-02, Loss_res: 6.767e-03,  Loss_bcs: 4.260e-04, Loss_ut_ics: 4.285e-03, lr: 1.000e-03, Time: 4.45e+03
Model state saved to ./results/models/checkpoints/schrodinger/qho/2025-08-22_19-53-10-267364/model.pth
Model state saved to ./results/models/checkpoints/schrodinger/qho/2025-08-22_19-53-10-267364/model_weights.pth
It: 1550, Loss: 2.448e-02, Loss_res: 7.564e-03,  Loss_bcs: 3.014e-04, Loss_ut_ics: 4.527e-03, lr: 1.000e-03, Time: 4.47e+03
Model state saved to ./results/models/checkpoints/schrodinger/qho/2025-08-22_19-53-10-267364/model.pth
Model state saved to ./results/models/checkpoints/schrodinger/qho/2025-08-22_19-53-10-267364/model_weights.pth
It: 1560, Loss: 2.812e-02, Loss_res: 4.282e-03,  Loss_bcs: 3.577e-04, Loss_ut_ics: 9.597e-03, lr: 1.000e-03, Time: 4.50e+03
Model state saved to ./results/models/checkpoints/schrodinger/qho/2025-08-22_19-53-10-267364/model.pth
Model state saved to ./results/models/checkpoints/schrodinger/qho/2025-08-22_19-53-10-267364/model_weights.pth
It: 1570, Loss: 2.159e-02, Loss_res: 6.072e-03,  Loss_bcs: 3.761e-04, Loss_ut_ics: 4.533e-03, lr: 1.000e-03, Time: 4.53e+03
Model state saved to ./results/models/checkpoints/schrodinger/qho/2025-08-22_19-53-10-267364/model.pth
Model state saved to ./results/models/checkpoints/schrodinger/qho/2025-08-22_19-53-10-267364/model_weights.pth
It: 1580, Loss: 1.876e-02, Loss_res: 7.045e-03,  Loss_bcs: 2.493e-04, Loss_ut_ics: 2.210e-03, lr: 1.000e-03, Time: 4.56e+03
Model state saved to ./results/models/checkpoints/schrodinger/qho/2025-08-22_19-53-10-267364/model.pth
Model state saved to ./results/models/checkpoints/schrodinger/qho/2025-08-22_19-53-10-267364/model_weights.pth
It: 1590, Loss: 3.882e-02, Loss_res: 1.037e-02,  Loss_bcs: 4.222e-04, Loss_ut_ics: 8.828e-03, lr: 1.000e-03, Time: 4.58e+03
Model state saved to ./results/models/checkpoints/schrodinger/qho/2025-08-22_19-53-10-267364/model.pth
Model state saved to ./results/models/checkpoints/schrodinger/qho/2025-08-22_19-53-10-267364/model_weights.pth
It: 1600, Loss: 2.606e-02, Loss_res: 7.653e-03,  Loss_bcs: 3.009e-04, Loss_ut_ics: 5.226e-03, lr: 1.000e-03, Time: 4.61e+03
Model state saved to ./results/models/checkpoints/schrodinger/qho/2025-08-22_19-53-10-267364/model.pth
Model state saved to ./results/models/checkpoints/schrodinger/qho/2025-08-22_19-53-10-267364/model_weights.pth
It: 1610, Loss: 1.954e-02, Loss_res: 4.706e-03,  Loss_bcs: 4.691e-04, Loss_ut_ics: 4.829e-03, lr: 1.000e-03, Time: 4.64e+03
Model state saved to ./results/models/checkpoints/schrodinger/qho/2025-08-22_19-53-10-267364/model.pth
Model state saved to ./results/models/checkpoints/schrodinger/qho/2025-08-22_19-53-10-267364/model_weights.pth
It: 1620, Loss: 1.723e-02, Loss_res: 3.451e-03,  Loss_bcs: 3.809e-04, Loss_ut_ics: 4.974e-03, lr: 1.000e-03, Time: 4.67e+03
Model state saved to ./results/models/checkpoints/schrodinger/qho/2025-08-22_19-53-10-267364/model.pth
Model state saved to ./results/models/checkpoints/schrodinger/qho/2025-08-22_19-53-10-267364/model_weights.pth
It: 1630, Loss: 2.565e-02, Loss_res: 6.908e-03,  Loss_bcs: 3.928e-04, Loss_ut_ics: 5.723e-03, lr: 1.000e-03, Time: 4.71e+03
Model state saved to ./results/models/checkpoints/schrodinger/qho/2025-08-22_19-53-10-267364/model.pth
Model state saved to ./results/models/checkpoints/schrodinger/qho/2025-08-22_19-53-10-267364/model_weights.pth
It: 1640, Loss: 4.423e-02, Loss_res: 1.127e-02,  Loss_bcs: 3.310e-04, Loss_ut_ics: 1.068e-02, lr: 1.000e-03, Time: 4.75e+03
Model state saved to ./results/models/checkpoints/schrodinger/qho/2025-08-22_19-53-10-267364/model.pth
Model state saved to ./results/models/checkpoints/schrodinger/qho/2025-08-22_19-53-10-267364/model_weights.pth
It: 1650, Loss: 2.447e-02, Loss_res: 6.986e-03,  Loss_bcs: 5.439e-04, Loss_ut_ics: 4.978e-03, lr: 1.000e-03, Time: 4.78e+03
Model state saved to ./results/models/checkpoints/schrodinger/qho/2025-08-22_19-53-10-267364/model.pth
Model state saved to ./results/models/checkpoints/schrodinger/qho/2025-08-22_19-53-10-267364/model_weights.pth
It: 1660, Loss: 2.868e-02, Loss_res: 9.169e-03,  Loss_bcs: 2.865e-04, Loss_ut_ics: 5.026e-03, lr: 1.000e-03, Time: 4.81e+03
Model state saved to ./results/models/checkpoints/schrodinger/qho/2025-08-22_19-53-10-267364/model.pth
Model state saved to ./results/models/checkpoints/schrodinger/qho/2025-08-22_19-53-10-267364/model_weights.pth
It: 1670, Loss: 2.565e-02, Loss_res: 6.561e-03,  Loss_bcs: 4.066e-04, Loss_ut_ics: 6.062e-03, lr: 1.000e-03, Time: 4.83e+03
Model state saved to ./results/models/checkpoints/schrodinger/qho/2025-08-22_19-53-10-267364/model.pth
Model state saved to ./results/models/checkpoints/schrodinger/qho/2025-08-22_19-53-10-267364/model_weights.pth
It: 1680, Loss: 1.677e-02, Loss_res: 4.403e-03,  Loss_bcs: 3.017e-04, Loss_ut_ics: 3.834e-03, lr: 1.000e-03, Time: 4.86e+03
Model state saved to ./results/models/checkpoints/schrodinger/qho/2025-08-22_19-53-10-267364/model.pth
Model state saved to ./results/models/checkpoints/schrodinger/qho/2025-08-22_19-53-10-267364/model_weights.pth
It: 1690, Loss: 1.783e-02, Loss_res: 5.302e-03,  Loss_bcs: 3.912e-04, Loss_ut_ics: 3.417e-03, lr: 1.000e-03, Time: 4.89e+03
Model state saved to ./results/models/checkpoints/schrodinger/qho/2025-08-22_19-53-10-267364/model.pth
Model state saved to ./results/models/checkpoints/schrodinger/qho/2025-08-22_19-53-10-267364/model_weights.pth
It: 1700, Loss: 1.658e-02, Loss_res: 5.920e-03,  Loss_bcs: 2.870e-04, Loss_ut_ics: 2.228e-03, lr: 1.000e-03, Time: 4.92e+03
Model state saved to ./results/models/checkpoints/schrodinger/qho/2025-08-22_19-53-10-267364/model.pth
Model state saved to ./results/models/checkpoints/schrodinger/qho/2025-08-22_19-53-10-267364/model_weights.pth
It: 1710, Loss: 2.836e-02, Loss_res: 6.873e-03,  Loss_bcs: 3.318e-04, Loss_ut_ics: 7.140e-03, lr: 1.000e-03, Time: 4.95e+03
Model state saved to ./results/models/checkpoints/schrodinger/qho/2025-08-22_19-53-10-267364/model.pth
Model state saved to ./results/models/checkpoints/schrodinger/qho/2025-08-22_19-53-10-267364/model_weights.pth
It: 1720, Loss: 2.561e-02, Loss_res: 5.812e-03,  Loss_bcs: 5.297e-04, Loss_ut_ics: 6.730e-03, lr: 1.000e-03, Time: 4.97e+03
Model state saved to ./results/models/checkpoints/schrodinger/qho/2025-08-22_19-53-10-267364/model.pth
Model state saved to ./results/models/checkpoints/schrodinger/qho/2025-08-22_19-53-10-267364/model_weights.pth
It: 1730, Loss: 1.955e-02, Loss_res: 6.655e-03,  Loss_bcs: 3.996e-04, Loss_ut_ics: 2.921e-03, lr: 1.000e-03, Time: 5.00e+03
Model state saved to ./results/models/checkpoints/schrodinger/qho/2025-08-22_19-53-10-267364/model.pth
Model state saved to ./results/models/checkpoints/schrodinger/qho/2025-08-22_19-53-10-267364/model_weights.pth
It: 1740, Loss: 2.424e-02, Loss_res: 7.774e-03,  Loss_bcs: 1.956e-04, Loss_ut_ics: 4.247e-03, lr: 1.000e-03, Time: 5.03e+03
Model state saved to ./results/models/checkpoints/schrodinger/qho/2025-08-22_19-53-10-267364/model.pth
Model state saved to ./results/models/checkpoints/schrodinger/qho/2025-08-22_19-53-10-267364/model_weights.pth
It: 1750, Loss: 2.231e-02, Loss_res: 9.455e-03,  Loss_bcs: 7.025e-04, Loss_ut_ics: 1.350e-03, lr: 1.000e-03, Time: 5.05e+03
Model state saved to ./results/models/checkpoints/schrodinger/qho/2025-08-22_19-53-10-267364/model.pth
Model state saved to ./results/models/checkpoints/schrodinger/qho/2025-08-22_19-53-10-267364/model_weights.pth
It: 1760, Loss: 2.157e-02, Loss_res: 4.331e-03,  Loss_bcs: 2.747e-04, Loss_ut_ics: 6.319e-03, lr: 1.000e-03, Time: 5.08e+03
Model state saved to ./results/models/checkpoints/schrodinger/qho/2025-08-22_19-53-10-267364/model.pth
Model state saved to ./results/models/checkpoints/schrodinger/qho/2025-08-22_19-53-10-267364/model_weights.pth
It: 1770, Loss: 2.542e-02, Loss_res: 4.988e-03,  Loss_bcs: 2.913e-04, Loss_ut_ics: 7.576e-03, lr: 1.000e-03, Time: 5.11e+03
Model state saved to ./results/models/checkpoints/schrodinger/qho/2025-08-22_19-53-10-267364/model.pth
Model state saved to ./results/models/checkpoints/schrodinger/qho/2025-08-22_19-53-10-267364/model_weights.pth
It: 1780, Loss: 1.620e-02, Loss_res: 4.505e-03,  Loss_bcs: 2.756e-04, Loss_ut_ics: 3.458e-03, lr: 1.000e-03, Time: 5.14e+03
Model state saved to ./results/models/checkpoints/schrodinger/qho/2025-08-22_19-53-10-267364/model.pth
Model state saved to ./results/models/checkpoints/schrodinger/qho/2025-08-22_19-53-10-267364/model_weights.pth
It: 1790, Loss: 1.626e-02, Loss_res: 4.194e-03,  Loss_bcs: 3.281e-04, Loss_ut_ics: 3.773e-03, lr: 1.000e-03, Time: 5.16e+03
Model state saved to ./results/models/checkpoints/schrodinger/qho/2025-08-22_19-53-10-267364/model.pth
Model state saved to ./results/models/checkpoints/schrodinger/qho/2025-08-22_19-53-10-267364/model_weights.pth
It: 1800, Loss: 3.037e-02, Loss_res: 6.873e-03,  Loss_bcs: 4.507e-04, Loss_ut_ics: 8.088e-03, lr: 1.000e-03, Time: 5.19e+03
Model state saved to ./results/models/checkpoints/schrodinger/qho/2025-08-22_19-53-10-267364/model.pth
Model state saved to ./results/models/checkpoints/schrodinger/qho/2025-08-22_19-53-10-267364/model_weights.pth
It: 1810, Loss: 1.792e-02, Loss_res: 5.211e-03,  Loss_bcs: 3.557e-04, Loss_ut_ics: 3.570e-03, lr: 1.000e-03, Time: 5.22e+03
Model state saved to ./results/models/checkpoints/schrodinger/qho/2025-08-22_19-53-10-267364/model.pth
Model state saved to ./results/models/checkpoints/schrodinger/qho/2025-08-22_19-53-10-267364/model_weights.pth
It: 1820, Loss: 1.244e-02, Loss_res: 4.068e-03,  Loss_bcs: 2.920e-04, Loss_ut_ics: 2.005e-03, lr: 1.000e-03, Time: 5.25e+03
Model state saved to ./results/models/checkpoints/schrodinger/qho/2025-08-22_19-53-10-267364/model.pth
Model state saved to ./results/models/checkpoints/schrodinger/qho/2025-08-22_19-53-10-267364/model_weights.pth
It: 1830, Loss: 3.693e-02, Loss_res: 1.084e-02,  Loss_bcs: 4.740e-04, Loss_ut_ics: 7.388e-03, lr: 1.000e-03, Time: 5.28e+03
Model state saved to ./results/models/checkpoints/schrodinger/qho/2025-08-22_19-53-10-267364/model.pth
Model state saved to ./results/models/checkpoints/schrodinger/qho/2025-08-22_19-53-10-267364/model_weights.pth
It: 1840, Loss: 1.851e-02, Loss_res: 7.533e-03,  Loss_bcs: 3.381e-04, Loss_ut_ics: 1.555e-03, lr: 1.000e-03, Time: 5.31e+03
Model state saved to ./results/models/checkpoints/schrodinger/qho/2025-08-22_19-53-10-267364/model.pth
Model state saved to ./results/models/checkpoints/schrodinger/qho/2025-08-22_19-53-10-267364/model_weights.pth
It: 1850, Loss: 2.468e-02, Loss_res: 4.320e-03,  Loss_bcs: 4.518e-04, Loss_ut_ics: 7.793e-03, lr: 1.000e-03, Time: 5.34e+03
Model state saved to ./results/models/checkpoints/schrodinger/qho/2025-08-22_19-53-10-267364/model.pth
Model state saved to ./results/models/checkpoints/schrodinger/qho/2025-08-22_19-53-10-267364/model_weights.pth
It: 1860, Loss: 2.615e-02, Loss_res: 6.588e-03,  Loss_bcs: 3.177e-04, Loss_ut_ics: 6.329e-03, lr: 1.000e-03, Time: 5.37e+03
Model state saved to ./results/models/checkpoints/schrodinger/qho/2025-08-22_19-53-10-267364/model.pth
Model state saved to ./results/models/checkpoints/schrodinger/qho/2025-08-22_19-53-10-267364/model_weights.pth
It: 1870, Loss: 2.352e-02, Loss_res: 2.494e-03,  Loss_bcs: 2.497e-04, Loss_ut_ics: 9.139e-03, lr: 1.000e-03, Time: 5.40e+03
Model state saved to ./results/models/checkpoints/schrodinger/qho/2025-08-22_19-53-10-267364/model.pth
Model state saved to ./results/models/checkpoints/schrodinger/qho/2025-08-22_19-53-10-267364/model_weights.pth
It: 1880, Loss: 1.036e-02, Loss_res: 3.262e-03,  Loss_bcs: 2.093e-04, Loss_ut_ics: 1.813e-03, lr: 1.000e-03, Time: 5.43e+03
Model state saved to ./results/models/checkpoints/schrodinger/qho/2025-08-22_19-53-10-267364/model.pth
Model state saved to ./results/models/checkpoints/schrodinger/qho/2025-08-22_19-53-10-267364/model_weights.pth
It: 1890, Loss: 1.661e-02, Loss_res: 4.018e-03,  Loss_bcs: 2.553e-04, Loss_ut_ics: 4.158e-03, lr: 1.000e-03, Time: 5.47e+03
Model state saved to ./results/models/checkpoints/schrodinger/qho/2025-08-22_19-53-10-267364/model.pth
Model state saved to ./results/models/checkpoints/schrodinger/qho/2025-08-22_19-53-10-267364/model_weights.pth
It: 1900, Loss: 1.475e-02, Loss_res: 2.550e-03,  Loss_bcs: 3.089e-04, Loss_ut_ics: 4.673e-03, lr: 1.000e-03, Time: 5.50e+03
Model state saved to ./results/models/checkpoints/schrodinger/qho/2025-08-22_19-53-10-267364/model.pth
Model state saved to ./results/models/checkpoints/schrodinger/qho/2025-08-22_19-53-10-267364/model_weights.pth
It: 1910, Loss: 1.538e-02, Loss_res: 3.755e-03,  Loss_bcs: 2.534e-04, Loss_ut_ics: 3.809e-03, lr: 1.000e-03, Time: 5.54e+03
Model state saved to ./results/models/checkpoints/schrodinger/qho/2025-08-22_19-53-10-267364/model.pth
Model state saved to ./results/models/checkpoints/schrodinger/qho/2025-08-22_19-53-10-267364/model_weights.pth
It: 1920, Loss: 1.528e-02, Loss_res: 3.476e-03,  Loss_bcs: 1.843e-04, Loss_ut_ics: 4.069e-03, lr: 1.000e-03, Time: 5.57e+03
Model state saved to ./results/models/checkpoints/schrodinger/qho/2025-08-22_19-53-10-267364/model.pth
Model state saved to ./results/models/checkpoints/schrodinger/qho/2025-08-22_19-53-10-267364/model_weights.pth
It: 1930, Loss: 1.652e-02, Loss_res: 5.627e-03,  Loss_bcs: 2.570e-04, Loss_ut_ics: 2.503e-03, lr: 1.000e-03, Time: 5.60e+03
Model state saved to ./results/models/checkpoints/schrodinger/qho/2025-08-22_19-53-10-267364/model.pth
Model state saved to ./results/models/checkpoints/schrodinger/qho/2025-08-22_19-53-10-267364/model_weights.pth
It: 1940, Loss: 8.312e-03, Loss_res: 2.849e-03,  Loss_bcs: 2.392e-04, Loss_ut_ics: 1.188e-03, lr: 1.000e-03, Time: 5.62e+03
Model state saved to ./results/models/checkpoints/schrodinger/qho/2025-08-22_19-53-10-267364/model.pth
Model state saved to ./results/models/checkpoints/schrodinger/qho/2025-08-22_19-53-10-267364/model_weights.pth
It: 1950, Loss: 2.717e-02, Loss_res: 4.952e-03,  Loss_bcs: 2.718e-04, Loss_ut_ics: 8.497e-03, lr: 1.000e-03, Time: 5.65e+03
Model state saved to ./results/models/checkpoints/schrodinger/qho/2025-08-22_19-53-10-267364/model.pth
Model state saved to ./results/models/checkpoints/schrodinger/qho/2025-08-22_19-53-10-267364/model_weights.pth
It: 1960, Loss: 1.620e-02, Loss_res: 5.446e-03,  Loss_bcs: 3.023e-04, Loss_ut_ics: 2.503e-03, lr: 1.000e-03, Time: 5.68e+03
Model state saved to ./results/models/checkpoints/schrodinger/qho/2025-08-22_19-53-10-267364/model.pth
Model state saved to ./results/models/checkpoints/schrodinger/qho/2025-08-22_19-53-10-267364/model_weights.pth
It: 1970, Loss: 1.710e-02, Loss_res: 3.698e-03,  Loss_bcs: 3.137e-04, Loss_ut_ics: 4.695e-03, lr: 1.000e-03, Time: 5.71e+03
Model state saved to ./results/models/checkpoints/schrodinger/qho/2025-08-22_19-53-10-267364/model.pth
Model state saved to ./results/models/checkpoints/schrodinger/qho/2025-08-22_19-53-10-267364/model_weights.pth
It: 1980, Loss: 1.815e-02, Loss_res: 4.793e-03,  Loss_bcs: 1.994e-04, Loss_ut_ics: 4.183e-03, lr: 1.000e-03, Time: 5.73e+03
Model state saved to ./results/models/checkpoints/schrodinger/qho/2025-08-22_19-53-10-267364/model.pth
Model state saved to ./results/models/checkpoints/schrodinger/qho/2025-08-22_19-53-10-267364/model_weights.pth
It: 1990, Loss: 1.778e-02, Loss_res: 5.332e-03,  Loss_bcs: 3.803e-04, Loss_ut_ics: 3.366e-03, lr: 1.000e-03, Time: 5.76e+03
Model state saved to ./results/models/checkpoints/schrodinger/qho/2025-08-22_19-53-10-267364/model.pth
Model state saved to ./results/models/checkpoints/schrodinger/qho/2025-08-22_19-53-10-267364/model_weights.pth
It: 2000, Loss: 1.761e-02, Loss_res: 4.064e-03,  Loss_bcs: 2.885e-04, Loss_ut_ics: 4.599e-03, lr: 1.000e-03, Time: 5.79e+03
Model state saved to ./results/models/checkpoints/schrodinger/qho/2025-08-22_19-53-10-267364/model.pth
Model state saved to ./results/models/checkpoints/schrodinger/qho/2025-08-22_19-53-10-267364/model_weights.pth
Model state saved to ./results/models/checkpoints/schrodinger/qho/2025-08-22_19-53-10-267364/model.pth
Model state saved to ./results/models/checkpoints/schrodinger/qho/2025-08-22_19-53-10-267364/model_weights.pth
Training completed successfuly!
