The circuit used in the study:
It: 1, Loss: 9.726e+02, Loss_res: 4.519e+00,  Loss_bcs: 0.000e+00, Loss_ut_ics: 1.216e+00, Loss_norm: 8.490e-01, Loss_gauge: 0.000e+00, w_pde: 0.00e+00, L^2_error: 1.035e+00, lr: 1.000e-03, Time: 1.90e+00
Model state saved to C:\Users\mateo garcia\Documents\A master\Tesis\QPINNs-2025\results\2025-12-23_15-22-55-421334\model.pth
Model weights saved to C:\Users\mateo garcia\Documents\A master\Tesis\QPINNs-2025\results\2025-12-23_15-22-55-421334\model_weights.pth
It: 10, Loss: 7.980e+02, Loss_res: 2.911e-01,  Loss_bcs: 0.000e+00, Loss_ut_ics: 9.976e-01, Loss_norm: 9.905e-01, Loss_gauge: 0.000e+00, w_pde: 0.00e+00, L^2_error: 1.008e+00, lr: 1.000e-03, Time: 1.39e+01
Model state saved to C:\Users\mateo garcia\Documents\A master\Tesis\QPINNs-2025\results\2025-12-23_15-22-55-421334\model.pth
Model weights saved to C:\Users\mateo garcia\Documents\A master\Tesis\QPINNs-2025\results\2025-12-23_15-22-55-421334\model_weights.pth
It: 20, Loss: 7.708e+02, Loss_res: 5.677e-01,  Loss_bcs: 0.000e+00, Loss_ut_ics: 9.635e-01, Loss_norm: 9.870e-01, Loss_gauge: 0.000e+00, w_pde: 0.00e+00, L^2_error: 1.030e+00, lr: 1.000e-03, Time: 2.75e+01
Model state saved to C:\Users\mateo garcia\Documents\A master\Tesis\QPINNs-2025\results\2025-12-23_15-22-55-421334\model.pth
Model weights saved to C:\Users\mateo garcia\Documents\A master\Tesis\QPINNs-2025\results\2025-12-23_15-22-55-421334\model_weights.pth
It: 30, Loss: 7.211e+02, Loss_res: 3.880e+00,  Loss_bcs: 0.000e+00, Loss_ut_ics: 9.013e-01, Loss_norm: 9.312e-01, Loss_gauge: 0.000e+00, w_pde: 0.00e+00, L^2_error: 1.092e+00, lr: 1.000e-03, Time: 4.11e+01
Model state saved to C:\Users\mateo garcia\Documents\A master\Tesis\QPINNs-2025\results\2025-12-23_15-22-55-421334\model.pth
Model weights saved to C:\Users\mateo garcia\Documents\A master\Tesis\QPINNs-2025\results\2025-12-23_15-22-55-421334\model_weights.pth
It: 40, Loss: 6.280e+02, Loss_res: 8.920e+00,  Loss_bcs: 0.000e+00, Loss_ut_ics: 7.850e-01, Loss_norm: 9.051e-01, Loss_gauge: 0.000e+00, w_pde: 0.00e+00, L^2_error: 1.154e+00, lr: 1.000e-03, Time: 5.46e+01
Model state saved to C:\Users\mateo garcia\Documents\A master\Tesis\QPINNs-2025\results\2025-12-23_15-22-55-421334\model.pth
Model weights saved to C:\Users\mateo garcia\Documents\A master\Tesis\QPINNs-2025\results\2025-12-23_15-22-55-421334\model_weights.pth
It: 50, Loss: 4.948e+02, Loss_res: 1.963e+01,  Loss_bcs: 0.000e+00, Loss_ut_ics: 6.185e-01, Loss_norm: 8.668e-01, Loss_gauge: 0.000e+00, w_pde: 0.00e+00, L^2_error: 1.247e+00, lr: 1.000e-03, Time: 6.82e+01
Model state saved to C:\Users\mateo garcia\Documents\A master\Tesis\QPINNs-2025\results\2025-12-23_15-22-55-421334\model.pth
Model weights saved to C:\Users\mateo garcia\Documents\A master\Tesis\QPINNs-2025\results\2025-12-23_15-22-55-421334\model_weights.pth
It: 60, Loss: 3.282e+02, Loss_res: 5.116e+01,  Loss_bcs: 0.000e+00, Loss_ut_ics: 4.103e-01, Loss_norm: 7.304e-01, Loss_gauge: 0.000e+00, w_pde: 0.00e+00, L^2_error: 1.389e+00, lr: 1.000e-03, Time: 8.14e+01
Model state saved to C:\Users\mateo garcia\Documents\A master\Tesis\QPINNs-2025\results\2025-12-23_15-22-55-421334\model.pth
Model weights saved to C:\Users\mateo garcia\Documents\A master\Tesis\QPINNs-2025\results\2025-12-23_15-22-55-421334\model_weights.pth
It: 70, Loss: 1.638e+02, Loss_res: 1.220e+02,  Loss_bcs: 0.000e+00, Loss_ut_ics: 2.048e-01, Loss_norm: 4.686e-01, Loss_gauge: 0.000e+00, w_pde: 0.00e+00, L^2_error: 1.577e+00, lr: 1.000e-03, Time: 9.50e+01
Model state saved to C:\Users\mateo garcia\Documents\A master\Tesis\QPINNs-2025\results\2025-12-23_15-22-55-421334\model.pth
Model weights saved to C:\Users\mateo garcia\Documents\A master\Tesis\QPINNs-2025\results\2025-12-23_15-22-55-421334\model_weights.pth
It: 80, Loss: 5.454e+01, Loss_res: 2.815e+02,  Loss_bcs: 0.000e+00, Loss_ut_ics: 6.818e-02, Loss_norm: 1.729e-01, Loss_gauge: 0.000e+00, w_pde: 0.00e+00, L^2_error: 1.776e+00, lr: 1.000e-03, Time: 1.08e+02
Model state saved to C:\Users\mateo garcia\Documents\A master\Tesis\QPINNs-2025\results\2025-12-23_15-22-55-421334\model.pth
Model weights saved to C:\Users\mateo garcia\Documents\A master\Tesis\QPINNs-2025\results\2025-12-23_15-22-55-421334\model_weights.pth
It: 90, Loss: 1.859e+01, Loss_res: 4.219e+02,  Loss_bcs: 0.000e+00, Loss_ut_ics: 2.324e-02, Loss_norm: 1.629e-02, Loss_gauge: 0.000e+00, w_pde: 0.00e+00, L^2_error: 1.936e+00, lr: 1.000e-03, Time: 1.22e+02
Model state saved to C:\Users\mateo garcia\Documents\A master\Tesis\QPINNs-2025\results\2025-12-23_15-22-55-421334\model.pth
Model weights saved to C:\Users\mateo garcia\Documents\A master\Tesis\QPINNs-2025\results\2025-12-23_15-22-55-421334\model_weights.pth
It: 100, Loss: 1.743e+01, Loss_res: 5.574e+02,  Loss_bcs: 0.000e+00, Loss_ut_ics: 2.179e-02, Loss_norm: 1.237e-03, Loss_gauge: 0.000e+00, w_pde: 0.00e+00, L^2_error: 2.009e+00, lr: 1.000e-03, Time: 1.35e+02
Model state saved to C:\Users\mateo garcia\Documents\A master\Tesis\QPINNs-2025\results\2025-12-23_15-22-55-421334\model.pth
Model weights saved to C:\Users\mateo garcia\Documents\A master\Tesis\QPINNs-2025\results\2025-12-23_15-22-55-421334\model_weights.pth
It: 110, Loss: 1.427e+01, Loss_res: 4.694e+02,  Loss_bcs: 0.000e+00, Loss_ut_ics: 1.783e-02, Loss_norm: 1.239e-04, Loss_gauge: 0.000e+00, w_pde: 0.00e+00, L^2_error: 1.991e+00, lr: 1.000e-03, Time: 1.48e+02
Model state saved to C:\Users\mateo garcia\Documents\A master\Tesis\QPINNs-2025\results\2025-12-23_15-22-55-421334\model.pth
Model weights saved to C:\Users\mateo garcia\Documents\A master\Tesis\QPINNs-2025\results\2025-12-23_15-22-55-421334\model_weights.pth
It: 120, Loss: 1.114e+01, Loss_res: 4.453e+02,  Loss_bcs: 0.000e+00, Loss_ut_ics: 1.392e-02, Loss_norm: 2.471e-03, Loss_gauge: 0.000e+00, w_pde: 0.00e+00, L^2_error: 1.966e+00, lr: 1.000e-03, Time: 1.62e+02
Model state saved to C:\Users\mateo garcia\Documents\A master\Tesis\QPINNs-2025\results\2025-12-23_15-22-55-421334\model.pth
Model weights saved to C:\Users\mateo garcia\Documents\A master\Tesis\QPINNs-2025\results\2025-12-23_15-22-55-421334\model_weights.pth
It: 130, Loss: 8.980e+00, Loss_res: 4.115e+02,  Loss_bcs: 0.000e+00, Loss_ut_ics: 1.123e-02, Loss_norm: 1.508e-03, Loss_gauge: 0.000e+00, w_pde: 0.00e+00, L^2_error: 1.973e+00, lr: 1.000e-03, Time: 1.75e+02
Model state saved to C:\Users\mateo garcia\Documents\A master\Tesis\QPINNs-2025\results\2025-12-23_15-22-55-421334\model.pth
Model weights saved to C:\Users\mateo garcia\Documents\A master\Tesis\QPINNs-2025\results\2025-12-23_15-22-55-421334\model_weights.pth
It: 140, Loss: 7.328e+00, Loss_res: 3.883e+02,  Loss_bcs: 0.000e+00, Loss_ut_ics: 9.160e-03, Loss_norm: 1.362e-03, Loss_gauge: 0.000e+00, w_pde: 0.00e+00, L^2_error: 1.974e+00, lr: 1.000e-03, Time: 1.89e+02
Model state saved to C:\Users\mateo garcia\Documents\A master\Tesis\QPINNs-2025\results\2025-12-23_15-22-55-421334\model.pth
Model weights saved to C:\Users\mateo garcia\Documents\A master\Tesis\QPINNs-2025\results\2025-12-23_15-22-55-421334\model_weights.pth
It: 150, Loss: 6.095e+00, Loss_res: 3.791e+02,  Loss_bcs: 0.000e+00, Loss_ut_ics: 7.619e-03, Loss_norm: 1.122e-03, Loss_gauge: 0.000e+00, w_pde: 0.00e+00, L^2_error: 1.976e+00, lr: 1.000e-03, Time: 2.02e+02
Model state saved to C:\Users\mateo garcia\Documents\A master\Tesis\QPINNs-2025\results\2025-12-23_15-22-55-421334\model.pth
Model weights saved to C:\Users\mateo garcia\Documents\A master\Tesis\QPINNs-2025\results\2025-12-23_15-22-55-421334\model_weights.pth
It: 160, Loss: 5.127e+00, Loss_res: 3.883e+02,  Loss_bcs: 0.000e+00, Loss_ut_ics: 6.409e-03, Loss_norm: 7.687e-04, Loss_gauge: 0.000e+00, w_pde: 0.00e+00, L^2_error: 1.979e+00, lr: 1.000e-03, Time: 2.16e+02
Model state saved to C:\Users\mateo garcia\Documents\A master\Tesis\QPINNs-2025\results\2025-12-23_15-22-55-421334\model.pth
Model weights saved to C:\Users\mateo garcia\Documents\A master\Tesis\QPINNs-2025\results\2025-12-23_15-22-55-421334\model_weights.pth
It: 170, Loss: 4.337e+00, Loss_res: 3.787e+02,  Loss_bcs: 0.000e+00, Loss_ut_ics: 5.421e-03, Loss_norm: 6.979e-04, Loss_gauge: 0.000e+00, w_pde: 0.00e+00, L^2_error: 1.980e+00, lr: 1.000e-03, Time: 2.30e+02
Model state saved to C:\Users\mateo garcia\Documents\A master\Tesis\QPINNs-2025\results\2025-12-23_15-22-55-421334\model.pth
Model weights saved to C:\Users\mateo garcia\Documents\A master\Tesis\QPINNs-2025\results\2025-12-23_15-22-55-421334\model_weights.pth
It: 180, Loss: 3.693e+00, Loss_res: 3.790e+02,  Loss_bcs: 0.000e+00, Loss_ut_ics: 4.616e-03, Loss_norm: 5.682e-04, Loss_gauge: 0.000e+00, w_pde: 0.00e+00, L^2_error: 1.982e+00, lr: 1.000e-03, Time: 2.43e+02
Model state saved to C:\Users\mateo garcia\Documents\A master\Tesis\QPINNs-2025\results\2025-12-23_15-22-55-421334\model.pth
Model weights saved to C:\Users\mateo garcia\Documents\A master\Tesis\QPINNs-2025\results\2025-12-23_15-22-55-421334\model_weights.pth
It: 190, Loss: 3.166e+00, Loss_res: 3.633e+02,  Loss_bcs: 0.000e+00, Loss_ut_ics: 3.957e-03, Loss_norm: 4.496e-04, Loss_gauge: 0.000e+00, w_pde: 0.00e+00, L^2_error: 1.983e+00, lr: 1.000e-03, Time: 2.57e+02
Model state saved to C:\Users\mateo garcia\Documents\A master\Tesis\QPINNs-2025\results\2025-12-23_15-22-55-421334\model.pth
Model weights saved to C:\Users\mateo garcia\Documents\A master\Tesis\QPINNs-2025\results\2025-12-23_15-22-55-421334\model_weights.pth
It: 200, Loss: 2.731e+00, Loss_res: 3.407e+02,  Loss_bcs: 0.000e+00, Loss_ut_ics: 3.414e-03, Loss_norm: 3.561e-04, Loss_gauge: 0.000e+00, w_pde: 0.00e+00, L^2_error: 1.984e+00, lr: 1.000e-03, Time: 2.71e+02
Model state saved to C:\Users\mateo garcia\Documents\A master\Tesis\QPINNs-2025\results\2025-12-23_15-22-55-421334\model.pth
Model weights saved to C:\Users\mateo garcia\Documents\A master\Tesis\QPINNs-2025\results\2025-12-23_15-22-55-421334\model_weights.pth
It: 210, Loss: 2.371e+00, Loss_res: 3.274e+02,  Loss_bcs: 0.000e+00, Loss_ut_ics: 2.964e-03, Loss_norm: 2.839e-04, Loss_gauge: 0.000e+00, w_pde: 0.00e+00, L^2_error: 1.985e+00, lr: 1.000e-03, Time: 2.84e+02
Model state saved to C:\Users\mateo garcia\Documents\A master\Tesis\QPINNs-2025\results\2025-12-23_15-22-55-421334\model.pth
Model weights saved to C:\Users\mateo garcia\Documents\A master\Tesis\QPINNs-2025\results\2025-12-23_15-22-55-421334\model_weights.pth
It: 220, Loss: 2.072e+00, Loss_res: 3.571e+02,  Loss_bcs: 0.000e+00, Loss_ut_ics: 2.590e-03, Loss_norm: 2.324e-04, Loss_gauge: 0.000e+00, w_pde: 0.00e+00, L^2_error: 1.986e+00, lr: 1.000e-03, Time: 2.98e+02
Model state saved to C:\Users\mateo garcia\Documents\A master\Tesis\QPINNs-2025\results\2025-12-23_15-22-55-421334\model.pth
Model weights saved to C:\Users\mateo garcia\Documents\A master\Tesis\QPINNs-2025\results\2025-12-23_15-22-55-421334\model_weights.pth
It: 230, Loss: 1.822e+00, Loss_res: 3.496e+02,  Loss_bcs: 0.000e+00, Loss_ut_ics: 2.277e-03, Loss_norm: 1.891e-04, Loss_gauge: 0.000e+00, w_pde: 0.00e+00, L^2_error: 1.987e+00, lr: 1.000e-03, Time: 3.12e+02
Model state saved to C:\Users\mateo garcia\Documents\A master\Tesis\QPINNs-2025\results\2025-12-23_15-22-55-421334\model.pth
Model weights saved to C:\Users\mateo garcia\Documents\A master\Tesis\QPINNs-2025\results\2025-12-23_15-22-55-421334\model_weights.pth
It: 240, Loss: 1.612e+00, Loss_res: 3.493e+02,  Loss_bcs: 0.000e+00, Loss_ut_ics: 2.015e-03, Loss_norm: 1.574e-04, Loss_gauge: 0.000e+00, w_pde: 0.00e+00, L^2_error: 1.988e+00, lr: 1.000e-03, Time: 3.25e+02
Model state saved to C:\Users\mateo garcia\Documents\A master\Tesis\QPINNs-2025\results\2025-12-23_15-22-55-421334\model.pth
Model weights saved to C:\Users\mateo garcia\Documents\A master\Tesis\QPINNs-2025\results\2025-12-23_15-22-55-421334\model_weights.pth
It: 250, Loss: 1.435e+00, Loss_res: 3.501e+02,  Loss_bcs: 0.000e+00, Loss_ut_ics: 1.794e-03, Loss_norm: 1.298e-04, Loss_gauge: 0.000e+00, w_pde: 0.00e+00, L^2_error: 1.988e+00, lr: 1.000e-03, Time: 3.38e+02
Model state saved to C:\Users\mateo garcia\Documents\A master\Tesis\QPINNs-2025\results\2025-12-23_15-22-55-421334\model.pth
Model weights saved to C:\Users\mateo garcia\Documents\A master\Tesis\QPINNs-2025\results\2025-12-23_15-22-55-421334\model_weights.pth
It: 260, Loss: 1.286e+00, Loss_res: 3.488e+02,  Loss_bcs: 0.000e+00, Loss_ut_ics: 1.607e-03, Loss_norm: 1.085e-04, Loss_gauge: 0.000e+00, w_pde: 0.00e+00, L^2_error: 1.989e+00, lr: 1.000e-03, Time: 3.52e+02
Model state saved to C:\Users\mateo garcia\Documents\A master\Tesis\QPINNs-2025\results\2025-12-23_15-22-55-421334\model.pth
Model weights saved to C:\Users\mateo garcia\Documents\A master\Tesis\QPINNs-2025\results\2025-12-23_15-22-55-421334\model_weights.pth
It: 270, Loss: 1.159e+00, Loss_res: 3.388e+02,  Loss_bcs: 0.000e+00, Loss_ut_ics: 1.449e-03, Loss_norm: 9.039e-05, Loss_gauge: 0.000e+00, w_pde: 0.00e+00, L^2_error: 1.989e+00, lr: 1.000e-03, Time: 3.65e+02
Model state saved to C:\Users\mateo garcia\Documents\A master\Tesis\QPINNs-2025\results\2025-12-23_15-22-55-421334\model.pth
Model weights saved to C:\Users\mateo garcia\Documents\A master\Tesis\QPINNs-2025\results\2025-12-23_15-22-55-421334\model_weights.pth
It: 280, Loss: 1.052e+00, Loss_res: 3.223e+02,  Loss_bcs: 0.000e+00, Loss_ut_ics: 1.315e-03, Loss_norm: 7.582e-05, Loss_gauge: 0.000e+00, w_pde: 0.00e+00, L^2_error: 1.990e+00, lr: 1.000e-03, Time: 3.79e+02
Model state saved to C:\Users\mateo garcia\Documents\A master\Tesis\QPINNs-2025\results\2025-12-23_15-22-55-421334\model.pth
Model weights saved to C:\Users\mateo garcia\Documents\A master\Tesis\QPINNs-2025\results\2025-12-23_15-22-55-421334\model_weights.pth
It: 290, Loss: 9.602e-01, Loss_res: 3.446e+02,  Loss_bcs: 0.000e+00, Loss_ut_ics: 1.200e-03, Loss_norm: 6.362e-05, Loss_gauge: 0.000e+00, w_pde: 0.00e+00, L^2_error: 1.990e+00, lr: 1.000e-03, Time: 3.92e+02
Model state saved to C:\Users\mateo garcia\Documents\A master\Tesis\QPINNs-2025\results\2025-12-23_15-22-55-421334\model.pth
Model weights saved to C:\Users\mateo garcia\Documents\A master\Tesis\QPINNs-2025\results\2025-12-23_15-22-55-421334\model_weights.pth
It: 300, Loss: 8.820e-01, Loss_res: 3.479e+02,  Loss_bcs: 0.000e+00, Loss_ut_ics: 1.103e-03, Loss_norm: 5.359e-05, Loss_gauge: 0.000e+00, w_pde: 0.00e+00, L^2_error: 1.991e+00, lr: 1.000e-03, Time: 4.06e+02
Model state saved to C:\Users\mateo garcia\Documents\A master\Tesis\QPINNs-2025\results\2025-12-23_15-22-55-421334\model.pth
Model weights saved to C:\Users\mateo garcia\Documents\A master\Tesis\QPINNs-2025\results\2025-12-23_15-22-55-421334\model_weights.pth
It: 1, Loss: 1.116e+00, Loss_res: 2.407e+01,  Loss_bcs: 0.000e+00, Loss_ut_ics: 1.094e-03, Loss_norm: 5.266e-05, Loss_gauge: 0.000e+00, w_pde: 1.00e-02, L^2_error: 4.096e-02, lr: 1.000e-03, Time: 1.47e+00
Model state saved to C:\Users\mateo garcia\Documents\A master\Tesis\QPINNs-2025\results\2025-12-23_15-22-55-421334\model.pth
Model weights saved to C:\Users\mateo garcia\Documents\A master\Tesis\QPINNs-2025\results\2025-12-23_15-22-55-421334\model_weights.pth
It: 10, Loss: 4.008e+00, Loss_res: 2.589e+01,  Loss_bcs: 0.000e+00, Loss_ut_ics: 1.767e-03, Loss_norm: 6.044e-04, Loss_gauge: 0.000e+00, w_pde: 1.00e-01, L^2_error: 3.070e-02, lr: 1.000e-03, Time: 1.38e+01
Model state saved to C:\Users\mateo garcia\Documents\A master\Tesis\QPINNs-2025\results\2025-12-23_15-22-55-421334\model.pth
Model weights saved to C:\Users\mateo garcia\Documents\A master\Tesis\QPINNs-2025\results\2025-12-23_15-22-55-421334\model_weights.pth
It: 20, Loss: 6.234e+00, Loss_res: 2.766e+01,  Loss_bcs: 0.000e+00, Loss_ut_ics: 8.783e-04, Loss_norm: 3.602e-05, Loss_gauge: 0.000e+00, w_pde: 2.00e-01, L^2_error: 3.403e-02, lr: 1.000e-03, Time: 2.72e+01
Model state saved to C:\Users\mateo garcia\Documents\A master\Tesis\QPINNs-2025\results\2025-12-23_15-22-55-421334\model.pth
Model weights saved to C:\Users\mateo garcia\Documents\A master\Tesis\QPINNs-2025\results\2025-12-23_15-22-55-421334\model_weights.pth
It: 30, Loss: 8.161e+00, Loss_res: 2.452e+01,  Loss_bcs: 0.000e+00, Loss_ut_ics: 1.001e-03, Loss_norm: 3.943e-04, Loss_gauge: 0.000e+00, w_pde: 3.00e-01, L^2_error: 2.916e-02, lr: 1.000e-03, Time: 4.05e+01
Model state saved to C:\Users\mateo garcia\Documents\A master\Tesis\QPINNs-2025\results\2025-12-23_15-22-55-421334\model.pth
Model weights saved to C:\Users\mateo garcia\Documents\A master\Tesis\QPINNs-2025\results\2025-12-23_15-22-55-421334\model_weights.pth
It: 40, Loss: 1.109e+01, Loss_res: 2.630e+01,  Loss_bcs: 0.000e+00, Loss_ut_ics: 7.081e-04, Loss_norm: 3.458e-04, Loss_gauge: 0.000e+00, w_pde: 4.00e-01, L^2_error: 2.644e-02, lr: 1.000e-03, Time: 5.47e+01
Model state saved to C:\Users\mateo garcia\Documents\A master\Tesis\QPINNs-2025\results\2025-12-23_15-22-55-421334\model.pth
Model weights saved to C:\Users\mateo garcia\Documents\A master\Tesis\QPINNs-2025\results\2025-12-23_15-22-55-421334\model_weights.pth
It: 50, Loss: 1.435e+01, Loss_res: 2.740e+01,  Loss_bcs: 0.000e+00, Loss_ut_ics: 8.090e-04, Loss_norm: 7.601e-04, Loss_gauge: 0.000e+00, w_pde: 5.00e-01, L^2_error: 2.939e-02, lr: 1.000e-03, Time: 6.80e+01
Model state saved to C:\Users\mateo garcia\Documents\A master\Tesis\QPINNs-2025\results\2025-12-23_15-22-55-421334\model.pth
Model weights saved to C:\Users\mateo garcia\Documents\A master\Tesis\QPINNs-2025\results\2025-12-23_15-22-55-421334\model_weights.pth
It: 60, Loss: 1.519e+01, Loss_res: 2.398e+01,  Loss_bcs: 0.000e+00, Loss_ut_ics: 9.870e-04, Loss_norm: 1.341e-03, Loss_gauge: 0.000e+00, w_pde: 6.00e-01, L^2_error: 2.913e-02, lr: 1.000e-03, Time: 8.16e+01
Model state saved to C:\Users\mateo garcia\Documents\A master\Tesis\QPINNs-2025\results\2025-12-23_15-22-55-421334\model.pth
Model weights saved to C:\Users\mateo garcia\Documents\A master\Tesis\QPINNs-2025\results\2025-12-23_15-22-55-421334\model_weights.pth
It: 70, Loss: 1.745e+01, Loss_res: 2.361e+01,  Loss_bcs: 0.000e+00, Loss_ut_ics: 1.129e-03, Loss_norm: 1.780e-03, Loss_gauge: 0.000e+00, w_pde: 7.00e-01, L^2_error: 3.425e-02, lr: 1.000e-03, Time: 9.53e+01
Model state saved to C:\Users\mateo garcia\Documents\A master\Tesis\QPINNs-2025\results\2025-12-23_15-22-55-421334\model.pth
Model weights saved to C:\Users\mateo garcia\Documents\A master\Tesis\QPINNs-2025\results\2025-12-23_15-22-55-421334\model_weights.pth
It: 80, Loss: 1.845e+01, Loss_res: 2.180e+01,  Loss_bcs: 0.000e+00, Loss_ut_ics: 1.241e-03, Loss_norm: 1.937e-03, Loss_gauge: 0.000e+00, w_pde: 8.00e-01, L^2_error: 3.376e-02, lr: 1.000e-03, Time: 1.10e+02
Model state saved to C:\Users\mateo garcia\Documents\A master\Tesis\QPINNs-2025\results\2025-12-23_15-22-55-421334\model.pth
Model weights saved to C:\Users\mateo garcia\Documents\A master\Tesis\QPINNs-2025\results\2025-12-23_15-22-55-421334\model_weights.pth
It: 90, Loss: 2.191e+01, Loss_res: 2.334e+01,  Loss_bcs: 0.000e+00, Loss_ut_ics: 1.100e-03, Loss_norm: 1.854e-03, Loss_gauge: 0.000e+00, w_pde: 9.00e-01, L^2_error: 3.082e-02, lr: 1.000e-03, Time: 1.23e+02
Model state saved to C:\Users\mateo garcia\Documents\A master\Tesis\QPINNs-2025\results\2025-12-23_15-22-55-421334\model.pth
Model weights saved to C:\Users\mateo garcia\Documents\A master\Tesis\QPINNs-2025\results\2025-12-23_15-22-55-421334\model_weights.pth
It: 100, Loss: 2.293e+01, Loss_res: 2.157e+01,  Loss_bcs: 0.000e+00, Loss_ut_ics: 1.657e-03, Loss_norm: 3.324e-03, Loss_gauge: 0.000e+00, w_pde: 1.00e+00, L^2_error: 3.900e-02, lr: 1.000e-03, Time: 1.37e+02
Model state saved to C:\Users\mateo garcia\Documents\A master\Tesis\QPINNs-2025\results\2025-12-23_15-22-55-421334\model.pth
Model weights saved to C:\Users\mateo garcia\Documents\A master\Tesis\QPINNs-2025\results\2025-12-23_15-22-55-421334\model_weights.pth
It: 110, Loss: 2.257e+01, Loss_res: 2.167e+01,  Loss_bcs: 0.000e+00, Loss_ut_ics: 1.087e-03, Loss_norm: 2.119e-03, Loss_gauge: 0.000e+00, w_pde: 1.00e+00, L^2_error: 3.465e-02, lr: 1.000e-03, Time: 1.51e+02
Model state saved to C:\Users\mateo garcia\Documents\A master\Tesis\QPINNs-2025\results\2025-12-23_15-22-55-421334\model.pth
Model weights saved to C:\Users\mateo garcia\Documents\A master\Tesis\QPINNs-2025\results\2025-12-23_15-22-55-421334\model_weights.pth
It: 120, Loss: 2.119e+01, Loss_res: 2.011e+01,  Loss_bcs: 0.000e+00, Loss_ut_ics: 1.316e-03, Loss_norm: 3.284e-03, Loss_gauge: 0.000e+00, w_pde: 1.00e+00, L^2_error: 4.049e-02, lr: 1.000e-03, Time: 1.65e+02
Model state saved to C:\Users\mateo garcia\Documents\A master\Tesis\QPINNs-2025\results\2025-12-23_15-22-55-421334\model.pth
Model weights saved to C:\Users\mateo garcia\Documents\A master\Tesis\QPINNs-2025\results\2025-12-23_15-22-55-421334\model_weights.pth
It: 130, Loss: 2.197e+01, Loss_res: 2.115e+01,  Loss_bcs: 0.000e+00, Loss_ut_ics: 9.962e-04, Loss_norm: 1.921e-03, Loss_gauge: 0.000e+00, w_pde: 1.00e+00, L^2_error: 4.572e-02, lr: 1.000e-03, Time: 1.78e+02
Model state saved to C:\Users\mateo garcia\Documents\A master\Tesis\QPINNs-2025\results\2025-12-23_15-22-55-421334\model.pth
Model weights saved to C:\Users\mateo garcia\Documents\A master\Tesis\QPINNs-2025\results\2025-12-23_15-22-55-421334\model_weights.pth
It: 140, Loss: 2.108e+01, Loss_res: 1.974e+01,  Loss_bcs: 0.000e+00, Loss_ut_ics: 1.642e-03, Loss_norm: 3.629e-03, Loss_gauge: 0.000e+00, w_pde: 1.00e+00, L^2_error: 4.304e-02, lr: 1.000e-03, Time: 1.92e+02
Model state saved to C:\Users\mateo garcia\Documents\A master\Tesis\QPINNs-2025\results\2025-12-23_15-22-55-421334\model.pth
Model weights saved to C:\Users\mateo garcia\Documents\A master\Tesis\QPINNs-2025\results\2025-12-23_15-22-55-421334\model_weights.pth
It: 150, Loss: 2.086e+01, Loss_res: 1.962e+01,  Loss_bcs: 0.000e+00, Loss_ut_ics: 1.518e-03, Loss_norm: 3.475e-03, Loss_gauge: 0.000e+00, w_pde: 1.00e+00, L^2_error: 3.623e-02, lr: 1.000e-03, Time: 2.06e+02
Model state saved to C:\Users\mateo garcia\Documents\A master\Tesis\QPINNs-2025\results\2025-12-23_15-22-55-421334\model.pth
Model weights saved to C:\Users\mateo garcia\Documents\A master\Tesis\QPINNs-2025\results\2025-12-23_15-22-55-421334\model_weights.pth
It: 160, Loss: 2.145e+01, Loss_res: 2.076e+01,  Loss_bcs: 0.000e+00, Loss_ut_ics: 8.470e-04, Loss_norm: 1.681e-03, Loss_gauge: 0.000e+00, w_pde: 1.00e+00, L^2_error: 2.961e-02, lr: 1.000e-03, Time: 2.20e+02
Model state saved to C:\Users\mateo garcia\Documents\A master\Tesis\QPINNs-2025\results\2025-12-23_15-22-55-421334\model.pth
Model weights saved to C:\Users\mateo garcia\Documents\A master\Tesis\QPINNs-2025\results\2025-12-23_15-22-55-421334\model_weights.pth
It: 170, Loss: 2.258e+01, Loss_res: 2.170e+01,  Loss_bcs: 0.000e+00, Loss_ut_ics: 1.069e-03, Loss_norm: 2.459e-03, Loss_gauge: 0.000e+00, w_pde: 1.00e+00, L^2_error: 3.668e-02, lr: 1.000e-03, Time: 2.34e+02
Model state saved to C:\Users\mateo garcia\Documents\A master\Tesis\QPINNs-2025\results\2025-12-23_15-22-55-421334\model.pth
Model weights saved to C:\Users\mateo garcia\Documents\A master\Tesis\QPINNs-2025\results\2025-12-23_15-22-55-421334\model_weights.pth
It: 180, Loss: 2.131e+01, Loss_res: 2.061e+01,  Loss_bcs: 0.000e+00, Loss_ut_ics: 8.567e-04, Loss_norm: 1.516e-03, Loss_gauge: 0.000e+00, w_pde: 1.00e+00, L^2_error: 3.265e-02, lr: 1.000e-03, Time: 2.47e+02
Model state saved to C:\Users\mateo garcia\Documents\A master\Tesis\QPINNs-2025\results\2025-12-23_15-22-55-421334\model.pth
Model weights saved to C:\Users\mateo garcia\Documents\A master\Tesis\QPINNs-2025\results\2025-12-23_15-22-55-421334\model_weights.pth
It: 190, Loss: 1.961e+01, Loss_res: 1.865e+01,  Loss_bcs: 0.000e+00, Loss_ut_ics: 1.176e-03, Loss_norm: 2.562e-03, Loss_gauge: 0.000e+00, w_pde: 1.00e+00, L^2_error: 4.346e-02, lr: 1.000e-03, Time: 2.61e+02
Model state saved to C:\Users\mateo garcia\Documents\A master\Tesis\QPINNs-2025\results\2025-12-23_15-22-55-421334\model.pth
Model weights saved to C:\Users\mateo garcia\Documents\A master\Tesis\QPINNs-2025\results\2025-12-23_15-22-55-421334\model_weights.pth
It: 200, Loss: 1.929e+01, Loss_res: 1.804e+01,  Loss_bcs: 0.000e+00, Loss_ut_ics: 1.519e-03, Loss_norm: 3.489e-03, Loss_gauge: 0.000e+00, w_pde: 1.00e+00, L^2_error: 3.691e-02, lr: 1.000e-03, Time: 2.75e+02
Model state saved to C:\Users\mateo garcia\Documents\A master\Tesis\QPINNs-2025\results\2025-12-23_15-22-55-421334\model.pth
Model weights saved to C:\Users\mateo garcia\Documents\A master\Tesis\QPINNs-2025\results\2025-12-23_15-22-55-421334\model_weights.pth
It: 210, Loss: 2.081e+01, Loss_res: 1.972e+01,  Loss_bcs: 0.000e+00, Loss_ut_ics: 1.331e-03, Loss_norm: 3.240e-03, Loss_gauge: 0.000e+00, w_pde: 1.00e+00, L^2_error: 3.651e-02, lr: 1.000e-03, Time: 2.89e+02
Model state saved to C:\Users\mateo garcia\Documents\A master\Tesis\QPINNs-2025\results\2025-12-23_15-22-55-421334\model.pth
Model weights saved to C:\Users\mateo garcia\Documents\A master\Tesis\QPINNs-2025\results\2025-12-23_15-22-55-421334\model_weights.pth
It: 220, Loss: 1.924e+01, Loss_res: 1.800e+01,  Loss_bcs: 0.000e+00, Loss_ut_ics: 1.507e-03, Loss_norm: 3.432e-03, Loss_gauge: 0.000e+00, w_pde: 1.00e+00, L^2_error: 4.556e-02, lr: 1.000e-03, Time: 3.02e+02
Model state saved to C:\Users\mateo garcia\Documents\A master\Tesis\QPINNs-2025\results\2025-12-23_15-22-55-421334\model.pth
Model weights saved to C:\Users\mateo garcia\Documents\A master\Tesis\QPINNs-2025\results\2025-12-23_15-22-55-421334\model_weights.pth
It: 230, Loss: 1.911e+01, Loss_res: 1.725e+01,  Loss_bcs: 0.000e+00, Loss_ut_ics: 2.270e-03, Loss_norm: 4.200e-03, Loss_gauge: 0.000e+00, w_pde: 1.00e+00, L^2_error: 3.157e-02, lr: 1.000e-03, Time: 3.16e+02
Model state saved to C:\Users\mateo garcia\Documents\A master\Tesis\QPINNs-2025\results\2025-12-23_15-22-55-421334\model.pth
Model weights saved to C:\Users\mateo garcia\Documents\A master\Tesis\QPINNs-2025\results\2025-12-23_15-22-55-421334\model_weights.pth
It: 240, Loss: 1.952e+01, Loss_res: 1.854e+01,  Loss_bcs: 0.000e+00, Loss_ut_ics: 1.186e-03, Loss_norm: 2.990e-03, Loss_gauge: 0.000e+00, w_pde: 1.00e+00, L^2_error: 3.652e-02, lr: 1.000e-03, Time: 3.30e+02
Model state saved to C:\Users\mateo garcia\Documents\A master\Tesis\QPINNs-2025\results\2025-12-23_15-22-55-421334\model.pth
Model weights saved to C:\Users\mateo garcia\Documents\A master\Tesis\QPINNs-2025\results\2025-12-23_15-22-55-421334\model_weights.pth
It: 250, Loss: 1.979e+01, Loss_res: 1.852e+01,  Loss_bcs: 0.000e+00, Loss_ut_ics: 1.534e-03, Loss_norm: 3.807e-03, Loss_gauge: 0.000e+00, w_pde: 1.00e+00, L^2_error: 4.322e-02, lr: 1.000e-03, Time: 3.43e+02
Model state saved to C:\Users\mateo garcia\Documents\A master\Tesis\QPINNs-2025\results\2025-12-23_15-22-55-421334\model.pth
Model weights saved to C:\Users\mateo garcia\Documents\A master\Tesis\QPINNs-2025\results\2025-12-23_15-22-55-421334\model_weights.pth
It: 260, Loss: 1.932e+01, Loss_res: 1.786e+01,  Loss_bcs: 0.000e+00, Loss_ut_ics: 1.783e-03, Loss_norm: 3.444e-03, Loss_gauge: 0.000e+00, w_pde: 1.00e+00, L^2_error: 3.321e-02, lr: 1.000e-03, Time: 3.57e+02
Model state saved to C:\Users\mateo garcia\Documents\A master\Tesis\QPINNs-2025\results\2025-12-23_15-22-55-421334\model.pth
Model weights saved to C:\Users\mateo garcia\Documents\A master\Tesis\QPINNs-2025\results\2025-12-23_15-22-55-421334\model_weights.pth
It: 270, Loss: 1.971e+01, Loss_res: 1.878e+01,  Loss_bcs: 0.000e+00, Loss_ut_ics: 1.137e-03, Loss_norm: 2.444e-03, Loss_gauge: 0.000e+00, w_pde: 1.00e+00, L^2_error: 3.456e-02, lr: 1.000e-03, Time: 3.71e+02
Model state saved to C:\Users\mateo garcia\Documents\A master\Tesis\QPINNs-2025\results\2025-12-23_15-22-55-421334\model.pth
Model weights saved to C:\Users\mateo garcia\Documents\A master\Tesis\QPINNs-2025\results\2025-12-23_15-22-55-421334\model_weights.pth
It: 280, Loss: 2.178e+01, Loss_res: 2.030e+01,  Loss_bcs: 0.000e+00, Loss_ut_ics: 1.800e-03, Loss_norm: 3.716e-03, Loss_gauge: 0.000e+00, w_pde: 1.00e+00, L^2_error: 3.991e-02, lr: 1.000e-03, Time: 3.86e+02
Model state saved to C:\Users\mateo garcia\Documents\A master\Tesis\QPINNs-2025\results\2025-12-23_15-22-55-421334\model.pth
Model weights saved to C:\Users\mateo garcia\Documents\A master\Tesis\QPINNs-2025\results\2025-12-23_15-22-55-421334\model_weights.pth
It: 290, Loss: 1.884e+01, Loss_res: 1.779e+01,  Loss_bcs: 0.000e+00, Loss_ut_ics: 1.278e-03, Loss_norm: 2.737e-03, Loss_gauge: 0.000e+00, w_pde: 1.00e+00, L^2_error: 3.595e-02, lr: 1.000e-03, Time: 4.01e+02
Model state saved to C:\Users\mateo garcia\Documents\A master\Tesis\QPINNs-2025\results\2025-12-23_15-22-55-421334\model.pth
Model weights saved to C:\Users\mateo garcia\Documents\A master\Tesis\QPINNs-2025\results\2025-12-23_15-22-55-421334\model_weights.pth
It: 300, Loss: 2.006e+01, Loss_res: 1.901e+01,  Loss_bcs: 0.000e+00, Loss_ut_ics: 1.271e-03, Loss_norm: 2.912e-03, Loss_gauge: 0.000e+00, w_pde: 1.00e+00, L^2_error: 3.512e-02, lr: 1.000e-03, Time: 4.15e+02
Model state saved to C:\Users\mateo garcia\Documents\A master\Tesis\QPINNs-2025\results\2025-12-23_15-22-55-421334\model.pth
Model weights saved to C:\Users\mateo garcia\Documents\A master\Tesis\QPINNs-2025\results\2025-12-23_15-22-55-421334\model_weights.pth
