INFO:src.utils.logger:It: 1, Loss: 1.164e+03, Loss_res: 1.513e+02,  Loss_bcs: 2.353e+00, Loss_ut_ics: 2.094e+00, Loss_norm: 5.332e+02, Loss_gauge: 0.000e+00, w_pde: 3.33e-03, L^2_error: 4.854e+00, lr: 1.000e-03, Time: 5.67e-02
INFO:src.utils.logger:Model state saved to results\ho\Classical\20260224-200024_seed0_pinn_supermini\checkpoints\2026-02-24_20-00-25-480127_ho_Classical_seed0\model.pth
INFO:src.utils.logger:Model weights saved to results\ho\Classical\20260224-200024_seed0_pinn_supermini\checkpoints\2026-02-24_20-00-25-480127_ho_Classical_seed0\model_weights.pth
INFO:src.utils.logger:It: 10, Loss: 5.541e+02, Loss_res: 9.185e+01,  Loss_bcs: 1.391e+00, Loss_ut_ics: 1.242e+00, Loss_norm: 1.769e+02, Loss_gauge: 0.000e+00, w_pde: 3.33e-02, L^2_error: 3.709e+00, lr: 1.000e-03, Time: 5.89e-01
INFO:src.utils.logger:Model state saved to results\ho\Classical\20260224-200024_seed0_pinn_supermini\checkpoints\2026-02-24_20-00-25-480127_ho_Classical_seed0\model.pth
INFO:src.utils.logger:Model weights saved to results\ho\Classical\20260224-200024_seed0_pinn_supermini\checkpoints\2026-02-24_20-00-25-480127_ho_Classical_seed0\model_weights.pth
INFO:src.utils.logger:It: 20, Loss: 2.275e+02, Loss_res: 4.299e+01,  Loss_bcs: 6.803e-01, Loss_ut_ics: 6.202e-01, Loss_norm: 3.795e+01, Loss_gauge: 0.000e+00, w_pde: 6.67e-02, L^2_error: 2.592e+00, lr: 1.000e-03, Time: 9.67e-01
INFO:src.utils.logger:Model state saved to results\ho\Classical\20260224-200024_seed0_pinn_supermini\checkpoints\2026-02-24_20-00-25-480127_ho_Classical_seed0\model.pth
INFO:src.utils.logger:Model weights saved to results\ho\Classical\20260224-200024_seed0_pinn_supermini\checkpoints\2026-02-24_20-00-25-480127_ho_Classical_seed0\model_weights.pth
INFO:src.utils.logger:It: 30, Loss: 8.914e+01, Loss_res: 1.904e+01,  Loss_bcs: 2.793e-01, Loss_ut_ics: 2.740e-01, Loss_norm: 4.746e+00, Loss_gauge: 0.000e+00, w_pde: 1.00e-01, L^2_error: 1.699e+00, lr: 1.000e-03, Time: 1.32e+00
INFO:src.utils.logger:Model state saved to results\ho\Classical\20260224-200024_seed0_pinn_supermini\checkpoints\2026-02-24_20-00-25-480127_ho_Classical_seed0\model.pth
INFO:src.utils.logger:Model weights saved to results\ho\Classical\20260224-200024_seed0_pinn_supermini\checkpoints\2026-02-24_20-00-25-480127_ho_Classical_seed0\model_weights.pth
INFO:src.utils.logger:It: 40, Loss: 3.468e+01, Loss_res: 6.122e+00,  Loss_bcs: 9.364e-02, Loss_ut_ics: 1.122e-01, Loss_norm: 1.036e-01, Loss_gauge: 0.000e+00, w_pde: 1.33e-01, L^2_error: 1.070e+00, lr: 1.000e-03, Time: 1.69e+00
INFO:src.utils.logger:Model state saved to results\ho\Classical\20260224-200024_seed0_pinn_supermini\checkpoints\2026-02-24_20-00-25-480127_ho_Classical_seed0\model.pth
INFO:src.utils.logger:Model weights saved to results\ho\Classical\20260224-200024_seed0_pinn_supermini\checkpoints\2026-02-24_20-00-25-480127_ho_Classical_seed0\model_weights.pth
INFO:src.utils.logger:It: 50, Loss: 1.641e+01, Loss_res: 2.210e+00,  Loss_bcs: 2.978e-02, Loss_ut_ics: 5.292e-02, Loss_norm: 1.321e-01, Loss_gauge: 0.000e+00, w_pde: 1.67e-01, L^2_error: 7.278e-01, lr: 1.000e-03, Time: 2.04e+00
INFO:src.utils.logger:Model state saved to results\ho\Classical\20260224-200024_seed0_pinn_supermini\checkpoints\2026-02-24_20-00-25-480127_ho_Classical_seed0\model.pth
INFO:src.utils.logger:Model weights saved to results\ho\Classical\20260224-200024_seed0_pinn_supermini\checkpoints\2026-02-24_20-00-25-480127_ho_Classical_seed0\model_weights.pth
INFO:src.utils.logger:It: 60, Loss: 1.182e+01, Loss_res: 1.374e+00,  Loss_bcs: 1.643e-02, Loss_ut_ics: 3.746e-02, Loss_norm: 2.927e-01, Loss_gauge: 0.000e+00, w_pde: 2.00e-01, L^2_error: 6.153e-01, lr: 1.000e-03, Time: 2.40e+00
INFO:src.utils.logger:Model state saved to results\ho\Classical\20260224-200024_seed0_pinn_supermini\checkpoints\2026-02-24_20-00-25-480127_ho_Classical_seed0\model.pth
INFO:src.utils.logger:Model weights saved to results\ho\Classical\20260224-200024_seed0_pinn_supermini\checkpoints\2026-02-24_20-00-25-480127_ho_Classical_seed0\model_weights.pth
INFO:src.utils.logger:It: 70, Loss: 1.069e+01, Loss_res: 9.011e-01,  Loss_bcs: 1.508e-02, Loss_ut_ics: 3.381e-02, Loss_norm: 3.239e-01, Loss_gauge: 0.000e+00, w_pde: 2.33e-01, L^2_error: 5.866e-01, lr: 1.000e-03, Time: 2.78e+00
INFO:src.utils.logger:Model state saved to results\ho\Classical\20260224-200024_seed0_pinn_supermini\checkpoints\2026-02-24_20-00-25-480127_ho_Classical_seed0\model.pth
INFO:src.utils.logger:Model weights saved to results\ho\Classical\20260224-200024_seed0_pinn_supermini\checkpoints\2026-02-24_20-00-25-480127_ho_Classical_seed0\model_weights.pth
INFO:src.utils.logger:It: 80, Loss: 9.820e+00, Loss_res: 9.078e-01,  Loss_bcs: 1.369e-02, Loss_ut_ics: 3.083e-02, Loss_norm: 3.163e-01, Loss_gauge: 0.000e+00, w_pde: 2.67e-01, L^2_error: 5.593e-01, lr: 1.000e-03, Time: 3.12e+00
INFO:src.utils.logger:Model state saved to results\ho\Classical\20260224-200024_seed0_pinn_supermini\checkpoints\2026-02-24_20-00-25-480127_ho_Classical_seed0\model.pth
INFO:src.utils.logger:Model weights saved to results\ho\Classical\20260224-200024_seed0_pinn_supermini\checkpoints\2026-02-24_20-00-25-480127_ho_Classical_seed0\model_weights.pth
INFO:src.utils.logger:It: 90, Loss: 8.818e+00, Loss_res: 9.192e-01,  Loss_bcs: 1.127e-02, Loss_ut_ics: 2.744e-02, Loss_norm: 2.988e-01, Loss_gauge: 0.000e+00, w_pde: 3.00e-01, L^2_error: 5.266e-01, lr: 1.000e-03, Time: 3.49e+00
INFO:src.utils.logger:Model state saved to results\ho\Classical\20260224-200024_seed0_pinn_supermini\checkpoints\2026-02-24_20-00-25-480127_ho_Classical_seed0\model.pth
INFO:src.utils.logger:Model weights saved to results\ho\Classical\20260224-200024_seed0_pinn_supermini\checkpoints\2026-02-24_20-00-25-480127_ho_Classical_seed0\model_weights.pth
INFO:src.utils.logger:It: 100, Loss: 7.855e+00, Loss_res: 7.492e-01,  Loss_bcs: 8.890e-03, Loss_ut_ics: 2.439e-02, Loss_norm: 2.809e-01, Loss_gauge: 0.000e+00, w_pde: 3.33e-01, L^2_error: 4.959e-01, lr: 1.000e-03, Time: 3.86e+00
INFO:src.utils.logger:Model state saved to results\ho\Classical\20260224-200024_seed0_pinn_supermini\checkpoints\2026-02-24_20-00-25-480127_ho_Classical_seed0\model.pth
INFO:src.utils.logger:Model weights saved to results\ho\Classical\20260224-200024_seed0_pinn_supermini\checkpoints\2026-02-24_20-00-25-480127_ho_Classical_seed0\model_weights.pth
INFO:src.utils.logger:It: 110, Loss: 7.033e+00, Loss_res: 6.225e-01,  Loss_bcs: 7.141e-03, Loss_ut_ics: 2.179e-02, Loss_norm: 2.618e-01, Loss_gauge: 0.000e+00, w_pde: 3.67e-01, L^2_error: 4.683e-01, lr: 1.000e-03, Time: 4.24e+00
INFO:src.utils.logger:Model state saved to results\ho\Classical\20260224-200024_seed0_pinn_supermini\checkpoints\2026-02-24_20-00-25-480127_ho_Classical_seed0\model.pth
INFO:src.utils.logger:Model weights saved to results\ho\Classical\20260224-200024_seed0_pinn_supermini\checkpoints\2026-02-24_20-00-25-480127_ho_Classical_seed0\model_weights.pth
INFO:src.utils.logger:It: 120, Loss: 6.292e+00, Loss_res: 5.132e-01,  Loss_bcs: 5.766e-03, Loss_ut_ics: 1.946e-02, Loss_norm: 2.419e-01, Loss_gauge: 0.000e+00, w_pde: 4.00e-01, L^2_error: 4.425e-01, lr: 1.000e-03, Time: 4.65e+00
INFO:src.utils.logger:Model state saved to results\ho\Classical\20260224-200024_seed0_pinn_supermini\checkpoints\2026-02-24_20-00-25-480127_ho_Classical_seed0\model.pth
INFO:src.utils.logger:Model weights saved to results\ho\Classical\20260224-200024_seed0_pinn_supermini\checkpoints\2026-02-24_20-00-25-480127_ho_Classical_seed0\model_weights.pth
INFO:src.utils.logger:It: 130, Loss: 5.634e+00, Loss_res: 4.871e-01,  Loss_bcs: 4.779e-03, Loss_ut_ics: 1.732e-02, Loss_norm: 2.222e-01, Loss_gauge: 0.000e+00, w_pde: 4.33e-01, L^2_error: 4.173e-01, lr: 1.000e-03, Time: 5.05e+00
INFO:src.utils.logger:Model state saved to results\ho\Classical\20260224-200024_seed0_pinn_supermini\checkpoints\2026-02-24_20-00-25-480127_ho_Classical_seed0\model.pth
INFO:src.utils.logger:Model weights saved to results\ho\Classical\20260224-200024_seed0_pinn_supermini\checkpoints\2026-02-24_20-00-25-480127_ho_Classical_seed0\model_weights.pth
INFO:src.utils.logger:It: 140, Loss: 5.005e+00, Loss_res: 4.154e-01,  Loss_bcs: 3.865e-03, Loss_ut_ics: 1.535e-02, Loss_norm: 2.031e-01, Loss_gauge: 0.000e+00, w_pde: 4.67e-01, L^2_error: 3.930e-01, lr: 1.000e-03, Time: 5.41e+00
INFO:src.utils.logger:Model state saved to results\ho\Classical\20260224-200024_seed0_pinn_supermini\checkpoints\2026-02-24_20-00-25-480127_ho_Classical_seed0\model.pth
INFO:src.utils.logger:Model weights saved to results\ho\Classical\20260224-200024_seed0_pinn_supermini\checkpoints\2026-02-24_20-00-25-480127_ho_Classical_seed0\model_weights.pth
INFO:src.utils.logger:It: 150, Loss: 4.422e+00, Loss_res: 3.384e-01,  Loss_bcs: 3.143e-03, Loss_ut_ics: 1.355e-02, Loss_norm: 1.846e-01, Loss_gauge: 0.000e+00, w_pde: 5.00e-01, L^2_error: 3.699e-01, lr: 1.000e-03, Time: 5.77e+00
INFO:src.utils.logger:Model state saved to results\ho\Classical\20260224-200024_seed0_pinn_supermini\checkpoints\2026-02-24_20-00-25-480127_ho_Classical_seed0\model.pth
INFO:src.utils.logger:Model weights saved to results\ho\Classical\20260224-200024_seed0_pinn_supermini\checkpoints\2026-02-24_20-00-25-480127_ho_Classical_seed0\model_weights.pth
INFO:src.utils.logger:It: 160, Loss: 3.901e+00, Loss_res: 2.974e-01,  Loss_bcs: 2.520e-03, Loss_ut_ics: 1.192e-02, Loss_norm: 1.639e-01, Loss_gauge: 0.000e+00, w_pde: 5.33e-01, L^2_error: 3.481e-01, lr: 1.000e-03, Time: 6.13e+00
INFO:src.utils.logger:Model state saved to results\ho\Classical\20260224-200024_seed0_pinn_supermini\checkpoints\2026-02-24_20-00-25-480127_ho_Classical_seed0\model.pth
INFO:src.utils.logger:Model weights saved to results\ho\Classical\20260224-200024_seed0_pinn_supermini\checkpoints\2026-02-24_20-00-25-480127_ho_Classical_seed0\model_weights.pth
INFO:src.utils.logger:It: 170, Loss: 3.424e+00, Loss_res: 2.528e-01,  Loss_bcs: 1.937e-03, Loss_ut_ics: 1.045e-02, Loss_norm: 1.445e-01, Loss_gauge: 0.000e+00, w_pde: 5.67e-01, L^2_error: 3.278e-01, lr: 1.000e-03, Time: 6.48e+00
INFO:src.utils.logger:Model state saved to results\ho\Classical\20260224-200024_seed0_pinn_supermini\checkpoints\2026-02-24_20-00-25-480127_ho_Classical_seed0\model.pth
INFO:src.utils.logger:Model weights saved to results\ho\Classical\20260224-200024_seed0_pinn_supermini\checkpoints\2026-02-24_20-00-25-480127_ho_Classical_seed0\model_weights.pth
INFO:src.utils.logger:It: 180, Loss: 2.991e+00, Loss_res: 2.103e-01,  Loss_bcs: 1.508e-03, Loss_ut_ics: 9.127e-03, Loss_norm: 1.257e-01, Loss_gauge: 0.000e+00, w_pde: 6.00e-01, L^2_error: 3.088e-01, lr: 1.000e-03, Time: 6.82e+00
INFO:src.utils.logger:Model state saved to results\ho\Classical\20260224-200024_seed0_pinn_supermini\checkpoints\2026-02-24_20-00-25-480127_ho_Classical_seed0\model.pth
INFO:src.utils.logger:Model weights saved to results\ho\Classical\20260224-200024_seed0_pinn_supermini\checkpoints\2026-02-24_20-00-25-480127_ho_Classical_seed0\model_weights.pth
INFO:src.utils.logger:It: 190, Loss: 2.613e+00, Loss_res: 1.888e-01,  Loss_bcs: 1.121e-03, Loss_ut_ics: 7.948e-03, Loss_norm: 1.082e-01, Loss_gauge: 0.000e+00, w_pde: 6.33e-01, L^2_error: 2.915e-01, lr: 1.000e-03, Time: 7.17e+00
INFO:src.utils.logger:Model state saved to results\ho\Classical\20260224-200024_seed0_pinn_supermini\checkpoints\2026-02-24_20-00-25-480127_ho_Classical_seed0\model.pth
INFO:src.utils.logger:Model weights saved to results\ho\Classical\20260224-200024_seed0_pinn_supermini\checkpoints\2026-02-24_20-00-25-480127_ho_Classical_seed0\model_weights.pth
INFO:src.utils.logger:It: 200, Loss: 2.279e+00, Loss_res: 1.726e-01,  Loss_bcs: 8.485e-04, Loss_ut_ics: 6.905e-03, Loss_norm: 9.204e-02, Loss_gauge: 0.000e+00, w_pde: 6.67e-01, L^2_error: 2.756e-01, lr: 1.000e-03, Time: 7.54e+00
INFO:src.utils.logger:Model state saved to results\ho\Classical\20260224-200024_seed0_pinn_supermini\checkpoints\2026-02-24_20-00-25-480127_ho_Classical_seed0\model.pth
INFO:src.utils.logger:Model weights saved to results\ho\Classical\20260224-200024_seed0_pinn_supermini\checkpoints\2026-02-24_20-00-25-480127_ho_Classical_seed0\model_weights.pth
INFO:src.utils.logger:It: 210, Loss: 1.978e+00, Loss_res: 1.489e-01,  Loss_bcs: 6.386e-04, Loss_ut_ics: 5.987e-03, Loss_norm: 7.710e-02, Loss_gauge: 0.000e+00, w_pde: 7.00e-01, L^2_error: 2.621e-01, lr: 1.000e-03, Time: 7.89e+00
INFO:src.utils.logger:Model state saved to results\ho\Classical\20260224-200024_seed0_pinn_supermini\checkpoints\2026-02-24_20-00-25-480127_ho_Classical_seed0\model.pth
INFO:src.utils.logger:Model weights saved to results\ho\Classical\20260224-200024_seed0_pinn_supermini\checkpoints\2026-02-24_20-00-25-480127_ho_Classical_seed0\model_weights.pth
INFO:src.utils.logger:It: 220, Loss: 1.714e+00, Loss_res: 1.273e-01,  Loss_bcs: 4.665e-04, Loss_ut_ics: 5.188e-03, Loss_norm: 6.390e-02, Loss_gauge: 0.000e+00, w_pde: 7.33e-01, L^2_error: 2.501e-01, lr: 1.000e-03, Time: 8.26e+00
INFO:src.utils.logger:Model state saved to results\ho\Classical\20260224-200024_seed0_pinn_supermini\checkpoints\2026-02-24_20-00-25-480127_ho_Classical_seed0\model.pth
INFO:src.utils.logger:Model weights saved to results\ho\Classical\20260224-200024_seed0_pinn_supermini\checkpoints\2026-02-24_20-00-25-480127_ho_Classical_seed0\model_weights.pth
INFO:src.utils.logger:It: 230, Loss: 1.498e+00, Loss_res: 1.251e-01,  Loss_bcs: 3.779e-04, Loss_ut_ics: 4.498e-03, Loss_norm: 5.198e-02, Loss_gauge: 0.000e+00, w_pde: 7.67e-01, L^2_error: 2.399e-01, lr: 1.000e-03, Time: 8.61e+00
INFO:src.utils.logger:Model state saved to results\ho\Classical\20260224-200024_seed0_pinn_supermini\checkpoints\2026-02-24_20-00-25-480127_ho_Classical_seed0\model.pth
INFO:src.utils.logger:Model weights saved to results\ho\Classical\20260224-200024_seed0_pinn_supermini\checkpoints\2026-02-24_20-00-25-480127_ho_Classical_seed0\model_weights.pth
INFO:src.utils.logger:It: 240, Loss: 1.309e+00, Loss_res: 1.182e-01,  Loss_bcs: 3.248e-04, Loss_ut_ics: 3.908e-03, Loss_norm: 4.194e-02, Loss_gauge: 0.000e+00, w_pde: 8.00e-01, L^2_error: 2.317e-01, lr: 1.000e-03, Time: 8.98e+00
INFO:src.utils.logger:Model state saved to results\ho\Classical\20260224-200024_seed0_pinn_supermini\checkpoints\2026-02-24_20-00-25-480127_ho_Classical_seed0\model.pth
INFO:src.utils.logger:Model weights saved to results\ho\Classical\20260224-200024_seed0_pinn_supermini\checkpoints\2026-02-24_20-00-25-480127_ho_Classical_seed0\model_weights.pth
INFO:src.utils.logger:It: 250, Loss: 1.144e+00, Loss_res: 1.058e-01,  Loss_bcs: 3.047e-04, Loss_ut_ics: 3.407e-03, Loss_norm: 3.381e-02, Loss_gauge: 0.000e+00, w_pde: 8.33e-01, L^2_error: 2.248e-01, lr: 1.000e-03, Time: 9.32e+00
INFO:src.utils.logger:Model state saved to results\ho\Classical\20260224-200024_seed0_pinn_supermini\checkpoints\2026-02-24_20-00-25-480127_ho_Classical_seed0\model.pth
INFO:src.utils.logger:Model weights saved to results\ho\Classical\20260224-200024_seed0_pinn_supermini\checkpoints\2026-02-24_20-00-25-480127_ho_Classical_seed0\model_weights.pth
INFO:src.utils.logger:It: 260, Loss: 1.013e+00, Loss_res: 1.039e-01,  Loss_bcs: 2.829e-04, Loss_ut_ics: 2.987e-03, Loss_norm: 2.673e-02, Loss_gauge: 0.000e+00, w_pde: 8.67e-01, L^2_error: 2.195e-01, lr: 1.000e-03, Time: 9.67e+00
INFO:src.utils.logger:Model state saved to results\ho\Classical\20260224-200024_seed0_pinn_supermini\checkpoints\2026-02-24_20-00-25-480127_ho_Classical_seed0\model.pth
INFO:src.utils.logger:Model weights saved to results\ho\Classical\20260224-200024_seed0_pinn_supermini\checkpoints\2026-02-24_20-00-25-480127_ho_Classical_seed0\model_weights.pth
INFO:src.utils.logger:It: 270, Loss: 9.023e-01, Loss_res: 1.007e-01,  Loss_bcs: 2.975e-04, Loss_ut_ics: 2.634e-03, Loss_norm: 2.114e-02, Loss_gauge: 0.000e+00, w_pde: 9.00e-01, L^2_error: 2.158e-01, lr: 1.000e-03, Time: 1.00e+01
INFO:src.utils.logger:Model state saved to results\ho\Classical\20260224-200024_seed0_pinn_supermini\checkpoints\2026-02-24_20-00-25-480127_ho_Classical_seed0\model.pth
INFO:src.utils.logger:Model weights saved to results\ho\Classical\20260224-200024_seed0_pinn_supermini\checkpoints\2026-02-24_20-00-25-480127_ho_Classical_seed0\model_weights.pth
INFO:src.utils.logger:It: 280, Loss: 8.086e-01, Loss_res: 9.478e-02,  Loss_bcs: 3.569e-04, Loss_ut_ics: 2.343e-03, Loss_norm: 1.690e-02, Loss_gauge: 0.000e+00, w_pde: 9.33e-01, L^2_error: 2.126e-01, lr: 1.000e-03, Time: 1.04e+01
INFO:src.utils.logger:Model state saved to results\ho\Classical\20260224-200024_seed0_pinn_supermini\checkpoints\2026-02-24_20-00-25-480127_ho_Classical_seed0\model.pth
INFO:src.utils.logger:Model weights saved to results\ho\Classical\20260224-200024_seed0_pinn_supermini\checkpoints\2026-02-24_20-00-25-480127_ho_Classical_seed0\model_weights.pth
INFO:src.utils.logger:It: 290, Loss: 7.445e-01, Loss_res: 1.034e-01,  Loss_bcs: 4.234e-04, Loss_ut_ics: 2.102e-03, Loss_norm: 1.361e-02, Loss_gauge: 0.000e+00, w_pde: 9.67e-01, L^2_error: 2.106e-01, lr: 1.000e-03, Time: 1.08e+01
INFO:src.utils.logger:Model state saved to results\ho\Classical\20260224-200024_seed0_pinn_supermini\checkpoints\2026-02-24_20-00-25-480127_ho_Classical_seed0\model.pth
INFO:src.utils.logger:Model weights saved to results\ho\Classical\20260224-200024_seed0_pinn_supermini\checkpoints\2026-02-24_20-00-25-480127_ho_Classical_seed0\model_weights.pth
INFO:src.utils.logger:It: 300, Loss: 6.940e-01, Loss_res: 1.107e-01,  Loss_bcs: 4.521e-04, Loss_ut_ics: 1.906e-03, Loss_norm: 1.107e-02, Loss_gauge: 0.000e+00, w_pde: 1.00e+00, L^2_error: 2.086e-01, lr: 1.000e-03, Time: 1.11e+01
INFO:src.utils.logger:Model state saved to results\ho\Classical\20260224-200024_seed0_pinn_supermini\checkpoints\2026-02-24_20-00-25-480127_ho_Classical_seed0\model.pth
INFO:src.utils.logger:Model weights saved to results\ho\Classical\20260224-200024_seed0_pinn_supermini\checkpoints\2026-02-24_20-00-25-480127_ho_Classical_seed0\model_weights.pth
INFO:src.utils.logger:It: 310, Loss: 6.387e-01, Loss_res: 1.062e-01,  Loss_bcs: 5.070e-04, Loss_ut_ics: 1.742e-03, Loss_norm: 9.409e-03, Loss_gauge: 0.000e+00, w_pde: 1.00e+00, L^2_error: 2.075e-01, lr: 1.000e-03, Time: 1.14e+01
INFO:src.utils.logger:Model state saved to results\ho\Classical\20260224-200024_seed0_pinn_supermini\checkpoints\2026-02-24_20-00-25-480127_ho_Classical_seed0\model.pth
INFO:src.utils.logger:Model weights saved to results\ho\Classical\20260224-200024_seed0_pinn_supermini\checkpoints\2026-02-24_20-00-25-480127_ho_Classical_seed0\model_weights.pth
INFO:src.utils.logger:It: 320, Loss: 6.000e-01, Loss_res: 1.088e-01,  Loss_bcs: 5.840e-04, Loss_ut_ics: 1.608e-03, Loss_norm: 8.134e-03, Loss_gauge: 0.000e+00, w_pde: 1.00e+00, L^2_error: 2.069e-01, lr: 1.000e-03, Time: 1.18e+01
INFO:src.utils.logger:Model state saved to results\ho\Classical\20260224-200024_seed0_pinn_supermini\checkpoints\2026-02-24_20-00-25-480127_ho_Classical_seed0\model.pth
INFO:src.utils.logger:Model weights saved to results\ho\Classical\20260224-200024_seed0_pinn_supermini\checkpoints\2026-02-24_20-00-25-480127_ho_Classical_seed0\model_weights.pth
INFO:src.utils.logger:It: 330, Loss: 5.673e-01, Loss_res: 1.094e-01,  Loss_bcs: 6.179e-04, Loss_ut_ics: 1.500e-03, Loss_norm: 7.255e-03, Loss_gauge: 0.000e+00, w_pde: 1.00e+00, L^2_error: 2.055e-01, lr: 1.000e-03, Time: 1.21e+01
INFO:src.utils.logger:Model state saved to results\ho\Classical\20260224-200024_seed0_pinn_supermini\checkpoints\2026-02-24_20-00-25-480127_ho_Classical_seed0\model.pth
INFO:src.utils.logger:Model weights saved to results\ho\Classical\20260224-200024_seed0_pinn_supermini\checkpoints\2026-02-24_20-00-25-480127_ho_Classical_seed0\model_weights.pth
INFO:src.utils.logger:It: 340, Loss: 5.358e-01, Loss_res: 1.053e-01,  Loss_bcs: 6.345e-04, Loss_ut_ics: 1.411e-03, Loss_norm: 6.644e-03, Loss_gauge: 0.000e+00, w_pde: 1.00e+00, L^2_error: 2.052e-01, lr: 1.000e-03, Time: 1.25e+01
INFO:src.utils.logger:Model state saved to results\ho\Classical\20260224-200024_seed0_pinn_supermini\checkpoints\2026-02-24_20-00-25-480127_ho_Classical_seed0\model.pth
INFO:src.utils.logger:Model weights saved to results\ho\Classical\20260224-200024_seed0_pinn_supermini\checkpoints\2026-02-24_20-00-25-480127_ho_Classical_seed0\model_weights.pth
INFO:src.utils.logger:It: 350, Loss: 5.131e-01, Loss_res: 1.059e-01,  Loss_bcs: 7.057e-04, Loss_ut_ics: 1.334e-03, Loss_norm: 6.276e-03, Loss_gauge: 0.000e+00, w_pde: 1.00e+00, L^2_error: 2.039e-01, lr: 1.000e-03, Time: 1.29e+01
INFO:src.utils.logger:Model state saved to results\ho\Classical\20260224-200024_seed0_pinn_supermini\checkpoints\2026-02-24_20-00-25-480127_ho_Classical_seed0\model.pth
INFO:src.utils.logger:Model weights saved to results\ho\Classical\20260224-200024_seed0_pinn_supermini\checkpoints\2026-02-24_20-00-25-480127_ho_Classical_seed0\model_weights.pth
INFO:src.utils.logger:It: 360, Loss: 4.901e-01, Loss_res: 1.020e-01,  Loss_bcs: 7.198e-04, Loss_ut_ics: 1.271e-03, Loss_norm: 5.991e-03, Loss_gauge: 0.000e+00, w_pde: 1.00e+00, L^2_error: 2.032e-01, lr: 1.000e-03, Time: 1.33e+01
INFO:src.utils.logger:Model state saved to results\ho\Classical\20260224-200024_seed0_pinn_supermini\checkpoints\2026-02-24_20-00-25-480127_ho_Classical_seed0\model.pth
INFO:src.utils.logger:Model weights saved to results\ho\Classical\20260224-200024_seed0_pinn_supermini\checkpoints\2026-02-24_20-00-25-480127_ho_Classical_seed0\model_weights.pth
INFO:src.utils.logger:It: 370, Loss: 4.734e-01, Loss_res: 1.018e-01,  Loss_bcs: 7.568e-04, Loss_ut_ics: 1.217e-03, Loss_norm: 5.795e-03, Loss_gauge: 0.000e+00, w_pde: 1.00e+00, L^2_error: 2.022e-01, lr: 1.000e-03, Time: 1.37e+01
INFO:src.utils.logger:Model state saved to results\ho\Classical\20260224-200024_seed0_pinn_supermini\checkpoints\2026-02-24_20-00-25-480127_ho_Classical_seed0\model.pth
INFO:src.utils.logger:Model weights saved to results\ho\Classical\20260224-200024_seed0_pinn_supermini\checkpoints\2026-02-24_20-00-25-480127_ho_Classical_seed0\model_weights.pth
INFO:src.utils.logger:It: 380, Loss: 4.674e-01, Loss_res: 1.096e-01,  Loss_bcs: 7.822e-04, Loss_ut_ics: 1.171e-03, Loss_norm: 5.641e-03, Loss_gauge: 0.000e+00, w_pde: 1.00e+00, L^2_error: 2.012e-01, lr: 1.000e-03, Time: 1.41e+01
INFO:src.utils.logger:Model state saved to results\ho\Classical\20260224-200024_seed0_pinn_supermini\checkpoints\2026-02-24_20-00-25-480127_ho_Classical_seed0\model.pth
INFO:src.utils.logger:Model weights saved to results\ho\Classical\20260224-200024_seed0_pinn_supermini\checkpoints\2026-02-24_20-00-25-480127_ho_Classical_seed0\model_weights.pth
INFO:src.utils.logger:It: 390, Loss: 4.434e-01, Loss_res: 9.810e-02,  Loss_bcs: 8.000e-04, Loss_ut_ics: 1.130e-03, Loss_norm: 5.491e-03, Loss_gauge: 0.000e+00, w_pde: 1.00e+00, L^2_error: 2.001e-01, lr: 1.000e-03, Time: 1.45e+01
INFO:src.utils.logger:Model state saved to results\ho\Classical\20260224-200024_seed0_pinn_supermini\checkpoints\2026-02-24_20-00-25-480127_ho_Classical_seed0\model.pth
INFO:src.utils.logger:Model weights saved to results\ho\Classical\20260224-200024_seed0_pinn_supermini\checkpoints\2026-02-24_20-00-25-480127_ho_Classical_seed0\model_weights.pth
INFO:src.utils.logger:It: 400, Loss: 4.454e-01, Loss_res: 1.107e-01,  Loss_bcs: 8.096e-04, Loss_ut_ics: 1.095e-03, Loss_norm: 5.336e-03, Loss_gauge: 0.000e+00, w_pde: 1.00e+00, L^2_error: 1.986e-01, lr: 1.000e-03, Time: 1.50e+01
INFO:src.utils.logger:Model state saved to results\ho\Classical\20260224-200024_seed0_pinn_supermini\checkpoints\2026-02-24_20-00-25-480127_ho_Classical_seed0\model.pth
INFO:src.utils.logger:Model weights saved to results\ho\Classical\20260224-200024_seed0_pinn_supermini\checkpoints\2026-02-24_20-00-25-480127_ho_Classical_seed0\model_weights.pth
INFO:src.utils.logger:It: 410, Loss: 4.328e-01, Loss_res: 1.071e-01,  Loss_bcs: 8.116e-04, Loss_ut_ics: 1.065e-03, Loss_norm: 5.242e-03, Loss_gauge: 0.000e+00, w_pde: 1.00e+00, L^2_error: 1.978e-01, lr: 1.000e-03, Time: 1.54e+01
INFO:src.utils.logger:Model state saved to results\ho\Classical\20260224-200024_seed0_pinn_supermini\checkpoints\2026-02-24_20-00-25-480127_ho_Classical_seed0\model.pth
INFO:src.utils.logger:Model weights saved to results\ho\Classical\20260224-200024_seed0_pinn_supermini\checkpoints\2026-02-24_20-00-25-480127_ho_Classical_seed0\model_weights.pth
INFO:src.utils.logger:It: 420, Loss: 4.250e-01, Loss_res: 1.090e-01,  Loss_bcs: 8.289e-04, Loss_ut_ics: 1.034e-03, Loss_norm: 4.977e-03, Loss_gauge: 0.000e+00, w_pde: 1.00e+00, L^2_error: 1.961e-01, lr: 1.000e-03, Time: 1.61e+01
INFO:src.utils.logger:Model state saved to results\ho\Classical\20260224-200024_seed0_pinn_supermini\checkpoints\2026-02-24_20-00-25-480127_ho_Classical_seed0\model.pth
INFO:src.utils.logger:Model weights saved to results\ho\Classical\20260224-200024_seed0_pinn_supermini\checkpoints\2026-02-24_20-00-25-480127_ho_Classical_seed0\model_weights.pth
INFO:src.utils.logger:It: 430, Loss: 4.091e-01, Loss_res: 1.008e-01,  Loss_bcs: 8.153e-04, Loss_ut_ics: 1.009e-03, Loss_norm: 4.858e-03, Loss_gauge: 0.000e+00, w_pde: 1.00e+00, L^2_error: 1.950e-01, lr: 1.000e-03, Time: 1.65e+01
INFO:src.utils.logger:Model state saved to results\ho\Classical\20260224-200024_seed0_pinn_supermini\checkpoints\2026-02-24_20-00-25-480127_ho_Classical_seed0\model.pth
INFO:src.utils.logger:Model weights saved to results\ho\Classical\20260224-200024_seed0_pinn_supermini\checkpoints\2026-02-24_20-00-25-480127_ho_Classical_seed0\model_weights.pth
INFO:src.utils.logger:It: 440, Loss: 4.038e-01, Loss_res: 1.032e-01,  Loss_bcs: 8.338e-04, Loss_ut_ics: 9.836e-04, Loss_norm: 4.622e-03, Loss_gauge: 0.000e+00, w_pde: 1.00e+00, L^2_error: 1.937e-01, lr: 1.000e-03, Time: 1.69e+01
INFO:src.utils.logger:Model state saved to results\ho\Classical\20260224-200024_seed0_pinn_supermini\checkpoints\2026-02-24_20-00-25-480127_ho_Classical_seed0\model.pth
INFO:src.utils.logger:Model weights saved to results\ho\Classical\20260224-200024_seed0_pinn_supermini\checkpoints\2026-02-24_20-00-25-480127_ho_Classical_seed0\model_weights.pth
INFO:src.utils.logger:It: 450, Loss: 3.871e-01, Loss_res: 9.336e-02,  Loss_bcs: 8.122e-04, Loss_ut_ics: 9.617e-04, Loss_norm: 4.409e-03, Loss_gauge: 0.000e+00, w_pde: 1.00e+00, L^2_error: 1.922e-01, lr: 1.000e-03, Time: 1.72e+01
INFO:src.utils.logger:Model state saved to results\ho\Classical\20260224-200024_seed0_pinn_supermini\checkpoints\2026-02-24_20-00-25-480127_ho_Classical_seed0\model.pth
INFO:src.utils.logger:Model weights saved to results\ho\Classical\20260224-200024_seed0_pinn_supermini\checkpoints\2026-02-24_20-00-25-480127_ho_Classical_seed0\model_weights.pth
INFO:src.utils.logger:It: 460, Loss: 3.915e-01, Loss_res: 1.043e-01,  Loss_bcs: 8.006e-04, Loss_ut_ics: 9.407e-04, Loss_norm: 4.221e-03, Loss_gauge: 0.000e+00, w_pde: 1.00e+00, L^2_error: 1.907e-01, lr: 1.000e-03, Time: 1.76e+01
INFO:src.utils.logger:Model state saved to results\ho\Classical\20260224-200024_seed0_pinn_supermini\checkpoints\2026-02-24_20-00-25-480127_ho_Classical_seed0\model.pth
INFO:src.utils.logger:Model weights saved to results\ho\Classical\20260224-200024_seed0_pinn_supermini\checkpoints\2026-02-24_20-00-25-480127_ho_Classical_seed0\model_weights.pth
INFO:src.utils.logger:It: 470, Loss: 3.828e-01, Loss_res: 1.015e-01,  Loss_bcs: 7.844e-04, Loss_ut_ics: 9.216e-04, Loss_norm: 4.054e-03, Loss_gauge: 0.000e+00, w_pde: 1.00e+00, L^2_error: 1.896e-01, lr: 1.000e-03, Time: 1.81e+01
INFO:src.utils.logger:Model state saved to results\ho\Classical\20260224-200024_seed0_pinn_supermini\checkpoints\2026-02-24_20-00-25-480127_ho_Classical_seed0\model.pth
INFO:src.utils.logger:Model weights saved to results\ho\Classical\20260224-200024_seed0_pinn_supermini\checkpoints\2026-02-24_20-00-25-480127_ho_Classical_seed0\model_weights.pth
INFO:src.utils.logger:It: 480, Loss: 3.682e-01, Loss_res: 9.398e-02,  Loss_bcs: 8.284e-04, Loss_ut_ics: 8.987e-04, Loss_norm: 3.726e-03, Loss_gauge: 0.000e+00, w_pde: 1.00e+00, L^2_error: 1.882e-01, lr: 1.000e-03, Time: 1.85e+01
INFO:src.utils.logger:Model state saved to results\ho\Classical\20260224-200024_seed0_pinn_supermini\checkpoints\2026-02-24_20-00-25-480127_ho_Classical_seed0\model.pth
INFO:src.utils.logger:Model weights saved to results\ho\Classical\20260224-200024_seed0_pinn_supermini\checkpoints\2026-02-24_20-00-25-480127_ho_Classical_seed0\model_weights.pth
INFO:src.utils.logger:It: 490, Loss: 3.664e-01, Loss_res: 9.660e-02,  Loss_bcs: 7.770e-04, Loss_ut_ics: 8.845e-04, Loss_norm: 3.635e-03, Loss_gauge: 0.000e+00, w_pde: 1.00e+00, L^2_error: 1.868e-01, lr: 1.000e-03, Time: 1.89e+01
INFO:src.utils.logger:Model state saved to results\ho\Classical\20260224-200024_seed0_pinn_supermini\checkpoints\2026-02-24_20-00-25-480127_ho_Classical_seed0\model.pth
INFO:src.utils.logger:Model weights saved to results\ho\Classical\20260224-200024_seed0_pinn_supermini\checkpoints\2026-02-24_20-00-25-480127_ho_Classical_seed0\model_weights.pth
INFO:src.utils.logger:It: 500, Loss: 3.564e-01, Loss_res: 9.280e-02,  Loss_bcs: 7.757e-04, Loss_ut_ics: 8.647e-04, Loss_norm: 3.365e-03, Loss_gauge: 0.000e+00, w_pde: 1.00e+00, L^2_error: 1.854e-01, lr: 1.000e-03, Time: 1.95e+01
INFO:src.utils.logger:Model state saved to results\ho\Classical\20260224-200024_seed0_pinn_supermini\checkpoints\2026-02-24_20-00-25-480127_ho_Classical_seed0\model.pth
INFO:src.utils.logger:Model weights saved to results\ho\Classical\20260224-200024_seed0_pinn_supermini\checkpoints\2026-02-24_20-00-25-480127_ho_Classical_seed0\model_weights.pth
INFO:src.utils.logger:It: 510, Loss: 3.435e-01, Loss_res: 8.482e-02,  Loss_bcs: 7.519e-04, Loss_ut_ics: 8.491e-04, Loss_norm: 3.209e-03, Loss_gauge: 0.000e+00, w_pde: 1.00e+00, L^2_error: 1.844e-01, lr: 1.000e-03, Time: 1.99e+01
INFO:src.utils.logger:Model state saved to results\ho\Classical\20260224-200024_seed0_pinn_supermini\checkpoints\2026-02-24_20-00-25-480127_ho_Classical_seed0\model.pth
INFO:src.utils.logger:Model weights saved to results\ho\Classical\20260224-200024_seed0_pinn_supermini\checkpoints\2026-02-24_20-00-25-480127_ho_Classical_seed0\model_weights.pth
INFO:src.utils.logger:It: 520, Loss: 3.461e-01, Loss_res: 9.251e-02,  Loss_bcs: 7.596e-04, Loss_ut_ics: 8.326e-04, Loss_norm: 2.999e-03, Loss_gauge: 0.000e+00, w_pde: 1.00e+00, L^2_error: 1.831e-01, lr: 1.000e-03, Time: 2.03e+01
INFO:src.utils.logger:Model state saved to results\ho\Classical\20260224-200024_seed0_pinn_supermini\checkpoints\2026-02-24_20-00-25-480127_ho_Classical_seed0\model.pth
INFO:src.utils.logger:Model weights saved to results\ho\Classical\20260224-200024_seed0_pinn_supermini\checkpoints\2026-02-24_20-00-25-480127_ho_Classical_seed0\model_weights.pth
INFO:src.utils.logger:It: 530, Loss: 3.414e-01, Loss_res: 9.312e-02,  Loss_bcs: 7.324e-04, Loss_ut_ics: 8.159e-04, Loss_norm: 2.775e-03, Loss_gauge: 0.000e+00, w_pde: 1.00e+00, L^2_error: 1.817e-01, lr: 1.000e-03, Time: 2.07e+01
INFO:src.utils.logger:Model state saved to results\ho\Classical\20260224-200024_seed0_pinn_supermini\checkpoints\2026-02-24_20-00-25-480127_ho_Classical_seed0\model.pth
INFO:src.utils.logger:Model weights saved to results\ho\Classical\20260224-200024_seed0_pinn_supermini\checkpoints\2026-02-24_20-00-25-480127_ho_Classical_seed0\model_weights.pth
INFO:src.utils.logger:It: 540, Loss: 3.404e-01, Loss_res: 9.660e-02,  Loss_bcs: 7.372e-04, Loss_ut_ics: 8.016e-04, Loss_norm: 2.624e-03, Loss_gauge: 0.000e+00, w_pde: 1.00e+00, L^2_error: 1.804e-01, lr: 1.000e-03, Time: 2.11e+01
INFO:src.utils.logger:Model state saved to results\ho\Classical\20260224-200024_seed0_pinn_supermini\checkpoints\2026-02-24_20-00-25-480127_ho_Classical_seed0\model.pth
INFO:src.utils.logger:Model weights saved to results\ho\Classical\20260224-200024_seed0_pinn_supermini\checkpoints\2026-02-24_20-00-25-480127_ho_Classical_seed0\model_weights.pth
INFO:src.utils.logger:It: 550, Loss: 3.229e-01, Loss_res: 8.333e-02,  Loss_bcs: 7.076e-04, Loss_ut_ics: 7.881e-04, Loss_norm: 2.479e-03, Loss_gauge: 0.000e+00, w_pde: 1.00e+00, L^2_error: 1.793e-01, lr: 1.000e-03, Time: 2.15e+01
INFO:src.utils.logger:Model state saved to results\ho\Classical\20260224-200024_seed0_pinn_supermini\checkpoints\2026-02-24_20-00-25-480127_ho_Classical_seed0\model.pth
INFO:src.utils.logger:Model weights saved to results\ho\Classical\20260224-200024_seed0_pinn_supermini\checkpoints\2026-02-24_20-00-25-480127_ho_Classical_seed0\model_weights.pth
INFO:src.utils.logger:It: 560, Loss: 3.280e-01, Loss_res: 9.317e-02,  Loss_bcs: 6.949e-04, Loss_ut_ics: 7.728e-04, Loss_norm: 2.293e-03, Loss_gauge: 0.000e+00, w_pde: 1.00e+00, L^2_error: 1.781e-01, lr: 1.000e-03, Time: 2.19e+01
INFO:src.utils.logger:Model state saved to results\ho\Classical\20260224-200024_seed0_pinn_supermini\checkpoints\2026-02-24_20-00-25-480127_ho_Classical_seed0\model.pth
INFO:src.utils.logger:Model weights saved to results\ho\Classical\20260224-200024_seed0_pinn_supermini\checkpoints\2026-02-24_20-00-25-480127_ho_Classical_seed0\model_weights.pth
INFO:src.utils.logger:It: 570, Loss: 3.222e-01, Loss_res: 9.134e-02,  Loss_bcs: 6.788e-04, Loss_ut_ics: 7.599e-04, Loss_norm: 2.162e-03, Loss_gauge: 0.000e+00, w_pde: 1.00e+00, L^2_error: 1.769e-01, lr: 1.000e-03, Time: 2.22e+01
INFO:src.utils.logger:Model state saved to results\ho\Classical\20260224-200024_seed0_pinn_supermini\checkpoints\2026-02-24_20-00-25-480127_ho_Classical_seed0\model.pth
INFO:src.utils.logger:Model weights saved to results\ho\Classical\20260224-200024_seed0_pinn_supermini\checkpoints\2026-02-24_20-00-25-480127_ho_Classical_seed0\model_weights.pth
INFO:src.utils.logger:It: 580, Loss: 3.103e-01, Loss_res: 8.391e-02,  Loss_bcs: 6.604e-04, Loss_ut_ics: 7.456e-04, Loss_norm: 2.000e-03, Loss_gauge: 0.000e+00, w_pde: 1.00e+00, L^2_error: 1.758e-01, lr: 1.000e-03, Time: 2.26e+01
INFO:src.utils.logger:Model state saved to results\ho\Classical\20260224-200024_seed0_pinn_supermini\checkpoints\2026-02-24_20-00-25-480127_ho_Classical_seed0\model.pth
INFO:src.utils.logger:Model weights saved to results\ho\Classical\20260224-200024_seed0_pinn_supermini\checkpoints\2026-02-24_20-00-25-480127_ho_Classical_seed0\model_weights.pth
INFO:src.utils.logger:It: 590, Loss: 3.095e-01, Loss_res: 8.688e-02,  Loss_bcs: 6.426e-04, Loss_ut_ics: 7.335e-04, Loss_norm: 1.887e-03, Loss_gauge: 0.000e+00, w_pde: 1.00e+00, L^2_error: 1.749e-01, lr: 1.000e-03, Time: 2.29e+01
INFO:src.utils.logger:Model state saved to results\ho\Classical\20260224-200024_seed0_pinn_supermini\checkpoints\2026-02-24_20-00-25-480127_ho_Classical_seed0\model.pth
INFO:src.utils.logger:Model weights saved to results\ho\Classical\20260224-200024_seed0_pinn_supermini\checkpoints\2026-02-24_20-00-25-480127_ho_Classical_seed0\model_weights.pth
INFO:src.utils.logger:It: 600, Loss: 3.167e-01, Loss_res: 9.852e-02,  Loss_bcs: 6.549e-04, Loss_ut_ics: 7.194e-04, Loss_norm: 1.713e-03, Loss_gauge: 0.000e+00, w_pde: 1.00e+00, L^2_error: 1.734e-01, lr: 1.000e-03, Time: 2.33e+01
INFO:src.utils.logger:Model state saved to results\ho\Classical\20260224-200024_seed0_pinn_supermini\checkpoints\2026-02-24_20-00-25-480127_ho_Classical_seed0\model.pth
INFO:src.utils.logger:Model weights saved to results\ho\Classical\20260224-200024_seed0_pinn_supermini\checkpoints\2026-02-24_20-00-25-480127_ho_Classical_seed0\model_weights.pth
INFO:src.utils.logger:It: 610, Loss: 2.960e-01, Loss_res: 8.128e-02,  Loss_bcs: 6.179e-04, Loss_ut_ics: 7.083e-04, Loss_norm: 1.632e-03, Loss_gauge: 0.000e+00, w_pde: 1.00e+00, L^2_error: 1.727e-01, lr: 1.000e-03, Time: 2.37e+01
INFO:src.utils.logger:Model state saved to results\ho\Classical\20260224-200024_seed0_pinn_supermini\checkpoints\2026-02-24_20-00-25-480127_ho_Classical_seed0\model.pth
INFO:src.utils.logger:Model weights saved to results\ho\Classical\20260224-200024_seed0_pinn_supermini\checkpoints\2026-02-24_20-00-25-480127_ho_Classical_seed0\model_weights.pth
INFO:src.utils.logger:It: 620, Loss: 2.888e-01, Loss_res: 7.780e-02,  Loss_bcs: 5.997e-04, Loss_ut_ics: 6.964e-04, Loss_norm: 1.515e-03, Loss_gauge: 0.000e+00, w_pde: 1.00e+00, L^2_error: 1.716e-01, lr: 1.000e-03, Time: 2.40e+01
INFO:src.utils.logger:Model state saved to results\ho\Classical\20260224-200024_seed0_pinn_supermini\checkpoints\2026-02-24_20-00-25-480127_ho_Classical_seed0\model.pth
INFO:src.utils.logger:Model weights saved to results\ho\Classical\20260224-200024_seed0_pinn_supermini\checkpoints\2026-02-24_20-00-25-480127_ho_Classical_seed0\model_weights.pth
INFO:src.utils.logger:It: 630, Loss: 2.818e-01, Loss_res: 7.463e-02,  Loss_bcs: 6.120e-04, Loss_ut_ics: 6.840e-04, Loss_norm: 1.393e-03, Loss_gauge: 0.000e+00, w_pde: 1.00e+00, L^2_error: 1.704e-01, lr: 1.000e-03, Time: 2.44e+01
INFO:src.utils.logger:Model state saved to results\ho\Classical\20260224-200024_seed0_pinn_supermini\checkpoints\2026-02-24_20-00-25-480127_ho_Classical_seed0\model.pth
INFO:src.utils.logger:Model weights saved to results\ho\Classical\20260224-200024_seed0_pinn_supermini\checkpoints\2026-02-24_20-00-25-480127_ho_Classical_seed0\model_weights.pth
INFO:src.utils.logger:It: 640, Loss: 2.897e-01, Loss_res: 8.571e-02,  Loss_bcs: 5.923e-04, Loss_ut_ics: 6.737e-04, Loss_norm: 1.321e-03, Loss_gauge: 0.000e+00, w_pde: 1.00e+00, L^2_error: 1.695e-01, lr: 1.000e-03, Time: 2.47e+01
INFO:src.utils.logger:Model state saved to results\ho\Classical\20260224-200024_seed0_pinn_supermini\checkpoints\2026-02-24_20-00-25-480127_ho_Classical_seed0\model.pth
INFO:src.utils.logger:Model weights saved to results\ho\Classical\20260224-200024_seed0_pinn_supermini\checkpoints\2026-02-24_20-00-25-480127_ho_Classical_seed0\model_weights.pth
INFO:src.utils.logger:It: 650, Loss: 2.827e-01, Loss_res: 8.272e-02,  Loss_bcs: 5.900e-04, Loss_ut_ics: 6.607e-04, Loss_norm: 1.197e-03, Loss_gauge: 0.000e+00, w_pde: 1.00e+00, L^2_error: 1.687e-01, lr: 1.000e-03, Time: 2.51e+01
INFO:src.utils.logger:Model state saved to results\ho\Classical\20260224-200024_seed0_pinn_supermini\checkpoints\2026-02-24_20-00-25-480127_ho_Classical_seed0\model.pth
INFO:src.utils.logger:Model weights saved to results\ho\Classical\20260224-200024_seed0_pinn_supermini\checkpoints\2026-02-24_20-00-25-480127_ho_Classical_seed0\model_weights.pth
INFO:src.utils.logger:It: 660, Loss: 2.819e-01, Loss_res: 8.469e-02,  Loss_bcs: 5.695e-04, Loss_ut_ics: 6.515e-04, Loss_norm: 1.141e-03, Loss_gauge: 0.000e+00, w_pde: 1.00e+00, L^2_error: 1.682e-01, lr: 1.000e-03, Time: 2.55e+01
INFO:src.utils.logger:Model state saved to results\ho\Classical\20260224-200024_seed0_pinn_supermini\checkpoints\2026-02-24_20-00-25-480127_ho_Classical_seed0\model.pth
INFO:src.utils.logger:Model weights saved to results\ho\Classical\20260224-200024_seed0_pinn_supermini\checkpoints\2026-02-24_20-00-25-480127_ho_Classical_seed0\model_weights.pth
INFO:src.utils.logger:It: 670, Loss: 2.732e-01, Loss_res: 7.975e-02,  Loss_bcs: 5.702e-04, Loss_ut_ics: 6.396e-04, Loss_norm: 1.026e-03, Loss_gauge: 0.000e+00, w_pde: 1.00e+00, L^2_error: 1.669e-01, lr: 1.000e-03, Time: 2.61e+01
INFO:src.utils.logger:Model state saved to results\ho\Classical\20260224-200024_seed0_pinn_supermini\checkpoints\2026-02-24_20-00-25-480127_ho_Classical_seed0\model.pth
INFO:src.utils.logger:Model weights saved to results\ho\Classical\20260224-200024_seed0_pinn_supermini\checkpoints\2026-02-24_20-00-25-480127_ho_Classical_seed0\model_weights.pth
INFO:src.utils.logger:It: 680, Loss: 2.666e-01, Loss_res: 7.536e-02,  Loss_bcs: 5.301e-04, Loss_ut_ics: 6.325e-04, Loss_norm: 9.920e-04, Loss_gauge: 0.000e+00, w_pde: 1.00e+00, L^2_error: 1.660e-01, lr: 1.000e-03, Time: 2.65e+01
INFO:src.utils.logger:Model state saved to results\ho\Classical\20260224-200024_seed0_pinn_supermini\checkpoints\2026-02-24_20-00-25-480127_ho_Classical_seed0\model.pth
INFO:src.utils.logger:Model weights saved to results\ho\Classical\20260224-200024_seed0_pinn_supermini\checkpoints\2026-02-24_20-00-25-480127_ho_Classical_seed0\model_weights.pth
INFO:src.utils.logger:It: 690, Loss: 2.587e-01, Loss_res: 7.137e-02,  Loss_bcs: 5.588e-04, Loss_ut_ics: 6.198e-04, Loss_norm: 8.827e-04, Loss_gauge: 0.000e+00, w_pde: 1.00e+00, L^2_error: 1.649e-01, lr: 1.000e-03, Time: 2.69e+01
INFO:src.utils.logger:Model state saved to results\ho\Classical\20260224-200024_seed0_pinn_supermini\checkpoints\2026-02-24_20-00-25-480127_ho_Classical_seed0\model.pth
INFO:src.utils.logger:Model weights saved to results\ho\Classical\20260224-200024_seed0_pinn_supermini\checkpoints\2026-02-24_20-00-25-480127_ho_Classical_seed0\model_weights.pth
INFO:src.utils.logger:It: 700, Loss: 2.548e-01, Loss_res: 7.029e-02,  Loss_bcs: 5.471e-04, Loss_ut_ics: 6.106e-04, Loss_norm: 8.371e-04, Loss_gauge: 0.000e+00, w_pde: 1.00e+00, L^2_error: 1.643e-01, lr: 1.000e-03, Time: 2.73e+01
INFO:src.utils.logger:Model state saved to results\ho\Classical\20260224-200024_seed0_pinn_supermini\checkpoints\2026-02-24_20-00-25-480127_ho_Classical_seed0\model.pth
INFO:src.utils.logger:Model weights saved to results\ho\Classical\20260224-200024_seed0_pinn_supermini\checkpoints\2026-02-24_20-00-25-480127_ho_Classical_seed0\model_weights.pth
INFO:src.utils.logger:It: 710, Loss: 2.526e-01, Loss_res: 7.070e-02,  Loss_bcs: 5.261e-04, Loss_ut_ics: 6.019e-04, Loss_norm: 7.830e-04, Loss_gauge: 0.000e+00, w_pde: 1.00e+00, L^2_error: 1.634e-01, lr: 1.000e-03, Time: 2.77e+01
INFO:src.utils.logger:Model state saved to results\ho\Classical\20260224-200024_seed0_pinn_supermini\checkpoints\2026-02-24_20-00-25-480127_ho_Classical_seed0\model.pth
INFO:src.utils.logger:Model weights saved to results\ho\Classical\20260224-200024_seed0_pinn_supermini\checkpoints\2026-02-24_20-00-25-480127_ho_Classical_seed0\model_weights.pth
INFO:src.utils.logger:It: 720, Loss: 2.504e-01, Loss_res: 7.132e-02,  Loss_bcs: 5.069e-04, Loss_ut_ics: 5.930e-04, Loss_norm: 7.293e-04, Loss_gauge: 0.000e+00, w_pde: 1.00e+00, L^2_error: 1.627e-01, lr: 1.000e-03, Time: 2.81e+01
INFO:src.utils.logger:Model state saved to results\ho\Classical\20260224-200024_seed0_pinn_supermini\checkpoints\2026-02-24_20-00-25-480127_ho_Classical_seed0\model.pth
INFO:src.utils.logger:Model weights saved to results\ho\Classical\20260224-200024_seed0_pinn_supermini\checkpoints\2026-02-24_20-00-25-480127_ho_Classical_seed0\model_weights.pth
INFO:src.utils.logger:It: 730, Loss: 2.494e-01, Loss_res: 7.280e-02,  Loss_bcs: 4.833e-04, Loss_ut_ics: 5.848e-04, Loss_norm: 6.802e-04, Loss_gauge: 0.000e+00, w_pde: 1.00e+00, L^2_error: 1.618e-01, lr: 1.000e-03, Time: 2.86e+01
INFO:src.utils.logger:Model state saved to results\ho\Classical\20260224-200024_seed0_pinn_supermini\checkpoints\2026-02-24_20-00-25-480127_ho_Classical_seed0\model.pth
INFO:src.utils.logger:Model weights saved to results\ho\Classical\20260224-200024_seed0_pinn_supermini\checkpoints\2026-02-24_20-00-25-480127_ho_Classical_seed0\model_weights.pth
INFO:src.utils.logger:It: 740, Loss: 2.375e-01, Loss_res: 6.399e-02,  Loss_bcs: 4.873e-04, Loss_ut_ics: 5.748e-04, Loss_norm: 6.092e-04, Loss_gauge: 0.000e+00, w_pde: 1.00e+00, L^2_error: 1.608e-01, lr: 1.000e-03, Time: 2.90e+01
INFO:src.utils.logger:Model state saved to results\ho\Classical\20260224-200024_seed0_pinn_supermini\checkpoints\2026-02-24_20-00-25-480127_ho_Classical_seed0\model.pth
INFO:src.utils.logger:Model weights saved to results\ho\Classical\20260224-200024_seed0_pinn_supermini\checkpoints\2026-02-24_20-00-25-480127_ho_Classical_seed0\model_weights.pth
INFO:src.utils.logger:It: 750, Loss: 2.395e-01, Loss_res: 6.776e-02,  Loss_bcs: 4.696e-04, Loss_ut_ics: 5.688e-04, Loss_norm: 5.946e-04, Loss_gauge: 0.000e+00, w_pde: 1.00e+00, L^2_error: 1.602e-01, lr: 1.000e-03, Time: 2.94e+01
INFO:src.utils.logger:Model state saved to results\ho\Classical\20260224-200024_seed0_pinn_supermini\checkpoints\2026-02-24_20-00-25-480127_ho_Classical_seed0\model.pth
INFO:src.utils.logger:Model weights saved to results\ho\Classical\20260224-200024_seed0_pinn_supermini\checkpoints\2026-02-24_20-00-25-480127_ho_Classical_seed0\model_weights.pth
INFO:src.utils.logger:It: 760, Loss: 2.411e-01, Loss_res: 7.252e-02,  Loss_bcs: 4.705e-04, Loss_ut_ics: 5.586e-04, Loss_norm: 5.293e-04, Loss_gauge: 0.000e+00, w_pde: 1.00e+00, L^2_error: 1.593e-01, lr: 1.000e-03, Time: 2.98e+01
INFO:src.utils.logger:Model state saved to results\ho\Classical\20260224-200024_seed0_pinn_supermini\checkpoints\2026-02-24_20-00-25-480127_ho_Classical_seed0\model.pth
INFO:src.utils.logger:Model weights saved to results\ho\Classical\20260224-200024_seed0_pinn_supermini\checkpoints\2026-02-24_20-00-25-480127_ho_Classical_seed0\model_weights.pth
INFO:src.utils.logger:It: 770, Loss: 2.300e-01, Loss_res: 6.352e-02,  Loss_bcs: 4.523e-04, Loss_ut_ics: 5.517e-04, Loss_norm: 4.993e-04, Loss_gauge: 0.000e+00, w_pde: 1.00e+00, L^2_error: 1.584e-01, lr: 1.000e-03, Time: 3.02e+01
INFO:src.utils.logger:Model state saved to results\ho\Classical\20260224-200024_seed0_pinn_supermini\checkpoints\2026-02-24_20-00-25-480127_ho_Classical_seed0\model.pth
INFO:src.utils.logger:Model weights saved to results\ho\Classical\20260224-200024_seed0_pinn_supermini\checkpoints\2026-02-24_20-00-25-480127_ho_Classical_seed0\model_weights.pth
INFO:src.utils.logger:It: 780, Loss: 2.288e-01, Loss_res: 6.467e-02,  Loss_bcs: 4.432e-04, Loss_ut_ics: 5.441e-04, Loss_norm: 4.651e-04, Loss_gauge: 0.000e+00, w_pde: 1.00e+00, L^2_error: 1.577e-01, lr: 1.000e-03, Time: 3.06e+01
INFO:src.utils.logger:Model state saved to results\ho\Classical\20260224-200024_seed0_pinn_supermini\checkpoints\2026-02-24_20-00-25-480127_ho_Classical_seed0\model.pth
INFO:src.utils.logger:Model weights saved to results\ho\Classical\20260224-200024_seed0_pinn_supermini\checkpoints\2026-02-24_20-00-25-480127_ho_Classical_seed0\model_weights.pth
INFO:src.utils.logger:It: 790, Loss: 2.271e-01, Loss_res: 6.556e-02,  Loss_bcs: 4.440e-04, Loss_ut_ics: 5.356e-04, Loss_norm: 4.250e-04, Loss_gauge: 0.000e+00, w_pde: 1.00e+00, L^2_error: 1.571e-01, lr: 1.000e-03, Time: 3.09e+01
INFO:src.utils.logger:Model state saved to results\ho\Classical\20260224-200024_seed0_pinn_supermini\checkpoints\2026-02-24_20-00-25-480127_ho_Classical_seed0\model.pth
INFO:src.utils.logger:Model weights saved to results\ho\Classical\20260224-200024_seed0_pinn_supermini\checkpoints\2026-02-24_20-00-25-480127_ho_Classical_seed0\model_weights.pth
INFO:src.utils.logger:It: 800, Loss: 2.256e-01, Loss_res: 6.573e-02,  Loss_bcs: 4.272e-04, Loss_ut_ics: 5.300e-04, Loss_norm: 4.064e-04, Loss_gauge: 0.000e+00, w_pde: 1.00e+00, L^2_error: 1.564e-01, lr: 1.000e-03, Time: 3.13e+01
INFO:src.utils.logger:Model state saved to results\ho\Classical\20260224-200024_seed0_pinn_supermini\checkpoints\2026-02-24_20-00-25-480127_ho_Classical_seed0\model.pth
INFO:src.utils.logger:Model weights saved to results\ho\Classical\20260224-200024_seed0_pinn_supermini\checkpoints\2026-02-24_20-00-25-480127_ho_Classical_seed0\model_weights.pth
INFO:src.utils.logger:It: 810, Loss: 2.166e-01, Loss_res: 5.925e-02,  Loss_bcs: 4.215e-04, Loss_ut_ics: 5.219e-04, Loss_norm: 3.684e-04, Loss_gauge: 0.000e+00, w_pde: 1.00e+00, L^2_error: 1.558e-01, lr: 1.000e-03, Time: 3.17e+01
INFO:src.utils.logger:Model state saved to results\ho\Classical\20260224-200024_seed0_pinn_supermini\checkpoints\2026-02-24_20-00-25-480127_ho_Classical_seed0\model.pth
INFO:src.utils.logger:Model weights saved to results\ho\Classical\20260224-200024_seed0_pinn_supermini\checkpoints\2026-02-24_20-00-25-480127_ho_Classical_seed0\model_weights.pth
INFO:src.utils.logger:It: 820, Loss: 2.220e-01, Loss_res: 6.658e-02,  Loss_bcs: 4.083e-04, Loss_ut_ics: 5.157e-04, Loss_norm: 3.487e-04, Loss_gauge: 0.000e+00, w_pde: 1.00e+00, L^2_error: 1.551e-01, lr: 1.000e-03, Time: 3.20e+01
INFO:src.utils.logger:Model state saved to results\ho\Classical\20260224-200024_seed0_pinn_supermini\checkpoints\2026-02-24_20-00-25-480127_ho_Classical_seed0\model.pth
INFO:src.utils.logger:Model weights saved to results\ho\Classical\20260224-200024_seed0_pinn_supermini\checkpoints\2026-02-24_20-00-25-480127_ho_Classical_seed0\model_weights.pth
INFO:src.utils.logger:It: 830, Loss: 2.164e-01, Loss_res: 6.311e-02,  Loss_bcs: 4.071e-04, Loss_ut_ics: 5.086e-04, Loss_norm: 3.199e-04, Loss_gauge: 0.000e+00, w_pde: 1.00e+00, L^2_error: 1.543e-01, lr: 1.000e-03, Time: 3.24e+01
INFO:src.utils.logger:Model state saved to results\ho\Classical\20260224-200024_seed0_pinn_supermini\checkpoints\2026-02-24_20-00-25-480127_ho_Classical_seed0\model.pth
INFO:src.utils.logger:Model weights saved to results\ho\Classical\20260224-200024_seed0_pinn_supermini\checkpoints\2026-02-24_20-00-25-480127_ho_Classical_seed0\model_weights.pth
INFO:src.utils.logger:It: 840, Loss: 2.192e-01, Loss_res: 6.833e-02,  Loss_bcs: 4.080e-04, Loss_ut_ics: 5.006e-04, Loss_norm: 2.930e-04, Loss_gauge: 0.000e+00, w_pde: 1.00e+00, L^2_error: 1.535e-01, lr: 1.000e-03, Time: 3.27e+01
INFO:src.utils.logger:Model state saved to results\ho\Classical\20260224-200024_seed0_pinn_supermini\checkpoints\2026-02-24_20-00-25-480127_ho_Classical_seed0\model.pth
INFO:src.utils.logger:Model weights saved to results\ho\Classical\20260224-200024_seed0_pinn_supermini\checkpoints\2026-02-24_20-00-25-480127_ho_Classical_seed0\model_weights.pth
INFO:src.utils.logger:It: 850, Loss: 2.132e-01, Loss_res: 6.391e-02,  Loss_bcs: 3.862e-04, Loss_ut_ics: 4.955e-04, Loss_norm: 2.817e-04, Loss_gauge: 0.000e+00, w_pde: 1.00e+00, L^2_error: 1.530e-01, lr: 1.000e-03, Time: 3.31e+01
INFO:src.utils.logger:Model state saved to results\ho\Classical\20260224-200024_seed0_pinn_supermini\checkpoints\2026-02-24_20-00-25-480127_ho_Classical_seed0\model.pth
INFO:src.utils.logger:Model weights saved to results\ho\Classical\20260224-200024_seed0_pinn_supermini\checkpoints\2026-02-24_20-00-25-480127_ho_Classical_seed0\model_weights.pth
INFO:src.utils.logger:It: 860, Loss: 2.100e-01, Loss_res: 6.269e-02,  Loss_bcs: 3.861e-04, Loss_ut_ics: 4.888e-04, Loss_norm: 2.598e-04, Loss_gauge: 0.000e+00, w_pde: 1.00e+00, L^2_error: 1.521e-01, lr: 1.000e-03, Time: 3.35e+01
INFO:src.utils.logger:Model state saved to results\ho\Classical\20260224-200024_seed0_pinn_supermini\checkpoints\2026-02-24_20-00-25-480127_ho_Classical_seed0\model.pth
INFO:src.utils.logger:Model weights saved to results\ho\Classical\20260224-200024_seed0_pinn_supermini\checkpoints\2026-02-24_20-00-25-480127_ho_Classical_seed0\model_weights.pth
INFO:src.utils.logger:It: 870, Loss: 2.030e-01, Loss_res: 5.787e-02,  Loss_bcs: 3.915e-04, Loss_ut_ics: 4.817e-04, Loss_norm: 2.399e-04, Loss_gauge: 0.000e+00, w_pde: 1.00e+00, L^2_error: 1.515e-01, lr: 1.000e-03, Time: 3.39e+01
INFO:src.utils.logger:Model state saved to results\ho\Classical\20260224-200024_seed0_pinn_supermini\checkpoints\2026-02-24_20-00-25-480127_ho_Classical_seed0\model.pth
INFO:src.utils.logger:Model weights saved to results\ho\Classical\20260224-200024_seed0_pinn_supermini\checkpoints\2026-02-24_20-00-25-480127_ho_Classical_seed0\model_weights.pth
INFO:src.utils.logger:It: 880, Loss: 2.056e-01, Loss_res: 6.196e-02,  Loss_bcs: 3.695e-04, Loss_ut_ics: 4.770e-04, Loss_norm: 2.298e-04, Loss_gauge: 0.000e+00, w_pde: 1.00e+00, L^2_error: 1.508e-01, lr: 1.000e-03, Time: 3.42e+01
INFO:src.utils.logger:Model state saved to results\ho\Classical\20260224-200024_seed0_pinn_supermini\checkpoints\2026-02-24_20-00-25-480127_ho_Classical_seed0\model.pth
INFO:src.utils.logger:Model weights saved to results\ho\Classical\20260224-200024_seed0_pinn_supermini\checkpoints\2026-02-24_20-00-25-480127_ho_Classical_seed0\model_weights.pth
INFO:src.utils.logger:It: 890, Loss: 2.015e-01, Loss_res: 5.959e-02,  Loss_bcs: 3.625e-04, Loss_ut_ics: 4.712e-04, Loss_norm: 2.151e-04, Loss_gauge: 0.000e+00, w_pde: 1.00e+00, L^2_error: 1.503e-01, lr: 1.000e-03, Time: 3.46e+01
INFO:src.utils.logger:Model state saved to results\ho\Classical\20260224-200024_seed0_pinn_supermini\checkpoints\2026-02-24_20-00-25-480127_ho_Classical_seed0\model.pth
INFO:src.utils.logger:Model weights saved to results\ho\Classical\20260224-200024_seed0_pinn_supermini\checkpoints\2026-02-24_20-00-25-480127_ho_Classical_seed0\model_weights.pth
INFO:src.utils.logger:It: 900, Loss: 1.912e-01, Loss_res: 5.124e-02,  Loss_bcs: 3.695e-04, Loss_ut_ics: 4.645e-04, Loss_norm: 1.963e-04, Loss_gauge: 0.000e+00, w_pde: 1.00e+00, L^2_error: 1.495e-01, lr: 1.000e-03, Time: 3.50e+01
INFO:src.utils.logger:Model state saved to results\ho\Classical\20260224-200024_seed0_pinn_supermini\checkpoints\2026-02-24_20-00-25-480127_ho_Classical_seed0\model.pth
INFO:src.utils.logger:Model weights saved to results\ho\Classical\20260224-200024_seed0_pinn_supermini\checkpoints\2026-02-24_20-00-25-480127_ho_Classical_seed0\model_weights.pth
INFO:src.utils.logger:It: 910, Loss: 1.913e-01, Loss_res: 5.254e-02,  Loss_bcs: 3.498e-04, Loss_ut_ics: 4.608e-04, Loss_norm: 1.905e-04, Loss_gauge: 0.000e+00, w_pde: 1.00e+00, L^2_error: 1.489e-01, lr: 1.000e-03, Time: 3.53e+01
INFO:src.utils.logger:Model state saved to results\ho\Classical\20260224-200024_seed0_pinn_supermini\checkpoints\2026-02-24_20-00-25-480127_ho_Classical_seed0\model.pth
INFO:src.utils.logger:Model weights saved to results\ho\Classical\20260224-200024_seed0_pinn_supermini\checkpoints\2026-02-24_20-00-25-480127_ho_Classical_seed0\model_weights.pth
INFO:src.utils.logger:It: 920, Loss: 1.994e-01, Loss_res: 6.263e-02,  Loss_bcs: 3.432e-04, Loss_ut_ics: 4.543e-04, Loss_norm: 1.727e-04, Loss_gauge: 0.000e+00, w_pde: 1.00e+00, L^2_error: 1.482e-01, lr: 1.000e-03, Time: 3.57e+01
INFO:src.utils.logger:Model state saved to results\ho\Classical\20260224-200024_seed0_pinn_supermini\checkpoints\2026-02-24_20-00-25-480127_ho_Classical_seed0\model.pth
INFO:src.utils.logger:Model weights saved to results\ho\Classical\20260224-200024_seed0_pinn_supermini\checkpoints\2026-02-24_20-00-25-480127_ho_Classical_seed0\model_weights.pth
INFO:src.utils.logger:It: 930, Loss: 1.908e-01, Loss_res: 5.548e-02,  Loss_bcs: 3.419e-04, Loss_ut_ics: 4.494e-04, Loss_norm: 1.629e-04, Loss_gauge: 0.000e+00, w_pde: 1.00e+00, L^2_error: 1.476e-01, lr: 1.000e-03, Time: 3.60e+01
INFO:src.utils.logger:Model state saved to results\ho\Classical\20260224-200024_seed0_pinn_supermini\checkpoints\2026-02-24_20-00-25-480127_ho_Classical_seed0\model.pth
INFO:src.utils.logger:Model weights saved to results\ho\Classical\20260224-200024_seed0_pinn_supermini\checkpoints\2026-02-24_20-00-25-480127_ho_Classical_seed0\model_weights.pth
INFO:src.utils.logger:It: 940, Loss: 1.840e-01, Loss_res: 5.028e-02,  Loss_bcs: 3.365e-04, Loss_ut_ics: 4.442e-04, Loss_norm: 1.531e-04, Loss_gauge: 0.000e+00, w_pde: 1.00e+00, L^2_error: 1.470e-01, lr: 1.000e-03, Time: 3.64e+01
INFO:src.utils.logger:Model state saved to results\ho\Classical\20260224-200024_seed0_pinn_supermini\checkpoints\2026-02-24_20-00-25-480127_ho_Classical_seed0\model.pth
INFO:src.utils.logger:Model weights saved to results\ho\Classical\20260224-200024_seed0_pinn_supermini\checkpoints\2026-02-24_20-00-25-480127_ho_Classical_seed0\model_weights.pth
INFO:src.utils.logger:It: 950, Loss: 1.849e-01, Loss_res: 5.269e-02,  Loss_bcs: 3.230e-04, Loss_ut_ics: 4.392e-04, Loss_norm: 1.430e-04, Loss_gauge: 0.000e+00, w_pde: 1.00e+00, L^2_error: 1.463e-01, lr: 1.000e-03, Time: 3.68e+01
INFO:src.utils.logger:Model state saved to results\ho\Classical\20260224-200024_seed0_pinn_supermini\checkpoints\2026-02-24_20-00-25-480127_ho_Classical_seed0\model.pth
INFO:src.utils.logger:Model weights saved to results\ho\Classical\20260224-200024_seed0_pinn_supermini\checkpoints\2026-02-24_20-00-25-480127_ho_Classical_seed0\model_weights.pth
INFO:src.utils.logger:It: 960, Loss: 1.852e-01, Loss_res: 5.448e-02,  Loss_bcs: 3.168e-04, Loss_ut_ics: 4.342e-04, Loss_norm: 1.344e-04, Loss_gauge: 0.000e+00, w_pde: 1.00e+00, L^2_error: 1.456e-01, lr: 1.000e-03, Time: 3.71e+01
INFO:src.utils.logger:Model state saved to results\ho\Classical\20260224-200024_seed0_pinn_supermini\checkpoints\2026-02-24_20-00-25-480127_ho_Classical_seed0\model.pth
INFO:src.utils.logger:Model weights saved to results\ho\Classical\20260224-200024_seed0_pinn_supermini\checkpoints\2026-02-24_20-00-25-480127_ho_Classical_seed0\model_weights.pth
INFO:src.utils.logger:It: 970, Loss: 1.862e-01, Loss_res: 5.718e-02,  Loss_bcs: 3.227e-04, Loss_ut_ics: 4.285e-04, Loss_norm: 1.255e-04, Loss_gauge: 0.000e+00, w_pde: 1.00e+00, L^2_error: 1.450e-01, lr: 1.000e-03, Time: 3.75e+01
INFO:src.utils.logger:Model state saved to results\ho\Classical\20260224-200024_seed0_pinn_supermini\checkpoints\2026-02-24_20-00-25-480127_ho_Classical_seed0\model.pth
INFO:src.utils.logger:Model weights saved to results\ho\Classical\20260224-200024_seed0_pinn_supermini\checkpoints\2026-02-24_20-00-25-480127_ho_Classical_seed0\model_weights.pth
INFO:src.utils.logger:It: 980, Loss: 1.759e-01, Loss_res: 4.770e-02,  Loss_bcs: 2.995e-04, Loss_ut_ics: 4.260e-04, Loss_norm: 1.237e-04, Loss_gauge: 0.000e+00, w_pde: 1.00e+00, L^2_error: 1.445e-01, lr: 1.000e-03, Time: 3.78e+01
INFO:src.utils.logger:Model state saved to results\ho\Classical\20260224-200024_seed0_pinn_supermini\checkpoints\2026-02-24_20-00-25-480127_ho_Classical_seed0\model.pth
INFO:src.utils.logger:Model weights saved to results\ho\Classical\20260224-200024_seed0_pinn_supermini\checkpoints\2026-02-24_20-00-25-480127_ho_Classical_seed0\model_weights.pth
INFO:src.utils.logger:It: 990, Loss: 1.758e-01, Loss_res: 4.952e-02,  Loss_bcs: 3.100e-04, Loss_ut_ics: 4.196e-04, Loss_norm: 1.122e-04, Loss_gauge: 0.000e+00, w_pde: 1.00e+00, L^2_error: 1.439e-01, lr: 1.000e-03, Time: 3.82e+01
INFO:src.utils.logger:Model state saved to results\ho\Classical\20260224-200024_seed0_pinn_supermini\checkpoints\2026-02-24_20-00-25-480127_ho_Classical_seed0\model.pth
INFO:src.utils.logger:Model weights saved to results\ho\Classical\20260224-200024_seed0_pinn_supermini\checkpoints\2026-02-24_20-00-25-480127_ho_Classical_seed0\model_weights.pth
INFO:src.utils.logger:It: 1000, Loss: 1.763e-01, Loss_res: 5.078e-02,  Loss_bcs: 2.893e-04, Loss_ut_ics: 4.169e-04, Loss_norm: 1.082e-04, Loss_gauge: 0.000e+00, w_pde: 1.00e+00, L^2_error: 1.433e-01, lr: 1.000e-03, Time: 3.87e+01
INFO:src.utils.logger:Model state saved to results\ho\Classical\20260224-200024_seed0_pinn_supermini\checkpoints\2026-02-24_20-00-25-480127_ho_Classical_seed0\model.pth
INFO:src.utils.logger:Model weights saved to results\ho\Classical\20260224-200024_seed0_pinn_supermini\checkpoints\2026-02-24_20-00-25-480127_ho_Classical_seed0\model_weights.pth
INFO:src.utils.logger:It: 1010, Loss: 1.785e-01, Loss_res: 5.470e-02,  Loss_bcs: 2.979e-04, Loss_ut_ics: 4.113e-04, Loss_norm: 9.939e-05, Loss_gauge: 0.000e+00, w_pde: 1.00e+00, L^2_error: 1.429e-01, lr: 1.000e-03, Time: 3.91e+01
INFO:src.utils.logger:Model state saved to results\ho\Classical\20260224-200024_seed0_pinn_supermini\checkpoints\2026-02-24_20-00-25-480127_ho_Classical_seed0\model.pth
INFO:src.utils.logger:Model weights saved to results\ho\Classical\20260224-200024_seed0_pinn_supermini\checkpoints\2026-02-24_20-00-25-480127_ho_Classical_seed0\model_weights.pth
INFO:src.utils.logger:It: 1020, Loss: 1.738e-01, Loss_res: 5.132e-02,  Loss_bcs: 2.922e-04, Loss_ut_ics: 4.070e-04, Loss_norm: 9.334e-05, Loss_gauge: 0.000e+00, w_pde: 1.00e+00, L^2_error: 1.423e-01, lr: 1.000e-03, Time: 3.95e+01
INFO:src.utils.logger:Model state saved to results\ho\Classical\20260224-200024_seed0_pinn_supermini\checkpoints\2026-02-24_20-00-25-480127_ho_Classical_seed0\model.pth
INFO:src.utils.logger:Model weights saved to results\ho\Classical\20260224-200024_seed0_pinn_supermini\checkpoints\2026-02-24_20-00-25-480127_ho_Classical_seed0\model_weights.pth
INFO:src.utils.logger:It: 1030, Loss: 1.664e-01, Loss_res: 4.509e-02,  Loss_bcs: 2.810e-04, Loss_ut_ics: 4.030e-04, Loss_norm: 8.808e-05, Loss_gauge: 0.000e+00, w_pde: 1.00e+00, L^2_error: 1.416e-01, lr: 1.000e-03, Time: 3.99e+01
INFO:src.utils.logger:Model state saved to results\ho\Classical\20260224-200024_seed0_pinn_supermini\checkpoints\2026-02-24_20-00-25-480127_ho_Classical_seed0\model.pth
INFO:src.utils.logger:Model weights saved to results\ho\Classical\20260224-200024_seed0_pinn_supermini\checkpoints\2026-02-24_20-00-25-480127_ho_Classical_seed0\model_weights.pth
INFO:src.utils.logger:It: 1040, Loss: 1.744e-01, Loss_res: 5.435e-02,  Loss_bcs: 2.788e-04, Loss_ut_ics: 3.990e-04, Loss_norm: 8.301e-05, Loss_gauge: 0.000e+00, w_pde: 1.00e+00, L^2_error: 1.409e-01, lr: 1.000e-03, Time: 4.02e+01
INFO:src.utils.logger:Model state saved to results\ho\Classical\20260224-200024_seed0_pinn_supermini\checkpoints\2026-02-24_20-00-25-480127_ho_Classical_seed0\model.pth
INFO:src.utils.logger:Model weights saved to results\ho\Classical\20260224-200024_seed0_pinn_supermini\checkpoints\2026-02-24_20-00-25-480127_ho_Classical_seed0\model_weights.pth
INFO:src.utils.logger:It: 1050, Loss: 1.657e-01, Loss_res: 4.686e-02,  Loss_bcs: 2.704e-04, Loss_ut_ics: 3.949e-04, Loss_norm: 7.850e-05, Loss_gauge: 0.000e+00, w_pde: 1.00e+00, L^2_error: 1.403e-01, lr: 1.000e-03, Time: 4.06e+01
INFO:src.utils.logger:Model state saved to results\ho\Classical\20260224-200024_seed0_pinn_supermini\checkpoints\2026-02-24_20-00-25-480127_ho_Classical_seed0\model.pth
INFO:src.utils.logger:Model weights saved to results\ho\Classical\20260224-200024_seed0_pinn_supermini\checkpoints\2026-02-24_20-00-25-480127_ho_Classical_seed0\model_weights.pth
INFO:src.utils.logger:It: 1060, Loss: 1.620e-01, Loss_res: 4.439e-02,  Loss_bcs: 2.673e-04, Loss_ut_ics: 3.910e-04, Loss_norm: 7.499e-05, Loss_gauge: 0.000e+00, w_pde: 1.00e+00, L^2_error: 1.398e-01, lr: 1.000e-03, Time: 4.10e+01
INFO:src.utils.logger:Model state saved to results\ho\Classical\20260224-200024_seed0_pinn_supermini\checkpoints\2026-02-24_20-00-25-480127_ho_Classical_seed0\model.pth
INFO:src.utils.logger:Model weights saved to results\ho\Classical\20260224-200024_seed0_pinn_supermini\checkpoints\2026-02-24_20-00-25-480127_ho_Classical_seed0\model_weights.pth
INFO:src.utils.logger:It: 1070, Loss: 1.717e-01, Loss_res: 5.497e-02,  Loss_bcs: 2.564e-04, Loss_ut_ics: 3.880e-04, Loss_norm: 7.223e-05, Loss_gauge: 0.000e+00, w_pde: 1.00e+00, L^2_error: 1.392e-01, lr: 1.000e-03, Time: 4.14e+01
INFO:src.utils.logger:Model state saved to results\ho\Classical\20260224-200024_seed0_pinn_supermini\checkpoints\2026-02-24_20-00-25-480127_ho_Classical_seed0\model.pth
INFO:src.utils.logger:Model weights saved to results\ho\Classical\20260224-200024_seed0_pinn_supermini\checkpoints\2026-02-24_20-00-25-480127_ho_Classical_seed0\model_weights.pth
INFO:src.utils.logger:It: 1080, Loss: 1.627e-01, Loss_res: 4.742e-02,  Loss_bcs: 2.579e-04, Loss_ut_ics: 3.833e-04, Loss_norm: 6.836e-05, Loss_gauge: 0.000e+00, w_pde: 1.00e+00, L^2_error: 1.386e-01, lr: 1.000e-03, Time: 4.17e+01
INFO:src.utils.logger:Model state saved to results\ho\Classical\20260224-200024_seed0_pinn_supermini\checkpoints\2026-02-24_20-00-25-480127_ho_Classical_seed0\model.pth
INFO:src.utils.logger:Model weights saved to results\ho\Classical\20260224-200024_seed0_pinn_supermini\checkpoints\2026-02-24_20-00-25-480127_ho_Classical_seed0\model_weights.pth
INFO:src.utils.logger:It: 1090, Loss: 1.639e-01, Loss_res: 4.968e-02,  Loss_bcs: 2.530e-04, Loss_ut_ics: 3.796e-04, Loss_norm: 6.503e-05, Loss_gauge: 0.000e+00, w_pde: 1.00e+00, L^2_error: 1.382e-01, lr: 1.000e-03, Time: 4.21e+01
INFO:src.utils.logger:Model state saved to results\ho\Classical\20260224-200024_seed0_pinn_supermini\checkpoints\2026-02-24_20-00-25-480127_ho_Classical_seed0\model.pth
INFO:src.utils.logger:Model weights saved to results\ho\Classical\20260224-200024_seed0_pinn_supermini\checkpoints\2026-02-24_20-00-25-480127_ho_Classical_seed0\model_weights.pth
INFO:src.utils.logger:It: 1100, Loss: 1.613e-01, Loss_res: 4.796e-02,  Loss_bcs: 2.403e-04, Loss_ut_ics: 3.769e-04, Loss_norm: 6.236e-05, Loss_gauge: 0.000e+00, w_pde: 1.00e+00, L^2_error: 1.374e-01, lr: 1.000e-03, Time: 4.25e+01
INFO:src.utils.logger:Model state saved to results\ho\Classical\20260224-200024_seed0_pinn_supermini\checkpoints\2026-02-24_20-00-25-480127_ho_Classical_seed0\model.pth
INFO:src.utils.logger:Model weights saved to results\ho\Classical\20260224-200024_seed0_pinn_supermini\checkpoints\2026-02-24_20-00-25-480127_ho_Classical_seed0\model_weights.pth
INFO:src.utils.logger:It: 1110, Loss: 1.611e-01, Loss_res: 4.932e-02,  Loss_bcs: 2.511e-04, Loss_ut_ics: 3.714e-04, Loss_norm: 6.008e-05, Loss_gauge: 0.000e+00, w_pde: 1.00e+00, L^2_error: 1.369e-01, lr: 1.000e-03, Time: 4.28e+01
INFO:src.utils.logger:Model state saved to results\ho\Classical\20260224-200024_seed0_pinn_supermini\checkpoints\2026-02-24_20-00-25-480127_ho_Classical_seed0\model.pth
INFO:src.utils.logger:Model weights saved to results\ho\Classical\20260224-200024_seed0_pinn_supermini\checkpoints\2026-02-24_20-00-25-480127_ho_Classical_seed0\model_weights.pth
INFO:src.utils.logger:It: 1120, Loss: 1.551e-01, Loss_res: 4.412e-02,  Loss_bcs: 2.362e-04, Loss_ut_ics: 3.691e-04, Loss_norm: 5.652e-05, Loss_gauge: 0.000e+00, w_pde: 1.00e+00, L^2_error: 1.363e-01, lr: 1.000e-03, Time: 4.32e+01
INFO:src.utils.logger:Model state saved to results\ho\Classical\20260224-200024_seed0_pinn_supermini\checkpoints\2026-02-24_20-00-25-480127_ho_Classical_seed0\model.pth
INFO:src.utils.logger:Model weights saved to results\ho\Classical\20260224-200024_seed0_pinn_supermini\checkpoints\2026-02-24_20-00-25-480127_ho_Classical_seed0\model_weights.pth
INFO:src.utils.logger:It: 1130, Loss: 1.619e-01, Loss_res: 5.193e-02,  Loss_bcs: 2.336e-04, Loss_ut_ics: 3.654e-04, Loss_norm: 5.424e-05, Loss_gauge: 0.000e+00, w_pde: 1.00e+00, L^2_error: 1.357e-01, lr: 1.000e-03, Time: 4.35e+01
INFO:src.utils.logger:Model state saved to results\ho\Classical\20260224-200024_seed0_pinn_supermini\checkpoints\2026-02-24_20-00-25-480127_ho_Classical_seed0\model.pth
INFO:src.utils.logger:Model weights saved to results\ho\Classical\20260224-200024_seed0_pinn_supermini\checkpoints\2026-02-24_20-00-25-480127_ho_Classical_seed0\model_weights.pth
INFO:src.utils.logger:It: 1140, Loss: 1.590e-01, Loss_res: 5.024e-02,  Loss_bcs: 2.334e-04, Loss_ut_ics: 3.617e-04, Loss_norm: 5.199e-05, Loss_gauge: 0.000e+00, w_pde: 1.00e+00, L^2_error: 1.351e-01, lr: 1.000e-03, Time: 4.39e+01
INFO:src.utils.logger:Model state saved to results\ho\Classical\20260224-200024_seed0_pinn_supermini\checkpoints\2026-02-24_20-00-25-480127_ho_Classical_seed0\model.pth
INFO:src.utils.logger:Model weights saved to results\ho\Classical\20260224-200024_seed0_pinn_supermini\checkpoints\2026-02-24_20-00-25-480127_ho_Classical_seed0\model_weights.pth
INFO:src.utils.logger:It: 1150, Loss: 1.541e-01, Loss_res: 4.624e-02,  Loss_bcs: 2.265e-04, Loss_ut_ics: 3.587e-04, Loss_norm: 4.948e-05, Loss_gauge: 0.000e+00, w_pde: 1.00e+00, L^2_error: 1.345e-01, lr: 1.000e-03, Time: 4.43e+01
INFO:src.utils.logger:Model state saved to results\ho\Classical\20260224-200024_seed0_pinn_supermini\checkpoints\2026-02-24_20-00-25-480127_ho_Classical_seed0\model.pth
INFO:src.utils.logger:Model weights saved to results\ho\Classical\20260224-200024_seed0_pinn_supermini\checkpoints\2026-02-24_20-00-25-480127_ho_Classical_seed0\model_weights.pth
INFO:src.utils.logger:It: 1160, Loss: 1.475e-01, Loss_res: 4.069e-02,  Loss_bcs: 2.274e-04, Loss_ut_ics: 3.551e-04, Loss_norm: 4.760e-05, Loss_gauge: 0.000e+00, w_pde: 1.00e+00, L^2_error: 1.338e-01, lr: 1.000e-03, Time: 4.47e+01
INFO:src.utils.logger:Model state saved to results\ho\Classical\20260224-200024_seed0_pinn_supermini\checkpoints\2026-02-24_20-00-25-480127_ho_Classical_seed0\model.pth
INFO:src.utils.logger:Model weights saved to results\ho\Classical\20260224-200024_seed0_pinn_supermini\checkpoints\2026-02-24_20-00-25-480127_ho_Classical_seed0\model_weights.pth
INFO:src.utils.logger:It: 1170, Loss: 1.499e-01, Loss_res: 4.429e-02,  Loss_bcs: 2.262e-04, Loss_ut_ics: 3.510e-04, Loss_norm: 4.748e-05, Loss_gauge: 0.000e+00, w_pde: 1.00e+00, L^2_error: 1.333e-01, lr: 1.000e-03, Time: 4.51e+01
INFO:src.utils.logger:Model state saved to results\ho\Classical\20260224-200024_seed0_pinn_supermini\checkpoints\2026-02-24_20-00-25-480127_ho_Classical_seed0\model.pth
INFO:src.utils.logger:Model weights saved to results\ho\Classical\20260224-200024_seed0_pinn_supermini\checkpoints\2026-02-24_20-00-25-480127_ho_Classical_seed0\model_weights.pth
INFO:src.utils.logger:It: 1180, Loss: 1.458e-01, Loss_res: 4.073e-02,  Loss_bcs: 2.095e-04, Loss_ut_ics: 3.494e-04, Loss_norm: 4.433e-05, Loss_gauge: 0.000e+00, w_pde: 1.00e+00, L^2_error: 1.327e-01, lr: 1.000e-03, Time: 4.54e+01
INFO:src.utils.logger:Model state saved to results\ho\Classical\20260224-200024_seed0_pinn_supermini\checkpoints\2026-02-24_20-00-25-480127_ho_Classical_seed0\model.pth
INFO:src.utils.logger:Model weights saved to results\ho\Classical\20260224-200024_seed0_pinn_supermini\checkpoints\2026-02-24_20-00-25-480127_ho_Classical_seed0\model_weights.pth
INFO:src.utils.logger:It: 1190, Loss: 1.480e-01, Loss_res: 4.431e-02,  Loss_bcs: 2.173e-04, Loss_ut_ics: 3.447e-04, Loss_norm: 4.383e-05, Loss_gauge: 0.000e+00, w_pde: 1.00e+00, L^2_error: 1.323e-01, lr: 1.000e-03, Time: 4.58e+01
INFO:src.utils.logger:Model state saved to results\ho\Classical\20260224-200024_seed0_pinn_supermini\checkpoints\2026-02-24_20-00-25-480127_ho_Classical_seed0\model.pth
INFO:src.utils.logger:Model weights saved to results\ho\Classical\20260224-200024_seed0_pinn_supermini\checkpoints\2026-02-24_20-00-25-480127_ho_Classical_seed0\model_weights.pth
INFO:src.utils.logger:It: 1200, Loss: 1.481e-01, Loss_res: 4.511e-02,  Loss_bcs: 2.082e-04, Loss_ut_ics: 3.425e-04, Loss_norm: 4.059e-05, Loss_gauge: 0.000e+00, w_pde: 1.00e+00, L^2_error: 1.317e-01, lr: 1.000e-03, Time: 4.62e+01
INFO:src.utils.logger:Model state saved to results\ho\Classical\20260224-200024_seed0_pinn_supermini\checkpoints\2026-02-24_20-00-25-480127_ho_Classical_seed0\model.pth
INFO:src.utils.logger:Model weights saved to results\ho\Classical\20260224-200024_seed0_pinn_supermini\checkpoints\2026-02-24_20-00-25-480127_ho_Classical_seed0\model_weights.pth
INFO:src.utils.logger:It: 1210, Loss: 1.426e-01, Loss_res: 4.084e-02,  Loss_bcs: 2.094e-04, Loss_ut_ics: 3.383e-04, Loss_norm: 4.038e-05, Loss_gauge: 0.000e+00, w_pde: 1.00e+00, L^2_error: 1.312e-01, lr: 1.000e-03, Time: 4.65e+01
INFO:src.utils.logger:Model state saved to results\ho\Classical\20260224-200024_seed0_pinn_supermini\checkpoints\2026-02-24_20-00-25-480127_ho_Classical_seed0\model.pth
INFO:src.utils.logger:Model weights saved to results\ho\Classical\20260224-200024_seed0_pinn_supermini\checkpoints\2026-02-24_20-00-25-480127_ho_Classical_seed0\model_weights.pth
INFO:src.utils.logger:It: 1220, Loss: 1.411e-01, Loss_res: 4.027e-02,  Loss_bcs: 2.095e-04, Loss_ut_ics: 3.352e-04, Loss_norm: 3.823e-05, Loss_gauge: 0.000e+00, w_pde: 1.00e+00, L^2_error: 1.308e-01, lr: 1.000e-03, Time: 4.70e+01
INFO:src.utils.logger:Model state saved to results\ho\Classical\20260224-200024_seed0_pinn_supermini\checkpoints\2026-02-24_20-00-25-480127_ho_Classical_seed0\model.pth
INFO:src.utils.logger:Model weights saved to results\ho\Classical\20260224-200024_seed0_pinn_supermini\checkpoints\2026-02-24_20-00-25-480127_ho_Classical_seed0\model_weights.pth
INFO:src.utils.logger:It: 1230, Loss: 1.432e-01, Loss_res: 4.326e-02,  Loss_bcs: 2.013e-04, Loss_ut_ics: 3.324e-04, Loss_norm: 3.597e-05, Loss_gauge: 0.000e+00, w_pde: 1.00e+00, L^2_error: 1.303e-01, lr: 1.000e-03, Time: 4.74e+01
INFO:src.utils.logger:Model state saved to results\ho\Classical\20260224-200024_seed0_pinn_supermini\checkpoints\2026-02-24_20-00-25-480127_ho_Classical_seed0\model.pth
INFO:src.utils.logger:Model weights saved to results\ho\Classical\20260224-200024_seed0_pinn_supermini\checkpoints\2026-02-24_20-00-25-480127_ho_Classical_seed0\model_weights.pth
INFO:src.utils.logger:It: 1240, Loss: 1.366e-01, Loss_res: 3.732e-02,  Loss_bcs: 1.950e-04, Loss_ut_ics: 3.300e-04, Loss_norm: 3.470e-05, Loss_gauge: 0.000e+00, w_pde: 1.00e+00, L^2_error: 1.297e-01, lr: 1.000e-03, Time: 4.79e+01
INFO:src.utils.logger:Model state saved to results\ho\Classical\20260224-200024_seed0_pinn_supermini\checkpoints\2026-02-24_20-00-25-480127_ho_Classical_seed0\model.pth
INFO:src.utils.logger:Model weights saved to results\ho\Classical\20260224-200024_seed0_pinn_supermini\checkpoints\2026-02-24_20-00-25-480127_ho_Classical_seed0\model_weights.pth
INFO:src.utils.logger:It: 1250, Loss: 1.393e-01, Loss_res: 4.131e-02,  Loss_bcs: 2.005e-04, Loss_ut_ics: 3.259e-04, Loss_norm: 3.501e-05, Loss_gauge: 0.000e+00, w_pde: 1.00e+00, L^2_error: 1.291e-01, lr: 1.000e-03, Time: 4.82e+01
INFO:src.utils.logger:Model state saved to results\ho\Classical\20260224-200024_seed0_pinn_supermini\checkpoints\2026-02-24_20-00-25-480127_ho_Classical_seed0\model.pth
INFO:src.utils.logger:Model weights saved to results\ho\Classical\20260224-200024_seed0_pinn_supermini\checkpoints\2026-02-24_20-00-25-480127_ho_Classical_seed0\model_weights.pth
INFO:src.utils.logger:It: 1260, Loss: 1.408e-01, Loss_res: 4.353e-02,  Loss_bcs: 1.884e-04, Loss_ut_ics: 3.237e-04, Loss_norm: 3.209e-05, Loss_gauge: 0.000e+00, w_pde: 1.00e+00, L^2_error: 1.286e-01, lr: 1.000e-03, Time: 4.86e+01
INFO:src.utils.logger:Model state saved to results\ho\Classical\20260224-200024_seed0_pinn_supermini\checkpoints\2026-02-24_20-00-25-480127_ho_Classical_seed0\model.pth
INFO:src.utils.logger:Model weights saved to results\ho\Classical\20260224-200024_seed0_pinn_supermini\checkpoints\2026-02-24_20-00-25-480127_ho_Classical_seed0\model_weights.pth
INFO:src.utils.logger:It: 1270, Loss: 1.362e-01, Loss_res: 3.972e-02,  Loss_bcs: 1.886e-04, Loss_ut_ics: 3.208e-04, Loss_norm: 3.107e-05, Loss_gauge: 0.000e+00, w_pde: 1.00e+00, L^2_error: 1.281e-01, lr: 1.000e-03, Time: 4.89e+01
INFO:src.utils.logger:Model state saved to results\ho\Classical\20260224-200024_seed0_pinn_supermini\checkpoints\2026-02-24_20-00-25-480127_ho_Classical_seed0\model.pth
INFO:src.utils.logger:Model weights saved to results\ho\Classical\20260224-200024_seed0_pinn_supermini\checkpoints\2026-02-24_20-00-25-480127_ho_Classical_seed0\model_weights.pth
INFO:src.utils.logger:It: 1280, Loss: 1.314e-01, Loss_res: 3.592e-02,  Loss_bcs: 1.864e-04, Loss_ut_ics: 3.176e-04, Loss_norm: 3.017e-05, Loss_gauge: 0.000e+00, w_pde: 1.00e+00, L^2_error: 1.276e-01, lr: 1.000e-03, Time: 4.93e+01
INFO:src.utils.logger:Model state saved to results\ho\Classical\20260224-200024_seed0_pinn_supermini\checkpoints\2026-02-24_20-00-25-480127_ho_Classical_seed0\model.pth
INFO:src.utils.logger:Model weights saved to results\ho\Classical\20260224-200024_seed0_pinn_supermini\checkpoints\2026-02-24_20-00-25-480127_ho_Classical_seed0\model_weights.pth
INFO:src.utils.logger:It: 1290, Loss: 1.257e-01, Loss_res: 3.081e-02,  Loss_bcs: 1.782e-04, Loss_ut_ics: 3.158e-04, Loss_norm: 2.856e-05, Loss_gauge: 0.000e+00, w_pde: 1.00e+00, L^2_error: 1.270e-01, lr: 1.000e-03, Time: 4.97e+01
INFO:src.utils.logger:Model state saved to results\ho\Classical\20260224-200024_seed0_pinn_supermini\checkpoints\2026-02-24_20-00-25-480127_ho_Classical_seed0\model.pth
INFO:src.utils.logger:Model weights saved to results\ho\Classical\20260224-200024_seed0_pinn_supermini\checkpoints\2026-02-24_20-00-25-480127_ho_Classical_seed0\model_weights.pth
INFO:src.utils.logger:It: 1300, Loss: 1.352e-01, Loss_res: 4.150e-02,  Loss_bcs: 1.839e-04, Loss_ut_ics: 3.116e-04, Loss_norm: 2.907e-05, Loss_gauge: 0.000e+00, w_pde: 1.00e+00, L^2_error: 1.266e-01, lr: 1.000e-03, Time: 5.00e+01
INFO:src.utils.logger:Model state saved to results\ho\Classical\20260224-200024_seed0_pinn_supermini\checkpoints\2026-02-24_20-00-25-480127_ho_Classical_seed0\model.pth
INFO:src.utils.logger:Model weights saved to results\ho\Classical\20260224-200024_seed0_pinn_supermini\checkpoints\2026-02-24_20-00-25-480127_ho_Classical_seed0\model_weights.pth
INFO:src.utils.logger:It: 1310, Loss: 1.341e-01, Loss_res: 4.114e-02,  Loss_bcs: 1.818e-04, Loss_ut_ics: 3.092e-04, Loss_norm: 2.698e-05, Loss_gauge: 0.000e+00, w_pde: 1.00e+00, L^2_error: 1.259e-01, lr: 1.000e-03, Time: 5.04e+01
INFO:src.utils.logger:Model state saved to results\ho\Classical\20260224-200024_seed0_pinn_supermini\checkpoints\2026-02-24_20-00-25-480127_ho_Classical_seed0\model.pth
INFO:src.utils.logger:Model weights saved to results\ho\Classical\20260224-200024_seed0_pinn_supermini\checkpoints\2026-02-24_20-00-25-480127_ho_Classical_seed0\model_weights.pth
INFO:src.utils.logger:It: 1320, Loss: 1.328e-01, Loss_res: 4.078e-02,  Loss_bcs: 1.772e-04, Loss_ut_ics: 3.060e-04, Loss_norm: 2.743e-05, Loss_gauge: 0.000e+00, w_pde: 1.00e+00, L^2_error: 1.255e-01, lr: 1.000e-03, Time: 5.08e+01
INFO:src.utils.logger:Model state saved to results\ho\Classical\20260224-200024_seed0_pinn_supermini\checkpoints\2026-02-24_20-00-25-480127_ho_Classical_seed0\model.pth
INFO:src.utils.logger:Model weights saved to results\ho\Classical\20260224-200024_seed0_pinn_supermini\checkpoints\2026-02-24_20-00-25-480127_ho_Classical_seed0\model_weights.pth
INFO:src.utils.logger:It: 1330, Loss: 1.287e-01, Loss_res: 3.723e-02,  Loss_bcs: 1.686e-04, Loss_ut_ics: 3.042e-04, Loss_norm: 2.466e-05, Loss_gauge: 0.000e+00, w_pde: 1.00e+00, L^2_error: 1.249e-01, lr: 1.000e-03, Time: 5.12e+01
INFO:src.utils.logger:Model state saved to results\ho\Classical\20260224-200024_seed0_pinn_supermini\checkpoints\2026-02-24_20-00-25-480127_ho_Classical_seed0\model.pth
INFO:src.utils.logger:Model weights saved to results\ho\Classical\20260224-200024_seed0_pinn_supermini\checkpoints\2026-02-24_20-00-25-480127_ho_Classical_seed0\model_weights.pth
INFO:src.utils.logger:It: 1340, Loss: 1.298e-01, Loss_res: 3.938e-02,  Loss_bcs: 1.731e-04, Loss_ut_ics: 3.008e-04, Loss_norm: 2.498e-05, Loss_gauge: 0.000e+00, w_pde: 1.00e+00, L^2_error: 1.244e-01, lr: 1.000e-03, Time: 5.15e+01
INFO:src.utils.logger:Model state saved to results\ho\Classical\20260224-200024_seed0_pinn_supermini\checkpoints\2026-02-24_20-00-25-480127_ho_Classical_seed0\model.pth
INFO:src.utils.logger:Model weights saved to results\ho\Classical\20260224-200024_seed0_pinn_supermini\checkpoints\2026-02-24_20-00-25-480127_ho_Classical_seed0\model_weights.pth
INFO:src.utils.logger:It: 1350, Loss: 1.242e-01, Loss_res: 3.448e-02,  Loss_bcs: 1.683e-04, Loss_ut_ics: 2.984e-04, Loss_norm: 2.399e-05, Loss_gauge: 0.000e+00, w_pde: 1.00e+00, L^2_error: 1.238e-01, lr: 1.000e-03, Time: 5.19e+01
INFO:src.utils.logger:Model state saved to results\ho\Classical\20260224-200024_seed0_pinn_supermini\checkpoints\2026-02-24_20-00-25-480127_ho_Classical_seed0\model.pth
INFO:src.utils.logger:Model weights saved to results\ho\Classical\20260224-200024_seed0_pinn_supermini\checkpoints\2026-02-24_20-00-25-480127_ho_Classical_seed0\model_weights.pth
INFO:src.utils.logger:It: 1360, Loss: 1.260e-01, Loss_res: 3.707e-02,  Loss_bcs: 1.636e-04, Loss_ut_ics: 2.960e-04, Loss_norm: 2.305e-05, Loss_gauge: 0.000e+00, w_pde: 1.00e+00, L^2_error: 1.234e-01, lr: 1.000e-03, Time: 5.23e+01
INFO:src.utils.logger:Model state saved to results\ho\Classical\20260224-200024_seed0_pinn_supermini\checkpoints\2026-02-24_20-00-25-480127_ho_Classical_seed0\model.pth
INFO:src.utils.logger:Model weights saved to results\ho\Classical\20260224-200024_seed0_pinn_supermini\checkpoints\2026-02-24_20-00-25-480127_ho_Classical_seed0\model_weights.pth
INFO:src.utils.logger:It: 1370, Loss: 1.211e-01, Loss_res: 3.287e-02,  Loss_bcs: 1.619e-04, Loss_ut_ics: 2.934e-04, Loss_norm: 2.253e-05, Loss_gauge: 0.000e+00, w_pde: 1.00e+00, L^2_error: 1.229e-01, lr: 1.000e-03, Time: 5.26e+01
INFO:src.utils.logger:Model state saved to results\ho\Classical\20260224-200024_seed0_pinn_supermini\checkpoints\2026-02-24_20-00-25-480127_ho_Classical_seed0\model.pth
INFO:src.utils.logger:Model weights saved to results\ho\Classical\20260224-200024_seed0_pinn_supermini\checkpoints\2026-02-24_20-00-25-480127_ho_Classical_seed0\model_weights.pth
INFO:src.utils.logger:It: 1380, Loss: 1.294e-01, Loss_res: 4.210e-02,  Loss_bcs: 1.607e-04, Loss_ut_ics: 2.903e-04, Loss_norm: 2.320e-05, Loss_gauge: 0.000e+00, w_pde: 1.00e+00, L^2_error: 1.224e-01, lr: 1.000e-03, Time: 5.30e+01
INFO:src.utils.logger:Model state saved to results\ho\Classical\20260224-200024_seed0_pinn_supermini\checkpoints\2026-02-24_20-00-25-480127_ho_Classical_seed0\model.pth
INFO:src.utils.logger:Model weights saved to results\ho\Classical\20260224-200024_seed0_pinn_supermini\checkpoints\2026-02-24_20-00-25-480127_ho_Classical_seed0\model_weights.pth
INFO:src.utils.logger:It: 1390, Loss: 1.245e-01, Loss_res: 3.791e-02,  Loss_bcs: 1.568e-04, Loss_ut_ics: 2.881e-04, Loss_norm: 2.169e-05, Loss_gauge: 0.000e+00, w_pde: 1.00e+00, L^2_error: 1.218e-01, lr: 1.000e-03, Time: 5.34e+01
INFO:src.utils.logger:Model state saved to results\ho\Classical\20260224-200024_seed0_pinn_supermini\checkpoints\2026-02-24_20-00-25-480127_ho_Classical_seed0\model.pth
INFO:src.utils.logger:Model weights saved to results\ho\Classical\20260224-200024_seed0_pinn_supermini\checkpoints\2026-02-24_20-00-25-480127_ho_Classical_seed0\model_weights.pth
INFO:src.utils.logger:It: 1400, Loss: 1.265e-01, Loss_res: 4.057e-02,  Loss_bcs: 1.537e-04, Loss_ut_ics: 2.857e-04, Loss_norm: 2.067e-05, Loss_gauge: 0.000e+00, w_pde: 1.00e+00, L^2_error: 1.213e-01, lr: 1.000e-03, Time: 5.37e+01
INFO:src.utils.logger:Model state saved to results\ho\Classical\20260224-200024_seed0_pinn_supermini\checkpoints\2026-02-24_20-00-25-480127_ho_Classical_seed0\model.pth
INFO:src.utils.logger:Model weights saved to results\ho\Classical\20260224-200024_seed0_pinn_supermini\checkpoints\2026-02-24_20-00-25-480127_ho_Classical_seed0\model_weights.pth
INFO:src.utils.logger:It: 1410, Loss: 1.204e-01, Loss_res: 3.544e-02,  Loss_bcs: 1.573e-04, Loss_ut_ics: 2.826e-04, Loss_norm: 2.157e-05, Loss_gauge: 0.000e+00, w_pde: 1.00e+00, L^2_error: 1.208e-01, lr: 1.000e-03, Time: 5.41e+01
INFO:src.utils.logger:Model state saved to results\ho\Classical\20260224-200024_seed0_pinn_supermini\checkpoints\2026-02-24_20-00-25-480127_ho_Classical_seed0\model.pth
INFO:src.utils.logger:Model weights saved to results\ho\Classical\20260224-200024_seed0_pinn_supermini\checkpoints\2026-02-24_20-00-25-480127_ho_Classical_seed0\model_weights.pth
INFO:src.utils.logger:It: 1420, Loss: 1.185e-01, Loss_res: 3.409e-02,  Loss_bcs: 1.481e-04, Loss_ut_ics: 2.809e-04, Loss_norm: 1.901e-05, Loss_gauge: 0.000e+00, w_pde: 1.00e+00, L^2_error: 1.203e-01, lr: 1.000e-03, Time: 5.45e+01
INFO:src.utils.logger:Model state saved to results\ho\Classical\20260224-200024_seed0_pinn_supermini\checkpoints\2026-02-24_20-00-25-480127_ho_Classical_seed0\model.pth
INFO:src.utils.logger:Model weights saved to results\ho\Classical\20260224-200024_seed0_pinn_supermini\checkpoints\2026-02-24_20-00-25-480127_ho_Classical_seed0\model_weights.pth
INFO:src.utils.logger:It: 1430, Loss: 1.206e-01, Loss_res: 3.692e-02,  Loss_bcs: 1.461e-04, Loss_ut_ics: 2.784e-04, Loss_norm: 1.860e-05, Loss_gauge: 0.000e+00, w_pde: 1.00e+00, L^2_error: 1.198e-01, lr: 1.000e-03, Time: 5.48e+01
INFO:src.utils.logger:Model state saved to results\ho\Classical\20260224-200024_seed0_pinn_supermini\checkpoints\2026-02-24_20-00-25-480127_ho_Classical_seed0\model.pth
INFO:src.utils.logger:Model weights saved to results\ho\Classical\20260224-200024_seed0_pinn_supermini\checkpoints\2026-02-24_20-00-25-480127_ho_Classical_seed0\model_weights.pth
INFO:src.utils.logger:It: 1440, Loss: 1.197e-01, Loss_res: 3.693e-02,  Loss_bcs: 1.490e-04, Loss_ut_ics: 2.752e-04, Loss_norm: 1.997e-05, Loss_gauge: 0.000e+00, w_pde: 1.00e+00, L^2_error: 1.193e-01, lr: 1.000e-03, Time: 5.52e+01
INFO:src.utils.logger:Model state saved to results\ho\Classical\20260224-200024_seed0_pinn_supermini\checkpoints\2026-02-24_20-00-25-480127_ho_Classical_seed0\model.pth
INFO:src.utils.logger:Model weights saved to results\ho\Classical\20260224-200024_seed0_pinn_supermini\checkpoints\2026-02-24_20-00-25-480127_ho_Classical_seed0\model_weights.pth
INFO:src.utils.logger:It: 1450, Loss: 1.158e-01, Loss_res: 3.363e-02,  Loss_bcs: 1.437e-04, Loss_ut_ics: 2.732e-04, Loss_norm: 1.783e-05, Loss_gauge: 0.000e+00, w_pde: 1.00e+00, L^2_error: 1.188e-01, lr: 1.000e-03, Time: 5.55e+01
INFO:src.utils.logger:Model state saved to results\ho\Classical\20260224-200024_seed0_pinn_supermini\checkpoints\2026-02-24_20-00-25-480127_ho_Classical_seed0\model.pth
INFO:src.utils.logger:Model weights saved to results\ho\Classical\20260224-200024_seed0_pinn_supermini\checkpoints\2026-02-24_20-00-25-480127_ho_Classical_seed0\model_weights.pth
INFO:src.utils.logger:It: 1460, Loss: 1.157e-01, Loss_res: 3.420e-02,  Loss_bcs: 1.400e-04, Loss_ut_ics: 2.711e-04, Loss_norm: 1.696e-05, Loss_gauge: 0.000e+00, w_pde: 1.00e+00, L^2_error: 1.182e-01, lr: 1.000e-03, Time: 5.59e+01
INFO:src.utils.logger:Model state saved to results\ho\Classical\20260224-200024_seed0_pinn_supermini\checkpoints\2026-02-24_20-00-25-480127_ho_Classical_seed0\model.pth
INFO:src.utils.logger:Model weights saved to results\ho\Classical\20260224-200024_seed0_pinn_supermini\checkpoints\2026-02-24_20-00-25-480127_ho_Classical_seed0\model_weights.pth
INFO:src.utils.logger:It: 1470, Loss: 1.131e-01, Loss_res: 3.247e-02,  Loss_bcs: 1.402e-04, Loss_ut_ics: 2.684e-04, Loss_norm: 1.769e-05, Loss_gauge: 0.000e+00, w_pde: 1.00e+00, L^2_error: 1.177e-01, lr: 1.000e-03, Time: 5.63e+01
INFO:src.utils.logger:Model state saved to results\ho\Classical\20260224-200024_seed0_pinn_supermini\checkpoints\2026-02-24_20-00-25-480127_ho_Classical_seed0\model.pth
INFO:src.utils.logger:Model weights saved to results\ho\Classical\20260224-200024_seed0_pinn_supermini\checkpoints\2026-02-24_20-00-25-480127_ho_Classical_seed0\model_weights.pth
INFO:src.utils.logger:It: 1480, Loss: 1.146e-01, Loss_res: 3.464e-02,  Loss_bcs: 1.394e-04, Loss_ut_ics: 2.661e-04, Loss_norm: 1.671e-05, Loss_gauge: 0.000e+00, w_pde: 1.00e+00, L^2_error: 1.173e-01, lr: 1.000e-03, Time: 5.66e+01
INFO:src.utils.logger:Model state saved to results\ho\Classical\20260224-200024_seed0_pinn_supermini\checkpoints\2026-02-24_20-00-25-480127_ho_Classical_seed0\model.pth
INFO:src.utils.logger:Model weights saved to results\ho\Classical\20260224-200024_seed0_pinn_supermini\checkpoints\2026-02-24_20-00-25-480127_ho_Classical_seed0\model_weights.pth
INFO:src.utils.logger:It: 1490, Loss: 1.113e-01, Loss_res: 3.192e-02,  Loss_bcs: 1.350e-04, Loss_ut_ics: 2.640e-04, Loss_norm: 1.554e-05, Loss_gauge: 0.000e+00, w_pde: 1.00e+00, L^2_error: 1.168e-01, lr: 1.000e-03, Time: 5.70e+01
INFO:src.utils.logger:Model state saved to results\ho\Classical\20260224-200024_seed0_pinn_supermini\checkpoints\2026-02-24_20-00-25-480127_ho_Classical_seed0\model.pth
INFO:src.utils.logger:Model weights saved to results\ho\Classical\20260224-200024_seed0_pinn_supermini\checkpoints\2026-02-24_20-00-25-480127_ho_Classical_seed0\model_weights.pth
INFO:src.utils.logger:It: 1500, Loss: 1.148e-01, Loss_res: 3.618e-02,  Loss_bcs: 1.351e-04, Loss_ut_ics: 2.615e-04, Loss_norm: 1.527e-05, Loss_gauge: 0.000e+00, w_pde: 1.00e+00, L^2_error: 1.163e-01, lr: 1.000e-03, Time: 5.74e+01
INFO:src.utils.logger:Model state saved to results\ho\Classical\20260224-200024_seed0_pinn_supermini\checkpoints\2026-02-24_20-00-25-480127_ho_Classical_seed0\model.pth
INFO:src.utils.logger:Model weights saved to results\ho\Classical\20260224-200024_seed0_pinn_supermini\checkpoints\2026-02-24_20-00-25-480127_ho_Classical_seed0\model_weights.pth
