It: 1, Loss: 3.948e+02, Loss_res: 2.153e-02,  Loss_bcs: 1.576e-01, Loss_ut_ics: 1.940e+00, Loss_norm: 7.106e-01, Loss_gauge: 0.000e+00, w_pde: 5.00e-03, L^2_error: 1.335e+00, lr: 1.000e-03, Time: 1.42e+00
Model state saved to ./results/models/checkpoints/smoke_schrodinger\2025-12-21_17-16-11-052218_box_DV\model.pth
Model state saved to ./results/models/checkpoints/smoke_schrodinger\2025-12-21_17-16-11-052218_box_DV\model_weights.pth
It: 50, Loss: 5.365e+01, Loss_res: 7.669e-02,  Loss_bcs: 7.470e-01, Loss_ut_ics: 1.920e-01, Loss_norm: 5.788e-02, Loss_gauge: 0.000e+00, w_pde: 2.50e-01, L^2_error: 9.503e-01, lr: 1.000e-03, Time: 7.41e+01
Model state saved to ./results/models/checkpoints/smoke_schrodinger\2025-12-21_17-16-11-052218_box_DV\model.pth
Model state saved to ./results/models/checkpoints/smoke_schrodinger\2025-12-21_17-16-11-052218_box_DV\model_weights.pth
It: 100, Loss: 5.184e+01, Loss_res: 4.809e-01,  Loss_bcs: 6.254e-01, Loss_ut_ics: 1.923e-01, Loss_norm: 1.275e-01, Loss_gauge: 0.000e+00, w_pde: 5.00e-01, L^2_error: 9.212e-01, lr: 1.000e-03, Time: 1.53e+02
Model state saved to ./results/models/checkpoints/smoke_schrodinger\2025-12-21_17-16-11-052218_box_DV\model.pth
Model state saved to ./results/models/checkpoints/smoke_schrodinger\2025-12-21_17-16-11-052218_box_DV\model_weights.pth
It: 150, Loss: 4.934e+01, Loss_res: 3.295e-01,  Loss_bcs: 6.051e-01, Loss_ut_ics: 1.821e-01, Loss_norm: 1.164e-01, Loss_gauge: 0.000e+00, w_pde: 7.50e-01, L^2_error: 9.157e-01, lr: 1.000e-03, Time: 2.28e+02
Model state saved to ./results/models/checkpoints/smoke_schrodinger\2025-12-21_17-16-11-052218_box_DV\model.pth
Model state saved to ./results/models/checkpoints/smoke_schrodinger\2025-12-21_17-16-11-052218_box_DV\model_weights.pth
It: 200, Loss: 4.190e+01, Loss_res: 6.419e-01,  Loss_bcs: 5.200e-01, Loss_ut_ics: 1.520e-01, Loss_norm: 9.095e-02, Loss_gauge: 0.000e+00, w_pde: 1.00e+00, L^2_error: 9.124e-01, lr: 1.000e-03, Time: 3.00e+02
Model state saved to ./results/models/checkpoints/smoke_schrodinger\2025-12-21_17-16-11-052218_box_DV\model.pth
Model state saved to ./results/models/checkpoints/smoke_schrodinger\2025-12-21_17-16-11-052218_box_DV\model_weights.pth
It: 250, Loss: 2.167e+01, Loss_res: 6.374e+00,  Loss_bcs: 1.879e-01, Loss_ut_ics: 5.650e-02, Loss_norm: 4.827e-02, Loss_gauge: 0.000e+00, w_pde: 1.00e+00, L^2_error: 9.017e-01, lr: 1.000e-03, Time: 3.75e+02
Model state saved to ./results/models/checkpoints/smoke_schrodinger\2025-12-21_17-16-11-052218_box_DV\model.pth
Model state saved to ./results/models/checkpoints/smoke_schrodinger\2025-12-21_17-16-11-052218_box_DV\model_weights.pth
It: 300, Loss: 1.734e+01, Loss_res: 1.121e+01,  Loss_bcs: 8.989e-02, Loss_ut_ics: 2.133e-02, Loss_norm: 1.398e-02, Loss_gauge: 0.000e+00, w_pde: 1.00e+00, L^2_error: 9.310e-01, lr: 1.000e-03, Time: 4.44e+02
Model state saved to ./results/models/checkpoints/smoke_schrodinger\2025-12-21_17-16-11-052218_box_DV\model.pth
Model state saved to ./results/models/checkpoints/smoke_schrodinger\2025-12-21_17-16-11-052218_box_DV\model_weights.pth
It: 1, Loss: 6.306e+00, Loss_res: 1.227e+01,  Loss_bcs: 9.220e-02, Loss_ut_ics: 2.165e-02, Loss_norm: 1.424e-02, Loss_gauge: 0.000e+00, w_pde: 5.00e-03, L^2_error: 9.423e-01, lr: 1.000e-03, Time: 7.71e-01
Model state saved to ./results/models/checkpoints/smoke_schrodinger\2025-12-21_17-16-11-052218_box_DV\model.pth
Model state saved to ./results/models/checkpoints/smoke_schrodinger\2025-12-21_17-16-11-052218_box_DV\model_weights.pth
It: 50, Loss: 5.985e+00, Loss_res: 2.106e+01,  Loss_bcs: 1.218e-02, Loss_ut_ics: 2.316e-03, Loss_norm: 2.723e-03, Loss_gauge: 0.000e+00, w_pde: 2.50e-01, L^2_error: 9.348e-01, lr: 1.000e-03, Time: 4.06e+01
Model state saved to ./results/models/checkpoints/smoke_schrodinger\2025-12-21_17-16-11-052218_box_DV\model.pth
Model state saved to ./results/models/checkpoints/smoke_schrodinger\2025-12-21_17-16-11-052218_box_DV\model_weights.pth
It: 100, Loss: 1.030e+01, Loss_res: 1.683e+01,  Loss_bcs: 2.523e-02, Loss_ut_ics: 6.594e-03, Loss_norm: 1.145e-02, Loss_gauge: 0.000e+00, w_pde: 5.00e-01, L^2_error: 9.192e-01, lr: 1.000e-03, Time: 8.13e+01
Model state saved to ./results/models/checkpoints/smoke_schrodinger\2025-12-21_17-16-11-052218_box_DV\model.pth
Model state saved to ./results/models/checkpoints/smoke_schrodinger\2025-12-21_17-16-11-052218_box_DV\model_weights.pth
It: 150, Loss: 1.196e+01, Loss_res: 1.137e+01,  Loss_bcs: 5.463e-02, Loss_ut_ics: 1.118e-02, Loss_norm: 2.028e-02, Loss_gauge: 0.000e+00, w_pde: 7.50e-01, L^2_error: 9.022e-01, lr: 1.000e-03, Time: 1.24e+02
Model state saved to ./results/models/checkpoints/smoke_schrodinger\2025-12-21_17-16-11-052218_box_DV\model.pth
Model state saved to ./results/models/checkpoints/smoke_schrodinger\2025-12-21_17-16-11-052218_box_DV\model_weights.pth
It: 200, Loss: 1.300e+01, Loss_res: 8.447e+00,  Loss_bcs: 8.634e-02, Loss_ut_ics: 1.358e-02, Loss_norm: 2.273e-02, Loss_gauge: 0.000e+00, w_pde: 1.00e+00, L^2_error: 7.896e-01, lr: 1.000e-03, Time: 1.64e+02
Model state saved to ./results/models/checkpoints/smoke_schrodinger\2025-12-21_17-16-11-052218_box_DV\model.pth
Model state saved to ./results/models/checkpoints/smoke_schrodinger\2025-12-21_17-16-11-052218_box_DV\model_weights.pth
It: 250, Loss: 3.918e+00, Loss_res: 1.601e+00,  Loss_bcs: 9.007e-02, Loss_ut_ics: 2.366e-03, Loss_norm: 8.313e-03, Loss_gauge: 0.000e+00, w_pde: 1.00e+00, L^2_error: 4.270e-01, lr: 1.000e-03, Time: 2.07e+02
Model state saved to ./results/models/checkpoints/smoke_schrodinger\2025-12-21_17-16-11-052218_box_DV\model.pth
Model state saved to ./results/models/checkpoints/smoke_schrodinger\2025-12-21_17-16-11-052218_box_DV\model_weights.pth
It: 300, Loss: 2.349e+00, Loss_res: 9.020e-01,  Loss_bcs: 5.569e-02, Loss_ut_ics: 1.446e-03, Loss_norm: 8.712e-03, Loss_gauge: 0.000e+00, w_pde: 1.00e+00, L^2_error: 3.046e-01, lr: 1.000e-03, Time: 2.47e+02
Model state saved to ./results/models/checkpoints/smoke_schrodinger\2025-12-21_17-16-11-052218_box_DV\model.pth
Model state saved to ./results/models/checkpoints/smoke_schrodinger\2025-12-21_17-16-11-052218_box_DV\model_weights.pth
