checkpoint path: self.log_path='./results/models/checkpoints/schrodinger/2025-08-14_12-00-53-768193'
Using Classical Solver
The settings used:
batch_size : 64
epochs : 2000
lr : 0.001
seed : 42
print_every : 100
log_path : ./results/models/checkpoints/schrodinger
input_dim : 2
output_dim : 2
num_qubits : 5
hidden_dim : 50
num_quantum_layers : 1
classic_network : [2, 50, 2]
q_ansatz : sim_circ_5
mode : hybrid
activation : null
shots : None
problem : schrodinger
solver : Classical
device : cpu
method : None
cutoff_dim : 20
class : CVNeuralNetwork2
encoding : None
eq_params : {'L': 1.0, 'T': 0.2, 'hbar': 1.0, 'mass': 1.0, 'n_level': 3}
Total number of parameters: 7902
It: 1, Loss: 2.409e+00, Loss_res: 6.761e-03,  Loss_bcs: 2.898e-02, Loss_ut_ics: 1.187e+00, lr: 1.000e-03, Time: 3.33e-02
Model state saved to ./results/models/checkpoints/schrodinger/2025-08-14_12-00-53-768193/model.pth
Model state saved to ./results/models/checkpoints/schrodinger/2025-08-14_12-00-53-768193/model_weights.pth
It: 100, Loss: 1.743e+00, Loss_res: 9.202e-04,  Loss_bcs: 1.058e-01, Loss_ut_ics: 8.179e-01, lr: 1.000e-03, Time: 6.40e-01
Model state saved to ./results/models/checkpoints/schrodinger/2025-08-14_12-00-53-768193/model.pth
Model state saved to ./results/models/checkpoints/schrodinger/2025-08-14_12-00-53-768193/model_weights.pth
It: 200, Loss: 1.742e+00, Loss_res: 9.279e-04,  Loss_bcs: 1.054e-01, Loss_ut_ics: 8.178e-01, lr: 1.000e-03, Time: 1.24e+00
Model state saved to ./results/models/checkpoints/schrodinger/2025-08-14_12-00-53-768193/model.pth
Model state saved to ./results/models/checkpoints/schrodinger/2025-08-14_12-00-53-768193/model_weights.pth
It: 300, Loss: 1.736e+00, Loss_res: 1.198e-03,  Loss_bcs: 1.050e-01, Loss_ut_ics: 8.151e-01, lr: 1.000e-03, Time: 1.84e+00
Model state saved to ./results/models/checkpoints/schrodinger/2025-08-14_12-00-53-768193/model.pth
Model state saved to ./results/models/checkpoints/schrodinger/2025-08-14_12-00-53-768193/model_weights.pth
It: 400, Loss: 1.715e+00, Loss_res: 6.155e-03,  Loss_bcs: 1.173e-01, Loss_ut_ics: 7.960e-01, lr: 1.000e-03, Time: 2.45e+00
Model state saved to ./results/models/checkpoints/schrodinger/2025-08-14_12-00-53-768193/model.pth
Model state saved to ./results/models/checkpoints/schrodinger/2025-08-14_12-00-53-768193/model_weights.pth
It: 500, Loss: 1.703e+00, Loss_res: 2.541e-03,  Loss_bcs: 1.143e-01, Loss_ut_ics: 7.930e-01, lr: 1.000e-03, Time: 3.04e+00
Model state saved to ./results/models/checkpoints/schrodinger/2025-08-14_12-00-53-768193/model.pth
Model state saved to ./results/models/checkpoints/schrodinger/2025-08-14_12-00-53-768193/model_weights.pth
It: 600, Loss: 1.691e+00, Loss_res: 4.591e-03,  Loss_bcs: 1.360e-01, Loss_ut_ics: 7.751e-01, lr: 1.000e-03, Time: 3.64e+00
Model state saved to ./results/models/checkpoints/schrodinger/2025-08-14_12-00-53-768193/model.pth
Model state saved to ./results/models/checkpoints/schrodinger/2025-08-14_12-00-53-768193/model_weights.pth
It: 700, Loss: 1.665e+00, Loss_res: 8.225e-03,  Loss_bcs: 1.503e-01, Loss_ut_ics: 7.534e-01, lr: 1.000e-03, Time: 4.24e+00
Model state saved to ./results/models/checkpoints/schrodinger/2025-08-14_12-00-53-768193/model.pth
Model state saved to ./results/models/checkpoints/schrodinger/2025-08-14_12-00-53-768193/model_weights.pth
It: 800, Loss: 1.596e+00, Loss_res: 2.681e-02,  Loss_bcs: 1.590e-01, Loss_ut_ics: 7.053e-01, lr: 1.000e-03, Time: 4.84e+00
Model state saved to ./results/models/checkpoints/schrodinger/2025-08-14_12-00-53-768193/model.pth
Model state saved to ./results/models/checkpoints/schrodinger/2025-08-14_12-00-53-768193/model_weights.pth
It: 900, Loss: 1.488e+00, Loss_res: 4.893e-02,  Loss_bcs: 1.718e-01, Loss_ut_ics: 6.338e-01, lr: 1.000e-03, Time: 5.43e+00
Model state saved to ./results/models/checkpoints/schrodinger/2025-08-14_12-00-53-768193/model.pth
Model state saved to ./results/models/checkpoints/schrodinger/2025-08-14_12-00-53-768193/model_weights.pth
It: 1000, Loss: 1.422e+00, Loss_res: 4.947e-02,  Loss_bcs: 1.902e-01, Loss_ut_ics: 5.914e-01, lr: 1.000e-03, Time: 6.03e+00
Model state saved to ./results/models/checkpoints/schrodinger/2025-08-14_12-00-53-768193/model.pth
Model state saved to ./results/models/checkpoints/schrodinger/2025-08-14_12-00-53-768193/model_weights.pth
It: 1100, Loss: 1.312e+00, Loss_res: 4.786e-02,  Loss_bcs: 1.936e-01, Loss_ut_ics: 5.355e-01, lr: 1.000e-03, Time: 6.63e+00
Model state saved to ./results/models/checkpoints/schrodinger/2025-08-14_12-00-53-768193/model.pth
Model state saved to ./results/models/checkpoints/schrodinger/2025-08-14_12-00-53-768193/model_weights.pth
It: 1200, Loss: 1.175e+00, Loss_res: 4.279e-02,  Loss_bcs: 1.829e-01, Loss_ut_ics: 4.749e-01, lr: 1.000e-03, Time: 7.22e+00
Model state saved to ./results/models/checkpoints/schrodinger/2025-08-14_12-00-53-768193/model.pth
Model state saved to ./results/models/checkpoints/schrodinger/2025-08-14_12-00-53-768193/model_weights.pth
It: 1300, Loss: 1.027e+00, Loss_res: 4.421e-02,  Loss_bcs: 1.687e-01, Loss_ut_ics: 4.071e-01, lr: 1.000e-03, Time: 7.81e+00
Model state saved to ./results/models/checkpoints/schrodinger/2025-08-14_12-00-53-768193/model.pth
Model state saved to ./results/models/checkpoints/schrodinger/2025-08-14_12-00-53-768193/model_weights.pth
It: 1400, Loss: 8.900e-01, Loss_res: 4.403e-02,  Loss_bcs: 1.655e-01, Loss_ut_ics: 3.402e-01, lr: 1.000e-03, Time: 8.42e+00
Model state saved to ./results/models/checkpoints/schrodinger/2025-08-14_12-00-53-768193/model.pth
Model state saved to ./results/models/checkpoints/schrodinger/2025-08-14_12-00-53-768193/model_weights.pth
It: 1500, Loss: 7.537e-01, Loss_res: 3.573e-02,  Loss_bcs: 1.767e-01, Loss_ut_ics: 2.706e-01, lr: 1.000e-03, Time: 9.01e+00
Model state saved to ./results/models/checkpoints/schrodinger/2025-08-14_12-00-53-768193/model.pth
Model state saved to ./results/models/checkpoints/schrodinger/2025-08-14_12-00-53-768193/model_weights.pth
It: 1600, Loss: 6.311e-01, Loss_res: 2.491e-02,  Loss_bcs: 1.816e-01, Loss_ut_ics: 2.123e-01, lr: 1.000e-03, Time: 9.61e+00
Model state saved to ./results/models/checkpoints/schrodinger/2025-08-14_12-00-53-768193/model.pth
Model state saved to ./results/models/checkpoints/schrodinger/2025-08-14_12-00-53-768193/model_weights.pth
It: 1700, Loss: 5.493e-01, Loss_res: 3.180e-02,  Loss_bcs: 1.804e-01, Loss_ut_ics: 1.686e-01, lr: 1.000e-03, Time: 1.02e+01
Model state saved to ./results/models/checkpoints/schrodinger/2025-08-14_12-00-53-768193/model.pth
Model state saved to ./results/models/checkpoints/schrodinger/2025-08-14_12-00-53-768193/model_weights.pth
It: 1800, Loss: 4.787e-01, Loss_res: 2.363e-02,  Loss_bcs: 1.756e-01, Loss_ut_ics: 1.397e-01, lr: 1.000e-03, Time: 1.08e+01
Model state saved to ./results/models/checkpoints/schrodinger/2025-08-14_12-00-53-768193/model.pth
Model state saved to ./results/models/checkpoints/schrodinger/2025-08-14_12-00-53-768193/model_weights.pth
It: 1900, Loss: 4.441e-01, Loss_res: 3.544e-02,  Loss_bcs: 1.739e-01, Loss_ut_ics: 1.174e-01, lr: 1.000e-03, Time: 1.14e+01
Model state saved to ./results/models/checkpoints/schrodinger/2025-08-14_12-00-53-768193/model.pth
Model state saved to ./results/models/checkpoints/schrodinger/2025-08-14_12-00-53-768193/model_weights.pth
It: 2000, Loss: 3.997e-01, Loss_res: 2.097e-02,  Loss_bcs: 1.697e-01, Loss_ut_ics: 1.045e-01, lr: 1.000e-03, Time: 1.20e+01
Model state saved to ./results/models/checkpoints/schrodinger/2025-08-14_12-00-53-768193/model.pth
Model state saved to ./results/models/checkpoints/schrodinger/2025-08-14_12-00-53-768193/model_weights.pth
Model state saved to ./results/models/checkpoints/schrodinger/2025-08-14_12-00-53-768193/model.pth
Model state saved to ./results/models/checkpoints/schrodinger/2025-08-14_12-00-53-768193/model_weights.pth
Training completed successfuly!
