checkpoint path: self.log_path='./results/models/checkpoints/schrodinger/qho/2025-09-12_13-13-57-635741'
Using Classical Solver
The settings used:
batch_size : 64
epochs : 1000
lr : 0.001
seed : 42
print_every : 100
log_path : ./results/models/checkpoints/schrodinger/qho
input_dim : 2
output_dim : 1
num_qubits : 5
hidden_dim : 5
num_quantum_layers : 2
classic_network : [2, 5, 1]
q_ansatz : sim_circ_15
mode : hybrid
activation : null
shots : 1
problem : schrodinger
solver : Classical
device : cpu
method : None
cutoff_dim : 20
class : CVNeuralNetwork2
encoding : angle
eq_params : {'example': 'ho', 'L': 5.0, 'T': 0.1, 'hbar': 1.0, 'mass': 1.0, 'n_level': 0, 'omega': 1.0, 'potential_fn': 'lambda t, x : 0.5 * 1.0 * (1.0**2) * (x**2)'}
noise : False
Total number of parameters: 111
It: 1, Loss: 1.806e-01, Loss_res: 4.420e-06,  Loss_bcs: 1.780e-01, Loss_ut_ics: 1.284e-01, lr: 1.000e-03, Time: 3.71e-02
Model state saved to ./results/models/checkpoints/schrodinger/qho/2025-09-12_13-13-57-635741/model.pth
Model state saved to ./results/models/checkpoints/schrodinger/qho/2025-09-12_13-13-57-635741/model_weights.pth
It: 100, Loss: 2.562e-03, Loss_res: 7.740e-09,  Loss_bcs: 6.388e-04, Loss_ut_ics: 8.605e-02, lr: 1.000e-03, Time: 3.91e-01
Model state saved to ./results/models/checkpoints/schrodinger/qho/2025-09-12_13-13-57-635741/model.pth
Model state saved to ./results/models/checkpoints/schrodinger/qho/2025-09-12_13-13-57-635741/model_weights.pth
It: 200, Loss: 1.846e-03, Loss_res: 1.209e-10,  Loss_bcs: 1.879e-05, Loss_ut_ics: 8.795e-02, lr: 1.000e-03, Time: 7.22e-01
Model state saved to ./results/models/checkpoints/schrodinger/qho/2025-09-12_13-13-57-635741/model.pth
Model state saved to ./results/models/checkpoints/schrodinger/qho/2025-09-12_13-13-57-635741/model_weights.pth
It: 300, Loss: 1.235e-03, Loss_res: 3.125e-11,  Loss_bcs: 1.327e-05, Loss_ut_ics: 3.700e-02, lr: 1.000e-03, Time: 1.06e+00
Model state saved to ./results/models/checkpoints/schrodinger/qho/2025-09-12_13-13-57-635741/model.pth
Model state saved to ./results/models/checkpoints/schrodinger/qho/2025-09-12_13-13-57-635741/model_weights.pth
It: 400, Loss: 9.709e-04, Loss_res: 1.164e-10,  Loss_bcs: 1.749e-05, Loss_ut_ics: 4.302e-03, lr: 1.000e-03, Time: 1.40e+00
Model state saved to ./results/models/checkpoints/schrodinger/qho/2025-09-12_13-13-57-635741/model.pth
Model state saved to ./results/models/checkpoints/schrodinger/qho/2025-09-12_13-13-57-635741/model_weights.pth
It: 500, Loss: 9.002e-04, Loss_res: 5.149e-09,  Loss_bcs: 1.846e-05, Loss_ut_ics: 2.313e-03, lr: 1.000e-03, Time: 1.73e+00
Model state saved to ./results/models/checkpoints/schrodinger/qho/2025-09-12_13-13-57-635741/model.pth
Model state saved to ./results/models/checkpoints/schrodinger/qho/2025-09-12_13-13-57-635741/model_weights.pth
It: 600, Loss: 1.201e-03, Loss_res: 2.028e-07,  Loss_bcs: 8.488e-06, Loss_ut_ics: 4.574e-02, lr: 1.000e-03, Time: 2.06e+00
Model state saved to ./results/models/checkpoints/schrodinger/qho/2025-09-12_13-13-57-635741/model.pth
Model state saved to ./results/models/checkpoints/schrodinger/qho/2025-09-12_13-13-57-635741/model_weights.pth
It: 700, Loss: 4.358e-04, Loss_res: 6.903e-06,  Loss_bcs: 3.187e-06, Loss_ut_ics: 3.247e-03, lr: 1.000e-03, Time: 2.40e+00
Model state saved to ./results/models/checkpoints/schrodinger/qho/2025-09-12_13-13-57-635741/model.pth
Model state saved to ./results/models/checkpoints/schrodinger/qho/2025-09-12_13-13-57-635741/model_weights.pth
It: 800, Loss: 4.571e-04, Loss_res: 3.714e-05,  Loss_bcs: 6.589e-07, Loss_ut_ics: 2.400e-02, lr: 1.000e-03, Time: 2.73e+00
Model state saved to ./results/models/checkpoints/schrodinger/qho/2025-09-12_13-13-57-635741/model.pth
Model state saved to ./results/models/checkpoints/schrodinger/qho/2025-09-12_13-13-57-635741/model_weights.pth
It: 900, Loss: 3.411e-04, Loss_res: 5.763e-05,  Loss_bcs: 6.875e-07, Loss_ut_ics: 1.816e-02, lr: 1.000e-03, Time: 3.07e+00
Model state saved to ./results/models/checkpoints/schrodinger/qho/2025-09-12_13-13-57-635741/model.pth
Model state saved to ./results/models/checkpoints/schrodinger/qho/2025-09-12_13-13-57-635741/model_weights.pth
It: 1000, Loss: 2.555e-04, Loss_res: 9.577e-05,  Loss_bcs: 7.826e-07, Loss_ut_ics: 1.041e-02, lr: 1.000e-03, Time: 3.42e+00
Model state saved to ./results/models/checkpoints/schrodinger/qho/2025-09-12_13-13-57-635741/model.pth
Model state saved to ./results/models/checkpoints/schrodinger/qho/2025-09-12_13-13-57-635741/model_weights.pth
Model state saved to ./results/models/checkpoints/schrodinger/qho/2025-09-12_13-13-57-635741/model.pth
Model state saved to ./results/models/checkpoints/schrodinger/qho/2025-09-12_13-13-57-635741/model_weights.pth
