Using DV Solver
The settings used:
batch_size : 64
epochs : 2000
lr : 0.001
seed : 42
print_every : 10
log_path : ./results/models/checkpoints/schrodinger
input_dim : 2
output_dim : 2
num_qubits : 5
hidden_dim : 50
num_quantum_layers : 1
classic_network : [2, 50, 2]
q_ansatz : sim_circ_19
mode : hybrid
activation : null
shots : None
problem : schrodinger
solver : DV
device : cpu
method : None
cutoff_dim : 20
class : CVNeuralNetwork2
encoding : None
eq_params : {'L': 1.0, 'T': 0.2, 'hbar': 1.0, 'mass': 1.0, 'n_level': 1}
Total number of parameters: 822
The circuit used in the study:
It: 1, Loss: 1.209e+00, Loss_res: 1.075e-03,  Loss_bcs: 8.051e-02, Loss_ut_ics: 5.635e-01, lr: 1.000e-03, Time: 1.28e+00
Model state saved to ./results/models/checkpoints/schrodinger/2025-08-15_10-15-36-183658/model.pth
Model state saved to ./results/models/checkpoints/schrodinger/2025-08-15_10-15-36-183658/model_weights.pth
It: 10, Loss: 8.473e-01, Loss_res: 3.471e-04,  Loss_bcs: 3.559e-01, Loss_ut_ics: 2.455e-01, lr: 1.000e-03, Time: 7.27e+00
Model state saved to ./results/models/checkpoints/schrodinger/2025-08-15_10-15-36-183658/model.pth
Model state saved to ./results/models/checkpoints/schrodinger/2025-08-15_10-15-36-183658/model_weights.pth
It: 20, Loss: 8.618e-01, Loss_res: 4.800e-04,  Loss_bcs: 4.835e-01, Loss_ut_ics: 1.889e-01, lr: 1.000e-03, Time: 1.39e+01
Model state saved to ./results/models/checkpoints/schrodinger/2025-08-15_10-15-36-183658/model.pth
Model state saved to ./results/models/checkpoints/schrodinger/2025-08-15_10-15-36-183658/model_weights.pth
It: 30, Loss: 8.260e-01, Loss_res: 1.438e-03,  Loss_bcs: 3.408e-01, Loss_ut_ics: 2.419e-01, lr: 1.000e-03, Time: 2.06e+01
Model state saved to ./results/models/checkpoints/schrodinger/2025-08-15_10-15-36-183658/model.pth
Model state saved to ./results/models/checkpoints/schrodinger/2025-08-15_10-15-36-183658/model_weights.pth
It: 40, Loss: 8.141e-01, Loss_res: 4.571e-03,  Loss_bcs: 3.175e-01, Loss_ut_ics: 2.460e-01, lr: 1.000e-03, Time: 2.79e+01
Model state saved to ./results/models/checkpoints/schrodinger/2025-08-15_10-15-36-183658/model.pth
Model state saved to ./results/models/checkpoints/schrodinger/2025-08-15_10-15-36-183658/model_weights.pth
It: 50, Loss: 7.913e-01, Loss_res: 1.105e-02,  Loss_bcs: 3.644e-01, Loss_ut_ics: 2.079e-01, lr: 1.000e-03, Time: 3.50e+01
Model state saved to ./results/models/checkpoints/schrodinger/2025-08-15_10-15-36-183658/model.pth
Model state saved to ./results/models/checkpoints/schrodinger/2025-08-15_10-15-36-183658/model_weights.pth
It: 60, Loss: 7.666e-01, Loss_res: 1.989e-02,  Loss_bcs: 3.419e-01, Loss_ut_ics: 2.024e-01, lr: 1.000e-03, Time: 4.18e+01
Model state saved to ./results/models/checkpoints/schrodinger/2025-08-15_10-15-36-183658/model.pth
Model state saved to ./results/models/checkpoints/schrodinger/2025-08-15_10-15-36-183658/model_weights.pth
It: 70, Loss: 7.385e-01, Loss_res: 1.978e-02,  Loss_bcs: 3.474e-01, Loss_ut_ics: 1.857e-01, lr: 1.000e-03, Time: 4.88e+01
Model state saved to ./results/models/checkpoints/schrodinger/2025-08-15_10-15-36-183658/model.pth
Model state saved to ./results/models/checkpoints/schrodinger/2025-08-15_10-15-36-183658/model_weights.pth
It: 80, Loss: 7.133e-01, Loss_res: 1.516e-02,  Loss_bcs: 3.659e-01, Loss_ut_ics: 1.661e-01, lr: 1.000e-03, Time: 5.57e+01
Model state saved to ./results/models/checkpoints/schrodinger/2025-08-15_10-15-36-183658/model.pth
Model state saved to ./results/models/checkpoints/schrodinger/2025-08-15_10-15-36-183658/model_weights.pth
It: 90, Loss: 6.897e-01, Loss_res: 1.325e-02,  Loss_bcs: 3.668e-01, Loss_ut_ics: 1.548e-01, lr: 1.000e-03, Time: 6.26e+01
Model state saved to ./results/models/checkpoints/schrodinger/2025-08-15_10-15-36-183658/model.pth
Model state saved to ./results/models/checkpoints/schrodinger/2025-08-15_10-15-36-183658/model_weights.pth
It: 100, Loss: 6.627e-01, Loss_res: 1.637e-02,  Loss_bcs: 3.633e-01, Loss_ut_ics: 1.415e-01, lr: 1.000e-03, Time: 6.97e+01
Model state saved to ./results/models/checkpoints/schrodinger/2025-08-15_10-15-36-183658/model.pth
Model state saved to ./results/models/checkpoints/schrodinger/2025-08-15_10-15-36-183658/model_weights.pth
It: 110, Loss: 6.264e-01, Loss_res: 1.933e-02,  Loss_bcs: 3.427e-01, Loss_ut_ics: 1.322e-01, lr: 1.000e-03, Time: 7.71e+01
Model state saved to ./results/models/checkpoints/schrodinger/2025-08-15_10-15-36-183658/model.pth
Model state saved to ./results/models/checkpoints/schrodinger/2025-08-15_10-15-36-183658/model_weights.pth
It: 120, Loss: 5.770e-01, Loss_res: 2.013e-02,  Loss_bcs: 3.071e-01, Loss_ut_ics: 1.249e-01, lr: 1.000e-03, Time: 8.41e+01
Model state saved to ./results/models/checkpoints/schrodinger/2025-08-15_10-15-36-183658/model.pth
Model state saved to ./results/models/checkpoints/schrodinger/2025-08-15_10-15-36-183658/model_weights.pth
It: 130, Loss: 5.142e-01, Loss_res: 2.881e-02,  Loss_bcs: 2.614e-01, Loss_ut_ics: 1.120e-01, lr: 1.000e-03, Time: 9.11e+01
Model state saved to ./results/models/checkpoints/schrodinger/2025-08-15_10-15-36-183658/model.pth
Model state saved to ./results/models/checkpoints/schrodinger/2025-08-15_10-15-36-183658/model_weights.pth
It: 140, Loss: 4.478e-01, Loss_res: 5.156e-02,  Loss_bcs: 2.092e-01, Loss_ut_ics: 9.352e-02, lr: 1.000e-03, Time: 9.77e+01
Model state saved to ./results/models/checkpoints/schrodinger/2025-08-15_10-15-36-183658/model.pth
Model state saved to ./results/models/checkpoints/schrodinger/2025-08-15_10-15-36-183658/model_weights.pth
It: 150, Loss: 3.898e-01, Loss_res: 7.184e-02,  Loss_bcs: 1.652e-01, Loss_ut_ics: 7.637e-02, lr: 1.000e-03, Time: 1.04e+02
Model state saved to ./results/models/checkpoints/schrodinger/2025-08-15_10-15-36-183658/model.pth
Model state saved to ./results/models/checkpoints/schrodinger/2025-08-15_10-15-36-183658/model_weights.pth
It: 160, Loss: 3.286e-01, Loss_res: 5.827e-02,  Loss_bcs: 1.421e-01, Loss_ut_ics: 6.413e-02, lr: 1.000e-03, Time: 1.11e+02
Model state saved to ./results/models/checkpoints/schrodinger/2025-08-15_10-15-36-183658/model.pth
Model state saved to ./results/models/checkpoints/schrodinger/2025-08-15_10-15-36-183658/model_weights.pth
It: 170, Loss: 2.667e-01, Loss_res: 3.827e-02,  Loss_bcs: 1.226e-01, Loss_ut_ics: 5.290e-02, lr: 1.000e-03, Time: 1.18e+02
Model state saved to ./results/models/checkpoints/schrodinger/2025-08-15_10-15-36-183658/model.pth
Model state saved to ./results/models/checkpoints/schrodinger/2025-08-15_10-15-36-183658/model_weights.pth
It: 180, Loss: 2.130e-01, Loss_res: 3.238e-02,  Loss_bcs: 9.814e-02, Loss_ut_ics: 4.125e-02, lr: 1.000e-03, Time: 1.25e+02
Model state saved to ./results/models/checkpoints/schrodinger/2025-08-15_10-15-36-183658/model.pth
Model state saved to ./results/models/checkpoints/schrodinger/2025-08-15_10-15-36-183658/model_weights.pth
It: 190, Loss: 1.810e-01, Loss_res: 3.716e-02,  Loss_bcs: 8.149e-02, Loss_ut_ics: 3.116e-02, lr: 1.000e-03, Time: 1.31e+02
Model state saved to ./results/models/checkpoints/schrodinger/2025-08-15_10-15-36-183658/model.pth
Model state saved to ./results/models/checkpoints/schrodinger/2025-08-15_10-15-36-183658/model_weights.pth
It: 200, Loss: 1.638e-01, Loss_res: 3.789e-02,  Loss_bcs: 7.376e-02, Loss_ut_ics: 2.610e-02, lr: 1.000e-03, Time: 1.38e+02
Model state saved to ./results/models/checkpoints/schrodinger/2025-08-15_10-15-36-183658/model.pth
Model state saved to ./results/models/checkpoints/schrodinger/2025-08-15_10-15-36-183658/model_weights.pth
It: 210, Loss: 1.503e-01, Loss_res: 3.133e-02,  Loss_bcs: 6.709e-02, Loss_ut_ics: 2.593e-02, lr: 1.000e-03, Time: 1.45e+02
Model state saved to ./results/models/checkpoints/schrodinger/2025-08-15_10-15-36-183658/model.pth
Model state saved to ./results/models/checkpoints/schrodinger/2025-08-15_10-15-36-183658/model_weights.pth
It: 220, Loss: 1.409e-01, Loss_res: 2.646e-02,  Loss_bcs: 6.344e-02, Loss_ut_ics: 2.551e-02, lr: 1.000e-03, Time: 1.51e+02
Model state saved to ./results/models/checkpoints/schrodinger/2025-08-15_10-15-36-183658/model.pth
Model state saved to ./results/models/checkpoints/schrodinger/2025-08-15_10-15-36-183658/model_weights.pth
It: 230, Loss: 1.336e-01, Loss_res: 2.413e-02,  Loss_bcs: 6.139e-02, Loss_ut_ics: 2.403e-02, lr: 1.000e-03, Time: 1.58e+02
Model state saved to ./results/models/checkpoints/schrodinger/2025-08-15_10-15-36-183658/model.pth
Model state saved to ./results/models/checkpoints/schrodinger/2025-08-15_10-15-36-183658/model_weights.pth
It: 240, Loss: 1.268e-01, Loss_res: 2.321e-02,  Loss_bcs: 5.848e-02, Loss_ut_ics: 2.255e-02, lr: 1.000e-03, Time: 1.64e+02
Model state saved to ./results/models/checkpoints/schrodinger/2025-08-15_10-15-36-183658/model.pth
Model state saved to ./results/models/checkpoints/schrodinger/2025-08-15_10-15-36-183658/model_weights.pth
It: 250, Loss: 1.201e-01, Loss_res: 2.208e-02,  Loss_bcs: 5.552e-02, Loss_ut_ics: 2.123e-02, lr: 1.000e-03, Time: 1.71e+02
Model state saved to ./results/models/checkpoints/schrodinger/2025-08-15_10-15-36-183658/model.pth
Model state saved to ./results/models/checkpoints/schrodinger/2025-08-15_10-15-36-183658/model_weights.pth
It: 260, Loss: 1.129e-01, Loss_res: 2.072e-02,  Loss_bcs: 5.207e-02, Loss_ut_ics: 2.006e-02, lr: 1.000e-03, Time: 1.77e+02
Model state saved to ./results/models/checkpoints/schrodinger/2025-08-15_10-15-36-183658/model.pth
Model state saved to ./results/models/checkpoints/schrodinger/2025-08-15_10-15-36-183658/model_weights.pth
It: 270, Loss: 1.051e-01, Loss_res: 1.980e-02,  Loss_bcs: 4.780e-02, Loss_ut_ics: 1.874e-02, lr: 1.000e-03, Time: 1.84e+02
Model state saved to ./results/models/checkpoints/schrodinger/2025-08-15_10-15-36-183658/model.pth
Model state saved to ./results/models/checkpoints/schrodinger/2025-08-15_10-15-36-183658/model_weights.pth
It: 280, Loss: 9.642e-02, Loss_res: 1.919e-02,  Loss_bcs: 4.276e-02, Loss_ut_ics: 1.724e-02, lr: 1.000e-03, Time: 1.90e+02
Model state saved to ./results/models/checkpoints/schrodinger/2025-08-15_10-15-36-183658/model.pth
Model state saved to ./results/models/checkpoints/schrodinger/2025-08-15_10-15-36-183658/model_weights.pth
It: 290, Loss: 8.692e-02, Loss_res: 1.836e-02,  Loss_bcs: 3.740e-02, Loss_ut_ics: 1.558e-02, lr: 1.000e-03, Time: 1.97e+02
Model state saved to ./results/models/checkpoints/schrodinger/2025-08-15_10-15-36-183658/model.pth
Model state saved to ./results/models/checkpoints/schrodinger/2025-08-15_10-15-36-183658/model_weights.pth
It: 300, Loss: 7.655e-02, Loss_res: 1.680e-02,  Loss_bcs: 3.200e-02, Loss_ut_ics: 1.387e-02, lr: 1.000e-03, Time: 2.03e+02
Model state saved to ./results/models/checkpoints/schrodinger/2025-08-15_10-15-36-183658/model.pth
Model state saved to ./results/models/checkpoints/schrodinger/2025-08-15_10-15-36-183658/model_weights.pth
It: 310, Loss: 6.529e-02, Loss_res: 1.437e-02,  Loss_bcs: 2.670e-02, Loss_ut_ics: 1.211e-02, lr: 1.000e-03, Time: 2.10e+02
Model state saved to ./results/models/checkpoints/schrodinger/2025-08-15_10-15-36-183658/model.pth
Model state saved to ./results/models/checkpoints/schrodinger/2025-08-15_10-15-36-183658/model_weights.pth
It: 320, Loss: 5.331e-02, Loss_res: 1.125e-02,  Loss_bcs: 2.150e-02, Loss_ut_ics: 1.028e-02, lr: 1.000e-03, Time: 2.16e+02
Model state saved to ./results/models/checkpoints/schrodinger/2025-08-15_10-15-36-183658/model.pth
Model state saved to ./results/models/checkpoints/schrodinger/2025-08-15_10-15-36-183658/model_weights.pth
It: 330, Loss: 4.144e-02, Loss_res: 8.072e-03,  Loss_bcs: 1.647e-02, Loss_ut_ics: 8.446e-03, lr: 1.000e-03, Time: 2.22e+02
Model state saved to ./results/models/checkpoints/schrodinger/2025-08-15_10-15-36-183658/model.pth
Model state saved to ./results/models/checkpoints/schrodinger/2025-08-15_10-15-36-183658/model_weights.pth
It: 340, Loss: 3.274e-02, Loss_res: 6.341e-03,  Loss_bcs: 1.268e-02, Loss_ut_ics: 6.858e-03, lr: 1.000e-03, Time: 2.29e+02
Model state saved to ./results/models/checkpoints/schrodinger/2025-08-15_10-15-36-183658/model.pth
Model state saved to ./results/models/checkpoints/schrodinger/2025-08-15_10-15-36-183658/model_weights.pth
It: 350, Loss: 2.581e-02, Loss_res: 5.203e-03,  Loss_bcs: 9.148e-03, Loss_ut_ics: 5.731e-03, lr: 1.000e-03, Time: 2.37e+02
Model state saved to ./results/models/checkpoints/schrodinger/2025-08-15_10-15-36-183658/model.pth
Model state saved to ./results/models/checkpoints/schrodinger/2025-08-15_10-15-36-183658/model_weights.pth
It: 360, Loss: 2.155e-02, Loss_res: 4.462e-03,  Loss_bcs: 7.190e-03, Loss_ut_ics: 4.948e-03, lr: 1.000e-03, Time: 2.44e+02
Model state saved to ./results/models/checkpoints/schrodinger/2025-08-15_10-15-36-183658/model.pth
Model state saved to ./results/models/checkpoints/schrodinger/2025-08-15_10-15-36-183658/model_weights.pth
It: 370, Loss: 1.934e-02, Loss_res: 4.201e-03,  Loss_bcs: 6.191e-03, Loss_ut_ics: 4.471e-03, lr: 1.000e-03, Time: 2.51e+02
Model state saved to ./results/models/checkpoints/schrodinger/2025-08-15_10-15-36-183658/model.pth
Model state saved to ./results/models/checkpoints/schrodinger/2025-08-15_10-15-36-183658/model_weights.pth
It: 380, Loss: 1.800e-02, Loss_res: 3.885e-03,  Loss_bcs: 5.699e-03, Loss_ut_ics: 4.210e-03, lr: 1.000e-03, Time: 2.58e+02
Model state saved to ./results/models/checkpoints/schrodinger/2025-08-15_10-15-36-183658/model.pth
Model state saved to ./results/models/checkpoints/schrodinger/2025-08-15_10-15-36-183658/model_weights.pth
It: 390, Loss: 1.715e-02, Loss_res: 3.478e-03,  Loss_bcs: 5.564e-03, Loss_ut_ics: 4.052e-03, lr: 1.000e-03, Time: 2.65e+02
Model state saved to ./results/models/checkpoints/schrodinger/2025-08-15_10-15-36-183658/model.pth
Model state saved to ./results/models/checkpoints/schrodinger/2025-08-15_10-15-36-183658/model_weights.pth
It: 400, Loss: 1.648e-02, Loss_res: 3.100e-03,  Loss_bcs: 5.463e-03, Loss_ut_ics: 3.960e-03, lr: 1.000e-03, Time: 2.71e+02
Model state saved to ./results/models/checkpoints/schrodinger/2025-08-15_10-15-36-183658/model.pth
Model state saved to ./results/models/checkpoints/schrodinger/2025-08-15_10-15-36-183658/model_weights.pth
It: 410, Loss: 1.590e-02, Loss_res: 2.729e-03,  Loss_bcs: 5.377e-03, Loss_ut_ics: 3.898e-03, lr: 1.000e-03, Time: 2.78e+02
Model state saved to ./results/models/checkpoints/schrodinger/2025-08-15_10-15-36-183658/model.pth
Model state saved to ./results/models/checkpoints/schrodinger/2025-08-15_10-15-36-183658/model_weights.pth
It: 420, Loss: 1.537e-02, Loss_res: 2.392e-03,  Loss_bcs: 5.295e-03, Loss_ut_ics: 3.839e-03, lr: 1.000e-03, Time: 2.85e+02
Model state saved to ./results/models/checkpoints/schrodinger/2025-08-15_10-15-36-183658/model.pth
Model state saved to ./results/models/checkpoints/schrodinger/2025-08-15_10-15-36-183658/model_weights.pth
It: 430, Loss: 1.487e-02, Loss_res: 2.106e-03,  Loss_bcs: 5.209e-03, Loss_ut_ics: 3.775e-03, lr: 1.000e-03, Time: 2.92e+02
Model state saved to ./results/models/checkpoints/schrodinger/2025-08-15_10-15-36-183658/model.pth
Model state saved to ./results/models/checkpoints/schrodinger/2025-08-15_10-15-36-183658/model_weights.pth
It: 440, Loss: 1.439e-02, Loss_res: 1.865e-03,  Loss_bcs: 5.115e-03, Loss_ut_ics: 3.706e-03, lr: 1.000e-03, Time: 2.99e+02
Model state saved to ./results/models/checkpoints/schrodinger/2025-08-15_10-15-36-183658/model.pth
Model state saved to ./results/models/checkpoints/schrodinger/2025-08-15_10-15-36-183658/model_weights.pth
It: 450, Loss: 1.394e-02, Loss_res: 1.662e-03,  Loss_bcs: 5.013e-03, Loss_ut_ics: 3.633e-03, lr: 1.000e-03, Time: 3.06e+02
Model state saved to ./results/models/checkpoints/schrodinger/2025-08-15_10-15-36-183658/model.pth
Model state saved to ./results/models/checkpoints/schrodinger/2025-08-15_10-15-36-183658/model_weights.pth
It: 460, Loss: 1.351e-02, Loss_res: 1.490e-03,  Loss_bcs: 4.906e-03, Loss_ut_ics: 3.555e-03, lr: 1.000e-03, Time: 3.13e+02
Model state saved to ./results/models/checkpoints/schrodinger/2025-08-15_10-15-36-183658/model.pth
Model state saved to ./results/models/checkpoints/schrodinger/2025-08-15_10-15-36-183658/model_weights.pth
It: 470, Loss: 1.308e-02, Loss_res: 1.343e-03,  Loss_bcs: 4.792e-03, Loss_ut_ics: 3.474e-03, lr: 1.000e-03, Time: 3.19e+02
Model state saved to ./results/models/checkpoints/schrodinger/2025-08-15_10-15-36-183658/model.pth
Model state saved to ./results/models/checkpoints/schrodinger/2025-08-15_10-15-36-183658/model_weights.pth
It: 480, Loss: 1.267e-02, Loss_res: 1.217e-03,  Loss_bcs: 4.674e-03, Loss_ut_ics: 3.391e-03, lr: 1.000e-03, Time: 3.26e+02
Model state saved to ./results/models/checkpoints/schrodinger/2025-08-15_10-15-36-183658/model.pth
Model state saved to ./results/models/checkpoints/schrodinger/2025-08-15_10-15-36-183658/model_weights.pth
It: 490, Loss: 1.238e-02, Loss_res: 1.237e-03,  Loss_bcs: 4.547e-03, Loss_ut_ics: 3.298e-03, lr: 1.000e-03, Time: 3.32e+02
Model state saved to ./results/models/checkpoints/schrodinger/2025-08-15_10-15-36-183658/model.pth
Model state saved to ./results/models/checkpoints/schrodinger/2025-08-15_10-15-36-183658/model_weights.pth
It: 500, Loss: 1.191e-02, Loss_res: 1.015e-03,  Loss_bcs: 4.444e-03, Loss_ut_ics: 3.225e-03, lr: 1.000e-03, Time: 3.39e+02
Model state saved to ./results/models/checkpoints/schrodinger/2025-08-15_10-15-36-183658/model.pth
Model state saved to ./results/models/checkpoints/schrodinger/2025-08-15_10-15-36-183658/model_weights.pth
It: 510, Loss: 1.152e-02, Loss_res: 9.577e-04,  Loss_bcs: 4.300e-03, Loss_ut_ics: 3.131e-03, lr: 1.000e-03, Time: 3.45e+02
Model state saved to ./results/models/checkpoints/schrodinger/2025-08-15_10-15-36-183658/model.pth
Model state saved to ./results/models/checkpoints/schrodinger/2025-08-15_10-15-36-183658/model_weights.pth
It: 520, Loss: 1.114e-02, Loss_res: 8.577e-04,  Loss_bcs: 4.182e-03, Loss_ut_ics: 3.048e-03, lr: 1.000e-03, Time: 3.52e+02
Model state saved to ./results/models/checkpoints/schrodinger/2025-08-15_10-15-36-183658/model.pth
Model state saved to ./results/models/checkpoints/schrodinger/2025-08-15_10-15-36-183658/model_weights.pth
It: 530, Loss: 1.075e-02, Loss_res: 7.806e-04,  Loss_bcs: 4.050e-03, Loss_ut_ics: 2.960e-03, lr: 1.000e-03, Time: 3.59e+02
Model state saved to ./results/models/checkpoints/schrodinger/2025-08-15_10-15-36-183658/model.pth
Model state saved to ./results/models/checkpoints/schrodinger/2025-08-15_10-15-36-183658/model_weights.pth
It: 540, Loss: 1.038e-02, Loss_res: 7.058e-04,  Loss_bcs: 3.927e-03, Loss_ut_ics: 2.873e-03, lr: 1.000e-03, Time: 3.65e+02
Model state saved to ./results/models/checkpoints/schrodinger/2025-08-15_10-15-36-183658/model.pth
Model state saved to ./results/models/checkpoints/schrodinger/2025-08-15_10-15-36-183658/model_weights.pth
It: 550, Loss: 1.002e-02, Loss_res: 6.520e-04,  Loss_bcs: 3.802e-03, Loss_ut_ics: 2.784e-03, lr: 1.000e-03, Time: 3.72e+02
Model state saved to ./results/models/checkpoints/schrodinger/2025-08-15_10-15-36-183658/model.pth
Model state saved to ./results/models/checkpoints/schrodinger/2025-08-15_10-15-36-183658/model_weights.pth
It: 560, Loss: 1.022e-02, Loss_res: 1.077e-03,  Loss_bcs: 3.723e-03, Loss_ut_ics: 2.711e-03, lr: 1.000e-03, Time: 3.78e+02
Model state saved to ./results/models/checkpoints/schrodinger/2025-08-15_10-15-36-183658/model.pth
Model state saved to ./results/models/checkpoints/schrodinger/2025-08-15_10-15-36-183658/model_weights.pth
It: 570, Loss: 9.379e-03, Loss_res: 6.544e-04,  Loss_bcs: 3.514e-03, Loss_ut_ics: 2.605e-03, lr: 1.000e-03, Time: 3.85e+02
Model state saved to ./results/models/checkpoints/schrodinger/2025-08-15_10-15-36-183658/model.pth
Model state saved to ./results/models/checkpoints/schrodinger/2025-08-15_10-15-36-183658/model_weights.pth
It: 580, Loss: 9.009e-03, Loss_res: 5.814e-04,  Loss_bcs: 3.390e-03, Loss_ut_ics: 2.519e-03, lr: 1.000e-03, Time: 3.91e+02
Model state saved to ./results/models/checkpoints/schrodinger/2025-08-15_10-15-36-183658/model.pth
Model state saved to ./results/models/checkpoints/schrodinger/2025-08-15_10-15-36-183658/model_weights.pth
It: 590, Loss: 8.615e-03, Loss_res: 4.608e-04,  Loss_bcs: 3.282e-03, Loss_ut_ics: 2.436e-03, lr: 1.000e-03, Time: 3.98e+02
Model state saved to ./results/models/checkpoints/schrodinger/2025-08-15_10-15-36-183658/model.pth
Model state saved to ./results/models/checkpoints/schrodinger/2025-08-15_10-15-36-183658/model_weights.pth
It: 600, Loss: 8.267e-03, Loss_res: 4.214e-04,  Loss_bcs: 3.150e-03, Loss_ut_ics: 2.348e-03, lr: 1.000e-03, Time: 4.04e+02
Model state saved to ./results/models/checkpoints/schrodinger/2025-08-15_10-15-36-183658/model.pth
Model state saved to ./results/models/checkpoints/schrodinger/2025-08-15_10-15-36-183658/model_weights.pth
It: 610, Loss: 7.928e-03, Loss_res: 3.942e-04,  Loss_bcs: 3.016e-03, Loss_ut_ics: 2.259e-03, lr: 1.000e-03, Time: 4.11e+02
Model state saved to ./results/models/checkpoints/schrodinger/2025-08-15_10-15-36-183658/model.pth
Model state saved to ./results/models/checkpoints/schrodinger/2025-08-15_10-15-36-183658/model_weights.pth
It: 620, Loss: 7.589e-03, Loss_res: 3.565e-04,  Loss_bcs: 2.890e-03, Loss_ut_ics: 2.171e-03, lr: 1.000e-03, Time: 4.18e+02
Model state saved to ./results/models/checkpoints/schrodinger/2025-08-15_10-15-36-183658/model.pth
Model state saved to ./results/models/checkpoints/schrodinger/2025-08-15_10-15-36-183658/model_weights.pth
It: 630, Loss: 7.258e-03, Loss_res: 3.237e-04,  Loss_bcs: 2.766e-03, Loss_ut_ics: 2.084e-03, lr: 1.000e-03, Time: 4.24e+02
Model state saved to ./results/models/checkpoints/schrodinger/2025-08-15_10-15-36-183658/model.pth
Model state saved to ./results/models/checkpoints/schrodinger/2025-08-15_10-15-36-183658/model_weights.pth
It: 640, Loss: 7.073e-03, Loss_res: 4.078e-04,  Loss_bcs: 2.660e-03, Loss_ut_ics: 2.003e-03, lr: 1.000e-03, Time: 4.31e+02
Model state saved to ./results/models/checkpoints/schrodinger/2025-08-15_10-15-36-183658/model.pth
Model state saved to ./results/models/checkpoints/schrodinger/2025-08-15_10-15-36-183658/model_weights.pth
It: 650, Loss: 6.670e-03, Loss_res: 3.555e-04,  Loss_bcs: 2.501e-03, Loss_ut_ics: 1.907e-03, lr: 1.000e-03, Time: 4.38e+02
Model state saved to ./results/models/checkpoints/schrodinger/2025-08-15_10-15-36-183658/model.pth
Model state saved to ./results/models/checkpoints/schrodinger/2025-08-15_10-15-36-183658/model_weights.pth
It: 660, Loss: 6.384e-03, Loss_res: 3.131e-04,  Loss_bcs: 2.408e-03, Loss_ut_ics: 1.832e-03, lr: 1.000e-03, Time: 4.45e+02
Model state saved to ./results/models/checkpoints/schrodinger/2025-08-15_10-15-36-183658/model.pth
Model state saved to ./results/models/checkpoints/schrodinger/2025-08-15_10-15-36-183658/model_weights.pth
It: 670, Loss: 6.018e-03, Loss_res: 2.315e-04,  Loss_bcs: 2.281e-03, Loss_ut_ics: 1.753e-03, lr: 1.000e-03, Time: 4.51e+02
Model state saved to ./results/models/checkpoints/schrodinger/2025-08-15_10-15-36-183658/model.pth
Model state saved to ./results/models/checkpoints/schrodinger/2025-08-15_10-15-36-183658/model_weights.pth
It: 680, Loss: 5.714e-03, Loss_res: 2.077e-04,  Loss_bcs: 2.165e-03, Loss_ut_ics: 1.671e-03, lr: 1.000e-03, Time: 4.58e+02
Model state saved to ./results/models/checkpoints/schrodinger/2025-08-15_10-15-36-183658/model.pth
Model state saved to ./results/models/checkpoints/schrodinger/2025-08-15_10-15-36-183658/model_weights.pth
It: 690, Loss: 5.415e-03, Loss_res: 1.828e-04,  Loss_bcs: 2.057e-03, Loss_ut_ics: 1.588e-03, lr: 1.000e-03, Time: 4.64e+02
Model state saved to ./results/models/checkpoints/schrodinger/2025-08-15_10-15-36-183658/model.pth
Model state saved to ./results/models/checkpoints/schrodinger/2025-08-15_10-15-36-183658/model_weights.pth
It: 700, Loss: 5.129e-03, Loss_res: 1.620e-04,  Loss_bcs: 1.948e-03, Loss_ut_ics: 1.510e-03, lr: 1.000e-03, Time: 4.71e+02
Model state saved to ./results/models/checkpoints/schrodinger/2025-08-15_10-15-36-183658/model.pth
Model state saved to ./results/models/checkpoints/schrodinger/2025-08-15_10-15-36-183658/model_weights.pth
It: 710, Loss: 4.858e-03, Loss_res: 1.506e-04,  Loss_bcs: 1.842e-03, Loss_ut_ics: 1.432e-03, lr: 1.000e-03, Time: 4.77e+02
Model state saved to ./results/models/checkpoints/schrodinger/2025-08-15_10-15-36-183658/model.pth
Model state saved to ./results/models/checkpoints/schrodinger/2025-08-15_10-15-36-183658/model_weights.pth
It: 720, Loss: 4.699e-03, Loss_res: 2.519e-04,  Loss_bcs: 1.733e-03, Loss_ut_ics: 1.357e-03, lr: 1.000e-03, Time: 4.84e+02
Model state saved to ./results/models/checkpoints/schrodinger/2025-08-15_10-15-36-183658/model.pth
Model state saved to ./results/models/checkpoints/schrodinger/2025-08-15_10-15-36-183658/model_weights.pth
It: 730, Loss: 4.360e-03, Loss_res: 1.465e-04,  Loss_bcs: 1.644e-03, Loss_ut_ics: 1.285e-03, lr: 1.000e-03, Time: 4.91e+02
Model state saved to ./results/models/checkpoints/schrodinger/2025-08-15_10-15-36-183658/model.pth
Model state saved to ./results/models/checkpoints/schrodinger/2025-08-15_10-15-36-183658/model_weights.pth
It: 740, Loss: 4.319e-03, Loss_res: 3.339e-04,  Loss_bcs: 1.549e-03, Loss_ut_ics: 1.218e-03, lr: 1.000e-03, Time: 4.97e+02
Model state saved to ./results/models/checkpoints/schrodinger/2025-08-15_10-15-36-183658/model.pth
Model state saved to ./results/models/checkpoints/schrodinger/2025-08-15_10-15-36-183658/model_weights.pth
It: 750, Loss: 3.916e-03, Loss_res: 1.360e-04,  Loss_bcs: 1.473e-03, Loss_ut_ics: 1.154e-03, lr: 1.000e-03, Time: 5.04e+02
Model state saved to ./results/models/checkpoints/schrodinger/2025-08-15_10-15-36-183658/model.pth
Model state saved to ./results/models/checkpoints/schrodinger/2025-08-15_10-15-36-183658/model_weights.pth
It: 760, Loss: 3.680e-03, Loss_res: 8.799e-05,  Loss_bcs: 1.404e-03, Loss_ut_ics: 1.094e-03, lr: 1.000e-03, Time: 5.11e+02
Model state saved to ./results/models/checkpoints/schrodinger/2025-08-15_10-15-36-183658/model.pth
Model state saved to ./results/models/checkpoints/schrodinger/2025-08-15_10-15-36-183658/model_weights.pth
It: 770, Loss: 3.466e-03, Loss_res: 7.363e-05,  Loss_bcs: 1.328e-03, Loss_ut_ics: 1.032e-03, lr: 1.000e-03, Time: 5.17e+02
Model state saved to ./results/models/checkpoints/schrodinger/2025-08-15_10-15-36-183658/model.pth
Model state saved to ./results/models/checkpoints/schrodinger/2025-08-15_10-15-36-183658/model_weights.pth
It: 780, Loss: 3.273e-03, Loss_res: 7.143e-05,  Loss_bcs: 1.254e-03, Loss_ut_ics: 9.737e-04, lr: 1.000e-03, Time: 5.24e+02
Model state saved to ./results/models/checkpoints/schrodinger/2025-08-15_10-15-36-183658/model.pth
Model state saved to ./results/models/checkpoints/schrodinger/2025-08-15_10-15-36-183658/model_weights.pth
It: 790, Loss: 3.187e-03, Loss_res: 1.385e-04,  Loss_bcs: 1.195e-03, Loss_ut_ics: 9.267e-04, lr: 1.000e-03, Time: 5.31e+02
Model state saved to ./results/models/checkpoints/schrodinger/2025-08-15_10-15-36-183658/model.pth
Model state saved to ./results/models/checkpoints/schrodinger/2025-08-15_10-15-36-183658/model_weights.pth
It: 800, Loss: 3.120e-03, Loss_res: 2.705e-04,  Loss_bcs: 1.126e-03, Loss_ut_ics: 8.618e-04, lr: 1.000e-03, Time: 5.37e+02
Model state saved to ./results/models/checkpoints/schrodinger/2025-08-15_10-15-36-183658/model.pth
Model state saved to ./results/models/checkpoints/schrodinger/2025-08-15_10-15-36-183658/model_weights.pth
It: 810, Loss: 2.804e-03, Loss_res: 9.926e-05,  Loss_bcs: 1.075e-03, Loss_ut_ics: 8.150e-04, lr: 1.000e-03, Time: 5.44e+02
Model state saved to ./results/models/checkpoints/schrodinger/2025-08-15_10-15-36-183658/model.pth
Model state saved to ./results/models/checkpoints/schrodinger/2025-08-15_10-15-36-183658/model_weights.pth
It: 820, Loss: 2.621e-03, Loss_res: 5.519e-05,  Loss_bcs: 1.025e-03, Loss_ut_ics: 7.705e-04, lr: 1.000e-03, Time: 5.51e+02
Model state saved to ./results/models/checkpoints/schrodinger/2025-08-15_10-15-36-183658/model.pth
Model state saved to ./results/models/checkpoints/schrodinger/2025-08-15_10-15-36-183658/model_weights.pth
It: 830, Loss: 2.474e-03, Loss_res: 4.056e-05,  Loss_bcs: 9.774e-04, Loss_ut_ics: 7.283e-04, lr: 1.000e-03, Time: 5.57e+02
Model state saved to ./results/models/checkpoints/schrodinger/2025-08-15_10-15-36-183658/model.pth
Model state saved to ./results/models/checkpoints/schrodinger/2025-08-15_10-15-36-183658/model_weights.pth
It: 840, Loss: 2.356e-03, Loss_res: 5.062e-05,  Loss_bcs: 9.302e-04, Loss_ut_ics: 6.874e-04, lr: 1.000e-03, Time: 5.64e+02
Model state saved to ./results/models/checkpoints/schrodinger/2025-08-15_10-15-36-183658/model.pth
Model state saved to ./results/models/checkpoints/schrodinger/2025-08-15_10-15-36-183658/model_weights.pth
It: 850, Loss: 4.028e-03, Loss_res: 1.815e-03,  Loss_bcs: 8.969e-04, Loss_ut_ics: 6.581e-04, lr: 1.000e-03, Time: 5.72e+02
Model state saved to ./results/models/checkpoints/schrodinger/2025-08-15_10-15-36-183658/model.pth
Model state saved to ./results/models/checkpoints/schrodinger/2025-08-15_10-15-36-183658/model_weights.pth
It: 860, Loss: 2.545e-03, Loss_res: 4.605e-04,  Loss_bcs: 8.527e-04, Loss_ut_ics: 6.158e-04, lr: 1.000e-03, Time: 5.79e+02
Model state saved to ./results/models/checkpoints/schrodinger/2025-08-15_10-15-36-183658/model.pth
Model state saved to ./results/models/checkpoints/schrodinger/2025-08-15_10-15-36-183658/model_weights.pth
It: 870, Loss: 2.199e-03, Loss_res: 2.102e-04,  Loss_bcs: 8.197e-04, Loss_ut_ics: 5.847e-04, lr: 1.000e-03, Time: 5.86e+02
Model state saved to ./results/models/checkpoints/schrodinger/2025-08-15_10-15-36-183658/model.pth
Model state saved to ./results/models/checkpoints/schrodinger/2025-08-15_10-15-36-183658/model_weights.pth
It: 880, Loss: 1.989e-03, Loss_res: 8.845e-05,  Loss_bcs: 7.905e-04, Loss_ut_ics: 5.551e-04, lr: 1.000e-03, Time: 5.93e+02
Model state saved to ./results/models/checkpoints/schrodinger/2025-08-15_10-15-36-183658/model.pth
Model state saved to ./results/models/checkpoints/schrodinger/2025-08-15_10-15-36-183658/model_weights.pth
It: 890, Loss: 1.859e-03, Loss_res: 4.073e-05,  Loss_bcs: 7.635e-04, Loss_ut_ics: 5.276e-04, lr: 1.000e-03, Time: 6.00e+02
Model state saved to ./results/models/checkpoints/schrodinger/2025-08-15_10-15-36-183658/model.pth
Model state saved to ./results/models/checkpoints/schrodinger/2025-08-15_10-15-36-183658/model_weights.pth
It: 900, Loss: 1.766e-03, Loss_res: 2.379e-05,  Loss_bcs: 7.387e-04, Loss_ut_ics: 5.019e-04, lr: 1.000e-03, Time: 6.06e+02
Model state saved to ./results/models/checkpoints/schrodinger/2025-08-15_10-15-36-183658/model.pth
Model state saved to ./results/models/checkpoints/schrodinger/2025-08-15_10-15-36-183658/model_weights.pth
It: 910, Loss: 1.687e-03, Loss_res: 1.661e-05,  Loss_bcs: 7.157e-04, Loss_ut_ics: 4.773e-04, lr: 1.000e-03, Time: 6.13e+02
Model state saved to ./results/models/checkpoints/schrodinger/2025-08-15_10-15-36-183658/model.pth
Model state saved to ./results/models/checkpoints/schrodinger/2025-08-15_10-15-36-183658/model_weights.pth
It: 920, Loss: 1.615e-03, Loss_res: 1.345e-05,  Loss_bcs: 6.936e-04, Loss_ut_ics: 4.538e-04, lr: 1.000e-03, Time: 6.20e+02
Model state saved to ./results/models/checkpoints/schrodinger/2025-08-15_10-15-36-183658/model.pth
Model state saved to ./results/models/checkpoints/schrodinger/2025-08-15_10-15-36-183658/model_weights.pth
It: 930, Loss: 1.550e-03, Loss_res: 1.215e-05,  Loss_bcs: 6.734e-04, Loss_ut_ics: 4.325e-04, lr: 1.000e-03, Time: 6.27e+02
Model state saved to ./results/models/checkpoints/schrodinger/2025-08-15_10-15-36-183658/model.pth
Model state saved to ./results/models/checkpoints/schrodinger/2025-08-15_10-15-36-183658/model_weights.pth
It: 940, Loss: 1.490e-03, Loss_res: 1.084e-05,  Loss_bcs: 6.550e-04, Loss_ut_ics: 4.123e-04, lr: 1.000e-03, Time: 6.34e+02
Model state saved to ./results/models/checkpoints/schrodinger/2025-08-15_10-15-36-183658/model.pth
Model state saved to ./results/models/checkpoints/schrodinger/2025-08-15_10-15-36-183658/model_weights.pth
It: 950, Loss: 1.435e-03, Loss_res: 9.688e-06,  Loss_bcs: 6.380e-04, Loss_ut_ics: 3.935e-04, lr: 1.000e-03, Time: 6.41e+02
Model state saved to ./results/models/checkpoints/schrodinger/2025-08-15_10-15-36-183658/model.pth
Model state saved to ./results/models/checkpoints/schrodinger/2025-08-15_10-15-36-183658/model_weights.pth
It: 960, Loss: 1.383e-03, Loss_res: 8.610e-06,  Loss_bcs: 6.224e-04, Loss_ut_ics: 3.762e-04, lr: 1.000e-03, Time: 6.48e+02
Model state saved to ./results/models/checkpoints/schrodinger/2025-08-15_10-15-36-183658/model.pth
Model state saved to ./results/models/checkpoints/schrodinger/2025-08-15_10-15-36-183658/model_weights.pth
It: 970, Loss: 1.376e-03, Loss_res: 4.149e-05,  Loss_bcs: 6.096e-04, Loss_ut_ics: 3.624e-04, lr: 1.000e-03, Time: 6.54e+02
Model state saved to ./results/models/checkpoints/schrodinger/2025-08-15_10-15-36-183658/model.pth
Model state saved to ./results/models/checkpoints/schrodinger/2025-08-15_10-15-36-183658/model_weights.pth
It: 980, Loss: 1.606e-03, Loss_res: 3.025e-04,  Loss_bcs: 5.997e-04, Loss_ut_ics: 3.518e-04, lr: 1.000e-03, Time: 6.62e+02
Model state saved to ./results/models/checkpoints/schrodinger/2025-08-15_10-15-36-183658/model.pth
Model state saved to ./results/models/checkpoints/schrodinger/2025-08-15_10-15-36-183658/model_weights.pth
It: 990, Loss: 1.324e-03, Loss_res: 7.774e-05,  Loss_bcs: 5.847e-04, Loss_ut_ics: 3.308e-04, lr: 1.000e-03, Time: 6.68e+02
Model state saved to ./results/models/checkpoints/schrodinger/2025-08-15_10-15-36-183658/model.pth
Model state saved to ./results/models/checkpoints/schrodinger/2025-08-15_10-15-36-183658/model_weights.pth
It: 1000, Loss: 1.255e-03, Loss_res: 4.321e-05,  Loss_bcs: 5.702e-04, Loss_ut_ics: 3.207e-04, lr: 1.000e-03, Time: 6.75e+02
Model state saved to ./results/models/checkpoints/schrodinger/2025-08-15_10-15-36-183658/model.pth
Model state saved to ./results/models/checkpoints/schrodinger/2025-08-15_10-15-36-183658/model_weights.pth
It: 1010, Loss: 1.205e-03, Loss_res: 2.507e-05,  Loss_bcs: 5.638e-04, Loss_ut_ics: 3.082e-04, lr: 1.000e-03, Time: 6.82e+02
Model state saved to ./results/models/checkpoints/schrodinger/2025-08-15_10-15-36-183658/model.pth
Model state saved to ./results/models/checkpoints/schrodinger/2025-08-15_10-15-36-183658/model_weights.pth
It: 1020, Loss: 1.158e-03, Loss_res: 1.113e-05,  Loss_bcs: 5.524e-04, Loss_ut_ics: 2.972e-04, lr: 1.000e-03, Time: 6.90e+02
Model state saved to ./results/models/checkpoints/schrodinger/2025-08-15_10-15-36-183658/model.pth
Model state saved to ./results/models/checkpoints/schrodinger/2025-08-15_10-15-36-183658/model_weights.pth
It: 1030, Loss: 1.128e-03, Loss_res: 8.765e-06,  Loss_bcs: 5.437e-04, Loss_ut_ics: 2.876e-04, lr: 1.000e-03, Time: 6.96e+02
Model state saved to ./results/models/checkpoints/schrodinger/2025-08-15_10-15-36-183658/model.pth
Model state saved to ./results/models/checkpoints/schrodinger/2025-08-15_10-15-36-183658/model_weights.pth
It: 1040, Loss: 1.162e-03, Loss_res: 6.559e-05,  Loss_bcs: 5.347e-04, Loss_ut_ics: 2.807e-04, lr: 1.000e-03, Time: 7.03e+02
Model state saved to ./results/models/checkpoints/schrodinger/2025-08-15_10-15-36-183658/model.pth
Model state saved to ./results/models/checkpoints/schrodinger/2025-08-15_10-15-36-183658/model_weights.pth
It: 1050, Loss: 1.719e-03, Loss_res: 6.204e-04,  Loss_bcs: 5.302e-04, Loss_ut_ics: 2.841e-04, lr: 1.000e-03, Time: 7.11e+02
Model state saved to ./results/models/checkpoints/schrodinger/2025-08-15_10-15-36-183658/model.pth
Model state saved to ./results/models/checkpoints/schrodinger/2025-08-15_10-15-36-183658/model_weights.pth
It: 1060, Loss: 1.123e-03, Loss_res: 8.316e-05,  Loss_bcs: 5.222e-04, Loss_ut_ics: 2.589e-04, lr: 1.000e-03, Time: 7.18e+02
Model state saved to ./results/models/checkpoints/schrodinger/2025-08-15_10-15-36-183658/model.pth
Model state saved to ./results/models/checkpoints/schrodinger/2025-08-15_10-15-36-183658/model_weights.pth
It: 1070, Loss: 1.098e-03, Loss_res: 6.543e-05,  Loss_bcs: 5.201e-04, Loss_ut_ics: 2.563e-04, lr: 1.000e-03, Time: 7.25e+02
Model state saved to ./results/models/checkpoints/schrodinger/2025-08-15_10-15-36-183658/model.pth
Model state saved to ./results/models/checkpoints/schrodinger/2025-08-15_10-15-36-183658/model_weights.pth
It: 1080, Loss: 1.009e-03, Loss_res: 6.787e-06,  Loss_bcs: 5.085e-04, Loss_ut_ics: 2.467e-04, lr: 1.000e-03, Time: 7.32e+02
Model state saved to ./results/models/checkpoints/schrodinger/2025-08-15_10-15-36-183658/model.pth
Model state saved to ./results/models/checkpoints/schrodinger/2025-08-15_10-15-36-183658/model_weights.pth
It: 1090, Loss: 9.974e-04, Loss_res: 1.368e-05,  Loss_bcs: 5.014e-04, Loss_ut_ics: 2.412e-04, lr: 1.000e-03, Time: 7.39e+02
Model state saved to ./results/models/checkpoints/schrodinger/2025-08-15_10-15-36-183658/model.pth
Model state saved to ./results/models/checkpoints/schrodinger/2025-08-15_10-15-36-183658/model_weights.pth
It: 1100, Loss: 9.724e-04, Loss_res: 5.726e-06,  Loss_bcs: 4.988e-04, Loss_ut_ics: 2.339e-04, lr: 1.000e-03, Time: 7.46e+02
Model state saved to ./results/models/checkpoints/schrodinger/2025-08-15_10-15-36-183658/model.pth
Model state saved to ./results/models/checkpoints/schrodinger/2025-08-15_10-15-36-183658/model_weights.pth
It: 1110, Loss: 9.529e-04, Loss_res: 4.295e-06,  Loss_bcs: 4.924e-04, Loss_ut_ics: 2.281e-04, lr: 1.000e-03, Time: 7.53e+02
Model state saved to ./results/models/checkpoints/schrodinger/2025-08-15_10-15-36-183658/model.pth
Model state saved to ./results/models/checkpoints/schrodinger/2025-08-15_10-15-36-183658/model_weights.pth
It: 1120, Loss: 9.382e-04, Loss_res: 5.782e-06,  Loss_bcs: 4.874e-04, Loss_ut_ics: 2.225e-04, lr: 1.000e-03, Time: 7.60e+02
Model state saved to ./results/models/checkpoints/schrodinger/2025-08-15_10-15-36-183658/model.pth
Model state saved to ./results/models/checkpoints/schrodinger/2025-08-15_10-15-36-183658/model_weights.pth
It: 1130, Loss: 1.010e-03, Loss_res: 9.459e-05,  Loss_bcs: 4.845e-04, Loss_ut_ics: 2.157e-04, lr: 1.000e-03, Time: 7.66e+02
Model state saved to ./results/models/checkpoints/schrodinger/2025-08-15_10-15-36-183658/model.pth
Model state saved to ./results/models/checkpoints/schrodinger/2025-08-15_10-15-36-183658/model_weights.pth
It: 1140, Loss: 1.402e-03, Loss_res: 4.908e-04,  Loss_bcs: 4.903e-04, Loss_ut_ics: 2.106e-04, lr: 1.000e-03, Time: 7.73e+02
Model state saved to ./results/models/checkpoints/schrodinger/2025-08-15_10-15-36-183658/model.pth
Model state saved to ./results/models/checkpoints/schrodinger/2025-08-15_10-15-36-183658/model_weights.pth
It: 1150, Loss: 9.573e-04, Loss_res: 6.924e-05,  Loss_bcs: 4.689e-04, Loss_ut_ics: 2.096e-04, lr: 1.000e-03, Time: 7.80e+02
Model state saved to ./results/models/checkpoints/schrodinger/2025-08-15_10-15-36-183658/model.pth
Model state saved to ./results/models/checkpoints/schrodinger/2025-08-15_10-15-36-183658/model_weights.pth
It: 1160, Loss: 9.294e-04, Loss_res: 4.796e-05,  Loss_bcs: 4.647e-04, Loss_ut_ics: 2.084e-04, lr: 1.000e-03, Time: 7.87e+02
Model state saved to ./results/models/checkpoints/schrodinger/2025-08-15_10-15-36-183658/model.pth
Model state saved to ./results/models/checkpoints/schrodinger/2025-08-15_10-15-36-183658/model_weights.pth
It: 1170, Loss: 8.963e-04, Loss_res: 2.753e-05,  Loss_bcs: 4.659e-04, Loss_ut_ics: 2.015e-04, lr: 1.000e-03, Time: 7.94e+02
Model state saved to ./results/models/checkpoints/schrodinger/2025-08-15_10-15-36-183658/model.pth
Model state saved to ./results/models/checkpoints/schrodinger/2025-08-15_10-15-36-183658/model_weights.pth
It: 1180, Loss: 8.601e-04, Loss_res: 4.907e-06,  Loss_bcs: 4.583e-04, Loss_ut_ics: 1.985e-04, lr: 1.000e-03, Time: 8.00e+02
Model state saved to ./results/models/checkpoints/schrodinger/2025-08-15_10-15-36-183658/model.pth
Model state saved to ./results/models/checkpoints/schrodinger/2025-08-15_10-15-36-183658/model_weights.pth
It: 1190, Loss: 8.480e-04, Loss_res: 5.453e-06,  Loss_bcs: 4.545e-04, Loss_ut_ics: 1.941e-04, lr: 1.000e-03, Time: 8.07e+02
Model state saved to ./results/models/checkpoints/schrodinger/2025-08-15_10-15-36-183658/model.pth
Model state saved to ./results/models/checkpoints/schrodinger/2025-08-15_10-15-36-183658/model_weights.pth
It: 1200, Loss: 8.354e-04, Loss_res: 2.495e-06,  Loss_bcs: 4.507e-04, Loss_ut_ics: 1.911e-04, lr: 1.000e-03, Time: 8.13e+02
Model state saved to ./results/models/checkpoints/schrodinger/2025-08-15_10-15-36-183658/model.pth
Model state saved to ./results/models/checkpoints/schrodinger/2025-08-15_10-15-36-183658/model_weights.pth
It: 1210, Loss: 8.244e-04, Loss_res: 2.452e-06,  Loss_bcs: 4.469e-04, Loss_ut_ics: 1.875e-04, lr: 1.000e-03, Time: 8.20e+02
Model state saved to ./results/models/checkpoints/schrodinger/2025-08-15_10-15-36-183658/model.pth
Model state saved to ./results/models/checkpoints/schrodinger/2025-08-15_10-15-36-183658/model_weights.pth
It: 1220, Loss: 8.137e-04, Loss_res: 1.806e-06,  Loss_bcs: 4.426e-04, Loss_ut_ics: 1.846e-04, lr: 1.000e-03, Time: 8.27e+02
Model state saved to ./results/models/checkpoints/schrodinger/2025-08-15_10-15-36-183658/model.pth
Model state saved to ./results/models/checkpoints/schrodinger/2025-08-15_10-15-36-183658/model_weights.pth
It: 1230, Loss: 8.037e-04, Loss_res: 1.603e-06,  Loss_bcs: 4.385e-04, Loss_ut_ics: 1.818e-04, lr: 1.000e-03, Time: 8.35e+02
Model state saved to ./results/models/checkpoints/schrodinger/2025-08-15_10-15-36-183658/model.pth
Model state saved to ./results/models/checkpoints/schrodinger/2025-08-15_10-15-36-183658/model_weights.pth
It: 1240, Loss: 7.943e-04, Loss_res: 1.527e-06,  Loss_bcs: 4.346e-04, Loss_ut_ics: 1.791e-04, lr: 1.000e-03, Time: 8.42e+02
Model state saved to ./results/models/checkpoints/schrodinger/2025-08-15_10-15-36-183658/model.pth
Model state saved to ./results/models/checkpoints/schrodinger/2025-08-15_10-15-36-183658/model_weights.pth
It: 1250, Loss: 7.938e-04, Loss_res: 1.036e-05,  Loss_bcs: 4.317e-04, Loss_ut_ics: 1.758e-04, lr: 1.000e-03, Time: 8.49e+02
Model state saved to ./results/models/checkpoints/schrodinger/2025-08-15_10-15-36-183658/model.pth
Model state saved to ./results/models/checkpoints/schrodinger/2025-08-15_10-15-36-183658/model_weights.pth
It: 1260, Loss: 2.138e-03, Loss_res: 1.319e-03,  Loss_bcs: 4.604e-04, Loss_ut_ics: 1.790e-04, lr: 1.000e-03, Time: 8.56e+02
Model state saved to ./results/models/checkpoints/schrodinger/2025-08-15_10-15-36-183658/model.pth
Model state saved to ./results/models/checkpoints/schrodinger/2025-08-15_10-15-36-183658/model_weights.pth
It: 1270, Loss: 9.595e-04, Loss_res: 1.812e-04,  Loss_bcs: 4.186e-04, Loss_ut_ics: 1.798e-04, lr: 1.000e-03, Time: 8.63e+02
Model state saved to ./results/models/checkpoints/schrodinger/2025-08-15_10-15-36-183658/model.pth
Model state saved to ./results/models/checkpoints/schrodinger/2025-08-15_10-15-36-183658/model_weights.pth
It: 1280, Loss: 8.308e-04, Loss_res: 6.853e-05,  Loss_bcs: 4.191e-04, Loss_ut_ics: 1.716e-04, lr: 1.000e-03, Time: 8.70e+02
Model state saved to ./results/models/checkpoints/schrodinger/2025-08-15_10-15-36-183658/model.pth
Model state saved to ./results/models/checkpoints/schrodinger/2025-08-15_10-15-36-183658/model_weights.pth
It: 1290, Loss: 8.330e-04, Loss_res: 7.850e-05,  Loss_bcs: 4.172e-04, Loss_ut_ics: 1.686e-04, lr: 1.000e-03, Time: 8.77e+02
Model state saved to ./results/models/checkpoints/schrodinger/2025-08-15_10-15-36-183658/model.pth
Model state saved to ./results/models/checkpoints/schrodinger/2025-08-15_10-15-36-183658/model_weights.pth
It: 1300, Loss: 7.547e-04, Loss_res: 9.511e-06,  Loss_bcs: 4.110e-04, Loss_ut_ics: 1.671e-04, lr: 1.000e-03, Time: 8.84e+02
Model state saved to ./results/models/checkpoints/schrodinger/2025-08-15_10-15-36-183658/model.pth
Model state saved to ./results/models/checkpoints/schrodinger/2025-08-15_10-15-36-183658/model_weights.pth
It: 1310, Loss: 7.398e-04, Loss_res: 2.291e-06,  Loss_bcs: 4.078e-04, Loss_ut_ics: 1.648e-04, lr: 1.000e-03, Time: 8.91e+02
Model state saved to ./results/models/checkpoints/schrodinger/2025-08-15_10-15-36-183658/model.pth
Model state saved to ./results/models/checkpoints/schrodinger/2025-08-15_10-15-36-183658/model_weights.pth
It: 1320, Loss: 7.336e-04, Loss_res: 3.649e-06,  Loss_bcs: 4.054e-04, Loss_ut_ics: 1.623e-04, lr: 1.000e-03, Time: 8.98e+02
Model state saved to ./results/models/checkpoints/schrodinger/2025-08-15_10-15-36-183658/model.pth
Model state saved to ./results/models/checkpoints/schrodinger/2025-08-15_10-15-36-183658/model_weights.pth
It: 1330, Loss: 7.257e-04, Loss_res: 2.398e-06,  Loss_bcs: 4.015e-04, Loss_ut_ics: 1.609e-04, lr: 1.000e-03, Time: 9.05e+02
Model state saved to ./results/models/checkpoints/schrodinger/2025-08-15_10-15-36-183658/model.pth
Model state saved to ./results/models/checkpoints/schrodinger/2025-08-15_10-15-36-183658/model_weights.pth
It: 1340, Loss: 7.181e-04, Loss_res: 1.911e-06,  Loss_bcs: 3.984e-04, Loss_ut_ics: 1.589e-04, lr: 1.000e-03, Time: 9.12e+02
Model state saved to ./results/models/checkpoints/schrodinger/2025-08-15_10-15-36-183658/model.pth
Model state saved to ./results/models/checkpoints/schrodinger/2025-08-15_10-15-36-183658/model_weights.pth
It: 1350, Loss: 7.110e-04, Loss_res: 1.360e-06,  Loss_bcs: 3.947e-04, Loss_ut_ics: 1.575e-04, lr: 1.000e-03, Time: 9.18e+02
Model state saved to ./results/models/checkpoints/schrodinger/2025-08-15_10-15-36-183658/model.pth
Model state saved to ./results/models/checkpoints/schrodinger/2025-08-15_10-15-36-183658/model_weights.pth
It: 1360, Loss: 7.042e-04, Loss_res: 1.289e-06,  Loss_bcs: 3.915e-04, Loss_ut_ics: 1.557e-04, lr: 1.000e-03, Time: 9.25e+02
Model state saved to ./results/models/checkpoints/schrodinger/2025-08-15_10-15-36-183658/model.pth
Model state saved to ./results/models/checkpoints/schrodinger/2025-08-15_10-15-36-183658/model_weights.pth
It: 1370, Loss: 6.977e-04, Loss_res: 1.232e-06,  Loss_bcs: 3.882e-04, Loss_ut_ics: 1.541e-04, lr: 1.000e-03, Time: 9.31e+02
Model state saved to ./results/models/checkpoints/schrodinger/2025-08-15_10-15-36-183658/model.pth
Model state saved to ./results/models/checkpoints/schrodinger/2025-08-15_10-15-36-183658/model_weights.pth
It: 1380, Loss: 6.913e-04, Loss_res: 1.309e-06,  Loss_bcs: 3.849e-04, Loss_ut_ics: 1.525e-04, lr: 1.000e-03, Time: 9.38e+02
Model state saved to ./results/models/checkpoints/schrodinger/2025-08-15_10-15-36-183658/model.pth
Model state saved to ./results/models/checkpoints/schrodinger/2025-08-15_10-15-36-183658/model_weights.pth
It: 1390, Loss: 6.865e-04, Loss_res: 2.927e-06,  Loss_bcs: 3.821e-04, Loss_ut_ics: 1.507e-04, lr: 1.000e-03, Time: 9.45e+02
Model state saved to ./results/models/checkpoints/schrodinger/2025-08-15_10-15-36-183658/model.pth
Model state saved to ./results/models/checkpoints/schrodinger/2025-08-15_10-15-36-183658/model_weights.pth
It: 1400, Loss: 7.712e-04, Loss_res: 9.302e-05,  Loss_bcs: 3.836e-04, Loss_ut_ics: 1.473e-04, lr: 1.000e-03, Time: 9.51e+02
Model state saved to ./results/models/checkpoints/schrodinger/2025-08-15_10-15-36-183658/model.pth
Model state saved to ./results/models/checkpoints/schrodinger/2025-08-15_10-15-36-183658/model_weights.pth
It: 1410, Loss: 1.448e-03, Loss_res: 7.618e-04,  Loss_bcs: 3.947e-04, Loss_ut_ics: 1.458e-04, lr: 1.000e-03, Time: 9.58e+02
Model state saved to ./results/models/checkpoints/schrodinger/2025-08-15_10-15-36-183658/model.pth
Model state saved to ./results/models/checkpoints/schrodinger/2025-08-15_10-15-36-183658/model_weights.pth
It: 1420, Loss: 8.127e-04, Loss_res: 1.413e-04,  Loss_bcs: 3.776e-04, Loss_ut_ics: 1.470e-04, lr: 1.000e-03, Time: 9.65e+02
Model state saved to ./results/models/checkpoints/schrodinger/2025-08-15_10-15-36-183658/model.pth
Model state saved to ./results/models/checkpoints/schrodinger/2025-08-15_10-15-36-183658/model_weights.pth
It: 1430, Loss: 6.826e-04, Loss_res: 2.238e-05,  Loss_bcs: 3.646e-04, Loss_ut_ics: 1.478e-04, lr: 1.000e-03, Time: 9.71e+02
Model state saved to ./results/models/checkpoints/schrodinger/2025-08-15_10-15-36-183658/model.pth
Model state saved to ./results/models/checkpoints/schrodinger/2025-08-15_10-15-36-183658/model_weights.pth
It: 1440, Loss: 7.010e-04, Loss_res: 4.529e-05,  Loss_bcs: 3.606e-04, Loss_ut_ics: 1.476e-04, lr: 1.000e-03, Time: 9.78e+02
Model state saved to ./results/models/checkpoints/schrodinger/2025-08-15_10-15-36-183658/model.pth
Model state saved to ./results/models/checkpoints/schrodinger/2025-08-15_10-15-36-183658/model_weights.pth
It: 1450, Loss: 6.527e-04, Loss_res: 3.797e-06,  Loss_bcs: 3.607e-04, Loss_ut_ics: 1.441e-04, lr: 1.000e-03, Time: 9.84e+02
Model state saved to ./results/models/checkpoints/schrodinger/2025-08-15_10-15-36-183658/model.pth
Model state saved to ./results/models/checkpoints/schrodinger/2025-08-15_10-15-36-183658/model_weights.pth
It: 1460, Loss: 6.496e-04, Loss_res: 5.672e-06,  Loss_bcs: 3.602e-04, Loss_ut_ics: 1.419e-04, lr: 1.000e-03, Time: 9.91e+02
Model state saved to ./results/models/checkpoints/schrodinger/2025-08-15_10-15-36-183658/model.pth
Model state saved to ./results/models/checkpoints/schrodinger/2025-08-15_10-15-36-183658/model_weights.pth
It: 1470, Loss: 6.395e-04, Loss_res: 1.504e-06,  Loss_bcs: 3.564e-04, Loss_ut_ics: 1.408e-04, lr: 1.000e-03, Time: 9.97e+02
Model state saved to ./results/models/checkpoints/schrodinger/2025-08-15_10-15-36-183658/model.pth
Model state saved to ./results/models/checkpoints/schrodinger/2025-08-15_10-15-36-183658/model_weights.pth
It: 1480, Loss: 6.348e-04, Loss_res: 1.910e-06,  Loss_bcs: 3.525e-04, Loss_ut_ics: 1.402e-04, lr: 1.000e-03, Time: 1.00e+03
Model state saved to ./results/models/checkpoints/schrodinger/2025-08-15_10-15-36-183658/model.pth
Model state saved to ./results/models/checkpoints/schrodinger/2025-08-15_10-15-36-183658/model_weights.pth
It: 1490, Loss: 6.289e-04, Loss_res: 1.200e-06,  Loss_bcs: 3.502e-04, Loss_ut_ics: 1.388e-04, lr: 1.000e-03, Time: 1.01e+03
Model state saved to ./results/models/checkpoints/schrodinger/2025-08-15_10-15-36-183658/model.pth
Model state saved to ./results/models/checkpoints/schrodinger/2025-08-15_10-15-36-183658/model_weights.pth
It: 1500, Loss: 6.237e-04, Loss_res: 1.049e-06,  Loss_bcs: 3.467e-04, Loss_ut_ics: 1.380e-04, lr: 1.000e-03, Time: 1.02e+03
Model state saved to ./results/models/checkpoints/schrodinger/2025-08-15_10-15-36-183658/model.pth
Model state saved to ./results/models/checkpoints/schrodinger/2025-08-15_10-15-36-183658/model_weights.pth
It: 1510, Loss: 6.282e-04, Loss_res: 8.601e-06,  Loss_bcs: 3.441e-04, Loss_ut_ics: 1.377e-04, lr: 1.000e-03, Time: 1.02e+03
Model state saved to ./results/models/checkpoints/schrodinger/2025-08-15_10-15-36-183658/model.pth
Model state saved to ./results/models/checkpoints/schrodinger/2025-08-15_10-15-36-183658/model_weights.pth
It: 1520, Loss: 1.104e-03, Loss_res: 4.519e-04,  Loss_bcs: 3.510e-04, Loss_ut_ics: 1.508e-04, lr: 1.000e-03, Time: 1.03e+03
Model state saved to ./results/models/checkpoints/schrodinger/2025-08-15_10-15-36-183658/model.pth
Model state saved to ./results/models/checkpoints/schrodinger/2025-08-15_10-15-36-183658/model_weights.pth
It: 1530, Loss: 7.496e-04, Loss_res: 1.412e-04,  Loss_bcs: 3.391e-04, Loss_ut_ics: 1.347e-04, lr: 1.000e-03, Time: 1.04e+03
Model state saved to ./results/models/checkpoints/schrodinger/2025-08-15_10-15-36-183658/model.pth
Model state saved to ./results/models/checkpoints/schrodinger/2025-08-15_10-15-36-183658/model_weights.pth
It: 1540, Loss: 6.269e-04, Loss_res: 2.517e-05,  Loss_bcs: 3.321e-04, Loss_ut_ics: 1.348e-04, lr: 1.000e-03, Time: 1.04e+03
Model state saved to ./results/models/checkpoints/schrodinger/2025-08-15_10-15-36-183658/model.pth
Model state saved to ./results/models/checkpoints/schrodinger/2025-08-15_10-15-36-183658/model_weights.pth
It: 1550, Loss: 6.093e-04, Loss_res: 1.012e-05,  Loss_bcs: 3.326e-04, Loss_ut_ics: 1.333e-04, lr: 1.000e-03, Time: 1.05e+03
Model state saved to ./results/models/checkpoints/schrodinger/2025-08-15_10-15-36-183658/model.pth
Model state saved to ./results/models/checkpoints/schrodinger/2025-08-15_10-15-36-183658/model_weights.pth
It: 1560, Loss: 5.987e-04, Loss_res: 4.933e-06,  Loss_bcs: 3.298e-04, Loss_ut_ics: 1.320e-04, lr: 1.000e-03, Time: 1.06e+03
Model state saved to ./results/models/checkpoints/schrodinger/2025-08-15_10-15-36-183658/model.pth
Model state saved to ./results/models/checkpoints/schrodinger/2025-08-15_10-15-36-183658/model_weights.pth
It: 1570, Loss: 5.937e-04, Loss_res: 5.713e-06,  Loss_bcs: 3.250e-04, Loss_ut_ics: 1.315e-04, lr: 1.000e-03, Time: 1.06e+03
Model state saved to ./results/models/checkpoints/schrodinger/2025-08-15_10-15-36-183658/model.pth
Model state saved to ./results/models/checkpoints/schrodinger/2025-08-15_10-15-36-183658/model_weights.pth
It: 1580, Loss: 5.847e-04, Loss_res: 1.240e-06,  Loss_bcs: 3.231e-04, Loss_ut_ics: 1.302e-04, lr: 1.000e-03, Time: 1.07e+03
Model state saved to ./results/models/checkpoints/schrodinger/2025-08-15_10-15-36-183658/model.pth
Model state saved to ./results/models/checkpoints/schrodinger/2025-08-15_10-15-36-183658/model_weights.pth
It: 1590, Loss: 5.801e-04, Loss_res: 9.921e-07,  Loss_bcs: 3.208e-04, Loss_ut_ics: 1.292e-04, lr: 1.000e-03, Time: 1.08e+03
Model state saved to ./results/models/checkpoints/schrodinger/2025-08-15_10-15-36-183658/model.pth
Model state saved to ./results/models/checkpoints/schrodinger/2025-08-15_10-15-36-183658/model_weights.pth
It: 1600, Loss: 5.759e-04, Loss_res: 2.086e-06,  Loss_bcs: 3.180e-04, Loss_ut_ics: 1.279e-04, lr: 1.000e-03, Time: 1.08e+03
Model state saved to ./results/models/checkpoints/schrodinger/2025-08-15_10-15-36-183658/model.pth
Model state saved to ./results/models/checkpoints/schrodinger/2025-08-15_10-15-36-183658/model_weights.pth
It: 1610, Loss: 5.972e-04, Loss_res: 2.772e-05,  Loss_bcs: 3.176e-04, Loss_ut_ics: 1.259e-04, lr: 1.000e-03, Time: 1.09e+03
Model state saved to ./results/models/checkpoints/schrodinger/2025-08-15_10-15-36-183658/model.pth
Model state saved to ./results/models/checkpoints/schrodinger/2025-08-15_10-15-36-183658/model_weights.pth
It: 1620, Loss: 1.971e-03, Loss_res: 1.368e-03,  Loss_bcs: 3.448e-04, Loss_ut_ics: 1.290e-04, lr: 1.000e-03, Time: 1.10e+03
Model state saved to ./results/models/checkpoints/schrodinger/2025-08-15_10-15-36-183658/model.pth
Model state saved to ./results/models/checkpoints/schrodinger/2025-08-15_10-15-36-183658/model_weights.pth
It: 1630, Loss: 9.646e-04, Loss_res: 3.823e-04,  Loss_bcs: 3.049e-04, Loss_ut_ics: 1.387e-04, lr: 1.000e-03, Time: 1.10e+03
Model state saved to ./results/models/checkpoints/schrodinger/2025-08-15_10-15-36-183658/model.pth
Model state saved to ./results/models/checkpoints/schrodinger/2025-08-15_10-15-36-183658/model_weights.pth
It: 1640, Loss: 6.669e-04, Loss_res: 1.043e-04,  Loss_bcs: 3.021e-04, Loss_ut_ics: 1.302e-04, lr: 1.000e-03, Time: 1.11e+03
Model state saved to ./results/models/checkpoints/schrodinger/2025-08-15_10-15-36-183658/model.pth
Model state saved to ./results/models/checkpoints/schrodinger/2025-08-15_10-15-36-183658/model_weights.pth
It: 1650, Loss: 5.629e-04, Loss_res: 1.101e-05,  Loss_bcs: 3.042e-04, Loss_ut_ics: 1.239e-04, lr: 1.000e-03, Time: 1.12e+03
Model state saved to ./results/models/checkpoints/schrodinger/2025-08-15_10-15-36-183658/model.pth
Model state saved to ./results/models/checkpoints/schrodinger/2025-08-15_10-15-36-183658/model_weights.pth
It: 1660, Loss: 5.740e-04, Loss_res: 2.546e-05,  Loss_bcs: 3.034e-04, Loss_ut_ics: 1.225e-04, lr: 1.000e-03, Time: 1.12e+03
Model state saved to ./results/models/checkpoints/schrodinger/2025-08-15_10-15-36-183658/model.pth
Model state saved to ./results/models/checkpoints/schrodinger/2025-08-15_10-15-36-183658/model_weights.pth
It: 1670, Loss: 5.455e-04, Loss_res: 9.780e-07,  Loss_bcs: 2.986e-04, Loss_ut_ics: 1.230e-04, lr: 1.000e-03, Time: 1.13e+03
Model state saved to ./results/models/checkpoints/schrodinger/2025-08-15_10-15-36-183658/model.pth
Model state saved to ./results/models/checkpoints/schrodinger/2025-08-15_10-15-36-183658/model_weights.pth
It: 1680, Loss: 5.442e-04, Loss_res: 3.596e-06,  Loss_bcs: 2.957e-04, Loss_ut_ics: 1.224e-04, lr: 1.000e-03, Time: 1.14e+03
Model state saved to ./results/models/checkpoints/schrodinger/2025-08-15_10-15-36-183658/model.pth
Model state saved to ./results/models/checkpoints/schrodinger/2025-08-15_10-15-36-183658/model_weights.pth
It: 1690, Loss: 5.380e-04, Loss_res: 1.834e-06,  Loss_bcs: 2.944e-04, Loss_ut_ics: 1.209e-04, lr: 1.000e-03, Time: 1.14e+03
Model state saved to ./results/models/checkpoints/schrodinger/2025-08-15_10-15-36-183658/model.pth
Model state saved to ./results/models/checkpoints/schrodinger/2025-08-15_10-15-36-183658/model_weights.pth
It: 1700, Loss: 5.332e-04, Loss_res: 9.866e-07,  Loss_bcs: 2.913e-04, Loss_ut_ics: 1.204e-04, lr: 1.000e-03, Time: 1.15e+03
Model state saved to ./results/models/checkpoints/schrodinger/2025-08-15_10-15-36-183658/model.pth
Model state saved to ./results/models/checkpoints/schrodinger/2025-08-15_10-15-36-183658/model_weights.pth
It: 1710, Loss: 5.292e-04, Loss_res: 8.584e-07,  Loss_bcs: 2.888e-04, Loss_ut_ics: 1.197e-04, lr: 1.000e-03, Time: 1.16e+03
Model state saved to ./results/models/checkpoints/schrodinger/2025-08-15_10-15-36-183658/model.pth
Model state saved to ./results/models/checkpoints/schrodinger/2025-08-15_10-15-36-183658/model_weights.pth
It: 1720, Loss: 5.257e-04, Loss_res: 1.456e-06,  Loss_bcs: 2.863e-04, Loss_ut_ics: 1.189e-04, lr: 1.000e-03, Time: 1.16e+03
Model state saved to ./results/models/checkpoints/schrodinger/2025-08-15_10-15-36-183658/model.pth
Model state saved to ./results/models/checkpoints/schrodinger/2025-08-15_10-15-36-183658/model_weights.pth
It: 1730, Loss: 5.578e-04, Loss_res: 3.689e-05,  Loss_bcs: 2.836e-04, Loss_ut_ics: 1.187e-04, lr: 1.000e-03, Time: 1.17e+03
Model state saved to ./results/models/checkpoints/schrodinger/2025-08-15_10-15-36-183658/model.pth
Model state saved to ./results/models/checkpoints/schrodinger/2025-08-15_10-15-36-183658/model_weights.pth
It: 1740, Loss: 9.452e-04, Loss_res: 4.201e-04,  Loss_bcs: 2.837e-04, Loss_ut_ics: 1.207e-04, lr: 1.000e-03, Time: 1.18e+03
Model state saved to ./results/models/checkpoints/schrodinger/2025-08-15_10-15-36-183658/model.pth
Model state saved to ./results/models/checkpoints/schrodinger/2025-08-15_10-15-36-183658/model_weights.pth
It: 1750, Loss: 5.737e-04, Loss_res: 5.975e-05,  Loss_bcs: 2.771e-04, Loss_ut_ics: 1.184e-04, lr: 1.000e-03, Time: 1.18e+03
Model state saved to ./results/models/checkpoints/schrodinger/2025-08-15_10-15-36-183658/model.pth
Model state saved to ./results/models/checkpoints/schrodinger/2025-08-15_10-15-36-183658/model_weights.pth
It: 1760, Loss: 5.265e-04, Loss_res: 1.671e-05,  Loss_bcs: 2.770e-04, Loss_ut_ics: 1.164e-04, lr: 1.000e-03, Time: 1.19e+03
Model state saved to ./results/models/checkpoints/schrodinger/2025-08-15_10-15-36-183658/model.pth
Model state saved to ./results/models/checkpoints/schrodinger/2025-08-15_10-15-36-183658/model_weights.pth
It: 1770, Loss: 5.299e-04, Loss_res: 2.352e-05,  Loss_bcs: 2.747e-04, Loss_ut_ics: 1.159e-04, lr: 1.000e-03, Time: 1.20e+03
Model state saved to ./results/models/checkpoints/schrodinger/2025-08-15_10-15-36-183658/model.pth
Model state saved to ./results/models/checkpoints/schrodinger/2025-08-15_10-15-36-183658/model_weights.pth
It: 1780, Loss: 5.037e-04, Loss_res: 1.366e-06,  Loss_bcs: 2.717e-04, Loss_ut_ics: 1.153e-04, lr: 1.000e-03, Time: 1.20e+03
Model state saved to ./results/models/checkpoints/schrodinger/2025-08-15_10-15-36-183658/model.pth
Model state saved to ./results/models/checkpoints/schrodinger/2025-08-15_10-15-36-183658/model_weights.pth
It: 1790, Loss: 5.025e-04, Loss_res: 3.872e-06,  Loss_bcs: 2.696e-04, Loss_ut_ics: 1.145e-04, lr: 1.000e-03, Time: 1.21e+03
Model state saved to ./results/models/checkpoints/schrodinger/2025-08-15_10-15-36-183658/model.pth
Model state saved to ./results/models/checkpoints/schrodinger/2025-08-15_10-15-36-183658/model_weights.pth
It: 1800, Loss: 4.959e-04, Loss_res: 8.465e-07,  Loss_bcs: 2.676e-04, Loss_ut_ics: 1.137e-04, lr: 1.000e-03, Time: 1.22e+03
Model state saved to ./results/models/checkpoints/schrodinger/2025-08-15_10-15-36-183658/model.pth
Model state saved to ./results/models/checkpoints/schrodinger/2025-08-15_10-15-36-183658/model_weights.pth
It: 1810, Loss: 4.928e-04, Loss_res: 1.235e-06,  Loss_bcs: 2.654e-04, Loss_ut_ics: 1.131e-04, lr: 1.000e-03, Time: 1.22e+03
Model state saved to ./results/models/checkpoints/schrodinger/2025-08-15_10-15-36-183658/model.pth
Model state saved to ./results/models/checkpoints/schrodinger/2025-08-15_10-15-36-183658/model_weights.pth
It: 1820, Loss: 4.948e-04, Loss_res: 6.394e-06,  Loss_bcs: 2.622e-04, Loss_ut_ics: 1.131e-04, lr: 1.000e-03, Time: 1.23e+03
Model state saved to ./results/models/checkpoints/schrodinger/2025-08-15_10-15-36-183658/model.pth
Model state saved to ./results/models/checkpoints/schrodinger/2025-08-15_10-15-36-183658/model_weights.pth
It: 1830, Loss: 1.139e-03, Loss_res: 6.311e-04,  Loss_bcs: 2.561e-04, Loss_ut_ics: 1.257e-04, lr: 1.000e-03, Time: 1.24e+03
Model state saved to ./results/models/checkpoints/schrodinger/2025-08-15_10-15-36-183658/model.pth
Model state saved to ./results/models/checkpoints/schrodinger/2025-08-15_10-15-36-183658/model_weights.pth
It: 1840, Loss: 1.119e-03, Loss_res: 6.215e-04,  Loss_bcs: 2.710e-04, Loss_ut_ics: 1.135e-04, lr: 1.000e-03, Time: 1.24e+03
Model state saved to ./results/models/checkpoints/schrodinger/2025-08-15_10-15-36-183658/model.pth
Model state saved to ./results/models/checkpoints/schrodinger/2025-08-15_10-15-36-183658/model_weights.pth
It: 1850, Loss: 5.765e-04, Loss_res: 9.147e-05,  Loss_bcs: 2.566e-04, Loss_ut_ics: 1.142e-04, lr: 1.000e-03, Time: 1.25e+03
Model state saved to ./results/models/checkpoints/schrodinger/2025-08-15_10-15-36-183658/model.pth
Model state saved to ./results/models/checkpoints/schrodinger/2025-08-15_10-15-36-183658/model_weights.pth
It: 1860, Loss: 4.815e-04, Loss_res: 6.121e-06,  Loss_bcs: 2.537e-04, Loss_ut_ics: 1.108e-04, lr: 1.000e-03, Time: 1.26e+03
Model state saved to ./results/models/checkpoints/schrodinger/2025-08-15_10-15-36-183658/model.pth
Model state saved to ./results/models/checkpoints/schrodinger/2025-08-15_10-15-36-183658/model_weights.pth
It: 1870, Loss: 4.750e-04, Loss_res: 3.772e-06,  Loss_bcs: 2.521e-04, Loss_ut_ics: 1.096e-04, lr: 1.000e-03, Time: 1.26e+03
Model state saved to ./results/models/checkpoints/schrodinger/2025-08-15_10-15-36-183658/model.pth
Model state saved to ./results/models/checkpoints/schrodinger/2025-08-15_10-15-36-183658/model_weights.pth
It: 1880, Loss: 4.737e-04, Loss_res: 4.939e-06,  Loss_bcs: 2.500e-04, Loss_ut_ics: 1.094e-04, lr: 1.000e-03, Time: 1.27e+03
Model state saved to ./results/models/checkpoints/schrodinger/2025-08-15_10-15-36-183658/model.pth
Model state saved to ./results/models/checkpoints/schrodinger/2025-08-15_10-15-36-183658/model_weights.pth
It: 1890, Loss: 4.700e-04, Loss_res: 4.954e-06,  Loss_bcs: 2.483e-04, Loss_ut_ics: 1.084e-04, lr: 1.000e-03, Time: 1.28e+03
Model state saved to ./results/models/checkpoints/schrodinger/2025-08-15_10-15-36-183658/model.pth
Model state saved to ./results/models/checkpoints/schrodinger/2025-08-15_10-15-36-183658/model_weights.pth
It: 1900, Loss: 4.648e-04, Loss_res: 2.676e-06,  Loss_bcs: 2.465e-04, Loss_ut_ics: 1.078e-04, lr: 1.000e-03, Time: 1.28e+03
Model state saved to ./results/models/checkpoints/schrodinger/2025-08-15_10-15-36-183658/model.pth
Model state saved to ./results/models/checkpoints/schrodinger/2025-08-15_10-15-36-183658/model_weights.pth
It: 1910, Loss: 4.603e-04, Loss_res: 9.225e-07,  Loss_bcs: 2.448e-04, Loss_ut_ics: 1.073e-04, lr: 1.000e-03, Time: 1.29e+03
Model state saved to ./results/models/checkpoints/schrodinger/2025-08-15_10-15-36-183658/model.pth
Model state saved to ./results/models/checkpoints/schrodinger/2025-08-15_10-15-36-183658/model_weights.pth
It: 1920, Loss: 4.573e-04, Loss_res: 8.066e-07,  Loss_bcs: 2.429e-04, Loss_ut_ics: 1.068e-04, lr: 1.000e-03, Time: 1.30e+03
Model state saved to ./results/models/checkpoints/schrodinger/2025-08-15_10-15-36-183658/model.pth
Model state saved to ./results/models/checkpoints/schrodinger/2025-08-15_10-15-36-183658/model_weights.pth
It: 1930, Loss: 4.541e-04, Loss_res: 8.287e-07,  Loss_bcs: 2.410e-04, Loss_ut_ics: 1.061e-04, lr: 1.000e-03, Time: 1.30e+03
Model state saved to ./results/models/checkpoints/schrodinger/2025-08-15_10-15-36-183658/model.pth
Model state saved to ./results/models/checkpoints/schrodinger/2025-08-15_10-15-36-183658/model_weights.pth
It: 1940, Loss: 4.510e-04, Loss_res: 8.330e-07,  Loss_bcs: 2.390e-04, Loss_ut_ics: 1.056e-04, lr: 1.000e-03, Time: 1.31e+03
Model state saved to ./results/models/checkpoints/schrodinger/2025-08-15_10-15-36-183658/model.pth
Model state saved to ./results/models/checkpoints/schrodinger/2025-08-15_10-15-36-183658/model_weights.pth
It: 1950, Loss: 4.480e-04, Loss_res: 7.923e-07,  Loss_bcs: 2.371e-04, Loss_ut_ics: 1.050e-04, lr: 1.000e-03, Time: 1.32e+03
Model state saved to ./results/models/checkpoints/schrodinger/2025-08-15_10-15-36-183658/model.pth
Model state saved to ./results/models/checkpoints/schrodinger/2025-08-15_10-15-36-183658/model_weights.pth
It: 1960, Loss: 4.450e-04, Loss_res: 7.945e-07,  Loss_bcs: 2.353e-04, Loss_ut_ics: 1.045e-04, lr: 1.000e-03, Time: 1.32e+03
Model state saved to ./results/models/checkpoints/schrodinger/2025-08-15_10-15-36-183658/model.pth
Model state saved to ./results/models/checkpoints/schrodinger/2025-08-15_10-15-36-183658/model_weights.pth
It: 1970, Loss: 4.420e-04, Loss_res: 9.007e-07,  Loss_bcs: 2.334e-04, Loss_ut_ics: 1.039e-04, lr: 1.000e-03, Time: 1.33e+03
Model state saved to ./results/models/checkpoints/schrodinger/2025-08-15_10-15-36-183658/model.pth
Model state saved to ./results/models/checkpoints/schrodinger/2025-08-15_10-15-36-183658/model_weights.pth
It: 1980, Loss: 4.404e-04, Loss_res: 2.550e-06,  Loss_bcs: 2.317e-04, Loss_ut_ics: 1.031e-04, lr: 1.000e-03, Time: 1.34e+03
Model state saved to ./results/models/checkpoints/schrodinger/2025-08-15_10-15-36-183658/model.pth
Model state saved to ./results/models/checkpoints/schrodinger/2025-08-15_10-15-36-183658/model_weights.pth
It: 1990, Loss: 5.654e-04, Loss_res: 1.277e-04,  Loss_bcs: 2.342e-04, Loss_ut_ics: 1.018e-04, lr: 1.000e-03, Time: 1.34e+03
Model state saved to ./results/models/checkpoints/schrodinger/2025-08-15_10-15-36-183658/model.pth
Model state saved to ./results/models/checkpoints/schrodinger/2025-08-15_10-15-36-183658/model_weights.pth
It: 2000, Loss: 7.723e-04, Loss_res: 3.331e-04,  Loss_bcs: 2.369e-04, Loss_ut_ics: 1.012e-04, lr: 1.000e-03, Time: 1.35e+03
Model state saved to ./results/models/checkpoints/schrodinger/2025-08-15_10-15-36-183658/model.pth
Model state saved to ./results/models/checkpoints/schrodinger/2025-08-15_10-15-36-183658/model_weights.pth
Model state saved to ./results/models/checkpoints/schrodinger/2025-08-15_10-15-36-183658/model.pth
Model state saved to ./results/models/checkpoints/schrodinger/2025-08-15_10-15-36-183658/model_weights.pth
Training completed successfuly!
