INFO:src.utils.logger:It: 1, Loss: 2.395e+02, Loss_res: 9.527e-02,  Loss_bcs: 0.000e+00, Loss_ut_ics: 9.379e-01, Loss_norm: 9.981e-01, Loss_gauge: 0.000e+00, w_pde: 3.33e-03, L^2_error: 9.764e-01, lr: 1.000e-03, Time: 1.19e-01
INFO:src.utils.logger:Model state saved to results\box\Classical\20260501-134111_seed0_bf_box__2-64-64-64-64-2_seed2026\checkpoints\2026-05-01_13-41-32-669631_box_Classical_seed2026\model.pth
INFO:src.utils.logger:Model weights saved to results\box\Classical\20260501-134111_seed0_bf_box__2-64-64-64-64-2_seed2026\checkpoints\2026-05-01_13-41-32-669631_box_Classical_seed2026\model_weights.pth
INFO:src.utils.logger:It: 50, Loss: 9.431e+00, Loss_res: 2.933e+01,  Loss_bcs: 0.000e+00, Loss_ut_ics: 1.769e-02, Loss_norm: 2.398e-02, Loss_gauge: 0.000e+00, w_pde: 1.67e-01, L^2_error: 9.308e-01, lr: 1.000e-03, Time: 3.17e+00
INFO:src.utils.logger:Model state saved to results\box\Classical\20260501-134111_seed0_bf_box__2-64-64-64-64-2_seed2026\checkpoints\2026-05-01_13-41-32-669631_box_Classical_seed2026\model.pth
INFO:src.utils.logger:Model weights saved to results\box\Classical\20260501-134111_seed0_bf_box__2-64-64-64-64-2_seed2026\checkpoints\2026-05-01_13-41-32-669631_box_Classical_seed2026\model_weights.pth
INFO:src.utils.logger:It: 100, Loss: 9.353e+00, Loss_res: 2.544e+01,  Loss_bcs: 0.000e+00, Loss_ut_ics: 3.390e-03, Loss_norm: 5.141e-03, Loss_gauge: 0.000e+00, w_pde: 3.33e-01, L^2_error: 9.139e-01, lr: 1.000e-03, Time: 6.15e+00
INFO:src.utils.logger:Model state saved to results\box\Classical\20260501-134111_seed0_bf_box__2-64-64-64-64-2_seed2026\checkpoints\2026-05-01_13-41-32-669631_box_Classical_seed2026\model.pth
INFO:src.utils.logger:Model weights saved to results\box\Classical\20260501-134111_seed0_bf_box__2-64-64-64-64-2_seed2026\checkpoints\2026-05-01_13-41-32-669631_box_Classical_seed2026\model_weights.pth
INFO:src.utils.logger:It: 150, Loss: 1.094e+01, Loss_res: 2.013e+01,  Loss_bcs: 0.000e+00, Loss_ut_ics: 3.175e-03, Loss_norm: 1.696e-02, Loss_gauge: 0.000e+00, w_pde: 5.00e-01, L^2_error: 8.329e-01, lr: 1.000e-03, Time: 9.88e+00
INFO:src.utils.logger:Model state saved to results\box\Classical\20260501-134111_seed0_bf_box__2-64-64-64-64-2_seed2026\checkpoints\2026-05-01_13-41-32-669631_box_Classical_seed2026\model.pth
INFO:src.utils.logger:Model weights saved to results\box\Classical\20260501-134111_seed0_bf_box__2-64-64-64-64-2_seed2026\checkpoints\2026-05-01_13-41-32-669631_box_Classical_seed2026\model_weights.pth
INFO:src.utils.logger:It: 200, Loss: 4.024e+00, Loss_res: 5.386e+00,  Loss_bcs: 0.000e+00, Loss_ut_ics: 1.719e-03, Loss_norm: 7.461e-04, Loss_gauge: 0.000e+00, w_pde: 6.67e-01, L^2_error: 1.900e-01, lr: 1.000e-03, Time: 1.31e+01
INFO:src.utils.logger:Model state saved to results\box\Classical\20260501-134111_seed0_bf_box__2-64-64-64-64-2_seed2026\checkpoints\2026-05-01_13-41-32-669631_box_Classical_seed2026\model.pth
INFO:src.utils.logger:Model weights saved to results\box\Classical\20260501-134111_seed0_bf_box__2-64-64-64-64-2_seed2026\checkpoints\2026-05-01_13-41-32-669631_box_Classical_seed2026\model_weights.pth
INFO:src.utils.logger:It: 250, Loss: 3.441e+00, Loss_res: 3.710e+00,  Loss_bcs: 0.000e+00, Loss_ut_ics: 1.223e-03, Loss_norm: 8.680e-03, Loss_gauge: 0.000e+00, w_pde: 8.33e-01, L^2_error: 1.546e-01, lr: 1.000e-03, Time: 1.63e+01
INFO:src.utils.logger:Model state saved to results\box\Classical\20260501-134111_seed0_bf_box__2-64-64-64-64-2_seed2026\checkpoints\2026-05-01_13-41-32-669631_box_Classical_seed2026\model.pth
INFO:src.utils.logger:Model weights saved to results\box\Classical\20260501-134111_seed0_bf_box__2-64-64-64-64-2_seed2026\checkpoints\2026-05-01_13-41-32-669631_box_Classical_seed2026\model_weights.pth
INFO:src.utils.logger:It: 300, Loss: 3.423e+00, Loss_res: 3.166e+00,  Loss_bcs: 0.000e+00, Loss_ut_ics: 8.932e-04, Loss_norm: 6.695e-03, Loss_gauge: 0.000e+00, w_pde: 1.00e+00, L^2_error: 1.350e-01, lr: 1.000e-03, Time: 1.94e+01
INFO:src.utils.logger:Model state saved to results\box\Classical\20260501-134111_seed0_bf_box__2-64-64-64-64-2_seed2026\checkpoints\2026-05-01_13-41-32-669631_box_Classical_seed2026\model.pth
INFO:src.utils.logger:Model weights saved to results\box\Classical\20260501-134111_seed0_bf_box__2-64-64-64-64-2_seed2026\checkpoints\2026-05-01_13-41-32-669631_box_Classical_seed2026\model_weights.pth
INFO:src.utils.logger:It: 350, Loss: 2.451e+00, Loss_res: 2.272e+00,  Loss_bcs: 0.000e+00, Loss_ut_ics: 6.475e-04, Loss_norm: 3.394e-03, Loss_gauge: 0.000e+00, w_pde: 1.00e+00, L^2_error: 1.083e-01, lr: 1.000e-03, Time: 2.25e+01
INFO:src.utils.logger:Model state saved to results\box\Classical\20260501-134111_seed0_bf_box__2-64-64-64-64-2_seed2026\checkpoints\2026-05-01_13-41-32-669631_box_Classical_seed2026\model.pth
INFO:src.utils.logger:Model weights saved to results\box\Classical\20260501-134111_seed0_bf_box__2-64-64-64-64-2_seed2026\checkpoints\2026-05-01_13-41-32-669631_box_Classical_seed2026\model_weights.pth
INFO:src.utils.logger:It: 400, Loss: 1.143e+00, Loss_res: 1.059e+00,  Loss_bcs: 0.000e+00, Loss_ut_ics: 2.972e-04, Loss_norm: 1.838e-03, Loss_gauge: 0.000e+00, w_pde: 1.00e+00, L^2_error: 6.451e-02, lr: 1.000e-03, Time: 2.57e+01
INFO:src.utils.logger:Model state saved to results\box\Classical\20260501-134111_seed0_bf_box__2-64-64-64-64-2_seed2026\checkpoints\2026-05-01_13-41-32-669631_box_Classical_seed2026\model.pth
INFO:src.utils.logger:Model weights saved to results\box\Classical\20260501-134111_seed0_bf_box__2-64-64-64-64-2_seed2026\checkpoints\2026-05-01_13-41-32-669631_box_Classical_seed2026\model_weights.pth
INFO:src.utils.logger:It: 450, Loss: 5.408e-01, Loss_res: 5.037e-01,  Loss_bcs: 0.000e+00, Loss_ut_ics: 1.418e-04, Loss_norm: 3.391e-04, Loss_gauge: 0.000e+00, w_pde: 1.00e+00, L^2_error: 2.806e-02, lr: 1.000e-03, Time: 2.89e+01
INFO:src.utils.logger:Model state saved to results\box\Classical\20260501-134111_seed0_bf_box__2-64-64-64-64-2_seed2026\checkpoints\2026-05-01_13-41-32-669631_box_Classical_seed2026\model.pth
INFO:src.utils.logger:Model weights saved to results\box\Classical\20260501-134111_seed0_bf_box__2-64-64-64-64-2_seed2026\checkpoints\2026-05-01_13-41-32-669631_box_Classical_seed2026\model_weights.pth
INFO:src.utils.logger:It: 500, Loss: 1.885e-01, Loss_res: 1.769e-01,  Loss_bcs: 0.000e+00, Loss_ut_ics: 4.609e-05, Loss_norm: 1.099e-05, Loss_gauge: 0.000e+00, w_pde: 1.00e+00, L^2_error: 1.957e-02, lr: 1.000e-03, Time: 3.25e+01
INFO:src.utils.logger:Model state saved to results\box\Classical\20260501-134111_seed0_bf_box__2-64-64-64-64-2_seed2026\checkpoints\2026-05-01_13-41-32-669631_box_Classical_seed2026\model.pth
INFO:src.utils.logger:Model weights saved to results\box\Classical\20260501-134111_seed0_bf_box__2-64-64-64-64-2_seed2026\checkpoints\2026-05-01_13-41-32-669631_box_Classical_seed2026\model_weights.pth
INFO:src.utils.logger:It: 550, Loss: 8.268e-02, Loss_res: 7.409e-02,  Loss_bcs: 0.000e+00, Loss_ut_ics: 3.432e-05, Loss_norm: 1.487e-06, Loss_gauge: 0.000e+00, w_pde: 1.00e+00, L^2_error: 1.277e-02, lr: 1.000e-03, Time: 3.62e+01
INFO:src.utils.logger:Model state saved to results\box\Classical\20260501-134111_seed0_bf_box__2-64-64-64-64-2_seed2026\checkpoints\2026-05-01_13-41-32-669631_box_Classical_seed2026\model.pth
INFO:src.utils.logger:Model weights saved to results\box\Classical\20260501-134111_seed0_bf_box__2-64-64-64-64-2_seed2026\checkpoints\2026-05-01_13-41-32-669631_box_Classical_seed2026\model_weights.pth
INFO:src.utils.logger:It: 600, Loss: 4.839e-02, Loss_res: 4.342e-02,  Loss_bcs: 0.000e+00, Loss_ut_ics: 1.982e-05, Loss_norm: 1.910e-06, Loss_gauge: 0.000e+00, w_pde: 1.00e+00, L^2_error: 9.234e-03, lr: 1.000e-03, Time: 3.93e+01
INFO:src.utils.logger:Model state saved to results\box\Classical\20260501-134111_seed0_bf_box__2-64-64-64-64-2_seed2026\checkpoints\2026-05-01_13-41-32-669631_box_Classical_seed2026\model.pth
INFO:src.utils.logger:Model weights saved to results\box\Classical\20260501-134111_seed0_bf_box__2-64-64-64-64-2_seed2026\checkpoints\2026-05-01_13-41-32-669631_box_Classical_seed2026\model_weights.pth
INFO:src.utils.logger:It: 650, Loss: 3.400e-02, Loss_res: 3.117e-02,  Loss_bcs: 0.000e+00, Loss_ut_ics: 1.125e-05, Loss_norm: 3.796e-06, Loss_gauge: 0.000e+00, w_pde: 1.00e+00, L^2_error: 6.532e-03, lr: 1.000e-03, Time: 4.28e+01
INFO:src.utils.logger:Model state saved to results\box\Classical\20260501-134111_seed0_bf_box__2-64-64-64-64-2_seed2026\checkpoints\2026-05-01_13-41-32-669631_box_Classical_seed2026\model.pth
INFO:src.utils.logger:Model weights saved to results\box\Classical\20260501-134111_seed0_bf_box__2-64-64-64-64-2_seed2026\checkpoints\2026-05-01_13-41-32-669631_box_Classical_seed2026\model_weights.pth
INFO:src.utils.logger:It: 700, Loss: 2.072e-02, Loss_res: 1.893e-02,  Loss_bcs: 0.000e+00, Loss_ut_ics: 7.147e-06, Loss_norm: 9.311e-07, Loss_gauge: 0.000e+00, w_pde: 1.00e+00, L^2_error: 5.887e-03, lr: 1.000e-03, Time: 4.57e+01
INFO:src.utils.logger:Model state saved to results\box\Classical\20260501-134111_seed0_bf_box__2-64-64-64-64-2_seed2026\checkpoints\2026-05-01_13-41-32-669631_box_Classical_seed2026\model.pth
INFO:src.utils.logger:Model weights saved to results\box\Classical\20260501-134111_seed0_bf_box__2-64-64-64-64-2_seed2026\checkpoints\2026-05-01_13-41-32-669631_box_Classical_seed2026\model_weights.pth
INFO:src.utils.logger:It: 750, Loss: 1.767e-02, Loss_res: 1.640e-02,  Loss_bcs: 0.000e+00, Loss_ut_ics: 5.057e-06, Loss_norm: 1.247e-07, Loss_gauge: 0.000e+00, w_pde: 1.00e+00, L^2_error: 5.499e-03, lr: 1.000e-03, Time: 4.85e+01
INFO:src.utils.logger:Model state saved to results\box\Classical\20260501-134111_seed0_bf_box__2-64-64-64-64-2_seed2026\checkpoints\2026-05-01_13-41-32-669631_box_Classical_seed2026\model.pth
INFO:src.utils.logger:Model weights saved to results\box\Classical\20260501-134111_seed0_bf_box__2-64-64-64-64-2_seed2026\checkpoints\2026-05-01_13-41-32-669631_box_Classical_seed2026\model_weights.pth
INFO:src.utils.logger:It: 800, Loss: 1.493e-02, Loss_res: 1.395e-02,  Loss_bcs: 0.000e+00, Loss_ut_ics: 3.918e-06, Loss_norm: 4.674e-07, Loss_gauge: 0.000e+00, w_pde: 1.00e+00, L^2_error: 5.789e-03, lr: 1.000e-03, Time: 5.15e+01
INFO:src.utils.logger:Model state saved to results\box\Classical\20260501-134111_seed0_bf_box__2-64-64-64-64-2_seed2026\checkpoints\2026-05-01_13-41-32-669631_box_Classical_seed2026\model.pth
INFO:src.utils.logger:Model weights saved to results\box\Classical\20260501-134111_seed0_bf_box__2-64-64-64-64-2_seed2026\checkpoints\2026-05-01_13-41-32-669631_box_Classical_seed2026\model_weights.pth
INFO:src.utils.logger:It: 850, Loss: 1.253e-02, Loss_res: 1.180e-02,  Loss_bcs: 0.000e+00, Loss_ut_ics: 2.881e-06, Loss_norm: 2.876e-07, Loss_gauge: 0.000e+00, w_pde: 1.00e+00, L^2_error: 5.633e-03, lr: 1.000e-03, Time: 5.53e+01
INFO:src.utils.logger:Model state saved to results\box\Classical\20260501-134111_seed0_bf_box__2-64-64-64-64-2_seed2026\checkpoints\2026-05-01_13-41-32-669631_box_Classical_seed2026\model.pth
INFO:src.utils.logger:Model weights saved to results\box\Classical\20260501-134111_seed0_bf_box__2-64-64-64-64-2_seed2026\checkpoints\2026-05-01_13-41-32-669631_box_Classical_seed2026\model_weights.pth
INFO:src.utils.logger:It: 900, Loss: 8.910e-03, Loss_res: 8.225e-03,  Loss_bcs: 0.000e+00, Loss_ut_ics: 2.724e-06, Loss_norm: 7.680e-07, Loss_gauge: 0.000e+00, w_pde: 1.00e+00, L^2_error: 5.524e-03, lr: 1.000e-03, Time: 5.87e+01
INFO:src.utils.logger:Model state saved to results\box\Classical\20260501-134111_seed0_bf_box__2-64-64-64-64-2_seed2026\checkpoints\2026-05-01_13-41-32-669631_box_Classical_seed2026\model.pth
INFO:src.utils.logger:Model weights saved to results\box\Classical\20260501-134111_seed0_bf_box__2-64-64-64-64-2_seed2026\checkpoints\2026-05-01_13-41-32-669631_box_Classical_seed2026\model_weights.pth
INFO:src.utils.logger:It: 950, Loss: 9.219e-03, Loss_res: 8.582e-03,  Loss_bcs: 0.000e+00, Loss_ut_ics: 2.539e-06, Loss_norm: 3.281e-07, Loss_gauge: 0.000e+00, w_pde: 1.00e+00, L^2_error: 5.148e-03, lr: 1.000e-03, Time: 6.29e+01
INFO:src.utils.logger:Model state saved to results\box\Classical\20260501-134111_seed0_bf_box__2-64-64-64-64-2_seed2026\checkpoints\2026-05-01_13-41-32-669631_box_Classical_seed2026\model.pth
INFO:src.utils.logger:Model weights saved to results\box\Classical\20260501-134111_seed0_bf_box__2-64-64-64-64-2_seed2026\checkpoints\2026-05-01_13-41-32-669631_box_Classical_seed2026\model_weights.pth
INFO:src.utils.logger:It: 1000, Loss: 7.601e-03, Loss_res: 7.119e-03,  Loss_bcs: 0.000e+00, Loss_ut_ics: 1.921e-06, Loss_norm: 2.940e-07, Loss_gauge: 0.000e+00, w_pde: 1.00e+00, L^2_error: 5.095e-03, lr: 1.000e-03, Time: 6.63e+01
INFO:src.utils.logger:Model state saved to results\box\Classical\20260501-134111_seed0_bf_box__2-64-64-64-64-2_seed2026\checkpoints\2026-05-01_13-41-32-669631_box_Classical_seed2026\model.pth
INFO:src.utils.logger:Model weights saved to results\box\Classical\20260501-134111_seed0_bf_box__2-64-64-64-64-2_seed2026\checkpoints\2026-05-01_13-41-32-669631_box_Classical_seed2026\model_weights.pth
INFO:src.utils.logger:It: 1050, Loss: 7.434e-03, Loss_res: 6.923e-03,  Loss_bcs: 0.000e+00, Loss_ut_ics: 2.040e-06, Loss_norm: 4.818e-08, Loss_gauge: 0.000e+00, w_pde: 1.00e+00, L^2_error: 5.249e-03, lr: 1.000e-03, Time: 7.00e+01
INFO:src.utils.logger:Model state saved to results\box\Classical\20260501-134111_seed0_bf_box__2-64-64-64-64-2_seed2026\checkpoints\2026-05-01_13-41-32-669631_box_Classical_seed2026\model.pth
INFO:src.utils.logger:Model weights saved to results\box\Classical\20260501-134111_seed0_bf_box__2-64-64-64-64-2_seed2026\checkpoints\2026-05-01_13-41-32-669631_box_Classical_seed2026\model_weights.pth
INFO:src.utils.logger:It: 1100, Loss: 6.471e-03, Loss_res: 6.028e-03,  Loss_bcs: 0.000e+00, Loss_ut_ics: 1.769e-06, Loss_norm: 6.442e-08, Loss_gauge: 0.000e+00, w_pde: 1.00e+00, L^2_error: 4.857e-03, lr: 1.000e-03, Time: 7.32e+01
INFO:src.utils.logger:Model state saved to results\box\Classical\20260501-134111_seed0_bf_box__2-64-64-64-64-2_seed2026\checkpoints\2026-05-01_13-41-32-669631_box_Classical_seed2026\model.pth
INFO:src.utils.logger:Model weights saved to results\box\Classical\20260501-134111_seed0_bf_box__2-64-64-64-64-2_seed2026\checkpoints\2026-05-01_13-41-32-669631_box_Classical_seed2026\model_weights.pth
INFO:src.utils.logger:It: 1150, Loss: 5.111e-03, Loss_res: 4.689e-03,  Loss_bcs: 0.000e+00, Loss_ut_ics: 1.684e-06, Loss_norm: 2.627e-07, Loss_gauge: 0.000e+00, w_pde: 1.00e+00, L^2_error: 4.608e-03, lr: 1.000e-03, Time: 7.61e+01
INFO:src.utils.logger:Model state saved to results\box\Classical\20260501-134111_seed0_bf_box__2-64-64-64-64-2_seed2026\checkpoints\2026-05-01_13-41-32-669631_box_Classical_seed2026\model.pth
INFO:src.utils.logger:Model weights saved to results\box\Classical\20260501-134111_seed0_bf_box__2-64-64-64-64-2_seed2026\checkpoints\2026-05-01_13-41-32-669631_box_Classical_seed2026\model_weights.pth
INFO:src.utils.logger:It: 1200, Loss: 4.539e-03, Loss_res: 4.093e-03,  Loss_bcs: 0.000e+00, Loss_ut_ics: 1.779e-06, Loss_norm: 1.989e-07, Loss_gauge: 0.000e+00, w_pde: 1.00e+00, L^2_error: 4.391e-03, lr: 1.000e-03, Time: 7.90e+01
INFO:src.utils.logger:Model state saved to results\box\Classical\20260501-134111_seed0_bf_box__2-64-64-64-64-2_seed2026\checkpoints\2026-05-01_13-41-32-669631_box_Classical_seed2026\model.pth
INFO:src.utils.logger:Model weights saved to results\box\Classical\20260501-134111_seed0_bf_box__2-64-64-64-64-2_seed2026\checkpoints\2026-05-01_13-41-32-669631_box_Classical_seed2026\model_weights.pth
INFO:src.utils.logger:It: 1250, Loss: 4.186e-03, Loss_res: 3.857e-03,  Loss_bcs: 0.000e+00, Loss_ut_ics: 1.312e-06, Loss_norm: 4.406e-08, Loss_gauge: 0.000e+00, w_pde: 1.00e+00, L^2_error: 4.092e-03, lr: 1.000e-03, Time: 8.19e+01
INFO:src.utils.logger:Model state saved to results\box\Classical\20260501-134111_seed0_bf_box__2-64-64-64-64-2_seed2026\checkpoints\2026-05-01_13-41-32-669631_box_Classical_seed2026\model.pth
INFO:src.utils.logger:Model weights saved to results\box\Classical\20260501-134111_seed0_bf_box__2-64-64-64-64-2_seed2026\checkpoints\2026-05-01_13-41-32-669631_box_Classical_seed2026\model_weights.pth
INFO:src.utils.logger:It: 1300, Loss: 4.594e-03, Loss_res: 4.281e-03,  Loss_bcs: 0.000e+00, Loss_ut_ics: 1.251e-06, Loss_norm: 4.724e-08, Loss_gauge: 0.000e+00, w_pde: 1.00e+00, L^2_error: 3.905e-03, lr: 1.000e-03, Time: 8.49e+01
INFO:src.utils.logger:Model state saved to results\box\Classical\20260501-134111_seed0_bf_box__2-64-64-64-64-2_seed2026\checkpoints\2026-05-01_13-41-32-669631_box_Classical_seed2026\model.pth
INFO:src.utils.logger:Model weights saved to results\box\Classical\20260501-134111_seed0_bf_box__2-64-64-64-64-2_seed2026\checkpoints\2026-05-01_13-41-32-669631_box_Classical_seed2026\model_weights.pth
INFO:src.utils.logger:It: 1350, Loss: 3.733e-03, Loss_res: 3.450e-03,  Loss_bcs: 0.000e+00, Loss_ut_ics: 1.128e-06, Loss_norm: 5.566e-08, Loss_gauge: 0.000e+00, w_pde: 1.00e+00, L^2_error: 3.703e-03, lr: 1.000e-03, Time: 8.79e+01
INFO:src.utils.logger:Model state saved to results\box\Classical\20260501-134111_seed0_bf_box__2-64-64-64-64-2_seed2026\checkpoints\2026-05-01_13-41-32-669631_box_Classical_seed2026\model.pth
INFO:src.utils.logger:Model weights saved to results\box\Classical\20260501-134111_seed0_bf_box__2-64-64-64-64-2_seed2026\checkpoints\2026-05-01_13-41-32-669631_box_Classical_seed2026\model_weights.pth
INFO:src.utils.logger:It: 1400, Loss: 3.658e-03, Loss_res: 3.302e-03,  Loss_bcs: 0.000e+00, Loss_ut_ics: 1.417e-06, Loss_norm: 3.524e-07, Loss_gauge: 0.000e+00, w_pde: 1.00e+00, L^2_error: 3.591e-03, lr: 1.000e-03, Time: 9.07e+01
INFO:src.utils.logger:Model state saved to results\box\Classical\20260501-134111_seed0_bf_box__2-64-64-64-64-2_seed2026\checkpoints\2026-05-01_13-41-32-669631_box_Classical_seed2026\model.pth
INFO:src.utils.logger:Model weights saved to results\box\Classical\20260501-134111_seed0_bf_box__2-64-64-64-64-2_seed2026\checkpoints\2026-05-01_13-41-32-669631_box_Classical_seed2026\model_weights.pth
INFO:src.utils.logger:It: 1450, Loss: 3.219e-03, Loss_res: 2.952e-03,  Loss_bcs: 0.000e+00, Loss_ut_ics: 1.065e-06, Loss_norm: 2.323e-07, Loss_gauge: 0.000e+00, w_pde: 1.00e+00, L^2_error: 3.421e-03, lr: 1.000e-03, Time: 9.36e+01
INFO:src.utils.logger:Model state saved to results\box\Classical\20260501-134111_seed0_bf_box__2-64-64-64-64-2_seed2026\checkpoints\2026-05-01_13-41-32-669631_box_Classical_seed2026\model.pth
INFO:src.utils.logger:Model weights saved to results\box\Classical\20260501-134111_seed0_bf_box__2-64-64-64-64-2_seed2026\checkpoints\2026-05-01_13-41-32-669631_box_Classical_seed2026\model_weights.pth
INFO:src.utils.logger:It: 1500, Loss: 3.009e-03, Loss_res: 2.772e-03,  Loss_bcs: 0.000e+00, Loss_ut_ics: 9.451e-07, Loss_norm: 1.001e-07, Loss_gauge: 0.000e+00, w_pde: 1.00e+00, L^2_error: 3.198e-03, lr: 1.000e-03, Time: 9.64e+01
INFO:src.utils.logger:Model state saved to results\box\Classical\20260501-134111_seed0_bf_box__2-64-64-64-64-2_seed2026\checkpoints\2026-05-01_13-41-32-669631_box_Classical_seed2026\model.pth
INFO:src.utils.logger:Model weights saved to results\box\Classical\20260501-134111_seed0_bf_box__2-64-64-64-64-2_seed2026\checkpoints\2026-05-01_13-41-32-669631_box_Classical_seed2026\model_weights.pth
