Using DV Solver
The settings used:
batch_size : 64
epochs : 400
lr : 0.001
seed : 42
print_every : 1
log_path : ./results/models/checkpoints/schrodinger/qho
input_dim : 2
output_dim : 2
num_qubits : 5
hidden_dim : 30
num_quantum_layers : 1
classic_network : [2, 30, 2]
q_ansatz : sim_circ_15
mode : hybrid
activation : null
shots : 1
problem : schrodinger
solver : DV
device : cpu
method : None
cutoff_dim : 20
class : CVNeuralNetwork2
encoding : None
eq_params : {'example': 'ho', 'L': 5.0, 'T': 0.1, 'hbar': 1.0, 'mass': 1.0, 'n_level': 0, 'omega': 1.0, 'potential_fn': 'lambda t, x : 0.5 * 1.0 * (1.0**2) * (x**2)'}
noise : True
The circuit used in the study:
It: 1, Loss: 1.974e-03, Loss_res: 8.158e-02,  Loss_bcs: 1.193e-04, Loss_ut_ics: 1.039e-01, lr: 1.000e-03, Time: 2.08e+02
Model state saved to ./results/models/checkpoints/schrodinger/qho/2025-09-10_11-43-03-756709/model.pth
Model state saved to ./results/models/checkpoints/schrodinger/qho/2025-09-10_11-43-03-756709/model_weights.pth
It: 2, Loss: 3.222e-03, Loss_res: 6.299e-03,  Loss_bcs: 2.640e-03, Loss_ut_ics: 5.186e-02, lr: 1.000e-03, Time: 2.74e+03
Model state saved to ./results/models/checkpoints/schrodinger/qho/2025-09-10_11-43-03-756709/model.pth
Model state saved to ./results/models/checkpoints/schrodinger/qho/2025-09-10_11-43-03-756709/model_weights.pth
It: 3, Loss: 1.382e-03, Loss_res: 1.934e-03,  Loss_bcs: 1.274e-03, Loss_ut_ics: 8.828e-03, lr: 1.000e-03, Time: 2.95e+03
Model state saved to ./results/models/checkpoints/schrodinger/qho/2025-09-10_11-43-03-756709/model.pth
Model state saved to ./results/models/checkpoints/schrodinger/qho/2025-09-10_11-43-03-756709/model_weights.pth
It: 4, Loss: 1.332e-03, Loss_res: 6.483e-02,  Loss_bcs: 4.665e-04, Loss_ut_ics: 2.170e-02, lr: 1.000e-03, Time: 3.17e+03
Model state saved to ./results/models/checkpoints/schrodinger/qho/2025-09-10_11-43-03-756709/model.pth
Model state saved to ./results/models/checkpoints/schrodinger/qho/2025-09-10_11-43-03-756709/model_weights.pth
It: 5, Loss: 9.681e-04, Loss_res: 4.241e-03,  Loss_bcs: 2.518e-04, Loss_ut_ics: 6.739e-02, lr: 1.000e-03, Time: 3.38e+03
Model state saved to ./results/models/checkpoints/schrodinger/qho/2025-09-10_11-43-03-756709/model.pth
Model state saved to ./results/models/checkpoints/schrodinger/qho/2025-09-10_11-43-03-756709/model_weights.pth
It: 6, Loss: 1.586e-03, Loss_res: 9.368e-02,  Loss_bcs: 2.840e-04, Loss_ut_ics: 3.649e-02, lr: 1.000e-03, Time: 3.60e+03
Model state saved to ./results/models/checkpoints/schrodinger/qho/2025-09-10_11-43-03-756709/model.pth
Model state saved to ./results/models/checkpoints/schrodinger/qho/2025-09-10_11-43-03-756709/model_weights.pth
It: 7, Loss: 2.764e-03, Loss_res: 8.068e-02,  Loss_bcs: 1.279e-03, Loss_ut_ics: 6.787e-02, lr: 1.000e-03, Time: 3.81e+03
Model state saved to ./results/models/checkpoints/schrodinger/qho/2025-09-10_11-43-03-756709/model.pth
Model state saved to ./results/models/checkpoints/schrodinger/qho/2025-09-10_11-43-03-756709/model_weights.pth
It: 8, Loss: 5.465e-03, Loss_res: 1.013e-01,  Loss_bcs: 2.075e-03, Loss_ut_ics: 2.378e-01, lr: 1.000e-03, Time: 4.03e+03
Model state saved to ./results/models/checkpoints/schrodinger/qho/2025-09-10_11-43-03-756709/model.pth
Model state saved to ./results/models/checkpoints/schrodinger/qho/2025-09-10_11-43-03-756709/model_weights.pth
It: 9, Loss: 7.620e-04, Loss_res: 5.720e-03,  Loss_bcs: 7.922e-05, Loss_ut_ics: 6.256e-02, lr: 1.000e-03, Time: 4.24e+03
Model state saved to ./results/models/checkpoints/schrodinger/qho/2025-09-10_11-43-03-756709/model.pth
Model state saved to ./results/models/checkpoints/schrodinger/qho/2025-09-10_11-43-03-756709/model_weights.pth
It: 10, Loss: 4.142e-03, Loss_res: 2.102e-02,  Loss_bcs: 2.569e-03, Loss_ut_ics: 1.363e-01, lr: 1.000e-03, Time: 4.46e+03
Model state saved to ./results/models/checkpoints/schrodinger/qho/2025-09-10_11-43-03-756709/model.pth
Model state saved to ./results/models/checkpoints/schrodinger/qho/2025-09-10_11-43-03-756709/model_weights.pth
It: 11, Loss: 4.857e-04, Loss_res: 8.411e-03,  Loss_bcs: 3.849e-04, Loss_ut_ics: 1.671e-03, lr: 1.000e-03, Time: 4.67e+03
Model state saved to ./results/models/checkpoints/schrodinger/qho/2025-09-10_11-43-03-756709/model.pth
Model state saved to ./results/models/checkpoints/schrodinger/qho/2025-09-10_11-43-03-756709/model_weights.pth
It: 12, Loss: 7.670e-04, Loss_res: 6.881e-03,  Loss_bcs: 5.823e-04, Loss_ut_ics: 1.159e-02, lr: 1.000e-03, Time: 4.89e+03
Model state saved to ./results/models/checkpoints/schrodinger/qho/2025-09-10_11-43-03-756709/model.pth
Model state saved to ./results/models/checkpoints/schrodinger/qho/2025-09-10_11-43-03-756709/model_weights.pth
It: 13, Loss: 3.952e-03, Loss_res: 6.561e-03,  Loss_bcs: 2.661e-03, Loss_ut_ics: 1.226e-01, lr: 1.000e-03, Time: 5.11e+03
Model state saved to ./results/models/checkpoints/schrodinger/qho/2025-09-10_11-43-03-756709/model.pth
Model state saved to ./results/models/checkpoints/schrodinger/qho/2025-09-10_11-43-03-756709/model_weights.pth
It: 14, Loss: 2.984e-03, Loss_res: 4.870e-02,  Loss_bcs: 1.895e-03, Loss_ut_ics: 6.026e-02, lr: 1.000e-03, Time: 5.32e+03
Model state saved to ./results/models/checkpoints/schrodinger/qho/2025-09-10_11-43-03-756709/model.pth
Model state saved to ./results/models/checkpoints/schrodinger/qho/2025-09-10_11-43-03-756709/model_weights.pth
It: 15, Loss: 4.070e-03, Loss_res: 6.349e-03,  Loss_bcs: 2.132e-03, Loss_ut_ics: 1.875e-01, lr: 1.000e-03, Time: 5.54e+03
Model state saved to ./results/models/checkpoints/schrodinger/qho/2025-09-10_11-43-03-756709/model.pth
Model state saved to ./results/models/checkpoints/schrodinger/qho/2025-09-10_11-43-03-756709/model_weights.pth
It: 1, Loss: 3.475e-03, Loss_res: 9.393e-03,  Loss_bcs: 2.334e-03, Loss_ut_ics: 1.048e-01, lr: 1.000e-03, Time: 2.16e+02
Model state saved to ./results/models/checkpoints/schrodinger/qho/2025-09-10_11-43-03-756709/model.pth
Model state saved to ./results/models/checkpoints/schrodinger/qho/2025-09-10_11-43-03-756709/model_weights.pth
It: 2, Loss: 3.039e-03, Loss_res: 1.024e-01,  Loss_bcs: 1.505e-03, Loss_ut_ics: 5.097e-02, lr: 1.000e-03, Time: 4.77e+02
Model state saved to ./results/models/checkpoints/schrodinger/qho/2025-09-10_11-43-03-756709/model.pth
Model state saved to ./results/models/checkpoints/schrodinger/qho/2025-09-10_11-43-03-756709/model_weights.pth
It: 3, Loss: 2.186e-03, Loss_res: 3.690e-02,  Loss_bcs: 1.745e-03, Loss_ut_ics: 7.222e-03, lr: 1.000e-03, Time: 7.37e+02
Model state saved to ./results/models/checkpoints/schrodinger/qho/2025-09-10_11-43-03-756709/model.pth
Model state saved to ./results/models/checkpoints/schrodinger/qho/2025-09-10_11-43-03-756709/model_weights.pth
It: 4, Loss: 7.452e-03, Loss_res: 1.222e-02,  Loss_bcs: 7.103e-03, Loss_ut_ics: 2.272e-02, lr: 1.000e-03, Time: 9.76e+02
Model state saved to ./results/models/checkpoints/schrodinger/qho/2025-09-10_11-43-03-756709/model.pth
Model state saved to ./results/models/checkpoints/schrodinger/qho/2025-09-10_11-43-03-756709/model_weights.pth
It: 5, Loss: 1.525e-03, Loss_res: 5.680e-02,  Loss_bcs: 2.561e-04, Loss_ut_ics: 7.008e-02, lr: 1.000e-03, Time: 1.20e+03
Model state saved to ./results/models/checkpoints/schrodinger/qho/2025-09-10_11-43-03-756709/model.pth
Model state saved to ./results/models/checkpoints/schrodinger/qho/2025-09-10_11-43-03-756709/model_weights.pth
It: 6, Loss: 5.038e-03, Loss_res: 1.477e-02,  Loss_bcs: 4.521e-03, Loss_ut_ics: 3.691e-02, lr: 1.000e-03, Time: 1.43e+03
Model state saved to ./results/models/checkpoints/schrodinger/qho/2025-09-10_11-43-03-756709/model.pth
Model state saved to ./results/models/checkpoints/schrodinger/qho/2025-09-10_11-43-03-756709/model_weights.pth
It: 7, Loss: 9.023e-04, Loss_res: 1.302e-02,  Loss_bcs: 1.030e-04, Loss_ut_ics: 6.690e-02, lr: 1.000e-03, Time: 1.67e+03
Model state saved to ./results/models/checkpoints/schrodinger/qho/2025-09-10_11-43-03-756709/model.pth
Model state saved to ./results/models/checkpoints/schrodinger/qho/2025-09-10_11-43-03-756709/model_weights.pth
It: 8, Loss: 4.025e-03, Loss_res: 1.360e-02,  Loss_bcs: 1.808e-03, Loss_ut_ics: 2.081e-01, lr: 1.000e-03, Time: 1.90e+03
Model state saved to ./results/models/checkpoints/schrodinger/qho/2025-09-10_11-43-03-756709/model.pth
Model state saved to ./results/models/checkpoints/schrodinger/qho/2025-09-10_11-43-03-756709/model_weights.pth
It: 9, Loss: 2.860e-03, Loss_res: 8.440e-04,  Loss_bcs: 2.244e-03, Loss_ut_ics: 6.075e-02, lr: 1.000e-03, Time: 2.13e+03
Model state saved to ./results/models/checkpoints/schrodinger/qho/2025-09-10_11-43-03-756709/model.pth
Model state saved to ./results/models/checkpoints/schrodinger/qho/2025-09-10_11-43-03-756709/model_weights.pth
It: 10, Loss: 2.306e-03, Loss_res: 9.706e-02,  Loss_bcs: 9.946e-05, Loss_ut_ics: 1.236e-01, lr: 1.000e-03, Time: 2.36e+03
Model state saved to ./results/models/checkpoints/schrodinger/qho/2025-09-10_11-43-03-756709/model.pth
Model state saved to ./results/models/checkpoints/schrodinger/qho/2025-09-10_11-43-03-756709/model_weights.pth
It: 1, Loss: 4.483e-03, Loss_res: 4.526e-02,  Loss_bcs: 2.990e-03, Loss_ut_ics: 1.041e-01, lr: 1.000e-03, Time: 2.43e+02
Model state saved to ./results/models/checkpoints/schrodinger/qho/2025-09-10_11-43-03-756709/model.pth
Model state saved to ./results/models/checkpoints/schrodinger/qho/2025-09-10_11-43-03-756709/model_weights.pth
It: 2, Loss: 8.931e-04, Loss_res: 3.335e-03,  Loss_bcs: 3.417e-04, Loss_ut_ics: 5.181e-02, lr: 1.000e-03, Time: 4.86e+02
Model state saved to ./results/models/checkpoints/schrodinger/qho/2025-09-10_11-43-03-756709/model.pth
Model state saved to ./results/models/checkpoints/schrodinger/qho/2025-09-10_11-43-03-756709/model_weights.pth
It: 1, Loss: 2.356e-03, Loss_res: 2.320e-02,  Loss_bcs: 9.317e-04, Loss_ut_ics: 1.192e-01, lr: 1.000e-03, Time: 2.36e+02
Model state saved to ./results/models/checkpoints/schrodinger/qho/2025-09-10_11-43-03-756709/model.pth
Model state saved to ./results/models/checkpoints/schrodinger/qho/2025-09-10_11-43-03-756709/model_weights.pth
It: 2, Loss: 2.314e-03, Loss_res: 2.682e-02,  Loss_bcs: 1.582e-03, Loss_ut_ics: 4.633e-02, lr: 1.000e-03, Time: 4.85e+02
Model state saved to ./results/models/checkpoints/schrodinger/qho/2025-09-10_11-43-03-756709/model.pth
Model state saved to ./results/models/checkpoints/schrodinger/qho/2025-09-10_11-43-03-756709/model_weights.pth
It: 3, Loss: 1.632e-03, Loss_res: 2.839e-02,  Loss_bcs: 1.238e-03, Loss_ut_ics: 1.095e-02, lr: 1.000e-03, Time: 7.26e+02
Model state saved to ./results/models/checkpoints/schrodinger/qho/2025-09-10_11-43-03-756709/model.pth
Model state saved to ./results/models/checkpoints/schrodinger/qho/2025-09-10_11-43-03-756709/model_weights.pth
It: 4, Loss: 2.782e-03, Loss_res: 8.726e-02,  Loss_bcs: 1.641e-03, Loss_ut_ics: 2.676e-02, lr: 1.000e-03, Time: 9.67e+02
Model state saved to ./results/models/checkpoints/schrodinger/qho/2025-09-10_11-43-03-756709/model.pth
Model state saved to ./results/models/checkpoints/schrodinger/qho/2025-09-10_11-43-03-756709/model_weights.pth
It: 5, Loss: 1.776e-03, Loss_res: 1.419e-02,  Loss_bcs: 9.352e-04, Loss_ut_ics: 6.994e-02, lr: 1.000e-03, Time: 1.21e+03
Model state saved to ./results/models/checkpoints/schrodinger/qho/2025-09-10_11-43-03-756709/model.pth
Model state saved to ./results/models/checkpoints/schrodinger/qho/2025-09-10_11-43-03-756709/model_weights.pth
It: 6, Loss: 2.486e-03, Loss_res: 5.649e-02,  Loss_bcs: 1.542e-03, Loss_ut_ics: 3.787e-02, lr: 1.000e-03, Time: 1.43e+03
Model state saved to ./results/models/checkpoints/schrodinger/qho/2025-09-10_11-43-03-756709/model.pth
Model state saved to ./results/models/checkpoints/schrodinger/qho/2025-09-10_11-43-03-756709/model_weights.pth
