It: 1, Loss: 4.837e+01, Loss_res: 5.302e+00,  Loss_bcs: 7.200e-02, Loss_ut_ics: 2.400e-01, Loss_norm: 5.326e-03, w_pde: 5.00e-02, L^2_error: 1.589e+00, lr: 1.000e-03, Time: 6.81e-01
Model state saved to ./results/models/checkpoints/smoke_schrodinger\2025-12-20_17-37-08-319047_ho_DV\model.pth
Model state saved to ./results/models/checkpoints/smoke_schrodinger\2025-12-20_17-37-08-319047_ho_DV\model_weights.pth
It: 10, Loss: 2.133e+01, Loss_res: 6.978e-01,  Loss_bcs: 1.078e-02, Loss_ut_ics: 8.307e-02, Loss_norm: 8.722e-01, w_pde: 5.00e-01, L^2_error: 9.779e-01, lr: 1.000e-03, Time: 5.18e+00
Model state saved to ./results/models/checkpoints/smoke_schrodinger\2025-12-20_17-37-08-319047_ho_DV\model.pth
Model state saved to ./results/models/checkpoints/smoke_schrodinger\2025-12-20_17-37-08-319047_ho_DV\model_weights.pth
It: 20, Loss: 1.367e+01, Loss_res: 1.850e+00,  Loss_bcs: 2.288e-02, Loss_ut_ics: 5.100e-02, Loss_norm: 3.194e-01, w_pde: 1.00e+00, L^2_error: 7.700e-01, lr: 1.000e-03, Time: 9.98e+00
Model state saved to ./results/models/checkpoints/smoke_schrodinger\2025-12-20_17-37-08-319047_ho_DV\model.pth
Model state saved to ./results/models/checkpoints/smoke_schrodinger\2025-12-20_17-37-08-319047_ho_DV\model_weights.pth
It: 30, Loss: 6.413e+00, Loss_res: 1.062e-01,  Loss_bcs: 1.428e-03, Loss_ut_ics: 2.238e-02, Loss_norm: 3.657e-01, w_pde: 1.00e+00, L^2_error: 5.067e-01, lr: 1.000e-03, Time: 1.48e+01
Model state saved to ./results/models/checkpoints/smoke_schrodinger\2025-12-20_17-37-08-319047_ho_DV\model.pth
Model state saved to ./results/models/checkpoints/smoke_schrodinger\2025-12-20_17-37-08-319047_ho_DV\model_weights.pth
It: 40, Loss: 2.649e+00, Loss_res: 1.538e-01,  Loss_bcs: 2.141e-03, Loss_ut_ics: 1.080e-02, Loss_norm: 6.645e-02, w_pde: 1.00e+00, L^2_error: 3.690e-01, lr: 1.000e-03, Time: 1.96e+01
Model state saved to ./results/models/checkpoints/smoke_schrodinger\2025-12-20_17-37-08-319047_ho_DV\model.pth
Model state saved to ./results/models/checkpoints/smoke_schrodinger\2025-12-20_17-37-08-319047_ho_DV\model_weights.pth
It: 50, Loss: 1.032e+00, Loss_res: 8.020e-02,  Loss_bcs: 7.616e-04, Loss_ut_ics: 4.650e-03, Loss_norm: 4.263e-03, w_pde: 1.00e+00, L^2_error: 2.615e-01, lr: 1.000e-03, Time: 2.44e+01
Model state saved to ./results/models/checkpoints/smoke_schrodinger\2025-12-20_17-37-08-319047_ho_DV\model.pth
Model state saved to ./results/models/checkpoints/smoke_schrodinger\2025-12-20_17-37-08-319047_ho_DV\model_weights.pth
It: 60, Loss: 3.430e-01, Loss_res: 5.058e-02,  Loss_bcs: 8.379e-04, Loss_ut_ics: 1.362e-03, Loss_norm: 3.830e-03, w_pde: 1.00e+00, L^2_error: 1.733e-01, lr: 1.000e-03, Time: 2.92e+01
Model state saved to ./results/models/checkpoints/smoke_schrodinger\2025-12-20_17-37-08-319047_ho_DV\model.pth
Model state saved to ./results/models/checkpoints/smoke_schrodinger\2025-12-20_17-37-08-319047_ho_DV\model_weights.pth
It: 70, Loss: 2.454e-01, Loss_res: 1.087e-01,  Loss_bcs: 2.956e-03, Loss_ut_ics: 6.548e-04, Loss_norm: 5.622e-04, w_pde: 1.00e+00, L^2_error: 1.435e-01, lr: 1.000e-03, Time: 3.40e+01
Model state saved to ./results/models/checkpoints/smoke_schrodinger\2025-12-20_17-37-08-319047_ho_DV\model.pth
Model state saved to ./results/models/checkpoints/smoke_schrodinger\2025-12-20_17-37-08-319047_ho_DV\model_weights.pth
It: 80, Loss: 1.839e-01, Loss_res: 5.852e-02,  Loss_bcs: 1.055e-03, Loss_ut_ics: 6.107e-04, Loss_norm: 4.345e-04, w_pde: 1.00e+00, L^2_error: 1.259e-01, lr: 1.000e-03, Time: 3.87e+01
Model state saved to ./results/models/checkpoints/smoke_schrodinger\2025-12-20_17-37-08-319047_ho_DV\model.pth
Model state saved to ./results/models/checkpoints/smoke_schrodinger\2025-12-20_17-37-08-319047_ho_DV\model_weights.pth
It: 90, Loss: 1.546e-01, Loss_res: 5.418e-02,  Loss_bcs: 9.693e-04, Loss_ut_ics: 4.838e-04, Loss_norm: 5.445e-04, w_pde: 1.00e+00, L^2_error: 1.256e-01, lr: 1.000e-03, Time: 4.35e+01
Model state saved to ./results/models/checkpoints/smoke_schrodinger\2025-12-20_17-37-08-319047_ho_DV\model.pth
Model state saved to ./results/models/checkpoints/smoke_schrodinger\2025-12-20_17-37-08-319047_ho_DV\model_weights.pth
It: 100, Loss: 1.215e-01, Loss_res: 4.429e-02,  Loss_bcs: 8.910e-04, Loss_ut_ics: 3.715e-04, Loss_norm: 4.017e-04, w_pde: 1.00e+00, L^2_error: 1.209e-01, lr: 1.000e-03, Time: 4.83e+01
Model state saved to ./results/models/checkpoints/smoke_schrodinger\2025-12-20_17-37-08-319047_ho_DV\model.pth
Model state saved to ./results/models/checkpoints/smoke_schrodinger\2025-12-20_17-37-08-319047_ho_DV\model_weights.pth
It: 110, Loss: 1.102e-01, Loss_res: 4.553e-02,  Loss_bcs: 7.177e-04, Loss_ut_ics: 3.092e-04, Loss_norm: 4.230e-04, w_pde: 1.00e+00, L^2_error: 1.155e-01, lr: 1.000e-03, Time: 5.31e+01
Model state saved to ./results/models/checkpoints/smoke_schrodinger\2025-12-20_17-37-08-319047_ho_DV\model.pth
Model state saved to ./results/models/checkpoints/smoke_schrodinger\2025-12-20_17-37-08-319047_ho_DV\model_weights.pth
It: 120, Loss: 8.660e-02, Loss_res: 3.359e-02,  Loss_bcs: 6.024e-04, Loss_ut_ics: 2.549e-04, Loss_norm: 2.858e-04, w_pde: 1.00e+00, L^2_error: 1.155e-01, lr: 1.000e-03, Time: 5.80e+01
Model state saved to ./results/models/checkpoints/smoke_schrodinger\2025-12-20_17-37-08-319047_ho_DV\model.pth
Model state saved to ./results/models/checkpoints/smoke_schrodinger\2025-12-20_17-37-08-319047_ho_DV\model_weights.pth
It: 130, Loss: 7.696e-02, Loss_res: 3.244e-02,  Loss_bcs: 4.309e-04, Loss_ut_ics: 2.137e-04, Loss_norm: 2.695e-04, w_pde: 1.00e+00, L^2_error: 1.120e-01, lr: 1.000e-03, Time: 6.29e+01
Model state saved to ./results/models/checkpoints/smoke_schrodinger\2025-12-20_17-37-08-319047_ho_DV\model.pth
Model state saved to ./results/models/checkpoints/smoke_schrodinger\2025-12-20_17-37-08-319047_ho_DV\model_weights.pth
It: 140, Loss: 6.725e-02, Loss_res: 3.175e-02,  Loss_bcs: 3.455e-04, Loss_ut_ics: 1.700e-04, Loss_norm: 2.298e-04, w_pde: 1.00e+00, L^2_error: 1.093e-01, lr: 1.000e-03, Time: 6.78e+01
Model state saved to ./results/models/checkpoints/smoke_schrodinger\2025-12-20_17-37-08-319047_ho_DV\model.pth
Model state saved to ./results/models/checkpoints/smoke_schrodinger\2025-12-20_17-37-08-319047_ho_DV\model_weights.pth
It: 150, Loss: 5.773e-02, Loss_res: 2.978e-02,  Loss_bcs: 2.548e-04, Loss_ut_ics: 1.335e-04, Loss_norm: 2.005e-04, w_pde: 1.00e+00, L^2_error: 1.070e-01, lr: 1.000e-03, Time: 7.27e+01
Model state saved to ./results/models/checkpoints/smoke_schrodinger\2025-12-20_17-37-08-319047_ho_DV\model.pth
Model state saved to ./results/models/checkpoints/smoke_schrodinger\2025-12-20_17-37-08-319047_ho_DV\model_weights.pth
It: 160, Loss: 5.265e-02, Loss_res: 3.125e-02,  Loss_bcs: 1.814e-04, Loss_ut_ics: 1.019e-04, Loss_norm: 1.687e-04, w_pde: 1.00e+00, L^2_error: 1.058e-01, lr: 1.000e-03, Time: 7.77e+01
Model state saved to ./results/models/checkpoints/smoke_schrodinger\2025-12-20_17-37-08-319047_ho_DV\model.pth
Model state saved to ./results/models/checkpoints/smoke_schrodinger\2025-12-20_17-37-08-319047_ho_DV\model_weights.pth
It: 170, Loss: 4.285e-02, Loss_res: 2.653e-02,  Loss_bcs: 1.070e-04, Loss_ut_ics: 7.741e-05, Loss_norm: 1.456e-04, w_pde: 1.00e+00, L^2_error: 1.045e-01, lr: 1.000e-03, Time: 8.26e+01
Model state saved to ./results/models/checkpoints/smoke_schrodinger\2025-12-20_17-37-08-319047_ho_DV\model.pth
Model state saved to ./results/models/checkpoints/smoke_schrodinger\2025-12-20_17-37-08-319047_ho_DV\model_weights.pth
It: 180, Loss: 3.455e-02, Loss_res: 2.257e-02,  Loss_bcs: 6.794e-05, Loss_ut_ics: 5.657e-05, Loss_norm: 1.213e-04, w_pde: 1.00e+00, L^2_error: 1.038e-01, lr: 1.000e-03, Time: 8.76e+01
Model state saved to ./results/models/checkpoints/smoke_schrodinger\2025-12-20_17-37-08-319047_ho_DV\model.pth
Model state saved to ./results/models/checkpoints/smoke_schrodinger\2025-12-20_17-37-08-319047_ho_DV\model_weights.pth
It: 190, Loss: 3.316e-02, Loss_res: 2.408e-02,  Loss_bcs: 3.015e-05, Loss_ut_ics: 4.263e-05, Loss_norm: 1.037e-04, w_pde: 1.00e+00, L^2_error: 1.027e-01, lr: 1.000e-03, Time: 9.28e+01
Model state saved to ./results/models/checkpoints/smoke_schrodinger\2025-12-20_17-37-08-319047_ho_DV\model.pth
Model state saved to ./results/models/checkpoints/smoke_schrodinger\2025-12-20_17-37-08-319047_ho_DV\model_weights.pth
It: 200, Loss: 3.106e-02, Loss_res: 2.425e-02,  Loss_bcs: 1.372e-05, Loss_ut_ics: 3.186e-05, Loss_norm: 8.589e-05, w_pde: 1.00e+00, L^2_error: 1.026e-01, lr: 1.000e-03, Time: 9.77e+01
Model state saved to ./results/models/checkpoints/smoke_schrodinger\2025-12-20_17-37-08-319047_ho_DV\model.pth
Model state saved to ./results/models/checkpoints/smoke_schrodinger\2025-12-20_17-37-08-319047_ho_DV\model_weights.pth
It: 210, Loss: 2.746e-02, Loss_res: 2.201e-02,  Loss_bcs: 6.791e-06, Loss_ut_ics: 2.546e-05, Loss_norm: 6.988e-05, w_pde: 1.00e+00, L^2_error: 1.020e-01, lr: 1.000e-03, Time: 1.03e+02
Model state saved to ./results/models/checkpoints/smoke_schrodinger\2025-12-20_17-37-08-319047_ho_DV\model.pth
Model state saved to ./results/models/checkpoints/smoke_schrodinger\2025-12-20_17-37-08-319047_ho_DV\model_weights.pth
It: 220, Loss: 2.626e-02, Loss_res: 2.178e-02,  Loss_bcs: 5.718e-06, Loss_ut_ics: 2.091e-05, Loss_norm: 5.728e-05, w_pde: 1.00e+00, L^2_error: 1.018e-01, lr: 1.000e-03, Time: 1.08e+02
Model state saved to ./results/models/checkpoints/smoke_schrodinger\2025-12-20_17-37-08-319047_ho_DV\model.pth
Model state saved to ./results/models/checkpoints/smoke_schrodinger\2025-12-20_17-37-08-319047_ho_DV\model_weights.pth
It: 230, Loss: 2.487e-02, Loss_res: 2.106e-02,  Loss_bcs: 6.294e-06, Loss_ut_ics: 1.788e-05, Loss_norm: 4.541e-05, w_pde: 1.00e+00, L^2_error: 1.015e-01, lr: 1.000e-03, Time: 1.13e+02
Model state saved to ./results/models/checkpoints/smoke_schrodinger\2025-12-20_17-37-08-319047_ho_DV\model.pth
Model state saved to ./results/models/checkpoints/smoke_schrodinger\2025-12-20_17-37-08-319047_ho_DV\model_weights.pth
It: 240, Loss: 2.348e-02, Loss_res: 2.013e-02,  Loss_bcs: 8.104e-06, Loss_ut_ics: 1.590e-05, Loss_norm: 3.398e-05, w_pde: 1.00e+00, L^2_error: 1.014e-01, lr: 1.000e-03, Time: 1.18e+02
Model state saved to ./results/models/checkpoints/smoke_schrodinger\2025-12-20_17-37-08-319047_ho_DV\model.pth
Model state saved to ./results/models/checkpoints/smoke_schrodinger\2025-12-20_17-37-08-319047_ho_DV\model_weights.pth
It: 250, Loss: 2.419e-02, Loss_res: 2.119e-02,  Loss_bcs: 1.002e-05, Loss_ut_ics: 1.433e-05, Loss_norm: 2.566e-05, w_pde: 1.00e+00, L^2_error: 1.014e-01, lr: 1.000e-03, Time: 1.23e+02
Model state saved to ./results/models/checkpoints/smoke_schrodinger\2025-12-20_17-37-08-319047_ho_DV\model.pth
Model state saved to ./results/models/checkpoints/smoke_schrodinger\2025-12-20_17-37-08-319047_ho_DV\model_weights.pth
It: 260, Loss: 2.947e-02, Loss_res: 2.672e-02,  Loss_bcs: 1.125e-05, Loss_ut_ics: 1.325e-05, Loss_norm: 1.819e-05, w_pde: 1.00e+00, L^2_error: 1.011e-01, lr: 1.000e-03, Time: 1.28e+02
Model state saved to ./results/models/checkpoints/smoke_schrodinger\2025-12-20_17-37-08-319047_ho_DV\model.pth
Model state saved to ./results/models/checkpoints/smoke_schrodinger\2025-12-20_17-37-08-319047_ho_DV\model_weights.pth
It: 270, Loss: 2.221e-02, Loss_res: 1.965e-02,  Loss_bcs: 1.272e-05, Loss_ut_ics: 1.244e-05, Loss_norm: 1.264e-05, w_pde: 1.00e+00, L^2_error: 1.010e-01, lr: 1.000e-03, Time: 1.33e+02
Model state saved to ./results/models/checkpoints/smoke_schrodinger\2025-12-20_17-37-08-319047_ho_DV\model.pth
Model state saved to ./results/models/checkpoints/smoke_schrodinger\2025-12-20_17-37-08-319047_ho_DV\model_weights.pth
It: 280, Loss: 1.975e-02, Loss_res: 1.734e-02,  Loss_bcs: 1.382e-05, Loss_ut_ics: 1.180e-05, Loss_norm: 8.680e-06, w_pde: 1.00e+00, L^2_error: 1.010e-01, lr: 1.000e-03, Time: 1.38e+02
Model state saved to ./results/models/checkpoints/smoke_schrodinger\2025-12-20_17-37-08-319047_ho_DV\model.pth
Model state saved to ./results/models/checkpoints/smoke_schrodinger\2025-12-20_17-37-08-319047_ho_DV\model_weights.pth
It: 290, Loss: 2.666e-02, Loss_res: 2.435e-02,  Loss_bcs: 1.525e-05, Loss_ut_ics: 1.136e-05, Loss_norm: 5.557e-06, w_pde: 1.00e+00, L^2_error: 1.008e-01, lr: 1.000e-03, Time: 1.43e+02
Model state saved to ./results/models/checkpoints/smoke_schrodinger\2025-12-20_17-37-08-319047_ho_DV\model.pth
Model state saved to ./results/models/checkpoints/smoke_schrodinger\2025-12-20_17-37-08-319047_ho_DV\model_weights.pth
It: 300, Loss: 2.452e-02, Loss_res: 2.229e-02,  Loss_bcs: 1.589e-05, Loss_ut_ics: 1.098e-05, Loss_norm: 3.602e-06, w_pde: 1.00e+00, L^2_error: 1.008e-01, lr: 1.000e-03, Time: 1.48e+02
Model state saved to ./results/models/checkpoints/smoke_schrodinger\2025-12-20_17-37-08-319047_ho_DV\model.pth
Model state saved to ./results/models/checkpoints/smoke_schrodinger\2025-12-20_17-37-08-319047_ho_DV\model_weights.pth
It: 310, Loss: 1.725e-02, Loss_res: 1.509e-02,  Loss_bcs: 1.664e-05, Loss_ut_ics: 1.064e-05, Loss_norm: 2.085e-06, w_pde: 1.00e+00, L^2_error: 1.007e-01, lr: 1.000e-03, Time: 1.53e+02
Model state saved to ./results/models/checkpoints/smoke_schrodinger\2025-12-20_17-37-08-319047_ho_DV\model.pth
Model state saved to ./results/models/checkpoints/smoke_schrodinger\2025-12-20_17-37-08-319047_ho_DV\model_weights.pth
It: 320, Loss: 2.153e-02, Loss_res: 1.943e-02,  Loss_bcs: 1.718e-05, Loss_ut_ics: 1.037e-05, Loss_norm: 1.278e-06, w_pde: 1.00e+00, L^2_error: 1.007e-01, lr: 1.000e-03, Time: 1.58e+02
Model state saved to ./results/models/checkpoints/smoke_schrodinger\2025-12-20_17-37-08-319047_ho_DV\model.pth
Model state saved to ./results/models/checkpoints/smoke_schrodinger\2025-12-20_17-37-08-319047_ho_DV\model_weights.pth
It: 330, Loss: 2.168e-02, Loss_res: 1.962e-02,  Loss_bcs: 1.837e-05, Loss_ut_ics: 1.018e-05, Loss_norm: 1.177e-06, w_pde: 1.00e+00, L^2_error: 1.006e-01, lr: 1.000e-03, Time: 1.63e+02
Model state saved to ./results/models/checkpoints/smoke_schrodinger\2025-12-20_17-37-08-319047_ho_DV\model.pth
Model state saved to ./results/models/checkpoints/smoke_schrodinger\2025-12-20_17-37-08-319047_ho_DV\model_weights.pth
It: 340, Loss: 2.147e-02, Loss_res: 1.945e-02,  Loss_bcs: 1.782e-05, Loss_ut_ics: 9.960e-06, Loss_norm: 7.523e-07, w_pde: 1.00e+00, L^2_error: 1.007e-01, lr: 1.000e-03, Time: 1.68e+02
Model state saved to ./results/models/checkpoints/smoke_schrodinger\2025-12-20_17-37-08-319047_ho_DV\model.pth
Model state saved to ./results/models/checkpoints/smoke_schrodinger\2025-12-20_17-37-08-319047_ho_DV\model_weights.pth
It: 350, Loss: 2.229e-02, Loss_res: 2.029e-02,  Loss_bcs: 1.846e-05, Loss_ut_ics: 9.813e-06, Loss_norm: 2.790e-06, w_pde: 1.00e+00, L^2_error: 1.007e-01, lr: 1.000e-03, Time: 1.73e+02
Model state saved to ./results/models/checkpoints/smoke_schrodinger\2025-12-20_17-37-08-319047_ho_DV\model.pth
Model state saved to ./results/models/checkpoints/smoke_schrodinger\2025-12-20_17-37-08-319047_ho_DV\model_weights.pth
It: 360, Loss: 2.069e-02, Loss_res: 1.874e-02,  Loss_bcs: 1.773e-05, Loss_ut_ics: 9.620e-06, Loss_norm: 1.344e-06, w_pde: 1.00e+00, L^2_error: 1.006e-01, lr: 1.000e-03, Time: 1.78e+02
Model state saved to ./results/models/checkpoints/smoke_schrodinger\2025-12-20_17-37-08-319047_ho_DV\model.pth
Model state saved to ./results/models/checkpoints/smoke_schrodinger\2025-12-20_17-37-08-319047_ho_DV\model_weights.pth
It: 370, Loss: 2.189e-02, Loss_res: 1.997e-02,  Loss_bcs: 1.795e-05, Loss_ut_ics: 9.481e-06, Loss_norm: 2.118e-06, w_pde: 1.00e+00, L^2_error: 1.005e-01, lr: 1.000e-03, Time: 1.83e+02
Model state saved to ./results/models/checkpoints/smoke_schrodinger\2025-12-20_17-37-08-319047_ho_DV\model.pth
Model state saved to ./results/models/checkpoints/smoke_schrodinger\2025-12-20_17-37-08-319047_ho_DV\model_weights.pth
It: 380, Loss: 1.975e-02, Loss_res: 1.785e-02,  Loss_bcs: 1.788e-05, Loss_ut_ics: 9.323e-06, Loss_norm: 2.499e-06, w_pde: 1.00e+00, L^2_error: 1.005e-01, lr: 1.000e-03, Time: 1.88e+02
Model state saved to ./results/models/checkpoints/smoke_schrodinger\2025-12-20_17-37-08-319047_ho_DV\model.pth
Model state saved to ./results/models/checkpoints/smoke_schrodinger\2025-12-20_17-37-08-319047_ho_DV\model_weights.pth
It: 390, Loss: 2.592e-02, Loss_res: 2.404e-02,  Loss_bcs: 1.847e-05, Loss_ut_ics: 9.181e-06, Loss_norm: 3.150e-06, w_pde: 1.00e+00, L^2_error: 1.005e-01, lr: 1.000e-03, Time: 1.93e+02
Model state saved to ./results/models/checkpoints/smoke_schrodinger\2025-12-20_17-37-08-319047_ho_DV\model.pth
Model state saved to ./results/models/checkpoints/smoke_schrodinger\2025-12-20_17-37-08-319047_ho_DV\model_weights.pth
It: 400, Loss: 2.099e-02, Loss_res: 1.914e-02,  Loss_bcs: 1.812e-05, Loss_ut_ics: 9.050e-06, Loss_norm: 3.300e-06, w_pde: 1.00e+00, L^2_error: 1.005e-01, lr: 1.000e-03, Time: 1.98e+02
Model state saved to ./results/models/checkpoints/smoke_schrodinger\2025-12-20_17-37-08-319047_ho_DV\model.pth
Model state saved to ./results/models/checkpoints/smoke_schrodinger\2025-12-20_17-37-08-319047_ho_DV\model_weights.pth
It: 410, Loss: 2.032e-02, Loss_res: 1.850e-02,  Loss_bcs: 1.795e-05, Loss_ut_ics: 8.929e-06, Loss_norm: 4.642e-06, w_pde: 1.00e+00, L^2_error: 1.004e-01, lr: 1.000e-03, Time: 2.03e+02
Model state saved to ./results/models/checkpoints/smoke_schrodinger\2025-12-20_17-37-08-319047_ho_DV\model.pth
Model state saved to ./results/models/checkpoints/smoke_schrodinger\2025-12-20_17-37-08-319047_ho_DV\model_weights.pth
It: 420, Loss: 2.789e-02, Loss_res: 2.609e-02,  Loss_bcs: 1.770e-05, Loss_ut_ics: 8.800e-06, Loss_norm: 4.596e-06, w_pde: 1.00e+00, L^2_error: 1.002e-01, lr: 1.000e-03, Time: 2.08e+02
Model state saved to ./results/models/checkpoints/smoke_schrodinger\2025-12-20_17-37-08-319047_ho_DV\model.pth
Model state saved to ./results/models/checkpoints/smoke_schrodinger\2025-12-20_17-37-08-319047_ho_DV\model_weights.pth
It: 430, Loss: 2.253e-02, Loss_res: 2.075e-02,  Loss_bcs: 1.785e-05, Loss_ut_ics: 8.660e-06, Loss_norm: 4.824e-06, w_pde: 1.00e+00, L^2_error: 1.004e-01, lr: 1.000e-03, Time: 2.13e+02
Model state saved to ./results/models/checkpoints/smoke_schrodinger\2025-12-20_17-37-08-319047_ho_DV\model.pth
Model state saved to ./results/models/checkpoints/smoke_schrodinger\2025-12-20_17-37-08-319047_ho_DV\model_weights.pth
It: 440, Loss: 2.116e-02, Loss_res: 1.941e-02,  Loss_bcs: 1.763e-05, Loss_ut_ics: 8.536e-06, Loss_norm: 5.307e-06, w_pde: 1.00e+00, L^2_error: 1.003e-01, lr: 1.000e-03, Time: 2.19e+02
Model state saved to ./results/models/checkpoints/smoke_schrodinger\2025-12-20_17-37-08-319047_ho_DV\model.pth
Model state saved to ./results/models/checkpoints/smoke_schrodinger\2025-12-20_17-37-08-319047_ho_DV\model_weights.pth
It: 450, Loss: 2.586e-02, Loss_res: 2.412e-02,  Loss_bcs: 1.768e-05, Loss_ut_ics: 8.429e-06, Loss_norm: 6.425e-06, w_pde: 1.00e+00, L^2_error: 1.004e-01, lr: 1.000e-03, Time: 2.23e+02
Model state saved to ./results/models/checkpoints/smoke_schrodinger\2025-12-20_17-37-08-319047_ho_DV\model.pth
Model state saved to ./results/models/checkpoints/smoke_schrodinger\2025-12-20_17-37-08-319047_ho_DV\model_weights.pth
It: 460, Loss: 2.434e-02, Loss_res: 2.263e-02,  Loss_bcs: 1.788e-05, Loss_ut_ics: 8.331e-06, Loss_norm: 5.743e-06, w_pde: 1.00e+00, L^2_error: 1.006e-01, lr: 1.000e-03, Time: 2.28e+02
Model state saved to ./results/models/checkpoints/smoke_schrodinger\2025-12-20_17-37-08-319047_ho_DV\model.pth
Model state saved to ./results/models/checkpoints/smoke_schrodinger\2025-12-20_17-37-08-319047_ho_DV\model_weights.pth
It: 470, Loss: 2.392e-02, Loss_res: 2.224e-02,  Loss_bcs: 1.801e-05, Loss_ut_ics: 8.196e-06, Loss_norm: 5.208e-06, w_pde: 1.00e+00, L^2_error: 1.003e-01, lr: 1.000e-03, Time: 2.34e+02
Model state saved to ./results/models/checkpoints/smoke_schrodinger\2025-12-20_17-37-08-319047_ho_DV\model.pth
Model state saved to ./results/models/checkpoints/smoke_schrodinger\2025-12-20_17-37-08-319047_ho_DV\model_weights.pth
It: 480, Loss: 2.063e-02, Loss_res: 1.897e-02,  Loss_bcs: 1.739e-05, Loss_ut_ics: 8.083e-06, Loss_norm: 5.726e-06, w_pde: 1.00e+00, L^2_error: 1.003e-01, lr: 1.000e-03, Time: 2.39e+02
Model state saved to ./results/models/checkpoints/smoke_schrodinger\2025-12-20_17-37-08-319047_ho_DV\model.pth
Model state saved to ./results/models/checkpoints/smoke_schrodinger\2025-12-20_17-37-08-319047_ho_DV\model_weights.pth
It: 490, Loss: 2.536e-02, Loss_res: 2.371e-02,  Loss_bcs: 1.771e-05, Loss_ut_ics: 7.978e-06, Loss_norm: 8.478e-06, w_pde: 1.00e+00, L^2_error: 1.002e-01, lr: 1.000e-03, Time: 2.44e+02
Model state saved to ./results/models/checkpoints/smoke_schrodinger\2025-12-20_17-37-08-319047_ho_DV\model.pth
Model state saved to ./results/models/checkpoints/smoke_schrodinger\2025-12-20_17-37-08-319047_ho_DV\model_weights.pth
It: 500, Loss: 2.024e-02, Loss_res: 1.862e-02,  Loss_bcs: 1.640e-05, Loss_ut_ics: 7.866e-06, Loss_norm: 6.064e-06, w_pde: 1.00e+00, L^2_error: 1.004e-01, lr: 1.000e-03, Time: 2.49e+02
Model state saved to ./results/models/checkpoints/smoke_schrodinger\2025-12-20_17-37-08-319047_ho_DV\model.pth
Model state saved to ./results/models/checkpoints/smoke_schrodinger\2025-12-20_17-37-08-319047_ho_DV\model_weights.pth
It: 510, Loss: 2.084e-02, Loss_res: 1.923e-02,  Loss_bcs: 1.702e-05, Loss_ut_ics: 7.758e-06, Loss_norm: 8.222e-06, w_pde: 1.00e+00, L^2_error: 1.003e-01, lr: 1.000e-03, Time: 2.53e+02
Model state saved to ./results/models/checkpoints/smoke_schrodinger\2025-12-20_17-37-08-319047_ho_DV\model.pth
Model state saved to ./results/models/checkpoints/smoke_schrodinger\2025-12-20_17-37-08-319047_ho_DV\model_weights.pth
It: 520, Loss: 1.912e-02, Loss_res: 1.754e-02,  Loss_bcs: 1.626e-05, Loss_ut_ics: 7.637e-06, Loss_norm: 6.314e-06, w_pde: 1.00e+00, L^2_error: 1.002e-01, lr: 1.000e-03, Time: 2.58e+02
Model state saved to ./results/models/checkpoints/smoke_schrodinger\2025-12-20_17-37-08-319047_ho_DV\model.pth
Model state saved to ./results/models/checkpoints/smoke_schrodinger\2025-12-20_17-37-08-319047_ho_DV\model_weights.pth
It: 530, Loss: 2.149e-02, Loss_res: 1.993e-02,  Loss_bcs: 1.730e-05, Loss_ut_ics: 7.545e-06, Loss_norm: 6.951e-06, w_pde: 1.00e+00, L^2_error: 1.003e-01, lr: 1.000e-03, Time: 2.63e+02
Model state saved to ./results/models/checkpoints/smoke_schrodinger\2025-12-20_17-37-08-319047_ho_DV\model.pth
Model state saved to ./results/models/checkpoints/smoke_schrodinger\2025-12-20_17-37-08-319047_ho_DV\model_weights.pth
It: 540, Loss: 2.365e-02, Loss_res: 2.211e-02,  Loss_bcs: 1.712e-05, Loss_ut_ics: 7.443e-06, Loss_norm: 6.153e-06, w_pde: 1.00e+00, L^2_error: 1.002e-01, lr: 1.000e-03, Time: 2.68e+02
Model state saved to ./results/models/checkpoints/smoke_schrodinger\2025-12-20_17-37-08-319047_ho_DV\model.pth
Model state saved to ./results/models/checkpoints/smoke_schrodinger\2025-12-20_17-37-08-319047_ho_DV\model_weights.pth
It: 550, Loss: 2.299e-02, Loss_res: 2.146e-02,  Loss_bcs: 1.654e-05, Loss_ut_ics: 7.341e-06, Loss_norm: 8.251e-06, w_pde: 1.00e+00, L^2_error: 1.002e-01, lr: 1.000e-03, Time: 2.73e+02
Model state saved to ./results/models/checkpoints/smoke_schrodinger\2025-12-20_17-37-08-319047_ho_DV\model.pth
Model state saved to ./results/models/checkpoints/smoke_schrodinger\2025-12-20_17-37-08-319047_ho_DV\model_weights.pth
It: 560, Loss: 2.539e-02, Loss_res: 2.389e-02,  Loss_bcs: 1.635e-05, Loss_ut_ics: 7.246e-06, Loss_norm: 6.903e-06, w_pde: 1.00e+00, L^2_error: 1.004e-01, lr: 1.000e-03, Time: 2.78e+02
Model state saved to ./results/models/checkpoints/smoke_schrodinger\2025-12-20_17-37-08-319047_ho_DV\model.pth
Model state saved to ./results/models/checkpoints/smoke_schrodinger\2025-12-20_17-37-08-319047_ho_DV\model_weights.pth
It: 570, Loss: 2.637e-02, Loss_res: 2.488e-02,  Loss_bcs: 1.579e-05, Loss_ut_ics: 7.155e-06, Loss_norm: 8.046e-06, w_pde: 1.00e+00, L^2_error: 1.003e-01, lr: 1.000e-03, Time: 2.83e+02
Model state saved to ./results/models/checkpoints/smoke_schrodinger\2025-12-20_17-37-08-319047_ho_DV\model.pth
Model state saved to ./results/models/checkpoints/smoke_schrodinger\2025-12-20_17-37-08-319047_ho_DV\model_weights.pth
It: 580, Loss: 2.550e-02, Loss_res: 2.404e-02,  Loss_bcs: 1.478e-05, Loss_ut_ics: 7.064e-06, Loss_norm: 6.514e-06, w_pde: 1.00e+00, L^2_error: 1.003e-01, lr: 1.000e-03, Time: 2.88e+02
Model state saved to ./results/models/checkpoints/smoke_schrodinger\2025-12-20_17-37-08-319047_ho_DV\model.pth
Model state saved to ./results/models/checkpoints/smoke_schrodinger\2025-12-20_17-37-08-319047_ho_DV\model_weights.pth
It: 590, Loss: 2.300e-02, Loss_res: 2.156e-02,  Loss_bcs: 1.523e-05, Loss_ut_ics: 6.969e-06, Loss_norm: 7.503e-06, w_pde: 1.00e+00, L^2_error: 1.002e-01, lr: 1.000e-03, Time: 2.94e+02
Model state saved to ./results/models/checkpoints/smoke_schrodinger\2025-12-20_17-37-08-319047_ho_DV\model.pth
Model state saved to ./results/models/checkpoints/smoke_schrodinger\2025-12-20_17-37-08-319047_ho_DV\model_weights.pth
It: 600, Loss: 2.282e-02, Loss_res: 2.140e-02,  Loss_bcs: 1.541e-05, Loss_ut_ics: 6.862e-06, Loss_norm: 6.148e-06, w_pde: 1.00e+00, L^2_error: 1.002e-01, lr: 1.000e-03, Time: 2.99e+02
Model state saved to ./results/models/checkpoints/smoke_schrodinger\2025-12-20_17-37-08-319047_ho_DV\model.pth
Model state saved to ./results/models/checkpoints/smoke_schrodinger\2025-12-20_17-37-08-319047_ho_DV\model_weights.pth
It: 610, Loss: 2.408e-02, Loss_res: 2.267e-02,  Loss_bcs: 1.573e-05, Loss_ut_ics: 6.771e-06, Loss_norm: 7.297e-06, w_pde: 1.00e+00, L^2_error: 1.003e-01, lr: 1.000e-03, Time: 3.04e+02
Model state saved to ./results/models/checkpoints/smoke_schrodinger\2025-12-20_17-37-08-319047_ho_DV\model.pth
Model state saved to ./results/models/checkpoints/smoke_schrodinger\2025-12-20_17-37-08-319047_ho_DV\model_weights.pth
It: 620, Loss: 2.042e-02, Loss_res: 1.903e-02,  Loss_bcs: 1.564e-05, Loss_ut_ics: 6.674e-06, Loss_norm: 7.733e-06, w_pde: 1.00e+00, L^2_error: 1.001e-01, lr: 1.000e-03, Time: 3.09e+02
Model state saved to ./results/models/checkpoints/smoke_schrodinger\2025-12-20_17-37-08-319047_ho_DV\model.pth
Model state saved to ./results/models/checkpoints/smoke_schrodinger\2025-12-20_17-37-08-319047_ho_DV\model_weights.pth
It: 630, Loss: 1.827e-02, Loss_res: 1.690e-02,  Loss_bcs: 1.583e-05, Loss_ut_ics: 6.591e-06, Loss_norm: 6.863e-06, w_pde: 1.00e+00, L^2_error: 1.002e-01, lr: 1.000e-03, Time: 3.14e+02
Model state saved to ./results/models/checkpoints/smoke_schrodinger\2025-12-20_17-37-08-319047_ho_DV\model.pth
Model state saved to ./results/models/checkpoints/smoke_schrodinger\2025-12-20_17-37-08-319047_ho_DV\model_weights.pth
It: 640, Loss: 2.385e-02, Loss_res: 2.250e-02,  Loss_bcs: 1.551e-05, Loss_ut_ics: 6.498e-06, Loss_norm: 6.678e-06, w_pde: 1.00e+00, L^2_error: 1.002e-01, lr: 1.000e-03, Time: 3.19e+02
Model state saved to ./results/models/checkpoints/smoke_schrodinger\2025-12-20_17-37-08-319047_ho_DV\model.pth
Model state saved to ./results/models/checkpoints/smoke_schrodinger\2025-12-20_17-37-08-319047_ho_DV\model_weights.pth
It: 650, Loss: 2.906e-02, Loss_res: 2.773e-02,  Loss_bcs: 1.538e-05, Loss_ut_ics: 6.427e-06, Loss_norm: 5.804e-06, w_pde: 1.00e+00, L^2_error: 1.002e-01, lr: 1.000e-03, Time: 3.24e+02
Model state saved to ./results/models/checkpoints/smoke_schrodinger\2025-12-20_17-37-08-319047_ho_DV\model.pth
Model state saved to ./results/models/checkpoints/smoke_schrodinger\2025-12-20_17-37-08-319047_ho_DV\model_weights.pth
It: 660, Loss: 2.030e-02, Loss_res: 1.898e-02,  Loss_bcs: 1.547e-05, Loss_ut_ics: 6.359e-06, Loss_norm: 7.826e-06, w_pde: 1.00e+00, L^2_error: 1.001e-01, lr: 1.000e-03, Time: 3.29e+02
Model state saved to ./results/models/checkpoints/smoke_schrodinger\2025-12-20_17-37-08-319047_ho_DV\model.pth
Model state saved to ./results/models/checkpoints/smoke_schrodinger\2025-12-20_17-37-08-319047_ho_DV\model_weights.pth
It: 670, Loss: 2.097e-02, Loss_res: 1.966e-02,  Loss_bcs: 1.477e-05, Loss_ut_ics: 6.292e-06, Loss_norm: 7.321e-06, w_pde: 1.00e+00, L^2_error: 1.000e-01, lr: 1.000e-03, Time: 3.35e+02
Model state saved to ./results/models/checkpoints/smoke_schrodinger\2025-12-20_17-37-08-319047_ho_DV\model.pth
Model state saved to ./results/models/checkpoints/smoke_schrodinger\2025-12-20_17-37-08-319047_ho_DV\model_weights.pth
It: 680, Loss: 2.613e-02, Loss_res: 2.485e-02,  Loss_bcs: 1.399e-05, Loss_ut_ics: 6.207e-06, Loss_norm: 5.362e-06, w_pde: 1.00e+00, L^2_error: 1.001e-01, lr: 1.000e-03, Time: 3.40e+02
Model state saved to ./results/models/checkpoints/smoke_schrodinger\2025-12-20_17-37-08-319047_ho_DV\model.pth
Model state saved to ./results/models/checkpoints/smoke_schrodinger\2025-12-20_17-37-08-319047_ho_DV\model_weights.pth
It: 690, Loss: 2.141e-02, Loss_res: 2.013e-02,  Loss_bcs: 1.383e-05, Loss_ut_ics: 6.141e-06, Loss_norm: 7.618e-06, w_pde: 1.00e+00, L^2_error: 1.001e-01, lr: 1.000e-03, Time: 3.45e+02
Model state saved to ./results/models/checkpoints/smoke_schrodinger\2025-12-20_17-37-08-319047_ho_DV\model.pth
Model state saved to ./results/models/checkpoints/smoke_schrodinger\2025-12-20_17-37-08-319047_ho_DV\model_weights.pth
It: 700, Loss: 2.131e-02, Loss_res: 2.005e-02,  Loss_bcs: 1.448e-05, Loss_ut_ics: 6.075e-06, Loss_norm: 7.047e-06, w_pde: 1.00e+00, L^2_error: 1.001e-01, lr: 1.000e-03, Time: 3.50e+02
Model state saved to ./results/models/checkpoints/smoke_schrodinger\2025-12-20_17-37-08-319047_ho_DV\model.pth
Model state saved to ./results/models/checkpoints/smoke_schrodinger\2025-12-20_17-37-08-319047_ho_DV\model_weights.pth
It: 710, Loss: 2.153e-02, Loss_res: 2.029e-02,  Loss_bcs: 1.415e-05, Loss_ut_ics: 5.981e-06, Loss_norm: 5.663e-06, w_pde: 1.00e+00, L^2_error: 1.001e-01, lr: 1.000e-03, Time: 3.55e+02
Model state saved to ./results/models/checkpoints/smoke_schrodinger\2025-12-20_17-37-08-319047_ho_DV\model.pth
Model state saved to ./results/models/checkpoints/smoke_schrodinger\2025-12-20_17-37-08-319047_ho_DV\model_weights.pth
It: 720, Loss: 2.784e-02, Loss_res: 2.661e-02,  Loss_bcs: 1.452e-05, Loss_ut_ics: 5.905e-06, Loss_norm: 6.770e-06, w_pde: 1.00e+00, L^2_error: 1.000e-01, lr: 1.000e-03, Time: 3.60e+02
Model state saved to ./results/models/checkpoints/smoke_schrodinger\2025-12-20_17-37-08-319047_ho_DV\model.pth
Model state saved to ./results/models/checkpoints/smoke_schrodinger\2025-12-20_17-37-08-319047_ho_DV\model_weights.pth
It: 730, Loss: 2.355e-02, Loss_res: 2.234e-02,  Loss_bcs: 1.392e-05, Loss_ut_ics: 5.827e-06, Loss_norm: 6.445e-06, w_pde: 1.00e+00, L^2_error: 9.998e-02, lr: 1.000e-03, Time: 3.65e+02
Model state saved to ./results/models/checkpoints/smoke_schrodinger\2025-12-20_17-37-08-319047_ho_DV\model.pth
Model state saved to ./results/models/checkpoints/smoke_schrodinger\2025-12-20_17-37-08-319047_ho_DV\model_weights.pth
It: 740, Loss: 2.546e-02, Loss_res: 2.426e-02,  Loss_bcs: 1.380e-05, Loss_ut_ics: 5.766e-06, Loss_norm: 6.827e-06, w_pde: 1.00e+00, L^2_error: 1.001e-01, lr: 1.000e-03, Time: 3.70e+02
Model state saved to ./results/models/checkpoints/smoke_schrodinger\2025-12-20_17-37-08-319047_ho_DV\model.pth
Model state saved to ./results/models/checkpoints/smoke_schrodinger\2025-12-20_17-37-08-319047_ho_DV\model_weights.pth
It: 750, Loss: 2.246e-02, Loss_res: 2.128e-02,  Loss_bcs: 1.411e-05, Loss_ut_ics: 5.700e-06, Loss_norm: 5.574e-06, w_pde: 1.00e+00, L^2_error: 9.999e-02, lr: 1.000e-03, Time: 3.75e+02
Model state saved to ./results/models/checkpoints/smoke_schrodinger\2025-12-20_17-37-08-319047_ho_DV\model.pth
Model state saved to ./results/models/checkpoints/smoke_schrodinger\2025-12-20_17-37-08-319047_ho_DV\model_weights.pth
It: 760, Loss: 2.649e-02, Loss_res: 2.532e-02,  Loss_bcs: 1.355e-05, Loss_ut_ics: 5.625e-06, Loss_norm: 6.116e-06, w_pde: 1.00e+00, L^2_error: 1.001e-01, lr: 1.000e-03, Time: 3.80e+02
Model state saved to ./results/models/checkpoints/smoke_schrodinger\2025-12-20_17-37-08-319047_ho_DV\model.pth
Model state saved to ./results/models/checkpoints/smoke_schrodinger\2025-12-20_17-37-08-319047_ho_DV\model_weights.pth
It: 770, Loss: 2.697e-02, Loss_res: 2.582e-02,  Loss_bcs: 1.382e-05, Loss_ut_ics: 5.557e-06, Loss_norm: 6.342e-06, w_pde: 1.00e+00, L^2_error: 9.993e-02, lr: 1.000e-03, Time: 3.85e+02
Model state saved to ./results/models/checkpoints/smoke_schrodinger\2025-12-20_17-37-08-319047_ho_DV\model.pth
Model state saved to ./results/models/checkpoints/smoke_schrodinger\2025-12-20_17-37-08-319047_ho_DV\model_weights.pth
It: 780, Loss: 2.238e-02, Loss_res: 2.123e-02,  Loss_bcs: 1.379e-05, Loss_ut_ics: 5.516e-06, Loss_norm: 6.717e-06, w_pde: 1.00e+00, L^2_error: 1.001e-01, lr: 1.000e-03, Time: 3.90e+02
Model state saved to ./results/models/checkpoints/smoke_schrodinger\2025-12-20_17-37-08-319047_ho_DV\model.pth
Model state saved to ./results/models/checkpoints/smoke_schrodinger\2025-12-20_17-37-08-319047_ho_DV\model_weights.pth
It: 790, Loss: 2.297e-02, Loss_res: 2.183e-02,  Loss_bcs: 1.308e-05, Loss_ut_ics: 5.435e-06, Loss_norm: 6.524e-06, w_pde: 1.00e+00, L^2_error: 9.989e-02, lr: 1.000e-03, Time: 3.95e+02
Model state saved to ./results/models/checkpoints/smoke_schrodinger\2025-12-20_17-37-08-319047_ho_DV\model.pth
Model state saved to ./results/models/checkpoints/smoke_schrodinger\2025-12-20_17-37-08-319047_ho_DV\model_weights.pth
It: 800, Loss: 2.124e-02, Loss_res: 2.013e-02,  Loss_bcs: 1.258e-05, Loss_ut_ics: 5.370e-06, Loss_norm: 5.904e-06, w_pde: 1.00e+00, L^2_error: 9.985e-02, lr: 1.000e-03, Time: 4.00e+02
Model state saved to ./results/models/checkpoints/smoke_schrodinger\2025-12-20_17-37-08-319047_ho_DV\model.pth
Model state saved to ./results/models/checkpoints/smoke_schrodinger\2025-12-20_17-37-08-319047_ho_DV\model_weights.pth
It: 810, Loss: 2.587e-02, Loss_res: 2.476e-02,  Loss_bcs: 1.346e-05, Loss_ut_ics: 5.335e-06, Loss_norm: 4.945e-06, w_pde: 1.00e+00, L^2_error: 1.001e-01, lr: 1.000e-03, Time: 4.05e+02
Model state saved to ./results/models/checkpoints/smoke_schrodinger\2025-12-20_17-37-08-319047_ho_DV\model.pth
Model state saved to ./results/models/checkpoints/smoke_schrodinger\2025-12-20_17-37-08-319047_ho_DV\model_weights.pth
It: 820, Loss: 1.630e-02, Loss_res: 1.521e-02,  Loss_bcs: 1.360e-05, Loss_ut_ics: 5.271e-06, Loss_norm: 6.044e-06, w_pde: 1.00e+00, L^2_error: 9.977e-02, lr: 1.000e-03, Time: 4.11e+02
Model state saved to ./results/models/checkpoints/smoke_schrodinger\2025-12-20_17-37-08-319047_ho_DV\model.pth
Model state saved to ./results/models/checkpoints/smoke_schrodinger\2025-12-20_17-37-08-319047_ho_DV\model_weights.pth
It: 830, Loss: 2.040e-02, Loss_res: 1.932e-02,  Loss_bcs: 1.278e-05, Loss_ut_ics: 5.209e-06, Loss_norm: 4.952e-06, w_pde: 1.00e+00, L^2_error: 9.985e-02, lr: 1.000e-03, Time: 4.16e+02
Model state saved to ./results/models/checkpoints/smoke_schrodinger\2025-12-20_17-37-08-319047_ho_DV\model.pth
Model state saved to ./results/models/checkpoints/smoke_schrodinger\2025-12-20_17-37-08-319047_ho_DV\model_weights.pth
It: 840, Loss: 2.154e-02, Loss_res: 2.047e-02,  Loss_bcs: 1.234e-05, Loss_ut_ics: 5.142e-06, Loss_norm: 4.235e-06, w_pde: 1.00e+00, L^2_error: 9.995e-02, lr: 1.000e-03, Time: 4.21e+02
Model state saved to ./results/models/checkpoints/smoke_schrodinger\2025-12-20_17-37-08-319047_ho_DV\model.pth
Model state saved to ./results/models/checkpoints/smoke_schrodinger\2025-12-20_17-37-08-319047_ho_DV\model_weights.pth
It: 850, Loss: 2.451e-02, Loss_res: 2.345e-02,  Loss_bcs: 1.278e-05, Loss_ut_ics: 5.085e-06, Loss_norm: 5.098e-06, w_pde: 1.00e+00, L^2_error: 9.984e-02, lr: 1.000e-03, Time: 4.26e+02
Model state saved to ./results/models/checkpoints/smoke_schrodinger\2025-12-20_17-37-08-319047_ho_DV\model.pth
Model state saved to ./results/models/checkpoints/smoke_schrodinger\2025-12-20_17-37-08-319047_ho_DV\model_weights.pth
It: 860, Loss: 2.009e-02, Loss_res: 1.904e-02,  Loss_bcs: 1.302e-05, Loss_ut_ics: 5.046e-06, Loss_norm: 5.467e-06, w_pde: 1.00e+00, L^2_error: 9.988e-02, lr: 1.000e-03, Time: 4.31e+02
Model state saved to ./results/models/checkpoints/smoke_schrodinger\2025-12-20_17-37-08-319047_ho_DV\model.pth
Model state saved to ./results/models/checkpoints/smoke_schrodinger\2025-12-20_17-37-08-319047_ho_DV\model_weights.pth
It: 870, Loss: 2.000e-02, Loss_res: 1.896e-02,  Loss_bcs: 1.264e-05, Loss_ut_ics: 5.000e-06, Loss_norm: 6.611e-06, w_pde: 1.00e+00, L^2_error: 9.983e-02, lr: 1.000e-03, Time: 4.36e+02
Model state saved to ./results/models/checkpoints/smoke_schrodinger\2025-12-20_17-37-08-319047_ho_DV\model.pth
Model state saved to ./results/models/checkpoints/smoke_schrodinger\2025-12-20_17-37-08-319047_ho_DV\model_weights.pth
It: 880, Loss: 2.088e-02, Loss_res: 1.985e-02,  Loss_bcs: 1.281e-05, Loss_ut_ics: 4.965e-06, Loss_norm: 5.375e-06, w_pde: 1.00e+00, L^2_error: 9.976e-02, lr: 1.000e-03, Time: 4.41e+02
Model state saved to ./results/models/checkpoints/smoke_schrodinger\2025-12-20_17-37-08-319047_ho_DV\model.pth
Model state saved to ./results/models/checkpoints/smoke_schrodinger\2025-12-20_17-37-08-319047_ho_DV\model_weights.pth
It: 890, Loss: 2.147e-02, Loss_res: 2.045e-02,  Loss_bcs: 1.205e-05, Loss_ut_ics: 4.915e-06, Loss_norm: 4.975e-06, w_pde: 1.00e+00, L^2_error: 9.973e-02, lr: 1.000e-03, Time: 4.46e+02
Model state saved to ./results/models/checkpoints/smoke_schrodinger\2025-12-20_17-37-08-319047_ho_DV\model.pth
Model state saved to ./results/models/checkpoints/smoke_schrodinger\2025-12-20_17-37-08-319047_ho_DV\model_weights.pth
It: 900, Loss: 2.530e-02, Loss_res: 2.429e-02,  Loss_bcs: 1.081e-05, Loss_ut_ics: 4.872e-06, Loss_norm: 5.270e-06, w_pde: 1.00e+00, L^2_error: 9.976e-02, lr: 1.000e-03, Time: 4.51e+02
Model state saved to ./results/models/checkpoints/smoke_schrodinger\2025-12-20_17-37-08-319047_ho_DV\model.pth
Model state saved to ./results/models/checkpoints/smoke_schrodinger\2025-12-20_17-37-08-319047_ho_DV\model_weights.pth
It: 910, Loss: 2.537e-02, Loss_res: 2.438e-02,  Loss_bcs: 1.125e-05, Loss_ut_ics: 4.810e-06, Loss_norm: 3.508e-06, w_pde: 1.00e+00, L^2_error: 9.982e-02, lr: 1.000e-03, Time: 4.56e+02
Model state saved to ./results/models/checkpoints/smoke_schrodinger\2025-12-20_17-37-08-319047_ho_DV\model.pth
Model state saved to ./results/models/checkpoints/smoke_schrodinger\2025-12-20_17-37-08-319047_ho_DV\model_weights.pth
It: 920, Loss: 1.932e-02, Loss_res: 1.833e-02,  Loss_bcs: 1.174e-05, Loss_ut_ics: 4.779e-06, Loss_norm: 3.642e-06, w_pde: 1.00e+00, L^2_error: 9.978e-02, lr: 1.000e-03, Time: 4.61e+02
Model state saved to ./results/models/checkpoints/smoke_schrodinger\2025-12-20_17-37-08-319047_ho_DV\model.pth
Model state saved to ./results/models/checkpoints/smoke_schrodinger\2025-12-20_17-37-08-319047_ho_DV\model_weights.pth
It: 930, Loss: 2.379e-02, Loss_res: 2.281e-02,  Loss_bcs: 1.246e-05, Loss_ut_ics: 4.694e-06, Loss_norm: 4.549e-06, w_pde: 1.00e+00, L^2_error: 9.974e-02, lr: 1.000e-03, Time: 4.66e+02
Model state saved to ./results/models/checkpoints/smoke_schrodinger\2025-12-20_17-37-08-319047_ho_DV\model.pth
Model state saved to ./results/models/checkpoints/smoke_schrodinger\2025-12-20_17-37-08-319047_ho_DV\model_weights.pth
It: 940, Loss: 1.575e-02, Loss_res: 1.477e-02,  Loss_bcs: 1.247e-05, Loss_ut_ics: 4.663e-06, Loss_norm: 5.678e-06, w_pde: 1.00e+00, L^2_error: 9.966e-02, lr: 1.000e-03, Time: 4.71e+02
Model state saved to ./results/models/checkpoints/smoke_schrodinger\2025-12-20_17-37-08-319047_ho_DV\model.pth
Model state saved to ./results/models/checkpoints/smoke_schrodinger\2025-12-20_17-37-08-319047_ho_DV\model_weights.pth
It: 950, Loss: 1.980e-02, Loss_res: 1.885e-02,  Loss_bcs: 1.159e-05, Loss_ut_ics: 4.615e-06, Loss_norm: 3.910e-06, w_pde: 1.00e+00, L^2_error: 9.959e-02, lr: 1.000e-03, Time: 4.76e+02
Model state saved to ./results/models/checkpoints/smoke_schrodinger\2025-12-20_17-37-08-319047_ho_DV\model.pth
Model state saved to ./results/models/checkpoints/smoke_schrodinger\2025-12-20_17-37-08-319047_ho_DV\model_weights.pth
It: 960, Loss: 1.928e-02, Loss_res: 1.833e-02,  Loss_bcs: 1.140e-05, Loss_ut_ics: 4.580e-06, Loss_norm: 4.959e-06, w_pde: 1.00e+00, L^2_error: 9.968e-02, lr: 1.000e-03, Time: 4.82e+02
Model state saved to ./results/models/checkpoints/smoke_schrodinger\2025-12-20_17-37-08-319047_ho_DV\model.pth
Model state saved to ./results/models/checkpoints/smoke_schrodinger\2025-12-20_17-37-08-319047_ho_DV\model_weights.pth
It: 970, Loss: 2.097e-02, Loss_res: 2.003e-02,  Loss_bcs: 1.102e-05, Loss_ut_ics: 4.539e-06, Loss_norm: 4.636e-06, w_pde: 1.00e+00, L^2_error: 9.958e-02, lr: 1.000e-03, Time: 4.87e+02
Model state saved to ./results/models/checkpoints/smoke_schrodinger\2025-12-20_17-37-08-319047_ho_DV\model.pth
Model state saved to ./results/models/checkpoints/smoke_schrodinger\2025-12-20_17-37-08-319047_ho_DV\model_weights.pth
It: 980, Loss: 2.579e-02, Loss_res: 2.486e-02,  Loss_bcs: 1.127e-05, Loss_ut_ics: 4.494e-06, Loss_norm: 4.268e-06, w_pde: 1.00e+00, L^2_error: 9.979e-02, lr: 1.000e-03, Time: 4.92e+02
Model state saved to ./results/models/checkpoints/smoke_schrodinger\2025-12-20_17-37-08-319047_ho_DV\model.pth
Model state saved to ./results/models/checkpoints/smoke_schrodinger\2025-12-20_17-37-08-319047_ho_DV\model_weights.pth
It: 990, Loss: 1.647e-02, Loss_res: 1.554e-02,  Loss_bcs: 1.186e-05, Loss_ut_ics: 4.467e-06, Loss_norm: 4.057e-06, w_pde: 1.00e+00, L^2_error: 9.966e-02, lr: 1.000e-03, Time: 4.97e+02
Model state saved to ./results/models/checkpoints/smoke_schrodinger\2025-12-20_17-37-08-319047_ho_DV\model.pth
Model state saved to ./results/models/checkpoints/smoke_schrodinger\2025-12-20_17-37-08-319047_ho_DV\model_weights.pth
It: 1000, Loss: 2.204e-02, Loss_res: 2.111e-02,  Loss_bcs: 1.150e-05, Loss_ut_ics: 4.460e-06, Loss_norm: 6.593e-06, w_pde: 1.00e+00, L^2_error: 9.956e-02, lr: 1.000e-03, Time: 5.02e+02
Model state saved to ./results/models/checkpoints/smoke_schrodinger\2025-12-20_17-37-08-319047_ho_DV\model.pth
Model state saved to ./results/models/checkpoints/smoke_schrodinger\2025-12-20_17-37-08-319047_ho_DV\model_weights.pth
