It: 1, Loss: 2.138e+02, Loss_res: 2.200e+00,  Loss_bcs: 0.000e+00, Loss_ut_ics: 8.359e-01, Loss_norm: 9.677e-01, Loss_gauge: 0.000e+00, w_pde: 6.67e-03, L^2_error: 8.774e-01, lr: 1.000e-03, Time: 5.18e+00
Model state saved to ./results/models/checkpoints/smoke_schrodinger\2026-02-03_15-23-49-172771_box_DV\model.pth
Model weights saved to ./results/models/checkpoints/smoke_schrodinger\2026-02-03_15-23-49-172771_box_DV\model_weights.pth
It: 50, Loss: 1.243e+01, Loss_res: 3.324e+01,  Loss_bcs: 0.000e+00, Loss_ut_ics: 5.243e-03, Loss_norm: 8.573e-03, Loss_gauge: 0.000e+00, w_pde: 3.33e-01, L^2_error: 9.656e-01, lr: 1.000e-03, Time: 2.38e+02
Model state saved to ./results/models/checkpoints/smoke_schrodinger\2026-02-03_15-23-49-172771_box_DV\model.pth
Model weights saved to ./results/models/checkpoints/smoke_schrodinger\2026-02-03_15-23-49-172771_box_DV\model_weights.pth
It: 100, Loss: 1.726e+01, Loss_res: 2.378e+01,  Loss_bcs: 0.000e+00, Loss_ut_ics: 5.056e-03, Loss_norm: 2.916e-02, Loss_gauge: 0.000e+00, w_pde: 6.67e-01, L^2_error: 8.930e-01, lr: 1.000e-03, Time: 4.72e+02
Model state saved to ./results/models/checkpoints/smoke_schrodinger\2026-02-03_15-23-49-172771_box_DV\model.pth
Model weights saved to ./results/models/checkpoints/smoke_schrodinger\2026-02-03_15-23-49-172771_box_DV\model_weights.pth
It: 150, Loss: 2.288e+01, Loss_res: 2.099e+01,  Loss_bcs: 0.000e+00, Loss_ut_ics: 6.593e-03, Loss_norm: 4.675e-02, Loss_gauge: 0.000e+00, w_pde: 1.00e+00, L^2_error: 8.653e-01, lr: 1.000e-03, Time: 7.01e+02
Model state saved to ./results/models/checkpoints/smoke_schrodinger\2026-02-03_15-23-49-172771_box_DV\model.pth
Model weights saved to ./results/models/checkpoints/smoke_schrodinger\2026-02-03_15-23-49-172771_box_DV\model_weights.pth
It: 200, Loss: 2.168e+01, Loss_res: 1.972e+01,  Loss_bcs: 0.000e+00, Loss_ut_ics: 6.792e-03, Loss_norm: 5.111e-02, Loss_gauge: 0.000e+00, w_pde: 1.00e+00, L^2_error: 8.504e-01, lr: 1.000e-03, Time: 9.08e+02
Model state saved to ./results/models/checkpoints/smoke_schrodinger\2026-02-03_15-23-49-172771_box_DV\model.pth
Model weights saved to ./results/models/checkpoints/smoke_schrodinger\2026-02-03_15-23-49-172771_box_DV\model_weights.pth
It: 250, Loss: 1.966e+01, Loss_res: 1.741e+01,  Loss_bcs: 0.000e+00, Loss_ut_ics: 7.826e-03, Loss_norm: 6.000e-02, Loss_gauge: 0.000e+00, w_pde: 1.00e+00, L^2_error: 7.947e-01, lr: 1.000e-03, Time: 1.14e+03
Model state saved to ./results/models/checkpoints/smoke_schrodinger\2026-02-03_15-23-49-172771_box_DV\model.pth
Model weights saved to ./results/models/checkpoints/smoke_schrodinger\2026-02-03_15-23-49-172771_box_DV\model_weights.pth
It: 300, Loss: 4.433e+00, Loss_res: 4.268e+00,  Loss_bcs: 0.000e+00, Loss_ut_ics: 4.080e-04, Loss_norm: 1.255e-02, Loss_gauge: 0.000e+00, w_pde: 1.00e+00, L^2_error: 2.522e-01, lr: 1.000e-03, Time: 1.37e+03
Model state saved to ./results/models/checkpoints/smoke_schrodinger\2026-02-03_15-23-49-172771_box_DV\model.pth
Model weights saved to ./results/models/checkpoints/smoke_schrodinger\2026-02-03_15-23-49-172771_box_DV\model_weights.pth
The circuit used in the study:
