Using DV Solver
The settings used:
batch_size : 64
epochs : 4000
lr : 0.001
seed : 42
print_every : 1
log_path : ./results/models/checkpoints/schrodinger/qho
input_dim : 2
output_dim : 1
num_qubits : 5
hidden_dim : 50
num_quantum_layers : 2
classic_network : [2, 50, 1]
q_ansatz : sim_circ_15
mode : hybrid
activation : null
shots : 1
problem : schrodinger
solver : DV
device : cpu
method : None
cutoff_dim : 20
class : CVNeuralNetwork2
encoding : angle
eq_params : {'example': 'ho', 'L': 5.0, 'T': 0.1, 'hbar': 1.0, 'mass': 1.0, 'n_level': 2, 'omega': 1.0, 'potential_fn': 'lambda t, x : 0.5 * 1.0 * (1.0**2) * (x**2)'}
noise : False
Total number of parameters: 796
The circuit used in the study:
It: 1, Loss: 4.464e-03, Loss_res: 2.530e-07,  Loss_bcs: 2.568e-03, Loss_ut_ics: 1.895e-01, lr: 1.000e-03, Time: 1.71e+01
Model state saved to ./results/models/checkpoints/schrodinger/qho/2025-09-11_10-23-00-508106/model.pth
Model state saved to ./results/models/checkpoints/schrodinger/qho/2025-09-11_10-23-00-508106/model_weights.pth
