Using DV Solver
The settings used:
batch_size : 64
epochs : 400
lr : 0.001
seed : 42
print_every : 1
log_path : ./results/models/checkpoints/schrodinger/qho
input_dim : 2
output_dim : 2
num_qubits : 5
hidden_dim : 30
num_quantum_layers : 1
classic_network : [2, 30, 2]
q_ansatz : sim_circ_15
mode : hybrid
activation : null
shots : 1
problem : schrodinger
solver : DV
device : cpu
method : None
cutoff_dim : 20
class : CVNeuralNetwork2
encoding : None
eq_params : {'example': 'ho', 'L': 5.0, 'T': 0.1, 'hbar': 1.0, 'mass': 1.0, 'n_level': 0, 'omega': 1.0, 'potential_fn': 'lambda t, x : 0.5 * 1.0 * (1.0**2) * (x**2)'}
noise : True
Total number of parameters: 507
The circuit used in the study:
It: 1, Loss: 1.419e-01, Loss_res: 3.168e+00,  Loss_bcs: 1.083e-01, Loss_ut_ics: 1.907e-01, lr: 1.000e-03, Time: 2.28e+02
Model state saved to ./results/models/checkpoints/schrodinger/qho/2025-09-09_20-00-58-853925/model.pth
Model state saved to ./results/models/checkpoints/schrodinger/qho/2025-09-09_20-00-58-853925/model_weights.pth
It: 2, Loss: 6.572e-02, Loss_res: 1.469e+00,  Loss_bcs: 4.928e-02, Loss_ut_ics: 1.743e-01, lr: 1.000e-03, Time: 4.54e+02
Model state saved to ./results/models/checkpoints/schrodinger/qho/2025-09-09_20-00-58-853925/model.pth
Model state saved to ./results/models/checkpoints/schrodinger/qho/2025-09-09_20-00-58-853925/model_weights.pth
It: 3, Loss: 9.156e-02, Loss_res: 1.878e+00,  Loss_bcs: 7.210e-02, Loss_ut_ics: 6.844e-02, lr: 1.000e-03, Time: 6.78e+02
Model state saved to ./results/models/checkpoints/schrodinger/qho/2025-09-09_20-00-58-853925/model.pth
Model state saved to ./results/models/checkpoints/schrodinger/qho/2025-09-09_20-00-58-853925/model_weights.pth
It: 4, Loss: 5.909e-02, Loss_res: 9.574e-01,  Loss_bcs: 4.793e-02, Loss_ut_ics: 1.594e-01, lr: 1.000e-03, Time: 8.93e+02
Model state saved to ./results/models/checkpoints/schrodinger/qho/2025-09-09_20-00-58-853925/model.pth
Model state saved to ./results/models/checkpoints/schrodinger/qho/2025-09-09_20-00-58-853925/model_weights.pth
It: 5, Loss: 1.029e-01, Loss_res: 3.687e+00,  Loss_bcs: 6.428e-02, Loss_ut_ics: 1.775e-01, lr: 1.000e-03, Time: 1.10e+03
Model state saved to ./results/models/checkpoints/schrodinger/qho/2025-09-09_20-00-58-853925/model.pth
Model state saved to ./results/models/checkpoints/schrodinger/qho/2025-09-09_20-00-58-853925/model_weights.pth
It: 6, Loss: 8.173e-02, Loss_res: 1.696e+00,  Loss_bcs: 6.402e-02, Loss_ut_ics: 7.513e-02, lr: 1.000e-03, Time: 1.32e+03
Model state saved to ./results/models/checkpoints/schrodinger/qho/2025-09-09_20-00-58-853925/model.pth
Model state saved to ./results/models/checkpoints/schrodinger/qho/2025-09-09_20-00-58-853925/model_weights.pth
It: 7, Loss: 1.036e-01, Loss_res: 1.378e+00,  Loss_bcs: 8.833e-02, Loss_ut_ics: 1.451e-01, lr: 1.000e-03, Time: 1.55e+03
Model state saved to ./results/models/checkpoints/schrodinger/qho/2025-09-09_20-00-58-853925/model.pth
Model state saved to ./results/models/checkpoints/schrodinger/qho/2025-09-09_20-00-58-853925/model_weights.pth
It: 8, Loss: 1.292e-02, Loss_res: 5.098e-01,  Loss_bcs: 4.812e-03, Loss_ut_ics: 3.006e-01, lr: 1.000e-03, Time: 1.78e+03
Model state saved to ./results/models/checkpoints/schrodinger/qho/2025-09-09_20-00-58-853925/model.pth
Model state saved to ./results/models/checkpoints/schrodinger/qho/2025-09-09_20-00-58-853925/model_weights.pth
It: 9, Loss: 2.079e-02, Loss_res: 1.179e+00,  Loss_bcs: 8.201e-03, Loss_ut_ics: 7.975e-02, lr: 1.000e-03, Time: 2.00e+03
Model state saved to ./results/models/checkpoints/schrodinger/qho/2025-09-09_20-00-58-853925/model.pth
Model state saved to ./results/models/checkpoints/schrodinger/qho/2025-09-09_20-00-58-853925/model_weights.pth
It: 10, Loss: 1.314e-01, Loss_res: 6.342e+00,  Loss_bcs: 6.713e-02, Loss_ut_ics: 8.173e-02, lr: 1.000e-03, Time: 2.22e+03
Model state saved to ./results/models/checkpoints/schrodinger/qho/2025-09-09_20-00-58-853925/model.pth
Model state saved to ./results/models/checkpoints/schrodinger/qho/2025-09-09_20-00-58-853925/model_weights.pth
It: 11, Loss: 1.838e-02, Loss_res: 3.560e-01,  Loss_bcs: 1.413e-02, Loss_ut_ics: 6.915e-02, lr: 1.000e-03, Time: 2.44e+03
Model state saved to ./results/models/checkpoints/schrodinger/qho/2025-09-09_20-00-58-853925/model.pth
Model state saved to ./results/models/checkpoints/schrodinger/qho/2025-09-09_20-00-58-853925/model_weights.pth
It: 12, Loss: 4.139e-02, Loss_res: 3.079e-02,  Loss_bcs: 4.067e-02, Loss_ut_ics: 4.088e-02, lr: 1.000e-03, Time: 2.66e+03
Model state saved to ./results/models/checkpoints/schrodinger/qho/2025-09-09_20-00-58-853925/model.pth
Model state saved to ./results/models/checkpoints/schrodinger/qho/2025-09-09_20-00-58-853925/model_weights.pth
It: 13, Loss: 5.169e-02, Loss_res: 6.603e-01,  Loss_bcs: 4.375e-02, Loss_ut_ics: 1.335e-01, lr: 1.000e-03, Time: 2.88e+03
Model state saved to ./results/models/checkpoints/schrodinger/qho/2025-09-09_20-00-58-853925/model.pth
Model state saved to ./results/models/checkpoints/schrodinger/qho/2025-09-09_20-00-58-853925/model_weights.pth
It: 14, Loss: 5.234e-02, Loss_res: 1.767e+00,  Loss_bcs: 3.369e-02, Loss_ut_ics: 9.869e-02, lr: 1.000e-03, Time: 3.10e+03
Model state saved to ./results/models/checkpoints/schrodinger/qho/2025-09-09_20-00-58-853925/model.pth
Model state saved to ./results/models/checkpoints/schrodinger/qho/2025-09-09_20-00-58-853925/model_weights.pth
It: 15, Loss: 2.198e-02, Loss_res: 1.245e+00,  Loss_bcs: 7.859e-03, Loss_ut_ics: 1.671e-01, lr: 1.000e-03, Time: 3.33e+03
Model state saved to ./results/models/checkpoints/schrodinger/qho/2025-09-09_20-00-58-853925/model.pth
Model state saved to ./results/models/checkpoints/schrodinger/qho/2025-09-09_20-00-58-853925/model_weights.pth
It: 16, Loss: 1.087e-02, Loss_res: 3.104e-01,  Loss_bcs: 7.604e-03, Loss_ut_ics: 1.630e-02, lr: 1.000e-03, Time: 3.56e+03
Model state saved to ./results/models/checkpoints/schrodinger/qho/2025-09-09_20-00-58-853925/model.pth
Model state saved to ./results/models/checkpoints/schrodinger/qho/2025-09-09_20-00-58-853925/model_weights.pth
It: 17, Loss: 3.654e-02, Loss_res: 5.836e-02,  Loss_bcs: 3.428e-02, Loss_ut_ics: 1.678e-01, lr: 1.000e-03, Time: 3.81e+03
Model state saved to ./results/models/checkpoints/schrodinger/qho/2025-09-09_20-00-58-853925/model.pth
Model state saved to ./results/models/checkpoints/schrodinger/qho/2025-09-09_20-00-58-853925/model_weights.pth
It: 18, Loss: 9.691e-03, Loss_res: 2.585e-01,  Loss_bcs: 6.226e-03, Loss_ut_ics: 8.790e-02, lr: 1.000e-03, Time: 4.04e+03
Model state saved to ./results/models/checkpoints/schrodinger/qho/2025-09-09_20-00-58-853925/model.pth
Model state saved to ./results/models/checkpoints/schrodinger/qho/2025-09-09_20-00-58-853925/model_weights.pth
It: 19, Loss: 5.389e-02, Loss_res: 1.027e-01,  Loss_bcs: 5.140e-02, Loss_ut_ics: 1.467e-01, lr: 1.000e-03, Time: 4.27e+03
Model state saved to ./results/models/checkpoints/schrodinger/qho/2025-09-09_20-00-58-853925/model.pth
Model state saved to ./results/models/checkpoints/schrodinger/qho/2025-09-09_20-00-58-853925/model_weights.pth
It: 20, Loss: 4.932e-02, Loss_res: 1.648e+00,  Loss_bcs: 3.242e-02, Loss_ut_ics: 4.189e-02, lr: 1.000e-03, Time: 4.49e+03
Model state saved to ./results/models/checkpoints/schrodinger/qho/2025-09-09_20-00-58-853925/model.pth
Model state saved to ./results/models/checkpoints/schrodinger/qho/2025-09-09_20-00-58-853925/model_weights.pth
It: 21, Loss: 7.976e-02, Loss_res: 2.011e+00,  Loss_bcs: 5.818e-02, Loss_ut_ics: 1.462e-01, lr: 1.000e-03, Time: 4.71e+03
Model state saved to ./results/models/checkpoints/schrodinger/qho/2025-09-09_20-00-58-853925/model.pth
Model state saved to ./results/models/checkpoints/schrodinger/qho/2025-09-09_20-00-58-853925/model_weights.pth
It: 22, Loss: 7.923e-02, Loss_res: 1.277e+00,  Loss_bcs: 6.557e-02, Loss_ut_ics: 8.966e-02, lr: 1.000e-03, Time: 4.93e+03
Model state saved to ./results/models/checkpoints/schrodinger/qho/2025-09-09_20-00-58-853925/model.pth
Model state saved to ./results/models/checkpoints/schrodinger/qho/2025-09-09_20-00-58-853925/model_weights.pth
It: 23, Loss: 4.543e-02, Loss_res: 2.924e-02,  Loss_bcs: 4.443e-02, Loss_ut_ics: 7.091e-02, lr: 1.000e-03, Time: 5.15e+03
Model state saved to ./results/models/checkpoints/schrodinger/qho/2025-09-09_20-00-58-853925/model.pth
Model state saved to ./results/models/checkpoints/schrodinger/qho/2025-09-09_20-00-58-853925/model_weights.pth
It: 24, Loss: 3.420e-02, Loss_res: 1.160e+00,  Loss_bcs: 2.238e-02, Loss_ut_ics: 2.230e-02, lr: 1.000e-03, Time: 5.37e+03
Model state saved to ./results/models/checkpoints/schrodinger/qho/2025-09-09_20-00-58-853925/model.pth
Model state saved to ./results/models/checkpoints/schrodinger/qho/2025-09-09_20-00-58-853925/model_weights.pth
It: 25, Loss: 1.225e-02, Loss_res: 6.613e-03,  Loss_bcs: 1.028e-02, Loss_ut_ics: 1.901e-01, lr: 1.000e-03, Time: 5.60e+03
Model state saved to ./results/models/checkpoints/schrodinger/qho/2025-09-09_20-00-58-853925/model.pth
Model state saved to ./results/models/checkpoints/schrodinger/qho/2025-09-09_20-00-58-853925/model_weights.pth
It: 26, Loss: 3.205e-02, Loss_res: 2.132e+00,  Loss_bcs: 9.675e-03, Loss_ut_ics: 1.051e-01, lr: 1.000e-03, Time: 5.82e+03
Model state saved to ./results/models/checkpoints/schrodinger/qho/2025-09-09_20-00-58-853925/model.pth
Model state saved to ./results/models/checkpoints/schrodinger/qho/2025-09-09_20-00-58-853925/model_weights.pth
It: 27, Loss: 2.994e-03, Loss_res: 1.599e-02,  Loss_bcs: 2.295e-03, Loss_ut_ics: 5.387e-02, lr: 1.000e-03, Time: 6.04e+03
Model state saved to ./results/models/checkpoints/schrodinger/qho/2025-09-09_20-00-58-853925/model.pth
Model state saved to ./results/models/checkpoints/schrodinger/qho/2025-09-09_20-00-58-853925/model_weights.pth
It: 28, Loss: 1.489e-02, Loss_res: 9.123e-01,  Loss_bcs: 3.701e-03, Loss_ut_ics: 2.065e-01, lr: 1.000e-03, Time: 6.26e+03
Model state saved to ./results/models/checkpoints/schrodinger/qho/2025-09-09_20-00-58-853925/model.pth
Model state saved to ./results/models/checkpoints/schrodinger/qho/2025-09-09_20-00-58-853925/model_weights.pth
It: 29, Loss: 3.843e-03, Loss_res: 1.409e-03,  Loss_bcs: 2.759e-03, Loss_ut_ics: 1.070e-01, lr: 1.000e-03, Time: 6.47e+03
Model state saved to ./results/models/checkpoints/schrodinger/qho/2025-09-09_20-00-58-853925/model.pth
Model state saved to ./results/models/checkpoints/schrodinger/qho/2025-09-09_20-00-58-853925/model_weights.pth
It: 30, Loss: 3.783e-03, Loss_res: 2.537e-01,  Loss_bcs: 8.625e-04, Loss_ut_ics: 3.835e-02, lr: 1.000e-03, Time: 6.68e+03
Model state saved to ./results/models/checkpoints/schrodinger/qho/2025-09-09_20-00-58-853925/model.pth
Model state saved to ./results/models/checkpoints/schrodinger/qho/2025-09-09_20-00-58-853925/model_weights.pth
It: 31, Loss: 2.480e-02, Loss_res: 1.042e+00,  Loss_bcs: 1.411e-02, Loss_ut_ics: 2.703e-02, lr: 1.000e-03, Time: 6.90e+03
Model state saved to ./results/models/checkpoints/schrodinger/qho/2025-09-09_20-00-58-853925/model.pth
Model state saved to ./results/models/checkpoints/schrodinger/qho/2025-09-09_20-00-58-853925/model_weights.pth
It: 32, Loss: 3.938e-02, Loss_res: 1.841e-01,  Loss_bcs: 3.732e-02, Loss_ut_ics: 2.110e-02, lr: 1.000e-03, Time: 7.12e+03
Model state saved to ./results/models/checkpoints/schrodinger/qho/2025-09-09_20-00-58-853925/model.pth
Model state saved to ./results/models/checkpoints/schrodinger/qho/2025-09-09_20-00-58-853925/model_weights.pth
It: 33, Loss: 2.389e-02, Loss_res: 6.746e-03,  Loss_bcs: 2.351e-02, Loss_ut_ics: 3.155e-02, lr: 1.000e-03, Time: 7.38e+03
Model state saved to ./results/models/checkpoints/schrodinger/qho/2025-09-09_20-00-58-853925/model.pth
Model state saved to ./results/models/checkpoints/schrodinger/qho/2025-09-09_20-00-58-853925/model_weights.pth
It: 1, Loss: 3.099e-02, Loss_res: 1.410e+00,  Loss_bcs: 1.576e-02, Loss_ut_ics: 1.137e-01, lr: 1.000e-03, Time: 2.21e+02
Model state saved to ./results/models/checkpoints/schrodinger/qho/2025-09-09_20-00-58-853925/model.pth
Model state saved to ./results/models/checkpoints/schrodinger/qho/2025-09-09_20-00-58-853925/model_weights.pth
It: 2, Loss: 1.594e-02, Loss_res: 1.402e-02,  Loss_bcs: 1.526e-02, Loss_ut_ics: 5.393e-02, lr: 1.000e-03, Time: 4.75e+02
Model state saved to ./results/models/checkpoints/schrodinger/qho/2025-09-09_20-00-58-853925/model.pth
Model state saved to ./results/models/checkpoints/schrodinger/qho/2025-09-09_20-00-58-853925/model_weights.pth
It: 3, Loss: 7.322e-03, Loss_res: 5.969e-01,  Loss_bcs: 1.169e-03, Loss_ut_ics: 1.835e-02, lr: 1.000e-03, Time: 6.92e+02
Model state saved to ./results/models/checkpoints/schrodinger/qho/2025-09-09_20-00-58-853925/model.pth
Model state saved to ./results/models/checkpoints/schrodinger/qho/2025-09-09_20-00-58-853925/model_weights.pth
It: 4, Loss: 1.092e-02, Loss_res: 1.826e-01,  Loss_bcs: 8.818e-03, Loss_ut_ics: 2.808e-02, lr: 1.000e-03, Time: 9.08e+02
Model state saved to ./results/models/checkpoints/schrodinger/qho/2025-09-09_20-00-58-853925/model.pth
Model state saved to ./results/models/checkpoints/schrodinger/qho/2025-09-09_20-00-58-853925/model_weights.pth
It: 5, Loss: 8.962e-03, Loss_res: 4.159e-01,  Loss_bcs: 3.948e-03, Loss_ut_ics: 8.549e-02, lr: 1.000e-03, Time: 1.12e+03
Model state saved to ./results/models/checkpoints/schrodinger/qho/2025-09-09_20-00-58-853925/model.pth
Model state saved to ./results/models/checkpoints/schrodinger/qho/2025-09-09_20-00-58-853925/model_weights.pth
It: 6, Loss: 1.816e-02, Loss_res: 7.339e-01,  Loss_bcs: 1.024e-02, Loss_ut_ics: 5.763e-02, lr: 1.000e-03, Time: 1.34e+03
Model state saved to ./results/models/checkpoints/schrodinger/qho/2025-09-09_20-00-58-853925/model.pth
Model state saved to ./results/models/checkpoints/schrodinger/qho/2025-09-09_20-00-58-853925/model_weights.pth
It: 7, Loss: 7.975e-03, Loss_res: 3.708e-01,  Loss_bcs: 3.420e-03, Loss_ut_ics: 8.472e-02, lr: 1.000e-03, Time: 1.56e+03
Model state saved to ./results/models/checkpoints/schrodinger/qho/2025-09-09_20-00-58-853925/model.pth
Model state saved to ./results/models/checkpoints/schrodinger/qho/2025-09-09_20-00-58-853925/model_weights.pth
It: 8, Loss: 1.128e-02, Loss_res: 2.505e-01,  Loss_bcs: 6.318e-03, Loss_ut_ics: 2.461e-01, lr: 1.000e-03, Time: 1.77e+03
Model state saved to ./results/models/checkpoints/schrodinger/qho/2025-09-09_20-00-58-853925/model.pth
Model state saved to ./results/models/checkpoints/schrodinger/qho/2025-09-09_20-00-58-853925/model_weights.pth
It: 9, Loss: 9.043e-03, Loss_res: 5.344e-02,  Loss_bcs: 7.795e-03, Loss_ut_ics: 7.130e-02, lr: 1.000e-03, Time: 1.99e+03
Model state saved to ./results/models/checkpoints/schrodinger/qho/2025-09-09_20-00-58-853925/model.pth
Model state saved to ./results/models/checkpoints/schrodinger/qho/2025-09-09_20-00-58-853925/model_weights.pth
It: 10, Loss: 8.256e-03, Loss_res: 1.531e-01,  Loss_bcs: 5.119e-03, Loss_ut_ics: 1.606e-01, lr: 1.000e-03, Time: 2.21e+03
Model state saved to ./results/models/checkpoints/schrodinger/qho/2025-09-09_20-00-58-853925/model.pth
Model state saved to ./results/models/checkpoints/schrodinger/qho/2025-09-09_20-00-58-853925/model_weights.pth
It: 11, Loss: 8.803e-03, Loss_res: 2.789e-02,  Loss_bcs: 8.430e-03, Loss_ut_ics: 9.418e-03, lr: 1.000e-03, Time: 2.42e+03
Model state saved to ./results/models/checkpoints/schrodinger/qho/2025-09-09_20-00-58-853925/model.pth
Model state saved to ./results/models/checkpoints/schrodinger/qho/2025-09-09_20-00-58-853925/model_weights.pth
It: 12, Loss: 1.312e-02, Loss_res: 5.517e-01,  Loss_bcs: 7.305e-03, Loss_ut_ics: 2.953e-02, lr: 1.000e-03, Time: 2.64e+03
Model state saved to ./results/models/checkpoints/schrodinger/qho/2025-09-09_20-00-58-853925/model.pth
Model state saved to ./results/models/checkpoints/schrodinger/qho/2025-09-09_20-00-58-853925/model_weights.pth
It: 13, Loss: 1.353e-02, Loss_res: 1.167e-02,  Loss_bcs: 1.201e-02, Loss_ut_ics: 1.402e-01, lr: 1.000e-03, Time: 2.86e+03
Model state saved to ./results/models/checkpoints/schrodinger/qho/2025-09-09_20-00-58-853925/model.pth
Model state saved to ./results/models/checkpoints/schrodinger/qho/2025-09-09_20-00-58-853925/model_weights.pth
It: 14, Loss: 6.083e-03, Loss_res: 1.886e-01,  Loss_bcs: 3.510e-03, Loss_ut_ics: 6.868e-02, lr: 1.000e-03, Time: 3.07e+03
Model state saved to ./results/models/checkpoints/schrodinger/qho/2025-09-09_20-00-58-853925/model.pth
Model state saved to ./results/models/checkpoints/schrodinger/qho/2025-09-09_20-00-58-853925/model_weights.pth
It: 15, Loss: 6.880e-03, Loss_res: 7.249e-02,  Loss_bcs: 4.425e-03, Loss_ut_ics: 1.730e-01, lr: 1.000e-03, Time: 3.29e+03
Model state saved to ./results/models/checkpoints/schrodinger/qho/2025-09-09_20-00-58-853925/model.pth
Model state saved to ./results/models/checkpoints/schrodinger/qho/2025-09-09_20-00-58-853925/model_weights.pth
It: 16, Loss: 2.502e-03, Loss_res: 4.826e-02,  Loss_bcs: 1.968e-03, Loss_ut_ics: 5.071e-03, lr: 1.000e-03, Time: 3.50e+03
Model state saved to ./results/models/checkpoints/schrodinger/qho/2025-09-09_20-00-58-853925/model.pth
Model state saved to ./results/models/checkpoints/schrodinger/qho/2025-09-09_20-00-58-853925/model_weights.pth
It: 17, Loss: 8.203e-03, Loss_res: 1.646e-01,  Loss_bcs: 5.382e-03, Loss_ut_ics: 1.175e-01, lr: 1.000e-03, Time: 3.72e+03
Model state saved to ./results/models/checkpoints/schrodinger/qho/2025-09-09_20-00-58-853925/model.pth
Model state saved to ./results/models/checkpoints/schrodinger/qho/2025-09-09_20-00-58-853925/model_weights.pth
It: 18, Loss: 6.099e-03, Loss_res: 5.863e-02,  Loss_bcs: 4.302e-03, Loss_ut_ics: 1.210e-01, lr: 1.000e-03, Time: 3.94e+03
Model state saved to ./results/models/checkpoints/schrodinger/qho/2025-09-09_20-00-58-853925/model.pth
Model state saved to ./results/models/checkpoints/schrodinger/qho/2025-09-09_20-00-58-853925/model_weights.pth
It: 19, Loss: 6.620e-03, Loss_res: 3.069e-01,  Loss_bcs: 2.313e-03, Loss_ut_ics: 1.239e-01, lr: 1.000e-03, Time: 4.15e+03
Model state saved to ./results/models/checkpoints/schrodinger/qho/2025-09-09_20-00-58-853925/model.pth
Model state saved to ./results/models/checkpoints/schrodinger/qho/2025-09-09_20-00-58-853925/model_weights.pth
It: 20, Loss: 2.746e-03, Loss_res: 9.751e-02,  Loss_bcs: 1.208e-03, Loss_ut_ics: 5.626e-02, lr: 1.000e-03, Time: 4.37e+03
Model state saved to ./results/models/checkpoints/schrodinger/qho/2025-09-09_20-00-58-853925/model.pth
Model state saved to ./results/models/checkpoints/schrodinger/qho/2025-09-09_20-00-58-853925/model_weights.pth
It: 21, Loss: 6.076e-03, Loss_res: 2.340e-01,  Loss_bcs: 2.514e-03, Loss_ut_ics: 1.221e-01, lr: 1.000e-03, Time: 4.58e+03
Model state saved to ./results/models/checkpoints/schrodinger/qho/2025-09-09_20-00-58-853925/model.pth
Model state saved to ./results/models/checkpoints/schrodinger/qho/2025-09-09_20-00-58-853925/model_weights.pth
It: 22, Loss: 6.411e-03, Loss_res: 3.217e-01,  Loss_bcs: 2.831e-03, Loss_ut_ics: 3.636e-02, lr: 1.000e-03, Time: 4.80e+03
Model state saved to ./results/models/checkpoints/schrodinger/qho/2025-09-09_20-00-58-853925/model.pth
Model state saved to ./results/models/checkpoints/schrodinger/qho/2025-09-09_20-00-58-853925/model_weights.pth
It: 23, Loss: 3.039e-03, Loss_res: 1.231e-01,  Loss_bcs: 1.445e-03, Loss_ut_ics: 3.623e-02, lr: 1.000e-03, Time: 5.02e+03
Model state saved to ./results/models/checkpoints/schrodinger/qho/2025-09-09_20-00-58-853925/model.pth
Model state saved to ./results/models/checkpoints/schrodinger/qho/2025-09-09_20-00-58-853925/model_weights.pth
It: 24, Loss: 2.000e-03, Loss_res: 1.236e-02,  Loss_bcs: 1.654e-03, Loss_ut_ics: 2.230e-02, lr: 1.000e-03, Time: 5.24e+03
Model state saved to ./results/models/checkpoints/schrodinger/qho/2025-09-09_20-00-58-853925/model.pth
Model state saved to ./results/models/checkpoints/schrodinger/qho/2025-09-09_20-00-58-853925/model_weights.pth
It: 25, Loss: 5.460e-03, Loss_res: 8.552e-03,  Loss_bcs: 3.442e-03, Loss_ut_ics: 1.933e-01, lr: 1.000e-03, Time: 5.45e+03
Model state saved to ./results/models/checkpoints/schrodinger/qho/2025-09-09_20-00-58-853925/model.pth
Model state saved to ./results/models/checkpoints/schrodinger/qho/2025-09-09_20-00-58-853925/model_weights.pth
It: 26, Loss: 6.761e-03, Loss_res: 2.049e-01,  Loss_bcs: 3.404e-03, Loss_ut_ics: 1.308e-01, lr: 1.000e-03, Time: 5.67e+03
Model state saved to ./results/models/checkpoints/schrodinger/qho/2025-09-09_20-00-58-853925/model.pth
Model state saved to ./results/models/checkpoints/schrodinger/qho/2025-09-09_20-00-58-853925/model_weights.pth
It: 27, Loss: 3.597e-03, Loss_res: 9.155e-02,  Loss_bcs: 2.186e-03, Loss_ut_ics: 4.951e-02, lr: 1.000e-03, Time: 5.88e+03
Model state saved to ./results/models/checkpoints/schrodinger/qho/2025-09-09_20-00-58-853925/model.pth
Model state saved to ./results/models/checkpoints/schrodinger/qho/2025-09-09_20-00-58-853925/model_weights.pth
It: 28, Loss: 7.652e-03, Loss_res: 5.917e-03,  Loss_bcs: 5.614e-03, Loss_ut_ics: 1.979e-01, lr: 1.000e-03, Time: 6.10e+03
Model state saved to ./results/models/checkpoints/schrodinger/qho/2025-09-09_20-00-58-853925/model.pth
Model state saved to ./results/models/checkpoints/schrodinger/qho/2025-09-09_20-00-58-853925/model_weights.pth
It: 29, Loss: 3.546e-03, Loss_res: 1.136e-01,  Loss_bcs: 1.412e-03, Loss_ut_ics: 9.981e-02, lr: 1.000e-03, Time: 6.32e+03
Model state saved to ./results/models/checkpoints/schrodinger/qho/2025-09-09_20-00-58-853925/model.pth
Model state saved to ./results/models/checkpoints/schrodinger/qho/2025-09-09_20-00-58-853925/model_weights.pth
It: 30, Loss: 2.003e-03, Loss_res: 8.844e-02,  Loss_bcs: 9.840e-04, Loss_ut_ics: 1.346e-02, lr: 1.000e-03, Time: 6.53e+03
Model state saved to ./results/models/checkpoints/schrodinger/qho/2025-09-09_20-00-58-853925/model.pth
Model state saved to ./results/models/checkpoints/schrodinger/qho/2025-09-09_20-00-58-853925/model_weights.pth
It: 31, Loss: 1.116e-02, Loss_res: 8.551e-01,  Loss_bcs: 1.927e-03, Loss_ut_ics: 6.847e-02, lr: 1.000e-03, Time: 6.75e+03
Model state saved to ./results/models/checkpoints/schrodinger/qho/2025-09-09_20-00-58-853925/model.pth
Model state saved to ./results/models/checkpoints/schrodinger/qho/2025-09-09_20-00-58-853925/model_weights.pth
It: 32, Loss: 1.416e-03, Loss_res: 7.925e-03,  Loss_bcs: 1.141e-03, Loss_ut_ics: 1.949e-02, lr: 1.000e-03, Time: 6.97e+03
Model state saved to ./results/models/checkpoints/schrodinger/qho/2025-09-09_20-00-58-853925/model.pth
Model state saved to ./results/models/checkpoints/schrodinger/qho/2025-09-09_20-00-58-853925/model_weights.pth
It: 33, Loss: 6.318e-04, Loss_res: 7.611e-03,  Loss_bcs: 2.872e-04, Loss_ut_ics: 2.685e-02, lr: 1.000e-03, Time: 7.18e+03
Model state saved to ./results/models/checkpoints/schrodinger/qho/2025-09-09_20-00-58-853925/model.pth
Model state saved to ./results/models/checkpoints/schrodinger/qho/2025-09-09_20-00-58-853925/model_weights.pth
It: 34, Loss: 3.092e-03, Loss_res: 9.726e-02,  Loss_bcs: 1.160e-03, Loss_ut_ics: 9.589e-02, lr: 1.000e-03, Time: 7.40e+03
Model state saved to ./results/models/checkpoints/schrodinger/qho/2025-09-09_20-00-58-853925/model.pth
Model state saved to ./results/models/checkpoints/schrodinger/qho/2025-09-09_20-00-58-853925/model_weights.pth
It: 35, Loss: 1.830e-03, Loss_res: 7.799e-03,  Loss_bcs: 4.433e-04, Loss_ut_ics: 1.309e-01, lr: 1.000e-03, Time: 7.61e+03
Model state saved to ./results/models/checkpoints/schrodinger/qho/2025-09-09_20-00-58-853925/model.pth
Model state saved to ./results/models/checkpoints/schrodinger/qho/2025-09-09_20-00-58-853925/model_weights.pth
It: 36, Loss: 9.864e-04, Loss_res: 2.923e-02,  Loss_bcs: 3.278e-04, Loss_ut_ics: 3.663e-02, lr: 1.000e-03, Time: 7.83e+03
Model state saved to ./results/models/checkpoints/schrodinger/qho/2025-09-09_20-00-58-853925/model.pth
Model state saved to ./results/models/checkpoints/schrodinger/qho/2025-09-09_20-00-58-853925/model_weights.pth
It: 37, Loss: 7.723e-04, Loss_res: 4.954e-03,  Loss_bcs: 5.066e-04, Loss_ut_ics: 2.161e-02, lr: 1.000e-03, Time: 8.05e+03
Model state saved to ./results/models/checkpoints/schrodinger/qho/2025-09-09_20-00-58-853925/model.pth
Model state saved to ./results/models/checkpoints/schrodinger/qho/2025-09-09_20-00-58-853925/model_weights.pth
It: 38, Loss: 2.172e-03, Loss_res: 1.450e-02,  Loss_bcs: 1.151e-04, Loss_ut_ics: 1.912e-01, lr: 1.000e-03, Time: 8.26e+03
Model state saved to ./results/models/checkpoints/schrodinger/qho/2025-09-09_20-00-58-853925/model.pth
Model state saved to ./results/models/checkpoints/schrodinger/qho/2025-09-09_20-00-58-853925/model_weights.pth
It: 39, Loss: 1.602e-03, Loss_res: 1.031e-02,  Loss_bcs: 1.315e-03, Loss_ut_ics: 1.843e-02, lr: 1.000e-03, Time: 8.48e+03
Model state saved to ./results/models/checkpoints/schrodinger/qho/2025-09-09_20-00-58-853925/model.pth
Model state saved to ./results/models/checkpoints/schrodinger/qho/2025-09-09_20-00-58-853925/model_weights.pth
It: 40, Loss: 3.129e-03, Loss_res: 5.990e-03,  Loss_bcs: 2.056e-03, Loss_ut_ics: 1.014e-01, lr: 1.000e-03, Time: 8.70e+03
Model state saved to ./results/models/checkpoints/schrodinger/qho/2025-09-09_20-00-58-853925/model.pth
Model state saved to ./results/models/checkpoints/schrodinger/qho/2025-09-09_20-00-58-853925/model_weights.pth
It: 41, Loss: 1.507e-03, Loss_res: 1.159e-03,  Loss_bcs: 1.253e-03, Loss_ut_ics: 2.424e-02, lr: 1.000e-03, Time: 8.91e+03
Model state saved to ./results/models/checkpoints/schrodinger/qho/2025-09-09_20-00-58-853925/model.pth
Model state saved to ./results/models/checkpoints/schrodinger/qho/2025-09-09_20-00-58-853925/model_weights.pth
It: 42, Loss: 2.317e-03, Loss_res: 5.355e-03,  Loss_bcs: 1.905e-03, Loss_ut_ics: 3.589e-02, lr: 1.000e-03, Time: 9.13e+03
Model state saved to ./results/models/checkpoints/schrodinger/qho/2025-09-09_20-00-58-853925/model.pth
Model state saved to ./results/models/checkpoints/schrodinger/qho/2025-09-09_20-00-58-853925/model_weights.pth
It: 43, Loss: 6.047e-03, Loss_res: 6.617e-03,  Loss_bcs: 5.348e-03, Loss_ut_ics: 6.336e-02, lr: 1.000e-03, Time: 9.34e+03
Model state saved to ./results/models/checkpoints/schrodinger/qho/2025-09-09_20-00-58-853925/model.pth
Model state saved to ./results/models/checkpoints/schrodinger/qho/2025-09-09_20-00-58-853925/model_weights.pth
It: 44, Loss: 3.175e-03, Loss_res: 9.234e-03,  Loss_bcs: 1.370e-03, Loss_ut_ics: 1.713e-01, lr: 1.000e-03, Time: 9.56e+03
Model state saved to ./results/models/checkpoints/schrodinger/qho/2025-09-09_20-00-58-853925/model.pth
Model state saved to ./results/models/checkpoints/schrodinger/qho/2025-09-09_20-00-58-853925/model_weights.pth
It: 45, Loss: 2.417e-03, Loss_res: 4.976e-02,  Loss_bcs: 5.956e-04, Loss_ut_ics: 1.324e-01, lr: 1.000e-03, Time: 9.78e+03
Model state saved to ./results/models/checkpoints/schrodinger/qho/2025-09-09_20-00-58-853925/model.pth
Model state saved to ./results/models/checkpoints/schrodinger/qho/2025-09-09_20-00-58-853925/model_weights.pth
It: 46, Loss: 3.647e-04, Loss_res: 1.042e-02,  Loss_bcs: 2.587e-04, Loss_ut_ics: 1.812e-04, lr: 1.000e-03, Time: 9.99e+03
Model state saved to ./results/models/checkpoints/schrodinger/qho/2025-09-09_20-00-58-853925/model.pth
Model state saved to ./results/models/checkpoints/schrodinger/qho/2025-09-09_20-00-58-853925/model_weights.pth
It: 47, Loss: 6.916e-04, Loss_res: 4.575e-03,  Loss_bcs: 6.347e-04, Loss_ut_ics: 1.112e-03, lr: 1.000e-03, Time: 1.02e+04
Model state saved to ./results/models/checkpoints/schrodinger/qho/2025-09-09_20-00-58-853925/model.pth
Model state saved to ./results/models/checkpoints/schrodinger/qho/2025-09-09_20-00-58-853925/model_weights.pth
It: 48, Loss: 1.915e-03, Loss_res: 5.220e-03,  Loss_bcs: 1.425e-03, Loss_ut_ics: 4.380e-02, lr: 1.000e-03, Time: 1.04e+04
Model state saved to ./results/models/checkpoints/schrodinger/qho/2025-09-09_20-00-58-853925/model.pth
Model state saved to ./results/models/checkpoints/schrodinger/qho/2025-09-09_20-00-58-853925/model_weights.pth
It: 49, Loss: 3.436e-03, Loss_res: 2.905e-02,  Loss_bcs: 8.303e-04, Loss_ut_ics: 2.315e-01, lr: 1.000e-03, Time: 1.06e+04
Model state saved to ./results/models/checkpoints/schrodinger/qho/2025-09-09_20-00-58-853925/model.pth
Model state saved to ./results/models/checkpoints/schrodinger/qho/2025-09-09_20-00-58-853925/model_weights.pth
It: 50, Loss: 1.459e-03, Loss_res: 4.232e-03,  Loss_bcs: 2.031e-04, Loss_ut_ics: 1.213e-01, lr: 1.000e-03, Time: 1.09e+04
Model state saved to ./results/models/checkpoints/schrodinger/qho/2025-09-09_20-00-58-853925/model.pth
Model state saved to ./results/models/checkpoints/schrodinger/qho/2025-09-09_20-00-58-853925/model_weights.pth
It: 51, Loss: 9.137e-04, Loss_res: 2.177e-02,  Loss_bcs: 2.805e-04, Loss_ut_ics: 4.156e-02, lr: 1.000e-03, Time: 1.11e+04
Model state saved to ./results/models/checkpoints/schrodinger/qho/2025-09-09_20-00-58-853925/model.pth
Model state saved to ./results/models/checkpoints/schrodinger/qho/2025-09-09_20-00-58-853925/model_weights.pth
It: 52, Loss: 2.813e-03, Loss_res: 1.713e-03,  Loss_bcs: 9.761e-04, Loss_ut_ics: 1.819e-01, lr: 1.000e-03, Time: 1.13e+04
Model state saved to ./results/models/checkpoints/schrodinger/qho/2025-09-09_20-00-58-853925/model.pth
Model state saved to ./results/models/checkpoints/schrodinger/qho/2025-09-09_20-00-58-853925/model_weights.pth
It: 53, Loss: 2.817e-03, Loss_res: 9.325e-03,  Loss_bcs: 9.648e-04, Loss_ut_ics: 1.759e-01, lr: 1.000e-03, Time: 1.15e+04
Model state saved to ./results/models/checkpoints/schrodinger/qho/2025-09-09_20-00-58-853925/model.pth
Model state saved to ./results/models/checkpoints/schrodinger/qho/2025-09-09_20-00-58-853925/model_weights.pth
It: 54, Loss: 3.483e-04, Loss_res: 1.107e-02,  Loss_bcs: 1.580e-04, Loss_ut_ics: 7.958e-03, lr: 1.000e-03, Time: 1.17e+04
Model state saved to ./results/models/checkpoints/schrodinger/qho/2025-09-09_20-00-58-853925/model.pth
Model state saved to ./results/models/checkpoints/schrodinger/qho/2025-09-09_20-00-58-853925/model_weights.pth
It: 55, Loss: 4.034e-03, Loss_res: 1.941e-02,  Loss_bcs: 1.824e-03, Loss_ut_ics: 2.016e-01, lr: 1.000e-03, Time: 1.19e+04
Model state saved to ./results/models/checkpoints/schrodinger/qho/2025-09-09_20-00-58-853925/model.pth
Model state saved to ./results/models/checkpoints/schrodinger/qho/2025-09-09_20-00-58-853925/model_weights.pth
It: 56, Loss: 5.193e-03, Loss_res: 3.635e-03,  Loss_bcs: 3.714e-03, Loss_ut_ics: 1.442e-01, lr: 1.000e-03, Time: 1.22e+04
Model state saved to ./results/models/checkpoints/schrodinger/qho/2025-09-09_20-00-58-853925/model.pth
Model state saved to ./results/models/checkpoints/schrodinger/qho/2025-09-09_20-00-58-853925/model_weights.pth
It: 57, Loss: 4.343e-03, Loss_res: 1.695e-02,  Loss_bcs: 3.974e-03, Loss_ut_ics: 1.992e-02, lr: 1.000e-03, Time: 1.24e+04
Model state saved to ./results/models/checkpoints/schrodinger/qho/2025-09-09_20-00-58-853925/model.pth
Model state saved to ./results/models/checkpoints/schrodinger/qho/2025-09-09_20-00-58-853925/model_weights.pth
It: 58, Loss: 3.768e-03, Loss_res: 1.355e-01,  Loss_bcs: 8.112e-04, Loss_ut_ics: 1.601e-01, lr: 1.000e-03, Time: 1.26e+04
Model state saved to ./results/models/checkpoints/schrodinger/qho/2025-09-09_20-00-58-853925/model.pth
Model state saved to ./results/models/checkpoints/schrodinger/qho/2025-09-09_20-00-58-853925/model_weights.pth
It: 59, Loss: 2.655e-03, Loss_res: 6.834e-03,  Loss_bcs: 1.974e-04, Loss_ut_ics: 2.389e-01, lr: 1.000e-03, Time: 1.28e+04
Model state saved to ./results/models/checkpoints/schrodinger/qho/2025-09-09_20-00-58-853925/model.pth
Model state saved to ./results/models/checkpoints/schrodinger/qho/2025-09-09_20-00-58-853925/model_weights.pth
It: 60, Loss: 1.527e-03, Loss_res: 2.665e-02,  Loss_bcs: 6.395e-04, Loss_ut_ics: 6.211e-02, lr: 1.000e-03, Time: 1.30e+04
Model state saved to ./results/models/checkpoints/schrodinger/qho/2025-09-09_20-00-58-853925/model.pth
Model state saved to ./results/models/checkpoints/schrodinger/qho/2025-09-09_20-00-58-853925/model_weights.pth
It: 61, Loss: 3.816e-03, Loss_res: 1.390e-02,  Loss_bcs: 2.610e-03, Loss_ut_ics: 1.067e-01, lr: 1.000e-03, Time: 1.32e+04
Model state saved to ./results/models/checkpoints/schrodinger/qho/2025-09-09_20-00-58-853925/model.pth
Model state saved to ./results/models/checkpoints/schrodinger/qho/2025-09-09_20-00-58-853925/model_weights.pth
It: 62, Loss: 4.298e-03, Loss_res: 3.548e-02,  Loss_bcs: 3.558e-03, Loss_ut_ics: 3.851e-02, lr: 1.000e-03, Time: 1.34e+04
Model state saved to ./results/models/checkpoints/schrodinger/qho/2025-09-09_20-00-58-853925/model.pth
Model state saved to ./results/models/checkpoints/schrodinger/qho/2025-09-09_20-00-58-853925/model_weights.pth
It: 63, Loss: 1.110e-03, Loss_res: 3.362e-02,  Loss_bcs: 1.134e-04, Loss_ut_ics: 6.599e-02, lr: 1.000e-03, Time: 1.37e+04
Model state saved to ./results/models/checkpoints/schrodinger/qho/2025-09-09_20-00-58-853925/model.pth
Model state saved to ./results/models/checkpoints/schrodinger/qho/2025-09-09_20-00-58-853925/model_weights.pth
It: 64, Loss: 3.101e-03, Loss_res: 9.771e-03,  Loss_bcs: 1.142e-03, Loss_ut_ics: 1.861e-01, lr: 1.000e-03, Time: 1.39e+04
Model state saved to ./results/models/checkpoints/schrodinger/qho/2025-09-09_20-00-58-853925/model.pth
Model state saved to ./results/models/checkpoints/schrodinger/qho/2025-09-09_20-00-58-853925/model_weights.pth
It: 65, Loss: 2.051e-03, Loss_res: 7.041e-02,  Loss_bcs: 8.806e-04, Loss_ut_ics: 4.667e-02, lr: 1.000e-03, Time: 1.41e+04
Model state saved to ./results/models/checkpoints/schrodinger/qho/2025-09-09_20-00-58-853925/model.pth
Model state saved to ./results/models/checkpoints/schrodinger/qho/2025-09-09_20-00-58-853925/model_weights.pth
It: 66, Loss: 1.949e-03, Loss_res: 7.644e-03,  Loss_bcs: 2.021e-04, Loss_ut_ics: 1.671e-01, lr: 1.000e-03, Time: 1.43e+04
Model state saved to ./results/models/checkpoints/schrodinger/qho/2025-09-09_20-00-58-853925/model.pth
Model state saved to ./results/models/checkpoints/schrodinger/qho/2025-09-09_20-00-58-853925/model_weights.pth
It: 67, Loss: 4.272e-03, Loss_res: 1.787e-02,  Loss_bcs: 2.090e-03, Loss_ut_ics: 2.003e-01, lr: 1.000e-03, Time: 1.45e+04
Model state saved to ./results/models/checkpoints/schrodinger/qho/2025-09-09_20-00-58-853925/model.pth
Model state saved to ./results/models/checkpoints/schrodinger/qho/2025-09-09_20-00-58-853925/model_weights.pth
It: 68, Loss: 7.055e-04, Loss_res: 1.883e-02,  Loss_bcs: 4.217e-04, Loss_ut_ics: 9.552e-03, lr: 1.000e-03, Time: 1.47e+04
Model state saved to ./results/models/checkpoints/schrodinger/qho/2025-09-09_20-00-58-853925/model.pth
Model state saved to ./results/models/checkpoints/schrodinger/qho/2025-09-09_20-00-58-853925/model_weights.pth
It: 69, Loss: 8.811e-04, Loss_res: 7.398e-04,  Loss_bcs: 7.854e-04, Loss_ut_ics: 8.826e-03, lr: 1.000e-03, Time: 1.50e+04
Model state saved to ./results/models/checkpoints/schrodinger/qho/2025-09-09_20-00-58-853925/model.pth
Model state saved to ./results/models/checkpoints/schrodinger/qho/2025-09-09_20-00-58-853925/model_weights.pth
It: 70, Loss: 9.950e-04, Loss_res: 1.685e-02,  Loss_bcs: 5.203e-04, Loss_ut_ics: 3.062e-02, lr: 1.000e-03, Time: 1.52e+04
Model state saved to ./results/models/checkpoints/schrodinger/qho/2025-09-09_20-00-58-853925/model.pth
Model state saved to ./results/models/checkpoints/schrodinger/qho/2025-09-09_20-00-58-853925/model_weights.pth
It: 71, Loss: 6.084e-04, Loss_res: 5.329e-03,  Loss_bcs: 4.462e-04, Loss_ut_ics: 1.089e-02, lr: 1.000e-03, Time: 1.54e+04
Model state saved to ./results/models/checkpoints/schrodinger/qho/2025-09-09_20-00-58-853925/model.pth
Model state saved to ./results/models/checkpoints/schrodinger/qho/2025-09-09_20-00-58-853925/model_weights.pth
It: 72, Loss: 3.428e-04, Loss_res: 2.377e-02,  Loss_bcs: 1.028e-04, Loss_ut_ics: 2.281e-04, lr: 1.000e-03, Time: 1.56e+04
Model state saved to ./results/models/checkpoints/schrodinger/qho/2025-09-09_20-00-58-853925/model.pth
Model state saved to ./results/models/checkpoints/schrodinger/qho/2025-09-09_20-00-58-853925/model_weights.pth
It: 73, Loss: 2.374e-03, Loss_res: 1.387e-03,  Loss_bcs: 8.795e-04, Loss_ut_ics: 1.481e-01, lr: 1.000e-03, Time: 1.58e+04
Model state saved to ./results/models/checkpoints/schrodinger/qho/2025-09-09_20-00-58-853925/model.pth
Model state saved to ./results/models/checkpoints/schrodinger/qho/2025-09-09_20-00-58-853925/model_weights.pth
It: 74, Loss: 5.828e-03, Loss_res: 7.365e-03,  Loss_bcs: 3.541e-03, Loss_ut_ics: 2.214e-01, lr: 1.000e-03, Time: 1.60e+04
Model state saved to ./results/models/checkpoints/schrodinger/qho/2025-09-09_20-00-58-853925/model.pth
Model state saved to ./results/models/checkpoints/schrodinger/qho/2025-09-09_20-00-58-853925/model_weights.pth
It: 75, Loss: 8.239e-04, Loss_res: 9.110e-03,  Loss_bcs: 3.207e-04, Loss_ut_ics: 4.121e-02, lr: 1.000e-03, Time: 1.63e+04
Model state saved to ./results/models/checkpoints/schrodinger/qho/2025-09-09_20-00-58-853925/model.pth
Model state saved to ./results/models/checkpoints/schrodinger/qho/2025-09-09_20-00-58-853925/model_weights.pth
It: 76, Loss: 1.749e-03, Loss_res: 6.018e-02,  Loss_bcs: 7.548e-04, Loss_ut_ics: 3.919e-02, lr: 1.000e-03, Time: 1.65e+04
Model state saved to ./results/models/checkpoints/schrodinger/qho/2025-09-09_20-00-58-853925/model.pth
Model state saved to ./results/models/checkpoints/schrodinger/qho/2025-09-09_20-00-58-853925/model_weights.pth
It: 77, Loss: 1.207e-03, Loss_res: 1.608e-03,  Loss_bcs: 4.497e-04, Loss_ut_ics: 7.415e-02, lr: 1.000e-03, Time: 1.67e+04
Model state saved to ./results/models/checkpoints/schrodinger/qho/2025-09-09_20-00-58-853925/model.pth
Model state saved to ./results/models/checkpoints/schrodinger/qho/2025-09-09_20-00-58-853925/model_weights.pth
It: 78, Loss: 2.350e-03, Loss_res: 8.558e-03,  Loss_bcs: 1.122e-03, Loss_ut_ics: 1.142e-01, lr: 1.000e-03, Time: 1.69e+04
Model state saved to ./results/models/checkpoints/schrodinger/qho/2025-09-09_20-00-58-853925/model.pth
Model state saved to ./results/models/checkpoints/schrodinger/qho/2025-09-09_20-00-58-853925/model_weights.pth
It: 79, Loss: 2.331e-03, Loss_res: 5.324e-03,  Loss_bcs: 6.987e-04, Loss_ut_ics: 1.579e-01, lr: 1.000e-03, Time: 1.71e+04
Model state saved to ./results/models/checkpoints/schrodinger/qho/2025-09-09_20-00-58-853925/model.pth
Model state saved to ./results/models/checkpoints/schrodinger/qho/2025-09-09_20-00-58-853925/model_weights.pth
It: 80, Loss: 2.246e-03, Loss_res: 1.257e-02,  Loss_bcs: 4.305e-04, Loss_ut_ics: 1.689e-01, lr: 1.000e-03, Time: 1.73e+04
Model state saved to ./results/models/checkpoints/schrodinger/qho/2025-09-09_20-00-58-853925/model.pth
Model state saved to ./results/models/checkpoints/schrodinger/qho/2025-09-09_20-00-58-853925/model_weights.pth
It: 81, Loss: 3.870e-03, Loss_res: 1.055e-01,  Loss_bcs: 1.082e-03, Loss_ut_ics: 1.733e-01, lr: 1.000e-03, Time: 1.76e+04
Model state saved to ./results/models/checkpoints/schrodinger/qho/2025-09-09_20-00-58-853925/model.pth
Model state saved to ./results/models/checkpoints/schrodinger/qho/2025-09-09_20-00-58-853925/model_weights.pth
It: 82, Loss: 3.818e-03, Loss_res: 1.002e-03,  Loss_bcs: 3.334e-03, Loss_ut_ics: 4.736e-02, lr: 1.000e-03, Time: 1.78e+04
Model state saved to ./results/models/checkpoints/schrodinger/qho/2025-09-09_20-00-58-853925/model.pth
Model state saved to ./results/models/checkpoints/schrodinger/qho/2025-09-09_20-00-58-853925/model_weights.pth
It: 83, Loss: 4.017e-03, Loss_res: 4.033e-02,  Loss_bcs: 9.817e-04, Loss_ut_ics: 2.632e-01, lr: 1.000e-03, Time: 1.80e+04
Model state saved to ./results/models/checkpoints/schrodinger/qho/2025-09-09_20-00-58-853925/model.pth
Model state saved to ./results/models/checkpoints/schrodinger/qho/2025-09-09_20-00-58-853925/model_weights.pth
It: 84, Loss: 1.534e-03, Loss_res: 3.074e-02,  Loss_bcs: 6.239e-04, Loss_ut_ics: 6.024e-02, lr: 1.000e-03, Time: 1.82e+04
Model state saved to ./results/models/checkpoints/schrodinger/qho/2025-09-09_20-00-58-853925/model.pth
Model state saved to ./results/models/checkpoints/schrodinger/qho/2025-09-09_20-00-58-853925/model_weights.pth
It: 85, Loss: 3.375e-03, Loss_res: 2.805e-03,  Loss_bcs: 3.130e-03, Loss_ut_ics: 2.163e-02, lr: 1.000e-03, Time: 1.84e+04
Model state saved to ./results/models/checkpoints/schrodinger/qho/2025-09-09_20-00-58-853925/model.pth
Model state saved to ./results/models/checkpoints/schrodinger/qho/2025-09-09_20-00-58-853925/model_weights.pth
It: 86, Loss: 3.584e-03, Loss_res: 1.611e-02,  Loss_bcs: 1.281e-03, Loss_ut_ics: 2.142e-01, lr: 1.000e-03, Time: 1.86e+04
Model state saved to ./results/models/checkpoints/schrodinger/qho/2025-09-09_20-00-58-853925/model.pth
Model state saved to ./results/models/checkpoints/schrodinger/qho/2025-09-09_20-00-58-853925/model_weights.pth
It: 87, Loss: 1.690e-03, Loss_res: 7.065e-02,  Loss_bcs: 2.113e-04, Loss_ut_ics: 7.719e-02, lr: 1.000e-03, Time: 1.89e+04
Model state saved to ./results/models/checkpoints/schrodinger/qho/2025-09-09_20-00-58-853925/model.pth
Model state saved to ./results/models/checkpoints/schrodinger/qho/2025-09-09_20-00-58-853925/model_weights.pth
It: 88, Loss: 6.347e-03, Loss_res: 2.305e-01,  Loss_bcs: 9.466e-04, Loss_ut_ics: 3.096e-01, lr: 1.000e-03, Time: 1.91e+04
Model state saved to ./results/models/checkpoints/schrodinger/qho/2025-09-09_20-00-58-853925/model.pth
Model state saved to ./results/models/checkpoints/schrodinger/qho/2025-09-09_20-00-58-853925/model_weights.pth
It: 89, Loss: 3.042e-03, Loss_res: 7.032e-02,  Loss_bcs: 1.161e-03, Loss_ut_ics: 1.178e-01, lr: 1.000e-03, Time: 1.93e+04
Model state saved to ./results/models/checkpoints/schrodinger/qho/2025-09-09_20-00-58-853925/model.pth
Model state saved to ./results/models/checkpoints/schrodinger/qho/2025-09-09_20-00-58-853925/model_weights.pth
It: 90, Loss: 5.449e-04, Loss_res: 2.732e-02,  Loss_bcs: 2.608e-04, Loss_ut_ics: 1.094e-03, lr: 1.000e-03, Time: 1.95e+04
Model state saved to ./results/models/checkpoints/schrodinger/qho/2025-09-09_20-00-58-853925/model.pth
Model state saved to ./results/models/checkpoints/schrodinger/qho/2025-09-09_20-00-58-853925/model_weights.pth
It: 91, Loss: 1.461e-03, Loss_res: 1.674e-02,  Loss_bcs: 8.977e-05, Loss_ut_ics: 1.203e-01, lr: 1.000e-03, Time: 1.97e+04
Model state saved to ./results/models/checkpoints/schrodinger/qho/2025-09-09_20-00-58-853925/model.pth
Model state saved to ./results/models/checkpoints/schrodinger/qho/2025-09-09_20-00-58-853925/model_weights.pth
It: 92, Loss: 3.083e-03, Loss_res: 2.966e-03,  Loss_bcs: 1.623e-03, Loss_ut_ics: 1.430e-01, lr: 1.000e-03, Time: 1.99e+04
Model state saved to ./results/models/checkpoints/schrodinger/qho/2025-09-09_20-00-58-853925/model.pth
Model state saved to ./results/models/checkpoints/schrodinger/qho/2025-09-09_20-00-58-853925/model_weights.pth
It: 93, Loss: 1.735e-03, Loss_res: 4.624e-02,  Loss_bcs: 1.407e-04, Loss_ut_ics: 1.132e-01, lr: 1.000e-03, Time: 2.02e+04
Model state saved to ./results/models/checkpoints/schrodinger/qho/2025-09-09_20-00-58-853925/model.pth
Model state saved to ./results/models/checkpoints/schrodinger/qho/2025-09-09_20-00-58-853925/model_weights.pth
It: 94, Loss: 2.488e-03, Loss_res: 1.423e-01,  Loss_bcs: 1.624e-04, Loss_ut_ics: 9.032e-02, lr: 1.000e-03, Time: 2.04e+04
Model state saved to ./results/models/checkpoints/schrodinger/qho/2025-09-09_20-00-58-853925/model.pth
Model state saved to ./results/models/checkpoints/schrodinger/qho/2025-09-09_20-00-58-853925/model_weights.pth
It: 95, Loss: 9.680e-04, Loss_res: 3.865e-02,  Loss_bcs: 4.856e-04, Loss_ut_ics: 9.587e-03, lr: 1.000e-03, Time: 2.06e+04
Model state saved to ./results/models/checkpoints/schrodinger/qho/2025-09-09_20-00-58-853925/model.pth
Model state saved to ./results/models/checkpoints/schrodinger/qho/2025-09-09_20-00-58-853925/model_weights.pth
It: 96, Loss: 1.717e-03, Loss_res: 6.191e-03,  Loss_bcs: 4.457e-04, Loss_ut_ics: 1.209e-01, lr: 1.000e-03, Time: 2.08e+04
Model state saved to ./results/models/checkpoints/schrodinger/qho/2025-09-09_20-00-58-853925/model.pth
Model state saved to ./results/models/checkpoints/schrodinger/qho/2025-09-09_20-00-58-853925/model_weights.pth
It: 97, Loss: 1.933e-03, Loss_res: 3.535e-02,  Loss_bcs: 2.450e-04, Loss_ut_ics: 1.335e-01, lr: 1.000e-03, Time: 2.10e+04
Model state saved to ./results/models/checkpoints/schrodinger/qho/2025-09-09_20-00-58-853925/model.pth
Model state saved to ./results/models/checkpoints/schrodinger/qho/2025-09-09_20-00-58-853925/model_weights.pth
It: 98, Loss: 2.069e-03, Loss_res: 7.331e-03,  Loss_bcs: 3.554e-04, Loss_ut_ics: 1.641e-01, lr: 1.000e-03, Time: 2.12e+04
Model state saved to ./results/models/checkpoints/schrodinger/qho/2025-09-09_20-00-58-853925/model.pth
Model state saved to ./results/models/checkpoints/schrodinger/qho/2025-09-09_20-00-58-853925/model_weights.pth
It: 99, Loss: 5.211e-03, Loss_res: 7.094e-02,  Loss_bcs: 2.108e-03, Loss_ut_ics: 2.394e-01, lr: 1.000e-03, Time: 2.14e+04
Model state saved to ./results/models/checkpoints/schrodinger/qho/2025-09-09_20-00-58-853925/model.pth
Model state saved to ./results/models/checkpoints/schrodinger/qho/2025-09-09_20-00-58-853925/model_weights.pth
It: 100, Loss: 1.806e-04, Loss_res: 5.120e-03,  Loss_bcs: 1.114e-04, Loss_ut_ics: 1.799e-03, lr: 1.000e-03, Time: 2.17e+04
Model state saved to ./results/models/checkpoints/schrodinger/qho/2025-09-09_20-00-58-853925/model.pth
Model state saved to ./results/models/checkpoints/schrodinger/qho/2025-09-09_20-00-58-853925/model_weights.pth
It: 101, Loss: 2.559e-03, Loss_res: 1.029e-02,  Loss_bcs: 1.548e-03, Loss_ut_ics: 9.083e-02, lr: 1.000e-03, Time: 2.19e+04
Model state saved to ./results/models/checkpoints/schrodinger/qho/2025-09-09_20-00-58-853925/model.pth
Model state saved to ./results/models/checkpoints/schrodinger/qho/2025-09-09_20-00-58-853925/model_weights.pth
It: 102, Loss: 2.109e-03, Loss_res: 1.147e-01,  Loss_bcs: 1.895e-04, Loss_ut_ics: 7.726e-02, lr: 1.000e-03, Time: 2.21e+04
Model state saved to ./results/models/checkpoints/schrodinger/qho/2025-09-09_20-00-58-853925/model.pth
Model state saved to ./results/models/checkpoints/schrodinger/qho/2025-09-09_20-00-58-853925/model_weights.pth
It: 103, Loss: 7.103e-03, Loss_res: 4.138e-02,  Loss_bcs: 6.589e-03, Loss_ut_ics: 1.008e-02, lr: 1.000e-03, Time: 2.23e+04
Model state saved to ./results/models/checkpoints/schrodinger/qho/2025-09-09_20-00-58-853925/model.pth
Model state saved to ./results/models/checkpoints/schrodinger/qho/2025-09-09_20-00-58-853925/model_weights.pth
It: 104, Loss: 1.452e-03, Loss_res: 3.682e-03,  Loss_bcs: 2.247e-04, Loss_ut_ics: 1.190e-01, lr: 1.000e-03, Time: 2.25e+04
Model state saved to ./results/models/checkpoints/schrodinger/qho/2025-09-09_20-00-58-853925/model.pth
Model state saved to ./results/models/checkpoints/schrodinger/qho/2025-09-09_20-00-58-853925/model_weights.pth
It: 105, Loss: 1.583e-03, Loss_res: 4.358e-03,  Loss_bcs: 4.130e-05, Loss_ut_ics: 1.498e-01, lr: 1.000e-03, Time: 2.27e+04
Model state saved to ./results/models/checkpoints/schrodinger/qho/2025-09-09_20-00-58-853925/model.pth
Model state saved to ./results/models/checkpoints/schrodinger/qho/2025-09-09_20-00-58-853925/model_weights.pth
It: 106, Loss: 1.079e-03, Loss_res: 8.343e-02,  Loss_bcs: 2.435e-04, Loss_ut_ics: 9.865e-05, lr: 1.000e-03, Time: 2.30e+04
Model state saved to ./results/models/checkpoints/schrodinger/qho/2025-09-09_20-00-58-853925/model.pth
Model state saved to ./results/models/checkpoints/schrodinger/qho/2025-09-09_20-00-58-853925/model_weights.pth
It: 107, Loss: 2.418e-03, Loss_res: 3.641e-03,  Loss_bcs: 3.307e-04, Loss_ut_ics: 2.051e-01, lr: 1.000e-03, Time: 2.32e+04
Model state saved to ./results/models/checkpoints/schrodinger/qho/2025-09-09_20-00-58-853925/model.pth
Model state saved to ./results/models/checkpoints/schrodinger/qho/2025-09-09_20-00-58-853925/model_weights.pth
It: 108, Loss: 2.559e-03, Loss_res: 3.161e-02,  Loss_bcs: 3.474e-04, Loss_ut_ics: 1.896e-01, lr: 1.000e-03, Time: 2.34e+04
Model state saved to ./results/models/checkpoints/schrodinger/qho/2025-09-09_20-00-58-853925/model.pth
Model state saved to ./results/models/checkpoints/schrodinger/qho/2025-09-09_20-00-58-853925/model_weights.pth
It: 109, Loss: 2.453e-03, Loss_res: 2.785e-02,  Loss_bcs: 3.029e-04, Loss_ut_ics: 1.872e-01, lr: 1.000e-03, Time: 2.36e+04
Model state saved to ./results/models/checkpoints/schrodinger/qho/2025-09-09_20-00-58-853925/model.pth
Model state saved to ./results/models/checkpoints/schrodinger/qho/2025-09-09_20-00-58-853925/model_weights.pth
It: 110, Loss: 1.964e-03, Loss_res: 3.803e-03,  Loss_bcs: 2.130e-04, Loss_ut_ics: 1.713e-01, lr: 1.000e-03, Time: 2.38e+04
Model state saved to ./results/models/checkpoints/schrodinger/qho/2025-09-09_20-00-58-853925/model.pth
Model state saved to ./results/models/checkpoints/schrodinger/qho/2025-09-09_20-00-58-853925/model_weights.pth
It: 111, Loss: 5.098e-04, Loss_res: 5.165e-03,  Loss_bcs: 4.916e-05, Loss_ut_ics: 4.090e-02, lr: 1.000e-03, Time: 2.40e+04
Model state saved to ./results/models/checkpoints/schrodinger/qho/2025-09-09_20-00-58-853925/model.pth
Model state saved to ./results/models/checkpoints/schrodinger/qho/2025-09-09_20-00-58-853925/model_weights.pth
It: 112, Loss: 5.046e-03, Loss_res: 2.226e-02,  Loss_bcs: 3.334e-03, Loss_ut_ics: 1.489e-01, lr: 1.000e-03, Time: 2.43e+04
Model state saved to ./results/models/checkpoints/schrodinger/qho/2025-09-09_20-00-58-853925/model.pth
Model state saved to ./results/models/checkpoints/schrodinger/qho/2025-09-09_20-00-58-853925/model_weights.pth
It: 113, Loss: 1.243e-03, Loss_res: 3.998e-03,  Loss_bcs: 2.521e-04, Loss_ut_ics: 9.505e-02, lr: 1.000e-03, Time: 2.45e+04
Model state saved to ./results/models/checkpoints/schrodinger/qho/2025-09-09_20-00-58-853925/model.pth
Model state saved to ./results/models/checkpoints/schrodinger/qho/2025-09-09_20-00-58-853925/model_weights.pth
It: 114, Loss: 2.743e-04, Loss_res: 3.047e-03,  Loss_bcs: 1.330e-04, Loss_ut_ics: 1.109e-02, lr: 1.000e-03, Time: 2.47e+04
Model state saved to ./results/models/checkpoints/schrodinger/qho/2025-09-09_20-00-58-853925/model.pth
Model state saved to ./results/models/checkpoints/schrodinger/qho/2025-09-09_20-00-58-853925/model_weights.pth
It: 115, Loss: 3.250e-03, Loss_res: 4.516e-02,  Loss_bcs: 2.239e-03, Loss_ut_ics: 5.599e-02, lr: 1.000e-03, Time: 2.49e+04
Model state saved to ./results/models/checkpoints/schrodinger/qho/2025-09-09_20-00-58-853925/model.pth
Model state saved to ./results/models/checkpoints/schrodinger/qho/2025-09-09_20-00-58-853925/model_weights.pth
It: 116, Loss: 7.716e-04, Loss_res: 2.000e-03,  Loss_bcs: 9.407e-05, Loss_ut_ics: 6.575e-02, lr: 1.000e-03, Time: 2.51e+04
Model state saved to ./results/models/checkpoints/schrodinger/qho/2025-09-09_20-00-58-853925/model.pth
Model state saved to ./results/models/checkpoints/schrodinger/qho/2025-09-09_20-00-58-853925/model_weights.pth
It: 117, Loss: 1.601e-03, Loss_res: 1.158e-02,  Loss_bcs: 5.470e-05, Loss_ut_ics: 1.430e-01, lr: 1.000e-03, Time: 2.53e+04
Model state saved to ./results/models/checkpoints/schrodinger/qho/2025-09-09_20-00-58-853925/model.pth
Model state saved to ./results/models/checkpoints/schrodinger/qho/2025-09-09_20-00-58-853925/model_weights.pth
It: 118, Loss: 1.628e-03, Loss_res: 6.353e-03,  Loss_bcs: 4.751e-04, Loss_ut_ics: 1.089e-01, lr: 1.000e-03, Time: 2.56e+04
Model state saved to ./results/models/checkpoints/schrodinger/qho/2025-09-09_20-00-58-853925/model.pth
Model state saved to ./results/models/checkpoints/schrodinger/qho/2025-09-09_20-00-58-853925/model_weights.pth
It: 119, Loss: 3.032e-03, Loss_res: 2.161e-03,  Loss_bcs: 1.624e-03, Loss_ut_ics: 1.386e-01, lr: 1.000e-03, Time: 2.58e+04
Model state saved to ./results/models/checkpoints/schrodinger/qho/2025-09-09_20-00-58-853925/model.pth
Model state saved to ./results/models/checkpoints/schrodinger/qho/2025-09-09_20-00-58-853925/model_weights.pth
It: 120, Loss: 1.820e-03, Loss_res: 2.226e-03,  Loss_bcs: 4.902e-05, Loss_ut_ics: 1.749e-01, lr: 1.000e-03, Time: 2.60e+04
Model state saved to ./results/models/checkpoints/schrodinger/qho/2025-09-09_20-00-58-853925/model.pth
Model state saved to ./results/models/checkpoints/schrodinger/qho/2025-09-09_20-00-58-853925/model_weights.pth
It: 121, Loss: 2.325e-03, Loss_res: 1.170e-03,  Loss_bcs: 4.495e-05, Loss_ut_ics: 2.268e-01, lr: 1.000e-03, Time: 2.62e+04
Model state saved to ./results/models/checkpoints/schrodinger/qho/2025-09-09_20-00-58-853925/model.pth
Model state saved to ./results/models/checkpoints/schrodinger/qho/2025-09-09_20-00-58-853925/model_weights.pth
It: 122, Loss: 1.219e-03, Loss_res: 1.608e-02,  Loss_bcs: 5.450e-04, Loss_ut_ics: 5.136e-02, lr: 1.000e-03, Time: 2.64e+04
Model state saved to ./results/models/checkpoints/schrodinger/qho/2025-09-09_20-00-58-853925/model.pth
Model state saved to ./results/models/checkpoints/schrodinger/qho/2025-09-09_20-00-58-853925/model_weights.pth
It: 123, Loss: 4.147e-04, Loss_res: 8.547e-03,  Loss_bcs: 3.177e-04, Loss_ut_ics: 1.151e-03, lr: 1.000e-03, Time: 2.66e+04
Model state saved to ./results/models/checkpoints/schrodinger/qho/2025-09-09_20-00-58-853925/model.pth
Model state saved to ./results/models/checkpoints/schrodinger/qho/2025-09-09_20-00-58-853925/model_weights.pth
It: 124, Loss: 1.850e-03, Loss_res: 8.951e-02,  Loss_bcs: 4.144e-05, Loss_ut_ics: 9.138e-02, lr: 1.000e-03, Time: 2.69e+04
Model state saved to ./results/models/checkpoints/schrodinger/qho/2025-09-09_20-00-58-853925/model.pth
Model state saved to ./results/models/checkpoints/schrodinger/qho/2025-09-09_20-00-58-853925/model_weights.pth
It: 125, Loss: 8.012e-04, Loss_res: 2.685e-03,  Loss_bcs: 1.825e-04, Loss_ut_ics: 5.918e-02, lr: 1.000e-03, Time: 2.71e+04
Model state saved to ./results/models/checkpoints/schrodinger/qho/2025-09-09_20-00-58-853925/model.pth
Model state saved to ./results/models/checkpoints/schrodinger/qho/2025-09-09_20-00-58-853925/model_weights.pth
It: 126, Loss: 3.810e-03, Loss_res: 3.496e-01,  Loss_bcs: 1.864e-04, Loss_ut_ics: 1.276e-02, lr: 1.000e-03, Time: 2.73e+04
Model state saved to ./results/models/checkpoints/schrodinger/qho/2025-09-09_20-00-58-853925/model.pth
Model state saved to ./results/models/checkpoints/schrodinger/qho/2025-09-09_20-00-58-853925/model_weights.pth
It: 127, Loss: 1.609e-03, Loss_res: 2.475e-03,  Loss_bcs: 9.211e-04, Loss_ut_ics: 6.635e-02, lr: 1.000e-03, Time: 2.75e+04
Model state saved to ./results/models/checkpoints/schrodinger/qho/2025-09-09_20-00-58-853925/model.pth
Model state saved to ./results/models/checkpoints/schrodinger/qho/2025-09-09_20-00-58-853925/model_weights.pth
It: 128, Loss: 4.352e-04, Loss_res: 3.614e-02,  Loss_bcs: 6.502e-05, Loss_ut_ics: 8.791e-04, lr: 1.000e-03, Time: 2.77e+04
Model state saved to ./results/models/checkpoints/schrodinger/qho/2025-09-09_20-00-58-853925/model.pth
Model state saved to ./results/models/checkpoints/schrodinger/qho/2025-09-09_20-00-58-853925/model_weights.pth
It: 129, Loss: 5.999e-04, Loss_res: 9.937e-03,  Loss_bcs: 1.394e-04, Loss_ut_ics: 3.611e-02, lr: 1.000e-03, Time: 2.79e+04
Model state saved to ./results/models/checkpoints/schrodinger/qho/2025-09-09_20-00-58-853925/model.pth
Model state saved to ./results/models/checkpoints/schrodinger/qho/2025-09-09_20-00-58-853925/model_weights.pth
It: 130, Loss: 3.160e-03, Loss_res: 1.102e-03,  Loss_bcs: 2.532e-03, Loss_ut_ics: 6.165e-02, lr: 1.000e-03, Time: 2.82e+04
Model state saved to ./results/models/checkpoints/schrodinger/qho/2025-09-09_20-00-58-853925/model.pth
Model state saved to ./results/models/checkpoints/schrodinger/qho/2025-09-09_20-00-58-853925/model_weights.pth
It: 131, Loss: 2.483e-03, Loss_res: 7.960e-03,  Loss_bcs: 1.375e-03, Loss_ut_ics: 1.029e-01, lr: 1.000e-03, Time: 2.84e+04
Model state saved to ./results/models/checkpoints/schrodinger/qho/2025-09-09_20-00-58-853925/model.pth
Model state saved to ./results/models/checkpoints/schrodinger/qho/2025-09-09_20-00-58-853925/model_weights.pth
Using DV Solver
The settings used:
batch_size : 64
epochs : 400
lr : 0.001
seed : 42
print_every : 1
log_path : ./results/models/checkpoints/schrodinger/qho
input_dim : 2
output_dim : 2
num_qubits : 5
hidden_dim : 30
num_quantum_layers : 1
classic_network : [2, 30, 2]
q_ansatz : sim_circ_15
mode : hybrid
activation : null
shots : 1
problem : schrodinger
solver : DV
device : cpu
method : None
cutoff_dim : 20
class : CVNeuralNetwork2
encoding : None
eq_params : {'example': 'ho', 'L': 5.0, 'T': 0.1, 'hbar': 1.0, 'mass': 1.0, 'n_level': 0, 'omega': 1.0, 'potential_fn': 'lambda t, x : 0.5 * 1.0 * (1.0**2) * (x**2)'}
noise : False
Total number of parameters: 507
The circuit used in the study:
