checkpoint path: self.log_path='./results/models/checkpoints/schrodinger/2025-08-14_11-59-09-776585'
Using Classical Solver
The settings used:
batch_size : 64
epochs : 2000
lr : 0.001
seed : 42
print_every : 100
log_path : ./results/models/checkpoints/schrodinger
input_dim : 2
output_dim : 2
num_qubits : 5
hidden_dim : 50
num_quantum_layers : 1
classic_network : [2, 50, 2]
q_ansatz : sim_circ_5
mode : hybrid
activation : null
shots : None
problem : schrodinger
solver : Classical
device : cpu
method : None
cutoff_dim : 20
class : CVNeuralNetwork2
encoding : None
eq_params : {'L': 1.0, 'T': 0.2, 'hbar': 1.0, 'mass': 1.0, 'n_level': 1}
Total number of parameters: 7902
It: 1, Loss: 1.768e+00, Loss_res: 5.086e-03,  Loss_bcs: 3.209e-02, Loss_ut_ics: 8.655e-01, lr: 1.000e-03, Time: 3.22e-02
Model state saved to ./results/models/checkpoints/schrodinger/2025-08-14_11-59-09-776585/model.pth
Model state saved to ./results/models/checkpoints/schrodinger/2025-08-14_11-59-09-776585/model_weights.pth
It: 100, Loss: 7.577e-01, Loss_res: 6.076e-03,  Loss_bcs: 2.988e-01, Loss_ut_ics: 2.264e-01, lr: 1.000e-03, Time: 6.36e-01
Model state saved to ./results/models/checkpoints/schrodinger/2025-08-14_11-59-09-776585/model.pth
Model state saved to ./results/models/checkpoints/schrodinger/2025-08-14_11-59-09-776585/model_weights.pth
It: 200, Loss: 2.536e-01, Loss_res: 3.572e-02,  Loss_bcs: 6.609e-02, Loss_ut_ics: 7.592e-02, lr: 1.000e-03, Time: 1.24e+00
Model state saved to ./results/models/checkpoints/schrodinger/2025-08-14_11-59-09-776585/model.pth
Model state saved to ./results/models/checkpoints/schrodinger/2025-08-14_11-59-09-776585/model_weights.pth
It: 300, Loss: 1.328e-01, Loss_res: 9.038e-03,  Loss_bcs: 6.734e-02, Loss_ut_ics: 2.819e-02, lr: 1.000e-03, Time: 1.85e+00
Model state saved to ./results/models/checkpoints/schrodinger/2025-08-14_11-59-09-776585/model.pth
Model state saved to ./results/models/checkpoints/schrodinger/2025-08-14_11-59-09-776585/model_weights.pth
It: 400, Loss: 1.204e-01, Loss_res: 5.297e-03,  Loss_bcs: 6.189e-02, Loss_ut_ics: 2.660e-02, lr: 1.000e-03, Time: 2.44e+00
Model state saved to ./results/models/checkpoints/schrodinger/2025-08-14_11-59-09-776585/model.pth
Model state saved to ./results/models/checkpoints/schrodinger/2025-08-14_11-59-09-776585/model_weights.pth
It: 500, Loss: 1.239e-01, Loss_res: 1.354e-02,  Loss_bcs: 5.829e-02, Loss_ut_ics: 2.601e-02, lr: 1.000e-03, Time: 3.04e+00
Model state saved to ./results/models/checkpoints/schrodinger/2025-08-14_11-59-09-776585/model.pth
Model state saved to ./results/models/checkpoints/schrodinger/2025-08-14_11-59-09-776585/model_weights.pth
It: 600, Loss: 1.011e-01, Loss_res: 4.424e-03,  Loss_bcs: 5.343e-02, Loss_ut_ics: 2.161e-02, lr: 1.000e-03, Time: 3.64e+00
Model state saved to ./results/models/checkpoints/schrodinger/2025-08-14_11-59-09-776585/model.pth
Model state saved to ./results/models/checkpoints/schrodinger/2025-08-14_11-59-09-776585/model_weights.pth
It: 700, Loss: 9.903e-02, Loss_res: 1.323e-02,  Loss_bcs: 4.486e-02, Loss_ut_ics: 2.047e-02, lr: 1.000e-03, Time: 4.24e+00
Model state saved to ./results/models/checkpoints/schrodinger/2025-08-14_11-59-09-776585/model.pth
Model state saved to ./results/models/checkpoints/schrodinger/2025-08-14_11-59-09-776585/model_weights.pth
It: 800, Loss: 7.354e-02, Loss_res: 7.046e-03,  Loss_bcs: 3.854e-02, Loss_ut_ics: 1.398e-02, lr: 1.000e-03, Time: 4.84e+00
Model state saved to ./results/models/checkpoints/schrodinger/2025-08-14_11-59-09-776585/model.pth
Model state saved to ./results/models/checkpoints/schrodinger/2025-08-14_11-59-09-776585/model_weights.pth
It: 900, Loss: 6.329e-02, Loss_res: 8.482e-03,  Loss_bcs: 3.226e-02, Loss_ut_ics: 1.127e-02, lr: 1.000e-03, Time: 5.45e+00
Model state saved to ./results/models/checkpoints/schrodinger/2025-08-14_11-59-09-776585/model.pth
Model state saved to ./results/models/checkpoints/schrodinger/2025-08-14_11-59-09-776585/model_weights.pth
It: 1000, Loss: 5.215e-02, Loss_res: 7.665e-03,  Loss_bcs: 2.692e-02, Loss_ut_ics: 8.782e-03, lr: 1.000e-03, Time: 6.06e+00
Model state saved to ./results/models/checkpoints/schrodinger/2025-08-14_11-59-09-776585/model.pth
Model state saved to ./results/models/checkpoints/schrodinger/2025-08-14_11-59-09-776585/model_weights.pth
It: 1100, Loss: 3.808e-02, Loss_res: 5.995e-03,  Loss_bcs: 2.008e-02, Loss_ut_ics: 6.001e-03, lr: 1.000e-03, Time: 6.65e+00
Model state saved to ./results/models/checkpoints/schrodinger/2025-08-14_11-59-09-776585/model.pth
Model state saved to ./results/models/checkpoints/schrodinger/2025-08-14_11-59-09-776585/model_weights.pth
It: 1200, Loss: 3.073e-02, Loss_res: 1.001e-02,  Loss_bcs: 1.233e-02, Loss_ut_ics: 4.194e-03, lr: 1.000e-03, Time: 7.25e+00
Model state saved to ./results/models/checkpoints/schrodinger/2025-08-14_11-59-09-776585/model.pth
Model state saved to ./results/models/checkpoints/schrodinger/2025-08-14_11-59-09-776585/model_weights.pth
It: 1300, Loss: 1.745e-02, Loss_res: 5.186e-03,  Loss_bcs: 8.276e-03, Loss_ut_ics: 1.994e-03, lr: 1.000e-03, Time: 7.85e+00
Model state saved to ./results/models/checkpoints/schrodinger/2025-08-14_11-59-09-776585/model.pth
Model state saved to ./results/models/checkpoints/schrodinger/2025-08-14_11-59-09-776585/model_weights.pth
It: 1400, Loss: 1.234e-02, Loss_res: 4.600e-03,  Loss_bcs: 5.401e-03, Loss_ut_ics: 1.167e-03, lr: 1.000e-03, Time: 8.44e+00
Model state saved to ./results/models/checkpoints/schrodinger/2025-08-14_11-59-09-776585/model.pth
Model state saved to ./results/models/checkpoints/schrodinger/2025-08-14_11-59-09-776585/model_weights.pth
It: 1500, Loss: 9.078e-03, Loss_res: 4.073e-03,  Loss_bcs: 3.625e-03, Loss_ut_ics: 6.899e-04, lr: 1.000e-03, Time: 9.04e+00
Model state saved to ./results/models/checkpoints/schrodinger/2025-08-14_11-59-09-776585/model.pth
Model state saved to ./results/models/checkpoints/schrodinger/2025-08-14_11-59-09-776585/model_weights.pth
It: 1600, Loss: 7.457e-03, Loss_res: 3.905e-03,  Loss_bcs: 2.642e-03, Loss_ut_ics: 4.546e-04, lr: 1.000e-03, Time: 9.64e+00
Model state saved to ./results/models/checkpoints/schrodinger/2025-08-14_11-59-09-776585/model.pth
Model state saved to ./results/models/checkpoints/schrodinger/2025-08-14_11-59-09-776585/model_weights.pth
It: 1700, Loss: 5.334e-03, Loss_res: 2.879e-03,  Loss_bcs: 1.886e-03, Loss_ut_ics: 2.847e-04, lr: 1.000e-03, Time: 1.02e+01
Model state saved to ./results/models/checkpoints/schrodinger/2025-08-14_11-59-09-776585/model.pth
Model state saved to ./results/models/checkpoints/schrodinger/2025-08-14_11-59-09-776585/model_weights.pth
It: 1800, Loss: 4.454e-03, Loss_res: 2.625e-03,  Loss_bcs: 1.421e-03, Loss_ut_ics: 2.042e-04, lr: 1.000e-03, Time: 1.08e+01
Model state saved to ./results/models/checkpoints/schrodinger/2025-08-14_11-59-09-776585/model.pth
Model state saved to ./results/models/checkpoints/schrodinger/2025-08-14_11-59-09-776585/model_weights.pth
It: 1900, Loss: 3.637e-03, Loss_res: 2.168e-03,  Loss_bcs: 1.131e-03, Loss_ut_ics: 1.686e-04, lr: 1.000e-03, Time: 1.14e+01
Model state saved to ./results/models/checkpoints/schrodinger/2025-08-14_11-59-09-776585/model.pth
Model state saved to ./results/models/checkpoints/schrodinger/2025-08-14_11-59-09-776585/model_weights.pth
It: 2000, Loss: 8.113e-03, Loss_res: 6.150e-03,  Loss_bcs: 1.021e-03, Loss_ut_ics: 4.711e-04, lr: 1.000e-03, Time: 1.20e+01
Model state saved to ./results/models/checkpoints/schrodinger/2025-08-14_11-59-09-776585/model.pth
Model state saved to ./results/models/checkpoints/schrodinger/2025-08-14_11-59-09-776585/model_weights.pth
Model state saved to ./results/models/checkpoints/schrodinger/2025-08-14_11-59-09-776585/model.pth
Model state saved to ./results/models/checkpoints/schrodinger/2025-08-14_11-59-09-776585/model_weights.pth
Training completed successfuly!
