INFO:src.utils.logger:It: 1, Loss: 1.836e+02, Loss_res: 4.569e+00,  Loss_bcs: 1.236e+00, Loss_ut_ics: 7.530e-01, Loss_norm: 6.347e+00, Loss_gauge: 0.000e+00, w_pde: 3.33e-03, L^2_error: 1.741e+00, lr: 1.000e-03, Time: 4.73e-02
INFO:src.utils.logger:Model state saved to results\ho\Classical\20260501-152626_seed0_bf_ho_2-64-64-64-2_seed13\checkpoints\2026-05-01_15-26-34-175992_ho_Classical_seed13\model.pth
INFO:src.utils.logger:Model weights saved to results\ho\Classical\20260501-152626_seed0_bf_ho_2-64-64-64-2_seed13\checkpoints\2026-05-01_15-26-34-175992_ho_Classical_seed13\model_weights.pth
INFO:src.utils.logger:It: 10, Loss: 3.945e+01, Loss_res: 1.256e+00,  Loss_bcs: 3.095e-01, Loss_ut_ics: 1.953e-01, Loss_norm: 6.069e-03, Loss_gauge: 0.000e+00, w_pde: 3.33e-02, L^2_error: 1.090e+00, lr: 1.000e-03, Time: 3.56e-01
INFO:src.utils.logger:Model state saved to results\ho\Classical\20260501-152626_seed0_bf_ho_2-64-64-64-2_seed13\checkpoints\2026-05-01_15-26-34-175992_ho_Classical_seed13\model.pth
INFO:src.utils.logger:Model weights saved to results\ho\Classical\20260501-152626_seed0_bf_ho_2-64-64-64-2_seed13\checkpoints\2026-05-01_15-26-34-175992_ho_Classical_seed13\model_weights.pth
INFO:src.utils.logger:It: 20, Loss: 1.465e+01, Loss_res: 5.537e-01,  Loss_bcs: 1.336e-01, Loss_ut_ics: 7.204e-02, Loss_norm: 1.439e-02, Loss_gauge: 0.000e+00, w_pde: 6.67e-02, L^2_error: 6.712e-01, lr: 1.000e-03, Time: 7.00e-01
INFO:src.utils.logger:Model state saved to results\ho\Classical\20260501-152626_seed0_bf_ho_2-64-64-64-2_seed13\checkpoints\2026-05-01_15-26-34-175992_ho_Classical_seed13\model.pth
INFO:src.utils.logger:Model weights saved to results\ho\Classical\20260501-152626_seed0_bf_ho_2-64-64-64-2_seed13\checkpoints\2026-05-01_15-26-34-175992_ho_Classical_seed13\model_weights.pth
INFO:src.utils.logger:It: 30, Loss: 1.074e+01, Loss_res: 3.263e-01,  Loss_bcs: 8.209e-02, Loss_ut_ics: 5.163e-02, Loss_norm: 5.929e-02, Loss_gauge: 0.000e+00, w_pde: 1.00e-01, L^2_error: 5.494e-01, lr: 1.000e-03, Time: 1.03e+00
INFO:src.utils.logger:Model state saved to results\ho\Classical\20260501-152626_seed0_bf_ho_2-64-64-64-2_seed13\checkpoints\2026-05-01_15-26-34-175992_ho_Classical_seed13\model.pth
INFO:src.utils.logger:Model weights saved to results\ho\Classical\20260501-152626_seed0_bf_ho_2-64-64-64-2_seed13\checkpoints\2026-05-01_15-26-34-175992_ho_Classical_seed13\model_weights.pth
INFO:src.utils.logger:It: 40, Loss: 1.050e+01, Loss_res: 2.553e-01,  Loss_bcs: 6.937e-02, Loss_ut_ics: 4.950e-02, Loss_norm: 9.856e-02, Loss_gauge: 0.000e+00, w_pde: 1.33e-01, L^2_error: 5.372e-01, lr: 1.000e-03, Time: 1.37e+00
INFO:src.utils.logger:Model state saved to results\ho\Classical\20260501-152626_seed0_bf_ho_2-64-64-64-2_seed13\checkpoints\2026-05-01_15-26-34-175992_ho_Classical_seed13\model.pth
INFO:src.utils.logger:Model weights saved to results\ho\Classical\20260501-152626_seed0_bf_ho_2-64-64-64-2_seed13\checkpoints\2026-05-01_15-26-34-175992_ho_Classical_seed13\model_weights.pth
INFO:src.utils.logger:It: 50, Loss: 8.578e+00, Loss_res: 3.198e-01,  Loss_bcs: 7.105e-02, Loss_ut_ics: 4.176e-02, Loss_norm: 2.044e-02, Loss_gauge: 0.000e+00, w_pde: 1.67e-01, L^2_error: 5.137e-01, lr: 1.000e-03, Time: 1.70e+00
INFO:src.utils.logger:Model state saved to results\ho\Classical\20260501-152626_seed0_bf_ho_2-64-64-64-2_seed13\checkpoints\2026-05-01_15-26-34-175992_ho_Classical_seed13\model.pth
INFO:src.utils.logger:Model weights saved to results\ho\Classical\20260501-152626_seed0_bf_ho_2-64-64-64-2_seed13\checkpoints\2026-05-01_15-26-34-175992_ho_Classical_seed13\model_weights.pth
INFO:src.utils.logger:It: 60, Loss: 6.778e+00, Loss_res: 2.877e-01,  Loss_bcs: 5.609e-02, Loss_ut_ics: 3.273e-02, Loss_norm: 2.366e-02, Loss_gauge: 0.000e+00, w_pde: 2.00e-01, L^2_error: 4.604e-01, lr: 1.000e-03, Time: 2.04e+00
INFO:src.utils.logger:Model state saved to results\ho\Classical\20260501-152626_seed0_bf_ho_2-64-64-64-2_seed13\checkpoints\2026-05-01_15-26-34-175992_ho_Classical_seed13\model.pth
INFO:src.utils.logger:Model weights saved to results\ho\Classical\20260501-152626_seed0_bf_ho_2-64-64-64-2_seed13\checkpoints\2026-05-01_15-26-34-175992_ho_Classical_seed13\model_weights.pth
INFO:src.utils.logger:It: 70, Loss: 4.990e+00, Loss_res: 2.289e-01,  Loss_bcs: 3.559e-02, Loss_ut_ics: 2.378e-02, Loss_norm: 2.902e-02, Loss_gauge: 0.000e+00, w_pde: 2.33e-01, L^2_error: 3.936e-01, lr: 1.000e-03, Time: 2.47e+00
INFO:src.utils.logger:Model state saved to results\ho\Classical\20260501-152626_seed0_bf_ho_2-64-64-64-2_seed13\checkpoints\2026-05-01_15-26-34-175992_ho_Classical_seed13\model.pth
INFO:src.utils.logger:Model weights saved to results\ho\Classical\20260501-152626_seed0_bf_ho_2-64-64-64-2_seed13\checkpoints\2026-05-01_15-26-34-175992_ho_Classical_seed13\model_weights.pth
INFO:src.utils.logger:It: 80, Loss: 3.175e+00, Loss_res: 1.610e-01,  Loss_bcs: 2.433e-02, Loss_ut_ics: 1.512e-02, Loss_norm: 1.662e-02, Loss_gauge: 0.000e+00, w_pde: 2.67e-01, L^2_error: 3.249e-01, lr: 1.000e-03, Time: 2.82e+00
INFO:src.utils.logger:Model state saved to results\ho\Classical\20260501-152626_seed0_bf_ho_2-64-64-64-2_seed13\checkpoints\2026-05-01_15-26-34-175992_ho_Classical_seed13\model.pth
INFO:src.utils.logger:Model weights saved to results\ho\Classical\20260501-152626_seed0_bf_ho_2-64-64-64-2_seed13\checkpoints\2026-05-01_15-26-34-175992_ho_Classical_seed13\model_weights.pth
INFO:src.utils.logger:It: 90, Loss: 1.589e+00, Loss_res: 9.364e-02,  Loss_bcs: 1.051e-02, Loss_ut_ics: 7.455e-03, Loss_norm: 1.196e-02, Loss_gauge: 0.000e+00, w_pde: 3.00e-01, L^2_error: 2.328e-01, lr: 1.000e-03, Time: 3.15e+00
INFO:src.utils.logger:Model state saved to results\ho\Classical\20260501-152626_seed0_bf_ho_2-64-64-64-2_seed13\checkpoints\2026-05-01_15-26-34-175992_ho_Classical_seed13\model.pth
INFO:src.utils.logger:Model weights saved to results\ho\Classical\20260501-152626_seed0_bf_ho_2-64-64-64-2_seed13\checkpoints\2026-05-01_15-26-34-175992_ho_Classical_seed13\model_weights.pth
INFO:src.utils.logger:It: 100, Loss: 5.418e-01, Loss_res: 4.825e-02,  Loss_bcs: 3.609e-03, Loss_ut_ics: 2.497e-03, Loss_norm: 4.539e-03, Loss_gauge: 0.000e+00, w_pde: 3.33e-01, L^2_error: 1.559e-01, lr: 1.000e-03, Time: 3.64e+00
INFO:src.utils.logger:Model state saved to results\ho\Classical\20260501-152626_seed0_bf_ho_2-64-64-64-2_seed13\checkpoints\2026-05-01_15-26-34-175992_ho_Classical_seed13\model.pth
INFO:src.utils.logger:Model weights saved to results\ho\Classical\20260501-152626_seed0_bf_ho_2-64-64-64-2_seed13\checkpoints\2026-05-01_15-26-34-175992_ho_Classical_seed13\model_weights.pth
INFO:src.utils.logger:It: 110, Loss: 1.264e-01, Loss_res: 3.173e-02,  Loss_bcs: 7.590e-04, Loss_ut_ics: 5.409e-04, Loss_norm: 1.167e-03, Loss_gauge: 0.000e+00, w_pde: 3.67e-01, L^2_error: 1.027e-01, lr: 1.000e-03, Time: 4.01e+00
INFO:src.utils.logger:Model state saved to results\ho\Classical\20260501-152626_seed0_bf_ho_2-64-64-64-2_seed13\checkpoints\2026-05-01_15-26-34-175992_ho_Classical_seed13\model.pth
INFO:src.utils.logger:Model weights saved to results\ho\Classical\20260501-152626_seed0_bf_ho_2-64-64-64-2_seed13\checkpoints\2026-05-01_15-26-34-175992_ho_Classical_seed13\model_weights.pth
INFO:src.utils.logger:It: 120, Loss: 6.720e-02, Loss_res: 2.332e-02,  Loss_bcs: 1.024e-03, Loss_ut_ics: 2.810e-04, Loss_norm: 1.284e-04, Loss_gauge: 0.000e+00, w_pde: 4.00e-01, L^2_error: 8.681e-02, lr: 1.000e-03, Time: 4.38e+00
INFO:src.utils.logger:Model state saved to results\ho\Classical\20260501-152626_seed0_bf_ho_2-64-64-64-2_seed13\checkpoints\2026-05-01_15-26-34-175992_ho_Classical_seed13\model.pth
INFO:src.utils.logger:Model weights saved to results\ho\Classical\20260501-152626_seed0_bf_ho_2-64-64-64-2_seed13\checkpoints\2026-05-01_15-26-34-175992_ho_Classical_seed13\model_weights.pth
INFO:src.utils.logger:It: 130, Loss: 6.723e-02, Loss_res: 2.368e-02,  Loss_bcs: 1.061e-03, Loss_ut_ics: 2.757e-04, Loss_norm: 1.526e-04, Loss_gauge: 0.000e+00, w_pde: 4.33e-01, L^2_error: 8.164e-02, lr: 1.000e-03, Time: 4.75e+00
INFO:src.utils.logger:Model state saved to results\ho\Classical\20260501-152626_seed0_bf_ho_2-64-64-64-2_seed13\checkpoints\2026-05-01_15-26-34-175992_ho_Classical_seed13\model.pth
INFO:src.utils.logger:Model weights saved to results\ho\Classical\20260501-152626_seed0_bf_ho_2-64-64-64-2_seed13\checkpoints\2026-05-01_15-26-34-175992_ho_Classical_seed13\model_weights.pth
INFO:src.utils.logger:It: 140, Loss: 5.328e-02, Loss_res: 2.250e-02,  Loss_bcs: 8.326e-04, Loss_ut_ics: 2.045e-04, Loss_norm: 2.103e-04, Loss_gauge: 0.000e+00, w_pde: 4.67e-01, L^2_error: 7.572e-02, lr: 1.000e-03, Time: 5.09e+00
INFO:src.utils.logger:Model state saved to results\ho\Classical\20260501-152626_seed0_bf_ho_2-64-64-64-2_seed13\checkpoints\2026-05-01_15-26-34-175992_ho_Classical_seed13\model.pth
INFO:src.utils.logger:Model weights saved to results\ho\Classical\20260501-152626_seed0_bf_ho_2-64-64-64-2_seed13\checkpoints\2026-05-01_15-26-34-175992_ho_Classical_seed13\model_weights.pth
INFO:src.utils.logger:It: 150, Loss: 4.262e-02, Loss_res: 1.763e-02,  Loss_bcs: 5.641e-04, Loss_ut_ics: 1.641e-04, Loss_norm: 8.451e-05, Loss_gauge: 0.000e+00, w_pde: 5.00e-01, L^2_error: 7.131e-02, lr: 1.000e-03, Time: 5.42e+00
INFO:src.utils.logger:Model state saved to results\ho\Classical\20260501-152626_seed0_bf_ho_2-64-64-64-2_seed13\checkpoints\2026-05-01_15-26-34-175992_ho_Classical_seed13\model.pth
INFO:src.utils.logger:Model weights saved to results\ho\Classical\20260501-152626_seed0_bf_ho_2-64-64-64-2_seed13\checkpoints\2026-05-01_15-26-34-175992_ho_Classical_seed13\model_weights.pth
INFO:src.utils.logger:It: 160, Loss: 4.067e-02, Loss_res: 1.732e-02,  Loss_bcs: 4.452e-04, Loss_ut_ics: 1.548e-04, Loss_norm: 5.741e-06, Loss_gauge: 0.000e+00, w_pde: 5.33e-01, L^2_error: 6.882e-02, lr: 1.000e-03, Time: 5.76e+00
INFO:src.utils.logger:Model state saved to results\ho\Classical\20260501-152626_seed0_bf_ho_2-64-64-64-2_seed13\checkpoints\2026-05-01_15-26-34-175992_ho_Classical_seed13\model.pth
INFO:src.utils.logger:Model weights saved to results\ho\Classical\20260501-152626_seed0_bf_ho_2-64-64-64-2_seed13\checkpoints\2026-05-01_15-26-34-175992_ho_Classical_seed13\model_weights.pth
INFO:src.utils.logger:It: 170, Loss: 4.028e-02, Loss_res: 1.710e-02,  Loss_bcs: 4.101e-04, Loss_ut_ics: 1.507e-04, Loss_norm: 6.031e-06, Loss_gauge: 0.000e+00, w_pde: 5.67e-01, L^2_error: 6.654e-02, lr: 1.000e-03, Time: 6.10e+00
INFO:src.utils.logger:Model state saved to results\ho\Classical\20260501-152626_seed0_bf_ho_2-64-64-64-2_seed13\checkpoints\2026-05-01_15-26-34-175992_ho_Classical_seed13\model.pth
INFO:src.utils.logger:Model weights saved to results\ho\Classical\20260501-152626_seed0_bf_ho_2-64-64-64-2_seed13\checkpoints\2026-05-01_15-26-34-175992_ho_Classical_seed13\model_weights.pth
INFO:src.utils.logger:It: 180, Loss: 3.893e-02, Loss_res: 1.536e-02,  Loss_bcs: 4.053e-04, Loss_ut_ics: 1.465e-04, Loss_norm: 2.818e-06, Loss_gauge: 0.000e+00, w_pde: 6.00e-01, L^2_error: 6.464e-02, lr: 1.000e-03, Time: 6.43e+00
INFO:src.utils.logger:Model state saved to results\ho\Classical\20260501-152626_seed0_bf_ho_2-64-64-64-2_seed13\checkpoints\2026-05-01_15-26-34-175992_ho_Classical_seed13\model.pth
INFO:src.utils.logger:Model weights saved to results\ho\Classical\20260501-152626_seed0_bf_ho_2-64-64-64-2_seed13\checkpoints\2026-05-01_15-26-34-175992_ho_Classical_seed13\model_weights.pth
INFO:src.utils.logger:It: 190, Loss: 3.910e-02, Loss_res: 1.576e-02,  Loss_bcs: 4.038e-04, Loss_ut_ics: 1.436e-04, Loss_norm: 1.220e-06, Loss_gauge: 0.000e+00, w_pde: 6.33e-01, L^2_error: 6.291e-02, lr: 1.000e-03, Time: 6.76e+00
INFO:src.utils.logger:Model state saved to results\ho\Classical\20260501-152626_seed0_bf_ho_2-64-64-64-2_seed13\checkpoints\2026-05-01_15-26-34-175992_ho_Classical_seed13\model.pth
INFO:src.utils.logger:Model weights saved to results\ho\Classical\20260501-152626_seed0_bf_ho_2-64-64-64-2_seed13\checkpoints\2026-05-01_15-26-34-175992_ho_Classical_seed13\model_weights.pth
INFO:src.utils.logger:It: 200, Loss: 3.934e-02, Loss_res: 1.589e-02,  Loss_bcs: 4.140e-04, Loss_ut_ics: 1.416e-04, Loss_norm: 3.887e-06, Loss_gauge: 0.000e+00, w_pde: 6.67e-01, L^2_error: 6.159e-02, lr: 1.000e-03, Time: 7.11e+00
INFO:src.utils.logger:Model state saved to results\ho\Classical\20260501-152626_seed0_bf_ho_2-64-64-64-2_seed13\checkpoints\2026-05-01_15-26-34-175992_ho_Classical_seed13\model.pth
INFO:src.utils.logger:Model weights saved to results\ho\Classical\20260501-152626_seed0_bf_ho_2-64-64-64-2_seed13\checkpoints\2026-05-01_15-26-34-175992_ho_Classical_seed13\model_weights.pth
INFO:src.utils.logger:It: 210, Loss: 3.889e-02, Loss_res: 1.491e-02,  Loss_bcs: 3.921e-04, Loss_ut_ics: 1.402e-04, Loss_norm: 4.413e-06, Loss_gauge: 0.000e+00, w_pde: 7.00e-01, L^2_error: 6.060e-02, lr: 1.000e-03, Time: 7.45e+00
INFO:src.utils.logger:Model state saved to results\ho\Classical\20260501-152626_seed0_bf_ho_2-64-64-64-2_seed13\checkpoints\2026-05-01_15-26-34-175992_ho_Classical_seed13\model.pth
INFO:src.utils.logger:Model weights saved to results\ho\Classical\20260501-152626_seed0_bf_ho_2-64-64-64-2_seed13\checkpoints\2026-05-01_15-26-34-175992_ho_Classical_seed13\model_weights.pth
INFO:src.utils.logger:It: 220, Loss: 3.970e-02, Loss_res: 1.571e-02,  Loss_bcs: 3.845e-04, Loss_ut_ics: 1.389e-04, Loss_norm: 2.766e-06, Loss_gauge: 0.000e+00, w_pde: 7.33e-01, L^2_error: 5.969e-02, lr: 1.000e-03, Time: 7.77e+00
INFO:src.utils.logger:Model state saved to results\ho\Classical\20260501-152626_seed0_bf_ho_2-64-64-64-2_seed13\checkpoints\2026-05-01_15-26-34-175992_ho_Classical_seed13\model.pth
INFO:src.utils.logger:Model weights saved to results\ho\Classical\20260501-152626_seed0_bf_ho_2-64-64-64-2_seed13\checkpoints\2026-05-01_15-26-34-175992_ho_Classical_seed13\model_weights.pth
INFO:src.utils.logger:It: 230, Loss: 3.825e-02, Loss_res: 1.339e-02,  Loss_bcs: 3.902e-04, Loss_ut_ics: 1.379e-04, Loss_norm: 2.632e-06, Loss_gauge: 0.000e+00, w_pde: 7.67e-01, L^2_error: 5.902e-02, lr: 1.000e-03, Time: 8.10e+00
INFO:src.utils.logger:Model state saved to results\ho\Classical\20260501-152626_seed0_bf_ho_2-64-64-64-2_seed13\checkpoints\2026-05-01_15-26-34-175992_ho_Classical_seed13\model.pth
INFO:src.utils.logger:Model weights saved to results\ho\Classical\20260501-152626_seed0_bf_ho_2-64-64-64-2_seed13\checkpoints\2026-05-01_15-26-34-175992_ho_Classical_seed13\model_weights.pth
INFO:src.utils.logger:It: 240, Loss: 3.845e-02, Loss_res: 1.342e-02,  Loss_bcs: 3.710e-04, Loss_ut_ics: 1.367e-04, Loss_norm: 1.805e-06, Loss_gauge: 0.000e+00, w_pde: 8.00e-01, L^2_error: 5.822e-02, lr: 1.000e-03, Time: 8.43e+00
INFO:src.utils.logger:Model state saved to results\ho\Classical\20260501-152626_seed0_bf_ho_2-64-64-64-2_seed13\checkpoints\2026-05-01_15-26-34-175992_ho_Classical_seed13\model.pth
INFO:src.utils.logger:Model weights saved to results\ho\Classical\20260501-152626_seed0_bf_ho_2-64-64-64-2_seed13\checkpoints\2026-05-01_15-26-34-175992_ho_Classical_seed13\model_weights.pth
INFO:src.utils.logger:It: 250, Loss: 3.848e-02, Loss_res: 1.320e-02,  Loss_bcs: 3.638e-04, Loss_ut_ics: 1.355e-04, Loss_norm: 2.520e-06, Loss_gauge: 0.000e+00, w_pde: 8.33e-01, L^2_error: 5.754e-02, lr: 1.000e-03, Time: 8.76e+00
INFO:src.utils.logger:Model state saved to results\ho\Classical\20260501-152626_seed0_bf_ho_2-64-64-64-2_seed13\checkpoints\2026-05-01_15-26-34-175992_ho_Classical_seed13\model.pth
INFO:src.utils.logger:Model weights saved to results\ho\Classical\20260501-152626_seed0_bf_ho_2-64-64-64-2_seed13\checkpoints\2026-05-01_15-26-34-175992_ho_Classical_seed13\model_weights.pth
INFO:src.utils.logger:It: 260, Loss: 3.794e-02, Loss_res: 1.238e-02,  Loss_bcs: 3.509e-04, Loss_ut_ics: 1.342e-04, Loss_norm: 2.986e-06, Loss_gauge: 0.000e+00, w_pde: 8.67e-01, L^2_error: 5.675e-02, lr: 1.000e-03, Time: 9.09e+00
INFO:src.utils.logger:Model state saved to results\ho\Classical\20260501-152626_seed0_bf_ho_2-64-64-64-2_seed13\checkpoints\2026-05-01_15-26-34-175992_ho_Classical_seed13\model.pth
INFO:src.utils.logger:Model weights saved to results\ho\Classical\20260501-152626_seed0_bf_ho_2-64-64-64-2_seed13\checkpoints\2026-05-01_15-26-34-175992_ho_Classical_seed13\model_weights.pth
INFO:src.utils.logger:It: 270, Loss: 3.800e-02, Loss_res: 1.224e-02,  Loss_bcs: 3.414e-04, Loss_ut_ics: 1.332e-04, Loss_norm: 2.762e-06, Loss_gauge: 0.000e+00, w_pde: 9.00e-01, L^2_error: 5.603e-02, lr: 1.000e-03, Time: 9.41e+00
INFO:src.utils.logger:Model state saved to results\ho\Classical\20260501-152626_seed0_bf_ho_2-64-64-64-2_seed13\checkpoints\2026-05-01_15-26-34-175992_ho_Classical_seed13\model.pth
INFO:src.utils.logger:Model weights saved to results\ho\Classical\20260501-152626_seed0_bf_ho_2-64-64-64-2_seed13\checkpoints\2026-05-01_15-26-34-175992_ho_Classical_seed13\model_weights.pth
INFO:src.utils.logger:It: 280, Loss: 3.753e-02, Loss_res: 1.156e-02,  Loss_bcs: 3.269e-04, Loss_ut_ics: 1.320e-04, Loss_norm: 2.127e-06, Loss_gauge: 0.000e+00, w_pde: 9.33e-01, L^2_error: 5.543e-02, lr: 1.000e-03, Time: 9.74e+00
INFO:src.utils.logger:Model state saved to results\ho\Classical\20260501-152626_seed0_bf_ho_2-64-64-64-2_seed13\checkpoints\2026-05-01_15-26-34-175992_ho_Classical_seed13\model.pth
INFO:src.utils.logger:Model weights saved to results\ho\Classical\20260501-152626_seed0_bf_ho_2-64-64-64-2_seed13\checkpoints\2026-05-01_15-26-34-175992_ho_Classical_seed13\model_weights.pth
INFO:src.utils.logger:It: 290, Loss: 3.757e-02, Loss_res: 1.145e-02,  Loss_bcs: 3.260e-04, Loss_ut_ics: 1.308e-04, Loss_norm: 2.562e-06, Loss_gauge: 0.000e+00, w_pde: 9.67e-01, L^2_error: 5.440e-02, lr: 1.000e-03, Time: 1.01e+01
INFO:src.utils.logger:Model state saved to results\ho\Classical\20260501-152626_seed0_bf_ho_2-64-64-64-2_seed13\checkpoints\2026-05-01_15-26-34-175992_ho_Classical_seed13\model.pth
INFO:src.utils.logger:Model weights saved to results\ho\Classical\20260501-152626_seed0_bf_ho_2-64-64-64-2_seed13\checkpoints\2026-05-01_15-26-34-175992_ho_Classical_seed13\model_weights.pth
INFO:src.utils.logger:It: 300, Loss: 3.729e-02, Loss_res: 1.098e-02,  Loss_bcs: 3.177e-04, Loss_ut_ics: 1.299e-04, Loss_norm: 3.200e-06, Loss_gauge: 0.000e+00, w_pde: 1.00e+00, L^2_error: 5.370e-02, lr: 1.000e-03, Time: 1.04e+01
INFO:src.utils.logger:Model state saved to results\ho\Classical\20260501-152626_seed0_bf_ho_2-64-64-64-2_seed13\checkpoints\2026-05-01_15-26-34-175992_ho_Classical_seed13\model.pth
INFO:src.utils.logger:Model weights saved to results\ho\Classical\20260501-152626_seed0_bf_ho_2-64-64-64-2_seed13\checkpoints\2026-05-01_15-26-34-175992_ho_Classical_seed13\model_weights.pth
INFO:src.utils.logger:It: 310, Loss: 3.784e-02, Loss_res: 1.176e-02,  Loss_bcs: 3.199e-04, Loss_ut_ics: 1.287e-04, Loss_norm: 2.098e-06, Loss_gauge: 0.000e+00, w_pde: 1.00e+00, L^2_error: 5.304e-02, lr: 1.000e-03, Time: 1.07e+01
INFO:src.utils.logger:Model state saved to results\ho\Classical\20260501-152626_seed0_bf_ho_2-64-64-64-2_seed13\checkpoints\2026-05-01_15-26-34-175992_ho_Classical_seed13\model.pth
INFO:src.utils.logger:Model weights saved to results\ho\Classical\20260501-152626_seed0_bf_ho_2-64-64-64-2_seed13\checkpoints\2026-05-01_15-26-34-175992_ho_Classical_seed13\model_weights.pth
INFO:src.utils.logger:It: 320, Loss: 3.642e-02, Loss_res: 1.059e-02,  Loss_bcs: 3.063e-04, Loss_ut_ics: 1.276e-04, Loss_norm: 1.931e-06, Loss_gauge: 0.000e+00, w_pde: 1.00e+00, L^2_error: 5.230e-02, lr: 1.000e-03, Time: 1.11e+01
INFO:src.utils.logger:Model state saved to results\ho\Classical\20260501-152626_seed0_bf_ho_2-64-64-64-2_seed13\checkpoints\2026-05-01_15-26-34-175992_ho_Classical_seed13\model.pth
INFO:src.utils.logger:Model weights saved to results\ho\Classical\20260501-152626_seed0_bf_ho_2-64-64-64-2_seed13\checkpoints\2026-05-01_15-26-34-175992_ho_Classical_seed13\model_weights.pth
INFO:src.utils.logger:It: 330, Loss: 3.581e-02, Loss_res: 1.017e-02,  Loss_bcs: 3.068e-04, Loss_ut_ics: 1.266e-04, Loss_norm: 2.139e-06, Loss_gauge: 0.000e+00, w_pde: 1.00e+00, L^2_error: 5.134e-02, lr: 1.000e-03, Time: 1.14e+01
INFO:src.utils.logger:Model state saved to results\ho\Classical\20260501-152626_seed0_bf_ho_2-64-64-64-2_seed13\checkpoints\2026-05-01_15-26-34-175992_ho_Classical_seed13\model.pth
INFO:src.utils.logger:Model weights saved to results\ho\Classical\20260501-152626_seed0_bf_ho_2-64-64-64-2_seed13\checkpoints\2026-05-01_15-26-34-175992_ho_Classical_seed13\model_weights.pth
INFO:src.utils.logger:It: 340, Loss: 3.532e-02, Loss_res: 9.913e-03,  Loss_bcs: 2.901e-04, Loss_ut_ics: 1.255e-04, Loss_norm: 2.415e-06, Loss_gauge: 0.000e+00, w_pde: 1.00e+00, L^2_error: 5.074e-02, lr: 1.000e-03, Time: 1.18e+01
INFO:src.utils.logger:Model state saved to results\ho\Classical\20260501-152626_seed0_bf_ho_2-64-64-64-2_seed13\checkpoints\2026-05-01_15-26-34-175992_ho_Classical_seed13\model.pth
INFO:src.utils.logger:Model weights saved to results\ho\Classical\20260501-152626_seed0_bf_ho_2-64-64-64-2_seed13\checkpoints\2026-05-01_15-26-34-175992_ho_Classical_seed13\model_weights.pth
INFO:src.utils.logger:It: 350, Loss: 3.481e-02, Loss_res: 9.625e-03,  Loss_bcs: 2.911e-04, Loss_ut_ics: 1.244e-04, Loss_norm: 2.036e-06, Loss_gauge: 0.000e+00, w_pde: 1.00e+00, L^2_error: 5.012e-02, lr: 1.000e-03, Time: 1.21e+01
INFO:src.utils.logger:Model state saved to results\ho\Classical\20260501-152626_seed0_bf_ho_2-64-64-64-2_seed13\checkpoints\2026-05-01_15-26-34-175992_ho_Classical_seed13\model.pth
INFO:src.utils.logger:Model weights saved to results\ho\Classical\20260501-152626_seed0_bf_ho_2-64-64-64-2_seed13\checkpoints\2026-05-01_15-26-34-175992_ho_Classical_seed13\model_weights.pth
INFO:src.utils.logger:It: 360, Loss: 3.440e-02, Loss_res: 9.437e-03,  Loss_bcs: 2.944e-04, Loss_ut_ics: 1.233e-04, Loss_norm: 1.103e-06, Loss_gauge: 0.000e+00, w_pde: 1.00e+00, L^2_error: 4.949e-02, lr: 1.000e-03, Time: 1.24e+01
INFO:src.utils.logger:Model state saved to results\ho\Classical\20260501-152626_seed0_bf_ho_2-64-64-64-2_seed13\checkpoints\2026-05-01_15-26-34-175992_ho_Classical_seed13\model.pth
INFO:src.utils.logger:Model weights saved to results\ho\Classical\20260501-152626_seed0_bf_ho_2-64-64-64-2_seed13\checkpoints\2026-05-01_15-26-34-175992_ho_Classical_seed13\model_weights.pth
INFO:src.utils.logger:It: 370, Loss: 3.359e-02, Loss_res: 8.835e-03,  Loss_bcs: 2.726e-04, Loss_ut_ics: 1.224e-04, Loss_norm: 1.208e-06, Loss_gauge: 0.000e+00, w_pde: 1.00e+00, L^2_error: 4.873e-02, lr: 1.000e-03, Time: 1.27e+01
INFO:src.utils.logger:Model state saved to results\ho\Classical\20260501-152626_seed0_bf_ho_2-64-64-64-2_seed13\checkpoints\2026-05-01_15-26-34-175992_ho_Classical_seed13\model.pth
INFO:src.utils.logger:Model weights saved to results\ho\Classical\20260501-152626_seed0_bf_ho_2-64-64-64-2_seed13\checkpoints\2026-05-01_15-26-34-175992_ho_Classical_seed13\model_weights.pth
INFO:src.utils.logger:It: 380, Loss: 3.349e-02, Loss_res: 8.944e-03,  Loss_bcs: 2.761e-04, Loss_ut_ics: 1.213e-04, Loss_norm: 1.837e-06, Loss_gauge: 0.000e+00, w_pde: 1.00e+00, L^2_error: 4.797e-02, lr: 1.000e-03, Time: 1.31e+01
INFO:src.utils.logger:Model state saved to results\ho\Classical\20260501-152626_seed0_bf_ho_2-64-64-64-2_seed13\checkpoints\2026-05-01_15-26-34-175992_ho_Classical_seed13\model.pth
INFO:src.utils.logger:Model weights saved to results\ho\Classical\20260501-152626_seed0_bf_ho_2-64-64-64-2_seed13\checkpoints\2026-05-01_15-26-34-175992_ho_Classical_seed13\model_weights.pth
INFO:src.utils.logger:It: 390, Loss: 3.335e-02, Loss_res: 9.008e-03,  Loss_bcs: 2.669e-04, Loss_ut_ics: 1.203e-04, Loss_norm: 1.419e-06, Loss_gauge: 0.000e+00, w_pde: 1.00e+00, L^2_error: 4.718e-02, lr: 1.000e-03, Time: 1.34e+01
INFO:src.utils.logger:Model state saved to results\ho\Classical\20260501-152626_seed0_bf_ho_2-64-64-64-2_seed13\checkpoints\2026-05-01_15-26-34-175992_ho_Classical_seed13\model.pth
INFO:src.utils.logger:Model weights saved to results\ho\Classical\20260501-152626_seed0_bf_ho_2-64-64-64-2_seed13\checkpoints\2026-05-01_15-26-34-175992_ho_Classical_seed13\model_weights.pth
INFO:src.utils.logger:It: 400, Loss: 3.314e-02, Loss_res: 8.994e-03,  Loss_bcs: 2.670e-04, Loss_ut_ics: 1.194e-04, Loss_norm: 1.116e-06, Loss_gauge: 0.000e+00, w_pde: 1.00e+00, L^2_error: 4.679e-02, lr: 1.000e-03, Time: 1.37e+01
INFO:src.utils.logger:Model state saved to results\ho\Classical\20260501-152626_seed0_bf_ho_2-64-64-64-2_seed13\checkpoints\2026-05-01_15-26-34-175992_ho_Classical_seed13\model.pth
INFO:src.utils.logger:Model weights saved to results\ho\Classical\20260501-152626_seed0_bf_ho_2-64-64-64-2_seed13\checkpoints\2026-05-01_15-26-34-175992_ho_Classical_seed13\model_weights.pth
INFO:src.utils.logger:It: 410, Loss: 3.279e-02, Loss_res: 8.862e-03,  Loss_bcs: 2.592e-04, Loss_ut_ics: 1.183e-04, Loss_norm: 1.079e-06, Loss_gauge: 0.000e+00, w_pde: 1.00e+00, L^2_error: 4.612e-02, lr: 1.000e-03, Time: 1.41e+01
INFO:src.utils.logger:Model state saved to results\ho\Classical\20260501-152626_seed0_bf_ho_2-64-64-64-2_seed13\checkpoints\2026-05-01_15-26-34-175992_ho_Classical_seed13\model.pth
INFO:src.utils.logger:Model weights saved to results\ho\Classical\20260501-152626_seed0_bf_ho_2-64-64-64-2_seed13\checkpoints\2026-05-01_15-26-34-175992_ho_Classical_seed13\model_weights.pth
INFO:src.utils.logger:It: 420, Loss: 3.159e-02, Loss_res: 7.850e-03,  Loss_bcs: 2.507e-04, Loss_ut_ics: 1.174e-04, Loss_norm: 1.191e-06, Loss_gauge: 0.000e+00, w_pde: 1.00e+00, L^2_error: 4.538e-02, lr: 1.000e-03, Time: 1.44e+01
INFO:src.utils.logger:Model state saved to results\ho\Classical\20260501-152626_seed0_bf_ho_2-64-64-64-2_seed13\checkpoints\2026-05-01_15-26-34-175992_ho_Classical_seed13\model.pth
INFO:src.utils.logger:Model weights saved to results\ho\Classical\20260501-152626_seed0_bf_ho_2-64-64-64-2_seed13\checkpoints\2026-05-01_15-26-34-175992_ho_Classical_seed13\model_weights.pth
INFO:src.utils.logger:It: 430, Loss: 3.164e-02, Loss_res: 8.102e-03,  Loss_bcs: 2.493e-04, Loss_ut_ics: 1.164e-04, Loss_norm: 1.423e-06, Loss_gauge: 0.000e+00, w_pde: 1.00e+00, L^2_error: 4.479e-02, lr: 1.000e-03, Time: 1.47e+01
INFO:src.utils.logger:Model state saved to results\ho\Classical\20260501-152626_seed0_bf_ho_2-64-64-64-2_seed13\checkpoints\2026-05-01_15-26-34-175992_ho_Classical_seed13\model.pth
INFO:src.utils.logger:Model weights saved to results\ho\Classical\20260501-152626_seed0_bf_ho_2-64-64-64-2_seed13\checkpoints\2026-05-01_15-26-34-175992_ho_Classical_seed13\model_weights.pth
INFO:src.utils.logger:It: 440, Loss: 3.056e-02, Loss_res: 7.228e-03,  Loss_bcs: 2.461e-04, Loss_ut_ics: 1.154e-04, Loss_norm: 8.627e-07, Loss_gauge: 0.000e+00, w_pde: 1.00e+00, L^2_error: 4.429e-02, lr: 1.000e-03, Time: 1.50e+01
INFO:src.utils.logger:Model state saved to results\ho\Classical\20260501-152626_seed0_bf_ho_2-64-64-64-2_seed13\checkpoints\2026-05-01_15-26-34-175992_ho_Classical_seed13\model.pth
INFO:src.utils.logger:Model weights saved to results\ho\Classical\20260501-152626_seed0_bf_ho_2-64-64-64-2_seed13\checkpoints\2026-05-01_15-26-34-175992_ho_Classical_seed13\model_weights.pth
INFO:src.utils.logger:It: 450, Loss: 3.092e-02, Loss_res: 7.775e-03,  Loss_bcs: 2.486e-04, Loss_ut_ics: 1.144e-04, Loss_norm: 9.573e-07, Loss_gauge: 0.000e+00, w_pde: 1.00e+00, L^2_error: 4.364e-02, lr: 1.000e-03, Time: 1.54e+01
INFO:src.utils.logger:Model state saved to results\ho\Classical\20260501-152626_seed0_bf_ho_2-64-64-64-2_seed13\checkpoints\2026-05-01_15-26-34-175992_ho_Classical_seed13\model.pth
INFO:src.utils.logger:Model weights saved to results\ho\Classical\20260501-152626_seed0_bf_ho_2-64-64-64-2_seed13\checkpoints\2026-05-01_15-26-34-175992_ho_Classical_seed13\model_weights.pth
INFO:src.utils.logger:It: 460, Loss: 3.030e-02, Loss_res: 7.340e-03,  Loss_bcs: 2.364e-04, Loss_ut_ics: 1.136e-04, Loss_norm: 8.566e-07, Loss_gauge: 0.000e+00, w_pde: 1.00e+00, L^2_error: 4.324e-02, lr: 1.000e-03, Time: 1.57e+01
INFO:src.utils.logger:Model state saved to results\ho\Classical\20260501-152626_seed0_bf_ho_2-64-64-64-2_seed13\checkpoints\2026-05-01_15-26-34-175992_ho_Classical_seed13\model.pth
INFO:src.utils.logger:Model weights saved to results\ho\Classical\20260501-152626_seed0_bf_ho_2-64-64-64-2_seed13\checkpoints\2026-05-01_15-26-34-175992_ho_Classical_seed13\model_weights.pth
INFO:src.utils.logger:It: 470, Loss: 2.941e-02, Loss_res: 6.646e-03,  Loss_bcs: 2.355e-04, Loss_ut_ics: 1.126e-04, Loss_norm: 7.301e-07, Loss_gauge: 0.000e+00, w_pde: 1.00e+00, L^2_error: 4.264e-02, lr: 1.000e-03, Time: 1.60e+01
INFO:src.utils.logger:Model state saved to results\ho\Classical\20260501-152626_seed0_bf_ho_2-64-64-64-2_seed13\checkpoints\2026-05-01_15-26-34-175992_ho_Classical_seed13\model.pth
INFO:src.utils.logger:Model weights saved to results\ho\Classical\20260501-152626_seed0_bf_ho_2-64-64-64-2_seed13\checkpoints\2026-05-01_15-26-34-175992_ho_Classical_seed13\model_weights.pth
INFO:src.utils.logger:It: 480, Loss: 2.914e-02, Loss_res: 6.519e-03,  Loss_bcs: 2.279e-04, Loss_ut_ics: 1.119e-04, Loss_norm: 8.600e-07, Loss_gauge: 0.000e+00, w_pde: 1.00e+00, L^2_error: 4.199e-02, lr: 1.000e-03, Time: 1.63e+01
INFO:src.utils.logger:Model state saved to results\ho\Classical\20260501-152626_seed0_bf_ho_2-64-64-64-2_seed13\checkpoints\2026-05-01_15-26-34-175992_ho_Classical_seed13\model.pth
INFO:src.utils.logger:Model weights saved to results\ho\Classical\20260501-152626_seed0_bf_ho_2-64-64-64-2_seed13\checkpoints\2026-05-01_15-26-34-175992_ho_Classical_seed13\model_weights.pth
INFO:src.utils.logger:It: 490, Loss: 2.926e-02, Loss_res: 6.890e-03,  Loss_bcs: 2.309e-04, Loss_ut_ics: 1.107e-04, Loss_norm: 8.218e-07, Loss_gauge: 0.000e+00, w_pde: 1.00e+00, L^2_error: 4.166e-02, lr: 1.000e-03, Time: 1.67e+01
INFO:src.utils.logger:Model state saved to results\ho\Classical\20260501-152626_seed0_bf_ho_2-64-64-64-2_seed13\checkpoints\2026-05-01_15-26-34-175992_ho_Classical_seed13\model.pth
INFO:src.utils.logger:Model weights saved to results\ho\Classical\20260501-152626_seed0_bf_ho_2-64-64-64-2_seed13\checkpoints\2026-05-01_15-26-34-175992_ho_Classical_seed13\model_weights.pth
INFO:src.utils.logger:It: 500, Loss: 2.861e-02, Loss_res: 6.429e-03,  Loss_bcs: 2.292e-04, Loss_ut_ics: 1.098e-04, Loss_norm: 6.458e-07, Loss_gauge: 0.000e+00, w_pde: 1.00e+00, L^2_error: 4.095e-02, lr: 1.000e-03, Time: 1.70e+01
INFO:src.utils.logger:Model state saved to results\ho\Classical\20260501-152626_seed0_bf_ho_2-64-64-64-2_seed13\checkpoints\2026-05-01_15-26-34-175992_ho_Classical_seed13\model.pth
INFO:src.utils.logger:Model weights saved to results\ho\Classical\20260501-152626_seed0_bf_ho_2-64-64-64-2_seed13\checkpoints\2026-05-01_15-26-34-175992_ho_Classical_seed13\model_weights.pth
INFO:src.utils.logger:It: 510, Loss: 2.745e-02, Loss_res: 5.462e-03,  Loss_bcs: 2.197e-04, Loss_ut_ics: 1.088e-04, Loss_norm: 8.253e-07, Loss_gauge: 0.000e+00, w_pde: 1.00e+00, L^2_error: 4.055e-02, lr: 1.000e-03, Time: 1.74e+01
INFO:src.utils.logger:Model state saved to results\ho\Classical\20260501-152626_seed0_bf_ho_2-64-64-64-2_seed13\checkpoints\2026-05-01_15-26-34-175992_ho_Classical_seed13\model.pth
INFO:src.utils.logger:Model weights saved to results\ho\Classical\20260501-152626_seed0_bf_ho_2-64-64-64-2_seed13\checkpoints\2026-05-01_15-26-34-175992_ho_Classical_seed13\model_weights.pth
INFO:src.utils.logger:It: 520, Loss: 2.767e-02, Loss_res: 5.857e-03,  Loss_bcs: 2.190e-04, Loss_ut_ics: 1.080e-04, Loss_norm: 9.147e-07, Loss_gauge: 0.000e+00, w_pde: 1.00e+00, L^2_error: 3.998e-02, lr: 1.000e-03, Time: 1.77e+01
INFO:src.utils.logger:Model state saved to results\ho\Classical\20260501-152626_seed0_bf_ho_2-64-64-64-2_seed13\checkpoints\2026-05-01_15-26-34-175992_ho_Classical_seed13\model.pth
INFO:src.utils.logger:Model weights saved to results\ho\Classical\20260501-152626_seed0_bf_ho_2-64-64-64-2_seed13\checkpoints\2026-05-01_15-26-34-175992_ho_Classical_seed13\model_weights.pth
INFO:src.utils.logger:It: 530, Loss: 2.788e-02, Loss_res: 6.270e-03,  Loss_bcs: 2.136e-04, Loss_ut_ics: 1.070e-04, Loss_norm: 6.064e-07, Loss_gauge: 0.000e+00, w_pde: 1.00e+00, L^2_error: 3.956e-02, lr: 1.000e-03, Time: 1.80e+01
INFO:src.utils.logger:Model state saved to results\ho\Classical\20260501-152626_seed0_bf_ho_2-64-64-64-2_seed13\checkpoints\2026-05-01_15-26-34-175992_ho_Classical_seed13\model.pth
INFO:src.utils.logger:Model weights saved to results\ho\Classical\20260501-152626_seed0_bf_ho_2-64-64-64-2_seed13\checkpoints\2026-05-01_15-26-34-175992_ho_Classical_seed13\model_weights.pth
INFO:src.utils.logger:It: 540, Loss: 2.676e-02, Loss_res: 5.307e-03,  Loss_bcs: 2.079e-04, Loss_ut_ics: 1.062e-04, Loss_norm: 6.981e-07, Loss_gauge: 0.000e+00, w_pde: 1.00e+00, L^2_error: 3.902e-02, lr: 1.000e-03, Time: 1.83e+01
INFO:src.utils.logger:Model state saved to results\ho\Classical\20260501-152626_seed0_bf_ho_2-64-64-64-2_seed13\checkpoints\2026-05-01_15-26-34-175992_ho_Classical_seed13\model.pth
INFO:src.utils.logger:Model weights saved to results\ho\Classical\20260501-152626_seed0_bf_ho_2-64-64-64-2_seed13\checkpoints\2026-05-01_15-26-34-175992_ho_Classical_seed13\model_weights.pth
INFO:src.utils.logger:It: 550, Loss: 2.672e-02, Loss_res: 5.465e-03,  Loss_bcs: 2.071e-04, Loss_ut_ics: 1.052e-04, Loss_norm: 7.438e-07, Loss_gauge: 0.000e+00, w_pde: 1.00e+00, L^2_error: 3.856e-02, lr: 1.000e-03, Time: 1.87e+01
INFO:src.utils.logger:Model state saved to results\ho\Classical\20260501-152626_seed0_bf_ho_2-64-64-64-2_seed13\checkpoints\2026-05-01_15-26-34-175992_ho_Classical_seed13\model.pth
INFO:src.utils.logger:Model weights saved to results\ho\Classical\20260501-152626_seed0_bf_ho_2-64-64-64-2_seed13\checkpoints\2026-05-01_15-26-34-175992_ho_Classical_seed13\model_weights.pth
INFO:src.utils.logger:It: 560, Loss: 2.723e-02, Loss_res: 6.175e-03,  Loss_bcs: 1.998e-04, Loss_ut_ics: 1.043e-04, Loss_norm: 7.182e-07, Loss_gauge: 0.000e+00, w_pde: 1.00e+00, L^2_error: 3.809e-02, lr: 1.000e-03, Time: 1.90e+01
INFO:src.utils.logger:Model state saved to results\ho\Classical\20260501-152626_seed0_bf_ho_2-64-64-64-2_seed13\checkpoints\2026-05-01_15-26-34-175992_ho_Classical_seed13\model.pth
INFO:src.utils.logger:Model weights saved to results\ho\Classical\20260501-152626_seed0_bf_ho_2-64-64-64-2_seed13\checkpoints\2026-05-01_15-26-34-175992_ho_Classical_seed13\model_weights.pth
INFO:src.utils.logger:It: 570, Loss: 2.621e-02, Loss_res: 5.331e-03,  Loss_bcs: 1.973e-04, Loss_ut_ics: 1.034e-04, Loss_norm: 1.168e-06, Loss_gauge: 0.000e+00, w_pde: 1.00e+00, L^2_error: 3.768e-02, lr: 1.000e-03, Time: 1.93e+01
INFO:src.utils.logger:Model state saved to results\ho\Classical\20260501-152626_seed0_bf_ho_2-64-64-64-2_seed13\checkpoints\2026-05-01_15-26-34-175992_ho_Classical_seed13\model.pth
INFO:src.utils.logger:Model weights saved to results\ho\Classical\20260501-152626_seed0_bf_ho_2-64-64-64-2_seed13\checkpoints\2026-05-01_15-26-34-175992_ho_Classical_seed13\model_weights.pth
INFO:src.utils.logger:It: 580, Loss: 2.614e-02, Loss_res: 5.449e-03,  Loss_bcs: 1.947e-04, Loss_ut_ics: 1.025e-04, Loss_norm: 9.377e-07, Loss_gauge: 0.000e+00, w_pde: 1.00e+00, L^2_error: 3.719e-02, lr: 1.000e-03, Time: 1.97e+01
INFO:src.utils.logger:Model state saved to results\ho\Classical\20260501-152626_seed0_bf_ho_2-64-64-64-2_seed13\checkpoints\2026-05-01_15-26-34-175992_ho_Classical_seed13\model.pth
INFO:src.utils.logger:Model weights saved to results\ho\Classical\20260501-152626_seed0_bf_ho_2-64-64-64-2_seed13\checkpoints\2026-05-01_15-26-34-175992_ho_Classical_seed13\model_weights.pth
INFO:src.utils.logger:It: 590, Loss: 2.554e-02, Loss_res: 5.034e-03,  Loss_bcs: 1.917e-04, Loss_ut_ics: 1.015e-04, Loss_norm: 9.569e-07, Loss_gauge: 0.000e+00, w_pde: 1.00e+00, L^2_error: 3.679e-02, lr: 1.000e-03, Time: 2.00e+01
INFO:src.utils.logger:Model state saved to results\ho\Classical\20260501-152626_seed0_bf_ho_2-64-64-64-2_seed13\checkpoints\2026-05-01_15-26-34-175992_ho_Classical_seed13\model.pth
INFO:src.utils.logger:Model weights saved to results\ho\Classical\20260501-152626_seed0_bf_ho_2-64-64-64-2_seed13\checkpoints\2026-05-01_15-26-34-175992_ho_Classical_seed13\model_weights.pth
INFO:src.utils.logger:It: 600, Loss: 2.532e-02, Loss_res: 4.980e-03,  Loss_bcs: 1.871e-04, Loss_ut_ics: 1.007e-04, Loss_norm: 7.951e-07, Loss_gauge: 0.000e+00, w_pde: 1.00e+00, L^2_error: 3.636e-02, lr: 1.000e-03, Time: 2.03e+01
INFO:src.utils.logger:Model state saved to results\ho\Classical\20260501-152626_seed0_bf_ho_2-64-64-64-2_seed13\checkpoints\2026-05-01_15-26-34-175992_ho_Classical_seed13\model.pth
INFO:src.utils.logger:Model weights saved to results\ho\Classical\20260501-152626_seed0_bf_ho_2-64-64-64-2_seed13\checkpoints\2026-05-01_15-26-34-175992_ho_Classical_seed13\model_weights.pth
INFO:src.utils.logger:It: 610, Loss: 2.500e-02, Loss_res: 4.841e-03,  Loss_bcs: 1.818e-04, Loss_ut_ics: 9.986e-05, Loss_norm: 6.710e-07, Loss_gauge: 0.000e+00, w_pde: 1.00e+00, L^2_error: 3.596e-02, lr: 1.000e-03, Time: 2.07e+01
INFO:src.utils.logger:Model state saved to results\ho\Classical\20260501-152626_seed0_bf_ho_2-64-64-64-2_seed13\checkpoints\2026-05-01_15-26-34-175992_ho_Classical_seed13\model.pth
INFO:src.utils.logger:Model weights saved to results\ho\Classical\20260501-152626_seed0_bf_ho_2-64-64-64-2_seed13\checkpoints\2026-05-01_15-26-34-175992_ho_Classical_seed13\model_weights.pth
INFO:src.utils.logger:It: 620, Loss: 2.528e-02, Loss_res: 5.303e-03,  Loss_bcs: 1.804e-04, Loss_ut_ics: 9.899e-05, Loss_norm: 4.464e-07, Loss_gauge: 0.000e+00, w_pde: 1.00e+00, L^2_error: 3.552e-02, lr: 1.000e-03, Time: 2.10e+01
INFO:src.utils.logger:Model state saved to results\ho\Classical\20260501-152626_seed0_bf_ho_2-64-64-64-2_seed13\checkpoints\2026-05-01_15-26-34-175992_ho_Classical_seed13\model.pth
INFO:src.utils.logger:Model weights saved to results\ho\Classical\20260501-152626_seed0_bf_ho_2-64-64-64-2_seed13\checkpoints\2026-05-01_15-26-34-175992_ho_Classical_seed13\model_weights.pth
INFO:src.utils.logger:It: 630, Loss: 2.475e-02, Loss_res: 4.951e-03,  Loss_bcs: 1.798e-04, Loss_ut_ics: 9.807e-05, Loss_norm: 7.598e-07, Loss_gauge: 0.000e+00, w_pde: 1.00e+00, L^2_error: 3.512e-02, lr: 1.000e-03, Time: 2.14e+01
INFO:src.utils.logger:Model state saved to results\ho\Classical\20260501-152626_seed0_bf_ho_2-64-64-64-2_seed13\checkpoints\2026-05-01_15-26-34-175992_ho_Classical_seed13\model.pth
INFO:src.utils.logger:Model weights saved to results\ho\Classical\20260501-152626_seed0_bf_ho_2-64-64-64-2_seed13\checkpoints\2026-05-01_15-26-34-175992_ho_Classical_seed13\model_weights.pth
INFO:src.utils.logger:It: 640, Loss: 2.458e-02, Loss_res: 4.925e-03,  Loss_bcs: 1.746e-04, Loss_ut_ics: 9.740e-05, Loss_norm: 5.727e-07, Loss_gauge: 0.000e+00, w_pde: 1.00e+00, L^2_error: 3.473e-02, lr: 1.000e-03, Time: 2.18e+01
INFO:src.utils.logger:Model state saved to results\ho\Classical\20260501-152626_seed0_bf_ho_2-64-64-64-2_seed13\checkpoints\2026-05-01_15-26-34-175992_ho_Classical_seed13\model.pth
INFO:src.utils.logger:Model weights saved to results\ho\Classical\20260501-152626_seed0_bf_ho_2-64-64-64-2_seed13\checkpoints\2026-05-01_15-26-34-175992_ho_Classical_seed13\model_weights.pth
INFO:src.utils.logger:It: 650, Loss: 2.373e-02, Loss_res: 4.261e-03,  Loss_bcs: 1.734e-04, Loss_ut_ics: 9.644e-05, Loss_norm: 4.724e-07, Loss_gauge: 0.000e+00, w_pde: 1.00e+00, L^2_error: 3.434e-02, lr: 1.000e-03, Time: 2.21e+01
INFO:src.utils.logger:Model state saved to results\ho\Classical\20260501-152626_seed0_bf_ho_2-64-64-64-2_seed13\checkpoints\2026-05-01_15-26-34-175992_ho_Classical_seed13\model.pth
INFO:src.utils.logger:Model weights saved to results\ho\Classical\20260501-152626_seed0_bf_ho_2-64-64-64-2_seed13\checkpoints\2026-05-01_15-26-34-175992_ho_Classical_seed13\model_weights.pth
INFO:src.utils.logger:It: 660, Loss: 2.342e-02, Loss_res: 4.141e-03,  Loss_bcs: 1.677e-04, Loss_ut_ics: 9.552e-05, Loss_norm: 5.411e-07, Loss_gauge: 0.000e+00, w_pde: 1.00e+00, L^2_error: 3.396e-02, lr: 1.000e-03, Time: 2.24e+01
INFO:src.utils.logger:Model state saved to results\ho\Classical\20260501-152626_seed0_bf_ho_2-64-64-64-2_seed13\checkpoints\2026-05-01_15-26-34-175992_ho_Classical_seed13\model.pth
INFO:src.utils.logger:Model weights saved to results\ho\Classical\20260501-152626_seed0_bf_ho_2-64-64-64-2_seed13\checkpoints\2026-05-01_15-26-34-175992_ho_Classical_seed13\model_weights.pth
INFO:src.utils.logger:It: 670, Loss: 2.362e-02, Loss_res: 4.504e-03,  Loss_bcs: 1.689e-04, Loss_ut_ics: 9.472e-05, Loss_norm: 5.842e-07, Loss_gauge: 0.000e+00, w_pde: 1.00e+00, L^2_error: 3.359e-02, lr: 1.000e-03, Time: 2.28e+01
INFO:src.utils.logger:Model state saved to results\ho\Classical\20260501-152626_seed0_bf_ho_2-64-64-64-2_seed13\checkpoints\2026-05-01_15-26-34-175992_ho_Classical_seed13\model.pth
INFO:src.utils.logger:Model weights saved to results\ho\Classical\20260501-152626_seed0_bf_ho_2-64-64-64-2_seed13\checkpoints\2026-05-01_15-26-34-175992_ho_Classical_seed13\model_weights.pth
INFO:src.utils.logger:It: 680, Loss: 2.329e-02, Loss_res: 4.345e-03,  Loss_bcs: 1.626e-04, Loss_ut_ics: 9.389e-05, Loss_norm: 4.400e-07, Loss_gauge: 0.000e+00, w_pde: 1.00e+00, L^2_error: 3.320e-02, lr: 1.000e-03, Time: 2.31e+01
INFO:src.utils.logger:Model state saved to results\ho\Classical\20260501-152626_seed0_bf_ho_2-64-64-64-2_seed13\checkpoints\2026-05-01_15-26-34-175992_ho_Classical_seed13\model.pth
INFO:src.utils.logger:Model weights saved to results\ho\Classical\20260501-152626_seed0_bf_ho_2-64-64-64-2_seed13\checkpoints\2026-05-01_15-26-34-175992_ho_Classical_seed13\model_weights.pth
INFO:src.utils.logger:It: 690, Loss: 2.296e-02, Loss_res: 4.166e-03,  Loss_bcs: 1.608e-04, Loss_ut_ics: 9.314e-05, Loss_norm: 4.877e-07, Loss_gauge: 0.000e+00, w_pde: 1.00e+00, L^2_error: 3.284e-02, lr: 1.000e-03, Time: 2.35e+01
INFO:src.utils.logger:Model state saved to results\ho\Classical\20260501-152626_seed0_bf_ho_2-64-64-64-2_seed13\checkpoints\2026-05-01_15-26-34-175992_ho_Classical_seed13\model.pth
INFO:src.utils.logger:Model weights saved to results\ho\Classical\20260501-152626_seed0_bf_ho_2-64-64-64-2_seed13\checkpoints\2026-05-01_15-26-34-175992_ho_Classical_seed13\model_weights.pth
INFO:src.utils.logger:It: 700, Loss: 2.247e-02, Loss_res: 3.873e-03,  Loss_bcs: 1.615e-04, Loss_ut_ics: 9.214e-05, Loss_norm: 6.964e-07, Loss_gauge: 0.000e+00, w_pde: 1.00e+00, L^2_error: 3.253e-02, lr: 1.000e-03, Time: 2.38e+01
INFO:src.utils.logger:Model state saved to results\ho\Classical\20260501-152626_seed0_bf_ho_2-64-64-64-2_seed13\checkpoints\2026-05-01_15-26-34-175992_ho_Classical_seed13\model.pth
INFO:src.utils.logger:Model weights saved to results\ho\Classical\20260501-152626_seed0_bf_ho_2-64-64-64-2_seed13\checkpoints\2026-05-01_15-26-34-175992_ho_Classical_seed13\model_weights.pth
INFO:src.utils.logger:It: 710, Loss: 2.211e-02, Loss_res: 3.689e-03,  Loss_bcs: 1.568e-04, Loss_ut_ics: 9.131e-05, Loss_norm: 6.900e-07, Loss_gauge: 0.000e+00, w_pde: 1.00e+00, L^2_error: 3.221e-02, lr: 1.000e-03, Time: 2.41e+01
INFO:src.utils.logger:Model state saved to results\ho\Classical\20260501-152626_seed0_bf_ho_2-64-64-64-2_seed13\checkpoints\2026-05-01_15-26-34-175992_ho_Classical_seed13\model.pth
INFO:src.utils.logger:Model weights saved to results\ho\Classical\20260501-152626_seed0_bf_ho_2-64-64-64-2_seed13\checkpoints\2026-05-01_15-26-34-175992_ho_Classical_seed13\model_weights.pth
INFO:src.utils.logger:It: 720, Loss: 2.248e-02, Loss_res: 4.193e-03,  Loss_bcs: 1.568e-04, Loss_ut_ics: 9.063e-05, Loss_norm: 4.083e-07, Loss_gauge: 0.000e+00, w_pde: 1.00e+00, L^2_error: 3.189e-02, lr: 1.000e-03, Time: 2.45e+01
INFO:src.utils.logger:Model state saved to results\ho\Classical\20260501-152626_seed0_bf_ho_2-64-64-64-2_seed13\checkpoints\2026-05-01_15-26-34-175992_ho_Classical_seed13\model.pth
INFO:src.utils.logger:Model weights saved to results\ho\Classical\20260501-152626_seed0_bf_ho_2-64-64-64-2_seed13\checkpoints\2026-05-01_15-26-34-175992_ho_Classical_seed13\model_weights.pth
INFO:src.utils.logger:It: 730, Loss: 2.224e-02, Loss_res: 4.107e-03,  Loss_bcs: 1.522e-04, Loss_ut_ics: 8.990e-05, Loss_norm: 3.867e-07, Loss_gauge: 0.000e+00, w_pde: 1.00e+00, L^2_error: 3.157e-02, lr: 1.000e-03, Time: 2.48e+01
INFO:src.utils.logger:Model state saved to results\ho\Classical\20260501-152626_seed0_bf_ho_2-64-64-64-2_seed13\checkpoints\2026-05-01_15-26-34-175992_ho_Classical_seed13\model.pth
INFO:src.utils.logger:Model weights saved to results\ho\Classical\20260501-152626_seed0_bf_ho_2-64-64-64-2_seed13\checkpoints\2026-05-01_15-26-34-175992_ho_Classical_seed13\model_weights.pth
INFO:src.utils.logger:It: 740, Loss: 2.159e-02, Loss_res: 3.633e-03,  Loss_bcs: 1.495e-04, Loss_ut_ics: 8.901e-05, Loss_norm: 4.078e-07, Loss_gauge: 0.000e+00, w_pde: 1.00e+00, L^2_error: 3.116e-02, lr: 1.000e-03, Time: 2.51e+01
INFO:src.utils.logger:Model state saved to results\ho\Classical\20260501-152626_seed0_bf_ho_2-64-64-64-2_seed13\checkpoints\2026-05-01_15-26-34-175992_ho_Classical_seed13\model.pth
INFO:src.utils.logger:Model weights saved to results\ho\Classical\20260501-152626_seed0_bf_ho_2-64-64-64-2_seed13\checkpoints\2026-05-01_15-26-34-175992_ho_Classical_seed13\model_weights.pth
INFO:src.utils.logger:It: 750, Loss: 2.142e-02, Loss_res: 3.630e-03,  Loss_bcs: 1.484e-04, Loss_ut_ics: 8.821e-05, Loss_norm: 2.503e-07, Loss_gauge: 0.000e+00, w_pde: 1.00e+00, L^2_error: 3.083e-02, lr: 1.000e-03, Time: 2.55e+01
INFO:src.utils.logger:Model state saved to results\ho\Classical\20260501-152626_seed0_bf_ho_2-64-64-64-2_seed13\checkpoints\2026-05-01_15-26-34-175992_ho_Classical_seed13\model.pth
INFO:src.utils.logger:Model weights saved to results\ho\Classical\20260501-152626_seed0_bf_ho_2-64-64-64-2_seed13\checkpoints\2026-05-01_15-26-34-175992_ho_Classical_seed13\model_weights.pth
INFO:src.utils.logger:It: 760, Loss: 2.117e-02, Loss_res: 3.469e-03,  Loss_bcs: 1.438e-04, Loss_ut_ics: 8.777e-05, Loss_norm: 2.141e-07, Loss_gauge: 0.000e+00, w_pde: 1.00e+00, L^2_error: 3.055e-02, lr: 1.000e-03, Time: 2.58e+01
INFO:src.utils.logger:Model state saved to results\ho\Classical\20260501-152626_seed0_bf_ho_2-64-64-64-2_seed13\checkpoints\2026-05-01_15-26-34-175992_ho_Classical_seed13\model.pth
INFO:src.utils.logger:Model weights saved to results\ho\Classical\20260501-152626_seed0_bf_ho_2-64-64-64-2_seed13\checkpoints\2026-05-01_15-26-34-175992_ho_Classical_seed13\model_weights.pth
INFO:src.utils.logger:It: 770, Loss: 2.094e-02, Loss_res: 3.467e-03,  Loss_bcs: 1.455e-04, Loss_ut_ics: 8.664e-05, Loss_norm: 2.470e-07, Loss_gauge: 0.000e+00, w_pde: 1.00e+00, L^2_error: 3.022e-02, lr: 1.000e-03, Time: 2.61e+01
INFO:src.utils.logger:Model state saved to results\ho\Classical\20260501-152626_seed0_bf_ho_2-64-64-64-2_seed13\checkpoints\2026-05-01_15-26-34-175992_ho_Classical_seed13\model.pth
INFO:src.utils.logger:Model weights saved to results\ho\Classical\20260501-152626_seed0_bf_ho_2-64-64-64-2_seed13\checkpoints\2026-05-01_15-26-34-175992_ho_Classical_seed13\model_weights.pth
INFO:src.utils.logger:It: 780, Loss: 2.055e-02, Loss_res: 3.236e-03,  Loss_bcs: 1.411e-04, Loss_ut_ics: 8.584e-05, Loss_norm: 5.418e-07, Loss_gauge: 0.000e+00, w_pde: 1.00e+00, L^2_error: 2.995e-02, lr: 1.000e-03, Time: 2.64e+01
INFO:src.utils.logger:Model state saved to results\ho\Classical\20260501-152626_seed0_bf_ho_2-64-64-64-2_seed13\checkpoints\2026-05-01_15-26-34-175992_ho_Classical_seed13\model.pth
INFO:src.utils.logger:Model weights saved to results\ho\Classical\20260501-152626_seed0_bf_ho_2-64-64-64-2_seed13\checkpoints\2026-05-01_15-26-34-175992_ho_Classical_seed13\model_weights.pth
INFO:src.utils.logger:It: 790, Loss: 2.024e-02, Loss_res: 3.088e-03,  Loss_bcs: 1.413e-04, Loss_ut_ics: 8.505e-05, Loss_norm: 4.044e-07, Loss_gauge: 0.000e+00, w_pde: 1.00e+00, L^2_error: 2.964e-02, lr: 1.000e-03, Time: 2.68e+01
INFO:src.utils.logger:Model state saved to results\ho\Classical\20260501-152626_seed0_bf_ho_2-64-64-64-2_seed13\checkpoints\2026-05-01_15-26-34-175992_ho_Classical_seed13\model.pth
INFO:src.utils.logger:Model weights saved to results\ho\Classical\20260501-152626_seed0_bf_ho_2-64-64-64-2_seed13\checkpoints\2026-05-01_15-26-34-175992_ho_Classical_seed13\model_weights.pth
INFO:src.utils.logger:It: 800, Loss: 2.031e-02, Loss_res: 3.311e-03,  Loss_bcs: 1.404e-04, Loss_ut_ics: 8.429e-05, Loss_norm: 4.326e-07, Loss_gauge: 0.000e+00, w_pde: 1.00e+00, L^2_error: 2.940e-02, lr: 1.000e-03, Time: 2.71e+01
INFO:src.utils.logger:Model state saved to results\ho\Classical\20260501-152626_seed0_bf_ho_2-64-64-64-2_seed13\checkpoints\2026-05-01_15-26-34-175992_ho_Classical_seed13\model.pth
INFO:src.utils.logger:Model weights saved to results\ho\Classical\20260501-152626_seed0_bf_ho_2-64-64-64-2_seed13\checkpoints\2026-05-01_15-26-34-175992_ho_Classical_seed13\model_weights.pth
INFO:src.utils.logger:It: 810, Loss: 2.000e-02, Loss_res: 3.136e-03,  Loss_bcs: 1.389e-04, Loss_ut_ics: 8.364e-05, Loss_norm: 3.594e-07, Loss_gauge: 0.000e+00, w_pde: 1.00e+00, L^2_error: 2.908e-02, lr: 1.000e-03, Time: 2.74e+01
INFO:src.utils.logger:Model state saved to results\ho\Classical\20260501-152626_seed0_bf_ho_2-64-64-64-2_seed13\checkpoints\2026-05-01_15-26-34-175992_ho_Classical_seed13\model.pth
INFO:src.utils.logger:Model weights saved to results\ho\Classical\20260501-152626_seed0_bf_ho_2-64-64-64-2_seed13\checkpoints\2026-05-01_15-26-34-175992_ho_Classical_seed13\model_weights.pth
INFO:src.utils.logger:It: 820, Loss: 1.990e-02, Loss_res: 3.197e-03,  Loss_bcs: 1.363e-04, Loss_ut_ics: 8.283e-05, Loss_norm: 2.826e-07, Loss_gauge: 0.000e+00, w_pde: 1.00e+00, L^2_error: 2.880e-02, lr: 1.000e-03, Time: 2.78e+01
INFO:src.utils.logger:Model state saved to results\ho\Classical\20260501-152626_seed0_bf_ho_2-64-64-64-2_seed13\checkpoints\2026-05-01_15-26-34-175992_ho_Classical_seed13\model.pth
INFO:src.utils.logger:Model weights saved to results\ho\Classical\20260501-152626_seed0_bf_ho_2-64-64-64-2_seed13\checkpoints\2026-05-01_15-26-34-175992_ho_Classical_seed13\model_weights.pth
INFO:src.utils.logger:It: 830, Loss: 1.960e-02, Loss_res: 3.050e-03,  Loss_bcs: 1.326e-04, Loss_ut_ics: 8.207e-05, Loss_norm: 3.204e-07, Loss_gauge: 0.000e+00, w_pde: 1.00e+00, L^2_error: 2.856e-02, lr: 1.000e-03, Time: 2.81e+01
INFO:src.utils.logger:Model state saved to results\ho\Classical\20260501-152626_seed0_bf_ho_2-64-64-64-2_seed13\checkpoints\2026-05-01_15-26-34-175992_ho_Classical_seed13\model.pth
INFO:src.utils.logger:Model weights saved to results\ho\Classical\20260501-152626_seed0_bf_ho_2-64-64-64-2_seed13\checkpoints\2026-05-01_15-26-34-175992_ho_Classical_seed13\model_weights.pth
INFO:src.utils.logger:It: 840, Loss: 1.975e-02, Loss_res: 3.311e-03,  Loss_bcs: 1.312e-04, Loss_ut_ics: 8.154e-05, Loss_norm: 5.548e-07, Loss_gauge: 0.000e+00, w_pde: 1.00e+00, L^2_error: 2.830e-02, lr: 1.000e-03, Time: 2.84e+01
INFO:src.utils.logger:Model state saved to results\ho\Classical\20260501-152626_seed0_bf_ho_2-64-64-64-2_seed13\checkpoints\2026-05-01_15-26-34-175992_ho_Classical_seed13\model.pth
INFO:src.utils.logger:Model weights saved to results\ho\Classical\20260501-152626_seed0_bf_ho_2-64-64-64-2_seed13\checkpoints\2026-05-01_15-26-34-175992_ho_Classical_seed13\model_weights.pth
INFO:src.utils.logger:It: 850, Loss: 1.931e-02, Loss_res: 3.017e-03,  Loss_bcs: 1.306e-04, Loss_ut_ics: 8.078e-05, Loss_norm: 3.167e-07, Loss_gauge: 0.000e+00, w_pde: 1.00e+00, L^2_error: 2.807e-02, lr: 1.000e-03, Time: 2.88e+01
INFO:src.utils.logger:Model state saved to results\ho\Classical\20260501-152626_seed0_bf_ho_2-64-64-64-2_seed13\checkpoints\2026-05-01_15-26-34-175992_ho_Classical_seed13\model.pth
INFO:src.utils.logger:Model weights saved to results\ho\Classical\20260501-152626_seed0_bf_ho_2-64-64-64-2_seed13\checkpoints\2026-05-01_15-26-34-175992_ho_Classical_seed13\model_weights.pth
INFO:src.utils.logger:It: 860, Loss: 1.914e-02, Loss_res: 2.997e-03,  Loss_bcs: 1.269e-04, Loss_ut_ics: 8.009e-05, Loss_norm: 2.643e-07, Loss_gauge: 0.000e+00, w_pde: 1.00e+00, L^2_error: 2.781e-02, lr: 1.000e-03, Time: 2.92e+01
INFO:src.utils.logger:Model state saved to results\ho\Classical\20260501-152626_seed0_bf_ho_2-64-64-64-2_seed13\checkpoints\2026-05-01_15-26-34-175992_ho_Classical_seed13\model.pth
INFO:src.utils.logger:Model weights saved to results\ho\Classical\20260501-152626_seed0_bf_ho_2-64-64-64-2_seed13\checkpoints\2026-05-01_15-26-34-175992_ho_Classical_seed13\model_weights.pth
INFO:src.utils.logger:It: 870, Loss: 1.869e-02, Loss_res: 2.729e-03,  Loss_bcs: 1.245e-04, Loss_ut_ics: 7.919e-05, Loss_norm: 3.084e-07, Loss_gauge: 0.000e+00, w_pde: 1.00e+00, L^2_error: 2.759e-02, lr: 1.000e-03, Time: 2.96e+01
INFO:src.utils.logger:Model state saved to results\ho\Classical\20260501-152626_seed0_bf_ho_2-64-64-64-2_seed13\checkpoints\2026-05-01_15-26-34-175992_ho_Classical_seed13\model.pth
INFO:src.utils.logger:Model weights saved to results\ho\Classical\20260501-152626_seed0_bf_ho_2-64-64-64-2_seed13\checkpoints\2026-05-01_15-26-34-175992_ho_Classical_seed13\model_weights.pth
INFO:src.utils.logger:It: 880, Loss: 1.876e-02, Loss_res: 2.937e-03,  Loss_bcs: 1.235e-04, Loss_ut_ics: 7.847e-05, Loss_norm: 3.154e-07, Loss_gauge: 0.000e+00, w_pde: 1.00e+00, L^2_error: 2.740e-02, lr: 1.000e-03, Time: 2.99e+01
INFO:src.utils.logger:Model state saved to results\ho\Classical\20260501-152626_seed0_bf_ho_2-64-64-64-2_seed13\checkpoints\2026-05-01_15-26-34-175992_ho_Classical_seed13\model.pth
INFO:src.utils.logger:Model weights saved to results\ho\Classical\20260501-152626_seed0_bf_ho_2-64-64-64-2_seed13\checkpoints\2026-05-01_15-26-34-175992_ho_Classical_seed13\model_weights.pth
INFO:src.utils.logger:It: 890, Loss: 1.837e-02, Loss_res: 2.686e-03,  Loss_bcs: 1.208e-04, Loss_ut_ics: 7.779e-05, Loss_norm: 4.379e-07, Loss_gauge: 0.000e+00, w_pde: 1.00e+00, L^2_error: 2.718e-02, lr: 1.000e-03, Time: 3.02e+01
INFO:src.utils.logger:Model state saved to results\ho\Classical\20260501-152626_seed0_bf_ho_2-64-64-64-2_seed13\checkpoints\2026-05-01_15-26-34-175992_ho_Classical_seed13\model.pth
INFO:src.utils.logger:Model weights saved to results\ho\Classical\20260501-152626_seed0_bf_ho_2-64-64-64-2_seed13\checkpoints\2026-05-01_15-26-34-175992_ho_Classical_seed13\model_weights.pth
INFO:src.utils.logger:It: 900, Loss: 1.834e-02, Loss_res: 2.782e-03,  Loss_bcs: 1.206e-04, Loss_ut_ics: 7.717e-05, Loss_norm: 4.979e-07, Loss_gauge: 0.000e+00, w_pde: 1.00e+00, L^2_error: 2.688e-02, lr: 1.000e-03, Time: 3.05e+01
INFO:src.utils.logger:Model state saved to results\ho\Classical\20260501-152626_seed0_bf_ho_2-64-64-64-2_seed13\checkpoints\2026-05-01_15-26-34-175992_ho_Classical_seed13\model.pth
INFO:src.utils.logger:Model weights saved to results\ho\Classical\20260501-152626_seed0_bf_ho_2-64-64-64-2_seed13\checkpoints\2026-05-01_15-26-34-175992_ho_Classical_seed13\model_weights.pth
INFO:src.utils.logger:It: 910, Loss: 1.843e-02, Loss_res: 3.025e-03,  Loss_bcs: 1.183e-04, Loss_ut_ics: 7.643e-05, Loss_norm: 2.508e-07, Loss_gauge: 0.000e+00, w_pde: 1.00e+00, L^2_error: 2.661e-02, lr: 1.000e-03, Time: 3.09e+01
INFO:src.utils.logger:Model state saved to results\ho\Classical\20260501-152626_seed0_bf_ho_2-64-64-64-2_seed13\checkpoints\2026-05-01_15-26-34-175992_ho_Classical_seed13\model.pth
INFO:src.utils.logger:Model weights saved to results\ho\Classical\20260501-152626_seed0_bf_ho_2-64-64-64-2_seed13\checkpoints\2026-05-01_15-26-34-175992_ho_Classical_seed13\model_weights.pth
INFO:src.utils.logger:It: 920, Loss: 1.788e-02, Loss_res: 2.566e-03,  Loss_bcs: 1.171e-04, Loss_ut_ics: 7.598e-05, Loss_norm: 2.617e-07, Loss_gauge: 0.000e+00, w_pde: 1.00e+00, L^2_error: 2.659e-02, lr: 1.000e-03, Time: 3.13e+01
INFO:src.utils.logger:Model state saved to results\ho\Classical\20260501-152626_seed0_bf_ho_2-64-64-64-2_seed13\checkpoints\2026-05-01_15-26-34-175992_ho_Classical_seed13\model.pth
INFO:src.utils.logger:Model weights saved to results\ho\Classical\20260501-152626_seed0_bf_ho_2-64-64-64-2_seed13\checkpoints\2026-05-01_15-26-34-175992_ho_Classical_seed13\model_weights.pth
INFO:src.utils.logger:It: 930, Loss: 1.781e-02, Loss_res: 2.682e-03,  Loss_bcs: 1.150e-04, Loss_ut_ics: 7.508e-05, Loss_norm: 2.141e-07, Loss_gauge: 0.000e+00, w_pde: 1.00e+00, L^2_error: 2.633e-02, lr: 1.000e-03, Time: 3.17e+01
INFO:src.utils.logger:Model state saved to results\ho\Classical\20260501-152626_seed0_bf_ho_2-64-64-64-2_seed13\checkpoints\2026-05-01_15-26-34-175992_ho_Classical_seed13\model.pth
INFO:src.utils.logger:Model weights saved to results\ho\Classical\20260501-152626_seed0_bf_ho_2-64-64-64-2_seed13\checkpoints\2026-05-01_15-26-34-175992_ho_Classical_seed13\model_weights.pth
INFO:src.utils.logger:It: 940, Loss: 1.790e-02, Loss_res: 2.895e-03,  Loss_bcs: 1.149e-04, Loss_ut_ics: 7.446e-05, Loss_norm: 1.609e-07, Loss_gauge: 0.000e+00, w_pde: 1.00e+00, L^2_error: 2.604e-02, lr: 1.000e-03, Time: 3.21e+01
INFO:src.utils.logger:Model state saved to results\ho\Classical\20260501-152626_seed0_bf_ho_2-64-64-64-2_seed13\checkpoints\2026-05-01_15-26-34-175992_ho_Classical_seed13\model.pth
INFO:src.utils.logger:Model weights saved to results\ho\Classical\20260501-152626_seed0_bf_ho_2-64-64-64-2_seed13\checkpoints\2026-05-01_15-26-34-175992_ho_Classical_seed13\model_weights.pth
INFO:src.utils.logger:It: 950, Loss: 1.739e-02, Loss_res: 2.523e-03,  Loss_bcs: 1.111e-04, Loss_ut_ics: 7.376e-05, Loss_norm: 2.969e-07, Loss_gauge: 0.000e+00, w_pde: 1.00e+00, L^2_error: 2.584e-02, lr: 1.000e-03, Time: 3.24e+01
INFO:src.utils.logger:Model state saved to results\ho\Classical\20260501-152626_seed0_bf_ho_2-64-64-64-2_seed13\checkpoints\2026-05-01_15-26-34-175992_ho_Classical_seed13\model.pth
INFO:src.utils.logger:Model weights saved to results\ho\Classical\20260501-152626_seed0_bf_ho_2-64-64-64-2_seed13\checkpoints\2026-05-01_15-26-34-175992_ho_Classical_seed13\model_weights.pth
INFO:src.utils.logger:It: 960, Loss: 1.705e-02, Loss_res: 2.311e-03,  Loss_bcs: 1.108e-04, Loss_ut_ics: 7.311e-05, Loss_norm: 3.278e-07, Loss_gauge: 0.000e+00, w_pde: 1.00e+00, L^2_error: 2.571e-02, lr: 1.000e-03, Time: 3.28e+01
INFO:src.utils.logger:Model state saved to results\ho\Classical\20260501-152626_seed0_bf_ho_2-64-64-64-2_seed13\checkpoints\2026-05-01_15-26-34-175992_ho_Classical_seed13\model.pth
INFO:src.utils.logger:Model weights saved to results\ho\Classical\20260501-152626_seed0_bf_ho_2-64-64-64-2_seed13\checkpoints\2026-05-01_15-26-34-175992_ho_Classical_seed13\model_weights.pth
INFO:src.utils.logger:It: 970, Loss: 1.718e-02, Loss_res: 2.584e-03,  Loss_bcs: 1.091e-04, Loss_ut_ics: 7.244e-05, Loss_norm: 3.552e-07, Loss_gauge: 0.000e+00, w_pde: 1.00e+00, L^2_error: 2.558e-02, lr: 1.000e-03, Time: 3.31e+01
INFO:src.utils.logger:Model state saved to results\ho\Classical\20260501-152626_seed0_bf_ho_2-64-64-64-2_seed13\checkpoints\2026-05-01_15-26-34-175992_ho_Classical_seed13\model.pth
INFO:src.utils.logger:Model weights saved to results\ho\Classical\20260501-152626_seed0_bf_ho_2-64-64-64-2_seed13\checkpoints\2026-05-01_15-26-34-175992_ho_Classical_seed13\model_weights.pth
INFO:src.utils.logger:It: 980, Loss: 1.673e-02, Loss_res: 2.229e-03,  Loss_bcs: 1.072e-04, Loss_ut_ics: 7.195e-05, Loss_norm: 1.027e-07, Loss_gauge: 0.000e+00, w_pde: 1.00e+00, L^2_error: 2.524e-02, lr: 1.000e-03, Time: 3.34e+01
INFO:src.utils.logger:Model state saved to results\ho\Classical\20260501-152626_seed0_bf_ho_2-64-64-64-2_seed13\checkpoints\2026-05-01_15-26-34-175992_ho_Classical_seed13\model.pth
INFO:src.utils.logger:Model weights saved to results\ho\Classical\20260501-152626_seed0_bf_ho_2-64-64-64-2_seed13\checkpoints\2026-05-01_15-26-34-175992_ho_Classical_seed13\model_weights.pth
INFO:src.utils.logger:It: 990, Loss: 1.656e-02, Loss_res: 2.226e-03,  Loss_bcs: 1.058e-04, Loss_ut_ics: 7.115e-05, Loss_norm: 2.527e-07, Loss_gauge: 0.000e+00, w_pde: 1.00e+00, L^2_error: 2.510e-02, lr: 1.000e-03, Time: 3.38e+01
INFO:src.utils.logger:Model state saved to results\ho\Classical\20260501-152626_seed0_bf_ho_2-64-64-64-2_seed13\checkpoints\2026-05-01_15-26-34-175992_ho_Classical_seed13\model.pth
INFO:src.utils.logger:Model weights saved to results\ho\Classical\20260501-152626_seed0_bf_ho_2-64-64-64-2_seed13\checkpoints\2026-05-01_15-26-34-175992_ho_Classical_seed13\model_weights.pth
INFO:src.utils.logger:It: 1000, Loss: 1.683e-02, Loss_res: 2.622e-03,  Loss_bcs: 1.053e-04, Loss_ut_ics: 7.050e-05, Loss_norm: 1.986e-07, Loss_gauge: 0.000e+00, w_pde: 1.00e+00, L^2_error: 2.499e-02, lr: 1.000e-03, Time: 3.41e+01
INFO:src.utils.logger:Model state saved to results\ho\Classical\20260501-152626_seed0_bf_ho_2-64-64-64-2_seed13\checkpoints\2026-05-01_15-26-34-175992_ho_Classical_seed13\model.pth
INFO:src.utils.logger:Model weights saved to results\ho\Classical\20260501-152626_seed0_bf_ho_2-64-64-64-2_seed13\checkpoints\2026-05-01_15-26-34-175992_ho_Classical_seed13\model_weights.pth
INFO:src.utils.logger:It: 1010, Loss: 1.646e-02, Loss_res: 2.385e-03,  Loss_bcs: 1.037e-04, Loss_ut_ics: 6.987e-05, Loss_norm: 1.581e-07, Loss_gauge: 0.000e+00, w_pde: 1.00e+00, L^2_error: 2.477e-02, lr: 1.000e-03, Time: 3.44e+01
INFO:src.utils.logger:Model state saved to results\ho\Classical\20260501-152626_seed0_bf_ho_2-64-64-64-2_seed13\checkpoints\2026-05-01_15-26-34-175992_ho_Classical_seed13\model.pth
INFO:src.utils.logger:Model weights saved to results\ho\Classical\20260501-152626_seed0_bf_ho_2-64-64-64-2_seed13\checkpoints\2026-05-01_15-26-34-175992_ho_Classical_seed13\model_weights.pth
INFO:src.utils.logger:It: 1020, Loss: 1.629e-02, Loss_res: 2.335e-03,  Loss_bcs: 1.031e-04, Loss_ut_ics: 6.926e-05, Loss_norm: 2.892e-07, Loss_gauge: 0.000e+00, w_pde: 1.00e+00, L^2_error: 2.458e-02, lr: 1.000e-03, Time: 3.47e+01
INFO:src.utils.logger:Model state saved to results\ho\Classical\20260501-152626_seed0_bf_ho_2-64-64-64-2_seed13\checkpoints\2026-05-01_15-26-34-175992_ho_Classical_seed13\model.pth
INFO:src.utils.logger:Model weights saved to results\ho\Classical\20260501-152626_seed0_bf_ho_2-64-64-64-2_seed13\checkpoints\2026-05-01_15-26-34-175992_ho_Classical_seed13\model_weights.pth
INFO:src.utils.logger:It: 1030, Loss: 1.607e-02, Loss_res: 2.242e-03,  Loss_bcs: 1.020e-04, Loss_ut_ics: 6.862e-05, Loss_norm: 1.718e-07, Loss_gauge: 0.000e+00, w_pde: 1.00e+00, L^2_error: 2.438e-02, lr: 1.000e-03, Time: 3.51e+01
INFO:src.utils.logger:Model state saved to results\ho\Classical\20260501-152626_seed0_bf_ho_2-64-64-64-2_seed13\checkpoints\2026-05-01_15-26-34-175992_ho_Classical_seed13\model.pth
INFO:src.utils.logger:Model weights saved to results\ho\Classical\20260501-152626_seed0_bf_ho_2-64-64-64-2_seed13\checkpoints\2026-05-01_15-26-34-175992_ho_Classical_seed13\model_weights.pth
INFO:src.utils.logger:It: 1040, Loss: 1.611e-02, Loss_res: 2.405e-03,  Loss_bcs: 1.003e-04, Loss_ut_ics: 6.803e-05, Loss_norm: 1.795e-07, Loss_gauge: 0.000e+00, w_pde: 1.00e+00, L^2_error: 2.428e-02, lr: 1.000e-03, Time: 3.54e+01
INFO:src.utils.logger:Model state saved to results\ho\Classical\20260501-152626_seed0_bf_ho_2-64-64-64-2_seed13\checkpoints\2026-05-01_15-26-34-175992_ho_Classical_seed13\model.pth
INFO:src.utils.logger:Model weights saved to results\ho\Classical\20260501-152626_seed0_bf_ho_2-64-64-64-2_seed13\checkpoints\2026-05-01_15-26-34-175992_ho_Classical_seed13\model_weights.pth
INFO:src.utils.logger:It: 1050, Loss: 1.581e-02, Loss_res: 2.206e-03,  Loss_bcs: 9.703e-05, Loss_ut_ics: 6.754e-05, Loss_norm: 2.158e-07, Loss_gauge: 0.000e+00, w_pde: 1.00e+00, L^2_error: 2.412e-02, lr: 1.000e-03, Time: 3.57e+01
INFO:src.utils.logger:Model state saved to results\ho\Classical\20260501-152626_seed0_bf_ho_2-64-64-64-2_seed13\checkpoints\2026-05-01_15-26-34-175992_ho_Classical_seed13\model.pth
INFO:src.utils.logger:Model weights saved to results\ho\Classical\20260501-152626_seed0_bf_ho_2-64-64-64-2_seed13\checkpoints\2026-05-01_15-26-34-175992_ho_Classical_seed13\model_weights.pth
INFO:src.utils.logger:It: 1060, Loss: 1.567e-02, Loss_res: 2.171e-03,  Loss_bcs: 9.826e-05, Loss_ut_ics: 6.701e-05, Loss_norm: 1.854e-07, Loss_gauge: 0.000e+00, w_pde: 1.00e+00, L^2_error: 2.389e-02, lr: 1.000e-03, Time: 3.61e+01
INFO:src.utils.logger:Model state saved to results\ho\Classical\20260501-152626_seed0_bf_ho_2-64-64-64-2_seed13\checkpoints\2026-05-01_15-26-34-175992_ho_Classical_seed13\model.pth
INFO:src.utils.logger:Model weights saved to results\ho\Classical\20260501-152626_seed0_bf_ho_2-64-64-64-2_seed13\checkpoints\2026-05-01_15-26-34-175992_ho_Classical_seed13\model_weights.pth
INFO:src.utils.logger:It: 1070, Loss: 1.553e-02, Loss_res: 2.166e-03,  Loss_bcs: 9.580e-05, Loss_ut_ics: 6.631e-05, Loss_norm: 1.684e-07, Loss_gauge: 0.000e+00, w_pde: 1.00e+00, L^2_error: 2.379e-02, lr: 1.000e-03, Time: 3.64e+01
INFO:src.utils.logger:Model state saved to results\ho\Classical\20260501-152626_seed0_bf_ho_2-64-64-64-2_seed13\checkpoints\2026-05-01_15-26-34-175992_ho_Classical_seed13\model.pth
INFO:src.utils.logger:Model weights saved to results\ho\Classical\20260501-152626_seed0_bf_ho_2-64-64-64-2_seed13\checkpoints\2026-05-01_15-26-34-175992_ho_Classical_seed13\model_weights.pth
INFO:src.utils.logger:It: 1080, Loss: 1.561e-02, Loss_res: 2.386e-03,  Loss_bcs: 9.289e-05, Loss_ut_ics: 6.564e-05, Loss_norm: 2.156e-07, Loss_gauge: 0.000e+00, w_pde: 1.00e+00, L^2_error: 2.364e-02, lr: 1.000e-03, Time: 3.67e+01
INFO:src.utils.logger:Model state saved to results\ho\Classical\20260501-152626_seed0_bf_ho_2-64-64-64-2_seed13\checkpoints\2026-05-01_15-26-34-175992_ho_Classical_seed13\model.pth
INFO:src.utils.logger:Model weights saved to results\ho\Classical\20260501-152626_seed0_bf_ho_2-64-64-64-2_seed13\checkpoints\2026-05-01_15-26-34-175992_ho_Classical_seed13\model_weights.pth
INFO:src.utils.logger:It: 1090, Loss: 1.536e-02, Loss_res: 2.260e-03,  Loss_bcs: 9.243e-05, Loss_ut_ics: 6.503e-05, Loss_norm: 1.562e-07, Loss_gauge: 0.000e+00, w_pde: 1.00e+00, L^2_error: 2.346e-02, lr: 1.000e-03, Time: 3.71e+01
INFO:src.utils.logger:Model state saved to results\ho\Classical\20260501-152626_seed0_bf_ho_2-64-64-64-2_seed13\checkpoints\2026-05-01_15-26-34-175992_ho_Classical_seed13\model.pth
INFO:src.utils.logger:Model weights saved to results\ho\Classical\20260501-152626_seed0_bf_ho_2-64-64-64-2_seed13\checkpoints\2026-05-01_15-26-34-175992_ho_Classical_seed13\model_weights.pth
INFO:src.utils.logger:It: 1100, Loss: 1.540e-02, Loss_res: 2.424e-03,  Loss_bcs: 9.130e-05, Loss_ut_ics: 6.444e-05, Loss_norm: 1.081e-07, Loss_gauge: 0.000e+00, w_pde: 1.00e+00, L^2_error: 2.341e-02, lr: 1.000e-03, Time: 3.75e+01
INFO:src.utils.logger:Model state saved to results\ho\Classical\20260501-152626_seed0_bf_ho_2-64-64-64-2_seed13\checkpoints\2026-05-01_15-26-34-175992_ho_Classical_seed13\model.pth
INFO:src.utils.logger:Model weights saved to results\ho\Classical\20260501-152626_seed0_bf_ho_2-64-64-64-2_seed13\checkpoints\2026-05-01_15-26-34-175992_ho_Classical_seed13\model_weights.pth
INFO:src.utils.logger:It: 1110, Loss: 1.509e-02, Loss_res: 2.219e-03,  Loss_bcs: 9.071e-05, Loss_ut_ics: 6.391e-05, Loss_norm: 2.671e-07, Loss_gauge: 0.000e+00, w_pde: 1.00e+00, L^2_error: 2.320e-02, lr: 1.000e-03, Time: 3.79e+01
INFO:src.utils.logger:Model state saved to results\ho\Classical\20260501-152626_seed0_bf_ho_2-64-64-64-2_seed13\checkpoints\2026-05-01_15-26-34-175992_ho_Classical_seed13\model.pth
INFO:src.utils.logger:Model weights saved to results\ho\Classical\20260501-152626_seed0_bf_ho_2-64-64-64-2_seed13\checkpoints\2026-05-01_15-26-34-175992_ho_Classical_seed13\model_weights.pth
INFO:src.utils.logger:It: 1120, Loss: 1.501e-02, Loss_res: 2.262e-03,  Loss_bcs: 8.932e-05, Loss_ut_ics: 6.328e-05, Loss_norm: 1.385e-07, Loss_gauge: 0.000e+00, w_pde: 1.00e+00, L^2_error: 2.307e-02, lr: 1.000e-03, Time: 3.83e+01
INFO:src.utils.logger:Model state saved to results\ho\Classical\20260501-152626_seed0_bf_ho_2-64-64-64-2_seed13\checkpoints\2026-05-01_15-26-34-175992_ho_Classical_seed13\model.pth
INFO:src.utils.logger:Model weights saved to results\ho\Classical\20260501-152626_seed0_bf_ho_2-64-64-64-2_seed13\checkpoints\2026-05-01_15-26-34-175992_ho_Classical_seed13\model_weights.pth
INFO:src.utils.logger:It: 1130, Loss: 1.475e-02, Loss_res: 2.120e-03,  Loss_bcs: 8.833e-05, Loss_ut_ics: 6.270e-05, Loss_norm: 5.455e-08, Loss_gauge: 0.000e+00, w_pde: 1.00e+00, L^2_error: 2.289e-02, lr: 1.000e-03, Time: 3.88e+01
INFO:src.utils.logger:Model state saved to results\ho\Classical\20260501-152626_seed0_bf_ho_2-64-64-64-2_seed13\checkpoints\2026-05-01_15-26-34-175992_ho_Classical_seed13\model.pth
INFO:src.utils.logger:Model weights saved to results\ho\Classical\20260501-152626_seed0_bf_ho_2-64-64-64-2_seed13\checkpoints\2026-05-01_15-26-34-175992_ho_Classical_seed13\model_weights.pth
INFO:src.utils.logger:It: 1140, Loss: 1.458e-02, Loss_res: 2.066e-03,  Loss_bcs: 8.650e-05, Loss_ut_ics: 6.213e-05, Loss_norm: 2.217e-07, Loss_gauge: 0.000e+00, w_pde: 1.00e+00, L^2_error: 2.283e-02, lr: 1.000e-03, Time: 3.92e+01
INFO:src.utils.logger:Model state saved to results\ho\Classical\20260501-152626_seed0_bf_ho_2-64-64-64-2_seed13\checkpoints\2026-05-01_15-26-34-175992_ho_Classical_seed13\model.pth
INFO:src.utils.logger:Model weights saved to results\ho\Classical\20260501-152626_seed0_bf_ho_2-64-64-64-2_seed13\checkpoints\2026-05-01_15-26-34-175992_ho_Classical_seed13\model_weights.pth
INFO:src.utils.logger:It: 1150, Loss: 1.466e-02, Loss_res: 2.261e-03,  Loss_bcs: 8.518e-05, Loss_ut_ics: 6.154e-05, Loss_norm: 1.476e-07, Loss_gauge: 0.000e+00, w_pde: 1.00e+00, L^2_error: 2.264e-02, lr: 1.000e-03, Time: 3.96e+01
INFO:src.utils.logger:Model state saved to results\ho\Classical\20260501-152626_seed0_bf_ho_2-64-64-64-2_seed13\checkpoints\2026-05-01_15-26-34-175992_ho_Classical_seed13\model.pth
INFO:src.utils.logger:Model weights saved to results\ho\Classical\20260501-152626_seed0_bf_ho_2-64-64-64-2_seed13\checkpoints\2026-05-01_15-26-34-175992_ho_Classical_seed13\model_weights.pth
INFO:src.utils.logger:It: 1160, Loss: 1.424e-02, Loss_res: 1.959e-03,  Loss_bcs: 8.366e-05, Loss_ut_ics: 6.097e-05, Loss_norm: 1.441e-07, Loss_gauge: 0.000e+00, w_pde: 1.00e+00, L^2_error: 2.249e-02, lr: 1.000e-03, Time: 3.99e+01
INFO:src.utils.logger:Model state saved to results\ho\Classical\20260501-152626_seed0_bf_ho_2-64-64-64-2_seed13\checkpoints\2026-05-01_15-26-34-175992_ho_Classical_seed13\model.pth
INFO:src.utils.logger:Model weights saved to results\ho\Classical\20260501-152626_seed0_bf_ho_2-64-64-64-2_seed13\checkpoints\2026-05-01_15-26-34-175992_ho_Classical_seed13\model_weights.pth
INFO:src.utils.logger:It: 1170, Loss: 1.425e-02, Loss_res: 2.050e-03,  Loss_bcs: 8.263e-05, Loss_ut_ics: 6.056e-05, Loss_norm: 1.232e-07, Loss_gauge: 0.000e+00, w_pde: 1.00e+00, L^2_error: 2.240e-02, lr: 1.000e-03, Time: 4.02e+01
INFO:src.utils.logger:Model state saved to results\ho\Classical\20260501-152626_seed0_bf_ho_2-64-64-64-2_seed13\checkpoints\2026-05-01_15-26-34-175992_ho_Classical_seed13\model.pth
INFO:src.utils.logger:Model weights saved to results\ho\Classical\20260501-152626_seed0_bf_ho_2-64-64-64-2_seed13\checkpoints\2026-05-01_15-26-34-175992_ho_Classical_seed13\model_weights.pth
INFO:src.utils.logger:It: 1180, Loss: 1.405e-02, Loss_res: 1.989e-03,  Loss_bcs: 8.157e-05, Loss_ut_ics: 5.991e-05, Loss_norm: 1.515e-07, Loss_gauge: 0.000e+00, w_pde: 1.00e+00, L^2_error: 2.227e-02, lr: 1.000e-03, Time: 4.06e+01
INFO:src.utils.logger:Model state saved to results\ho\Classical\20260501-152626_seed0_bf_ho_2-64-64-64-2_seed13\checkpoints\2026-05-01_15-26-34-175992_ho_Classical_seed13\model.pth
INFO:src.utils.logger:Model weights saved to results\ho\Classical\20260501-152626_seed0_bf_ho_2-64-64-64-2_seed13\checkpoints\2026-05-01_15-26-34-175992_ho_Classical_seed13\model_weights.pth
INFO:src.utils.logger:It: 1190, Loss: 1.408e-02, Loss_res: 2.067e-03,  Loss_bcs: 8.014e-05, Loss_ut_ics: 5.967e-05, Loss_norm: 1.019e-07, Loss_gauge: 0.000e+00, w_pde: 1.00e+00, L^2_error: 2.220e-02, lr: 1.000e-03, Time: 4.09e+01
INFO:src.utils.logger:Model state saved to results\ho\Classical\20260501-152626_seed0_bf_ho_2-64-64-64-2_seed13\checkpoints\2026-05-01_15-26-34-175992_ho_Classical_seed13\model.pth
INFO:src.utils.logger:Model weights saved to results\ho\Classical\20260501-152626_seed0_bf_ho_2-64-64-64-2_seed13\checkpoints\2026-05-01_15-26-34-175992_ho_Classical_seed13\model_weights.pth
INFO:src.utils.logger:It: 1200, Loss: 1.371e-02, Loss_res: 1.860e-03,  Loss_bcs: 7.905e-05, Loss_ut_ics: 5.884e-05, Loss_norm: 2.505e-07, Loss_gauge: 0.000e+00, w_pde: 1.00e+00, L^2_error: 2.210e-02, lr: 1.000e-03, Time: 4.12e+01
INFO:src.utils.logger:Model state saved to results\ho\Classical\20260501-152626_seed0_bf_ho_2-64-64-64-2_seed13\checkpoints\2026-05-01_15-26-34-175992_ho_Classical_seed13\model.pth
INFO:src.utils.logger:Model weights saved to results\ho\Classical\20260501-152626_seed0_bf_ho_2-64-64-64-2_seed13\checkpoints\2026-05-01_15-26-34-175992_ho_Classical_seed13\model_weights.pth
INFO:src.utils.logger:It: 1210, Loss: 1.363e-02, Loss_res: 1.902e-03,  Loss_bcs: 7.753e-05, Loss_ut_ics: 5.825e-05, Loss_norm: 7.194e-08, Loss_gauge: 0.000e+00, w_pde: 1.00e+00, L^2_error: 2.202e-02, lr: 1.000e-03, Time: 4.15e+01
INFO:src.utils.logger:Model state saved to results\ho\Classical\20260501-152626_seed0_bf_ho_2-64-64-64-2_seed13\checkpoints\2026-05-01_15-26-34-175992_ho_Classical_seed13\model.pth
INFO:src.utils.logger:Model weights saved to results\ho\Classical\20260501-152626_seed0_bf_ho_2-64-64-64-2_seed13\checkpoints\2026-05-01_15-26-34-175992_ho_Classical_seed13\model_weights.pth
INFO:src.utils.logger:It: 1220, Loss: 1.356e-02, Loss_res: 1.862e-03,  Loss_bcs: 7.771e-05, Loss_ut_ics: 5.808e-05, Loss_norm: 1.582e-07, Loss_gauge: 0.000e+00, w_pde: 1.00e+00, L^2_error: 2.173e-02, lr: 1.000e-03, Time: 4.19e+01
INFO:src.utils.logger:Model state saved to results\ho\Classical\20260501-152626_seed0_bf_ho_2-64-64-64-2_seed13\checkpoints\2026-05-01_15-26-34-175992_ho_Classical_seed13\model.pth
INFO:src.utils.logger:Model weights saved to results\ho\Classical\20260501-152626_seed0_bf_ho_2-64-64-64-2_seed13\checkpoints\2026-05-01_15-26-34-175992_ho_Classical_seed13\model_weights.pth
INFO:src.utils.logger:It: 1230, Loss: 1.355e-02, Loss_res: 2.050e-03,  Loss_bcs: 7.432e-05, Loss_ut_ics: 5.712e-05, Loss_norm: 1.030e-07, Loss_gauge: 0.000e+00, w_pde: 1.00e+00, L^2_error: 2.168e-02, lr: 1.000e-03, Time: 4.23e+01
INFO:src.utils.logger:Model state saved to results\ho\Classical\20260501-152626_seed0_bf_ho_2-64-64-64-2_seed13\checkpoints\2026-05-01_15-26-34-175992_ho_Classical_seed13\model.pth
INFO:src.utils.logger:Model weights saved to results\ho\Classical\20260501-152626_seed0_bf_ho_2-64-64-64-2_seed13\checkpoints\2026-05-01_15-26-34-175992_ho_Classical_seed13\model_weights.pth
INFO:src.utils.logger:It: 1240, Loss: 1.337e-02, Loss_res: 1.949e-03,  Loss_bcs: 7.253e-05, Loss_ut_ics: 5.672e-05, Loss_norm: 1.101e-07, Loss_gauge: 0.000e+00, w_pde: 1.00e+00, L^2_error: 2.169e-02, lr: 1.000e-03, Time: 4.26e+01
INFO:src.utils.logger:Model state saved to results\ho\Classical\20260501-152626_seed0_bf_ho_2-64-64-64-2_seed13\checkpoints\2026-05-01_15-26-34-175992_ho_Classical_seed13\model.pth
INFO:src.utils.logger:Model weights saved to results\ho\Classical\20260501-152626_seed0_bf_ho_2-64-64-64-2_seed13\checkpoints\2026-05-01_15-26-34-175992_ho_Classical_seed13\model_weights.pth
INFO:src.utils.logger:It: 1250, Loss: 1.299e-02, Loss_res: 1.665e-03,  Loss_bcs: 7.334e-05, Loss_ut_ics: 5.628e-05, Loss_norm: 1.147e-07, Loss_gauge: 0.000e+00, w_pde: 1.00e+00, L^2_error: 2.137e-02, lr: 1.000e-03, Time: 4.29e+01
INFO:src.utils.logger:Model state saved to results\ho\Classical\20260501-152626_seed0_bf_ho_2-64-64-64-2_seed13\checkpoints\2026-05-01_15-26-34-175992_ho_Classical_seed13\model.pth
INFO:src.utils.logger:Model weights saved to results\ho\Classical\20260501-152626_seed0_bf_ho_2-64-64-64-2_seed13\checkpoints\2026-05-01_15-26-34-175992_ho_Classical_seed13\model_weights.pth
INFO:src.utils.logger:It: 1260, Loss: 1.307e-02, Loss_res: 1.793e-03,  Loss_bcs: 7.213e-05, Loss_ut_ics: 5.601e-05, Loss_norm: 9.362e-08, Loss_gauge: 0.000e+00, w_pde: 1.00e+00, L^2_error: 2.140e-02, lr: 1.000e-03, Time: 4.33e+01
INFO:src.utils.logger:Model state saved to results\ho\Classical\20260501-152626_seed0_bf_ho_2-64-64-64-2_seed13\checkpoints\2026-05-01_15-26-34-175992_ho_Classical_seed13\model.pth
INFO:src.utils.logger:Model weights saved to results\ho\Classical\20260501-152626_seed0_bf_ho_2-64-64-64-2_seed13\checkpoints\2026-05-01_15-26-34-175992_ho_Classical_seed13\model_weights.pth
INFO:src.utils.logger:It: 1270, Loss: 1.310e-02, Loss_res: 1.646e-03,  Loss_bcs: 7.362e-05, Loss_ut_ics: 5.691e-05, Loss_norm: 1.513e-07, Loss_gauge: 0.000e+00, w_pde: 1.00e+00, L^2_error: 2.116e-02, lr: 1.000e-03, Time: 4.36e+01
INFO:src.utils.logger:Model state saved to results\ho\Classical\20260501-152626_seed0_bf_ho_2-64-64-64-2_seed13\checkpoints\2026-05-01_15-26-34-175992_ho_Classical_seed13\model.pth
INFO:src.utils.logger:Model weights saved to results\ho\Classical\20260501-152626_seed0_bf_ho_2-64-64-64-2_seed13\checkpoints\2026-05-01_15-26-34-175992_ho_Classical_seed13\model_weights.pth
INFO:src.utils.logger:It: 1280, Loss: 1.276e-02, Loss_res: 1.800e-03,  Loss_bcs: 6.852e-05, Loss_ut_ics: 5.446e-05, Loss_norm: 7.422e-08, Loss_gauge: 0.000e+00, w_pde: 1.00e+00, L^2_error: 2.108e-02, lr: 1.000e-03, Time: 4.39e+01
INFO:src.utils.logger:Model state saved to results\ho\Classical\20260501-152626_seed0_bf_ho_2-64-64-64-2_seed13\checkpoints\2026-05-01_15-26-34-175992_ho_Classical_seed13\model.pth
INFO:src.utils.logger:Model weights saved to results\ho\Classical\20260501-152626_seed0_bf_ho_2-64-64-64-2_seed13\checkpoints\2026-05-01_15-26-34-175992_ho_Classical_seed13\model_weights.pth
INFO:src.utils.logger:It: 1290, Loss: 1.261e-02, Loss_res: 1.696e-03,  Loss_bcs: 6.832e-05, Loss_ut_ics: 5.423e-05, Loss_norm: 1.176e-07, Loss_gauge: 0.000e+00, w_pde: 1.00e+00, L^2_error: 2.112e-02, lr: 1.000e-03, Time: 4.43e+01
INFO:src.utils.logger:Model state saved to results\ho\Classical\20260501-152626_seed0_bf_ho_2-64-64-64-2_seed13\checkpoints\2026-05-01_15-26-34-175992_ho_Classical_seed13\model.pth
INFO:src.utils.logger:Model weights saved to results\ho\Classical\20260501-152626_seed0_bf_ho_2-64-64-64-2_seed13\checkpoints\2026-05-01_15-26-34-175992_ho_Classical_seed13\model_weights.pth
INFO:src.utils.logger:It: 1300, Loss: 1.277e-02, Loss_res: 1.825e-03,  Loss_bcs: 6.789e-05, Loss_ut_ics: 5.437e-05, Loss_norm: 4.799e-08, Loss_gauge: 0.000e+00, w_pde: 1.00e+00, L^2_error: 2.124e-02, lr: 1.000e-03, Time: 4.46e+01
INFO:src.utils.logger:Model state saved to results\ho\Classical\20260501-152626_seed0_bf_ho_2-64-64-64-2_seed13\checkpoints\2026-05-01_15-26-34-175992_ho_Classical_seed13\model.pth
INFO:src.utils.logger:Model weights saved to results\ho\Classical\20260501-152626_seed0_bf_ho_2-64-64-64-2_seed13\checkpoints\2026-05-01_15-26-34-175992_ho_Classical_seed13\model_weights.pth
INFO:src.utils.logger:It: 1310, Loss: 1.228e-02, Loss_res: 1.634e-03,  Loss_bcs: 6.629e-05, Loss_ut_ics: 5.291e-05, Loss_norm: 1.760e-07, Loss_gauge: 0.000e+00, w_pde: 1.00e+00, L^2_error: 2.073e-02, lr: 1.000e-03, Time: 4.49e+01
INFO:src.utils.logger:Model state saved to results\ho\Classical\20260501-152626_seed0_bf_ho_2-64-64-64-2_seed13\checkpoints\2026-05-01_15-26-34-175992_ho_Classical_seed13\model.pth
INFO:src.utils.logger:Model weights saved to results\ho\Classical\20260501-152626_seed0_bf_ho_2-64-64-64-2_seed13\checkpoints\2026-05-01_15-26-34-175992_ho_Classical_seed13\model_weights.pth
INFO:src.utils.logger:It: 1320, Loss: 1.246e-02, Loss_res: 1.736e-03,  Loss_bcs: 6.606e-05, Loss_ut_ics: 5.327e-05, Loss_norm: 1.761e-07, Loss_gauge: 0.000e+00, w_pde: 1.00e+00, L^2_error: 2.095e-02, lr: 1.000e-03, Time: 4.52e+01
INFO:src.utils.logger:Model state saved to results\ho\Classical\20260501-152626_seed0_bf_ho_2-64-64-64-2_seed13\checkpoints\2026-05-01_15-26-34-175992_ho_Classical_seed13\model.pth
INFO:src.utils.logger:Model weights saved to results\ho\Classical\20260501-152626_seed0_bf_ho_2-64-64-64-2_seed13\checkpoints\2026-05-01_15-26-34-175992_ho_Classical_seed13\model_weights.pth
INFO:src.utils.logger:It: 1330, Loss: 1.276e-02, Loss_res: 1.726e-03,  Loss_bcs: 6.736e-05, Loss_ut_ics: 5.481e-05, Loss_norm: 1.201e-07, Loss_gauge: 0.000e+00, w_pde: 1.00e+00, L^2_error: 2.139e-02, lr: 1.000e-03, Time: 4.56e+01
INFO:src.utils.logger:Model state saved to results\ho\Classical\20260501-152626_seed0_bf_ho_2-64-64-64-2_seed13\checkpoints\2026-05-01_15-26-34-175992_ho_Classical_seed13\model.pth
INFO:src.utils.logger:Model weights saved to results\ho\Classical\20260501-152626_seed0_bf_ho_2-64-64-64-2_seed13\checkpoints\2026-05-01_15-26-34-175992_ho_Classical_seed13\model_weights.pth
INFO:src.utils.logger:It: 1340, Loss: 1.576e-02, Loss_res: 1.850e-03,  Loss_bcs: 9.229e-05, Loss_ut_ics: 6.909e-05, Loss_norm: 9.598e-08, Loss_gauge: 0.000e+00, w_pde: 1.00e+00, L^2_error: 2.392e-02, lr: 1.000e-03, Time: 4.59e+01
INFO:src.utils.logger:Model state saved to results\ho\Classical\20260501-152626_seed0_bf_ho_2-64-64-64-2_seed13\checkpoints\2026-05-01_15-26-34-175992_ho_Classical_seed13\model.pth
INFO:src.utils.logger:Model weights saved to results\ho\Classical\20260501-152626_seed0_bf_ho_2-64-64-64-2_seed13\checkpoints\2026-05-01_15-26-34-175992_ho_Classical_seed13\model_weights.pth
INFO:src.utils.logger:It: 1350, Loss: 1.197e-02, Loss_res: 1.653e-03,  Loss_bcs: 6.234e-05, Loss_ut_ics: 5.127e-05, Loss_norm: 1.276e-07, Loss_gauge: 0.000e+00, w_pde: 1.00e+00, L^2_error: 2.043e-02, lr: 1.000e-03, Time: 4.62e+01
INFO:src.utils.logger:Model state saved to results\ho\Classical\20260501-152626_seed0_bf_ho_2-64-64-64-2_seed13\checkpoints\2026-05-01_15-26-34-175992_ho_Classical_seed13\model.pth
INFO:src.utils.logger:Model weights saved to results\ho\Classical\20260501-152626_seed0_bf_ho_2-64-64-64-2_seed13\checkpoints\2026-05-01_15-26-34-175992_ho_Classical_seed13\model_weights.pth
INFO:src.utils.logger:It: 1360, Loss: 1.204e-02, Loss_res: 1.565e-03,  Loss_bcs: 6.502e-05, Loss_ut_ics: 5.207e-05, Loss_norm: 1.222e-07, Loss_gauge: 0.000e+00, w_pde: 1.00e+00, L^2_error: 2.020e-02, lr: 1.000e-03, Time: 4.66e+01
INFO:src.utils.logger:Model state saved to results\ho\Classical\20260501-152626_seed0_bf_ho_2-64-64-64-2_seed13\checkpoints\2026-05-01_15-26-34-175992_ho_Classical_seed13\model.pth
INFO:src.utils.logger:Model weights saved to results\ho\Classical\20260501-152626_seed0_bf_ho_2-64-64-64-2_seed13\checkpoints\2026-05-01_15-26-34-175992_ho_Classical_seed13\model_weights.pth
INFO:src.utils.logger:It: 1370, Loss: 1.176e-02, Loss_res: 1.629e-03,  Loss_bcs: 5.984e-05, Loss_ut_ics: 5.035e-05, Loss_norm: 7.228e-08, Loss_gauge: 0.000e+00, w_pde: 1.00e+00, L^2_error: 2.018e-02, lr: 1.000e-03, Time: 4.69e+01
INFO:src.utils.logger:Model state saved to results\ho\Classical\20260501-152626_seed0_bf_ho_2-64-64-64-2_seed13\checkpoints\2026-05-01_15-26-34-175992_ho_Classical_seed13\model.pth
INFO:src.utils.logger:Model weights saved to results\ho\Classical\20260501-152626_seed0_bf_ho_2-64-64-64-2_seed13\checkpoints\2026-05-01_15-26-34-175992_ho_Classical_seed13\model_weights.pth
INFO:src.utils.logger:It: 1380, Loss: 1.161e-02, Loss_res: 1.515e-03,  Loss_bcs: 5.965e-05, Loss_ut_ics: 5.015e-05, Loss_norm: 8.742e-08, Loss_gauge: 0.000e+00, w_pde: 1.00e+00, L^2_error: 1.998e-02, lr: 1.000e-03, Time: 4.72e+01
INFO:src.utils.logger:Model state saved to results\ho\Classical\20260501-152626_seed0_bf_ho_2-64-64-64-2_seed13\checkpoints\2026-05-01_15-26-34-175992_ho_Classical_seed13\model.pth
INFO:src.utils.logger:Model weights saved to results\ho\Classical\20260501-152626_seed0_bf_ho_2-64-64-64-2_seed13\checkpoints\2026-05-01_15-26-34-175992_ho_Classical_seed13\model_weights.pth
INFO:src.utils.logger:It: 1390, Loss: 1.156e-02, Loss_res: 1.594e-03,  Loss_bcs: 5.734e-05, Loss_ut_ics: 4.953e-05, Loss_norm: 5.215e-08, Loss_gauge: 0.000e+00, w_pde: 1.00e+00, L^2_error: 2.030e-02, lr: 1.000e-03, Time: 4.76e+01
INFO:src.utils.logger:Model state saved to results\ho\Classical\20260501-152626_seed0_bf_ho_2-64-64-64-2_seed13\checkpoints\2026-05-01_15-26-34-175992_ho_Classical_seed13\model.pth
INFO:src.utils.logger:Model weights saved to results\ho\Classical\20260501-152626_seed0_bf_ho_2-64-64-64-2_seed13\checkpoints\2026-05-01_15-26-34-175992_ho_Classical_seed13\model_weights.pth
INFO:src.utils.logger:It: 1400, Loss: 1.263e-02, Loss_res: 1.556e-03,  Loss_bcs: 6.557e-05, Loss_ut_ics: 5.506e-05, Loss_norm: 1.359e-07, Loss_gauge: 0.000e+00, w_pde: 1.00e+00, L^2_error: 2.137e-02, lr: 1.000e-03, Time: 4.79e+01
INFO:src.utils.logger:Model state saved to results\ho\Classical\20260501-152626_seed0_bf_ho_2-64-64-64-2_seed13\checkpoints\2026-05-01_15-26-34-175992_ho_Classical_seed13\model.pth
INFO:src.utils.logger:Model weights saved to results\ho\Classical\20260501-152626_seed0_bf_ho_2-64-64-64-2_seed13\checkpoints\2026-05-01_15-26-34-175992_ho_Classical_seed13\model_weights.pth
INFO:src.utils.logger:It: 1410, Loss: 1.149e-02, Loss_res: 1.419e-03,  Loss_bcs: 5.818e-05, Loss_ut_ics: 5.005e-05, Loss_norm: 2.020e-07, Loss_gauge: 0.000e+00, w_pde: 1.00e+00, L^2_error: 2.011e-02, lr: 1.000e-03, Time: 4.82e+01
INFO:src.utils.logger:Model state saved to results\ho\Classical\20260501-152626_seed0_bf_ho_2-64-64-64-2_seed13\checkpoints\2026-05-01_15-26-34-175992_ho_Classical_seed13\model.pth
INFO:src.utils.logger:Model weights saved to results\ho\Classical\20260501-152626_seed0_bf_ho_2-64-64-64-2_seed13\checkpoints\2026-05-01_15-26-34-175992_ho_Classical_seed13\model_weights.pth
INFO:src.utils.logger:It: 1420, Loss: 1.102e-02, Loss_res: 1.421e-03,  Loss_bcs: 5.598e-05, Loss_ut_ics: 4.771e-05, Loss_norm: 2.441e-08, Loss_gauge: 0.000e+00, w_pde: 1.00e+00, L^2_error: 1.960e-02, lr: 1.000e-03, Time: 4.86e+01
INFO:src.utils.logger:Model state saved to results\ho\Classical\20260501-152626_seed0_bf_ho_2-64-64-64-2_seed13\checkpoints\2026-05-01_15-26-34-175992_ho_Classical_seed13\model.pth
INFO:src.utils.logger:Model weights saved to results\ho\Classical\20260501-152626_seed0_bf_ho_2-64-64-64-2_seed13\checkpoints\2026-05-01_15-26-34-175992_ho_Classical_seed13\model_weights.pth
INFO:src.utils.logger:It: 1430, Loss: 1.164e-02, Loss_res: 1.585e-03,  Loss_bcs: 5.966e-05, Loss_ut_ics: 4.995e-05, Loss_norm: 7.754e-08, Loss_gauge: 0.000e+00, w_pde: 1.00e+00, L^2_error: 1.979e-02, lr: 1.000e-03, Time: 4.89e+01
INFO:src.utils.logger:Model state saved to results\ho\Classical\20260501-152626_seed0_bf_ho_2-64-64-64-2_seed13\checkpoints\2026-05-01_15-26-34-175992_ho_Classical_seed13\model.pth
INFO:src.utils.logger:Model weights saved to results\ho\Classical\20260501-152626_seed0_bf_ho_2-64-64-64-2_seed13\checkpoints\2026-05-01_15-26-34-175992_ho_Classical_seed13\model_weights.pth
INFO:src.utils.logger:It: 1440, Loss: 1.315e-02, Loss_res: 1.499e-03,  Loss_bcs: 7.580e-05, Loss_ut_ics: 5.787e-05, Loss_norm: 9.635e-08, Loss_gauge: 0.000e+00, w_pde: 1.00e+00, L^2_error: 2.055e-02, lr: 1.000e-03, Time: 4.92e+01
INFO:src.utils.logger:Model state saved to results\ho\Classical\20260501-152626_seed0_bf_ho_2-64-64-64-2_seed13\checkpoints\2026-05-01_15-26-34-175992_ho_Classical_seed13\model.pth
INFO:src.utils.logger:Model weights saved to results\ho\Classical\20260501-152626_seed0_bf_ho_2-64-64-64-2_seed13\checkpoints\2026-05-01_15-26-34-175992_ho_Classical_seed13\model_weights.pth
INFO:src.utils.logger:It: 1450, Loss: 1.095e-02, Loss_res: 1.545e-03,  Loss_bcs: 5.420e-05, Loss_ut_ics: 4.674e-05, Loss_norm: 7.750e-08, Loss_gauge: 0.000e+00, w_pde: 1.00e+00, L^2_error: 1.929e-02, lr: 1.000e-03, Time: 4.96e+01
INFO:src.utils.logger:Model state saved to results\ho\Classical\20260501-152626_seed0_bf_ho_2-64-64-64-2_seed13\checkpoints\2026-05-01_15-26-34-175992_ho_Classical_seed13\model.pth
INFO:src.utils.logger:Model weights saved to results\ho\Classical\20260501-152626_seed0_bf_ho_2-64-64-64-2_seed13\checkpoints\2026-05-01_15-26-34-175992_ho_Classical_seed13\model_weights.pth
INFO:src.utils.logger:It: 1460, Loss: 1.218e-02, Loss_res: 1.511e-03,  Loss_bcs: 6.166e-05, Loss_ut_ics: 5.306e-05, Loss_norm: 1.224e-07, Loss_gauge: 0.000e+00, w_pde: 1.00e+00, L^2_error: 2.098e-02, lr: 1.000e-03, Time: 4.99e+01
INFO:src.utils.logger:Model state saved to results\ho\Classical\20260501-152626_seed0_bf_ho_2-64-64-64-2_seed13\checkpoints\2026-05-01_15-26-34-175992_ho_Classical_seed13\model.pth
INFO:src.utils.logger:Model weights saved to results\ho\Classical\20260501-152626_seed0_bf_ho_2-64-64-64-2_seed13\checkpoints\2026-05-01_15-26-34-175992_ho_Classical_seed13\model_weights.pth
INFO:src.utils.logger:It: 1470, Loss: 1.135e-02, Loss_res: 1.493e-03,  Loss_bcs: 5.546e-05, Loss_ut_ics: 4.902e-05, Loss_norm: 1.922e-07, Loss_gauge: 0.000e+00, w_pde: 1.00e+00, L^2_error: 1.978e-02, lr: 1.000e-03, Time: 5.02e+01
INFO:src.utils.logger:Model state saved to results\ho\Classical\20260501-152626_seed0_bf_ho_2-64-64-64-2_seed13\checkpoints\2026-05-01_15-26-34-175992_ho_Classical_seed13\model.pth
INFO:src.utils.logger:Model weights saved to results\ho\Classical\20260501-152626_seed0_bf_ho_2-64-64-64-2_seed13\checkpoints\2026-05-01_15-26-34-175992_ho_Classical_seed13\model_weights.pth
INFO:src.utils.logger:It: 1480, Loss: 1.217e-02, Loss_res: 1.561e-03,  Loss_bcs: 6.587e-05, Loss_ut_ics: 5.272e-05, Loss_norm: 9.443e-08, Loss_gauge: 0.000e+00, w_pde: 1.00e+00, L^2_error: 1.986e-02, lr: 1.000e-03, Time: 5.06e+01
INFO:src.utils.logger:Model state saved to results\ho\Classical\20260501-152626_seed0_bf_ho_2-64-64-64-2_seed13\checkpoints\2026-05-01_15-26-34-175992_ho_Classical_seed13\model.pth
INFO:src.utils.logger:Model weights saved to results\ho\Classical\20260501-152626_seed0_bf_ho_2-64-64-64-2_seed13\checkpoints\2026-05-01_15-26-34-175992_ho_Classical_seed13\model_weights.pth
INFO:src.utils.logger:It: 1490, Loss: 1.059e-02, Loss_res: 1.530e-03,  Loss_bcs: 4.963e-05, Loss_ut_ics: 4.504e-05, Loss_norm: 8.280e-08, Loss_gauge: 0.000e+00, w_pde: 1.00e+00, L^2_error: 1.894e-02, lr: 1.000e-03, Time: 5.09e+01
INFO:src.utils.logger:Model state saved to results\ho\Classical\20260501-152626_seed0_bf_ho_2-64-64-64-2_seed13\checkpoints\2026-05-01_15-26-34-175992_ho_Classical_seed13\model.pth
INFO:src.utils.logger:Model weights saved to results\ho\Classical\20260501-152626_seed0_bf_ho_2-64-64-64-2_seed13\checkpoints\2026-05-01_15-26-34-175992_ho_Classical_seed13\model_weights.pth
INFO:src.utils.logger:It: 1500, Loss: 1.068e-02, Loss_res: 1.518e-03,  Loss_bcs: 4.907e-05, Loss_ut_ics: 4.556e-05, Loss_norm: 7.037e-08, Loss_gauge: 0.000e+00, w_pde: 1.00e+00, L^2_error: 1.965e-02, lr: 1.000e-03, Time: 5.13e+01
INFO:src.utils.logger:Model state saved to results\ho\Classical\20260501-152626_seed0_bf_ho_2-64-64-64-2_seed13\checkpoints\2026-05-01_15-26-34-175992_ho_Classical_seed13\model.pth
INFO:src.utils.logger:Model weights saved to results\ho\Classical\20260501-152626_seed0_bf_ho_2-64-64-64-2_seed13\checkpoints\2026-05-01_15-26-34-175992_ho_Classical_seed13\model_weights.pth
