2026-03-01 11:57:18,997 INFO:src.utils.logger:TEST: ahora deberías ver esto en el notebook y guardado en python.log
INFO:src.utils.logger:TEST: ahora deberías ver esto en el notebook y guardado en python.log
INFO:src.utils.logger:It: 1, Loss: 2.730e+02, Loss_res: 6.670e-01,  Loss_bcs: 0.000e+00, Loss_ut_ics: 1.072e+00, Loss_norm: 9.938e-01, Loss_gauge: 0.000e+00, w_pde: 8.33e-03, L^2_error: 9.733e-01, lr: 1.000e-03, Time: 6.27e+00
INFO:src.utils.logger:Model state saved to results\box\DV\20260301-115716_seed0_box_DV_b1_alternating_e600_w120_4q_2l\checkpoints\2026-03-01_11-57-16-736477_box_DV_seed\model.pth
INFO:src.utils.logger:Model weights saved to results\box\DV\20260301-115716_seed0_box_DV_b1_alternating_e600_w120_4q_2l\checkpoints\2026-03-01_11-57-16-736477_box_DV_seed\model_weights.pth
INFO:src.utils.logger:It: 5, Loss: 2.202e+02, Loss_res: 1.880e-01,  Loss_bcs: 0.000e+00, Loss_ut_ics: 8.611e-01, Loss_norm: 9.898e-01, Loss_gauge: 0.000e+00, w_pde: 4.17e-02, L^2_error: 9.472e-01, lr: 1.000e-03, Time: 3.18e+01
INFO:src.utils.logger:Model state saved to results\box\DV\20260301-115716_seed0_box_DV_b1_alternating_e600_w120_4q_2l\checkpoints\2026-03-01_11-57-16-736477_box_DV_seed\model.pth
INFO:src.utils.logger:Model weights saved to results\box\DV\20260301-115716_seed0_box_DV_b1_alternating_e600_w120_4q_2l\checkpoints\2026-03-01_11-57-16-736477_box_DV_seed\model_weights.pth
INFO:src.utils.logger:It: 10, Loss: 1.648e+02, Loss_res: 1.273e+00,  Loss_bcs: 0.000e+00, Loss_ut_ics: 6.405e-01, Loss_norm: 9.226e-01, Loss_gauge: 0.000e+00, w_pde: 8.33e-02, L^2_error: 9.124e-01, lr: 1.000e-03, Time: 6.07e+01
INFO:src.utils.logger:Model state saved to results\box\DV\20260301-115716_seed0_box_DV_b1_alternating_e600_w120_4q_2l\checkpoints\2026-03-01_11-57-16-736477_box_DV_seed\model.pth
INFO:src.utils.logger:Model weights saved to results\box\DV\20260301-115716_seed0_box_DV_b1_alternating_e600_w120_4q_2l\checkpoints\2026-03-01_11-57-16-736477_box_DV_seed\model_weights.pth
INFO:src.utils.logger:It: 15, Loss: 1.173e+02, Loss_res: 3.279e+00,  Loss_bcs: 0.000e+00, Loss_ut_ics: 4.516e-01, Loss_norm: 7.981e-01, Loss_gauge: 0.000e+00, w_pde: 1.25e-01, L^2_error: 8.669e-01, lr: 1.000e-03, Time: 8.90e+01
INFO:src.utils.logger:Model state saved to results\box\DV\20260301-115716_seed0_box_DV_b1_alternating_e600_w120_4q_2l\checkpoints\2026-03-01_11-57-16-736477_box_DV_seed\model.pth
INFO:src.utils.logger:Model weights saved to results\box\DV\20260301-115716_seed0_box_DV_b1_alternating_e600_w120_4q_2l\checkpoints\2026-03-01_11-57-16-736477_box_DV_seed\model_weights.pth
INFO:src.utils.logger:It: 20, Loss: 7.834e+01, Loss_res: 6.210e+00,  Loss_bcs: 0.000e+00, Loss_ut_ics: 2.966e-01, Loss_norm: 6.302e-01, Loss_gauge: 0.000e+00, w_pde: 1.67e-01, L^2_error: 8.310e-01, lr: 1.000e-03, Time: 1.18e+02
INFO:src.utils.logger:Model state saved to results\box\DV\20260301-115716_seed0_box_DV_b1_alternating_e600_w120_4q_2l\checkpoints\2026-03-01_11-57-16-736477_box_DV_seed\model.pth
INFO:src.utils.logger:Model weights saved to results\box\DV\20260301-115716_seed0_box_DV_b1_alternating_e600_w120_4q_2l\checkpoints\2026-03-01_11-57-16-736477_box_DV_seed\model_weights.pth
INFO:src.utils.logger:It: 25, Loss: 4.854e+01, Loss_res: 1.009e+01,  Loss_bcs: 0.000e+00, Loss_ut_ics: 1.769e-01, Loss_norm: 4.412e-01, Loss_gauge: 0.000e+00, w_pde: 2.08e-01, L^2_error: 8.286e-01, lr: 1.000e-03, Time: 1.46e+02
INFO:src.utils.logger:Model state saved to results\box\DV\20260301-115716_seed0_box_DV_b1_alternating_e600_w120_4q_2l\checkpoints\2026-03-01_11-57-16-736477_box_DV_seed\model.pth
INFO:src.utils.logger:Model weights saved to results\box\DV\20260301-115716_seed0_box_DV_b1_alternating_e600_w120_4q_2l\checkpoints\2026-03-01_11-57-16-736477_box_DV_seed\model_weights.pth
INFO:src.utils.logger:It: 30, Loss: 2.761e+01, Loss_res: 1.465e+01,  Loss_bcs: 0.000e+00, Loss_ut_ics: 9.058e-02, Loss_norm: 2.607e-01, Loss_gauge: 0.000e+00, w_pde: 2.50e-01, L^2_error: 8.551e-01, lr: 1.000e-03, Time: 1.75e+02
INFO:src.utils.logger:Model state saved to results\box\DV\20260301-115716_seed0_box_DV_b1_alternating_e600_w120_4q_2l\checkpoints\2026-03-01_11-57-16-736477_box_DV_seed\model.pth
INFO:src.utils.logger:Model weights saved to results\box\DV\20260301-115716_seed0_box_DV_b1_alternating_e600_w120_4q_2l\checkpoints\2026-03-01_11-57-16-736477_box_DV_seed\model_weights.pth
INFO:src.utils.logger:It: 35, Loss: 1.559e+01, Loss_res: 1.960e+01,  Loss_bcs: 0.000e+00, Loss_ut_ics: 3.711e-02, Loss_norm: 1.185e-01, Loss_gauge: 0.000e+00, w_pde: 2.92e-01, L^2_error: 8.841e-01, lr: 1.000e-03, Time: 2.03e+02
INFO:src.utils.logger:Model state saved to results\box\DV\20260301-115716_seed0_box_DV_b1_alternating_e600_w120_4q_2l\checkpoints\2026-03-01_11-57-16-736477_box_DV_seed\model.pth
INFO:src.utils.logger:Model weights saved to results\box\DV\20260301-115716_seed0_box_DV_b1_alternating_e600_w120_4q_2l\checkpoints\2026-03-01_11-57-16-736477_box_DV_seed\model_weights.pth
INFO:src.utils.logger:It: 40, Loss: 1.093e+01, Loss_res: 2.435e+01,  Loss_bcs: 0.000e+00, Loss_ut_ics: 1.056e-02, Loss_norm: 3.422e-02, Loss_gauge: 0.000e+00, w_pde: 3.33e-01, L^2_error: 9.089e-01, lr: 1.000e-03, Time: 2.31e+02
INFO:src.utils.logger:Model state saved to results\box\DV\20260301-115716_seed0_box_DV_b1_alternating_e600_w120_4q_2l\checkpoints\2026-03-01_11-57-16-736477_box_DV_seed\model.pth
INFO:src.utils.logger:Model weights saved to results\box\DV\20260301-115716_seed0_box_DV_b1_alternating_e600_w120_4q_2l\checkpoints\2026-03-01_11-57-16-736477_box_DV_seed\model_weights.pth
INFO:src.utils.logger:It: 45, Loss: 1.113e+01, Loss_res: 2.821e+01,  Loss_bcs: 0.000e+00, Loss_ut_ics: 2.133e-03, Loss_norm: 3.164e-03, Loss_gauge: 0.000e+00, w_pde: 3.75e-01, L^2_error: 9.382e-01, lr: 1.000e-03, Time: 2.60e+02
INFO:src.utils.logger:Model state saved to results\box\DV\20260301-115716_seed0_box_DV_b1_alternating_e600_w120_4q_2l\checkpoints\2026-03-01_11-57-16-736477_box_DV_seed\model.pth
INFO:src.utils.logger:Model weights saved to results\box\DV\20260301-115716_seed0_box_DV_b1_alternating_e600_w120_4q_2l\checkpoints\2026-03-01_11-57-16-736477_box_DV_seed\model_weights.pth
INFO:src.utils.logger:It: 50, Loss: 1.317e+01, Loss_res: 3.062e+01,  Loss_bcs: 0.000e+00, Loss_ut_ics: 1.638e-03, Loss_norm: 5.701e-04, Loss_gauge: 0.000e+00, w_pde: 4.17e-01, L^2_error: 9.569e-01, lr: 1.000e-03, Time: 2.88e+02
INFO:src.utils.logger:Model state saved to results\box\DV\20260301-115716_seed0_box_DV_b1_alternating_e600_w120_4q_2l\checkpoints\2026-03-01_11-57-16-736477_box_DV_seed\model.pth
INFO:src.utils.logger:Model weights saved to results\box\DV\20260301-115716_seed0_box_DV_b1_alternating_e600_w120_4q_2l\checkpoints\2026-03-01_11-57-16-736477_box_DV_seed\model_weights.pth
INFO:src.utils.logger:It: 55, Loss: 1.492e+01, Loss_res: 3.135e+01,  Loss_bcs: 0.000e+00, Loss_ut_ics: 2.161e-03, Loss_norm: 2.423e-03, Loss_gauge: 0.000e+00, w_pde: 4.58e-01, L^2_error: 9.565e-01, lr: 1.000e-03, Time: 3.17e+02
INFO:src.utils.logger:Model state saved to results\box\DV\20260301-115716_seed0_box_DV_b1_alternating_e600_w120_4q_2l\checkpoints\2026-03-01_11-57-16-736477_box_DV_seed\model.pth
INFO:src.utils.logger:Model weights saved to results\box\DV\20260301-115716_seed0_box_DV_b1_alternating_e600_w120_4q_2l\checkpoints\2026-03-01_11-57-16-736477_box_DV_seed\model_weights.pth
INFO:src.utils.logger:It: 60, Loss: 1.577e+01, Loss_res: 3.066e+01,  Loss_bcs: 0.000e+00, Loss_ut_ics: 1.752e-03, Loss_norm: 8.855e-04, Loss_gauge: 0.000e+00, w_pde: 5.00e-01, L^2_error: 9.504e-01, lr: 1.000e-03, Time: 3.46e+02
INFO:src.utils.logger:Model state saved to results\box\DV\20260301-115716_seed0_box_DV_b1_alternating_e600_w120_4q_2l\checkpoints\2026-03-01_11-57-16-736477_box_DV_seed\model.pth
INFO:src.utils.logger:Model weights saved to results\box\DV\20260301-115716_seed0_box_DV_b1_alternating_e600_w120_4q_2l\checkpoints\2026-03-01_11-57-16-736477_box_DV_seed\model_weights.pth
INFO:src.utils.logger:It: 65, Loss: 1.616e+01, Loss_res: 2.919e+01,  Loss_bcs: 0.000e+00, Loss_ut_ics: 1.390e-03, Loss_norm: 5.225e-04, Loss_gauge: 0.000e+00, w_pde: 5.42e-01, L^2_error: 9.378e-01, lr: 1.000e-03, Time: 3.75e+02
INFO:src.utils.logger:Model state saved to results\box\DV\20260301-115716_seed0_box_DV_b1_alternating_e600_w120_4q_2l\checkpoints\2026-03-01_11-57-16-736477_box_DV_seed\model.pth
INFO:src.utils.logger:Model weights saved to results\box\DV\20260301-115716_seed0_box_DV_b1_alternating_e600_w120_4q_2l\checkpoints\2026-03-01_11-57-16-736477_box_DV_seed\model_weights.pth
INFO:src.utils.logger:It: 70, Loss: 1.657e+01, Loss_res: 2.733e+01,  Loss_bcs: 0.000e+00, Loss_ut_ics: 2.358e-03, Loss_norm: 6.387e-03, Loss_gauge: 0.000e+00, w_pde: 5.83e-01, L^2_error: 9.211e-01, lr: 1.000e-03, Time: 4.03e+02
INFO:src.utils.logger:Model state saved to results\box\DV\20260301-115716_seed0_box_DV_b1_alternating_e600_w120_4q_2l\checkpoints\2026-03-01_11-57-16-736477_box_DV_seed\model.pth
INFO:src.utils.logger:Model weights saved to results\box\DV\20260301-115716_seed0_box_DV_b1_alternating_e600_w120_4q_2l\checkpoints\2026-03-01_11-57-16-736477_box_DV_seed\model_weights.pth
INFO:src.utils.logger:It: 75, Loss: 1.746e+01, Loss_res: 2.592e+01,  Loss_bcs: 0.000e+00, Loss_ut_ics: 4.683e-03, Loss_norm: 1.818e-02, Loss_gauge: 0.000e+00, w_pde: 6.25e-01, L^2_error: 9.086e-01, lr: 1.000e-03, Time: 4.31e+02
INFO:src.utils.logger:Model state saved to results\box\DV\20260301-115716_seed0_box_DV_b1_alternating_e600_w120_4q_2l\checkpoints\2026-03-01_11-57-16-736477_box_DV_seed\model.pth
INFO:src.utils.logger:Model weights saved to results\box\DV\20260301-115716_seed0_box_DV_b1_alternating_e600_w120_4q_2l\checkpoints\2026-03-01_11-57-16-736477_box_DV_seed\model_weights.pth
INFO:src.utils.logger:It: 80, Loss: 1.827e+01, Loss_res: 2.443e+01,  Loss_bcs: 0.000e+00, Loss_ut_ics: 7.314e-03, Loss_norm: 3.086e-02, Loss_gauge: 0.000e+00, w_pde: 6.67e-01, L^2_error: 8.988e-01, lr: 1.000e-03, Time: 4.60e+02
INFO:src.utils.logger:Model state saved to results\box\DV\20260301-115716_seed0_box_DV_b1_alternating_e600_w120_4q_2l\checkpoints\2026-03-01_11-57-16-736477_box_DV_seed\model.pth
INFO:src.utils.logger:Model weights saved to results\box\DV\20260301-115716_seed0_box_DV_b1_alternating_e600_w120_4q_2l\checkpoints\2026-03-01_11-57-16-736477_box_DV_seed\model_weights.pth
INFO:src.utils.logger:It: 85, Loss: 1.928e+01, Loss_res: 2.377e+01,  Loss_bcs: 0.000e+00, Loss_ut_ics: 8.983e-03, Loss_norm: 3.897e-02, Loss_gauge: 0.000e+00, w_pde: 7.08e-01, L^2_error: 8.931e-01, lr: 1.000e-03, Time: 4.89e+02
INFO:src.utils.logger:Model state saved to results\box\DV\20260301-115716_seed0_box_DV_b1_alternating_e600_w120_4q_2l\checkpoints\2026-03-01_11-57-16-736477_box_DV_seed\model.pth
INFO:src.utils.logger:Model weights saved to results\box\DV\20260301-115716_seed0_box_DV_b1_alternating_e600_w120_4q_2l\checkpoints\2026-03-01_11-57-16-736477_box_DV_seed\model_weights.pth
INFO:src.utils.logger:It: 90, Loss: 1.999e+01, Loss_res: 2.332e+01,  Loss_bcs: 0.000e+00, Loss_ut_ics: 9.195e-03, Loss_norm: 4.089e-02, Loss_gauge: 0.000e+00, w_pde: 7.50e-01, L^2_error: 8.919e-01, lr: 1.000e-03, Time: 5.17e+02
INFO:src.utils.logger:Model state saved to results\box\DV\20260301-115716_seed0_box_DV_b1_alternating_e600_w120_4q_2l\checkpoints\2026-03-01_11-57-16-736477_box_DV_seed\model.pth
INFO:src.utils.logger:Model weights saved to results\box\DV\20260301-115716_seed0_box_DV_b1_alternating_e600_w120_4q_2l\checkpoints\2026-03-01_11-57-16-736477_box_DV_seed\model_weights.pth
INFO:src.utils.logger:It: 95, Loss: 2.091e+01, Loss_res: 2.344e+01,  Loss_bcs: 0.000e+00, Loss_ut_ics: 8.643e-03, Loss_norm: 3.917e-02, Loss_gauge: 0.000e+00, w_pde: 7.92e-01, L^2_error: 8.914e-01, lr: 1.000e-03, Time: 5.45e+02
INFO:src.utils.logger:Model state saved to results\box\DV\20260301-115716_seed0_box_DV_b1_alternating_e600_w120_4q_2l\checkpoints\2026-03-01_11-57-16-736477_box_DV_seed\model.pth
INFO:src.utils.logger:Model weights saved to results\box\DV\20260301-115716_seed0_box_DV_b1_alternating_e600_w120_4q_2l\checkpoints\2026-03-01_11-57-16-736477_box_DV_seed\model_weights.pth
INFO:src.utils.logger:It: 100, Loss: 2.183e+01, Loss_res: 2.354e+01,  Loss_bcs: 0.000e+00, Loss_ut_ics: 8.078e-03, Loss_norm: 3.730e-02, Loss_gauge: 0.000e+00, w_pde: 8.33e-01, L^2_error: 8.910e-01, lr: 1.000e-03, Time: 5.73e+02
INFO:src.utils.logger:Model state saved to results\box\DV\20260301-115716_seed0_box_DV_b1_alternating_e600_w120_4q_2l\checkpoints\2026-03-01_11-57-16-736477_box_DV_seed\model.pth
INFO:src.utils.logger:Model weights saved to results\box\DV\20260301-115716_seed0_box_DV_b1_alternating_e600_w120_4q_2l\checkpoints\2026-03-01_11-57-16-736477_box_DV_seed\model_weights.pth
INFO:src.utils.logger:It: 105, Loss: 2.244e+01, Loss_res: 2.318e+01,  Loss_bcs: 0.000e+00, Loss_ut_ics: 7.859e-03, Loss_norm: 3.700e-02, Loss_gauge: 0.000e+00, w_pde: 8.75e-01, L^2_error: 8.890e-01, lr: 1.000e-03, Time: 6.02e+02
INFO:src.utils.logger:Model state saved to results\box\DV\20260301-115716_seed0_box_DV_b1_alternating_e600_w120_4q_2l\checkpoints\2026-03-01_11-57-16-736477_box_DV_seed\model.pth
INFO:src.utils.logger:Model weights saved to results\box\DV\20260301-115716_seed0_box_DV_b1_alternating_e600_w120_4q_2l\checkpoints\2026-03-01_11-57-16-736477_box_DV_seed\model_weights.pth
INFO:src.utils.logger:It: 110, Loss: 2.289e+01, Loss_res: 2.254e+01,  Loss_bcs: 0.000e+00, Loss_ut_ics: 8.134e-03, Loss_norm: 3.896e-02, Loss_gauge: 0.000e+00, w_pde: 9.17e-01, L^2_error: 8.852e-01, lr: 1.000e-03, Time: 6.31e+02
INFO:src.utils.logger:Model state saved to results\box\DV\20260301-115716_seed0_box_DV_b1_alternating_e600_w120_4q_2l\checkpoints\2026-03-01_11-57-16-736477_box_DV_seed\model.pth
INFO:src.utils.logger:Model weights saved to results\box\DV\20260301-115716_seed0_box_DV_b1_alternating_e600_w120_4q_2l\checkpoints\2026-03-01_11-57-16-736477_box_DV_seed\model_weights.pth
INFO:src.utils.logger:It: 115, Loss: 2.315e+01, Loss_res: 2.168e+01,  Loss_bcs: 0.000e+00, Loss_ut_ics: 8.668e-03, Loss_norm: 4.237e-02, Loss_gauge: 0.000e+00, w_pde: 9.58e-01, L^2_error: 8.802e-01, lr: 1.000e-03, Time: 6.60e+02
INFO:src.utils.logger:Model state saved to results\box\DV\20260301-115716_seed0_box_DV_b1_alternating_e600_w120_4q_2l\checkpoints\2026-03-01_11-57-16-736477_box_DV_seed\model.pth
INFO:src.utils.logger:Model weights saved to results\box\DV\20260301-115716_seed0_box_DV_b1_alternating_e600_w120_4q_2l\checkpoints\2026-03-01_11-57-16-736477_box_DV_seed\model_weights.pth
INFO:src.utils.logger:It: 120, Loss: 2.370e+01, Loss_res: 2.116e+01,  Loss_bcs: 0.000e+00, Loss_ut_ics: 9.244e-03, Loss_norm: 4.642e-02, Loss_gauge: 0.000e+00, w_pde: 1.00e+00, L^2_error: 8.742e-01, lr: 1.000e-03, Time: 6.88e+02
INFO:src.utils.logger:Model state saved to results\box\DV\20260301-115716_seed0_box_DV_b1_alternating_e600_w120_4q_2l\checkpoints\2026-03-01_11-57-16-736477_box_DV_seed\model.pth
INFO:src.utils.logger:Model weights saved to results\box\DV\20260301-115716_seed0_box_DV_b1_alternating_e600_w120_4q_2l\checkpoints\2026-03-01_11-57-16-736477_box_DV_seed\model_weights.pth
INFO:src.utils.logger:It: 125, Loss: 2.315e+01, Loss_res: 2.054e+01,  Loss_bcs: 0.000e+00, Loss_ut_ics: 9.420e-03, Loss_norm: 4.971e-02, Loss_gauge: 0.000e+00, w_pde: 1.00e+00, L^2_error: 8.682e-01, lr: 1.000e-03, Time: 7.17e+02
INFO:src.utils.logger:Model state saved to results\box\DV\20260301-115716_seed0_box_DV_b1_alternating_e600_w120_4q_2l\checkpoints\2026-03-01_11-57-16-736477_box_DV_seed\model.pth
INFO:src.utils.logger:Model weights saved to results\box\DV\20260301-115716_seed0_box_DV_b1_alternating_e600_w120_4q_2l\checkpoints\2026-03-01_11-57-16-736477_box_DV_seed\model_weights.pth
INFO:src.utils.logger:It: 130, Loss: 2.196e+01, Loss_res: 1.940e+01,  Loss_bcs: 0.000e+00, Loss_ut_ics: 9.183e-03, Loss_norm: 5.204e-02, Loss_gauge: 0.000e+00, w_pde: 1.00e+00, L^2_error: 8.623e-01, lr: 1.000e-03, Time: 7.45e+02
INFO:src.utils.logger:Model state saved to results\box\DV\20260301-115716_seed0_box_DV_b1_alternating_e600_w120_4q_2l\checkpoints\2026-03-01_11-57-16-736477_box_DV_seed\model.pth
INFO:src.utils.logger:Model weights saved to results\box\DV\20260301-115716_seed0_box_DV_b1_alternating_e600_w120_4q_2l\checkpoints\2026-03-01_11-57-16-736477_box_DV_seed\model_weights.pth
INFO:src.utils.logger:It: 135, Loss: 2.142e+01, Loss_res: 1.894e+01,  Loss_bcs: 0.000e+00, Loss_ut_ics: 8.824e-03, Loss_norm: 5.363e-02, Loss_gauge: 0.000e+00, w_pde: 1.00e+00, L^2_error: 8.552e-01, lr: 1.000e-03, Time: 7.73e+02
INFO:src.utils.logger:Model state saved to results\box\DV\20260301-115716_seed0_box_DV_b1_alternating_e600_w120_4q_2l\checkpoints\2026-03-01_11-57-16-736477_box_DV_seed\model.pth
INFO:src.utils.logger:Model weights saved to results\box\DV\20260301-115716_seed0_box_DV_b1_alternating_e600_w120_4q_2l\checkpoints\2026-03-01_11-57-16-736477_box_DV_seed\model_weights.pth
INFO:src.utils.logger:It: 140, Loss: 2.086e+01, Loss_res: 1.845e+01,  Loss_bcs: 0.000e+00, Loss_ut_ics: 8.552e-03, Loss_norm: 5.504e-02, Loss_gauge: 0.000e+00, w_pde: 1.00e+00, L^2_error: 8.470e-01, lr: 1.000e-03, Time: 8.02e+02
INFO:src.utils.logger:Model state saved to results\box\DV\20260301-115716_seed0_box_DV_b1_alternating_e600_w120_4q_2l\checkpoints\2026-03-01_11-57-16-736477_box_DV_seed\model.pth
INFO:src.utils.logger:Model weights saved to results\box\DV\20260301-115716_seed0_box_DV_b1_alternating_e600_w120_4q_2l\checkpoints\2026-03-01_11-57-16-736477_box_DV_seed\model_weights.pth
INFO:src.utils.logger:It: 145, Loss: 2.007e+01, Loss_res: 1.773e+01,  Loss_bcs: 0.000e+00, Loss_ut_ics: 8.273e-03, Loss_norm: 5.554e-02, Loss_gauge: 0.000e+00, w_pde: 1.00e+00, L^2_error: 8.376e-01, lr: 1.000e-03, Time: 8.30e+02
INFO:src.utils.logger:Model state saved to results\box\DV\20260301-115716_seed0_box_DV_b1_alternating_e600_w120_4q_2l\checkpoints\2026-03-01_11-57-16-736477_box_DV_seed\model.pth
INFO:src.utils.logger:Model weights saved to results\box\DV\20260301-115716_seed0_box_DV_b1_alternating_e600_w120_4q_2l\checkpoints\2026-03-01_11-57-16-736477_box_DV_seed\model_weights.pth
INFO:src.utils.logger:It: 150, Loss: 2.008e+01, Loss_res: 1.785e+01,  Loss_bcs: 0.000e+00, Loss_ut_ics: 7.831e-03, Loss_norm: 5.571e-02, Loss_gauge: 0.000e+00, w_pde: 1.00e+00, L^2_error: 8.249e-01, lr: 1.000e-03, Time: 8.58e+02
INFO:src.utils.logger:Model state saved to results\box\DV\20260301-115716_seed0_box_DV_b1_alternating_e600_w120_4q_2l\checkpoints\2026-03-01_11-57-16-736477_box_DV_seed\model.pth
INFO:src.utils.logger:Model weights saved to results\box\DV\20260301-115716_seed0_box_DV_b1_alternating_e600_w120_4q_2l\checkpoints\2026-03-01_11-57-16-736477_box_DV_seed\model_weights.pth
INFO:src.utils.logger:It: 155, Loss: 1.961e+01, Loss_res: 1.748e+01,  Loss_bcs: 0.000e+00, Loss_ut_ics: 7.358e-03, Loss_norm: 5.697e-02, Loss_gauge: 0.000e+00, w_pde: 1.00e+00, L^2_error: 8.083e-01, lr: 1.000e-03, Time: 8.86e+02
INFO:src.utils.logger:Model state saved to results\box\DV\20260301-115716_seed0_box_DV_b1_alternating_e600_w120_4q_2l\checkpoints\2026-03-01_11-57-16-736477_box_DV_seed\model.pth
INFO:src.utils.logger:Model weights saved to results\box\DV\20260301-115716_seed0_box_DV_b1_alternating_e600_w120_4q_2l\checkpoints\2026-03-01_11-57-16-736477_box_DV_seed\model_weights.pth
INFO:src.utils.logger:It: 160, Loss: 1.748e+01, Loss_res: 1.535e+01,  Loss_bcs: 0.000e+00, Loss_ut_ics: 7.290e-03, Loss_norm: 6.128e-02, Loss_gauge: 0.000e+00, w_pde: 1.00e+00, L^2_error: 7.847e-01, lr: 1.000e-03, Time: 9.14e+02
INFO:src.utils.logger:Model state saved to results\box\DV\20260301-115716_seed0_box_DV_b1_alternating_e600_w120_4q_2l\checkpoints\2026-03-01_11-57-16-736477_box_DV_seed\model.pth
INFO:src.utils.logger:Model weights saved to results\box\DV\20260301-115716_seed0_box_DV_b1_alternating_e600_w120_4q_2l\checkpoints\2026-03-01_11-57-16-736477_box_DV_seed\model_weights.pth
INFO:src.utils.logger:It: 165, Loss: 1.728e+01, Loss_res: 1.516e+01,  Loss_bcs: 0.000e+00, Loss_ut_ics: 7.153e-03, Loss_norm: 6.612e-02, Loss_gauge: 0.000e+00, w_pde: 1.00e+00, L^2_error: 7.567e-01, lr: 1.000e-03, Time: 9.42e+02
INFO:src.utils.logger:Model state saved to results\box\DV\20260301-115716_seed0_box_DV_b1_alternating_e600_w120_4q_2l\checkpoints\2026-03-01_11-57-16-736477_box_DV_seed\model.pth
INFO:src.utils.logger:Model weights saved to results\box\DV\20260301-115716_seed0_box_DV_b1_alternating_e600_w120_4q_2l\checkpoints\2026-03-01_11-57-16-736477_box_DV_seed\model_weights.pth
INFO:src.utils.logger:It: 170, Loss: 1.660e+01, Loss_res: 1.452e+01,  Loss_bcs: 0.000e+00, Loss_ut_ics: 6.909e-03, Loss_norm: 6.985e-02, Loss_gauge: 0.000e+00, w_pde: 1.00e+00, L^2_error: 7.257e-01, lr: 1.000e-03, Time: 9.71e+02
INFO:src.utils.logger:Model state saved to results\box\DV\20260301-115716_seed0_box_DV_b1_alternating_e600_w120_4q_2l\checkpoints\2026-03-01_11-57-16-736477_box_DV_seed\model.pth
INFO:src.utils.logger:Model weights saved to results\box\DV\20260301-115716_seed0_box_DV_b1_alternating_e600_w120_4q_2l\checkpoints\2026-03-01_11-57-16-736477_box_DV_seed\model_weights.pth
INFO:src.utils.logger:It: 175, Loss: 1.511e+01, Loss_res: 1.312e+01,  Loss_bcs: 0.000e+00, Loss_ut_ics: 6.566e-03, Loss_norm: 7.099e-02, Loss_gauge: 0.000e+00, w_pde: 1.00e+00, L^2_error: 6.895e-01, lr: 1.000e-03, Time: 9.99e+02
INFO:src.utils.logger:Model state saved to results\box\DV\20260301-115716_seed0_box_DV_b1_alternating_e600_w120_4q_2l\checkpoints\2026-03-01_11-57-16-736477_box_DV_seed\model.pth
INFO:src.utils.logger:Model weights saved to results\box\DV\20260301-115716_seed0_box_DV_b1_alternating_e600_w120_4q_2l\checkpoints\2026-03-01_11-57-16-736477_box_DV_seed\model_weights.pth
INFO:src.utils.logger:It: 180, Loss: 1.355e+01, Loss_res: 1.180e+01,  Loss_bcs: 0.000e+00, Loss_ut_ics: 5.644e-03, Loss_norm: 6.882e-02, Loss_gauge: 0.000e+00, w_pde: 1.00e+00, L^2_error: 6.494e-01, lr: 1.000e-03, Time: 1.03e+03
INFO:src.utils.logger:Model state saved to results\box\DV\20260301-115716_seed0_box_DV_b1_alternating_e600_w120_4q_2l\checkpoints\2026-03-01_11-57-16-736477_box_DV_seed\model.pth
INFO:src.utils.logger:Model weights saved to results\box\DV\20260301-115716_seed0_box_DV_b1_alternating_e600_w120_4q_2l\checkpoints\2026-03-01_11-57-16-736477_box_DV_seed\model_weights.pth
INFO:src.utils.logger:It: 185, Loss: 1.228e+01, Loss_res: 1.075e+01,  Loss_bcs: 0.000e+00, Loss_ut_ics: 4.830e-03, Loss_norm: 6.471e-02, Loss_gauge: 0.000e+00, w_pde: 1.00e+00, L^2_error: 6.032e-01, lr: 1.000e-03, Time: 1.06e+03
INFO:src.utils.logger:Model state saved to results\box\DV\20260301-115716_seed0_box_DV_b1_alternating_e600_w120_4q_2l\checkpoints\2026-03-01_11-57-16-736477_box_DV_seed\model.pth
INFO:src.utils.logger:Model weights saved to results\box\DV\20260301-115716_seed0_box_DV_b1_alternating_e600_w120_4q_2l\checkpoints\2026-03-01_11-57-16-736477_box_DV_seed\model_weights.pth
INFO:src.utils.logger:It: 190, Loss: 1.109e+01, Loss_res: 9.718e+00,  Loss_bcs: 0.000e+00, Loss_ut_ics: 4.305e-03, Loss_norm: 5.922e-02, Loss_gauge: 0.000e+00, w_pde: 1.00e+00, L^2_error: 5.527e-01, lr: 1.000e-03, Time: 1.08e+03
INFO:src.utils.logger:Model state saved to results\box\DV\20260301-115716_seed0_box_DV_b1_alternating_e600_w120_4q_2l\checkpoints\2026-03-01_11-57-16-736477_box_DV_seed\model.pth
INFO:src.utils.logger:Model weights saved to results\box\DV\20260301-115716_seed0_box_DV_b1_alternating_e600_w120_4q_2l\checkpoints\2026-03-01_11-57-16-736477_box_DV_seed\model_weights.pth
INFO:src.utils.logger:It: 195, Loss: 1.018e+01, Loss_res: 9.164e+00,  Loss_bcs: 0.000e+00, Loss_ut_ics: 3.032e-03, Loss_norm: 5.105e-02, Loss_gauge: 0.000e+00, w_pde: 1.00e+00, L^2_error: 5.093e-01, lr: 1.000e-03, Time: 1.11e+03
INFO:src.utils.logger:Model state saved to results\box\DV\20260301-115716_seed0_box_DV_b1_alternating_e600_w120_4q_2l\checkpoints\2026-03-01_11-57-16-736477_box_DV_seed\model.pth
INFO:src.utils.logger:Model weights saved to results\box\DV\20260301-115716_seed0_box_DV_b1_alternating_e600_w120_4q_2l\checkpoints\2026-03-01_11-57-16-736477_box_DV_seed\model_weights.pth
INFO:src.utils.logger:It: 200, Loss: 8.937e+00, Loss_res: 8.074e+00,  Loss_bcs: 0.000e+00, Loss_ut_ics: 2.571e-03, Loss_norm: 4.406e-02, Loss_gauge: 0.000e+00, w_pde: 1.00e+00, L^2_error: 4.551e-01, lr: 1.000e-03, Time: 1.14e+03
INFO:src.utils.logger:Model state saved to results\box\DV\20260301-115716_seed0_box_DV_b1_alternating_e600_w120_4q_2l\checkpoints\2026-03-01_11-57-16-736477_box_DV_seed\model.pth
INFO:src.utils.logger:Model weights saved to results\box\DV\20260301-115716_seed0_box_DV_b1_alternating_e600_w120_4q_2l\checkpoints\2026-03-01_11-57-16-736477_box_DV_seed\model_weights.pth
INFO:src.utils.logger:It: 205, Loss: 7.682e+00, Loss_res: 7.023e+00,  Loss_bcs: 0.000e+00, Loss_ut_ics: 1.908e-03, Loss_norm: 3.634e-02, Loss_gauge: 0.000e+00, w_pde: 1.00e+00, L^2_error: 4.114e-01, lr: 1.000e-03, Time: 1.17e+03
INFO:src.utils.logger:Model state saved to results\box\DV\20260301-115716_seed0_box_DV_b1_alternating_e600_w120_4q_2l\checkpoints\2026-03-01_11-57-16-736477_box_DV_seed\model.pth
INFO:src.utils.logger:Model weights saved to results\box\DV\20260301-115716_seed0_box_DV_b1_alternating_e600_w120_4q_2l\checkpoints\2026-03-01_11-57-16-736477_box_DV_seed\model_weights.pth
INFO:src.utils.logger:It: 210, Loss: 6.807e+00, Loss_res: 6.332e+00,  Loss_bcs: 0.000e+00, Loss_ut_ics: 1.307e-03, Loss_norm: 2.962e-02, Loss_gauge: 0.000e+00, w_pde: 1.00e+00, L^2_error: 3.743e-01, lr: 1.000e-03, Time: 1.20e+03
INFO:src.utils.logger:Model state saved to results\box\DV\20260301-115716_seed0_box_DV_b1_alternating_e600_w120_4q_2l\checkpoints\2026-03-01_11-57-16-736477_box_DV_seed\model.pth
INFO:src.utils.logger:Model weights saved to results\box\DV\20260301-115716_seed0_box_DV_b1_alternating_e600_w120_4q_2l\checkpoints\2026-03-01_11-57-16-736477_box_DV_seed\model_weights.pth
INFO:src.utils.logger:It: 215, Loss: 6.636e+00, Loss_res: 6.322e+00,  Loss_bcs: 0.000e+00, Loss_ut_ics: 7.612e-04, Loss_norm: 2.479e-02, Loss_gauge: 0.000e+00, w_pde: 1.00e+00, L^2_error: 3.464e-01, lr: 1.000e-03, Time: 1.23e+03
INFO:src.utils.logger:Model state saved to results\box\DV\20260301-115716_seed0_box_DV_b1_alternating_e600_w120_4q_2l\checkpoints\2026-03-01_11-57-16-736477_box_DV_seed\model.pth
INFO:src.utils.logger:Model weights saved to results\box\DV\20260301-115716_seed0_box_DV_b1_alternating_e600_w120_4q_2l\checkpoints\2026-03-01_11-57-16-736477_box_DV_seed\model_weights.pth
INFO:src.utils.logger:It: 220, Loss: 5.453e+00, Loss_res: 5.233e+00,  Loss_bcs: 0.000e+00, Loss_ut_ics: 4.489e-04, Loss_norm: 2.161e-02, Loss_gauge: 0.000e+00, w_pde: 1.00e+00, L^2_error: 3.197e-01, lr: 1.000e-03, Time: 1.26e+03
INFO:src.utils.logger:Model state saved to results\box\DV\20260301-115716_seed0_box_DV_b1_alternating_e600_w120_4q_2l\checkpoints\2026-03-01_11-57-16-736477_box_DV_seed\model.pth
INFO:src.utils.logger:Model weights saved to results\box\DV\20260301-115716_seed0_box_DV_b1_alternating_e600_w120_4q_2l\checkpoints\2026-03-01_11-57-16-736477_box_DV_seed\model_weights.pth
INFO:src.utils.logger:It: 225, Loss: 5.586e+00, Loss_res: 5.402e+00,  Loss_bcs: 0.000e+00, Loss_ut_ics: 3.392e-04, Loss_norm: 1.989e-02, Loss_gauge: 0.000e+00, w_pde: 1.00e+00, L^2_error: 3.007e-01, lr: 1.000e-03, Time: 1.28e+03
INFO:src.utils.logger:Model state saved to results\box\DV\20260301-115716_seed0_box_DV_b1_alternating_e600_w120_4q_2l\checkpoints\2026-03-01_11-57-16-736477_box_DV_seed\model.pth
INFO:src.utils.logger:Model weights saved to results\box\DV\20260301-115716_seed0_box_DV_b1_alternating_e600_w120_4q_2l\checkpoints\2026-03-01_11-57-16-736477_box_DV_seed\model_weights.pth
INFO:src.utils.logger:It: 230, Loss: 4.490e+00, Loss_res: 4.337e+00,  Loss_bcs: 0.000e+00, Loss_ut_ics: 2.493e-04, Loss_norm: 1.826e-02, Loss_gauge: 0.000e+00, w_pde: 1.00e+00, L^2_error: 2.871e-01, lr: 1.000e-03, Time: 1.31e+03
INFO:src.utils.logger:Model state saved to results\box\DV\20260301-115716_seed0_box_DV_b1_alternating_e600_w120_4q_2l\checkpoints\2026-03-01_11-57-16-736477_box_DV_seed\model.pth
INFO:src.utils.logger:Model weights saved to results\box\DV\20260301-115716_seed0_box_DV_b1_alternating_e600_w120_4q_2l\checkpoints\2026-03-01_11-57-16-736477_box_DV_seed\model_weights.pth
INFO:src.utils.logger:It: 235, Loss: 4.404e+00, Loss_res: 4.282e+00,  Loss_bcs: 0.000e+00, Loss_ut_ics: 1.562e-04, Loss_norm: 1.660e-02, Loss_gauge: 0.000e+00, w_pde: 1.00e+00, L^2_error: 2.778e-01, lr: 1.000e-03, Time: 1.34e+03
INFO:src.utils.logger:Model state saved to results\box\DV\20260301-115716_seed0_box_DV_b1_alternating_e600_w120_4q_2l\checkpoints\2026-03-01_11-57-16-736477_box_DV_seed\model.pth
INFO:src.utils.logger:Model weights saved to results\box\DV\20260301-115716_seed0_box_DV_b1_alternating_e600_w120_4q_2l\checkpoints\2026-03-01_11-57-16-736477_box_DV_seed\model_weights.pth
INFO:src.utils.logger:It: 240, Loss: 3.796e+00, Loss_res: 3.675e+00,  Loss_bcs: 0.000e+00, Loss_ut_ics: 1.789e-04, Loss_norm: 1.532e-02, Loss_gauge: 0.000e+00, w_pde: 1.00e+00, L^2_error: 2.664e-01, lr: 1.000e-03, Time: 1.37e+03
INFO:src.utils.logger:Model state saved to results\box\DV\20260301-115716_seed0_box_DV_b1_alternating_e600_w120_4q_2l\checkpoints\2026-03-01_11-57-16-736477_box_DV_seed\model.pth
INFO:src.utils.logger:Model weights saved to results\box\DV\20260301-115716_seed0_box_DV_b1_alternating_e600_w120_4q_2l\checkpoints\2026-03-01_11-57-16-736477_box_DV_seed\model_weights.pth
INFO:src.utils.logger:It: 245, Loss: 3.794e+00, Loss_res: 3.653e+00,  Loss_bcs: 0.000e+00, Loss_ut_ics: 2.686e-04, Loss_norm: 1.470e-02, Loss_gauge: 0.000e+00, w_pde: 1.00e+00, L^2_error: 2.545e-01, lr: 1.000e-03, Time: 1.40e+03
INFO:src.utils.logger:Model state saved to results\box\DV\20260301-115716_seed0_box_DV_b1_alternating_e600_w120_4q_2l\checkpoints\2026-03-01_11-57-16-736477_box_DV_seed\model.pth
INFO:src.utils.logger:Model weights saved to results\box\DV\20260301-115716_seed0_box_DV_b1_alternating_e600_w120_4q_2l\checkpoints\2026-03-01_11-57-16-736477_box_DV_seed\model_weights.pth
INFO:src.utils.logger:It: 250, Loss: 3.259e+00, Loss_res: 3.125e+00,  Loss_bcs: 0.000e+00, Loss_ut_ics: 2.407e-04, Loss_norm: 1.467e-02, Loss_gauge: 0.000e+00, w_pde: 1.00e+00, L^2_error: 2.415e-01, lr: 1.000e-03, Time: 1.43e+03
INFO:src.utils.logger:Model state saved to results\box\DV\20260301-115716_seed0_box_DV_b1_alternating_e600_w120_4q_2l\checkpoints\2026-03-01_11-57-16-736477_box_DV_seed\model.pth
INFO:src.utils.logger:Model weights saved to results\box\DV\20260301-115716_seed0_box_DV_b1_alternating_e600_w120_4q_2l\checkpoints\2026-03-01_11-57-16-736477_box_DV_seed\model_weights.pth
INFO:src.utils.logger:It: 255, Loss: 3.116e+00, Loss_res: 2.982e+00,  Loss_bcs: 0.000e+00, Loss_ut_ics: 2.584e-04, Loss_norm: 1.381e-02, Loss_gauge: 0.000e+00, w_pde: 1.00e+00, L^2_error: 2.266e-01, lr: 1.000e-03, Time: 1.45e+03
INFO:src.utils.logger:Model state saved to results\box\DV\20260301-115716_seed0_box_DV_b1_alternating_e600_w120_4q_2l\checkpoints\2026-03-01_11-57-16-736477_box_DV_seed\model.pth
INFO:src.utils.logger:Model weights saved to results\box\DV\20260301-115716_seed0_box_DV_b1_alternating_e600_w120_4q_2l\checkpoints\2026-03-01_11-57-16-736477_box_DV_seed\model_weights.pth
INFO:src.utils.logger:It: 260, Loss: 2.677e+00, Loss_res: 2.542e+00,  Loss_bcs: 0.000e+00, Loss_ut_ics: 2.869e-04, Loss_norm: 1.272e-02, Loss_gauge: 0.000e+00, w_pde: 1.00e+00, L^2_error: 2.058e-01, lr: 1.000e-03, Time: 1.48e+03
INFO:src.utils.logger:Model state saved to results\box\DV\20260301-115716_seed0_box_DV_b1_alternating_e600_w120_4q_2l\checkpoints\2026-03-01_11-57-16-736477_box_DV_seed\model.pth
INFO:src.utils.logger:Model weights saved to results\box\DV\20260301-115716_seed0_box_DV_b1_alternating_e600_w120_4q_2l\checkpoints\2026-03-01_11-57-16-736477_box_DV_seed\model_weights.pth
INFO:src.utils.logger:It: 265, Loss: 2.431e+00, Loss_res: 2.297e+00,  Loss_bcs: 0.000e+00, Loss_ut_ics: 3.235e-04, Loss_norm: 1.069e-02, Loss_gauge: 0.000e+00, w_pde: 1.00e+00, L^2_error: 1.915e-01, lr: 1.000e-03, Time: 1.51e+03
INFO:src.utils.logger:Model state saved to results\box\DV\20260301-115716_seed0_box_DV_b1_alternating_e600_w120_4q_2l\checkpoints\2026-03-01_11-57-16-736477_box_DV_seed\model.pth
INFO:src.utils.logger:Model weights saved to results\box\DV\20260301-115716_seed0_box_DV_b1_alternating_e600_w120_4q_2l\checkpoints\2026-03-01_11-57-16-736477_box_DV_seed\model_weights.pth
INFO:src.utils.logger:It: 270, Loss: 2.367e+00, Loss_res: 2.254e+00,  Loss_bcs: 0.000e+00, Loss_ut_ics: 2.514e-04, Loss_norm: 9.996e-03, Loss_gauge: 0.000e+00, w_pde: 1.00e+00, L^2_error: 1.756e-01, lr: 1.000e-03, Time: 1.54e+03
INFO:src.utils.logger:Model state saved to results\box\DV\20260301-115716_seed0_box_DV_b1_alternating_e600_w120_4q_2l\checkpoints\2026-03-01_11-57-16-736477_box_DV_seed\model.pth
INFO:src.utils.logger:Model weights saved to results\box\DV\20260301-115716_seed0_box_DV_b1_alternating_e600_w120_4q_2l\checkpoints\2026-03-01_11-57-16-736477_box_DV_seed\model_weights.pth
INFO:src.utils.logger:It: 275, Loss: 2.082e+00, Loss_res: 1.980e+00,  Loss_bcs: 0.000e+00, Loss_ut_ics: 2.302e-04, Loss_norm: 8.772e-03, Loss_gauge: 0.000e+00, w_pde: 1.00e+00, L^2_error: 1.606e-01, lr: 1.000e-03, Time: 1.57e+03
INFO:src.utils.logger:Model state saved to results\box\DV\20260301-115716_seed0_box_DV_b1_alternating_e600_w120_4q_2l\checkpoints\2026-03-01_11-57-16-736477_box_DV_seed\model.pth
INFO:src.utils.logger:Model weights saved to results\box\DV\20260301-115716_seed0_box_DV_b1_alternating_e600_w120_4q_2l\checkpoints\2026-03-01_11-57-16-736477_box_DV_seed\model_weights.pth
INFO:src.utils.logger:It: 280, Loss: 1.905e+00, Loss_res: 1.812e+00,  Loss_bcs: 0.000e+00, Loss_ut_ics: 2.264e-04, Loss_norm: 7.280e-03, Loss_gauge: 0.000e+00, w_pde: 1.00e+00, L^2_error: 1.472e-01, lr: 1.000e-03, Time: 1.60e+03
INFO:src.utils.logger:Model state saved to results\box\DV\20260301-115716_seed0_box_DV_b1_alternating_e600_w120_4q_2l\checkpoints\2026-03-01_11-57-16-736477_box_DV_seed\model.pth
INFO:src.utils.logger:Model weights saved to results\box\DV\20260301-115716_seed0_box_DV_b1_alternating_e600_w120_4q_2l\checkpoints\2026-03-01_11-57-16-736477_box_DV_seed\model_weights.pth
INFO:src.utils.logger:It: 285, Loss: 1.842e+00, Loss_res: 1.761e+00,  Loss_bcs: 0.000e+00, Loss_ut_ics: 1.965e-04, Loss_norm: 6.334e-03, Loss_gauge: 0.000e+00, w_pde: 1.00e+00, L^2_error: 1.368e-01, lr: 1.000e-03, Time: 1.62e+03
INFO:src.utils.logger:Model state saved to results\box\DV\20260301-115716_seed0_box_DV_b1_alternating_e600_w120_4q_2l\checkpoints\2026-03-01_11-57-16-736477_box_DV_seed\model.pth
INFO:src.utils.logger:Model weights saved to results\box\DV\20260301-115716_seed0_box_DV_b1_alternating_e600_w120_4q_2l\checkpoints\2026-03-01_11-57-16-736477_box_DV_seed\model_weights.pth
INFO:src.utils.logger:It: 290, Loss: 1.736e+00, Loss_res: 1.663e+00,  Loss_bcs: 0.000e+00, Loss_ut_ics: 1.799e-04, Loss_norm: 5.678e-03, Loss_gauge: 0.000e+00, w_pde: 1.00e+00, L^2_error: 1.267e-01, lr: 1.000e-03, Time: 1.65e+03
INFO:src.utils.logger:Model state saved to results\box\DV\20260301-115716_seed0_box_DV_b1_alternating_e600_w120_4q_2l\checkpoints\2026-03-01_11-57-16-736477_box_DV_seed\model.pth
INFO:src.utils.logger:Model weights saved to results\box\DV\20260301-115716_seed0_box_DV_b1_alternating_e600_w120_4q_2l\checkpoints\2026-03-01_11-57-16-736477_box_DV_seed\model_weights.pth
INFO:src.utils.logger:It: 295, Loss: 1.770e+00, Loss_res: 1.702e+00,  Loss_bcs: 0.000e+00, Loss_ut_ics: 1.777e-04, Loss_norm: 4.755e-03, Loss_gauge: 0.000e+00, w_pde: 1.00e+00, L^2_error: 1.214e-01, lr: 1.000e-03, Time: 1.68e+03
INFO:src.utils.logger:Model state saved to results\box\DV\20260301-115716_seed0_box_DV_b1_alternating_e600_w120_4q_2l\checkpoints\2026-03-01_11-57-16-736477_box_DV_seed\model.pth
INFO:src.utils.logger:Model weights saved to results\box\DV\20260301-115716_seed0_box_DV_b1_alternating_e600_w120_4q_2l\checkpoints\2026-03-01_11-57-16-736477_box_DV_seed\model_weights.pth
INFO:src.utils.logger:It: 300, Loss: 1.562e+00, Loss_res: 1.498e+00,  Loss_bcs: 0.000e+00, Loss_ut_ics: 1.779e-04, Loss_norm: 3.939e-03, Loss_gauge: 0.000e+00, w_pde: 1.00e+00, L^2_error: 1.165e-01, lr: 1.000e-03, Time: 1.71e+03
INFO:src.utils.logger:Model state saved to results\box\DV\20260301-115716_seed0_box_DV_b1_alternating_e600_w120_4q_2l\checkpoints\2026-03-01_11-57-16-736477_box_DV_seed\model.pth
INFO:src.utils.logger:Model weights saved to results\box\DV\20260301-115716_seed0_box_DV_b1_alternating_e600_w120_4q_2l\checkpoints\2026-03-01_11-57-16-736477_box_DV_seed\model_weights.pth
INFO:src.utils.logger:It: 305, Loss: 1.503e+00, Loss_res: 1.436e+00,  Loss_bcs: 0.000e+00, Loss_ut_ics: 1.985e-04, Loss_norm: 3.568e-03, Loss_gauge: 0.000e+00, w_pde: 1.00e+00, L^2_error: 1.083e-01, lr: 1.000e-03, Time: 1.74e+03
INFO:src.utils.logger:Model state saved to results\box\DV\20260301-115716_seed0_box_DV_b1_alternating_e600_w120_4q_2l\checkpoints\2026-03-01_11-57-16-736477_box_DV_seed\model.pth
INFO:src.utils.logger:Model weights saved to results\box\DV\20260301-115716_seed0_box_DV_b1_alternating_e600_w120_4q_2l\checkpoints\2026-03-01_11-57-16-736477_box_DV_seed\model_weights.pth
INFO:src.utils.logger:It: 310, Loss: 1.534e+00, Loss_res: 1.463e+00,  Loss_bcs: 0.000e+00, Loss_ut_ics: 2.166e-04, Loss_norm: 3.307e-03, Loss_gauge: 0.000e+00, w_pde: 1.00e+00, L^2_error: 1.050e-01, lr: 1.000e-03, Time: 1.77e+03
INFO:src.utils.logger:Model state saved to results\box\DV\20260301-115716_seed0_box_DV_b1_alternating_e600_w120_4q_2l\checkpoints\2026-03-01_11-57-16-736477_box_DV_seed\model.pth
INFO:src.utils.logger:Model weights saved to results\box\DV\20260301-115716_seed0_box_DV_b1_alternating_e600_w120_4q_2l\checkpoints\2026-03-01_11-57-16-736477_box_DV_seed\model_weights.pth
INFO:src.utils.logger:It: 315, Loss: 1.414e+00, Loss_res: 1.346e+00,  Loss_bcs: 0.000e+00, Loss_ut_ics: 2.137e-04, Loss_norm: 2.807e-03, Loss_gauge: 0.000e+00, w_pde: 1.00e+00, L^2_error: 1.055e-01, lr: 1.000e-03, Time: 1.79e+03
INFO:src.utils.logger:Model state saved to results\box\DV\20260301-115716_seed0_box_DV_b1_alternating_e600_w120_4q_2l\checkpoints\2026-03-01_11-57-16-736477_box_DV_seed\model.pth
INFO:src.utils.logger:Model weights saved to results\box\DV\20260301-115716_seed0_box_DV_b1_alternating_e600_w120_4q_2l\checkpoints\2026-03-01_11-57-16-736477_box_DV_seed\model_weights.pth
INFO:src.utils.logger:It: 320, Loss: 1.508e+00, Loss_res: 1.443e+00,  Loss_bcs: 0.000e+00, Loss_ut_ics: 2.086e-04, Loss_norm: 2.616e-03, Loss_gauge: 0.000e+00, w_pde: 1.00e+00, L^2_error: 1.047e-01, lr: 1.000e-03, Time: 1.82e+03
INFO:src.utils.logger:Model state saved to results\box\DV\20260301-115716_seed0_box_DV_b1_alternating_e600_w120_4q_2l\checkpoints\2026-03-01_11-57-16-736477_box_DV_seed\model.pth
INFO:src.utils.logger:Model weights saved to results\box\DV\20260301-115716_seed0_box_DV_b1_alternating_e600_w120_4q_2l\checkpoints\2026-03-01_11-57-16-736477_box_DV_seed\model_weights.pth
INFO:src.utils.logger:It: 325, Loss: 1.458e+00, Loss_res: 1.386e+00,  Loss_bcs: 0.000e+00, Loss_ut_ics: 2.379e-04, Loss_norm: 2.568e-03, Loss_gauge: 0.000e+00, w_pde: 1.00e+00, L^2_error: 1.021e-01, lr: 1.000e-03, Time: 1.85e+03
INFO:src.utils.logger:Model state saved to results\box\DV\20260301-115716_seed0_box_DV_b1_alternating_e600_w120_4q_2l\checkpoints\2026-03-01_11-57-16-736477_box_DV_seed\model.pth
INFO:src.utils.logger:Model weights saved to results\box\DV\20260301-115716_seed0_box_DV_b1_alternating_e600_w120_4q_2l\checkpoints\2026-03-01_11-57-16-736477_box_DV_seed\model_weights.pth
INFO:src.utils.logger:It: 330, Loss: 1.387e+00, Loss_res: 1.309e+00,  Loss_bcs: 0.000e+00, Loss_ut_ics: 2.601e-04, Loss_norm: 2.625e-03, Loss_gauge: 0.000e+00, w_pde: 1.00e+00, L^2_error: 9.831e-02, lr: 1.000e-03, Time: 1.88e+03
INFO:src.utils.logger:Model state saved to results\box\DV\20260301-115716_seed0_box_DV_b1_alternating_e600_w120_4q_2l\checkpoints\2026-03-01_11-57-16-736477_box_DV_seed\model.pth
INFO:src.utils.logger:Model weights saved to results\box\DV\20260301-115716_seed0_box_DV_b1_alternating_e600_w120_4q_2l\checkpoints\2026-03-01_11-57-16-736477_box_DV_seed\model_weights.pth
INFO:src.utils.logger:It: 335, Loss: 1.286e+00, Loss_res: 1.203e+00,  Loss_bcs: 0.000e+00, Loss_ut_ics: 2.839e-04, Loss_norm: 2.394e-03, Loss_gauge: 0.000e+00, w_pde: 1.00e+00, L^2_error: 9.754e-02, lr: 1.000e-03, Time: 1.91e+03
INFO:src.utils.logger:Model state saved to results\box\DV\20260301-115716_seed0_box_DV_b1_alternating_e600_w120_4q_2l\checkpoints\2026-03-01_11-57-16-736477_box_DV_seed\model.pth
INFO:src.utils.logger:Model weights saved to results\box\DV\20260301-115716_seed0_box_DV_b1_alternating_e600_w120_4q_2l\checkpoints\2026-03-01_11-57-16-736477_box_DV_seed\model_weights.pth
INFO:src.utils.logger:It: 340, Loss: 1.349e+00, Loss_res: 1.270e+00,  Loss_bcs: 0.000e+00, Loss_ut_ics: 2.721e-04, Loss_norm: 2.262e-03, Loss_gauge: 0.000e+00, w_pde: 1.00e+00, L^2_error: 9.818e-02, lr: 1.000e-03, Time: 1.94e+03
INFO:src.utils.logger:Model state saved to results\box\DV\20260301-115716_seed0_box_DV_b1_alternating_e600_w120_4q_2l\checkpoints\2026-03-01_11-57-16-736477_box_DV_seed\model.pth
INFO:src.utils.logger:Model weights saved to results\box\DV\20260301-115716_seed0_box_DV_b1_alternating_e600_w120_4q_2l\checkpoints\2026-03-01_11-57-16-736477_box_DV_seed\model_weights.pth
INFO:src.utils.logger:It: 345, Loss: 1.175e+00, Loss_res: 1.093e+00,  Loss_bcs: 0.000e+00, Loss_ut_ics: 2.879e-04, Loss_norm: 1.989e-03, Loss_gauge: 0.000e+00, w_pde: 1.00e+00, L^2_error: 9.764e-02, lr: 1.000e-03, Time: 1.96e+03
INFO:src.utils.logger:Model state saved to results\box\DV\20260301-115716_seed0_box_DV_b1_alternating_e600_w120_4q_2l\checkpoints\2026-03-01_11-57-16-736477_box_DV_seed\model.pth
INFO:src.utils.logger:Model weights saved to results\box\DV\20260301-115716_seed0_box_DV_b1_alternating_e600_w120_4q_2l\checkpoints\2026-03-01_11-57-16-736477_box_DV_seed\model_weights.pth
INFO:src.utils.logger:It: 350, Loss: 1.197e+00, Loss_res: 1.111e+00,  Loss_bcs: 0.000e+00, Loss_ut_ics: 3.048e-04, Loss_norm: 2.009e-03, Loss_gauge: 0.000e+00, w_pde: 1.00e+00, L^2_error: 9.697e-02, lr: 1.000e-03, Time: 1.99e+03
INFO:src.utils.logger:Model state saved to results\box\DV\20260301-115716_seed0_box_DV_b1_alternating_e600_w120_4q_2l\checkpoints\2026-03-01_11-57-16-736477_box_DV_seed\model.pth
INFO:src.utils.logger:Model weights saved to results\box\DV\20260301-115716_seed0_box_DV_b1_alternating_e600_w120_4q_2l\checkpoints\2026-03-01_11-57-16-736477_box_DV_seed\model_weights.pth
INFO:src.utils.logger:It: 355, Loss: 1.277e+00, Loss_res: 1.192e+00,  Loss_bcs: 0.000e+00, Loss_ut_ics: 2.995e-04, Loss_norm: 2.032e-03, Loss_gauge: 0.000e+00, w_pde: 1.00e+00, L^2_error: 9.558e-02, lr: 1.000e-03, Time: 2.02e+03
INFO:src.utils.logger:Model state saved to results\box\DV\20260301-115716_seed0_box_DV_b1_alternating_e600_w120_4q_2l\checkpoints\2026-03-01_11-57-16-736477_box_DV_seed\model.pth
INFO:src.utils.logger:Model weights saved to results\box\DV\20260301-115716_seed0_box_DV_b1_alternating_e600_w120_4q_2l\checkpoints\2026-03-01_11-57-16-736477_box_DV_seed\model_weights.pth
INFO:src.utils.logger:It: 360, Loss: 1.218e+00, Loss_res: 1.127e+00,  Loss_bcs: 0.000e+00, Loss_ut_ics: 3.287e-04, Loss_norm: 1.819e-03, Loss_gauge: 0.000e+00, w_pde: 1.00e+00, L^2_error: 9.462e-02, lr: 1.000e-03, Time: 2.05e+03
INFO:src.utils.logger:Model state saved to results\box\DV\20260301-115716_seed0_box_DV_b1_alternating_e600_w120_4q_2l\checkpoints\2026-03-01_11-57-16-736477_box_DV_seed\model.pth
INFO:src.utils.logger:Model weights saved to results\box\DV\20260301-115716_seed0_box_DV_b1_alternating_e600_w120_4q_2l\checkpoints\2026-03-01_11-57-16-736477_box_DV_seed\model_weights.pth
INFO:src.utils.logger:It: 365, Loss: 1.194e+00, Loss_res: 1.105e+00,  Loss_bcs: 0.000e+00, Loss_ut_ics: 3.184e-04, Loss_norm: 1.806e-03, Loss_gauge: 0.000e+00, w_pde: 1.00e+00, L^2_error: 9.308e-02, lr: 1.000e-03, Time: 2.08e+03
INFO:src.utils.logger:Model state saved to results\box\DV\20260301-115716_seed0_box_DV_b1_alternating_e600_w120_4q_2l\checkpoints\2026-03-01_11-57-16-736477_box_DV_seed\model.pth
INFO:src.utils.logger:Model weights saved to results\box\DV\20260301-115716_seed0_box_DV_b1_alternating_e600_w120_4q_2l\checkpoints\2026-03-01_11-57-16-736477_box_DV_seed\model_weights.pth
INFO:src.utils.logger:It: 370, Loss: 1.227e+00, Loss_res: 1.133e+00,  Loss_bcs: 0.000e+00, Loss_ut_ics: 3.448e-04, Loss_norm: 1.753e-03, Loss_gauge: 0.000e+00, w_pde: 1.00e+00, L^2_error: 9.160e-02, lr: 1.000e-03, Time: 2.10e+03
INFO:src.utils.logger:Model state saved to results\box\DV\20260301-115716_seed0_box_DV_b1_alternating_e600_w120_4q_2l\checkpoints\2026-03-01_11-57-16-736477_box_DV_seed\model.pth
INFO:src.utils.logger:Model weights saved to results\box\DV\20260301-115716_seed0_box_DV_b1_alternating_e600_w120_4q_2l\checkpoints\2026-03-01_11-57-16-736477_box_DV_seed\model_weights.pth
INFO:src.utils.logger:It: 375, Loss: 1.217e+00, Loss_res: 1.123e+00,  Loss_bcs: 0.000e+00, Loss_ut_ics: 3.451e-04, Loss_norm: 1.654e-03, Loss_gauge: 0.000e+00, w_pde: 1.00e+00, L^2_error: 8.980e-02, lr: 1.000e-03, Time: 2.13e+03
INFO:src.utils.logger:Model state saved to results\box\DV\20260301-115716_seed0_box_DV_b1_alternating_e600_w120_4q_2l\checkpoints\2026-03-01_11-57-16-736477_box_DV_seed\model.pth
INFO:src.utils.logger:Model weights saved to results\box\DV\20260301-115716_seed0_box_DV_b1_alternating_e600_w120_4q_2l\checkpoints\2026-03-01_11-57-16-736477_box_DV_seed\model_weights.pth
INFO:src.utils.logger:It: 380, Loss: 1.187e+00, Loss_res: 1.092e+00,  Loss_bcs: 0.000e+00, Loss_ut_ics: 3.471e-04, Loss_norm: 1.517e-03, Loss_gauge: 0.000e+00, w_pde: 1.00e+00, L^2_error: 8.995e-02, lr: 1.000e-03, Time: 2.16e+03
INFO:src.utils.logger:Model state saved to results\box\DV\20260301-115716_seed0_box_DV_b1_alternating_e600_w120_4q_2l\checkpoints\2026-03-01_11-57-16-736477_box_DV_seed\model.pth
INFO:src.utils.logger:Model weights saved to results\box\DV\20260301-115716_seed0_box_DV_b1_alternating_e600_w120_4q_2l\checkpoints\2026-03-01_11-57-16-736477_box_DV_seed\model_weights.pth
INFO:src.utils.logger:It: 385, Loss: 1.134e+00, Loss_res: 1.044e+00,  Loss_bcs: 0.000e+00, Loss_ut_ics: 3.265e-04, Loss_norm: 1.627e-03, Loss_gauge: 0.000e+00, w_pde: 1.00e+00, L^2_error: 8.980e-02, lr: 1.000e-03, Time: 2.19e+03
INFO:src.utils.logger:Model state saved to results\box\DV\20260301-115716_seed0_box_DV_b1_alternating_e600_w120_4q_2l\checkpoints\2026-03-01_11-57-16-736477_box_DV_seed\model.pth
INFO:src.utils.logger:Model weights saved to results\box\DV\20260301-115716_seed0_box_DV_b1_alternating_e600_w120_4q_2l\checkpoints\2026-03-01_11-57-16-736477_box_DV_seed\model_weights.pth
INFO:src.utils.logger:It: 390, Loss: 1.077e+00, Loss_res: 9.803e-01,  Loss_bcs: 0.000e+00, Loss_ut_ics: 3.568e-04, Loss_norm: 1.504e-03, Loss_gauge: 0.000e+00, w_pde: 1.00e+00, L^2_error: 8.894e-02, lr: 1.000e-03, Time: 2.22e+03
INFO:src.utils.logger:Model state saved to results\box\DV\20260301-115716_seed0_box_DV_b1_alternating_e600_w120_4q_2l\checkpoints\2026-03-01_11-57-16-736477_box_DV_seed\model.pth
INFO:src.utils.logger:Model weights saved to results\box\DV\20260301-115716_seed0_box_DV_b1_alternating_e600_w120_4q_2l\checkpoints\2026-03-01_11-57-16-736477_box_DV_seed\model_weights.pth
INFO:src.utils.logger:It: 395, Loss: 1.162e+00, Loss_res: 1.066e+00,  Loss_bcs: 0.000e+00, Loss_ut_ics: 3.548e-04, Loss_norm: 1.499e-03, Loss_gauge: 0.000e+00, w_pde: 1.00e+00, L^2_error: 8.699e-02, lr: 1.000e-03, Time: 2.25e+03
INFO:src.utils.logger:Model state saved to results\box\DV\20260301-115716_seed0_box_DV_b1_alternating_e600_w120_4q_2l\checkpoints\2026-03-01_11-57-16-736477_box_DV_seed\model.pth
INFO:src.utils.logger:Model weights saved to results\box\DV\20260301-115716_seed0_box_DV_b1_alternating_e600_w120_4q_2l\checkpoints\2026-03-01_11-57-16-736477_box_DV_seed\model_weights.pth
INFO:src.utils.logger:It: 400, Loss: 1.162e+00, Loss_res: 1.056e+00,  Loss_bcs: 0.000e+00, Loss_ut_ics: 3.933e-04, Loss_norm: 1.409e-03, Loss_gauge: 0.000e+00, w_pde: 1.00e+00, L^2_error: 8.636e-02, lr: 1.000e-03, Time: 2.27e+03
INFO:src.utils.logger:Model state saved to results\box\DV\20260301-115716_seed0_box_DV_b1_alternating_e600_w120_4q_2l\checkpoints\2026-03-01_11-57-16-736477_box_DV_seed\model.pth
INFO:src.utils.logger:Model weights saved to results\box\DV\20260301-115716_seed0_box_DV_b1_alternating_e600_w120_4q_2l\checkpoints\2026-03-01_11-57-16-736477_box_DV_seed\model_weights.pth
INFO:src.utils.logger:It: 405, Loss: 1.085e+00, Loss_res: 9.831e-01,  Loss_bcs: 0.000e+00, Loss_ut_ics: 3.812e-04, Loss_norm: 1.356e-03, Loss_gauge: 0.000e+00, w_pde: 1.00e+00, L^2_error: 8.796e-02, lr: 1.000e-03, Time: 2.30e+03
INFO:src.utils.logger:Model state saved to results\box\DV\20260301-115716_seed0_box_DV_b1_alternating_e600_w120_4q_2l\checkpoints\2026-03-01_11-57-16-736477_box_DV_seed\model.pth
INFO:src.utils.logger:Model weights saved to results\box\DV\20260301-115716_seed0_box_DV_b1_alternating_e600_w120_4q_2l\checkpoints\2026-03-01_11-57-16-736477_box_DV_seed\model_weights.pth
INFO:src.utils.logger:It: 410, Loss: 1.150e+00, Loss_res: 1.054e+00,  Loss_bcs: 0.000e+00, Loss_ut_ics: 3.558e-04, Loss_norm: 1.430e-03, Loss_gauge: 0.000e+00, w_pde: 1.00e+00, L^2_error: 8.605e-02, lr: 1.000e-03, Time: 2.33e+03
INFO:src.utils.logger:Model state saved to results\box\DV\20260301-115716_seed0_box_DV_b1_alternating_e600_w120_4q_2l\checkpoints\2026-03-01_11-57-16-736477_box_DV_seed\model.pth
INFO:src.utils.logger:Model weights saved to results\box\DV\20260301-115716_seed0_box_DV_b1_alternating_e600_w120_4q_2l\checkpoints\2026-03-01_11-57-16-736477_box_DV_seed\model_weights.pth
INFO:src.utils.logger:It: 415, Loss: 1.081e+00, Loss_res: 9.873e-01,  Loss_bcs: 0.000e+00, Loss_ut_ics: 3.472e-04, Loss_norm: 1.301e-03, Loss_gauge: 0.000e+00, w_pde: 1.00e+00, L^2_error: 8.584e-02, lr: 1.000e-03, Time: 2.36e+03
INFO:src.utils.logger:Model state saved to results\box\DV\20260301-115716_seed0_box_DV_b1_alternating_e600_w120_4q_2l\checkpoints\2026-03-01_11-57-16-736477_box_DV_seed\model.pth
INFO:src.utils.logger:Model weights saved to results\box\DV\20260301-115716_seed0_box_DV_b1_alternating_e600_w120_4q_2l\checkpoints\2026-03-01_11-57-16-736477_box_DV_seed\model_weights.pth
INFO:src.utils.logger:It: 420, Loss: 1.024e+00, Loss_res: 9.265e-01,  Loss_bcs: 0.000e+00, Loss_ut_ics: 3.663e-04, Loss_norm: 1.278e-03, Loss_gauge: 0.000e+00, w_pde: 1.00e+00, L^2_error: 8.727e-02, lr: 1.000e-03, Time: 2.39e+03
INFO:src.utils.logger:Model state saved to results\box\DV\20260301-115716_seed0_box_DV_b1_alternating_e600_w120_4q_2l\checkpoints\2026-03-01_11-57-16-736477_box_DV_seed\model.pth
INFO:src.utils.logger:Model weights saved to results\box\DV\20260301-115716_seed0_box_DV_b1_alternating_e600_w120_4q_2l\checkpoints\2026-03-01_11-57-16-736477_box_DV_seed\model_weights.pth
INFO:src.utils.logger:It: 425, Loss: 1.044e+00, Loss_res: 9.556e-01,  Loss_bcs: 0.000e+00, Loss_ut_ics: 3.286e-04, Loss_norm: 1.280e-03, Loss_gauge: 0.000e+00, w_pde: 1.00e+00, L^2_error: 8.386e-02, lr: 1.000e-03, Time: 2.42e+03
INFO:src.utils.logger:Model state saved to results\box\DV\20260301-115716_seed0_box_DV_b1_alternating_e600_w120_4q_2l\checkpoints\2026-03-01_11-57-16-736477_box_DV_seed\model.pth
INFO:src.utils.logger:Model weights saved to results\box\DV\20260301-115716_seed0_box_DV_b1_alternating_e600_w120_4q_2l\checkpoints\2026-03-01_11-57-16-736477_box_DV_seed\model_weights.pth
INFO:src.utils.logger:It: 430, Loss: 1.071e+00, Loss_res: 9.727e-01,  Loss_bcs: 0.000e+00, Loss_ut_ics: 3.691e-04, Loss_norm: 1.189e-03, Loss_gauge: 0.000e+00, w_pde: 1.00e+00, L^2_error: 8.174e-02, lr: 1.000e-03, Time: 2.44e+03
INFO:src.utils.logger:Model state saved to results\box\DV\20260301-115716_seed0_box_DV_b1_alternating_e600_w120_4q_2l\checkpoints\2026-03-01_11-57-16-736477_box_DV_seed\model.pth
INFO:src.utils.logger:Model weights saved to results\box\DV\20260301-115716_seed0_box_DV_b1_alternating_e600_w120_4q_2l\checkpoints\2026-03-01_11-57-16-736477_box_DV_seed\model_weights.pth
INFO:src.utils.logger:It: 435, Loss: 9.460e-01, Loss_res: 8.588e-01,  Loss_bcs: 0.000e+00, Loss_ut_ics: 3.236e-04, Loss_norm: 1.272e-03, Loss_gauge: 0.000e+00, w_pde: 1.00e+00, L^2_error: 8.160e-02, lr: 1.000e-03, Time: 2.47e+03
INFO:src.utils.logger:Model state saved to results\box\DV\20260301-115716_seed0_box_DV_b1_alternating_e600_w120_4q_2l\checkpoints\2026-03-01_11-57-16-736477_box_DV_seed\model.pth
INFO:src.utils.logger:Model weights saved to results\box\DV\20260301-115716_seed0_box_DV_b1_alternating_e600_w120_4q_2l\checkpoints\2026-03-01_11-57-16-736477_box_DV_seed\model_weights.pth
INFO:src.utils.logger:It: 440, Loss: 1.003e+00, Loss_res: 9.112e-01,  Loss_bcs: 0.000e+00, Loss_ut_ics: 3.467e-04, Loss_norm: 1.084e-03, Loss_gauge: 0.000e+00, w_pde: 1.00e+00, L^2_error: 8.186e-02, lr: 1.000e-03, Time: 2.50e+03
INFO:src.utils.logger:Model state saved to results\box\DV\20260301-115716_seed0_box_DV_b1_alternating_e600_w120_4q_2l\checkpoints\2026-03-01_11-57-16-736477_box_DV_seed\model.pth
INFO:src.utils.logger:Model weights saved to results\box\DV\20260301-115716_seed0_box_DV_b1_alternating_e600_w120_4q_2l\checkpoints\2026-03-01_11-57-16-736477_box_DV_seed\model_weights.pth
INFO:src.utils.logger:It: 445, Loss: 9.620e-01, Loss_res: 8.638e-01,  Loss_bcs: 0.000e+00, Loss_ut_ics: 3.714e-04, Loss_norm: 1.060e-03, Loss_gauge: 0.000e+00, w_pde: 1.00e+00, L^2_error: 8.102e-02, lr: 1.000e-03, Time: 2.53e+03
INFO:src.utils.logger:Model state saved to results\box\DV\20260301-115716_seed0_box_DV_b1_alternating_e600_w120_4q_2l\checkpoints\2026-03-01_11-57-16-736477_box_DV_seed\model.pth
INFO:src.utils.logger:Model weights saved to results\box\DV\20260301-115716_seed0_box_DV_b1_alternating_e600_w120_4q_2l\checkpoints\2026-03-01_11-57-16-736477_box_DV_seed\model_weights.pth
INFO:src.utils.logger:It: 450, Loss: 1.019e+00, Loss_res: 9.170e-01,  Loss_bcs: 0.000e+00, Loss_ut_ics: 3.853e-04, Loss_norm: 1.196e-03, Loss_gauge: 0.000e+00, w_pde: 1.00e+00, L^2_error: 8.022e-02, lr: 1.000e-03, Time: 2.56e+03
INFO:src.utils.logger:Model state saved to results\box\DV\20260301-115716_seed0_box_DV_b1_alternating_e600_w120_4q_2l\checkpoints\2026-03-01_11-57-16-736477_box_DV_seed\model.pth
INFO:src.utils.logger:Model weights saved to results\box\DV\20260301-115716_seed0_box_DV_b1_alternating_e600_w120_4q_2l\checkpoints\2026-03-01_11-57-16-736477_box_DV_seed\model_weights.pth
INFO:src.utils.logger:It: 455, Loss: 1.047e+00, Loss_res: 9.558e-01,  Loss_bcs: 0.000e+00, Loss_ut_ics: 3.430e-04, Loss_norm: 1.142e-03, Loss_gauge: 0.000e+00, w_pde: 1.00e+00, L^2_error: 7.973e-02, lr: 1.000e-03, Time: 2.59e+03
INFO:src.utils.logger:Model state saved to results\box\DV\20260301-115716_seed0_box_DV_b1_alternating_e600_w120_4q_2l\checkpoints\2026-03-01_11-57-16-736477_box_DV_seed\model.pth
INFO:src.utils.logger:Model weights saved to results\box\DV\20260301-115716_seed0_box_DV_b1_alternating_e600_w120_4q_2l\checkpoints\2026-03-01_11-57-16-736477_box_DV_seed\model_weights.pth
INFO:src.utils.logger:It: 460, Loss: 9.903e-01, Loss_res: 8.875e-01,  Loss_bcs: 0.000e+00, Loss_ut_ics: 3.898e-04, Loss_norm: 1.067e-03, Loss_gauge: 0.000e+00, w_pde: 1.00e+00, L^2_error: 8.004e-02, lr: 1.000e-03, Time: 2.62e+03
INFO:src.utils.logger:Model state saved to results\box\DV\20260301-115716_seed0_box_DV_b1_alternating_e600_w120_4q_2l\checkpoints\2026-03-01_11-57-16-736477_box_DV_seed\model.pth
INFO:src.utils.logger:Model weights saved to results\box\DV\20260301-115716_seed0_box_DV_b1_alternating_e600_w120_4q_2l\checkpoints\2026-03-01_11-57-16-736477_box_DV_seed\model_weights.pth
INFO:src.utils.logger:It: 465, Loss: 1.033e+00, Loss_res: 9.421e-01,  Loss_bcs: 0.000e+00, Loss_ut_ics: 3.400e-04, Loss_norm: 1.186e-03, Loss_gauge: 0.000e+00, w_pde: 1.00e+00, L^2_error: 7.854e-02, lr: 1.000e-03, Time: 2.64e+03
INFO:src.utils.logger:Model state saved to results\box\DV\20260301-115716_seed0_box_DV_b1_alternating_e600_w120_4q_2l\checkpoints\2026-03-01_11-57-16-736477_box_DV_seed\model.pth
INFO:src.utils.logger:Model weights saved to results\box\DV\20260301-115716_seed0_box_DV_b1_alternating_e600_w120_4q_2l\checkpoints\2026-03-01_11-57-16-736477_box_DV_seed\model_weights.pth
INFO:src.utils.logger:It: 470, Loss: 9.904e-01, Loss_res: 9.018e-01,  Loss_bcs: 0.000e+00, Loss_ut_ics: 3.331e-04, Loss_norm: 1.068e-03, Loss_gauge: 0.000e+00, w_pde: 1.00e+00, L^2_error: 7.731e-02, lr: 1.000e-03, Time: 2.67e+03
INFO:src.utils.logger:Model state saved to results\box\DV\20260301-115716_seed0_box_DV_b1_alternating_e600_w120_4q_2l\checkpoints\2026-03-01_11-57-16-736477_box_DV_seed\model.pth
INFO:src.utils.logger:Model weights saved to results\box\DV\20260301-115716_seed0_box_DV_b1_alternating_e600_w120_4q_2l\checkpoints\2026-03-01_11-57-16-736477_box_DV_seed\model_weights.pth
INFO:src.utils.logger:It: 475, Loss: 9.992e-01, Loss_res: 9.057e-01,  Loss_bcs: 0.000e+00, Loss_ut_ics: 3.540e-04, Loss_norm: 1.008e-03, Loss_gauge: 0.000e+00, w_pde: 1.00e+00, L^2_error: 7.773e-02, lr: 1.000e-03, Time: 2.70e+03
INFO:src.utils.logger:Model state saved to results\box\DV\20260301-115716_seed0_box_DV_b1_alternating_e600_w120_4q_2l\checkpoints\2026-03-01_11-57-16-736477_box_DV_seed\model.pth
INFO:src.utils.logger:Model weights saved to results\box\DV\20260301-115716_seed0_box_DV_b1_alternating_e600_w120_4q_2l\checkpoints\2026-03-01_11-57-16-736477_box_DV_seed\model_weights.pth
INFO:src.utils.logger:It: 480, Loss: 1.085e+00, Loss_res: 9.928e-01,  Loss_bcs: 0.000e+00, Loss_ut_ics: 3.504e-04, Loss_norm: 9.303e-04, Loss_gauge: 0.000e+00, w_pde: 1.00e+00, L^2_error: 7.864e-02, lr: 1.000e-03, Time: 2.73e+03
INFO:src.utils.logger:Model state saved to results\box\DV\20260301-115716_seed0_box_DV_b1_alternating_e600_w120_4q_2l\checkpoints\2026-03-01_11-57-16-736477_box_DV_seed\model.pth
INFO:src.utils.logger:Model weights saved to results\box\DV\20260301-115716_seed0_box_DV_b1_alternating_e600_w120_4q_2l\checkpoints\2026-03-01_11-57-16-736477_box_DV_seed\model_weights.pth
INFO:src.utils.logger:It: 485, Loss: 9.104e-01, Loss_res: 8.215e-01,  Loss_bcs: 0.000e+00, Loss_ut_ics: 3.334e-04, Loss_norm: 1.105e-03, Loss_gauge: 0.000e+00, w_pde: 1.00e+00, L^2_error: 7.730e-02, lr: 1.000e-03, Time: 2.76e+03
INFO:src.utils.logger:Model state saved to results\box\DV\20260301-115716_seed0_box_DV_b1_alternating_e600_w120_4q_2l\checkpoints\2026-03-01_11-57-16-736477_box_DV_seed\model.pth
INFO:src.utils.logger:Model weights saved to results\box\DV\20260301-115716_seed0_box_DV_b1_alternating_e600_w120_4q_2l\checkpoints\2026-03-01_11-57-16-736477_box_DV_seed\model_weights.pth
INFO:src.utils.logger:It: 490, Loss: 8.728e-01, Loss_res: 7.787e-01,  Loss_bcs: 0.000e+00, Loss_ut_ics: 3.595e-04, Loss_norm: 8.315e-04, Loss_gauge: 0.000e+00, w_pde: 1.00e+00, L^2_error: 7.689e-02, lr: 1.000e-03, Time: 2.79e+03
INFO:src.utils.logger:Model state saved to results\box\DV\20260301-115716_seed0_box_DV_b1_alternating_e600_w120_4q_2l\checkpoints\2026-03-01_11-57-16-736477_box_DV_seed\model.pth
INFO:src.utils.logger:Model weights saved to results\box\DV\20260301-115716_seed0_box_DV_b1_alternating_e600_w120_4q_2l\checkpoints\2026-03-01_11-57-16-736477_box_DV_seed\model_weights.pth
INFO:src.utils.logger:It: 495, Loss: 9.672e-01, Loss_res: 8.788e-01,  Loss_bcs: 0.000e+00, Loss_ut_ics: 3.355e-04, Loss_norm: 9.066e-04, Loss_gauge: 0.000e+00, w_pde: 1.00e+00, L^2_error: 7.598e-02, lr: 1.000e-03, Time: 2.81e+03
INFO:src.utils.logger:Model state saved to results\box\DV\20260301-115716_seed0_box_DV_b1_alternating_e600_w120_4q_2l\checkpoints\2026-03-01_11-57-16-736477_box_DV_seed\model.pth
INFO:src.utils.logger:Model weights saved to results\box\DV\20260301-115716_seed0_box_DV_b1_alternating_e600_w120_4q_2l\checkpoints\2026-03-01_11-57-16-736477_box_DV_seed\model_weights.pth
INFO:src.utils.logger:It: 500, Loss: 9.517e-01, Loss_res: 8.600e-01,  Loss_bcs: 0.000e+00, Loss_ut_ics: 3.471e-04, Loss_norm: 9.902e-04, Loss_gauge: 0.000e+00, w_pde: 1.00e+00, L^2_error: 7.527e-02, lr: 1.000e-03, Time: 2.84e+03
INFO:src.utils.logger:Model state saved to results\box\DV\20260301-115716_seed0_box_DV_b1_alternating_e600_w120_4q_2l\checkpoints\2026-03-01_11-57-16-736477_box_DV_seed\model.pth
INFO:src.utils.logger:Model weights saved to results\box\DV\20260301-115716_seed0_box_DV_b1_alternating_e600_w120_4q_2l\checkpoints\2026-03-01_11-57-16-736477_box_DV_seed\model_weights.pth
INFO:src.utils.logger:It: 505, Loss: 8.131e-01, Loss_res: 7.273e-01,  Loss_bcs: 0.000e+00, Loss_ut_ics: 3.258e-04, Loss_norm: 8.750e-04, Loss_gauge: 0.000e+00, w_pde: 1.00e+00, L^2_error: 7.577e-02, lr: 1.000e-03, Time: 2.87e+03
INFO:src.utils.logger:Model state saved to results\box\DV\20260301-115716_seed0_box_DV_b1_alternating_e600_w120_4q_2l\checkpoints\2026-03-01_11-57-16-736477_box_DV_seed\model.pth
INFO:src.utils.logger:Model weights saved to results\box\DV\20260301-115716_seed0_box_DV_b1_alternating_e600_w120_4q_2l\checkpoints\2026-03-01_11-57-16-736477_box_DV_seed\model_weights.pth
INFO:src.utils.logger:It: 510, Loss: 9.061e-01, Loss_res: 8.257e-01,  Loss_bcs: 0.000e+00, Loss_ut_ics: 3.052e-04, Loss_norm: 8.025e-04, Loss_gauge: 0.000e+00, w_pde: 1.00e+00, L^2_error: 7.677e-02, lr: 1.000e-03, Time: 2.90e+03
INFO:src.utils.logger:Model state saved to results\box\DV\20260301-115716_seed0_box_DV_b1_alternating_e600_w120_4q_2l\checkpoints\2026-03-01_11-57-16-736477_box_DV_seed\model.pth
INFO:src.utils.logger:Model weights saved to results\box\DV\20260301-115716_seed0_box_DV_b1_alternating_e600_w120_4q_2l\checkpoints\2026-03-01_11-57-16-736477_box_DV_seed\model_weights.pth
INFO:src.utils.logger:It: 515, Loss: 8.925e-01, Loss_res: 8.095e-01,  Loss_bcs: 0.000e+00, Loss_ut_ics: 3.131e-04, Loss_norm: 9.361e-04, Loss_gauge: 0.000e+00, w_pde: 1.00e+00, L^2_error: 7.561e-02, lr: 1.000e-03, Time: 2.93e+03
INFO:src.utils.logger:Model state saved to results\box\DV\20260301-115716_seed0_box_DV_b1_alternating_e600_w120_4q_2l\checkpoints\2026-03-01_11-57-16-736477_box_DV_seed\model.pth
INFO:src.utils.logger:Model weights saved to results\box\DV\20260301-115716_seed0_box_DV_b1_alternating_e600_w120_4q_2l\checkpoints\2026-03-01_11-57-16-736477_box_DV_seed\model_weights.pth
INFO:src.utils.logger:It: 520, Loss: 9.374e-01, Loss_res: 8.581e-01,  Loss_bcs: 0.000e+00, Loss_ut_ics: 2.981e-04, Loss_norm: 9.458e-04, Loss_gauge: 0.000e+00, w_pde: 1.00e+00, L^2_error: 7.225e-02, lr: 1.000e-03, Time: 2.96e+03
INFO:src.utils.logger:Model state saved to results\box\DV\20260301-115716_seed0_box_DV_b1_alternating_e600_w120_4q_2l\checkpoints\2026-03-01_11-57-16-736477_box_DV_seed\model.pth
INFO:src.utils.logger:Model weights saved to results\box\DV\20260301-115716_seed0_box_DV_b1_alternating_e600_w120_4q_2l\checkpoints\2026-03-01_11-57-16-736477_box_DV_seed\model_weights.pth
INFO:src.utils.logger:It: 525, Loss: 9.452e-01, Loss_res: 8.655e-01,  Loss_bcs: 0.000e+00, Loss_ut_ics: 3.001e-04, Loss_norm: 9.354e-04, Loss_gauge: 0.000e+00, w_pde: 1.00e+00, L^2_error: 7.226e-02, lr: 1.000e-03, Time: 2.99e+03
INFO:src.utils.logger:Model state saved to results\box\DV\20260301-115716_seed0_box_DV_b1_alternating_e600_w120_4q_2l\checkpoints\2026-03-01_11-57-16-736477_box_DV_seed\model.pth
INFO:src.utils.logger:Model weights saved to results\box\DV\20260301-115716_seed0_box_DV_b1_alternating_e600_w120_4q_2l\checkpoints\2026-03-01_11-57-16-736477_box_DV_seed\model_weights.pth
INFO:src.utils.logger:It: 530, Loss: 8.378e-01, Loss_res: 7.580e-01,  Loss_bcs: 0.000e+00, Loss_ut_ics: 3.029e-04, Loss_norm: 8.173e-04, Loss_gauge: 0.000e+00, w_pde: 1.00e+00, L^2_error: 7.236e-02, lr: 1.000e-03, Time: 3.01e+03
INFO:src.utils.logger:Model state saved to results\box\DV\20260301-115716_seed0_box_DV_b1_alternating_e600_w120_4q_2l\checkpoints\2026-03-01_11-57-16-736477_box_DV_seed\model.pth
INFO:src.utils.logger:Model weights saved to results\box\DV\20260301-115716_seed0_box_DV_b1_alternating_e600_w120_4q_2l\checkpoints\2026-03-01_11-57-16-736477_box_DV_seed\model_weights.pth
INFO:src.utils.logger:It: 535, Loss: 9.257e-01, Loss_res: 8.440e-01,  Loss_bcs: 0.000e+00, Loss_ut_ics: 3.118e-04, Loss_norm: 7.388e-04, Loss_gauge: 0.000e+00, w_pde: 1.00e+00, L^2_error: 7.223e-02, lr: 1.000e-03, Time: 3.04e+03
INFO:src.utils.logger:Model state saved to results\box\DV\20260301-115716_seed0_box_DV_b1_alternating_e600_w120_4q_2l\checkpoints\2026-03-01_11-57-16-736477_box_DV_seed\model.pth
INFO:src.utils.logger:Model weights saved to results\box\DV\20260301-115716_seed0_box_DV_b1_alternating_e600_w120_4q_2l\checkpoints\2026-03-01_11-57-16-736477_box_DV_seed\model_weights.pth
INFO:src.utils.logger:It: 540, Loss: 9.113e-01, Loss_res: 8.306e-01,  Loss_bcs: 0.000e+00, Loss_ut_ics: 3.064e-04, Loss_norm: 8.284e-04, Loss_gauge: 0.000e+00, w_pde: 1.00e+00, L^2_error: 7.225e-02, lr: 1.000e-03, Time: 3.07e+03
INFO:src.utils.logger:Model state saved to results\box\DV\20260301-115716_seed0_box_DV_b1_alternating_e600_w120_4q_2l\checkpoints\2026-03-01_11-57-16-736477_box_DV_seed\model.pth
INFO:src.utils.logger:Model weights saved to results\box\DV\20260301-115716_seed0_box_DV_b1_alternating_e600_w120_4q_2l\checkpoints\2026-03-01_11-57-16-736477_box_DV_seed\model_weights.pth
INFO:src.utils.logger:It: 545, Loss: 8.641e-01, Loss_res: 7.906e-01,  Loss_bcs: 0.000e+00, Loss_ut_ics: 2.797e-04, Loss_norm: 7.262e-04, Loss_gauge: 0.000e+00, w_pde: 1.00e+00, L^2_error: 7.139e-02, lr: 1.000e-03, Time: 3.10e+03
INFO:src.utils.logger:Model state saved to results\box\DV\20260301-115716_seed0_box_DV_b1_alternating_e600_w120_4q_2l\checkpoints\2026-03-01_11-57-16-736477_box_DV_seed\model.pth
INFO:src.utils.logger:Model weights saved to results\box\DV\20260301-115716_seed0_box_DV_b1_alternating_e600_w120_4q_2l\checkpoints\2026-03-01_11-57-16-736477_box_DV_seed\model_weights.pth
INFO:src.utils.logger:It: 550, Loss: 8.537e-01, Loss_res: 7.789e-01,  Loss_bcs: 0.000e+00, Loss_ut_ics: 2.825e-04, Loss_norm: 8.352e-04, Loss_gauge: 0.000e+00, w_pde: 1.00e+00, L^2_error: 7.091e-02, lr: 1.000e-03, Time: 3.13e+03
INFO:src.utils.logger:Model state saved to results\box\DV\20260301-115716_seed0_box_DV_b1_alternating_e600_w120_4q_2l\checkpoints\2026-03-01_11-57-16-736477_box_DV_seed\model.pth
INFO:src.utils.logger:Model weights saved to results\box\DV\20260301-115716_seed0_box_DV_b1_alternating_e600_w120_4q_2l\checkpoints\2026-03-01_11-57-16-736477_box_DV_seed\model_weights.pth
INFO:src.utils.logger:It: 555, Loss: 8.383e-01, Loss_res: 7.534e-01,  Loss_bcs: 0.000e+00, Loss_ut_ics: 3.243e-04, Loss_norm: 7.588e-04, Loss_gauge: 0.000e+00, w_pde: 1.00e+00, L^2_error: 7.020e-02, lr: 1.000e-03, Time: 3.16e+03
INFO:src.utils.logger:Model state saved to results\box\DV\20260301-115716_seed0_box_DV_b1_alternating_e600_w120_4q_2l\checkpoints\2026-03-01_11-57-16-736477_box_DV_seed\model.pth
INFO:src.utils.logger:Model weights saved to results\box\DV\20260301-115716_seed0_box_DV_b1_alternating_e600_w120_4q_2l\checkpoints\2026-03-01_11-57-16-736477_box_DV_seed\model_weights.pth
INFO:src.utils.logger:It: 560, Loss: 7.736e-01, Loss_res: 6.926e-01,  Loss_bcs: 0.000e+00, Loss_ut_ics: 3.092e-04, Loss_norm: 7.335e-04, Loss_gauge: 0.000e+00, w_pde: 1.00e+00, L^2_error: 7.018e-02, lr: 1.000e-03, Time: 3.19e+03
INFO:src.utils.logger:Model state saved to results\box\DV\20260301-115716_seed0_box_DV_b1_alternating_e600_w120_4q_2l\checkpoints\2026-03-01_11-57-16-736477_box_DV_seed\model.pth
INFO:src.utils.logger:Model weights saved to results\box\DV\20260301-115716_seed0_box_DV_b1_alternating_e600_w120_4q_2l\checkpoints\2026-03-01_11-57-16-736477_box_DV_seed\model_weights.pth
INFO:src.utils.logger:It: 565, Loss: 8.187e-01, Loss_res: 7.457e-01,  Loss_bcs: 0.000e+00, Loss_ut_ics: 2.756e-04, Loss_norm: 8.085e-04, Loss_gauge: 0.000e+00, w_pde: 1.00e+00, L^2_error: 6.993e-02, lr: 1.000e-03, Time: 3.21e+03
INFO:src.utils.logger:Model state saved to results\box\DV\20260301-115716_seed0_box_DV_b1_alternating_e600_w120_4q_2l\checkpoints\2026-03-01_11-57-16-736477_box_DV_seed\model.pth
INFO:src.utils.logger:Model weights saved to results\box\DV\20260301-115716_seed0_box_DV_b1_alternating_e600_w120_4q_2l\checkpoints\2026-03-01_11-57-16-736477_box_DV_seed\model_weights.pth
INFO:src.utils.logger:It: 570, Loss: 8.458e-01, Loss_res: 7.716e-01,  Loss_bcs: 0.000e+00, Loss_ut_ics: 2.833e-04, Loss_norm: 6.652e-04, Loss_gauge: 0.000e+00, w_pde: 1.00e+00, L^2_error: 6.888e-02, lr: 1.000e-03, Time: 3.24e+03
INFO:src.utils.logger:Model state saved to results\box\DV\20260301-115716_seed0_box_DV_b1_alternating_e600_w120_4q_2l\checkpoints\2026-03-01_11-57-16-736477_box_DV_seed\model.pth
INFO:src.utils.logger:Model weights saved to results\box\DV\20260301-115716_seed0_box_DV_b1_alternating_e600_w120_4q_2l\checkpoints\2026-03-01_11-57-16-736477_box_DV_seed\model_weights.pth
INFO:src.utils.logger:It: 575, Loss: 7.928e-01, Loss_res: 7.194e-01,  Loss_bcs: 0.000e+00, Loss_ut_ics: 2.776e-04, Loss_norm: 7.940e-04, Loss_gauge: 0.000e+00, w_pde: 1.00e+00, L^2_error: 6.901e-02, lr: 1.000e-03, Time: 3.27e+03
INFO:src.utils.logger:Model state saved to results\box\DV\20260301-115716_seed0_box_DV_b1_alternating_e600_w120_4q_2l\checkpoints\2026-03-01_11-57-16-736477_box_DV_seed\model.pth
INFO:src.utils.logger:Model weights saved to results\box\DV\20260301-115716_seed0_box_DV_b1_alternating_e600_w120_4q_2l\checkpoints\2026-03-01_11-57-16-736477_box_DV_seed\model_weights.pth
INFO:src.utils.logger:It: 580, Loss: 8.612e-01, Loss_res: 7.921e-01,  Loss_bcs: 0.000e+00, Loss_ut_ics: 2.627e-04, Loss_norm: 6.795e-04, Loss_gauge: 0.000e+00, w_pde: 1.00e+00, L^2_error: 6.843e-02, lr: 1.000e-03, Time: 3.30e+03
INFO:src.utils.logger:Model state saved to results\box\DV\20260301-115716_seed0_box_DV_b1_alternating_e600_w120_4q_2l\checkpoints\2026-03-01_11-57-16-736477_box_DV_seed\model.pth
INFO:src.utils.logger:Model weights saved to results\box\DV\20260301-115716_seed0_box_DV_b1_alternating_e600_w120_4q_2l\checkpoints\2026-03-01_11-57-16-736477_box_DV_seed\model_weights.pth
INFO:src.utils.logger:It: 585, Loss: 7.908e-01, Loss_res: 7.216e-01,  Loss_bcs: 0.000e+00, Loss_ut_ics: 2.615e-04, Loss_norm: 7.550e-04, Loss_gauge: 0.000e+00, w_pde: 1.00e+00, L^2_error: 6.881e-02, lr: 1.000e-03, Time: 3.33e+03
INFO:src.utils.logger:Model state saved to results\box\DV\20260301-115716_seed0_box_DV_b1_alternating_e600_w120_4q_2l\checkpoints\2026-03-01_11-57-16-736477_box_DV_seed\model.pth
INFO:src.utils.logger:Model weights saved to results\box\DV\20260301-115716_seed0_box_DV_b1_alternating_e600_w120_4q_2l\checkpoints\2026-03-01_11-57-16-736477_box_DV_seed\model_weights.pth
INFO:src.utils.logger:It: 590, Loss: 8.182e-01, Loss_res: 7.508e-01,  Loss_bcs: 0.000e+00, Loss_ut_ics: 2.539e-04, Loss_norm: 7.871e-04, Loss_gauge: 0.000e+00, w_pde: 1.00e+00, L^2_error: 6.837e-02, lr: 1.000e-03, Time: 3.36e+03
INFO:src.utils.logger:Model state saved to results\box\DV\20260301-115716_seed0_box_DV_b1_alternating_e600_w120_4q_2l\checkpoints\2026-03-01_11-57-16-736477_box_DV_seed\model.pth
INFO:src.utils.logger:Model weights saved to results\box\DV\20260301-115716_seed0_box_DV_b1_alternating_e600_w120_4q_2l\checkpoints\2026-03-01_11-57-16-736477_box_DV_seed\model_weights.pth
INFO:src.utils.logger:It: 595, Loss: 7.786e-01, Loss_res: 7.069e-01,  Loss_bcs: 0.000e+00, Loss_ut_ics: 2.718e-04, Loss_norm: 7.552e-04, Loss_gauge: 0.000e+00, w_pde: 1.00e+00, L^2_error: 6.865e-02, lr: 1.000e-03, Time: 3.38e+03
INFO:src.utils.logger:Model state saved to results\box\DV\20260301-115716_seed0_box_DV_b1_alternating_e600_w120_4q_2l\checkpoints\2026-03-01_11-57-16-736477_box_DV_seed\model.pth
INFO:src.utils.logger:Model weights saved to results\box\DV\20260301-115716_seed0_box_DV_b1_alternating_e600_w120_4q_2l\checkpoints\2026-03-01_11-57-16-736477_box_DV_seed\model_weights.pth
INFO:src.utils.logger:It: 600, Loss: 8.165e-01, Loss_res: 7.419e-01,  Loss_bcs: 0.000e+00, Loss_ut_ics: 2.849e-04, Loss_norm: 6.812e-04, Loss_gauge: 0.000e+00, w_pde: 1.00e+00, L^2_error: 6.740e-02, lr: 1.000e-03, Time: 3.41e+03
INFO:src.utils.logger:Model state saved to results\box\DV\20260301-115716_seed0_box_DV_b1_alternating_e600_w120_4q_2l\checkpoints\2026-03-01_11-57-16-736477_box_DV_seed\model.pth
INFO:src.utils.logger:Model weights saved to results\box\DV\20260301-115716_seed0_box_DV_b1_alternating_e600_w120_4q_2l\checkpoints\2026-03-01_11-57-16-736477_box_DV_seed\model_weights.pth
