Using DV Solver
The settings used:
batch_size : 64
epochs : 2000
lr : 0.001
seed : 42
print_every : 10
log_path : ./results/models/checkpoints/schrodinger/qho
input_dim : 2
output_dim : 2
num_qubits : 5
hidden_dim : 20
num_quantum_layers : 1
classic_network : [2, 20, 2]
q_ansatz : sim_circ_15
mode : hybrid
activation : null
shots : None
problem : schrodinger
solver : DV
device : cpu
method : None
cutoff_dim : 20
class : CVNeuralNetwork2
encoding : None
eq_params : {'example': 'ho', 'L': 5.0, 'T': 0.1, 'hbar': 1.0, 'mass': 1.0, 'n_level': 0, 'omega': 1.0, 'potential_fn': 'lambda t, x : 0.5 * 1.0 * (1.0**2) * (x**2)'}
Total number of parameters: 337
The circuit used in the study:
It: 1, Loss: 6.517e+00, Loss_res: 3.041e+00,  Loss_bcs: 9.713e-02, Loss_ut_ics: 1.688e-01, lr: 1.000e-03, Time: 2.35e+00
Model state saved to ./results/models/checkpoints/schrodinger/qho/2025-08-28_18-41-02-748349/model.pth
Model state saved to ./results/models/checkpoints/schrodinger/qho/2025-08-28_18-41-02-748349/model_weights.pth
It: 10, Loss: 1.437e+00, Loss_res: 5.277e-01,  Loss_bcs: 1.736e-02, Loss_ut_ics: 1.821e-01, lr: 1.000e-03, Time: 1.74e+01
Model state saved to ./results/models/checkpoints/schrodinger/qho/2025-08-28_18-41-02-748349/model.pth
Model state saved to ./results/models/checkpoints/schrodinger/qho/2025-08-28_18-41-02-748349/model_weights.pth
It: 20, Loss: 6.339e-01, Loss_res: 1.148e-02,  Loss_bcs: 4.948e-04, Loss_ut_ics: 3.052e-01, lr: 1.000e-03, Time: 3.44e+01
Model state saved to ./results/models/checkpoints/schrodinger/qho/2025-08-28_18-41-02-748349/model.pth
Model state saved to ./results/models/checkpoints/schrodinger/qho/2025-08-28_18-41-02-748349/model_weights.pth
It: 30, Loss: 1.648e-01, Loss_res: 5.554e-02,  Loss_bcs: 2.973e-03, Loss_ut_ics: 2.538e-02, lr: 1.000e-03, Time: 5.21e+01
Model state saved to ./results/models/checkpoints/schrodinger/qho/2025-08-28_18-41-02-748349/model.pth
Model state saved to ./results/models/checkpoints/schrodinger/qho/2025-08-28_18-41-02-748349/model_weights.pth
It: 40, Loss: 2.076e-01, Loss_res: 1.035e-02,  Loss_bcs: 7.023e-04, Loss_ut_ics: 9.309e-02, lr: 1.000e-03, Time: 7.05e+01
Model state saved to ./results/models/checkpoints/schrodinger/qho/2025-08-28_18-41-02-748349/model.pth
Model state saved to ./results/models/checkpoints/schrodinger/qho/2025-08-28_18-41-02-748349/model_weights.pth
It: 50, Loss: 3.674e-01, Loss_res: 1.567e-03,  Loss_bcs: 1.285e-04, Loss_ut_ics: 1.821e-01, lr: 1.000e-03, Time: 8.90e+01
Model state saved to ./results/models/checkpoints/schrodinger/qho/2025-08-28_18-41-02-748349/model.pth
Model state saved to ./results/models/checkpoints/schrodinger/qho/2025-08-28_18-41-02-748349/model_weights.pth
It: 60, Loss: 1.219e-01, Loss_res: 2.778e-03,  Loss_bcs: 1.585e-04, Loss_ut_ics: 5.812e-02, lr: 1.000e-03, Time: 1.08e+02
Model state saved to ./results/models/checkpoints/schrodinger/qho/2025-08-28_18-41-02-748349/model.pth
Model state saved to ./results/models/checkpoints/schrodinger/qho/2025-08-28_18-41-02-748349/model_weights.pth
It: 70, Loss: 1.865e-01, Loss_res: 1.717e-03,  Loss_bcs: 2.459e-05, Loss_ut_ics: 9.152e-02, lr: 1.000e-03, Time: 1.26e+02
Model state saved to ./results/models/checkpoints/schrodinger/qho/2025-08-28_18-41-02-748349/model.pth
Model state saved to ./results/models/checkpoints/schrodinger/qho/2025-08-28_18-41-02-748349/model_weights.pth
It: 80, Loss: 2.179e-01, Loss_res: 2.301e-03,  Loss_bcs: 2.388e-05, Loss_ut_ics: 1.066e-01, lr: 1.000e-03, Time: 1.47e+02
Model state saved to ./results/models/checkpoints/schrodinger/qho/2025-08-28_18-41-02-748349/model.pth
Model state saved to ./results/models/checkpoints/schrodinger/qho/2025-08-28_18-41-02-748349/model_weights.pth
It: 90, Loss: 1.662e-01, Loss_res: 2.186e-03,  Loss_bcs: 3.035e-05, Loss_ut_ics: 8.088e-02, lr: 1.000e-03, Time: 1.65e+02
Model state saved to ./results/models/checkpoints/schrodinger/qho/2025-08-28_18-41-02-748349/model.pth
Model state saved to ./results/models/checkpoints/schrodinger/qho/2025-08-28_18-41-02-748349/model_weights.pth
It: 100, Loss: 2.022e-01, Loss_res: 4.311e-03,  Loss_bcs: 1.427e-05, Loss_ut_ics: 9.676e-02, lr: 1.000e-03, Time: 1.84e+02
Model state saved to ./results/models/checkpoints/schrodinger/qho/2025-08-28_18-41-02-748349/model.pth
Model state saved to ./results/models/checkpoints/schrodinger/qho/2025-08-28_18-41-02-748349/model_weights.pth
It: 110, Loss: 2.704e-02, Loss_res: 3.895e-03,  Loss_bcs: 8.272e-05, Loss_ut_ics: 9.585e-03, lr: 1.000e-03, Time: 2.03e+02
Model state saved to ./results/models/checkpoints/schrodinger/qho/2025-08-28_18-41-02-748349/model.pth
Model state saved to ./results/models/checkpoints/schrodinger/qho/2025-08-28_18-41-02-748349/model_weights.pth
It: 120, Loss: 9.478e-03, Loss_res: 4.691e-03,  Loss_bcs: 3.641e-05, Loss_ut_ics: 2.954e-05, lr: 1.000e-03, Time: 2.22e+02
Model state saved to ./results/models/checkpoints/schrodinger/qho/2025-08-28_18-41-02-748349/model.pth
Model state saved to ./results/models/checkpoints/schrodinger/qho/2025-08-28_18-41-02-748349/model_weights.pth
It: 130, Loss: 4.027e-02, Loss_res: 8.030e-03,  Loss_bcs: 5.120e-05, Loss_ut_ics: 1.208e-02, lr: 1.000e-03, Time: 2.41e+02
Model state saved to ./results/models/checkpoints/schrodinger/qho/2025-08-28_18-41-02-748349/model.pth
Model state saved to ./results/models/checkpoints/schrodinger/qho/2025-08-28_18-41-02-748349/model_weights.pth
It: 140, Loss: 2.865e-02, Loss_res: 9.426e-03,  Loss_bcs: 7.872e-05, Loss_ut_ics: 4.861e-03, lr: 1.000e-03, Time: 2.58e+02
Model state saved to ./results/models/checkpoints/schrodinger/qho/2025-08-28_18-41-02-748349/model.pth
Model state saved to ./results/models/checkpoints/schrodinger/qho/2025-08-28_18-41-02-748349/model_weights.pth
It: 150, Loss: 2.440e-01, Loss_res: 9.717e-03,  Loss_bcs: 1.941e-04, Loss_ut_ics: 1.122e-01, lr: 1.000e-03, Time: 2.76e+02
Model state saved to ./results/models/checkpoints/schrodinger/qho/2025-08-28_18-41-02-748349/model.pth
Model state saved to ./results/models/checkpoints/schrodinger/qho/2025-08-28_18-41-02-748349/model_weights.pth
It: 160, Loss: 2.422e-01, Loss_res: 7.354e-03,  Loss_bcs: 1.695e-04, Loss_ut_ics: 1.137e-01, lr: 1.000e-03, Time: 2.93e+02
Model state saved to ./results/models/checkpoints/schrodinger/qho/2025-08-28_18-41-02-748349/model.pth
Model state saved to ./results/models/checkpoints/schrodinger/qho/2025-08-28_18-41-02-748349/model_weights.pth
It: 170, Loss: 3.176e-01, Loss_res: 1.574e-02,  Loss_bcs: 1.362e-04, Loss_ut_ics: 1.430e-01, lr: 1.000e-03, Time: 3.11e+02
Model state saved to ./results/models/checkpoints/schrodinger/qho/2025-08-28_18-41-02-748349/model.pth
Model state saved to ./results/models/checkpoints/schrodinger/qho/2025-08-28_18-41-02-748349/model_weights.pth
It: 180, Loss: 2.102e-01, Loss_res: 1.328e-02,  Loss_bcs: 2.170e-04, Loss_ut_ics: 9.172e-02, lr: 1.000e-03, Time: 3.29e+02
Model state saved to ./results/models/checkpoints/schrodinger/qho/2025-08-28_18-41-02-748349/model.pth
Model state saved to ./results/models/checkpoints/schrodinger/qho/2025-08-28_18-41-02-748349/model_weights.pth
It: 190, Loss: 9.950e-02, Loss_res: 1.709e-02,  Loss_bcs: 2.590e-04, Loss_ut_ics: 3.253e-02, lr: 1.000e-03, Time: 3.48e+02
Model state saved to ./results/models/checkpoints/schrodinger/qho/2025-08-28_18-41-02-748349/model.pth
Model state saved to ./results/models/checkpoints/schrodinger/qho/2025-08-28_18-41-02-748349/model_weights.pth
It: 200, Loss: 1.714e-01, Loss_res: 2.123e-02,  Loss_bcs: 4.696e-04, Loss_ut_ics: 6.425e-02, lr: 1.000e-03, Time: 3.67e+02
Model state saved to ./results/models/checkpoints/schrodinger/qho/2025-08-28_18-41-02-748349/model.pth
Model state saved to ./results/models/checkpoints/schrodinger/qho/2025-08-28_18-41-02-748349/model_weights.pth
It: 210, Loss: 3.082e-01, Loss_res: 1.009e-02,  Loss_bcs: 3.284e-04, Loss_ut_ics: 1.438e-01, lr: 1.000e-03, Time: 3.86e+02
Model state saved to ./results/models/checkpoints/schrodinger/qho/2025-08-28_18-41-02-748349/model.pth
Model state saved to ./results/models/checkpoints/schrodinger/qho/2025-08-28_18-41-02-748349/model_weights.pth
It: 220, Loss: 9.139e-02, Loss_res: 1.315e-02,  Loss_bcs: 2.021e-04, Loss_ut_ics: 3.245e-02, lr: 1.000e-03, Time: 4.04e+02
Model state saved to ./results/models/checkpoints/schrodinger/qho/2025-08-28_18-41-02-748349/model.pth
Model state saved to ./results/models/checkpoints/schrodinger/qho/2025-08-28_18-41-02-748349/model_weights.pth
It: 230, Loss: 1.634e-01, Loss_res: 1.311e-02,  Loss_bcs: 1.524e-04, Loss_ut_ics: 6.851e-02, lr: 1.000e-03, Time: 4.23e+02
Model state saved to ./results/models/checkpoints/schrodinger/qho/2025-08-28_18-41-02-748349/model.pth
Model state saved to ./results/models/checkpoints/schrodinger/qho/2025-08-28_18-41-02-748349/model_weights.pth
It: 240, Loss: 3.678e-02, Loss_res: 1.710e-02,  Loss_bcs: 4.245e-05, Loss_ut_ics: 1.271e-03, lr: 1.000e-03, Time: 4.41e+02
Model state saved to ./results/models/checkpoints/schrodinger/qho/2025-08-28_18-41-02-748349/model.pth
Model state saved to ./results/models/checkpoints/schrodinger/qho/2025-08-28_18-41-02-748349/model_weights.pth
It: 250, Loss: 1.894e-01, Loss_res: 1.358e-02,  Loss_bcs: 4.130e-04, Loss_ut_ics: 8.092e-02, lr: 1.000e-03, Time: 4.59e+02
Model state saved to ./results/models/checkpoints/schrodinger/qho/2025-08-28_18-41-02-748349/model.pth
Model state saved to ./results/models/checkpoints/schrodinger/qho/2025-08-28_18-41-02-748349/model_weights.pth
It: 260, Loss: 1.652e-01, Loss_res: 1.474e-02,  Loss_bcs: 2.032e-04, Loss_ut_ics: 6.776e-02, lr: 1.000e-03, Time: 4.77e+02
Model state saved to ./results/models/checkpoints/schrodinger/qho/2025-08-28_18-41-02-748349/model.pth
Model state saved to ./results/models/checkpoints/schrodinger/qho/2025-08-28_18-41-02-748349/model_weights.pth
It: 270, Loss: 1.767e-01, Loss_res: 1.579e-02,  Loss_bcs: 5.920e-05, Loss_ut_ics: 7.252e-02, lr: 1.000e-03, Time: 4.96e+02
Model state saved to ./results/models/checkpoints/schrodinger/qho/2025-08-28_18-41-02-748349/model.pth
Model state saved to ./results/models/checkpoints/schrodinger/qho/2025-08-28_18-41-02-748349/model_weights.pth
It: 280, Loss: 2.897e-01, Loss_res: 1.232e-02,  Loss_bcs: 2.378e-04, Loss_ut_ics: 1.324e-01, lr: 1.000e-03, Time: 5.15e+02
Model state saved to ./results/models/checkpoints/schrodinger/qho/2025-08-28_18-41-02-748349/model.pth
Model state saved to ./results/models/checkpoints/schrodinger/qho/2025-08-28_18-41-02-748349/model_weights.pth
It: 290, Loss: 1.223e-01, Loss_res: 1.045e-02,  Loss_bcs: 3.014e-04, Loss_ut_ics: 5.056e-02, lr: 1.000e-03, Time: 5.34e+02
Model state saved to ./results/models/checkpoints/schrodinger/qho/2025-08-28_18-41-02-748349/model.pth
Model state saved to ./results/models/checkpoints/schrodinger/qho/2025-08-28_18-41-02-748349/model_weights.pth
It: 300, Loss: 1.685e-01, Loss_res: 1.693e-02,  Loss_bcs: 7.212e-05, Loss_ut_ics: 6.730e-02, lr: 1.000e-03, Time: 5.53e+02
Model state saved to ./results/models/checkpoints/schrodinger/qho/2025-08-28_18-41-02-748349/model.pth
Model state saved to ./results/models/checkpoints/schrodinger/qho/2025-08-28_18-41-02-748349/model_weights.pth
It: 310, Loss: 3.341e-01, Loss_res: 1.282e-02,  Loss_bcs: 7.174e-05, Loss_ut_ics: 1.542e-01, lr: 1.000e-03, Time: 5.71e+02
Model state saved to ./results/models/checkpoints/schrodinger/qho/2025-08-28_18-41-02-748349/model.pth
Model state saved to ./results/models/checkpoints/schrodinger/qho/2025-08-28_18-41-02-748349/model_weights.pth
It: 320, Loss: 1.849e-01, Loss_res: 1.857e-02,  Loss_bcs: 1.116e-04, Loss_ut_ics: 7.385e-02, lr: 1.000e-03, Time: 5.90e+02
Model state saved to ./results/models/checkpoints/schrodinger/qho/2025-08-28_18-41-02-748349/model.pth
Model state saved to ./results/models/checkpoints/schrodinger/qho/2025-08-28_18-41-02-748349/model_weights.pth
It: 330, Loss: 1.446e-01, Loss_res: 1.548e-02,  Loss_bcs: 1.071e-04, Loss_ut_ics: 5.677e-02, lr: 1.000e-03, Time: 6.09e+02
Model state saved to ./results/models/checkpoints/schrodinger/qho/2025-08-28_18-41-02-748349/model.pth
Model state saved to ./results/models/checkpoints/schrodinger/qho/2025-08-28_18-41-02-748349/model_weights.pth
It: 340, Loss: 2.004e-01, Loss_res: 9.800e-03,  Loss_bcs: 9.749e-05, Loss_ut_ics: 9.036e-02, lr: 1.000e-03, Time: 6.27e+02
Model state saved to ./results/models/checkpoints/schrodinger/qho/2025-08-28_18-41-02-748349/model.pth
Model state saved to ./results/models/checkpoints/schrodinger/qho/2025-08-28_18-41-02-748349/model_weights.pth
It: 350, Loss: 1.316e-01, Loss_res: 1.193e-02,  Loss_bcs: 8.090e-05, Loss_ut_ics: 5.382e-02, lr: 1.000e-03, Time: 6.45e+02
Model state saved to ./results/models/checkpoints/schrodinger/qho/2025-08-28_18-41-02-748349/model.pth
Model state saved to ./results/models/checkpoints/schrodinger/qho/2025-08-28_18-41-02-748349/model_weights.pth
It: 360, Loss: 9.112e-02, Loss_res: 1.686e-02,  Loss_bcs: 3.020e-04, Loss_ut_ics: 2.855e-02, lr: 1.000e-03, Time: 6.62e+02
Model state saved to ./results/models/checkpoints/schrodinger/qho/2025-08-28_18-41-02-748349/model.pth
Model state saved to ./results/models/checkpoints/schrodinger/qho/2025-08-28_18-41-02-748349/model_weights.pth
It: 370, Loss: 2.889e-02, Loss_res: 1.393e-02,  Loss_bcs: 1.203e-04, Loss_ut_ics: 4.559e-04, lr: 1.000e-03, Time: 6.79e+02
Model state saved to ./results/models/checkpoints/schrodinger/qho/2025-08-28_18-41-02-748349/model.pth
Model state saved to ./results/models/checkpoints/schrodinger/qho/2025-08-28_18-41-02-748349/model_weights.pth
It: 380, Loss: 5.757e-02, Loss_res: 1.472e-02,  Loss_bcs: 2.371e-04, Loss_ut_ics: 1.395e-02, lr: 1.000e-03, Time: 6.97e+02
Model state saved to ./results/models/checkpoints/schrodinger/qho/2025-08-28_18-41-02-748349/model.pth
Model state saved to ./results/models/checkpoints/schrodinger/qho/2025-08-28_18-41-02-748349/model_weights.pth
It: 390, Loss: 1.304e-01, Loss_res: 1.153e-02,  Loss_bcs: 7.140e-05, Loss_ut_ics: 5.365e-02, lr: 1.000e-03, Time: 7.15e+02
Model state saved to ./results/models/checkpoints/schrodinger/qho/2025-08-28_18-41-02-748349/model.pth
Model state saved to ./results/models/checkpoints/schrodinger/qho/2025-08-28_18-41-02-748349/model_weights.pth
It: 400, Loss: 1.437e-01, Loss_res: 1.057e-02,  Loss_bcs: 5.830e-05, Loss_ut_ics: 6.127e-02, lr: 1.000e-03, Time: 7.34e+02
Model state saved to ./results/models/checkpoints/schrodinger/qho/2025-08-28_18-41-02-748349/model.pth
Model state saved to ./results/models/checkpoints/schrodinger/qho/2025-08-28_18-41-02-748349/model_weights.pth
It: 410, Loss: 1.054e-01, Loss_res: 9.543e-03,  Loss_bcs: 9.603e-05, Loss_ut_ics: 4.309e-02, lr: 1.000e-03, Time: 7.53e+02
Model state saved to ./results/models/checkpoints/schrodinger/qho/2025-08-28_18-41-02-748349/model.pth
Model state saved to ./results/models/checkpoints/schrodinger/qho/2025-08-28_18-41-02-748349/model_weights.pth
It: 420, Loss: 5.824e-02, Loss_res: 1.213e-02,  Loss_bcs: 7.987e-05, Loss_ut_ics: 1.695e-02, lr: 1.000e-03, Time: 7.72e+02
Model state saved to ./results/models/checkpoints/schrodinger/qho/2025-08-28_18-41-02-748349/model.pth
Model state saved to ./results/models/checkpoints/schrodinger/qho/2025-08-28_18-41-02-748349/model_weights.pth
It: 430, Loss: 9.344e-02, Loss_res: 1.021e-02,  Loss_bcs: 6.289e-05, Loss_ut_ics: 3.648e-02, lr: 1.000e-03, Time: 7.91e+02
Model state saved to ./results/models/checkpoints/schrodinger/qho/2025-08-28_18-41-02-748349/model.pth
Model state saved to ./results/models/checkpoints/schrodinger/qho/2025-08-28_18-41-02-748349/model_weights.pth
It: 440, Loss: 1.339e-01, Loss_res: 1.163e-02,  Loss_bcs: 6.589e-05, Loss_ut_ics: 5.528e-02, lr: 1.000e-03, Time: 8.09e+02
Model state saved to ./results/models/checkpoints/schrodinger/qho/2025-08-28_18-41-02-748349/model.pth
Model state saved to ./results/models/checkpoints/schrodinger/qho/2025-08-28_18-41-02-748349/model_weights.pth
It: 450, Loss: 1.355e-01, Loss_res: 1.033e-02,  Loss_bcs: 4.993e-05, Loss_ut_ics: 5.737e-02, lr: 1.000e-03, Time: 8.27e+02
Model state saved to ./results/models/checkpoints/schrodinger/qho/2025-08-28_18-41-02-748349/model.pth
Model state saved to ./results/models/checkpoints/schrodinger/qho/2025-08-28_18-41-02-748349/model_weights.pth
It: 460, Loss: 9.700e-02, Loss_res: 7.347e-03,  Loss_bcs: 6.687e-05, Loss_ut_ics: 4.112e-02, lr: 1.000e-03, Time: 8.45e+02
Model state saved to ./results/models/checkpoints/schrodinger/qho/2025-08-28_18-41-02-748349/model.pth
Model state saved to ./results/models/checkpoints/schrodinger/qho/2025-08-28_18-41-02-748349/model_weights.pth
It: 470, Loss: 1.420e-01, Loss_res: 1.139e-02,  Loss_bcs: 4.638e-05, Loss_ut_ics: 5.961e-02, lr: 1.000e-03, Time: 8.64e+02
Model state saved to ./results/models/checkpoints/schrodinger/qho/2025-08-28_18-41-02-748349/model.pth
Model state saved to ./results/models/checkpoints/schrodinger/qho/2025-08-28_18-41-02-748349/model_weights.pth
It: 480, Loss: 8.658e-02, Loss_res: 1.406e-02,  Loss_bcs: 4.674e-05, Loss_ut_ics: 2.921e-02, lr: 1.000e-03, Time: 8.84e+02
Model state saved to ./results/models/checkpoints/schrodinger/qho/2025-08-28_18-41-02-748349/model.pth
Model state saved to ./results/models/checkpoints/schrodinger/qho/2025-08-28_18-41-02-748349/model_weights.pth
It: 490, Loss: 3.706e-02, Loss_res: 1.387e-02,  Loss_bcs: 5.722e-05, Loss_ut_ics: 4.633e-03, lr: 1.000e-03, Time: 9.03e+02
Model state saved to ./results/models/checkpoints/schrodinger/qho/2025-08-28_18-41-02-748349/model.pth
Model state saved to ./results/models/checkpoints/schrodinger/qho/2025-08-28_18-41-02-748349/model_weights.pth
It: 500, Loss: 1.920e-02, Loss_res: 9.394e-03,  Loss_bcs: 5.924e-05, Loss_ut_ics: 1.784e-04, lr: 1.000e-03, Time: 9.21e+02
Model state saved to ./results/models/checkpoints/schrodinger/qho/2025-08-28_18-41-02-748349/model.pth
Model state saved to ./results/models/checkpoints/schrodinger/qho/2025-08-28_18-41-02-748349/model_weights.pth
It: 510, Loss: 3.172e-02, Loss_res: 1.558e-02,  Loss_bcs: 6.359e-05, Loss_ut_ics: 2.493e-04, lr: 1.000e-03, Time: 9.40e+02
Model state saved to ./results/models/checkpoints/schrodinger/qho/2025-08-28_18-41-02-748349/model.pth
Model state saved to ./results/models/checkpoints/schrodinger/qho/2025-08-28_18-41-02-748349/model_weights.pth
It: 520, Loss: 9.840e-02, Loss_res: 1.499e-02,  Loss_bcs: 1.063e-04, Loss_ut_ics: 3.416e-02, lr: 1.000e-03, Time: 9.61e+02
Model state saved to ./results/models/checkpoints/schrodinger/qho/2025-08-28_18-41-02-748349/model.pth
Model state saved to ./results/models/checkpoints/schrodinger/qho/2025-08-28_18-41-02-748349/model_weights.pth
It: 530, Loss: 3.361e-02, Loss_res: 1.657e-02,  Loss_bcs: 7.900e-05, Loss_ut_ics: 1.957e-04, lr: 1.000e-03, Time: 9.78e+02
Model state saved to ./results/models/checkpoints/schrodinger/qho/2025-08-28_18-41-02-748349/model.pth
Model state saved to ./results/models/checkpoints/schrodinger/qho/2025-08-28_18-41-02-748349/model_weights.pth
It: 540, Loss: 7.447e-02, Loss_res: 1.245e-02,  Loss_bcs: 1.765e-04, Loss_ut_ics: 2.470e-02, lr: 1.000e-03, Time: 9.95e+02
Model state saved to ./results/models/checkpoints/schrodinger/qho/2025-08-28_18-41-02-748349/model.pth
Model state saved to ./results/models/checkpoints/schrodinger/qho/2025-08-28_18-41-02-748349/model_weights.pth
It: 550, Loss: 9.286e-02, Loss_res: 1.405e-02,  Loss_bcs: 2.694e-04, Loss_ut_ics: 3.224e-02, lr: 1.000e-03, Time: 1.01e+03
Model state saved to ./results/models/checkpoints/schrodinger/qho/2025-08-28_18-41-02-748349/model.pth
Model state saved to ./results/models/checkpoints/schrodinger/qho/2025-08-28_18-41-02-748349/model_weights.pth
It: 560, Loss: 5.981e-02, Loss_res: 1.653e-02,  Loss_bcs: 2.064e-04, Loss_ut_ics: 1.327e-02, lr: 1.000e-03, Time: 1.03e+03
Model state saved to ./results/models/checkpoints/schrodinger/qho/2025-08-28_18-41-02-748349/model.pth
Model state saved to ./results/models/checkpoints/schrodinger/qho/2025-08-28_18-41-02-748349/model_weights.pth
It: 570, Loss: 3.889e-02, Loss_res: 1.810e-02,  Loss_bcs: 1.274e-04, Loss_ut_ics: 1.282e-03, lr: 1.000e-03, Time: 1.05e+03
Model state saved to ./results/models/checkpoints/schrodinger/qho/2025-08-28_18-41-02-748349/model.pth
Model state saved to ./results/models/checkpoints/schrodinger/qho/2025-08-28_18-41-02-748349/model_weights.pth
It: 580, Loss: 9.928e-02, Loss_res: 1.377e-02,  Loss_bcs: 2.853e-04, Loss_ut_ics: 3.572e-02, lr: 1.000e-03, Time: 1.07e+03
Model state saved to ./results/models/checkpoints/schrodinger/qho/2025-08-28_18-41-02-748349/model.pth
Model state saved to ./results/models/checkpoints/schrodinger/qho/2025-08-28_18-41-02-748349/model_weights.pth
It: 590, Loss: 3.852e-02, Loss_res: 1.422e-02,  Loss_bcs: 2.101e-04, Loss_ut_ics: 4.936e-03, lr: 1.000e-03, Time: 1.08e+03
Model state saved to ./results/models/checkpoints/schrodinger/qho/2025-08-28_18-41-02-748349/model.pth
Model state saved to ./results/models/checkpoints/schrodinger/qho/2025-08-28_18-41-02-748349/model_weights.pth
It: 600, Loss: 5.824e-02, Loss_res: 1.598e-02,  Loss_bcs: 1.613e-04, Loss_ut_ics: 1.305e-02, lr: 1.000e-03, Time: 1.10e+03
Model state saved to ./results/models/checkpoints/schrodinger/qho/2025-08-28_18-41-02-748349/model.pth
Model state saved to ./results/models/checkpoints/schrodinger/qho/2025-08-28_18-41-02-748349/model_weights.pth
It: 610, Loss: 5.800e-02, Loss_res: 1.327e-02,  Loss_bcs: 2.106e-04, Loss_ut_ics: 1.562e-02, lr: 1.000e-03, Time: 1.12e+03
Model state saved to ./results/models/checkpoints/schrodinger/qho/2025-08-28_18-41-02-748349/model.pth
Model state saved to ./results/models/checkpoints/schrodinger/qho/2025-08-28_18-41-02-748349/model_weights.pth
It: 620, Loss: 3.684e-02, Loss_res: 1.820e-02,  Loss_bcs: 1.875e-04, Loss_ut_ics: 1.263e-04, lr: 1.000e-03, Time: 1.14e+03
Model state saved to ./results/models/checkpoints/schrodinger/qho/2025-08-28_18-41-02-748349/model.pth
Model state saved to ./results/models/checkpoints/schrodinger/qho/2025-08-28_18-41-02-748349/model_weights.pth
It: 630, Loss: 4.682e-02, Loss_res: 1.178e-02,  Loss_bcs: 2.180e-04, Loss_ut_ics: 1.152e-02, lr: 1.000e-03, Time: 1.16e+03
Model state saved to ./results/models/checkpoints/schrodinger/qho/2025-08-28_18-41-02-748349/model.pth
Model state saved to ./results/models/checkpoints/schrodinger/qho/2025-08-28_18-41-02-748349/model_weights.pth
It: 640, Loss: 2.764e-02, Loss_res: 1.348e-02,  Loss_bcs: 3.198e-04, Loss_ut_ics: 1.813e-04, lr: 1.000e-03, Time: 1.18e+03
Model state saved to ./results/models/checkpoints/schrodinger/qho/2025-08-28_18-41-02-748349/model.pth
Model state saved to ./results/models/checkpoints/schrodinger/qho/2025-08-28_18-41-02-748349/model_weights.pth
It: 650, Loss: 2.758e-02, Loss_res: 1.324e-02,  Loss_bcs: 2.544e-04, Loss_ut_ics: 4.201e-04, lr: 1.000e-03, Time: 1.20e+03
Model state saved to ./results/models/checkpoints/schrodinger/qho/2025-08-28_18-41-02-748349/model.pth
Model state saved to ./results/models/checkpoints/schrodinger/qho/2025-08-28_18-41-02-748349/model_weights.pth
It: 660, Loss: 2.827e-02, Loss_res: 1.392e-02,  Loss_bcs: 2.453e-04, Loss_ut_ics: 9.072e-05, lr: 1.000e-03, Time: 1.21e+03
Model state saved to ./results/models/checkpoints/schrodinger/qho/2025-08-28_18-41-02-748349/model.pth
Model state saved to ./results/models/checkpoints/schrodinger/qho/2025-08-28_18-41-02-748349/model_weights.pth
It: 670, Loss: 6.903e-02, Loss_res: 1.005e-02,  Loss_bcs: 2.190e-04, Loss_ut_ics: 2.435e-02, lr: 1.000e-03, Time: 1.23e+03
Model state saved to ./results/models/checkpoints/schrodinger/qho/2025-08-28_18-41-02-748349/model.pth
Model state saved to ./results/models/checkpoints/schrodinger/qho/2025-08-28_18-41-02-748349/model_weights.pth
It: 680, Loss: 5.620e-02, Loss_res: 2.149e-02,  Loss_bcs: 3.134e-04, Loss_ut_ics: 6.453e-03, lr: 1.000e-03, Time: 1.25e+03
Model state saved to ./results/models/checkpoints/schrodinger/qho/2025-08-28_18-41-02-748349/model.pth
Model state saved to ./results/models/checkpoints/schrodinger/qho/2025-08-28_18-41-02-748349/model_weights.pth
It: 690, Loss: 3.579e-02, Loss_res: 1.709e-02,  Loss_bcs: 2.853e-04, Loss_ut_ics: 6.591e-04, lr: 1.000e-03, Time: 1.27e+03
Model state saved to ./results/models/checkpoints/schrodinger/qho/2025-08-28_18-41-02-748349/model.pth
Model state saved to ./results/models/checkpoints/schrodinger/qho/2025-08-28_18-41-02-748349/model_weights.pth
It: 700, Loss: 3.683e-02, Loss_res: 1.047e-02,  Loss_bcs: 2.203e-04, Loss_ut_ics: 7.831e-03, lr: 1.000e-03, Time: 1.29e+03
Model state saved to ./results/models/checkpoints/schrodinger/qho/2025-08-28_18-41-02-748349/model.pth
Model state saved to ./results/models/checkpoints/schrodinger/qho/2025-08-28_18-41-02-748349/model_weights.pth
It: 710, Loss: 3.641e-02, Loss_res: 1.323e-02,  Loss_bcs: 2.665e-04, Loss_ut_ics: 4.839e-03, lr: 1.000e-03, Time: 1.31e+03
Model state saved to ./results/models/checkpoints/schrodinger/qho/2025-08-28_18-41-02-748349/model.pth
Model state saved to ./results/models/checkpoints/schrodinger/qho/2025-08-28_18-41-02-748349/model_weights.pth
It: 720, Loss: 4.433e-02, Loss_res: 1.249e-02,  Loss_bcs: 2.135e-04, Loss_ut_ics: 9.565e-03, lr: 1.000e-03, Time: 1.32e+03
Model state saved to ./results/models/checkpoints/schrodinger/qho/2025-08-28_18-41-02-748349/model.pth
Model state saved to ./results/models/checkpoints/schrodinger/qho/2025-08-28_18-41-02-748349/model_weights.pth
It: 730, Loss: 6.386e-02, Loss_res: 1.425e-02,  Loss_bcs: 1.432e-04, Loss_ut_ics: 1.761e-02, lr: 1.000e-03, Time: 1.34e+03
Model state saved to ./results/models/checkpoints/schrodinger/qho/2025-08-28_18-41-02-748349/model.pth
Model state saved to ./results/models/checkpoints/schrodinger/qho/2025-08-28_18-41-02-748349/model_weights.pth
It: 740, Loss: 3.652e-02, Loss_res: 1.220e-02,  Loss_bcs: 1.515e-04, Loss_ut_ics: 5.986e-03, lr: 1.000e-03, Time: 1.36e+03
Model state saved to ./results/models/checkpoints/schrodinger/qho/2025-08-28_18-41-02-748349/model.pth
Model state saved to ./results/models/checkpoints/schrodinger/qho/2025-08-28_18-41-02-748349/model_weights.pth
It: 750, Loss: 4.412e-02, Loss_res: 1.395e-02,  Loss_bcs: 1.269e-04, Loss_ut_ics: 8.050e-03, lr: 1.000e-03, Time: 1.38e+03
Model state saved to ./results/models/checkpoints/schrodinger/qho/2025-08-28_18-41-02-748349/model.pth
Model state saved to ./results/models/checkpoints/schrodinger/qho/2025-08-28_18-41-02-748349/model_weights.pth
It: 760, Loss: 2.992e-02, Loss_res: 8.300e-03,  Loss_bcs: 1.410e-04, Loss_ut_ics: 6.588e-03, lr: 1.000e-03, Time: 1.40e+03
Model state saved to ./results/models/checkpoints/schrodinger/qho/2025-08-28_18-41-02-748349/model.pth
Model state saved to ./results/models/checkpoints/schrodinger/qho/2025-08-28_18-41-02-748349/model_weights.pth
It: 770, Loss: 4.812e-02, Loss_res: 1.826e-02,  Loss_bcs: 2.134e-04, Loss_ut_ics: 5.693e-03, lr: 1.000e-03, Time: 1.42e+03
Model state saved to ./results/models/checkpoints/schrodinger/qho/2025-08-28_18-41-02-748349/model.pth
Model state saved to ./results/models/checkpoints/schrodinger/qho/2025-08-28_18-41-02-748349/model_weights.pth
It: 780, Loss: 2.608e-02, Loss_res: 1.260e-02,  Loss_bcs: 2.553e-04, Loss_ut_ics: 3.180e-04, lr: 1.000e-03, Time: 1.44e+03
Model state saved to ./results/models/checkpoints/schrodinger/qho/2025-08-28_18-41-02-748349/model.pth
Model state saved to ./results/models/checkpoints/schrodinger/qho/2025-08-28_18-41-02-748349/model_weights.pth
It: 790, Loss: 2.744e-02, Loss_res: 9.716e-03,  Loss_bcs: 2.922e-04, Loss_ut_ics: 3.858e-03, lr: 1.000e-03, Time: 1.45e+03
Model state saved to ./results/models/checkpoints/schrodinger/qho/2025-08-28_18-41-02-748349/model.pth
Model state saved to ./results/models/checkpoints/schrodinger/qho/2025-08-28_18-41-02-748349/model_weights.pth
It: 800, Loss: 3.707e-02, Loss_res: 1.082e-02,  Loss_bcs: 3.636e-04, Loss_ut_ics: 7.536e-03, lr: 1.000e-03, Time: 1.47e+03
Model state saved to ./results/models/checkpoints/schrodinger/qho/2025-08-28_18-41-02-748349/model.pth
Model state saved to ./results/models/checkpoints/schrodinger/qho/2025-08-28_18-41-02-748349/model_weights.pth
It: 810, Loss: 2.349e-02, Loss_res: 1.146e-02,  Loss_bcs: 2.963e-04, Loss_ut_ics: 1.393e-04, lr: 1.000e-03, Time: 1.49e+03
Model state saved to ./results/models/checkpoints/schrodinger/qho/2025-08-28_18-41-02-748349/model.pth
Model state saved to ./results/models/checkpoints/schrodinger/qho/2025-08-28_18-41-02-748349/model_weights.pth
It: 820, Loss: 3.190e-02, Loss_res: 1.387e-02,  Loss_bcs: 1.322e-04, Loss_ut_ics: 2.013e-03, lr: 1.000e-03, Time: 1.51e+03
Model state saved to ./results/models/checkpoints/schrodinger/qho/2025-08-28_18-41-02-748349/model.pth
Model state saved to ./results/models/checkpoints/schrodinger/qho/2025-08-28_18-41-02-748349/model_weights.pth
It: 830, Loss: 3.957e-02, Loss_res: 1.258e-02,  Loss_bcs: 1.689e-04, Loss_ut_ics: 7.122e-03, lr: 1.000e-03, Time: 1.53e+03
Model state saved to ./results/models/checkpoints/schrodinger/qho/2025-08-28_18-41-02-748349/model.pth
Model state saved to ./results/models/checkpoints/schrodinger/qho/2025-08-28_18-41-02-748349/model_weights.pth
It: 840, Loss: 3.438e-02, Loss_res: 1.205e-02,  Loss_bcs: 2.343e-04, Loss_ut_ics: 5.017e-03, lr: 1.000e-03, Time: 1.55e+03
Model state saved to ./results/models/checkpoints/schrodinger/qho/2025-08-28_18-41-02-748349/model.pth
Model state saved to ./results/models/checkpoints/schrodinger/qho/2025-08-28_18-41-02-748349/model_weights.pth
It: 850, Loss: 1.983e-02, Loss_res: 8.767e-03,  Loss_bcs: 2.348e-04, Loss_ut_ics: 1.028e-03, lr: 1.000e-03, Time: 1.57e+03
Model state saved to ./results/models/checkpoints/schrodinger/qho/2025-08-28_18-41-02-748349/model.pth
Model state saved to ./results/models/checkpoints/schrodinger/qho/2025-08-28_18-41-02-748349/model_weights.pth
It: 860, Loss: 2.760e-02, Loss_res: 1.335e-02,  Loss_bcs: 2.076e-04, Loss_ut_ics: 3.410e-04, lr: 1.000e-03, Time: 1.59e+03
Model state saved to ./results/models/checkpoints/schrodinger/qho/2025-08-28_18-41-02-748349/model.pth
Model state saved to ./results/models/checkpoints/schrodinger/qho/2025-08-28_18-41-02-748349/model_weights.pth
It: 870, Loss: 1.671e-02, Loss_res: 5.212e-03,  Loss_bcs: 2.213e-04, Loss_ut_ics: 3.031e-03, lr: 1.000e-03, Time: 1.61e+03
Model state saved to ./results/models/checkpoints/schrodinger/qho/2025-08-28_18-41-02-748349/model.pth
Model state saved to ./results/models/checkpoints/schrodinger/qho/2025-08-28_18-41-02-748349/model_weights.pth
It: 880, Loss: 1.719e-02, Loss_res: 7.317e-03,  Loss_bcs: 2.094e-04, Loss_ut_ics: 1.171e-03, lr: 1.000e-03, Time: 1.62e+03
Model state saved to ./results/models/checkpoints/schrodinger/qho/2025-08-28_18-41-02-748349/model.pth
Model state saved to ./results/models/checkpoints/schrodinger/qho/2025-08-28_18-41-02-748349/model_weights.pth
It: 890, Loss: 2.065e-02, Loss_res: 6.862e-03,  Loss_bcs: 1.893e-04, Loss_ut_ics: 3.367e-03, lr: 1.000e-03, Time: 1.64e+03
Model state saved to ./results/models/checkpoints/schrodinger/qho/2025-08-28_18-41-02-748349/model.pth
Model state saved to ./results/models/checkpoints/schrodinger/qho/2025-08-28_18-41-02-748349/model_weights.pth
It: 900, Loss: 2.258e-02, Loss_res: 7.211e-03,  Loss_bcs: 1.913e-04, Loss_ut_ics: 3.981e-03, lr: 1.000e-03, Time: 1.66e+03
Model state saved to ./results/models/checkpoints/schrodinger/qho/2025-08-28_18-41-02-748349/model.pth
Model state saved to ./results/models/checkpoints/schrodinger/qho/2025-08-28_18-41-02-748349/model_weights.pth
It: 910, Loss: 1.898e-02, Loss_res: 8.784e-03,  Loss_bcs: 1.827e-04, Loss_ut_ics: 6.165e-04, lr: 1.000e-03, Time: 1.68e+03
Model state saved to ./results/models/checkpoints/schrodinger/qho/2025-08-28_18-41-02-748349/model.pth
Model state saved to ./results/models/checkpoints/schrodinger/qho/2025-08-28_18-41-02-748349/model_weights.pth
It: 920, Loss: 2.279e-02, Loss_res: 8.301e-03,  Loss_bcs: 1.858e-04, Loss_ut_ics: 3.002e-03, lr: 1.000e-03, Time: 1.70e+03
Model state saved to ./results/models/checkpoints/schrodinger/qho/2025-08-28_18-41-02-748349/model.pth
Model state saved to ./results/models/checkpoints/schrodinger/qho/2025-08-28_18-41-02-748349/model_weights.pth
It: 930, Loss: 3.193e-02, Loss_res: 8.142e-03,  Loss_bcs: 1.848e-04, Loss_ut_ics: 7.731e-03, lr: 1.000e-03, Time: 1.72e+03
Model state saved to ./results/models/checkpoints/schrodinger/qho/2025-08-28_18-41-02-748349/model.pth
Model state saved to ./results/models/checkpoints/schrodinger/qho/2025-08-28_18-41-02-748349/model_weights.pth
It: 940, Loss: 1.240e-02, Loss_res: 5.431e-03,  Loss_bcs: 1.745e-04, Loss_ut_ics: 6.821e-04, lr: 1.000e-03, Time: 1.74e+03
Model state saved to ./results/models/checkpoints/schrodinger/qho/2025-08-28_18-41-02-748349/model.pth
Model state saved to ./results/models/checkpoints/schrodinger/qho/2025-08-28_18-41-02-748349/model_weights.pth
It: 950, Loss: 2.122e-02, Loss_res: 1.013e-02,  Loss_bcs: 1.540e-04, Loss_ut_ics: 4.014e-04, lr: 1.000e-03, Time: 1.76e+03
Model state saved to ./results/models/checkpoints/schrodinger/qho/2025-08-28_18-41-02-748349/model.pth
Model state saved to ./results/models/checkpoints/schrodinger/qho/2025-08-28_18-41-02-748349/model_weights.pth
It: 960, Loss: 1.885e-02, Loss_res: 7.670e-03,  Loss_bcs: 1.354e-04, Loss_ut_ics: 1.688e-03, lr: 1.000e-03, Time: 1.77e+03
Model state saved to ./results/models/checkpoints/schrodinger/qho/2025-08-28_18-41-02-748349/model.pth
Model state saved to ./results/models/checkpoints/schrodinger/qho/2025-08-28_18-41-02-748349/model_weights.pth
It: 970, Loss: 2.296e-02, Loss_res: 6.673e-03,  Loss_bcs: 2.955e-04, Loss_ut_ics: 4.659e-03, lr: 1.000e-03, Time: 1.79e+03
Model state saved to ./results/models/checkpoints/schrodinger/qho/2025-08-28_18-41-02-748349/model.pth
Model state saved to ./results/models/checkpoints/schrodinger/qho/2025-08-28_18-41-02-748349/model_weights.pth
It: 980, Loss: 2.287e-02, Loss_res: 8.412e-03,  Loss_bcs: 2.597e-04, Loss_ut_ics: 2.891e-03, lr: 1.000e-03, Time: 1.81e+03
Model state saved to ./results/models/checkpoints/schrodinger/qho/2025-08-28_18-41-02-748349/model.pth
Model state saved to ./results/models/checkpoints/schrodinger/qho/2025-08-28_18-41-02-748349/model_weights.pth
It: 990, Loss: 1.642e-02, Loss_res: 4.833e-03,  Loss_bcs: 3.484e-04, Loss_ut_ics: 3.202e-03, lr: 1.000e-03, Time: 1.83e+03
Model state saved to ./results/models/checkpoints/schrodinger/qho/2025-08-28_18-41-02-748349/model.pth
Model state saved to ./results/models/checkpoints/schrodinger/qho/2025-08-28_18-41-02-748349/model_weights.pth
It: 1000, Loss: 1.915e-02, Loss_res: 8.774e-03,  Loss_bcs: 2.387e-04, Loss_ut_ics: 6.831e-04, lr: 1.000e-03, Time: 1.85e+03
Model state saved to ./results/models/checkpoints/schrodinger/qho/2025-08-28_18-41-02-748349/model.pth
Model state saved to ./results/models/checkpoints/schrodinger/qho/2025-08-28_18-41-02-748349/model_weights.pth
It: 1010, Loss: 1.068e-02, Loss_res: 3.947e-03,  Loss_bcs: 2.196e-04, Loss_ut_ics: 1.282e-03, lr: 1.000e-03, Time: 1.87e+03
Model state saved to ./results/models/checkpoints/schrodinger/qho/2025-08-28_18-41-02-748349/model.pth
Model state saved to ./results/models/checkpoints/schrodinger/qho/2025-08-28_18-41-02-748349/model_weights.pth
It: 1020, Loss: 1.150e-02, Loss_res: 3.380e-03,  Loss_bcs: 1.873e-04, Loss_ut_ics: 2.277e-03, lr: 1.000e-03, Time: 1.89e+03
Model state saved to ./results/models/checkpoints/schrodinger/qho/2025-08-28_18-41-02-748349/model.pth
Model state saved to ./results/models/checkpoints/schrodinger/qho/2025-08-28_18-41-02-748349/model_weights.pth
It: 1030, Loss: 1.054e-02, Loss_res: 3.917e-03,  Loss_bcs: 1.641e-04, Loss_ut_ics: 1.271e-03, lr: 1.000e-03, Time: 1.90e+03
Model state saved to ./results/models/checkpoints/schrodinger/qho/2025-08-28_18-41-02-748349/model.pth
Model state saved to ./results/models/checkpoints/schrodinger/qho/2025-08-28_18-41-02-748349/model_weights.pth
It: 1040, Loss: 1.149e-02, Loss_res: 3.019e-03,  Loss_bcs: 1.568e-04, Loss_ut_ics: 2.648e-03, lr: 1.000e-03, Time: 1.92e+03
Model state saved to ./results/models/checkpoints/schrodinger/qho/2025-08-28_18-41-02-748349/model.pth
Model state saved to ./results/models/checkpoints/schrodinger/qho/2025-08-28_18-41-02-748349/model_weights.pth
It: 1050, Loss: 1.416e-02, Loss_res: 3.921e-03,  Loss_bcs: 1.583e-04, Loss_ut_ics: 3.080e-03, lr: 1.000e-03, Time: 1.94e+03
Model state saved to ./results/models/checkpoints/schrodinger/qho/2025-08-28_18-41-02-748349/model.pth
Model state saved to ./results/models/checkpoints/schrodinger/qho/2025-08-28_18-41-02-748349/model_weights.pth
It: 1060, Loss: 8.177e-03, Loss_res: 3.441e-03,  Loss_bcs: 2.355e-04, Loss_ut_ics: 5.298e-04, lr: 1.000e-03, Time: 1.95e+03
Model state saved to ./results/models/checkpoints/schrodinger/qho/2025-08-28_18-41-02-748349/model.pth
Model state saved to ./results/models/checkpoints/schrodinger/qho/2025-08-28_18-41-02-748349/model_weights.pth
It: 1070, Loss: 1.062e-02, Loss_res: 3.884e-03,  Loss_bcs: 2.423e-04, Loss_ut_ics: 1.307e-03, lr: 1.000e-03, Time: 1.97e+03
Model state saved to ./results/models/checkpoints/schrodinger/qho/2025-08-28_18-41-02-748349/model.pth
Model state saved to ./results/models/checkpoints/schrodinger/qho/2025-08-28_18-41-02-748349/model_weights.pth
It: 1080, Loss: 1.101e-02, Loss_res: 3.285e-03,  Loss_bcs: 2.879e-04, Loss_ut_ics: 2.076e-03, lr: 1.000e-03, Time: 1.99e+03
Model state saved to ./results/models/checkpoints/schrodinger/qho/2025-08-28_18-41-02-748349/model.pth
Model state saved to ./results/models/checkpoints/schrodinger/qho/2025-08-28_18-41-02-748349/model_weights.pth
It: 1090, Loss: 1.384e-02, Loss_res: 4.781e-03,  Loss_bcs: 1.483e-04, Loss_ut_ics: 2.064e-03, lr: 1.000e-03, Time: 2.01e+03
Model state saved to ./results/models/checkpoints/schrodinger/qho/2025-08-28_18-41-02-748349/model.pth
Model state saved to ./results/models/checkpoints/schrodinger/qho/2025-08-28_18-41-02-748349/model_weights.pth
It: 1100, Loss: 9.391e-03, Loss_res: 2.151e-03,  Loss_bcs: 1.637e-04, Loss_ut_ics: 2.462e-03, lr: 1.000e-03, Time: 2.03e+03
Model state saved to ./results/models/checkpoints/schrodinger/qho/2025-08-28_18-41-02-748349/model.pth
Model state saved to ./results/models/checkpoints/schrodinger/qho/2025-08-28_18-41-02-748349/model_weights.pth
It: 1110, Loss: 8.479e-03, Loss_res: 3.793e-03,  Loss_bcs: 1.480e-04, Loss_ut_ics: 3.725e-04, lr: 1.000e-03, Time: 2.05e+03
Model state saved to ./results/models/checkpoints/schrodinger/qho/2025-08-28_18-41-02-748349/model.pth
Model state saved to ./results/models/checkpoints/schrodinger/qho/2025-08-28_18-41-02-748349/model_weights.pth
It: 1120, Loss: 1.240e-02, Loss_res: 4.921e-03,  Loss_bcs: 4.320e-04, Loss_ut_ics: 1.063e-03, lr: 1.000e-03, Time: 2.06e+03
Model state saved to ./results/models/checkpoints/schrodinger/qho/2025-08-28_18-41-02-748349/model.pth
Model state saved to ./results/models/checkpoints/schrodinger/qho/2025-08-28_18-41-02-748349/model_weights.pth
It: 1130, Loss: 1.336e-02, Loss_res: 4.477e-03,  Loss_bcs: 4.049e-04, Loss_ut_ics: 2.000e-03, lr: 1.000e-03, Time: 2.08e+03
Model state saved to ./results/models/checkpoints/schrodinger/qho/2025-08-28_18-41-02-748349/model.pth
Model state saved to ./results/models/checkpoints/schrodinger/qho/2025-08-28_18-41-02-748349/model_weights.pth
It: 1140, Loss: 7.556e-03, Loss_res: 1.703e-03,  Loss_bcs: 2.521e-04, Loss_ut_ics: 1.949e-03, lr: 1.000e-03, Time: 2.10e+03
Model state saved to ./results/models/checkpoints/schrodinger/qho/2025-08-28_18-41-02-748349/model.pth
Model state saved to ./results/models/checkpoints/schrodinger/qho/2025-08-28_18-41-02-748349/model_weights.pth
It: 1150, Loss: 5.495e-03, Loss_res: 1.562e-03,  Loss_bcs: 2.803e-04, Loss_ut_ics: 1.046e-03, lr: 1.000e-03, Time: 2.12e+03
Model state saved to ./results/models/checkpoints/schrodinger/qho/2025-08-28_18-41-02-748349/model.pth
Model state saved to ./results/models/checkpoints/schrodinger/qho/2025-08-28_18-41-02-748349/model_weights.pth
It: 1160, Loss: 4.959e-03, Loss_res: 1.299e-03,  Loss_bcs: 1.765e-04, Loss_ut_ics: 1.092e-03, lr: 1.000e-03, Time: 2.13e+03
Model state saved to ./results/models/checkpoints/schrodinger/qho/2025-08-28_18-41-02-748349/model.pth
Model state saved to ./results/models/checkpoints/schrodinger/qho/2025-08-28_18-41-02-748349/model_weights.pth
It: 1170, Loss: 5.631e-03, Loss_res: 1.511e-03,  Loss_bcs: 2.214e-04, Loss_ut_ics: 1.194e-03, lr: 1.000e-03, Time: 2.15e+03
Model state saved to ./results/models/checkpoints/schrodinger/qho/2025-08-28_18-41-02-748349/model.pth
Model state saved to ./results/models/checkpoints/schrodinger/qho/2025-08-28_18-41-02-748349/model_weights.pth
It: 1180, Loss: 5.059e-03, Loss_res: 1.283e-03,  Loss_bcs: 1.336e-04, Loss_ut_ics: 1.180e-03, lr: 1.000e-03, Time: 2.17e+03
Model state saved to ./results/models/checkpoints/schrodinger/qho/2025-08-28_18-41-02-748349/model.pth
Model state saved to ./results/models/checkpoints/schrodinger/qho/2025-08-28_18-41-02-748349/model_weights.pth
It: 1190, Loss: 6.811e-03, Loss_res: 2.075e-03,  Loss_bcs: 1.010e-04, Loss_ut_ics: 1.280e-03, lr: 1.000e-03, Time: 2.19e+03
Model state saved to ./results/models/checkpoints/schrodinger/qho/2025-08-28_18-41-02-748349/model.pth
Model state saved to ./results/models/checkpoints/schrodinger/qho/2025-08-28_18-41-02-748349/model_weights.pth
It: 1200, Loss: 4.052e-03, Loss_res: 1.756e-03,  Loss_bcs: 1.042e-04, Loss_ut_ics: 2.182e-04, lr: 1.000e-03, Time: 2.21e+03
Model state saved to ./results/models/checkpoints/schrodinger/qho/2025-08-28_18-41-02-748349/model.pth
Model state saved to ./results/models/checkpoints/schrodinger/qho/2025-08-28_18-41-02-748349/model_weights.pth
It: 1210, Loss: 3.212e-03, Loss_res: 1.026e-03,  Loss_bcs: 1.965e-04, Loss_ut_ics: 4.820e-04, lr: 1.000e-03, Time: 2.23e+03
Model state saved to ./results/models/checkpoints/schrodinger/qho/2025-08-28_18-41-02-748349/model.pth
Model state saved to ./results/models/checkpoints/schrodinger/qho/2025-08-28_18-41-02-748349/model_weights.pth
It: 1220, Loss: 7.804e-03, Loss_res: 1.980e-03,  Loss_bcs: 2.661e-04, Loss_ut_ics: 1.789e-03, lr: 1.000e-03, Time: 2.24e+03
Model state saved to ./results/models/checkpoints/schrodinger/qho/2025-08-28_18-41-02-748349/model.pth
Model state saved to ./results/models/checkpoints/schrodinger/qho/2025-08-28_18-41-02-748349/model_weights.pth
It: 1230, Loss: 2.704e-03, Loss_res: 1.112e-03,  Loss_bcs: 1.978e-04, Loss_ut_ics: 1.407e-04, lr: 1.000e-03, Time: 2.26e+03
Model state saved to ./results/models/checkpoints/schrodinger/qho/2025-08-28_18-41-02-748349/model.pth
Model state saved to ./results/models/checkpoints/schrodinger/qho/2025-08-28_18-41-02-748349/model_weights.pth
It: 1240, Loss: 5.768e-03, Loss_res: 2.140e-03,  Loss_bcs: 7.477e-05, Loss_ut_ics: 7.064e-04, lr: 1.000e-03, Time: 2.28e+03
Model state saved to ./results/models/checkpoints/schrodinger/qho/2025-08-28_18-41-02-748349/model.pth
Model state saved to ./results/models/checkpoints/schrodinger/qho/2025-08-28_18-41-02-748349/model_weights.pth
It: 1250, Loss: 9.568e-03, Loss_res: 3.863e-03,  Loss_bcs: 7.609e-05, Loss_ut_ics: 8.829e-04, lr: 1.000e-03, Time: 2.30e+03
Model state saved to ./results/models/checkpoints/schrodinger/qho/2025-08-28_18-41-02-748349/model.pth
Model state saved to ./results/models/checkpoints/schrodinger/qho/2025-08-28_18-41-02-748349/model_weights.pth
It: 1260, Loss: 2.876e-03, Loss_res: 1.047e-03,  Loss_bcs: 1.131e-04, Loss_ut_ics: 3.348e-04, lr: 1.000e-03, Time: 2.32e+03
Model state saved to ./results/models/checkpoints/schrodinger/qho/2025-08-28_18-41-02-748349/model.pth
Model state saved to ./results/models/checkpoints/schrodinger/qho/2025-08-28_18-41-02-748349/model_weights.pth
It: 1270, Loss: 9.392e-03, Loss_res: 3.770e-03,  Loss_bcs: 2.610e-04, Loss_ut_ics: 7.951e-04, lr: 1.000e-03, Time: 2.33e+03
Model state saved to ./results/models/checkpoints/schrodinger/qho/2025-08-28_18-41-02-748349/model.pth
Model state saved to ./results/models/checkpoints/schrodinger/qho/2025-08-28_18-41-02-748349/model_weights.pth
It: 1280, Loss: 3.717e-03, Loss_res: 9.653e-04,  Loss_bcs: 1.217e-04, Loss_ut_ics: 8.322e-04, lr: 1.000e-03, Time: 2.35e+03
Model state saved to ./results/models/checkpoints/schrodinger/qho/2025-08-28_18-41-02-748349/model.pth
Model state saved to ./results/models/checkpoints/schrodinger/qho/2025-08-28_18-41-02-748349/model_weights.pth
It: 1290, Loss: 1.666e-03, Loss_res: 5.908e-04,  Loss_bcs: 1.341e-04, Loss_ut_ics: 1.752e-04, lr: 1.000e-03, Time: 2.37e+03
Model state saved to ./results/models/checkpoints/schrodinger/qho/2025-08-28_18-41-02-748349/model.pth
Model state saved to ./results/models/checkpoints/schrodinger/qho/2025-08-28_18-41-02-748349/model_weights.pth
It: 1300, Loss: 3.872e-03, Loss_res: 7.679e-04,  Loss_bcs: 1.266e-04, Loss_ut_ics: 1.105e-03, lr: 1.000e-03, Time: 2.39e+03
Model state saved to ./results/models/checkpoints/schrodinger/qho/2025-08-28_18-41-02-748349/model.pth
Model state saved to ./results/models/checkpoints/schrodinger/qho/2025-08-28_18-41-02-748349/model_weights.pth
It: 1310, Loss: 4.158e-03, Loss_res: 1.163e-03,  Loss_bcs: 1.394e-04, Loss_ut_ics: 8.467e-04, lr: 1.000e-03, Time: 2.40e+03
Model state saved to ./results/models/checkpoints/schrodinger/qho/2025-08-28_18-41-02-748349/model.pth
Model state saved to ./results/models/checkpoints/schrodinger/qho/2025-08-28_18-41-02-748349/model_weights.pth
It: 1320, Loss: 4.165e-03, Loss_res: 1.245e-03,  Loss_bcs: 8.632e-05, Loss_ut_ics: 7.943e-04, lr: 1.000e-03, Time: 2.42e+03
Model state saved to ./results/models/checkpoints/schrodinger/qho/2025-08-28_18-41-02-748349/model.pth
Model state saved to ./results/models/checkpoints/schrodinger/qho/2025-08-28_18-41-02-748349/model_weights.pth
It: 1330, Loss: 5.320e-03, Loss_res: 1.713e-03,  Loss_bcs: 5.350e-05, Loss_ut_ics: 9.206e-04, lr: 1.000e-03, Time: 2.44e+03
Model state saved to ./results/models/checkpoints/schrodinger/qho/2025-08-28_18-41-02-748349/model.pth
Model state saved to ./results/models/checkpoints/schrodinger/qho/2025-08-28_18-41-02-748349/model_weights.pth
It: 1340, Loss: 3.250e-03, Loss_res: 8.455e-04,  Loss_bcs: 1.064e-04, Loss_ut_ics: 7.261e-04, lr: 1.000e-03, Time: 2.45e+03
Model state saved to ./results/models/checkpoints/schrodinger/qho/2025-08-28_18-41-02-748349/model.pth
Model state saved to ./results/models/checkpoints/schrodinger/qho/2025-08-28_18-41-02-748349/model_weights.pth
It: 1350, Loss: 3.932e-03, Loss_res: 1.548e-03,  Loss_bcs: 7.256e-05, Loss_ut_ics: 3.814e-04, lr: 1.000e-03, Time: 2.47e+03
Model state saved to ./results/models/checkpoints/schrodinger/qho/2025-08-28_18-41-02-748349/model.pth
Model state saved to ./results/models/checkpoints/schrodinger/qho/2025-08-28_18-41-02-748349/model_weights.pth
It: 1360, Loss: 3.753e-03, Loss_res: 1.256e-03,  Loss_bcs: 8.327e-05, Loss_ut_ics: 5.792e-04, lr: 1.000e-03, Time: 2.49e+03
Model state saved to ./results/models/checkpoints/schrodinger/qho/2025-08-28_18-41-02-748349/model.pth
Model state saved to ./results/models/checkpoints/schrodinger/qho/2025-08-28_18-41-02-748349/model_weights.pth
It: 1370, Loss: 3.374e-03, Loss_res: 8.914e-04,  Loss_bcs: 1.259e-04, Loss_ut_ics: 7.325e-04, lr: 1.000e-03, Time: 2.51e+03
Model state saved to ./results/models/checkpoints/schrodinger/qho/2025-08-28_18-41-02-748349/model.pth
Model state saved to ./results/models/checkpoints/schrodinger/qho/2025-08-28_18-41-02-748349/model_weights.pth
It: 1380, Loss: 3.517e-03, Loss_res: 1.186e-03,  Loss_bcs: 1.359e-04, Loss_ut_ics: 5.045e-04, lr: 1.000e-03, Time: 2.52e+03
Model state saved to ./results/models/checkpoints/schrodinger/qho/2025-08-28_18-41-02-748349/model.pth
Model state saved to ./results/models/checkpoints/schrodinger/qho/2025-08-28_18-41-02-748349/model_weights.pth
It: 1390, Loss: 3.726e-03, Loss_res: 1.016e-03,  Loss_bcs: 1.073e-04, Loss_ut_ics: 7.936e-04, lr: 1.000e-03, Time: 2.54e+03
Model state saved to ./results/models/checkpoints/schrodinger/qho/2025-08-28_18-41-02-748349/model.pth
Model state saved to ./results/models/checkpoints/schrodinger/qho/2025-08-28_18-41-02-748349/model_weights.pth
It: 1400, Loss: 3.067e-03, Loss_res: 6.187e-04,  Loss_bcs: 9.088e-05, Loss_ut_ics: 8.694e-04, lr: 1.000e-03, Time: 2.56e+03
Model state saved to ./results/models/checkpoints/schrodinger/qho/2025-08-28_18-41-02-748349/model.pth
Model state saved to ./results/models/checkpoints/schrodinger/qho/2025-08-28_18-41-02-748349/model_weights.pth
It: 1410, Loss: 3.110e-03, Loss_res: 7.500e-04,  Loss_bcs: 1.248e-04, Loss_ut_ics: 7.427e-04, lr: 1.000e-03, Time: 2.57e+03
Model state saved to ./results/models/checkpoints/schrodinger/qho/2025-08-28_18-41-02-748349/model.pth
Model state saved to ./results/models/checkpoints/schrodinger/qho/2025-08-28_18-41-02-748349/model_weights.pth
It: 1420, Loss: 3.616e-03, Loss_res: 8.461e-04,  Loss_bcs: 1.681e-04, Loss_ut_ics: 8.780e-04, lr: 1.000e-03, Time: 2.59e+03
Model state saved to ./results/models/checkpoints/schrodinger/qho/2025-08-28_18-41-02-748349/model.pth
Model state saved to ./results/models/checkpoints/schrodinger/qho/2025-08-28_18-41-02-748349/model_weights.pth
It: 1430, Loss: 4.457e-03, Loss_res: 1.675e-03,  Loss_bcs: 1.574e-04, Loss_ut_ics: 4.747e-04, lr: 1.000e-03, Time: 2.61e+03
Model state saved to ./results/models/checkpoints/schrodinger/qho/2025-08-28_18-41-02-748349/model.pth
Model state saved to ./results/models/checkpoints/schrodinger/qho/2025-08-28_18-41-02-748349/model_weights.pth
It: 1440, Loss: 4.913e-03, Loss_res: 1.018e-03,  Loss_bcs: 1.413e-04, Loss_ut_ics: 1.368e-03, lr: 1.000e-03, Time: 2.62e+03
Model state saved to ./results/models/checkpoints/schrodinger/qho/2025-08-28_18-41-02-748349/model.pth
Model state saved to ./results/models/checkpoints/schrodinger/qho/2025-08-28_18-41-02-748349/model_weights.pth
It: 1450, Loss: 3.514e-03, Loss_res: 1.210e-03,  Loss_bcs: 6.238e-05, Loss_ut_ics: 5.154e-04, lr: 1.000e-03, Time: 2.64e+03
Model state saved to ./results/models/checkpoints/schrodinger/qho/2025-08-28_18-41-02-748349/model.pth
Model state saved to ./results/models/checkpoints/schrodinger/qho/2025-08-28_18-41-02-748349/model_weights.pth
It: 1460, Loss: 2.667e-03, Loss_res: 1.125e-03,  Loss_bcs: 7.330e-05, Loss_ut_ics: 1.722e-04, lr: 1.000e-03, Time: 2.66e+03
Model state saved to ./results/models/checkpoints/schrodinger/qho/2025-08-28_18-41-02-748349/model.pth
Model state saved to ./results/models/checkpoints/schrodinger/qho/2025-08-28_18-41-02-748349/model_weights.pth
It: 1470, Loss: 4.048e-03, Loss_res: 1.245e-03,  Loss_bcs: 5.844e-05, Loss_ut_ics: 7.501e-04, lr: 1.000e-03, Time: 2.68e+03
Model state saved to ./results/models/checkpoints/schrodinger/qho/2025-08-28_18-41-02-748349/model.pth
Model state saved to ./results/models/checkpoints/schrodinger/qho/2025-08-28_18-41-02-748349/model_weights.pth
It: 1480, Loss: 3.934e-03, Loss_res: 1.650e-03,  Loss_bcs: 1.706e-04, Loss_ut_ics: 2.315e-04, lr: 1.000e-03, Time: 2.69e+03
Model state saved to ./results/models/checkpoints/schrodinger/qho/2025-08-28_18-41-02-748349/model.pth
Model state saved to ./results/models/checkpoints/schrodinger/qho/2025-08-28_18-41-02-748349/model_weights.pth
It: 1490, Loss: 3.239e-03, Loss_res: 7.995e-04,  Loss_bcs: 1.024e-04, Loss_ut_ics: 7.688e-04, lr: 1.000e-03, Time: 2.71e+03
Model state saved to ./results/models/checkpoints/schrodinger/qho/2025-08-28_18-41-02-748349/model.pth
Model state saved to ./results/models/checkpoints/schrodinger/qho/2025-08-28_18-41-02-748349/model_weights.pth
It: 1500, Loss: 4.462e-03, Loss_res: 1.406e-03,  Loss_bcs: 7.242e-05, Loss_ut_ics: 7.892e-04, lr: 1.000e-03, Time: 2.73e+03
Model state saved to ./results/models/checkpoints/schrodinger/qho/2025-08-28_18-41-02-748349/model.pth
Model state saved to ./results/models/checkpoints/schrodinger/qho/2025-08-28_18-41-02-748349/model_weights.pth
It: 1510, Loss: 4.346e-03, Loss_res: 9.112e-04,  Loss_bcs: 7.739e-05, Loss_ut_ics: 1.223e-03, lr: 1.000e-03, Time: 2.74e+03
Model state saved to ./results/models/checkpoints/schrodinger/qho/2025-08-28_18-41-02-748349/model.pth
Model state saved to ./results/models/checkpoints/schrodinger/qho/2025-08-28_18-41-02-748349/model_weights.pth
It: 1520, Loss: 4.729e-03, Loss_res: 1.668e-03,  Loss_bcs: 1.229e-04, Loss_ut_ics: 6.353e-04, lr: 1.000e-03, Time: 2.76e+03
Model state saved to ./results/models/checkpoints/schrodinger/qho/2025-08-28_18-41-02-748349/model.pth
Model state saved to ./results/models/checkpoints/schrodinger/qho/2025-08-28_18-41-02-748349/model_weights.pth
It: 1530, Loss: 4.519e-03, Loss_res: 1.951e-03,  Loss_bcs: 3.473e-05, Loss_ut_ics: 2.911e-04, lr: 1.000e-03, Time: 2.78e+03
Model state saved to ./results/models/checkpoints/schrodinger/qho/2025-08-28_18-41-02-748349/model.pth
Model state saved to ./results/models/checkpoints/schrodinger/qho/2025-08-28_18-41-02-748349/model_weights.pth
It: 1540, Loss: 2.548e-03, Loss_res: 1.058e-03,  Loss_bcs: 9.151e-05, Loss_ut_ics: 1.709e-04, lr: 1.000e-03, Time: 2.79e+03
Model state saved to ./results/models/checkpoints/schrodinger/qho/2025-08-28_18-41-02-748349/model.pth
Model state saved to ./results/models/checkpoints/schrodinger/qho/2025-08-28_18-41-02-748349/model_weights.pth
It: 1550, Loss: 2.239e-03, Loss_res: 8.065e-04,  Loss_bcs: 1.177e-04, Loss_ut_ics: 2.544e-04, lr: 1.000e-03, Time: 2.81e+03
Model state saved to ./results/models/checkpoints/schrodinger/qho/2025-08-28_18-41-02-748349/model.pth
Model state saved to ./results/models/checkpoints/schrodinger/qho/2025-08-28_18-41-02-748349/model_weights.pth
It: 1560, Loss: 4.005e-03, Loss_res: 7.482e-04,  Loss_bcs: 1.416e-04, Loss_ut_ics: 1.184e-03, lr: 1.000e-03, Time: 2.83e+03
Model state saved to ./results/models/checkpoints/schrodinger/qho/2025-08-28_18-41-02-748349/model.pth
Model state saved to ./results/models/checkpoints/schrodinger/qho/2025-08-28_18-41-02-748349/model_weights.pth
It: 1570, Loss: 2.633e-03, Loss_res: 1.015e-03,  Loss_bcs: 5.914e-05, Loss_ut_ics: 2.720e-04, lr: 1.000e-03, Time: 2.85e+03
Model state saved to ./results/models/checkpoints/schrodinger/qho/2025-08-28_18-41-02-748349/model.pth
Model state saved to ./results/models/checkpoints/schrodinger/qho/2025-08-28_18-41-02-748349/model_weights.pth
It: 1580, Loss: 3.972e-03, Loss_res: 1.137e-03,  Loss_bcs: 4.423e-05, Loss_ut_ics: 8.271e-04, lr: 1.000e-03, Time: 2.87e+03
Model state saved to ./results/models/checkpoints/schrodinger/qho/2025-08-28_18-41-02-748349/model.pth
Model state saved to ./results/models/checkpoints/schrodinger/qho/2025-08-28_18-41-02-748349/model_weights.pth
It: 1590, Loss: 3.511e-03, Loss_res: 6.255e-04,  Loss_bcs: 6.516e-05, Loss_ut_ics: 1.098e-03, lr: 1.000e-03, Time: 2.88e+03
Model state saved to ./results/models/checkpoints/schrodinger/qho/2025-08-28_18-41-02-748349/model.pth
Model state saved to ./results/models/checkpoints/schrodinger/qho/2025-08-28_18-41-02-748349/model_weights.pth
It: 1600, Loss: 2.085e-03, Loss_res: 6.645e-04,  Loss_bcs: 1.083e-04, Loss_ut_ics: 3.236e-04, lr: 1.000e-03, Time: 2.90e+03
Model state saved to ./results/models/checkpoints/schrodinger/qho/2025-08-28_18-41-02-748349/model.pth
Model state saved to ./results/models/checkpoints/schrodinger/qho/2025-08-28_18-41-02-748349/model_weights.pth
It: 1610, Loss: 3.760e-03, Loss_res: 6.207e-04,  Loss_bcs: 1.030e-04, Loss_ut_ics: 1.208e-03, lr: 1.000e-03, Time: 2.92e+03
Model state saved to ./results/models/checkpoints/schrodinger/qho/2025-08-28_18-41-02-748349/model.pth
Model state saved to ./results/models/checkpoints/schrodinger/qho/2025-08-28_18-41-02-748349/model_weights.pth
It: 1620, Loss: 2.374e-03, Loss_res: 5.976e-04,  Loss_bcs: 1.055e-04, Loss_ut_ics: 5.368e-04, lr: 1.000e-03, Time: 2.94e+03
Model state saved to ./results/models/checkpoints/schrodinger/qho/2025-08-28_18-41-02-748349/model.pth
Model state saved to ./results/models/checkpoints/schrodinger/qho/2025-08-28_18-41-02-748349/model_weights.pth
It: 1630, Loss: 2.664e-03, Loss_res: 7.508e-04,  Loss_bcs: 1.119e-04, Loss_ut_ics: 5.251e-04, lr: 1.000e-03, Time: 2.96e+03
Model state saved to ./results/models/checkpoints/schrodinger/qho/2025-08-28_18-41-02-748349/model.pth
Model state saved to ./results/models/checkpoints/schrodinger/qho/2025-08-28_18-41-02-748349/model_weights.pth
It: 1640, Loss: 2.339e-03, Loss_res: 7.936e-04,  Loss_bcs: 8.704e-05, Loss_ut_ics: 3.321e-04, lr: 1.000e-03, Time: 2.98e+03
Model state saved to ./results/models/checkpoints/schrodinger/qho/2025-08-28_18-41-02-748349/model.pth
Model state saved to ./results/models/checkpoints/schrodinger/qho/2025-08-28_18-41-02-748349/model_weights.pth
It: 1650, Loss: 2.171e-03, Loss_res: 8.727e-04,  Loss_bcs: 7.486e-05, Loss_ut_ics: 1.756e-04, lr: 1.000e-03, Time: 2.99e+03
Model state saved to ./results/models/checkpoints/schrodinger/qho/2025-08-28_18-41-02-748349/model.pth
Model state saved to ./results/models/checkpoints/schrodinger/qho/2025-08-28_18-41-02-748349/model_weights.pth
It: 1660, Loss: 4.091e-03, Loss_res: 1.031e-03,  Loss_bcs: 1.330e-04, Loss_ut_ics: 9.478e-04, lr: 1.000e-03, Time: 3.01e+03
Model state saved to ./results/models/checkpoints/schrodinger/qho/2025-08-28_18-41-02-748349/model.pth
Model state saved to ./results/models/checkpoints/schrodinger/qho/2025-08-28_18-41-02-748349/model_weights.pth
It: 1670, Loss: 2.705e-03, Loss_res: 5.992e-04,  Loss_bcs: 1.157e-04, Loss_ut_ics: 6.957e-04, lr: 1.000e-03, Time: 3.03e+03
Model state saved to ./results/models/checkpoints/schrodinger/qho/2025-08-28_18-41-02-748349/model.pth
Model state saved to ./results/models/checkpoints/schrodinger/qho/2025-08-28_18-41-02-748349/model_weights.pth
It: 1680, Loss: 3.069e-03, Loss_res: 1.261e-03,  Loss_bcs: 6.287e-05, Loss_ut_ics: 2.425e-04, lr: 1.000e-03, Time: 3.05e+03
Model state saved to ./results/models/checkpoints/schrodinger/qho/2025-08-28_18-41-02-748349/model.pth
Model state saved to ./results/models/checkpoints/schrodinger/qho/2025-08-28_18-41-02-748349/model_weights.pth
It: 1690, Loss: 2.222e-03, Loss_res: 1.004e-03,  Loss_bcs: 7.769e-05, Loss_ut_ics: 6.785e-05, lr: 1.000e-03, Time: 3.07e+03
Model state saved to ./results/models/checkpoints/schrodinger/qho/2025-08-28_18-41-02-748349/model.pth
Model state saved to ./results/models/checkpoints/schrodinger/qho/2025-08-28_18-41-02-748349/model_weights.pth
It: 1700, Loss: 1.977e-03, Loss_res: 5.742e-04,  Loss_bcs: 1.125e-04, Loss_ut_ics: 3.582e-04, lr: 1.000e-03, Time: 3.08e+03
Model state saved to ./results/models/checkpoints/schrodinger/qho/2025-08-28_18-41-02-748349/model.pth
Model state saved to ./results/models/checkpoints/schrodinger/qho/2025-08-28_18-41-02-748349/model_weights.pth
It: 1710, Loss: 3.966e-03, Loss_res: 1.115e-03,  Loss_bcs: 9.462e-05, Loss_ut_ics: 8.206e-04, lr: 1.000e-03, Time: 3.10e+03
Model state saved to ./results/models/checkpoints/schrodinger/qho/2025-08-28_18-41-02-748349/model.pth
Model state saved to ./results/models/checkpoints/schrodinger/qho/2025-08-28_18-41-02-748349/model_weights.pth
It: 1720, Loss: 3.106e-03, Loss_res: 1.329e-03,  Loss_bcs: 3.801e-05, Loss_ut_ics: 2.053e-04, lr: 1.000e-03, Time: 3.12e+03
Model state saved to ./results/models/checkpoints/schrodinger/qho/2025-08-28_18-41-02-748349/model.pth
Model state saved to ./results/models/checkpoints/schrodinger/qho/2025-08-28_18-41-02-748349/model_weights.pth
It: 1730, Loss: 3.768e-03, Loss_res: 8.187e-04,  Loss_bcs: 7.513e-05, Loss_ut_ics: 1.028e-03, lr: 1.000e-03, Time: 3.14e+03
Model state saved to ./results/models/checkpoints/schrodinger/qho/2025-08-28_18-41-02-748349/model.pth
Model state saved to ./results/models/checkpoints/schrodinger/qho/2025-08-28_18-41-02-748349/model_weights.pth
It: 1740, Loss: 3.020e-03, Loss_res: 9.213e-04,  Loss_bcs: 1.137e-04, Loss_ut_ics: 5.318e-04, lr: 1.000e-03, Time: 3.16e+03
Model state saved to ./results/models/checkpoints/schrodinger/qho/2025-08-28_18-41-02-748349/model.pth
Model state saved to ./results/models/checkpoints/schrodinger/qho/2025-08-28_18-41-02-748349/model_weights.pth
It: 1750, Loss: 2.064e-03, Loss_res: 9.561e-04,  Loss_bcs: 4.375e-05, Loss_ut_ics: 5.417e-05, lr: 1.000e-03, Time: 3.18e+03
Model state saved to ./results/models/checkpoints/schrodinger/qho/2025-08-28_18-41-02-748349/model.pth
Model state saved to ./results/models/checkpoints/schrodinger/qho/2025-08-28_18-41-02-748349/model_weights.pth
It: 1760, Loss: 3.429e-03, Loss_res: 5.638e-04,  Loss_bcs: 1.032e-04, Loss_ut_ics: 1.099e-03, lr: 1.000e-03, Time: 3.20e+03
Model state saved to ./results/models/checkpoints/schrodinger/qho/2025-08-28_18-41-02-748349/model.pth
Model state saved to ./results/models/checkpoints/schrodinger/qho/2025-08-28_18-41-02-748349/model_weights.pth
It: 1770, Loss: 2.771e-03, Loss_res: 5.232e-04,  Loss_bcs: 1.092e-04, Loss_ut_ics: 8.076e-04, lr: 1.000e-03, Time: 3.22e+03
Model state saved to ./results/models/checkpoints/schrodinger/qho/2025-08-28_18-41-02-748349/model.pth
Model state saved to ./results/models/checkpoints/schrodinger/qho/2025-08-28_18-41-02-748349/model_weights.pth
It: 1780, Loss: 1.835e-03, Loss_res: 6.524e-04,  Loss_bcs: 9.480e-05, Loss_ut_ics: 2.177e-04, lr: 1.000e-03, Time: 3.23e+03
Model state saved to ./results/models/checkpoints/schrodinger/qho/2025-08-28_18-41-02-748349/model.pth
Model state saved to ./results/models/checkpoints/schrodinger/qho/2025-08-28_18-41-02-748349/model_weights.pth
It: 1790, Loss: 2.980e-03, Loss_res: 6.156e-04,  Loss_bcs: 8.454e-05, Loss_ut_ics: 8.323e-04, lr: 1.000e-03, Time: 3.25e+03
Model state saved to ./results/models/checkpoints/schrodinger/qho/2025-08-28_18-41-02-748349/model.pth
Model state saved to ./results/models/checkpoints/schrodinger/qho/2025-08-28_18-41-02-748349/model_weights.pth
It: 1800, Loss: 3.534e-03, Loss_res: 9.614e-04,  Loss_bcs: 9.710e-05, Loss_ut_ics: 7.571e-04, lr: 1.000e-03, Time: 3.27e+03
Model state saved to ./results/models/checkpoints/schrodinger/qho/2025-08-28_18-41-02-748349/model.pth
Model state saved to ./results/models/checkpoints/schrodinger/qho/2025-08-28_18-41-02-748349/model_weights.pth
It: 1810, Loss: 3.232e-03, Loss_res: 1.125e-03,  Loss_bcs: 4.858e-05, Loss_ut_ics: 4.669e-04, lr: 1.000e-03, Time: 3.29e+03
Model state saved to ./results/models/checkpoints/schrodinger/qho/2025-08-28_18-41-02-748349/model.pth
Model state saved to ./results/models/checkpoints/schrodinger/qho/2025-08-28_18-41-02-748349/model_weights.pth
It: 1820, Loss: 3.826e-03, Loss_res: 8.310e-04,  Loss_bcs: 7.659e-05, Loss_ut_ics: 1.043e-03, lr: 1.000e-03, Time: 3.31e+03
Model state saved to ./results/models/checkpoints/schrodinger/qho/2025-08-28_18-41-02-748349/model.pth
Model state saved to ./results/models/checkpoints/schrodinger/qho/2025-08-28_18-41-02-748349/model_weights.pth
It: 1830, Loss: 4.477e-03, Loss_res: 1.480e-03,  Loss_bcs: 3.856e-05, Loss_ut_ics: 7.390e-04, lr: 1.000e-03, Time: 3.33e+03
Model state saved to ./results/models/checkpoints/schrodinger/qho/2025-08-28_18-41-02-748349/model.pth
Model state saved to ./results/models/checkpoints/schrodinger/qho/2025-08-28_18-41-02-748349/model_weights.pth
It: 1840, Loss: 3.369e-03, Loss_res: 8.759e-04,  Loss_bcs: 5.708e-05, Loss_ut_ics: 7.803e-04, lr: 1.000e-03, Time: 3.34e+03
Model state saved to ./results/models/checkpoints/schrodinger/qho/2025-08-28_18-41-02-748349/model.pth
Model state saved to ./results/models/checkpoints/schrodinger/qho/2025-08-28_18-41-02-748349/model_weights.pth
It: 1850, Loss: 2.257e-03, Loss_res: 6.244e-04,  Loss_bcs: 7.419e-05, Loss_ut_ics: 4.668e-04, lr: 1.000e-03, Time: 3.36e+03
Model state saved to ./results/models/checkpoints/schrodinger/qho/2025-08-28_18-41-02-748349/model.pth
Model state saved to ./results/models/checkpoints/schrodinger/qho/2025-08-28_18-41-02-748349/model_weights.pth
It: 1860, Loss: 2.249e-03, Loss_res: 6.711e-04,  Loss_bcs: 9.309e-05, Loss_ut_ics: 4.071e-04, lr: 1.000e-03, Time: 3.38e+03
Model state saved to ./results/models/checkpoints/schrodinger/qho/2025-08-28_18-41-02-748349/model.pth
Model state saved to ./results/models/checkpoints/schrodinger/qho/2025-08-28_18-41-02-748349/model_weights.pth
It: 1870, Loss: 2.076e-03, Loss_res: 7.170e-04,  Loss_bcs: 4.763e-05, Loss_ut_ics: 2.974e-04, lr: 1.000e-03, Time: 3.40e+03
Model state saved to ./results/models/checkpoints/schrodinger/qho/2025-08-28_18-41-02-748349/model.pth
Model state saved to ./results/models/checkpoints/schrodinger/qho/2025-08-28_18-41-02-748349/model_weights.pth
It: 1880, Loss: 3.974e-03, Loss_res: 1.247e-03,  Loss_bcs: 9.269e-05, Loss_ut_ics: 6.937e-04, lr: 1.000e-03, Time: 3.42e+03
Model state saved to ./results/models/checkpoints/schrodinger/qho/2025-08-28_18-41-02-748349/model.pth
Model state saved to ./results/models/checkpoints/schrodinger/qho/2025-08-28_18-41-02-748349/model_weights.pth
It: 1890, Loss: 2.201e-03, Loss_res: 7.290e-04,  Loss_bcs: 4.871e-05, Loss_ut_ics: 3.471e-04, lr: 1.000e-03, Time: 3.44e+03
Model state saved to ./results/models/checkpoints/schrodinger/qho/2025-08-28_18-41-02-748349/model.pth
Model state saved to ./results/models/checkpoints/schrodinger/qho/2025-08-28_18-41-02-748349/model_weights.pth
It: 1900, Loss: 3.209e-03, Loss_res: 8.109e-04,  Loss_bcs: 3.176e-05, Loss_ut_ics: 7.776e-04, lr: 1.000e-03, Time: 3.46e+03
Model state saved to ./results/models/checkpoints/schrodinger/qho/2025-08-28_18-41-02-748349/model.pth
Model state saved to ./results/models/checkpoints/schrodinger/qho/2025-08-28_18-41-02-748349/model_weights.pth
It: 1910, Loss: 3.093e-03, Loss_res: 9.592e-04,  Loss_bcs: 1.012e-04, Loss_ut_ics: 5.365e-04, lr: 1.000e-03, Time: 3.47e+03
Model state saved to ./results/models/checkpoints/schrodinger/qho/2025-08-28_18-41-02-748349/model.pth
Model state saved to ./results/models/checkpoints/schrodinger/qho/2025-08-28_18-41-02-748349/model_weights.pth
It: 1920, Loss: 3.140e-03, Loss_res: 7.968e-04,  Loss_bcs: 3.659e-05, Loss_ut_ics: 7.548e-04, lr: 1.000e-03, Time: 3.49e+03
Model state saved to ./results/models/checkpoints/schrodinger/qho/2025-08-28_18-41-02-748349/model.pth
Model state saved to ./results/models/checkpoints/schrodinger/qho/2025-08-28_18-41-02-748349/model_weights.pth
It: 1930, Loss: 3.720e-03, Loss_res: 1.191e-03,  Loss_bcs: 4.218e-05, Loss_ut_ics: 6.485e-04, lr: 1.000e-03, Time: 3.51e+03
Model state saved to ./results/models/checkpoints/schrodinger/qho/2025-08-28_18-41-02-748349/model.pth
Model state saved to ./results/models/checkpoints/schrodinger/qho/2025-08-28_18-41-02-748349/model_weights.pth
It: 1940, Loss: 2.654e-03, Loss_res: 8.915e-04,  Loss_bcs: 7.194e-05, Loss_ut_ics: 3.994e-04, lr: 1.000e-03, Time: 3.53e+03
Model state saved to ./results/models/checkpoints/schrodinger/qho/2025-08-28_18-41-02-748349/model.pth
Model state saved to ./results/models/checkpoints/schrodinger/qho/2025-08-28_18-41-02-748349/model_weights.pth
It: 1950, Loss: 3.074e-03, Loss_res: 8.693e-04,  Loss_bcs: 3.053e-05, Loss_ut_ics: 6.524e-04, lr: 1.000e-03, Time: 3.55e+03
Model state saved to ./results/models/checkpoints/schrodinger/qho/2025-08-28_18-41-02-748349/model.pth
Model state saved to ./results/models/checkpoints/schrodinger/qho/2025-08-28_18-41-02-748349/model_weights.pth
It: 1960, Loss: 2.817e-03, Loss_res: 1.013e-03,  Loss_bcs: 4.827e-05, Loss_ut_ics: 3.709e-04, lr: 1.000e-03, Time: 3.56e+03
Model state saved to ./results/models/checkpoints/schrodinger/qho/2025-08-28_18-41-02-748349/model.pth
Model state saved to ./results/models/checkpoints/schrodinger/qho/2025-08-28_18-41-02-748349/model_weights.pth
It: 1970, Loss: 2.535e-03, Loss_res: 7.124e-04,  Loss_bcs: 1.450e-04, Loss_ut_ics: 4.826e-04, lr: 1.000e-03, Time: 3.58e+03
Model state saved to ./results/models/checkpoints/schrodinger/qho/2025-08-28_18-41-02-748349/model.pth
Model state saved to ./results/models/checkpoints/schrodinger/qho/2025-08-28_18-41-02-748349/model_weights.pth
It: 1980, Loss: 2.480e-03, Loss_res: 7.444e-04,  Loss_bcs: 5.343e-05, Loss_ut_ics: 4.689e-04, lr: 1.000e-03, Time: 3.60e+03
Model state saved to ./results/models/checkpoints/schrodinger/qho/2025-08-28_18-41-02-748349/model.pth
Model state saved to ./results/models/checkpoints/schrodinger/qho/2025-08-28_18-41-02-748349/model_weights.pth
It: 1990, Loss: 2.261e-03, Loss_res: 6.501e-04,  Loss_bcs: 2.711e-05, Loss_ut_ics: 4.667e-04, lr: 1.000e-03, Time: 3.62e+03
Model state saved to ./results/models/checkpoints/schrodinger/qho/2025-08-28_18-41-02-748349/model.pth
Model state saved to ./results/models/checkpoints/schrodinger/qho/2025-08-28_18-41-02-748349/model_weights.pth
It: 2000, Loss: 1.916e-03, Loss_res: 6.085e-04,  Loss_bcs: 5.592e-05, Loss_ut_ics: 3.217e-04, lr: 1.000e-03, Time: 3.64e+03
Model state saved to ./results/models/checkpoints/schrodinger/qho/2025-08-28_18-41-02-748349/model.pth
Model state saved to ./results/models/checkpoints/schrodinger/qho/2025-08-28_18-41-02-748349/model_weights.pth
Model state saved to ./results/models/checkpoints/schrodinger/qho/2025-08-28_18-41-02-748349/model.pth
Model state saved to ./results/models/checkpoints/schrodinger/qho/2025-08-28_18-41-02-748349/model_weights.pth
Training completed successfuly!, shots made: 60000
