checkpoint path: self.log_path='./results/models/checkpoints/smoke_schrodinger\\2025-12-14_17-17-38-329446_barrier_Classical'
It: 1, Loss: 2.199e+00, Loss_res: 1.247e+00,  Loss_bcs: 2.617e-03, Loss_ut_ics: 9.493e-01, L^2_error: 1.014e+00, lr: 1.000e-03, Time: 2.01e-01
Model state saved to ./results/models/checkpoints/smoke_schrodinger\2025-12-14_17-17-38-329446_barrier_Classical\model.pth
Model state saved to ./results/models/checkpoints/smoke_schrodinger\2025-12-14_17-17-38-329446_barrier_Classical\model_weights.pth
It: 50, Loss: 8.776e-01, Loss_res: 4.454e-03,  Loss_bcs: 8.987e-05, Loss_ut_ics: 8.731e-01, L^2_error: 9.985e-01, lr: 1.000e-03, Time: 1.55e+01
Model state saved to ./results/models/checkpoints/smoke_schrodinger\2025-12-14_17-17-38-329446_barrier_Classical\model.pth
Model state saved to ./results/models/checkpoints/smoke_schrodinger\2025-12-14_17-17-38-329446_barrier_Classical\model_weights.pth
It: 100, Loss: 1.051e+00, Loss_res: 6.770e-03,  Loss_bcs: 4.151e-04, Loss_ut_ics: 1.044e+00, L^2_error: 9.949e-01, lr: 1.000e-03, Time: 2.35e+01
Model state saved to ./results/models/checkpoints/smoke_schrodinger\2025-12-14_17-17-38-329446_barrier_Classical\model.pth
Model state saved to ./results/models/checkpoints/smoke_schrodinger\2025-12-14_17-17-38-329446_barrier_Classical\model_weights.pth
It: 150, Loss: 1.093e+00, Loss_res: 6.814e-03,  Loss_bcs: 3.977e-04, Loss_ut_ics: 1.085e+00, L^2_error: 9.951e-01, lr: 1.000e-03, Time: 2.83e+01
Model state saved to ./results/models/checkpoints/smoke_schrodinger\2025-12-14_17-17-38-329446_barrier_Classical\model.pth
Model state saved to ./results/models/checkpoints/smoke_schrodinger\2025-12-14_17-17-38-329446_barrier_Classical\model_weights.pth
It: 200, Loss: 1.103e+00, Loss_res: 6.087e-03,  Loss_bcs: 3.963e-04, Loss_ut_ics: 1.097e+00, L^2_error: 9.952e-01, lr: 1.000e-03, Time: 3.26e+01
Model state saved to ./results/models/checkpoints/smoke_schrodinger\2025-12-14_17-17-38-329446_barrier_Classical\model.pth
Model state saved to ./results/models/checkpoints/smoke_schrodinger\2025-12-14_17-17-38-329446_barrier_Classical\model_weights.pth
It: 250, Loss: 9.827e-01, Loss_res: 6.598e-03,  Loss_bcs: 4.086e-04, Loss_ut_ics: 9.757e-01, L^2_error: 9.950e-01, lr: 1.000e-03, Time: 3.65e+01
Model state saved to ./results/models/checkpoints/smoke_schrodinger\2025-12-14_17-17-38-329446_barrier_Classical\model.pth
Model state saved to ./results/models/checkpoints/smoke_schrodinger\2025-12-14_17-17-38-329446_barrier_Classical\model_weights.pth
It: 300, Loss: 9.634e-01, Loss_res: 6.440e-03,  Loss_bcs: 3.847e-04, Loss_ut_ics: 9.566e-01, L^2_error: 9.952e-01, lr: 1.000e-03, Time: 4.04e+01
Model state saved to ./results/models/checkpoints/smoke_schrodinger\2025-12-14_17-17-38-329446_barrier_Classical\model.pth
Model state saved to ./results/models/checkpoints/smoke_schrodinger\2025-12-14_17-17-38-329446_barrier_Classical\model_weights.pth
