It: 1, Loss: 4.381e+02, Loss_res: 5.685e-04,  Loss_bcs: 1.975e-01, Loss_ut_ics: 2.155e+00, Loss_norm: 6.428e-01, Loss_gauge: 0.000e+00, w_pde: 5.00e-03, L^2_error: 8.218e-01, lr: 1.000e-03, Time: 1.52e+00
Model state saved to ./results/models/checkpoints/smoke_schrodinger\2025-12-21_16-53-52-982524_box_DV\model.pth
Model state saved to ./results/models/checkpoints/smoke_schrodinger\2025-12-21_16-53-52-982524_box_DV\model_weights.pth
It: 50, Loss: 5.369e+01, Loss_res: 7.304e-03,  Loss_bcs: 7.776e-01, Loss_ut_ics: 1.896e-01, Loss_norm: 4.257e-02, Loss_gauge: 0.000e+00, w_pde: 2.50e-01, L^2_error: 9.431e-01, lr: 1.000e-03, Time: 6.86e+01
Model state saved to ./results/models/checkpoints/smoke_schrodinger\2025-12-21_16-53-52-982524_box_DV\model.pth
Model state saved to ./results/models/checkpoints/smoke_schrodinger\2025-12-21_16-53-52-982524_box_DV\model_weights.pth
It: 100, Loss: 4.589e+01, Loss_res: 4.153e-01,  Loss_bcs: 5.718e-01, Loss_ut_ics: 1.689e-01, Loss_norm: 9.376e-02, Loss_gauge: 0.000e+00, w_pde: 5.00e-01, L^2_error: 9.213e-01, lr: 1.000e-03, Time: 1.37e+02
Model state saved to ./results/models/checkpoints/smoke_schrodinger\2025-12-21_16-53-52-982524_box_DV\model.pth
Model state saved to ./results/models/checkpoints/smoke_schrodinger\2025-12-21_16-53-52-982524_box_DV\model_weights.pth
It: 150, Loss: 1.697e+01, Loss_res: 1.326e+01,  Loss_bcs: 9.719e-02, Loss_ut_ics: 2.464e-02, Loss_norm: 2.970e-02, Loss_gauge: 0.000e+00, w_pde: 7.50e-01, L^2_error: 9.152e-01, lr: 1.000e-03, Time: 2.09e+02
Model state saved to ./results/models/checkpoints/smoke_schrodinger\2025-12-21_16-53-52-982524_box_DV\model.pth
Model state saved to ./results/models/checkpoints/smoke_schrodinger\2025-12-21_16-53-52-982524_box_DV\model_weights.pth
It: 200, Loss: 1.812e+01, Loss_res: 1.046e+01,  Loss_bcs: 1.086e-01, Loss_ut_ics: 2.680e-02, Loss_norm: 2.461e-02, Loss_gauge: 0.000e+00, w_pde: 1.00e+00, L^2_error: 9.170e-01, lr: 1.000e-03, Time: 2.79e+02
Model state saved to ./results/models/checkpoints/smoke_schrodinger\2025-12-21_16-53-52-982524_box_DV\model.pth
Model state saved to ./results/models/checkpoints/smoke_schrodinger\2025-12-21_16-53-52-982524_box_DV\model_weights.pth
It: 250, Loss: 1.674e+01, Loss_res: 1.031e+01,  Loss_bcs: 9.039e-02, Loss_ut_ics: 2.252e-02, Loss_norm: 2.389e-02, Loss_gauge: 0.000e+00, w_pde: 1.00e+00, L^2_error: 9.157e-01, lr: 1.000e-03, Time: 3.50e+02
Model state saved to ./results/models/checkpoints/smoke_schrodinger\2025-12-21_16-53-52-982524_box_DV\model.pth
Model state saved to ./results/models/checkpoints/smoke_schrodinger\2025-12-21_16-53-52-982524_box_DV\model_weights.pth
It: 300, Loss: 1.639e+01, Loss_res: 1.086e+01,  Loss_bcs: 7.886e-02, Loss_ut_ics: 1.912e-02, Loss_norm: 2.590e-02, Loss_gauge: 0.000e+00, w_pde: 1.00e+00, L^2_error: 9.079e-01, lr: 1.000e-03, Time: 4.20e+02
Model state saved to ./results/models/checkpoints/smoke_schrodinger\2025-12-21_16-53-52-982524_box_DV\model.pth
Model state saved to ./results/models/checkpoints/smoke_schrodinger\2025-12-21_16-53-52-982524_box_DV\model_weights.pth
It: 350, Loss: 1.549e+01, Loss_res: 1.010e+01,  Loss_bcs: 7.800e-02, Loss_ut_ics: 1.843e-02, Loss_norm: 2.884e-02, Loss_gauge: 0.000e+00, w_pde: 1.00e+00, L^2_error: 8.974e-01, lr: 1.000e-03, Time: 4.90e+02
Model state saved to ./results/models/checkpoints/smoke_schrodinger\2025-12-21_16-53-52-982524_box_DV\model.pth
Model state saved to ./results/models/checkpoints/smoke_schrodinger\2025-12-21_16-53-52-982524_box_DV\model_weights.pth
It: 400, Loss: 1.568e+01, Loss_res: 1.040e+01,  Loss_bcs: 8.025e-02, Loss_ut_ics: 1.766e-02, Loss_norm: 2.868e-02, Loss_gauge: 0.000e+00, w_pde: 1.00e+00, L^2_error: 8.811e-01, lr: 1.000e-03, Time: 5.58e+02
Model state saved to ./results/models/checkpoints/smoke_schrodinger\2025-12-21_16-53-52-982524_box_DV\model.pth
Model state saved to ./results/models/checkpoints/smoke_schrodinger\2025-12-21_16-53-52-982524_box_DV\model_weights.pth
It: 450, Loss: 1.468e+01, Loss_res: 9.717e+00,  Loss_bcs: 7.721e-02, Loss_ut_ics: 1.636e-02, Loss_norm: 2.940e-02, Loss_gauge: 0.000e+00, w_pde: 1.00e+00, L^2_error: 8.471e-01, lr: 1.000e-03, Time: 6.28e+02
Model state saved to ./results/models/checkpoints/smoke_schrodinger\2025-12-21_16-53-52-982524_box_DV\model.pth
Model state saved to ./results/models/checkpoints/smoke_schrodinger\2025-12-21_16-53-52-982524_box_DV\model_weights.pth
It: 500, Loss: 1.332e+01, Loss_res: 8.345e+00,  Loss_bcs: 8.441e-02, Loss_ut_ics: 1.572e-02, Loss_norm: 2.946e-02, Loss_gauge: 0.000e+00, w_pde: 1.00e+00, L^2_error: 7.695e-01, lr: 1.000e-03, Time: 7.00e+02
Model state saved to ./results/models/checkpoints/smoke_schrodinger\2025-12-21_16-53-52-982524_box_DV\model.pth
Model state saved to ./results/models/checkpoints/smoke_schrodinger\2025-12-21_16-53-52-982524_box_DV\model_weights.pth
It: 550, Loss: 9.968e+00, Loss_res: 5.476e+00,  Loss_bcs: 9.105e-02, Loss_ut_ics: 1.287e-02, Loss_norm: 1.934e-02, Loss_gauge: 0.000e+00, w_pde: 1.00e+00, L^2_error: 6.308e-01, lr: 1.000e-03, Time: 7.70e+02
Model state saved to ./results/models/checkpoints/smoke_schrodinger\2025-12-21_16-53-52-982524_box_DV\model.pth
Model state saved to ./results/models/checkpoints/smoke_schrodinger\2025-12-21_16-53-52-982524_box_DV\model_weights.pth
It: 600, Loss: 6.030e+00, Loss_res: 3.322e+00,  Loss_bcs: 6.943e-02, Loss_ut_ics: 6.535e-03, Loss_norm: 2.405e-03, Loss_gauge: 0.000e+00, w_pde: 1.00e+00, L^2_error: 4.357e-01, lr: 1.000e-03, Time: 8.42e+02
Model state saved to ./results/models/checkpoints/smoke_schrodinger\2025-12-21_16-53-52-982524_box_DV\model.pth
Model state saved to ./results/models/checkpoints/smoke_schrodinger\2025-12-21_16-53-52-982524_box_DV\model_weights.pth
It: 650, Loss: 3.361e+00, Loss_res: 1.788e+00,  Loss_bcs: 5.701e-02, Loss_ut_ics: 2.006e-03, Loss_norm: 6.392e-03, Loss_gauge: 0.000e+00, w_pde: 1.00e+00, L^2_error: 3.613e-01, lr: 1.000e-03, Time: 9.17e+02
Model state saved to ./results/models/checkpoints/smoke_schrodinger\2025-12-21_16-53-52-982524_box_DV\model.pth
Model state saved to ./results/models/checkpoints/smoke_schrodinger\2025-12-21_16-53-52-982524_box_DV\model_weights.pth
It: 700, Loss: 2.785e+00, Loss_res: 1.350e+00,  Loss_bcs: 5.480e-02, Loss_ut_ics: 1.468e-03, Loss_norm: 9.024e-03, Loss_gauge: 0.000e+00, w_pde: 1.00e+00, L^2_error: 3.421e-01, lr: 1.000e-03, Time: 9.93e+02
Model state saved to ./results/models/checkpoints/smoke_schrodinger\2025-12-21_16-53-52-982524_box_DV\model.pth
Model state saved to ./results/models/checkpoints/smoke_schrodinger\2025-12-21_16-53-52-982524_box_DV\model_weights.pth
It: 750, Loss: 2.496e+00, Loss_res: 1.131e+00,  Loss_bcs: 5.312e-02, Loss_ut_ics: 1.237e-03, Loss_norm: 1.094e-02, Loss_gauge: 0.000e+00, w_pde: 1.00e+00, L^2_error: 3.202e-01, lr: 1.000e-03, Time: 1.07e+03
Model state saved to ./results/models/checkpoints/smoke_schrodinger\2025-12-21_16-53-52-982524_box_DV\model.pth
Model state saved to ./results/models/checkpoints/smoke_schrodinger\2025-12-21_16-53-52-982524_box_DV\model_weights.pth
It: 800, Loss: 2.145e+00, Loss_res: 9.882e-01,  Loss_bcs: 4.431e-02, Loss_ut_ics: 1.078e-03, Loss_norm: 1.103e-02, Loss_gauge: 0.000e+00, w_pde: 1.00e+00, L^2_error: 2.957e-01, lr: 1.000e-03, Time: 1.14e+03
Model state saved to ./results/models/checkpoints/smoke_schrodinger\2025-12-21_16-53-52-982524_box_DV\model.pth
Model state saved to ./results/models/checkpoints/smoke_schrodinger\2025-12-21_16-53-52-982524_box_DV\model_weights.pth
