INFO:src.utils.logger:It: 1, Loss: 3.524e+02, Loss_res: 1.002e-01,  Loss_bcs: 0.000e+00, Loss_ut_ics: 1.008e+00, Loss_norm: 9.988e-01, Loss_gauge: 0.000e+00, w_pde: 2.50e-02, L^2_error: 1.008e+00, lr: 1.000e-03, Time: 2.53e-01
INFO:src.utils.logger:Model state saved to ./results/models/checkpoints/smoke_schrodinger\2026-02-24_21-48-41-570099_barrier_Classical\model.pth
INFO:src.utils.logger:Model weights saved to ./results/models/checkpoints/smoke_schrodinger\2026-02-24_21-48-41-570099_barrier_Classical\model_weights.pth
INFO:src.utils.logger:It: 20, Loss: 2.743e+02, Loss_res: 2.966e+01,  Loss_bcs: 0.000e+00, Loss_ut_ics: 7.525e-01, Loss_norm: 6.744e-01, Loss_gauge: 0.000e+00, w_pde: 5.00e-01, L^2_error: 1.221e+00, lr: 1.000e-03, Time: 1.69e+00
INFO:src.utils.logger:Model state saved to ./results/models/checkpoints/smoke_schrodinger\2026-02-24_21-48-41-570099_barrier_Classical\model.pth
INFO:src.utils.logger:Model weights saved to ./results/models/checkpoints/smoke_schrodinger\2026-02-24_21-48-41-570099_barrier_Classical\model_weights.pth
INFO:src.utils.logger:It: 40, Loss: 1.965e+02, Loss_res: 1.118e+02,  Loss_bcs: 0.000e+00, Loss_ut_ics: 2.053e-01, Loss_norm: 4.622e-01, Loss_gauge: 0.000e+00, w_pde: 1.00e+00, L^2_error: 1.446e+00, lr: 1.000e-03, Time: 3.24e+00
INFO:src.utils.logger:Model state saved to ./results/models/checkpoints/smoke_schrodinger\2026-02-24_21-48-41-570099_barrier_Classical\model.pth
INFO:src.utils.logger:Model weights saved to ./results/models/checkpoints/smoke_schrodinger\2026-02-24_21-48-41-570099_barrier_Classical\model_weights.pth
INFO:src.utils.logger:It: 60, Loss: 1.668e+02, Loss_res: 7.053e+01,  Loss_bcs: 0.000e+00, Loss_ut_ics: 2.485e-01, Loss_norm: 4.349e-01, Loss_gauge: 0.000e+00, w_pde: 1.00e+00, L^2_error: 1.445e+00, lr: 1.000e-03, Time: 5.00e+00
INFO:src.utils.logger:Model state saved to ./results/models/checkpoints/smoke_schrodinger\2026-02-24_21-48-41-570099_barrier_Classical\model.pth
INFO:src.utils.logger:Model weights saved to ./results/models/checkpoints/smoke_schrodinger\2026-02-24_21-48-41-570099_barrier_Classical\model_weights.pth
INFO:src.utils.logger:It: 80, Loss: 1.513e+02, Loss_res: 8.580e+01,  Loss_bcs: 0.000e+00, Loss_ut_ics: 1.847e-01, Loss_norm: 2.016e-01, Loss_gauge: 0.000e+00, w_pde: 1.00e+00, L^2_error: 1.642e+00, lr: 1.000e-03, Time: 6.74e+00
INFO:src.utils.logger:Model state saved to ./results/models/checkpoints/smoke_schrodinger\2026-02-24_21-48-41-570099_barrier_Classical\model.pth
INFO:src.utils.logger:Model weights saved to ./results/models/checkpoints/smoke_schrodinger\2026-02-24_21-48-41-570099_barrier_Classical\model_weights.pth
INFO:src.utils.logger:It: 100, Loss: 1.382e+02, Loss_res: 8.803e+01,  Loss_bcs: 0.000e+00, Loss_ut_ics: 1.386e-01, Loss_norm: 1.715e-01, Loss_gauge: 0.000e+00, w_pde: 1.00e+00, L^2_error: 1.651e+00, lr: 1.000e-03, Time: 8.65e+00
INFO:src.utils.logger:Model state saved to ./results/models/checkpoints/smoke_schrodinger\2026-02-24_21-48-41-570099_barrier_Classical\model.pth
INFO:src.utils.logger:Model weights saved to ./results/models/checkpoints/smoke_schrodinger\2026-02-24_21-48-41-570099_barrier_Classical\model_weights.pth
INFO:src.utils.logger:It: 120, Loss: 1.162e+02, Loss_res: 8.430e+01,  Loss_bcs: 0.000e+00, Loss_ut_ics: 8.436e-02, Loss_norm: 1.310e-01, Loss_gauge: 0.000e+00, w_pde: 1.00e+00, L^2_error: 1.572e+00, lr: 1.000e-03, Time: 1.04e+01
INFO:src.utils.logger:Model state saved to ./results/models/checkpoints/smoke_schrodinger\2026-02-24_21-48-41-570099_barrier_Classical\model.pth
INFO:src.utils.logger:Model weights saved to ./results/models/checkpoints/smoke_schrodinger\2026-02-24_21-48-41-570099_barrier_Classical\model_weights.pth
INFO:src.utils.logger:It: 140, Loss: 9.014e+01, Loss_res: 6.518e+01,  Loss_bcs: 0.000e+00, Loss_ut_ics: 5.946e-02, Loss_norm: 1.424e-01, Loss_gauge: 0.000e+00, w_pde: 1.00e+00, L^2_error: 1.473e+00, lr: 1.000e-03, Time: 1.20e+01
INFO:src.utils.logger:Model state saved to ./results/models/checkpoints/smoke_schrodinger\2026-02-24_21-48-41-570099_barrier_Classical\model.pth
INFO:src.utils.logger:Model weights saved to ./results/models/checkpoints/smoke_schrodinger\2026-02-24_21-48-41-570099_barrier_Classical\model_weights.pth
INFO:src.utils.logger:It: 160, Loss: 7.212e+01, Loss_res: 4.961e+01,  Loss_bcs: 0.000e+00, Loss_ut_ics: 4.606e-02, Loss_norm: 1.737e-01, Loss_gauge: 0.000e+00, w_pde: 1.00e+00, L^2_error: 1.414e+00, lr: 1.000e-03, Time: 1.38e+01
INFO:src.utils.logger:Model state saved to ./results/models/checkpoints/smoke_schrodinger\2026-02-24_21-48-41-570099_barrier_Classical\model.pth
INFO:src.utils.logger:Model weights saved to ./results/models/checkpoints/smoke_schrodinger\2026-02-24_21-48-41-570099_barrier_Classical\model_weights.pth
INFO:src.utils.logger:It: 180, Loss: 6.660e+01, Loss_res: 4.871e+01,  Loss_bcs: 0.000e+00, Loss_ut_ics: 3.069e-02, Loss_norm: 1.736e-01, Loss_gauge: 0.000e+00, w_pde: 1.00e+00, L^2_error: 1.395e+00, lr: 1.000e-03, Time: 1.52e+01
INFO:src.utils.logger:Model state saved to ./results/models/checkpoints/smoke_schrodinger\2026-02-24_21-48-41-570099_barrier_Classical\model.pth
INFO:src.utils.logger:Model weights saved to ./results/models/checkpoints/smoke_schrodinger\2026-02-24_21-48-41-570099_barrier_Classical\model_weights.pth
INFO:src.utils.logger:It: 200, Loss: 6.087e+01, Loss_res: 4.380e+01,  Loss_bcs: 0.000e+00, Loss_ut_ics: 2.615e-02, Loss_norm: 1.844e-01, Loss_gauge: 0.000e+00, w_pde: 1.00e+00, L^2_error: 1.374e+00, lr: 1.000e-03, Time: 1.70e+01
INFO:src.utils.logger:Model state saved to ./results/models/checkpoints/smoke_schrodinger\2026-02-24_21-48-41-570099_barrier_Classical\model.pth
INFO:src.utils.logger:Model weights saved to ./results/models/checkpoints/smoke_schrodinger\2026-02-24_21-48-41-570099_barrier_Classical\model_weights.pth
INFO:src.utils.logger:checkpoint path: self.log_path='./results/models/checkpoints/smoke_schrodinger\\2026-02-24_21-51-35-797355_barrier_Classical'
