Using CVNeuralNetwork2 
Using CV Solver
The settings used:
batch_size : 64
epochs : 2000
lr : 0.001
seed : 42
print_every : 1
log_path : ./results/models/checkpoints/schrodinger/qho
input_dim : 2
output_dim : 2
num_qubits : 5
hidden_dim : 50
num_quantum_layers : 2
classic_network : [2, 50, 2]
q_ansatz : abbas
mode : hybrid
activation : null
shots : 20
problem : schrodinger
solver : CV
device : cpu
method : None
cutoff_dim : 20
class : CVNeuralNetwork2
encoding : angle
eq_params : {'example': 'ho', 'L': 5.0, 'T': 0.1, 'hbar': 1.0, 'mass': 1.0, 'n_level': 0, 'omega': 1.0, 'potential_fn': 'lambda t, x : 0.5 * 1.0 * (1.0**2) * (x**2)'}
noise : True
Total number of parameters: 953
