It: 1, Loss: 1.074e+03, Loss_res: 9.690e+01,  Loss_bcs: 0.000e+00, Loss_ut_ics: 1.334e+00, Loss_norm: 6.209e-01, Loss_gauge: 0.000e+00, w_pde: 3.33e-03, L^2_error: 1.133e+00, lr: 1.000e-03, Time: 6.11e+00
Model state saved to ./results/models/checkpoints/smoke_schrodinger\2025-12-23_10-32-10-406195_barrier_DV\model.pth
Model weights saved to ./results/models/checkpoints/smoke_schrodinger\2025-12-23_10-32-10-406195_barrier_DV\model_weights.pth
It: 10, Loss: 8.080e+02, Loss_res: 7.584e+00,  Loss_bcs: 0.000e+00, Loss_ut_ics: 9.987e-01, Loss_norm: 8.797e-01, Loss_gauge: 0.000e+00, w_pde: 3.33e-02, L^2_error: 1.058e+00, lr: 1.000e-03, Time: 5.80e+01
Model state saved to ./results/models/checkpoints/smoke_schrodinger\2025-12-23_10-32-10-406195_barrier_DV\model.pth
Model weights saved to ./results/models/checkpoints/smoke_schrodinger\2025-12-23_10-32-10-406195_barrier_DV\model_weights.pth
It: 20, Loss: 7.666e+02, Loss_res: 6.706e-01,  Loss_bcs: 0.000e+00, Loss_ut_ics: 9.457e-01, Loss_norm: 9.945e-01, Loss_gauge: 0.000e+00, w_pde: 6.67e-02, L^2_error: 1.027e+00, lr: 1.000e-03, Time: 1.16e+02
Model state saved to ./results/models/checkpoints/smoke_schrodinger\2025-12-23_10-32-10-406195_barrier_DV\model.pth
Model weights saved to ./results/models/checkpoints/smoke_schrodinger\2025-12-23_10-32-10-406195_barrier_DV\model_weights.pth
It: 30, Loss: 7.236e+02, Loss_res: 4.165e+00,  Loss_bcs: 0.000e+00, Loss_ut_ics: 8.918e-01, Loss_norm: 9.761e-01, Loss_gauge: 0.000e+00, w_pde: 1.00e-01, L^2_error: 1.066e+00, lr: 1.000e-03, Time: 1.71e+02
Model state saved to ./results/models/checkpoints/smoke_schrodinger\2025-12-23_10-32-10-406195_barrier_DV\model.pth
Model weights saved to ./results/models/checkpoints/smoke_schrodinger\2025-12-23_10-32-10-406195_barrier_DV\model_weights.pth
It: 40, Loss: 6.659e+02, Loss_res: 1.447e+01,  Loss_bcs: 0.000e+00, Loss_ut_ics: 8.187e-01, Loss_norm: 9.036e-01, Loss_gauge: 0.000e+00, w_pde: 1.33e-01, L^2_error: 1.133e+00, lr: 1.000e-03, Time: 2.28e+02
Model state saved to ./results/models/checkpoints/smoke_schrodinger\2025-12-23_10-32-10-406195_barrier_DV\model.pth
Model weights saved to ./results/models/checkpoints/smoke_schrodinger\2025-12-23_10-32-10-406195_barrier_DV\model_weights.pth
It: 50, Loss: 5.789e+02, Loss_res: 3.004e+01,  Loss_bcs: 0.000e+00, Loss_ut_ics: 7.064e-01, Loss_norm: 8.783e-01, Loss_gauge: 0.000e+00, w_pde: 1.67e-01, L^2_error: 1.194e+00, lr: 1.000e-03, Time: 2.85e+02
Model state saved to ./results/models/checkpoints/smoke_schrodinger\2025-12-23_10-32-10-406195_barrier_DV\model.pth
Model weights saved to ./results/models/checkpoints/smoke_schrodinger\2025-12-23_10-32-10-406195_barrier_DV\model_weights.pth
It: 60, Loss: 4.720e+02, Loss_res: 5.540e+01,  Loss_bcs: 0.000e+00, Loss_ut_ics: 5.659e-01, Loss_norm: 8.193e-01, Loss_gauge: 0.000e+00, w_pde: 2.00e-01, L^2_error: 1.278e+00, lr: 1.000e-03, Time: 3.42e+02
Model state saved to ./results/models/checkpoints/smoke_schrodinger\2025-12-23_10-32-10-406195_barrier_DV\model.pth
Model weights saved to ./results/models/checkpoints/smoke_schrodinger\2025-12-23_10-32-10-406195_barrier_DV\model_weights.pth
It: 70, Loss: 3.645e+02, Loss_res: 1.085e+02,  Loss_bcs: 0.000e+00, Loss_ut_ics: 4.148e-01, Loss_norm: 7.273e-01, Loss_gauge: 0.000e+00, w_pde: 2.33e-01, L^2_error: 1.376e+00, lr: 1.000e-03, Time: 3.98e+02
Model state saved to ./results/models/checkpoints/smoke_schrodinger\2025-12-23_10-32-10-406195_barrier_DV\model.pth
Model weights saved to ./results/models/checkpoints/smoke_schrodinger\2025-12-23_10-32-10-406195_barrier_DV\model_weights.pth
It: 80, Loss: 2.768e+02, Loss_res: 2.043e+02,  Loss_bcs: 0.000e+00, Loss_ut_ics: 2.708e-01, Loss_norm: 5.709e-01, Loss_gauge: 0.000e+00, w_pde: 2.67e-01, L^2_error: 1.494e+00, lr: 1.000e-03, Time: 4.48e+02
Model state saved to ./results/models/checkpoints/smoke_schrodinger\2025-12-23_10-32-10-406195_barrier_DV\model.pth
Model weights saved to ./results/models/checkpoints/smoke_schrodinger\2025-12-23_10-32-10-406195_barrier_DV\model_weights.pth
It: 90, Loss: 2.272e+02, Loss_res: 3.155e+02,  Loss_bcs: 0.000e+00, Loss_ut_ics: 1.607e-01, Loss_norm: 3.957e-01, Loss_gauge: 0.000e+00, w_pde: 3.00e-01, L^2_error: 1.610e+00, lr: 1.000e-03, Time: 4.98e+02
Model state saved to ./results/models/checkpoints/smoke_schrodinger\2025-12-23_10-32-10-406195_barrier_DV\model.pth
Model weights saved to ./results/models/checkpoints/smoke_schrodinger\2025-12-23_10-32-10-406195_barrier_DV\model_weights.pth
It: 100, Loss: 2.158e+02, Loss_res: 4.005e+02,  Loss_bcs: 0.000e+00, Loss_ut_ics: 9.969e-02, Loss_norm: 2.558e-01, Loss_gauge: 0.000e+00, w_pde: 3.33e-01, L^2_error: 1.698e+00, lr: 1.000e-03, Time: 5.50e+02
Model state saved to ./results/models/checkpoints/smoke_schrodinger\2025-12-23_10-32-10-406195_barrier_DV\model.pth
Model weights saved to ./results/models/checkpoints/smoke_schrodinger\2025-12-23_10-32-10-406195_barrier_DV\model_weights.pth
It: 110, Loss: 2.318e+02, Loss_res: 4.413e+02,  Loss_bcs: 0.000e+00, Loss_ut_ics: 8.508e-02, Loss_norm: 1.977e-01, Loss_gauge: 0.000e+00, w_pde: 3.67e-01, L^2_error: 1.733e+00, lr: 1.000e-03, Time: 6.00e+02
Model state saved to ./results/models/checkpoints/smoke_schrodinger\2025-12-23_10-32-10-406195_barrier_DV\model.pth
Model weights saved to ./results/models/checkpoints/smoke_schrodinger\2025-12-23_10-32-10-406195_barrier_DV\model_weights.pth
It: 120, Loss: 2.509e+02, Loss_res: 4.387e+02,  Loss_bcs: 0.000e+00, Loss_ut_ics: 9.172e-02, Loss_norm: 2.071e-01, Loss_gauge: 0.000e+00, w_pde: 4.00e-01, L^2_error: 1.720e+00, lr: 1.000e-03, Time: 6.50e+02
Model state saved to ./results/models/checkpoints/smoke_schrodinger\2025-12-23_10-32-10-406195_barrier_DV\model.pth
Model weights saved to ./results/models/checkpoints/smoke_schrodinger\2025-12-23_10-32-10-406195_barrier_DV\model_weights.pth
It: 130, Loss: 2.561e+02, Loss_res: 3.925e+02,  Loss_bcs: 0.000e+00, Loss_ut_ics: 1.044e-01, Loss_norm: 2.449e-01, Loss_gauge: 0.000e+00, w_pde: 4.33e-01, L^2_error: 1.692e+00, lr: 1.000e-03, Time: 7.00e+02
Model state saved to ./results/models/checkpoints/smoke_schrodinger\2025-12-23_10-32-10-406195_barrier_DV\model.pth
Model weights saved to ./results/models/checkpoints/smoke_schrodinger\2025-12-23_10-32-10-406195_barrier_DV\model_weights.pth
It: 140, Loss: 2.560e+02, Loss_res: 3.381e+02,  Loss_bcs: 0.000e+00, Loss_ut_ics: 1.193e-01, Loss_norm: 2.826e-01, Loss_gauge: 0.000e+00, w_pde: 4.67e-01, L^2_error: 1.667e+00, lr: 1.000e-03, Time: 7.49e+02
Model state saved to ./results/models/checkpoints/smoke_schrodinger\2025-12-23_10-32-10-406195_barrier_DV\model.pth
Model weights saved to ./results/models/checkpoints/smoke_schrodinger\2025-12-23_10-32-10-406195_barrier_DV\model_weights.pth
It: 150, Loss: 2.704e+02, Loss_res: 3.258e+02,  Loss_bcs: 0.000e+00, Loss_ut_ics: 1.306e-01, Loss_norm: 3.057e-01, Loss_gauge: 0.000e+00, w_pde: 5.00e-01, L^2_error: 1.651e+00, lr: 1.000e-03, Time: 8.01e+02
Model state saved to ./results/models/checkpoints/smoke_schrodinger\2025-12-23_10-32-10-406195_barrier_DV\model.pth
Model weights saved to ./results/models/checkpoints/smoke_schrodinger\2025-12-23_10-32-10-406195_barrier_DV\model_weights.pth
It: 160, Loss: 2.790e+02, Loss_res: 3.108e+02,  Loss_bcs: 0.000e+00, Loss_ut_ics: 1.375e-01, Loss_norm: 3.179e-01, Loss_gauge: 0.000e+00, w_pde: 5.33e-01, L^2_error: 1.643e+00, lr: 1.000e-03, Time: 8.50e+02
Model state saved to ./results/models/checkpoints/smoke_schrodinger\2025-12-23_10-32-10-406195_barrier_DV\model.pth
Model weights saved to ./results/models/checkpoints/smoke_schrodinger\2025-12-23_10-32-10-406195_barrier_DV\model_weights.pth
It: 170, Loss: 2.970e+02, Loss_res: 3.098e+02,  Loss_bcs: 0.000e+00, Loss_ut_ics: 1.477e-01, Loss_norm: 3.327e-01, Loss_gauge: 0.000e+00, w_pde: 5.67e-01, L^2_error: 1.633e+00, lr: 1.000e-03, Time: 9.00e+02
Model state saved to ./results/models/checkpoints/smoke_schrodinger\2025-12-23_10-32-10-406195_barrier_DV\model.pth
Model weights saved to ./results/models/checkpoints/smoke_schrodinger\2025-12-23_10-32-10-406195_barrier_DV\model_weights.pth
It: 180, Loss: 3.128e+02, Loss_res: 3.043e+02,  Loss_bcs: 0.000e+00, Loss_ut_ics: 1.584e-01, Loss_norm: 3.518e-01, Loss_gauge: 0.000e+00, w_pde: 6.00e-01, L^2_error: 1.619e+00, lr: 1.000e-03, Time: 9.50e+02
Model state saved to ./results/models/checkpoints/smoke_schrodinger\2025-12-23_10-32-10-406195_barrier_DV\model.pth
Model weights saved to ./results/models/checkpoints/smoke_schrodinger\2025-12-23_10-32-10-406195_barrier_DV\model_weights.pth
It: 190, Loss: 3.049e+02, Loss_res: 2.691e+02,  Loss_bcs: 0.000e+00, Loss_ut_ics: 1.635e-01, Loss_norm: 3.648e-01, Loss_gauge: 0.000e+00, w_pde: 6.33e-01, L^2_error: 1.610e+00, lr: 1.000e-03, Time: 9.99e+02
Model state saved to ./results/models/checkpoints/smoke_schrodinger\2025-12-23_10-32-10-406195_barrier_DV\model.pth
Model weights saved to ./results/models/checkpoints/smoke_schrodinger\2025-12-23_10-32-10-406195_barrier_DV\model_weights.pth
It: 200, Loss: 3.147e+02, Loss_res: 2.584e+02,  Loss_bcs: 0.000e+00, Loss_ut_ics: 1.732e-01, Loss_norm: 3.794e-01, Loss_gauge: 0.000e+00, w_pde: 6.67e-01, L^2_error: 1.598e+00, lr: 1.000e-03, Time: 1.05e+03
Model state saved to ./results/models/checkpoints/smoke_schrodinger\2025-12-23_10-32-10-406195_barrier_DV\model.pth
Model weights saved to ./results/models/checkpoints/smoke_schrodinger\2025-12-23_10-32-10-406195_barrier_DV\model_weights.pth
It: 210, Loss: 3.261e+02, Loss_res: 2.578e+02,  Loss_bcs: 0.000e+00, Loss_ut_ics: 1.772e-01, Loss_norm: 3.881e-01, Loss_gauge: 0.000e+00, w_pde: 7.00e-01, L^2_error: 1.592e+00, lr: 1.000e-03, Time: 1.10e+03
Model state saved to ./results/models/checkpoints/smoke_schrodinger\2025-12-23_10-32-10-406195_barrier_DV\model.pth
Model weights saved to ./results/models/checkpoints/smoke_schrodinger\2025-12-23_10-32-10-406195_barrier_DV\model_weights.pth
It: 220, Loss: 3.232e+02, Loss_res: 2.345e+02,  Loss_bcs: 0.000e+00, Loss_ut_ics: 1.840e-01, Loss_norm: 3.983e-01, Loss_gauge: 0.000e+00, w_pde: 7.33e-01, L^2_error: 1.584e+00, lr: 1.000e-03, Time: 1.15e+03
Model state saved to ./results/models/checkpoints/smoke_schrodinger\2025-12-23_10-32-10-406195_barrier_DV\model.pth
Model weights saved to ./results/models/checkpoints/smoke_schrodinger\2025-12-23_10-32-10-406195_barrier_DV\model_weights.pth
It: 230, Loss: 3.267e+02, Loss_res: 2.195e+02,  Loss_bcs: 0.000e+00, Loss_ut_ics: 1.928e-01, Loss_norm: 4.144e-01, Loss_gauge: 0.000e+00, w_pde: 7.67e-01, L^2_error: 1.574e+00, lr: 1.000e-03, Time: 1.20e+03
Model state saved to ./results/models/checkpoints/smoke_schrodinger\2025-12-23_10-32-10-406195_barrier_DV\model.pth
Model weights saved to ./results/models/checkpoints/smoke_schrodinger\2025-12-23_10-32-10-406195_barrier_DV\model_weights.pth
It: 240, Loss: 3.423e+02, Loss_res: 2.230e+02,  Loss_bcs: 0.000e+00, Loss_ut_ics: 1.995e-01, Loss_norm: 4.266e-01, Loss_gauge: 0.000e+00, w_pde: 8.00e-01, L^2_error: 1.566e+00, lr: 1.000e-03, Time: 1.24e+03
Model state saved to ./results/models/checkpoints/smoke_schrodinger\2025-12-23_10-32-10-406195_barrier_DV\model.pth
Model weights saved to ./results/models/checkpoints/smoke_schrodinger\2025-12-23_10-32-10-406195_barrier_DV\model_weights.pth
It: 250, Loss: 3.455e+02, Loss_res: 2.088e+02,  Loss_bcs: 0.000e+00, Loss_ut_ics: 2.089e-01, Loss_norm: 4.399e-01, Loss_gauge: 0.000e+00, w_pde: 8.33e-01, L^2_error: 1.558e+00, lr: 1.000e-03, Time: 1.29e+03
Model state saved to ./results/models/checkpoints/smoke_schrodinger\2025-12-23_10-32-10-406195_barrier_DV\model.pth
Model weights saved to ./results/models/checkpoints/smoke_schrodinger\2025-12-23_10-32-10-406195_barrier_DV\model_weights.pth
It: 260, Loss: 3.518e+02, Loss_res: 1.996e+02,  Loss_bcs: 0.000e+00, Loss_ut_ics: 2.178e-01, Loss_norm: 4.531e-01, Loss_gauge: 0.000e+00, w_pde: 8.67e-01, L^2_error: 1.549e+00, lr: 1.000e-03, Time: 1.34e+03
Model state saved to ./results/models/checkpoints/smoke_schrodinger\2025-12-23_10-32-10-406195_barrier_DV\model.pth
Model weights saved to ./results/models/checkpoints/smoke_schrodinger\2025-12-23_10-32-10-406195_barrier_DV\model_weights.pth
It: 270, Loss: 3.655e+02, Loss_res: 2.024e+02,  Loss_bcs: 0.000e+00, Loss_ut_ics: 2.234e-01, Loss_norm: 4.613e-01, Loss_gauge: 0.000e+00, w_pde: 9.00e-01, L^2_error: 1.542e+00, lr: 1.000e-03, Time: 1.39e+03
Model state saved to ./results/models/checkpoints/smoke_schrodinger\2025-12-23_10-32-10-406195_barrier_DV\model.pth
Model weights saved to ./results/models/checkpoints/smoke_schrodinger\2025-12-23_10-32-10-406195_barrier_DV\model_weights.pth
It: 280, Loss: 3.727e+02, Loss_res: 1.980e+02,  Loss_bcs: 0.000e+00, Loss_ut_ics: 2.290e-01, Loss_norm: 4.729e-01, Loss_gauge: 0.000e+00, w_pde: 9.33e-01, L^2_error: 1.533e+00, lr: 1.000e-03, Time: 1.45e+03
Model state saved to ./results/models/checkpoints/smoke_schrodinger\2025-12-23_10-32-10-406195_barrier_DV\model.pth
Model weights saved to ./results/models/checkpoints/smoke_schrodinger\2025-12-23_10-32-10-406195_barrier_DV\model_weights.pth
It: 290, Loss: 3.734e+02, Loss_res: 1.856e+02,  Loss_bcs: 0.000e+00, Loss_ut_ics: 2.364e-01, Loss_norm: 4.859e-01, Loss_gauge: 0.000e+00, w_pde: 9.67e-01, L^2_error: 1.524e+00, lr: 1.000e-03, Time: 1.51e+03
Model state saved to ./results/models/checkpoints/smoke_schrodinger\2025-12-23_10-32-10-406195_barrier_DV\model.pth
Model weights saved to ./results/models/checkpoints/smoke_schrodinger\2025-12-23_10-32-10-406195_barrier_DV\model_weights.pth
It: 300, Loss: 3.760e+02, Loss_res: 1.780e+02,  Loss_bcs: 0.000e+00, Loss_ut_ics: 2.413e-01, Loss_norm: 4.932e-01, Loss_gauge: 0.000e+00, w_pde: 1.00e+00, L^2_error: 1.519e+00, lr: 1.000e-03, Time: 1.55e+03
Model state saved to ./results/models/checkpoints/smoke_schrodinger\2025-12-23_10-32-10-406195_barrier_DV\model.pth
Model weights saved to ./results/models/checkpoints/smoke_schrodinger\2025-12-23_10-32-10-406195_barrier_DV\model_weights.pth
It: 310, Loss: 3.772e+02, Loss_res: 1.723e+02,  Loss_bcs: 0.000e+00, Loss_ut_ics: 2.498e-01, Loss_norm: 5.040e-01, Loss_gauge: 0.000e+00, w_pde: 1.00e+00, L^2_error: 1.512e+00, lr: 1.000e-03, Time: 1.61e+03
Model state saved to ./results/models/checkpoints/smoke_schrodinger\2025-12-23_10-32-10-406195_barrier_DV\model.pth
Model weights saved to ./results/models/checkpoints/smoke_schrodinger\2025-12-23_10-32-10-406195_barrier_DV\model_weights.pth
It: 320, Loss: 3.880e+02, Loss_res: 1.850e+02,  Loss_bcs: 0.000e+00, Loss_ut_ics: 2.474e-01, Loss_norm: 5.010e-01, Loss_gauge: 0.000e+00, w_pde: 1.00e+00, L^2_error: 1.514e+00, lr: 1.000e-03, Time: 1.67e+03
Model state saved to ./results/models/checkpoints/smoke_schrodinger\2025-12-23_10-32-10-406195_barrier_DV\model.pth
Model weights saved to ./results/models/checkpoints/smoke_schrodinger\2025-12-23_10-32-10-406195_barrier_DV\model_weights.pth
It: 330, Loss: 3.681e+02, Loss_res: 1.664e+02,  Loss_bcs: 0.000e+00, Loss_ut_ics: 2.458e-01, Loss_norm: 4.969e-01, Loss_gauge: 0.000e+00, w_pde: 1.00e+00, L^2_error: 1.517e+00, lr: 1.000e-03, Time: 1.71e+03
Model state saved to ./results/models/checkpoints/smoke_schrodinger\2025-12-23_10-32-10-406195_barrier_DV\model.pth
Model weights saved to ./results/models/checkpoints/smoke_schrodinger\2025-12-23_10-32-10-406195_barrier_DV\model_weights.pth
It: 340, Loss: 3.749e+02, Loss_res: 1.758e+02,  Loss_bcs: 0.000e+00, Loss_ut_ics: 2.428e-01, Loss_norm: 4.916e-01, Loss_gauge: 0.000e+00, w_pde: 1.00e+00, L^2_error: 1.519e+00, lr: 1.000e-03, Time: 1.76e+03
Model state saved to ./results/models/checkpoints/smoke_schrodinger\2025-12-23_10-32-10-406195_barrier_DV\model.pth
Model weights saved to ./results/models/checkpoints/smoke_schrodinger\2025-12-23_10-32-10-406195_barrier_DV\model_weights.pth
It: 350, Loss: 3.724e+02, Loss_res: 1.724e+02,  Loss_bcs: 0.000e+00, Loss_ut_ics: 2.438e-01, Loss_norm: 4.934e-01, Loss_gauge: 0.000e+00, w_pde: 1.00e+00, L^2_error: 1.518e+00, lr: 1.000e-03, Time: 1.83e+03
Model state saved to ./results/models/checkpoints/smoke_schrodinger\2025-12-23_10-32-10-406195_barrier_DV\model.pth
Model weights saved to ./results/models/checkpoints/smoke_schrodinger\2025-12-23_10-32-10-406195_barrier_DV\model_weights.pth
It: 360, Loss: 3.693e+02, Loss_res: 1.680e+02,  Loss_bcs: 0.000e+00, Loss_ut_ics: 2.454e-01, Loss_norm: 4.990e-01, Loss_gauge: 0.000e+00, w_pde: 1.00e+00, L^2_error: 1.516e+00, lr: 1.000e-03, Time: 1.89e+03
Model state saved to ./results/models/checkpoints/smoke_schrodinger\2025-12-23_10-32-10-406195_barrier_DV\model.pth
Model weights saved to ./results/models/checkpoints/smoke_schrodinger\2025-12-23_10-32-10-406195_barrier_DV\model_weights.pth
It: 370, Loss: 3.813e+02, Loss_res: 1.791e+02,  Loss_bcs: 0.000e+00, Loss_ut_ics: 2.465e-01, Loss_norm: 4.985e-01, Loss_gauge: 0.000e+00, w_pde: 1.00e+00, L^2_error: 1.515e+00, lr: 1.000e-03, Time: 1.96e+03
Model state saved to ./results/models/checkpoints/smoke_schrodinger\2025-12-23_10-32-10-406195_barrier_DV\model.pth
Model weights saved to ./results/models/checkpoints/smoke_schrodinger\2025-12-23_10-32-10-406195_barrier_DV\model_weights.pth
It: 380, Loss: 3.777e+02, Loss_res: 1.784e+02,  Loss_bcs: 0.000e+00, Loss_ut_ics: 2.429e-01, Loss_norm: 4.911e-01, Loss_gauge: 0.000e+00, w_pde: 1.00e+00, L^2_error: 1.519e+00, lr: 1.000e-03, Time: 2.02e+03
Model state saved to ./results/models/checkpoints/smoke_schrodinger\2025-12-23_10-32-10-406195_barrier_DV\model.pth
Model weights saved to ./results/models/checkpoints/smoke_schrodinger\2025-12-23_10-32-10-406195_barrier_DV\model_weights.pth
It: 390, Loss: 3.808e+02, Loss_res: 1.824e+02,  Loss_bcs: 0.000e+00, Loss_ut_ics: 2.418e-01, Loss_norm: 4.891e-01, Loss_gauge: 0.000e+00, w_pde: 1.00e+00, L^2_error: 1.521e+00, lr: 1.000e-03, Time: 2.07e+03
Model state saved to ./results/models/checkpoints/smoke_schrodinger\2025-12-23_10-32-10-406195_barrier_DV\model.pth
Model weights saved to ./results/models/checkpoints/smoke_schrodinger\2025-12-23_10-32-10-406195_barrier_DV\model_weights.pth
It: 400, Loss: 3.688e+02, Loss_res: 1.710e+02,  Loss_bcs: 0.000e+00, Loss_ut_ics: 2.411e-01, Loss_norm: 4.905e-01, Loss_gauge: 0.000e+00, w_pde: 1.00e+00, L^2_error: 1.520e+00, lr: 1.000e-03, Time: 2.13e+03
Model state saved to ./results/models/checkpoints/smoke_schrodinger\2025-12-23_10-32-10-406195_barrier_DV\model.pth
Model weights saved to ./results/models/checkpoints/smoke_schrodinger\2025-12-23_10-32-10-406195_barrier_DV\model_weights.pth
It: 410, Loss: 3.662e+02, Loss_res: 1.703e+02,  Loss_bcs: 0.000e+00, Loss_ut_ics: 2.388e-01, Loss_norm: 4.859e-01, Loss_gauge: 0.000e+00, w_pde: 1.00e+00, L^2_error: 1.524e+00, lr: 1.000e-03, Time: 2.20e+03
Model state saved to ./results/models/checkpoints/smoke_schrodinger\2025-12-23_10-32-10-406195_barrier_DV\model.pth
Model weights saved to ./results/models/checkpoints/smoke_schrodinger\2025-12-23_10-32-10-406195_barrier_DV\model_weights.pth
It: 420, Loss: 3.768e+02, Loss_res: 1.845e+02,  Loss_bcs: 0.000e+00, Loss_ut_ics: 2.344e-01, Loss_norm: 4.779e-01, Loss_gauge: 0.000e+00, w_pde: 1.00e+00, L^2_error: 1.526e+00, lr: 1.000e-03, Time: 2.27e+03
Model state saved to ./results/models/checkpoints/smoke_schrodinger\2025-12-23_10-32-10-406195_barrier_DV\model.pth
Model weights saved to ./results/models/checkpoints/smoke_schrodinger\2025-12-23_10-32-10-406195_barrier_DV\model_weights.pth
It: 430, Loss: 3.733e+02, Loss_res: 1.790e+02,  Loss_bcs: 0.000e+00, Loss_ut_ics: 2.368e-01, Loss_norm: 4.865e-01, Loss_gauge: 0.000e+00, w_pde: 1.00e+00, L^2_error: 1.519e+00, lr: 1.000e-03, Time: 2.34e+03
Model state saved to ./results/models/checkpoints/smoke_schrodinger\2025-12-23_10-32-10-406195_barrier_DV\model.pth
Model weights saved to ./results/models/checkpoints/smoke_schrodinger\2025-12-23_10-32-10-406195_barrier_DV\model_weights.pth
It: 440, Loss: 3.726e+02, Loss_res: 1.733e+02,  Loss_bcs: 0.000e+00, Loss_ut_ics: 2.430e-01, Loss_norm: 4.942e-01, Loss_gauge: 0.000e+00, w_pde: 1.00e+00, L^2_error: 1.514e+00, lr: 1.000e-03, Time: 2.41e+03
Model state saved to ./results/models/checkpoints/smoke_schrodinger\2025-12-23_10-32-10-406195_barrier_DV\model.pth
Model weights saved to ./results/models/checkpoints/smoke_schrodinger\2025-12-23_10-32-10-406195_barrier_DV\model_weights.pth
It: 450, Loss: 3.728e+02, Loss_res: 1.742e+02,  Loss_bcs: 0.000e+00, Loss_ut_ics: 2.421e-01, Loss_norm: 4.898e-01, Loss_gauge: 0.000e+00, w_pde: 1.00e+00, L^2_error: 1.517e+00, lr: 1.000e-03, Time: 2.47e+03
Model state saved to ./results/models/checkpoints/smoke_schrodinger\2025-12-23_10-32-10-406195_barrier_DV\model.pth
Model weights saved to ./results/models/checkpoints/smoke_schrodinger\2025-12-23_10-32-10-406195_barrier_DV\model_weights.pth
It: 460, Loss: 3.769e+02, Loss_res: 1.841e+02,  Loss_bcs: 0.000e+00, Loss_ut_ics: 2.350e-01, Loss_norm: 4.817e-01, Loss_gauge: 0.000e+00, w_pde: 1.00e+00, L^2_error: 1.522e+00, lr: 1.000e-03, Time: 2.53e+03
Model state saved to ./results/models/checkpoints/smoke_schrodinger\2025-12-23_10-32-10-406195_barrier_DV\model.pth
Model weights saved to ./results/models/checkpoints/smoke_schrodinger\2025-12-23_10-32-10-406195_barrier_DV\model_weights.pth
It: 470, Loss: 3.804e+02, Loss_res: 1.868e+02,  Loss_bcs: 0.000e+00, Loss_ut_ics: 2.359e-01, Loss_norm: 4.845e-01, Loss_gauge: 0.000e+00, w_pde: 1.00e+00, L^2_error: 1.519e+00, lr: 1.000e-03, Time: 2.60e+03
Model state saved to ./results/models/checkpoints/smoke_schrodinger\2025-12-23_10-32-10-406195_barrier_DV\model.pth
Model weights saved to ./results/models/checkpoints/smoke_schrodinger\2025-12-23_10-32-10-406195_barrier_DV\model_weights.pth
It: 480, Loss: 3.725e+02, Loss_res: 1.802e+02,  Loss_bcs: 0.000e+00, Loss_ut_ics: 2.344e-01, Loss_norm: 4.791e-01, Loss_gauge: 0.000e+00, w_pde: 1.00e+00, L^2_error: 1.523e+00, lr: 1.000e-03, Time: 2.66e+03
Model state saved to ./results/models/checkpoints/smoke_schrodinger\2025-12-23_10-32-10-406195_barrier_DV\model.pth
Model weights saved to ./results/models/checkpoints/smoke_schrodinger\2025-12-23_10-32-10-406195_barrier_DV\model_weights.pth
It: 490, Loss: 3.681e+02, Loss_res: 1.733e+02,  Loss_bcs: 0.000e+00, Loss_ut_ics: 2.375e-01, Loss_norm: 4.810e-01, Loss_gauge: 0.000e+00, w_pde: 1.00e+00, L^2_error: 1.522e+00, lr: 1.000e-03, Time: 2.72e+03
Model state saved to ./results/models/checkpoints/smoke_schrodinger\2025-12-23_10-32-10-406195_barrier_DV\model.pth
Model weights saved to ./results/models/checkpoints/smoke_schrodinger\2025-12-23_10-32-10-406195_barrier_DV\model_weights.pth
It: 500, Loss: 3.557e+02, Loss_res: 1.596e+02,  Loss_bcs: 0.000e+00, Loss_ut_ics: 2.390e-01, Loss_norm: 4.839e-01, Loss_gauge: 0.000e+00, w_pde: 1.00e+00, L^2_error: 1.522e+00, lr: 1.000e-03, Time: 2.79e+03
Model state saved to ./results/models/checkpoints/smoke_schrodinger\2025-12-23_10-32-10-406195_barrier_DV\model.pth
Model weights saved to ./results/models/checkpoints/smoke_schrodinger\2025-12-23_10-32-10-406195_barrier_DV\model_weights.pth
It: 510, Loss: 3.691e+02, Loss_res: 1.776e+02,  Loss_bcs: 0.000e+00, Loss_ut_ics: 2.333e-01, Loss_norm: 4.779e-01, Loss_gauge: 0.000e+00, w_pde: 1.00e+00, L^2_error: 1.527e+00, lr: 1.000e-03, Time: 2.85e+03
Model state saved to ./results/models/checkpoints/smoke_schrodinger\2025-12-23_10-32-10-406195_barrier_DV\model.pth
Model weights saved to ./results/models/checkpoints/smoke_schrodinger\2025-12-23_10-32-10-406195_barrier_DV\model_weights.pth
It: 520, Loss: 3.783e+02, Loss_res: 1.903e+02,  Loss_bcs: 0.000e+00, Loss_ut_ics: 2.291e-01, Loss_norm: 4.691e-01, Loss_gauge: 0.000e+00, w_pde: 1.00e+00, L^2_error: 1.531e+00, lr: 1.000e-03, Time: 2.91e+03
Model state saved to ./results/models/checkpoints/smoke_schrodinger\2025-12-23_10-32-10-406195_barrier_DV\model.pth
Model weights saved to ./results/models/checkpoints/smoke_schrodinger\2025-12-23_10-32-10-406195_barrier_DV\model_weights.pth
It: 530, Loss: 3.754e+02, Loss_res: 1.889e+02,  Loss_bcs: 0.000e+00, Loss_ut_ics: 2.273e-01, Loss_norm: 4.705e-01, Loss_gauge: 0.000e+00, w_pde: 1.00e+00, L^2_error: 1.527e+00, lr: 1.000e-03, Time: 2.97e+03
Model state saved to ./results/models/checkpoints/smoke_schrodinger\2025-12-23_10-32-10-406195_barrier_DV\model.pth
Model weights saved to ./results/models/checkpoints/smoke_schrodinger\2025-12-23_10-32-10-406195_barrier_DV\model_weights.pth
