Using DV Solver
The settings used:
batch_size : 64
epochs : 2000
lr : 0.001
seed : 42
print_every : 10
log_path : ./results/models/checkpoints/schrodinger
input_dim : 2
output_dim : 2
num_qubits : 5
hidden_dim : 50
num_quantum_layers : 1
classic_network : [2, 50, 2]
q_ansatz : sim_circ_19
mode : hybrid
activation : null
shots : None
problem : schrodinger
solver : DV
device : cpu
method : None
cutoff_dim : 20
class : CVNeuralNetwork2
encoding : None
eq_params : {'L': 1.0, 'T': 0.2, 'hbar': 1.0, 'mass': 1.0, 'n_level': 2}
Total number of parameters: 822
The circuit used in the study:
It: 1, Loss: 2.596e+00, Loss_res: 2.791e-03,  Loss_bcs: 1.457e-01, Loss_ut_ics: 1.224e+00, lr: 1.000e-03, Time: 1.52e+00
Model state saved to ./results/models/checkpoints/schrodinger/2025-08-15_11-18-48-113934/model.pth
Model state saved to ./results/models/checkpoints/schrodinger/2025-08-15_11-18-48-113934/model_weights.pth
It: 10, Loss: 2.313e+00, Loss_res: 1.528e-03,  Loss_bcs: 8.741e-03, Loss_ut_ics: 1.151e+00, lr: 1.000e-03, Time: 8.04e+00
Model state saved to ./results/models/checkpoints/schrodinger/2025-08-15_11-18-48-113934/model.pth
Model state saved to ./results/models/checkpoints/schrodinger/2025-08-15_11-18-48-113934/model_weights.pth
It: 20, Loss: 2.298e+00, Loss_res: 9.196e-04,  Loss_bcs: 3.679e-03, Loss_ut_ics: 1.147e+00, lr: 1.000e-03, Time: 1.52e+01
Model state saved to ./results/models/checkpoints/schrodinger/2025-08-15_11-18-48-113934/model.pth
Model state saved to ./results/models/checkpoints/schrodinger/2025-08-15_11-18-48-113934/model_weights.pth
It: 30, Loss: 2.270e+00, Loss_res: 1.244e-03,  Loss_bcs: 2.035e-02, Loss_ut_ics: 1.124e+00, lr: 1.000e-03, Time: 2.21e+01
Model state saved to ./results/models/checkpoints/schrodinger/2025-08-15_11-18-48-113934/model.pth
Model state saved to ./results/models/checkpoints/schrodinger/2025-08-15_11-18-48-113934/model_weights.pth
It: 40, Loss: 2.221e+00, Loss_res: 2.793e-03,  Loss_bcs: 1.483e-02, Loss_ut_ics: 1.102e+00, lr: 1.000e-03, Time: 2.94e+01
Model state saved to ./results/models/checkpoints/schrodinger/2025-08-15_11-18-48-113934/model.pth
Model state saved to ./results/models/checkpoints/schrodinger/2025-08-15_11-18-48-113934/model_weights.pth
It: 50, Loss: 2.129e+00, Loss_res: 6.714e-03,  Loss_bcs: 2.222e-02, Loss_ut_ics: 1.050e+00, lr: 1.000e-03, Time: 3.65e+01
Model state saved to ./results/models/checkpoints/schrodinger/2025-08-15_11-18-48-113934/model.pth
Model state saved to ./results/models/checkpoints/schrodinger/2025-08-15_11-18-48-113934/model_weights.pth
It: 60, Loss: 1.977e+00, Loss_res: 1.646e-02,  Loss_bcs: 6.052e-02, Loss_ut_ics: 9.498e-01, lr: 1.000e-03, Time: 4.34e+01
Model state saved to ./results/models/checkpoints/schrodinger/2025-08-15_11-18-48-113934/model.pth
Model state saved to ./results/models/checkpoints/schrodinger/2025-08-15_11-18-48-113934/model_weights.pth
It: 70, Loss: 1.815e+00, Loss_res: 4.552e-02,  Loss_bcs: 1.403e-01, Loss_ut_ics: 8.148e-01, lr: 1.000e-03, Time: 5.05e+01
Model state saved to ./results/models/checkpoints/schrodinger/2025-08-15_11-18-48-113934/model.pth
Model state saved to ./results/models/checkpoints/schrodinger/2025-08-15_11-18-48-113934/model_weights.pth
It: 80, Loss: 1.743e+00, Loss_res: 8.626e-02,  Loss_bcs: 2.415e-01, Loss_ut_ics: 7.075e-01, lr: 1.000e-03, Time: 5.76e+01
Model state saved to ./results/models/checkpoints/schrodinger/2025-08-15_11-18-48-113934/model.pth
Model state saved to ./results/models/checkpoints/schrodinger/2025-08-15_11-18-48-113934/model_weights.pth
It: 90, Loss: 1.720e+00, Loss_res: 8.086e-02,  Loss_bcs: 2.821e-01, Loss_ut_ics: 6.784e-01, lr: 1.000e-03, Time: 6.51e+01
Model state saved to ./results/models/checkpoints/schrodinger/2025-08-15_11-18-48-113934/model.pth
Model state saved to ./results/models/checkpoints/schrodinger/2025-08-15_11-18-48-113934/model_weights.pth
It: 100, Loss: 1.693e+00, Loss_res: 4.983e-02,  Loss_bcs: 2.823e-01, Loss_ut_ics: 6.803e-01, lr: 1.000e-03, Time: 7.31e+01
Model state saved to ./results/models/checkpoints/schrodinger/2025-08-15_11-18-48-113934/model.pth
Model state saved to ./results/models/checkpoints/schrodinger/2025-08-15_11-18-48-113934/model_weights.pth
It: 110, Loss: 1.668e+00, Loss_res: 2.786e-02,  Loss_bcs: 2.944e-01, Loss_ut_ics: 6.730e-01, lr: 1.000e-03, Time: 8.06e+01
Model state saved to ./results/models/checkpoints/schrodinger/2025-08-15_11-18-48-113934/model.pth
Model state saved to ./results/models/checkpoints/schrodinger/2025-08-15_11-18-48-113934/model_weights.pth
It: 120, Loss: 1.640e+00, Loss_res: 1.522e-02,  Loss_bcs: 3.293e-01, Loss_ut_ics: 6.478e-01, lr: 1.000e-03, Time: 8.78e+01
Model state saved to ./results/models/checkpoints/schrodinger/2025-08-15_11-18-48-113934/model.pth
Model state saved to ./results/models/checkpoints/schrodinger/2025-08-15_11-18-48-113934/model_weights.pth
It: 130, Loss: 1.612e+00, Loss_res: 8.541e-03,  Loss_bcs: 3.800e-01, Loss_ut_ics: 6.119e-01, lr: 1.000e-03, Time: 9.48e+01
Model state saved to ./results/models/checkpoints/schrodinger/2025-08-15_11-18-48-113934/model.pth
Model state saved to ./results/models/checkpoints/schrodinger/2025-08-15_11-18-48-113934/model_weights.pth
It: 140, Loss: 1.591e+00, Loss_res: 9.537e-03,  Loss_bcs: 4.212e-01, Loss_ut_ics: 5.802e-01, lr: 1.000e-03, Time: 1.02e+02
Model state saved to ./results/models/checkpoints/schrodinger/2025-08-15_11-18-48-113934/model.pth
Model state saved to ./results/models/checkpoints/schrodinger/2025-08-15_11-18-48-113934/model_weights.pth
It: 150, Loss: 1.576e+00, Loss_res: 1.499e-02,  Loss_bcs: 4.386e-01, Loss_ut_ics: 5.610e-01, lr: 1.000e-03, Time: 1.10e+02
Model state saved to ./results/models/checkpoints/schrodinger/2025-08-15_11-18-48-113934/model.pth
Model state saved to ./results/models/checkpoints/schrodinger/2025-08-15_11-18-48-113934/model_weights.pth
It: 160, Loss: 1.561e+00, Loss_res: 1.731e-02,  Loss_bcs: 4.329e-01, Loss_ut_ics: 5.554e-01, lr: 1.000e-03, Time: 1.19e+02
Model state saved to ./results/models/checkpoints/schrodinger/2025-08-15_11-18-48-113934/model.pth
Model state saved to ./results/models/checkpoints/schrodinger/2025-08-15_11-18-48-113934/model_weights.pth
It: 170, Loss: 1.543e+00, Loss_res: 1.395e-02,  Loss_bcs: 4.267e-01, Loss_ut_ics: 5.514e-01, lr: 1.000e-03, Time: 1.26e+02
Model state saved to ./results/models/checkpoints/schrodinger/2025-08-15_11-18-48-113934/model.pth
Model state saved to ./results/models/checkpoints/schrodinger/2025-08-15_11-18-48-113934/model_weights.pth
It: 180, Loss: 1.522e+00, Loss_res: 1.246e-02,  Loss_bcs: 4.220e-01, Loss_ut_ics: 5.438e-01, lr: 1.000e-03, Time: 1.33e+02
Model state saved to ./results/models/checkpoints/schrodinger/2025-08-15_11-18-48-113934/model.pth
Model state saved to ./results/models/checkpoints/schrodinger/2025-08-15_11-18-48-113934/model_weights.pth
It: 190, Loss: 1.499e+00, Loss_res: 1.662e-02,  Loss_bcs: 4.126e-01, Loss_ut_ics: 5.349e-01, lr: 1.000e-03, Time: 1.40e+02
Model state saved to ./results/models/checkpoints/schrodinger/2025-08-15_11-18-48-113934/model.pth
Model state saved to ./results/models/checkpoints/schrodinger/2025-08-15_11-18-48-113934/model_weights.pth
It: 200, Loss: 1.479e+00, Loss_res: 2.401e-02,  Loss_bcs: 4.024e-01, Loss_ut_ics: 5.263e-01, lr: 1.000e-03, Time: 1.47e+02
Model state saved to ./results/models/checkpoints/schrodinger/2025-08-15_11-18-48-113934/model.pth
Model state saved to ./results/models/checkpoints/schrodinger/2025-08-15_11-18-48-113934/model_weights.pth
It: 210, Loss: 1.461e+00, Loss_res: 3.006e-02,  Loss_bcs: 3.912e-01, Loss_ut_ics: 5.196e-01, lr: 1.000e-03, Time: 1.54e+02
Model state saved to ./results/models/checkpoints/schrodinger/2025-08-15_11-18-48-113934/model.pth
Model state saved to ./results/models/checkpoints/schrodinger/2025-08-15_11-18-48-113934/model_weights.pth
It: 220, Loss: 1.442e+00, Loss_res: 3.384e-02,  Loss_bcs: 3.803e-01, Loss_ut_ics: 5.141e-01, lr: 1.000e-03, Time: 1.61e+02
Model state saved to ./results/models/checkpoints/schrodinger/2025-08-15_11-18-48-113934/model.pth
Model state saved to ./results/models/checkpoints/schrodinger/2025-08-15_11-18-48-113934/model_weights.pth
It: 230, Loss: 1.424e+00, Loss_res: 3.756e-02,  Loss_bcs: 3.711e-01, Loss_ut_ics: 5.078e-01, lr: 1.000e-03, Time: 1.68e+02
Model state saved to ./results/models/checkpoints/schrodinger/2025-08-15_11-18-48-113934/model.pth
Model state saved to ./results/models/checkpoints/schrodinger/2025-08-15_11-18-48-113934/model_weights.pth
It: 240, Loss: 1.404e+00, Loss_res: 4.032e-02,  Loss_bcs: 3.663e-01, Loss_ut_ics: 4.985e-01, lr: 1.000e-03, Time: 1.74e+02
Model state saved to ./results/models/checkpoints/schrodinger/2025-08-15_11-18-48-113934/model.pth
Model state saved to ./results/models/checkpoints/schrodinger/2025-08-15_11-18-48-113934/model_weights.pth
It: 250, Loss: 1.380e+00, Loss_res: 4.279e-02,  Loss_bcs: 3.599e-01, Loss_ut_ics: 4.886e-01, lr: 1.000e-03, Time: 1.81e+02
Model state saved to ./results/models/checkpoints/schrodinger/2025-08-15_11-18-48-113934/model.pth
Model state saved to ./results/models/checkpoints/schrodinger/2025-08-15_11-18-48-113934/model_weights.pth
It: 260, Loss: 1.352e+00, Loss_res: 4.673e-02,  Loss_bcs: 3.495e-01, Loss_ut_ics: 4.780e-01, lr: 1.000e-03, Time: 1.88e+02
Model state saved to ./results/models/checkpoints/schrodinger/2025-08-15_11-18-48-113934/model.pth
Model state saved to ./results/models/checkpoints/schrodinger/2025-08-15_11-18-48-113934/model_weights.pth
It: 270, Loss: 1.321e+00, Loss_res: 5.315e-02,  Loss_bcs: 3.347e-01, Loss_ut_ics: 4.664e-01, lr: 1.000e-03, Time: 1.95e+02
Model state saved to ./results/models/checkpoints/schrodinger/2025-08-15_11-18-48-113934/model.pth
Model state saved to ./results/models/checkpoints/schrodinger/2025-08-15_11-18-48-113934/model_weights.pth
It: 280, Loss: 1.286e+00, Loss_res: 6.112e-02,  Loss_bcs: 3.147e-01, Loss_ut_ics: 4.550e-01, lr: 1.000e-03, Time: 2.02e+02
Model state saved to ./results/models/checkpoints/schrodinger/2025-08-15_11-18-48-113934/model.pth
Model state saved to ./results/models/checkpoints/schrodinger/2025-08-15_11-18-48-113934/model_weights.pth
It: 290, Loss: 1.248e+00, Loss_res: 6.758e-02,  Loss_bcs: 2.951e-01, Loss_ut_ics: 4.428e-01, lr: 1.000e-03, Time: 2.09e+02
Model state saved to ./results/models/checkpoints/schrodinger/2025-08-15_11-18-48-113934/model.pth
Model state saved to ./results/models/checkpoints/schrodinger/2025-08-15_11-18-48-113934/model_weights.pth
It: 300, Loss: 1.210e+00, Loss_res: 7.306e-02,  Loss_bcs: 2.750e-01, Loss_ut_ics: 4.312e-01, lr: 1.000e-03, Time: 2.16e+02
Model state saved to ./results/models/checkpoints/schrodinger/2025-08-15_11-18-48-113934/model.pth
Model state saved to ./results/models/checkpoints/schrodinger/2025-08-15_11-18-48-113934/model_weights.pth
It: 310, Loss: 1.165e+00, Loss_res: 6.362e-02,  Loss_bcs: 2.606e-01, Loss_ut_ics: 4.204e-01, lr: 1.000e-03, Time: 2.23e+02
Model state saved to ./results/models/checkpoints/schrodinger/2025-08-15_11-18-48-113934/model.pth
Model state saved to ./results/models/checkpoints/schrodinger/2025-08-15_11-18-48-113934/model_weights.pth
It: 320, Loss: 1.114e+00, Loss_res: 5.126e-02,  Loss_bcs: 2.465e-01, Loss_ut_ics: 4.080e-01, lr: 1.000e-03, Time: 2.30e+02
Model state saved to ./results/models/checkpoints/schrodinger/2025-08-15_11-18-48-113934/model.pth
Model state saved to ./results/models/checkpoints/schrodinger/2025-08-15_11-18-48-113934/model_weights.pth
It: 330, Loss: 1.054e+00, Loss_res: 3.479e-02,  Loss_bcs: 2.322e-01, Loss_ut_ics: 3.937e-01, lr: 1.000e-03, Time: 2.37e+02
Model state saved to ./results/models/checkpoints/schrodinger/2025-08-15_11-18-48-113934/model.pth
Model state saved to ./results/models/checkpoints/schrodinger/2025-08-15_11-18-48-113934/model_weights.pth
It: 340, Loss: 9.906e-01, Loss_res: 1.872e-02,  Loss_bcs: 2.227e-01, Loss_ut_ics: 3.746e-01, lr: 1.000e-03, Time: 2.43e+02
Model state saved to ./results/models/checkpoints/schrodinger/2025-08-15_11-18-48-113934/model.pth
Model state saved to ./results/models/checkpoints/schrodinger/2025-08-15_11-18-48-113934/model_weights.pth
It: 350, Loss: 9.359e-01, Loss_res: 1.565e-02,  Loss_bcs: 2.226e-01, Loss_ut_ics: 3.488e-01, lr: 1.000e-03, Time: 2.50e+02
Model state saved to ./results/models/checkpoints/schrodinger/2025-08-15_11-18-48-113934/model.pth
Model state saved to ./results/models/checkpoints/schrodinger/2025-08-15_11-18-48-113934/model_weights.pth
It: 360, Loss: 8.884e-01, Loss_res: 1.767e-02,  Loss_bcs: 2.218e-01, Loss_ut_ics: 3.245e-01, lr: 1.000e-03, Time: 2.57e+02
Model state saved to ./results/models/checkpoints/schrodinger/2025-08-15_11-18-48-113934/model.pth
Model state saved to ./results/models/checkpoints/schrodinger/2025-08-15_11-18-48-113934/model_weights.pth
It: 370, Loss: 8.436e-01, Loss_res: 2.108e-02,  Loss_bcs: 2.109e-01, Loss_ut_ics: 3.058e-01, lr: 1.000e-03, Time: 2.64e+02
Model state saved to ./results/models/checkpoints/schrodinger/2025-08-15_11-18-48-113934/model.pth
Model state saved to ./results/models/checkpoints/schrodinger/2025-08-15_11-18-48-113934/model_weights.pth
It: 380, Loss: 8.042e-01, Loss_res: 2.930e-02,  Loss_bcs: 2.005e-01, Loss_ut_ics: 2.872e-01, lr: 1.000e-03, Time: 2.73e+02
Model state saved to ./results/models/checkpoints/schrodinger/2025-08-15_11-18-48-113934/model.pth
Model state saved to ./results/models/checkpoints/schrodinger/2025-08-15_11-18-48-113934/model_weights.pth
It: 390, Loss: 7.668e-01, Loss_res: 3.678e-02,  Loss_bcs: 1.945e-01, Loss_ut_ics: 2.677e-01, lr: 1.000e-03, Time: 3.03e+02
Model state saved to ./results/models/checkpoints/schrodinger/2025-08-15_11-18-48-113934/model.pth
Model state saved to ./results/models/checkpoints/schrodinger/2025-08-15_11-18-48-113934/model_weights.pth
It: 400, Loss: 7.380e-01, Loss_res: 4.731e-02,  Loss_bcs: 1.895e-01, Loss_ut_ics: 2.506e-01, lr: 1.000e-03, Time: 3.17e+02
Model state saved to ./results/models/checkpoints/schrodinger/2025-08-15_11-18-48-113934/model.pth
Model state saved to ./results/models/checkpoints/schrodinger/2025-08-15_11-18-48-113934/model_weights.pth
It: 410, Loss: 7.006e-01, Loss_res: 3.777e-02,  Loss_bcs: 1.842e-01, Loss_ut_ics: 2.393e-01, lr: 1.000e-03, Time: 3.27e+02
Model state saved to ./results/models/checkpoints/schrodinger/2025-08-15_11-18-48-113934/model.pth
Model state saved to ./results/models/checkpoints/schrodinger/2025-08-15_11-18-48-113934/model_weights.pth
It: 420, Loss: 6.709e-01, Loss_res: 3.686e-02,  Loss_bcs: 1.791e-01, Loss_ut_ics: 2.275e-01, lr: 1.000e-03, Time: 3.50e+02
Model state saved to ./results/models/checkpoints/schrodinger/2025-08-15_11-18-48-113934/model.pth
Model state saved to ./results/models/checkpoints/schrodinger/2025-08-15_11-18-48-113934/model_weights.pth
It: 430, Loss: 6.403e-01, Loss_res: 3.438e-02,  Loss_bcs: 1.738e-01, Loss_ut_ics: 2.161e-01, lr: 1.000e-03, Time: 3.86e+02
Model state saved to ./results/models/checkpoints/schrodinger/2025-08-15_11-18-48-113934/model.pth
Model state saved to ./results/models/checkpoints/schrodinger/2025-08-15_11-18-48-113934/model_weights.pth
It: 440, Loss: 6.194e-01, Loss_res: 3.531e-02,  Loss_bcs: 1.691e-01, Loss_ut_ics: 2.075e-01, lr: 1.000e-03, Time: 3.94e+02
Model state saved to ./results/models/checkpoints/schrodinger/2025-08-15_11-18-48-113934/model.pth
Model state saved to ./results/models/checkpoints/schrodinger/2025-08-15_11-18-48-113934/model_weights.pth
It: 450, Loss: 5.841e-01, Loss_res: 2.327e-02,  Loss_bcs: 1.656e-01, Loss_ut_ics: 1.976e-01, lr: 1.000e-03, Time: 4.02e+02
Model state saved to ./results/models/checkpoints/schrodinger/2025-08-15_11-18-48-113934/model.pth
Model state saved to ./results/models/checkpoints/schrodinger/2025-08-15_11-18-48-113934/model_weights.pth
It: 460, Loss: 5.577e-01, Loss_res: 2.141e-02,  Loss_bcs: 1.628e-01, Loss_ut_ics: 1.868e-01, lr: 1.000e-03, Time: 4.09e+02
Model state saved to ./results/models/checkpoints/schrodinger/2025-08-15_11-18-48-113934/model.pth
Model state saved to ./results/models/checkpoints/schrodinger/2025-08-15_11-18-48-113934/model_weights.pth
It: 470, Loss: 5.363e-01, Loss_res: 1.586e-02,  Loss_bcs: 1.592e-01, Loss_ut_ics: 1.806e-01, lr: 1.000e-03, Time: 4.17e+02
Model state saved to ./results/models/checkpoints/schrodinger/2025-08-15_11-18-48-113934/model.pth
Model state saved to ./results/models/checkpoints/schrodinger/2025-08-15_11-18-48-113934/model_weights.pth
It: 480, Loss: 5.091e-01, Loss_res: 1.351e-02,  Loss_bcs: 1.566e-01, Loss_ut_ics: 1.695e-01, lr: 1.000e-03, Time: 4.30e+02
Model state saved to ./results/models/checkpoints/schrodinger/2025-08-15_11-18-48-113934/model.pth
Model state saved to ./results/models/checkpoints/schrodinger/2025-08-15_11-18-48-113934/model_weights.pth
It: 490, Loss: 4.871e-01, Loss_res: 8.284e-03,  Loss_bcs: 1.526e-01, Loss_ut_ics: 1.631e-01, lr: 1.000e-03, Time: 4.64e+02
Model state saved to ./results/models/checkpoints/schrodinger/2025-08-15_11-18-48-113934/model.pth
Model state saved to ./results/models/checkpoints/schrodinger/2025-08-15_11-18-48-113934/model_weights.pth
It: 500, Loss: 4.674e-01, Loss_res: 6.322e-03,  Loss_bcs: 1.502e-01, Loss_ut_ics: 1.554e-01, lr: 1.000e-03, Time: 4.75e+02
Model state saved to ./results/models/checkpoints/schrodinger/2025-08-15_11-18-48-113934/model.pth
Model state saved to ./results/models/checkpoints/schrodinger/2025-08-15_11-18-48-113934/model_weights.pth
It: 510, Loss: 4.470e-01, Loss_res: 5.096e-03,  Loss_bcs: 1.467e-01, Loss_ut_ics: 1.476e-01, lr: 1.000e-03, Time: 4.83e+02
Model state saved to ./results/models/checkpoints/schrodinger/2025-08-15_11-18-48-113934/model.pth
Model state saved to ./results/models/checkpoints/schrodinger/2025-08-15_11-18-48-113934/model_weights.pth
It: 520, Loss: 4.407e-01, Loss_res: 2.233e-02,  Loss_bcs: 1.433e-01, Loss_ut_ics: 1.375e-01, lr: 1.000e-03, Time: 4.91e+02
Model state saved to ./results/models/checkpoints/schrodinger/2025-08-15_11-18-48-113934/model.pth
Model state saved to ./results/models/checkpoints/schrodinger/2025-08-15_11-18-48-113934/model_weights.pth
It: 530, Loss: 4.161e-01, Loss_res: 7.596e-03,  Loss_bcs: 1.407e-01, Loss_ut_ics: 1.339e-01, lr: 1.000e-03, Time: 4.99e+02
Model state saved to ./results/models/checkpoints/schrodinger/2025-08-15_11-18-48-113934/model.pth
Model state saved to ./results/models/checkpoints/schrodinger/2025-08-15_11-18-48-113934/model_weights.pth
It: 540, Loss: 3.960e-01, Loss_res: 3.600e-03,  Loss_bcs: 1.365e-01, Loss_ut_ics: 1.279e-01, lr: 1.000e-03, Time: 5.08e+02
Model state saved to ./results/models/checkpoints/schrodinger/2025-08-15_11-18-48-113934/model.pth
Model state saved to ./results/models/checkpoints/schrodinger/2025-08-15_11-18-48-113934/model_weights.pth
It: 550, Loss: 3.812e-01, Loss_res: 3.593e-03,  Loss_bcs: 1.334e-01, Loss_ut_ics: 1.221e-01, lr: 1.000e-03, Time: 5.16e+02
Model state saved to ./results/models/checkpoints/schrodinger/2025-08-15_11-18-48-113934/model.pth
Model state saved to ./results/models/checkpoints/schrodinger/2025-08-15_11-18-48-113934/model_weights.pth
It: 560, Loss: 3.649e-01, Loss_res: 2.095e-03,  Loss_bcs: 1.303e-01, Loss_ut_ics: 1.163e-01, lr: 1.000e-03, Time: 5.24e+02
Model state saved to ./results/models/checkpoints/schrodinger/2025-08-15_11-18-48-113934/model.pth
Model state saved to ./results/models/checkpoints/schrodinger/2025-08-15_11-18-48-113934/model_weights.pth
It: 570, Loss: 4.283e-01, Loss_res: 7.064e-02,  Loss_bcs: 1.288e-01, Loss_ut_ics: 1.144e-01, lr: 1.000e-03, Time: 5.32e+02
Model state saved to ./results/models/checkpoints/schrodinger/2025-08-15_11-18-48-113934/model.pth
Model state saved to ./results/models/checkpoints/schrodinger/2025-08-15_11-18-48-113934/model_weights.pth
It: 580, Loss: 3.648e-01, Loss_res: 2.956e-02,  Loss_bcs: 1.233e-01, Loss_ut_ics: 1.060e-01, lr: 1.000e-03, Time: 5.40e+02
Model state saved to ./results/models/checkpoints/schrodinger/2025-08-15_11-18-48-113934/model.pth
Model state saved to ./results/models/checkpoints/schrodinger/2025-08-15_11-18-48-113934/model_weights.pth
It: 590, Loss: 3.360e-01, Loss_res: 1.115e-02,  Loss_bcs: 1.203e-01, Loss_ut_ics: 1.023e-01, lr: 1.000e-03, Time: 5.48e+02
Model state saved to ./results/models/checkpoints/schrodinger/2025-08-15_11-18-48-113934/model.pth
Model state saved to ./results/models/checkpoints/schrodinger/2025-08-15_11-18-48-113934/model_weights.pth
It: 600, Loss: 3.199e-01, Loss_res: 3.484e-03,  Loss_bcs: 1.183e-01, Loss_ut_ics: 9.910e-02, lr: 1.000e-03, Time: 5.56e+02
Model state saved to ./results/models/checkpoints/schrodinger/2025-08-15_11-18-48-113934/model.pth
Model state saved to ./results/models/checkpoints/schrodinger/2025-08-15_11-18-48-113934/model_weights.pth
It: 610, Loss: 3.076e-01, Loss_res: 1.706e-03,  Loss_bcs: 1.159e-01, Loss_ut_ics: 9.500e-02, lr: 1.000e-03, Time: 5.64e+02
Model state saved to ./results/models/checkpoints/schrodinger/2025-08-15_11-18-48-113934/model.pth
Model state saved to ./results/models/checkpoints/schrodinger/2025-08-15_11-18-48-113934/model_weights.pth
It: 620, Loss: 2.972e-01, Loss_res: 1.314e-03,  Loss_bcs: 1.133e-01, Loss_ut_ics: 9.127e-02, lr: 1.000e-03, Time: 5.75e+02
Model state saved to ./results/models/checkpoints/schrodinger/2025-08-15_11-18-48-113934/model.pth
Model state saved to ./results/models/checkpoints/schrodinger/2025-08-15_11-18-48-113934/model_weights.pth
It: 630, Loss: 2.868e-01, Loss_res: 1.314e-03,  Loss_bcs: 1.103e-01, Loss_ut_ics: 8.758e-02, lr: 1.000e-03, Time: 5.93e+02
Model state saved to ./results/models/checkpoints/schrodinger/2025-08-15_11-18-48-113934/model.pth
Model state saved to ./results/models/checkpoints/schrodinger/2025-08-15_11-18-48-113934/model_weights.pth
It: 640, Loss: 2.765e-01, Loss_res: 9.682e-04,  Loss_bcs: 1.076e-01, Loss_ut_ics: 8.398e-02, lr: 1.000e-03, Time: 6.07e+02
Model state saved to ./results/models/checkpoints/schrodinger/2025-08-15_11-18-48-113934/model.pth
Model state saved to ./results/models/checkpoints/schrodinger/2025-08-15_11-18-48-113934/model_weights.pth
It: 650, Loss: 2.664e-01, Loss_res: 1.016e-03,  Loss_bcs: 1.046e-01, Loss_ut_ics: 8.038e-02, lr: 1.000e-03, Time: 6.16e+02
Model state saved to ./results/models/checkpoints/schrodinger/2025-08-15_11-18-48-113934/model.pth
Model state saved to ./results/models/checkpoints/schrodinger/2025-08-15_11-18-48-113934/model_weights.pth
It: 660, Loss: 2.737e-01, Loss_res: 2.179e-02,  Loss_bcs: 1.010e-01, Loss_ut_ics: 7.547e-02, lr: 1.000e-03, Time: 6.25e+02
Model state saved to ./results/models/checkpoints/schrodinger/2025-08-15_11-18-48-113934/model.pth
Model state saved to ./results/models/checkpoints/schrodinger/2025-08-15_11-18-48-113934/model_weights.pth
It: 670, Loss: 2.643e-01, Loss_res: 1.977e-02,  Loss_bcs: 9.873e-02, Loss_ut_ics: 7.288e-02, lr: 1.000e-03, Time: 6.32e+02
Model state saved to ./results/models/checkpoints/schrodinger/2025-08-15_11-18-48-113934/model.pth
Model state saved to ./results/models/checkpoints/schrodinger/2025-08-15_11-18-48-113934/model_weights.pth
It: 680, Loss: 2.461e-01, Loss_res: 3.155e-03,  Loss_bcs: 9.697e-02, Loss_ut_ics: 7.299e-02, lr: 1.000e-03, Time: 6.40e+02
Model state saved to ./results/models/checkpoints/schrodinger/2025-08-15_11-18-48-113934/model.pth
Model state saved to ./results/models/checkpoints/schrodinger/2025-08-15_11-18-48-113934/model_weights.pth
It: 690, Loss: 2.369e-01, Loss_res: 3.590e-03,  Loss_bcs: 9.413e-02, Loss_ut_ics: 6.957e-02, lr: 1.000e-03, Time: 6.48e+02
Model state saved to ./results/models/checkpoints/schrodinger/2025-08-15_11-18-48-113934/model.pth
Model state saved to ./results/models/checkpoints/schrodinger/2025-08-15_11-18-48-113934/model_weights.pth
It: 700, Loss: 2.290e-01, Loss_res: 1.579e-03,  Loss_bcs: 9.174e-02, Loss_ut_ics: 6.786e-02, lr: 1.000e-03, Time: 6.65e+02
Model state saved to ./results/models/checkpoints/schrodinger/2025-08-15_11-18-48-113934/model.pth
Model state saved to ./results/models/checkpoints/schrodinger/2025-08-15_11-18-48-113934/model_weights.pth
It: 710, Loss: 2.211e-01, Loss_res: 6.060e-04,  Loss_bcs: 8.962e-02, Loss_ut_ics: 6.543e-02, lr: 1.000e-03, Time: 6.78e+02
Model state saved to ./results/models/checkpoints/schrodinger/2025-08-15_11-18-48-113934/model.pth
Model state saved to ./results/models/checkpoints/schrodinger/2025-08-15_11-18-48-113934/model_weights.pth
It: 720, Loss: 2.145e-01, Loss_res: 9.008e-04,  Loss_bcs: 8.720e-02, Loss_ut_ics: 6.319e-02, lr: 1.000e-03, Time: 6.86e+02
Model state saved to ./results/models/checkpoints/schrodinger/2025-08-15_11-18-48-113934/model.pth
Model state saved to ./results/models/checkpoints/schrodinger/2025-08-15_11-18-48-113934/model_weights.pth
It: 730, Loss: 2.078e-01, Loss_res: 6.029e-04,  Loss_bcs: 8.480e-02, Loss_ut_ics: 6.120e-02, lr: 1.000e-03, Time: 6.93e+02
Model state saved to ./results/models/checkpoints/schrodinger/2025-08-15_11-18-48-113934/model.pth
Model state saved to ./results/models/checkpoints/schrodinger/2025-08-15_11-18-48-113934/model_weights.pth
It: 740, Loss: 2.014e-01, Loss_res: 3.094e-04,  Loss_bcs: 8.255e-02, Loss_ut_ics: 5.926e-02, lr: 1.000e-03, Time: 7.01e+02
Model state saved to ./results/models/checkpoints/schrodinger/2025-08-15_11-18-48-113934/model.pth
Model state saved to ./results/models/checkpoints/schrodinger/2025-08-15_11-18-48-113934/model_weights.pth
It: 750, Loss: 1.972e-01, Loss_res: 1.671e-03,  Loss_bcs: 8.050e-02, Loss_ut_ics: 5.749e-02, lr: 1.000e-03, Time: 7.21e+02
Model state saved to ./results/models/checkpoints/schrodinger/2025-08-15_11-18-48-113934/model.pth
Model state saved to ./results/models/checkpoints/schrodinger/2025-08-15_11-18-48-113934/model_weights.pth
It: 760, Loss: 2.026e-01, Loss_res: 1.511e-02,  Loss_bcs: 7.730e-02, Loss_ut_ics: 5.509e-02, lr: 1.000e-03, Time: 8.27e+02
Model state saved to ./results/models/checkpoints/schrodinger/2025-08-15_11-18-48-113934/model.pth
Model state saved to ./results/models/checkpoints/schrodinger/2025-08-15_11-18-48-113934/model_weights.pth
It: 770, Loss: 1.906e-01, Loss_res: 8.492e-03,  Loss_bcs: 7.506e-02, Loss_ut_ics: 5.352e-02, lr: 1.000e-03, Time: 8.67e+02
Model state saved to ./results/models/checkpoints/schrodinger/2025-08-15_11-18-48-113934/model.pth
Model state saved to ./results/models/checkpoints/schrodinger/2025-08-15_11-18-48-113934/model_weights.pth
It: 780, Loss: 1.836e-01, Loss_res: 6.101e-03,  Loss_bcs: 7.319e-02, Loss_ut_ics: 5.216e-02, lr: 1.000e-03, Time: 8.82e+02
Model state saved to ./results/models/checkpoints/schrodinger/2025-08-15_11-18-48-113934/model.pth
Model state saved to ./results/models/checkpoints/schrodinger/2025-08-15_11-18-48-113934/model_weights.pth
It: 790, Loss: 1.759e-01, Loss_res: 2.301e-03,  Loss_bcs: 7.112e-02, Loss_ut_ics: 5.122e-02, lr: 1.000e-03, Time: 8.94e+02
Model state saved to ./results/models/checkpoints/schrodinger/2025-08-15_11-18-48-113934/model.pth
Model state saved to ./results/models/checkpoints/schrodinger/2025-08-15_11-18-48-113934/model_weights.pth
It: 800, Loss: 1.697e-01, Loss_res: 4.171e-04,  Loss_bcs: 6.935e-02, Loss_ut_ics: 4.997e-02, lr: 1.000e-03, Time: 9.03e+02
Model state saved to ./results/models/checkpoints/schrodinger/2025-08-15_11-18-48-113934/model.pth
Model state saved to ./results/models/checkpoints/schrodinger/2025-08-15_11-18-48-113934/model_weights.pth
It: 810, Loss: 1.650e-01, Loss_res: 2.525e-04,  Loss_bcs: 6.747e-02, Loss_ut_ics: 4.866e-02, lr: 1.000e-03, Time: 9.13e+02
Model state saved to ./results/models/checkpoints/schrodinger/2025-08-15_11-18-48-113934/model.pth
Model state saved to ./results/models/checkpoints/schrodinger/2025-08-15_11-18-48-113934/model_weights.pth
It: 820, Loss: 1.604e-01, Loss_res: 2.996e-04,  Loss_bcs: 6.538e-02, Loss_ut_ics: 4.734e-02, lr: 1.000e-03, Time: 9.24e+02
Model state saved to ./results/models/checkpoints/schrodinger/2025-08-15_11-18-48-113934/model.pth
Model state saved to ./results/models/checkpoints/schrodinger/2025-08-15_11-18-48-113934/model_weights.pth
It: 830, Loss: 1.559e-01, Loss_res: 3.943e-04,  Loss_bcs: 6.332e-02, Loss_ut_ics: 4.610e-02, lr: 1.000e-03, Time: 9.41e+02
Model state saved to ./results/models/checkpoints/schrodinger/2025-08-15_11-18-48-113934/model.pth
Model state saved to ./results/models/checkpoints/schrodinger/2025-08-15_11-18-48-113934/model_weights.pth
It: 840, Loss: 1.812e-01, Loss_res: 3.278e-02,  Loss_bcs: 6.017e-02, Loss_ut_ics: 4.410e-02, lr: 1.000e-03, Time: 9.53e+02
Model state saved to ./results/models/checkpoints/schrodinger/2025-08-15_11-18-48-113934/model.pth
Model state saved to ./results/models/checkpoints/schrodinger/2025-08-15_11-18-48-113934/model_weights.pth
It: 850, Loss: 1.685e-01, Loss_res: 2.205e-02,  Loss_bcs: 5.908e-02, Loss_ut_ics: 4.368e-02, lr: 1.000e-03, Time: 9.63e+02
Model state saved to ./results/models/checkpoints/schrodinger/2025-08-15_11-18-48-113934/model.pth
Model state saved to ./results/models/checkpoints/schrodinger/2025-08-15_11-18-48-113934/model_weights.pth
It: 860, Loss: 1.528e-01, Loss_res: 7.722e-03,  Loss_bcs: 5.835e-02, Loss_ut_ics: 4.336e-02, lr: 1.000e-03, Time: 9.71e+02
Model state saved to ./results/models/checkpoints/schrodinger/2025-08-15_11-18-48-113934/model.pth
Model state saved to ./results/models/checkpoints/schrodinger/2025-08-15_11-18-48-113934/model_weights.pth
It: 870, Loss: 1.449e-01, Loss_res: 2.411e-03,  Loss_bcs: 5.627e-02, Loss_ut_ics: 4.311e-02, lr: 1.000e-03, Time: 9.79e+02
Model state saved to ./results/models/checkpoints/schrodinger/2025-08-15_11-18-48-113934/model.pth
Model state saved to ./results/models/checkpoints/schrodinger/2025-08-15_11-18-48-113934/model_weights.pth
It: 880, Loss: 1.398e-01, Loss_res: 1.272e-03,  Loss_bcs: 5.487e-02, Loss_ut_ics: 4.185e-02, lr: 1.000e-03, Time: 9.87e+02
Model state saved to ./results/models/checkpoints/schrodinger/2025-08-15_11-18-48-113934/model.pth
Model state saved to ./results/models/checkpoints/schrodinger/2025-08-15_11-18-48-113934/model_weights.pth
It: 890, Loss: 1.365e-01, Loss_res: 2.106e-04,  Loss_bcs: 5.363e-02, Loss_ut_ics: 4.132e-02, lr: 1.000e-03, Time: 9.98e+02
Model state saved to ./results/models/checkpoints/schrodinger/2025-08-15_11-18-48-113934/model.pth
Model state saved to ./results/models/checkpoints/schrodinger/2025-08-15_11-18-48-113934/model_weights.pth
It: 900, Loss: 1.332e-01, Loss_res: 1.818e-04,  Loss_bcs: 5.212e-02, Loss_ut_ics: 4.046e-02, lr: 1.000e-03, Time: 1.01e+03
Model state saved to ./results/models/checkpoints/schrodinger/2025-08-15_11-18-48-113934/model.pth
Model state saved to ./results/models/checkpoints/schrodinger/2025-08-15_11-18-48-113934/model_weights.pth
It: 910, Loss: 1.304e-01, Loss_res: 3.461e-04,  Loss_bcs: 5.069e-02, Loss_ut_ics: 3.966e-02, lr: 1.000e-03, Time: 1.04e+03
Model state saved to ./results/models/checkpoints/schrodinger/2025-08-15_11-18-48-113934/model.pth
Model state saved to ./results/models/checkpoints/schrodinger/2025-08-15_11-18-48-113934/model_weights.pth
It: 920, Loss: 1.275e-01, Loss_res: 2.662e-04,  Loss_bcs: 4.933e-02, Loss_ut_ics: 3.895e-02, lr: 1.000e-03, Time: 1.06e+03
Model state saved to ./results/models/checkpoints/schrodinger/2025-08-15_11-18-48-113934/model.pth
Model state saved to ./results/models/checkpoints/schrodinger/2025-08-15_11-18-48-113934/model_weights.pth
It: 930, Loss: 1.247e-01, Loss_res: 2.066e-04,  Loss_bcs: 4.796e-02, Loss_ut_ics: 3.829e-02, lr: 1.000e-03, Time: 1.07e+03
Model state saved to ./results/models/checkpoints/schrodinger/2025-08-15_11-18-48-113934/model.pth
Model state saved to ./results/models/checkpoints/schrodinger/2025-08-15_11-18-48-113934/model_weights.pth
It: 940, Loss: 1.221e-01, Loss_res: 2.065e-04,  Loss_bcs: 4.662e-02, Loss_ut_ics: 3.762e-02, lr: 1.000e-03, Time: 1.08e+03
Model state saved to ./results/models/checkpoints/schrodinger/2025-08-15_11-18-48-113934/model.pth
Model state saved to ./results/models/checkpoints/schrodinger/2025-08-15_11-18-48-113934/model_weights.pth
It: 950, Loss: 1.195e-01, Loss_res: 1.546e-04,  Loss_bcs: 4.530e-02, Loss_ut_ics: 3.700e-02, lr: 1.000e-03, Time: 1.10e+03
Model state saved to ./results/models/checkpoints/schrodinger/2025-08-15_11-18-48-113934/model.pth
Model state saved to ./results/models/checkpoints/schrodinger/2025-08-15_11-18-48-113934/model_weights.pth
It: 960, Loss: 1.169e-01, Loss_res: 1.388e-04,  Loss_bcs: 4.401e-02, Loss_ut_ics: 3.639e-02, lr: 1.000e-03, Time: 1.11e+03
Model state saved to ./results/models/checkpoints/schrodinger/2025-08-15_11-18-48-113934/model.pth
Model state saved to ./results/models/checkpoints/schrodinger/2025-08-15_11-18-48-113934/model_weights.pth
It: 970, Loss: 1.145e-01, Loss_res: 1.504e-04,  Loss_bcs: 4.273e-02, Loss_ut_ics: 3.579e-02, lr: 1.000e-03, Time: 1.12e+03
Model state saved to ./results/models/checkpoints/schrodinger/2025-08-15_11-18-48-113934/model.pth
Model state saved to ./results/models/checkpoints/schrodinger/2025-08-15_11-18-48-113934/model_weights.pth
It: 980, Loss: 1.121e-01, Loss_res: 1.396e-04,  Loss_bcs: 4.148e-02, Loss_ut_ics: 3.522e-02, lr: 1.000e-03, Time: 1.13e+03
Model state saved to ./results/models/checkpoints/schrodinger/2025-08-15_11-18-48-113934/model.pth
Model state saved to ./results/models/checkpoints/schrodinger/2025-08-15_11-18-48-113934/model_weights.pth
It: 990, Loss: 1.097e-01, Loss_res: 1.290e-04,  Loss_bcs: 4.026e-02, Loss_ut_ics: 3.466e-02, lr: 1.000e-03, Time: 1.14e+03
Model state saved to ./results/models/checkpoints/schrodinger/2025-08-15_11-18-48-113934/model.pth
Model state saved to ./results/models/checkpoints/schrodinger/2025-08-15_11-18-48-113934/model_weights.pth
It: 1000, Loss: 1.074e-01, Loss_res: 9.041e-05,  Loss_bcs: 3.909e-02, Loss_ut_ics: 3.413e-02, lr: 1.000e-03, Time: 1.15e+03
Model state saved to ./results/models/checkpoints/schrodinger/2025-08-15_11-18-48-113934/model.pth
Model state saved to ./results/models/checkpoints/schrodinger/2025-08-15_11-18-48-113934/model_weights.pth
It: 1010, Loss: 1.377e-01, Loss_res: 3.034e-02,  Loss_bcs: 3.888e-02, Loss_ut_ics: 3.423e-02, lr: 1.000e-03, Time: 1.17e+03
Model state saved to ./results/models/checkpoints/schrodinger/2025-08-15_11-18-48-113934/model.pth
Model state saved to ./results/models/checkpoints/schrodinger/2025-08-15_11-18-48-113934/model_weights.pth
It: 1020, Loss: 1.050e-01, Loss_res: 1.699e-03,  Loss_bcs: 3.714e-02, Loss_ut_ics: 3.308e-02, lr: 1.000e-03, Time: 1.20e+03
Model state saved to ./results/models/checkpoints/schrodinger/2025-08-15_11-18-48-113934/model.pth
Model state saved to ./results/models/checkpoints/schrodinger/2025-08-15_11-18-48-113934/model_weights.pth
It: 1030, Loss: 1.134e-01, Loss_res: 1.018e-02,  Loss_bcs: 3.647e-02, Loss_ut_ics: 3.335e-02, lr: 1.000e-03, Time: 1.22e+03
Model state saved to ./results/models/checkpoints/schrodinger/2025-08-15_11-18-48-113934/model.pth
Model state saved to ./results/models/checkpoints/schrodinger/2025-08-15_11-18-48-113934/model_weights.pth
It: 1040, Loss: 1.066e-01, Loss_res: 7.561e-03,  Loss_bcs: 3.474e-02, Loss_ut_ics: 3.215e-02, lr: 1.000e-03, Time: 1.24e+03
Model state saved to ./results/models/checkpoints/schrodinger/2025-08-15_11-18-48-113934/model.pth
Model state saved to ./results/models/checkpoints/schrodinger/2025-08-15_11-18-48-113934/model_weights.pth
It: 1050, Loss: 1.007e-01, Loss_res: 1.797e-03,  Loss_bcs: 3.439e-02, Loss_ut_ics: 3.228e-02, lr: 1.000e-03, Time: 1.25e+03
Model state saved to ./results/models/checkpoints/schrodinger/2025-08-15_11-18-48-113934/model.pth
Model state saved to ./results/models/checkpoints/schrodinger/2025-08-15_11-18-48-113934/model_weights.pth
It: 1060, Loss: 9.698e-02, Loss_res: 5.454e-04,  Loss_bcs: 3.332e-02, Loss_ut_ics: 3.156e-02, lr: 1.000e-03, Time: 1.26e+03
Model state saved to ./results/models/checkpoints/schrodinger/2025-08-15_11-18-48-113934/model.pth
Model state saved to ./results/models/checkpoints/schrodinger/2025-08-15_11-18-48-113934/model_weights.pth
It: 1070, Loss: 9.520e-02, Loss_res: 3.417e-04,  Loss_bcs: 3.253e-02, Loss_ut_ics: 3.117e-02, lr: 1.000e-03, Time: 1.27e+03
Model state saved to ./results/models/checkpoints/schrodinger/2025-08-15_11-18-48-113934/model.pth
Model state saved to ./results/models/checkpoints/schrodinger/2025-08-15_11-18-48-113934/model_weights.pth
It: 1080, Loss: 9.349e-02, Loss_res: 1.130e-04,  Loss_bcs: 3.183e-02, Loss_ut_ics: 3.077e-02, lr: 1.000e-03, Time: 1.28e+03
Model state saved to ./results/models/checkpoints/schrodinger/2025-08-15_11-18-48-113934/model.pth
Model state saved to ./results/models/checkpoints/schrodinger/2025-08-15_11-18-48-113934/model_weights.pth
It: 1090, Loss: 9.179e-02, Loss_res: 7.032e-05,  Loss_bcs: 3.103e-02, Loss_ut_ics: 3.035e-02, lr: 1.000e-03, Time: 1.29e+03
Model state saved to ./results/models/checkpoints/schrodinger/2025-08-15_11-18-48-113934/model.pth
Model state saved to ./results/models/checkpoints/schrodinger/2025-08-15_11-18-48-113934/model_weights.pth
It: 1100, Loss: 9.017e-02, Loss_res: 1.132e-04,  Loss_bcs: 3.024e-02, Loss_ut_ics: 2.991e-02, lr: 1.000e-03, Time: 1.30e+03
Model state saved to ./results/models/checkpoints/schrodinger/2025-08-15_11-18-48-113934/model.pth
Model state saved to ./results/models/checkpoints/schrodinger/2025-08-15_11-18-48-113934/model_weights.pth
It: 1110, Loss: 8.860e-02, Loss_res: 1.164e-04,  Loss_bcs: 2.948e-02, Loss_ut_ics: 2.950e-02, lr: 1.000e-03, Time: 1.31e+03
Model state saved to ./results/models/checkpoints/schrodinger/2025-08-15_11-18-48-113934/model.pth
Model state saved to ./results/models/checkpoints/schrodinger/2025-08-15_11-18-48-113934/model_weights.pth
It: 1120, Loss: 8.705e-02, Loss_res: 1.047e-04,  Loss_bcs: 2.874e-02, Loss_ut_ics: 2.910e-02, lr: 1.000e-03, Time: 1.33e+03
Model state saved to ./results/models/checkpoints/schrodinger/2025-08-15_11-18-48-113934/model.pth
Model state saved to ./results/models/checkpoints/schrodinger/2025-08-15_11-18-48-113934/model_weights.pth
It: 1130, Loss: 8.553e-02, Loss_res: 9.736e-05,  Loss_bcs: 2.803e-02, Loss_ut_ics: 2.871e-02, lr: 1.000e-03, Time: 1.35e+03
Model state saved to ./results/models/checkpoints/schrodinger/2025-08-15_11-18-48-113934/model.pth
Model state saved to ./results/models/checkpoints/schrodinger/2025-08-15_11-18-48-113934/model_weights.pth
It: 1140, Loss: 8.404e-02, Loss_res: 8.754e-05,  Loss_bcs: 2.732e-02, Loss_ut_ics: 2.831e-02, lr: 1.000e-03, Time: 1.35e+03
Model state saved to ./results/models/checkpoints/schrodinger/2025-08-15_11-18-48-113934/model.pth
Model state saved to ./results/models/checkpoints/schrodinger/2025-08-15_11-18-48-113934/model_weights.pth
It: 1150, Loss: 8.257e-02, Loss_res: 8.140e-05,  Loss_bcs: 2.663e-02, Loss_ut_ics: 2.793e-02, lr: 1.000e-03, Time: 1.36e+03
Model state saved to ./results/models/checkpoints/schrodinger/2025-08-15_11-18-48-113934/model.pth
Model state saved to ./results/models/checkpoints/schrodinger/2025-08-15_11-18-48-113934/model_weights.pth
It: 1160, Loss: 8.112e-02, Loss_res: 7.971e-05,  Loss_bcs: 2.596e-02, Loss_ut_ics: 2.754e-02, lr: 1.000e-03, Time: 1.38e+03
Model state saved to ./results/models/checkpoints/schrodinger/2025-08-15_11-18-48-113934/model.pth
Model state saved to ./results/models/checkpoints/schrodinger/2025-08-15_11-18-48-113934/model_weights.pth
It: 1170, Loss: 7.969e-02, Loss_res: 7.945e-05,  Loss_bcs: 2.530e-02, Loss_ut_ics: 2.716e-02, lr: 1.000e-03, Time: 1.40e+03
Model state saved to ./results/models/checkpoints/schrodinger/2025-08-15_11-18-48-113934/model.pth
Model state saved to ./results/models/checkpoints/schrodinger/2025-08-15_11-18-48-113934/model_weights.pth
It: 1180, Loss: 7.829e-02, Loss_res: 7.670e-05,  Loss_bcs: 2.466e-02, Loss_ut_ics: 2.678e-02, lr: 1.000e-03, Time: 1.41e+03
Model state saved to ./results/models/checkpoints/schrodinger/2025-08-15_11-18-48-113934/model.pth
Model state saved to ./results/models/checkpoints/schrodinger/2025-08-15_11-18-48-113934/model_weights.pth
It: 1190, Loss: 7.691e-02, Loss_res: 7.481e-05,  Loss_bcs: 2.404e-02, Loss_ut_ics: 2.640e-02, lr: 1.000e-03, Time: 1.42e+03
Model state saved to ./results/models/checkpoints/schrodinger/2025-08-15_11-18-48-113934/model.pth
Model state saved to ./results/models/checkpoints/schrodinger/2025-08-15_11-18-48-113934/model_weights.pth
It: 1200, Loss: 7.555e-02, Loss_res: 7.203e-05,  Loss_bcs: 2.343e-02, Loss_ut_ics: 2.603e-02, lr: 1.000e-03, Time: 1.43e+03
Model state saved to ./results/models/checkpoints/schrodinger/2025-08-15_11-18-48-113934/model.pth
Model state saved to ./results/models/checkpoints/schrodinger/2025-08-15_11-18-48-113934/model_weights.pth
It: 1210, Loss: 7.422e-02, Loss_res: 7.223e-05,  Loss_bcs: 2.284e-02, Loss_ut_ics: 2.565e-02, lr: 1.000e-03, Time: 1.46e+03
Model state saved to ./results/models/checkpoints/schrodinger/2025-08-15_11-18-48-113934/model.pth
Model state saved to ./results/models/checkpoints/schrodinger/2025-08-15_11-18-48-113934/model_weights.pth
It: 1220, Loss: 7.290e-02, Loss_res: 7.555e-05,  Loss_bcs: 2.226e-02, Loss_ut_ics: 2.528e-02, lr: 1.000e-03, Time: 1.48e+03
Model state saved to ./results/models/checkpoints/schrodinger/2025-08-15_11-18-48-113934/model.pth
Model state saved to ./results/models/checkpoints/schrodinger/2025-08-15_11-18-48-113934/model_weights.pth
It: 1230, Loss: 7.169e-02, Loss_res: 2.259e-04,  Loss_bcs: 2.168e-02, Loss_ut_ics: 2.489e-02, lr: 1.000e-03, Time: 1.49e+03
Model state saved to ./results/models/checkpoints/schrodinger/2025-08-15_11-18-48-113934/model.pth
Model state saved to ./results/models/checkpoints/schrodinger/2025-08-15_11-18-48-113934/model_weights.pth
It: 1240, Loss: 1.089e-01, Loss_res: 3.999e-02,  Loss_bcs: 2.066e-02, Loss_ut_ics: 2.413e-02, lr: 1.000e-03, Time: 1.50e+03
Model state saved to ./results/models/checkpoints/schrodinger/2025-08-15_11-18-48-113934/model.pth
Model state saved to ./results/models/checkpoints/schrodinger/2025-08-15_11-18-48-113934/model_weights.pth
It: 1250, Loss: 8.447e-02, Loss_res: 1.426e-02,  Loss_bcs: 2.103e-02, Loss_ut_ics: 2.459e-02, lr: 1.000e-03, Time: 1.51e+03
Model state saved to ./results/models/checkpoints/schrodinger/2025-08-15_11-18-48-113934/model.pth
Model state saved to ./results/models/checkpoints/schrodinger/2025-08-15_11-18-48-113934/model_weights.pth
It: 1260, Loss: 6.975e-02, Loss_res: 1.756e-03,  Loss_bcs: 2.024e-02, Loss_ut_ics: 2.388e-02, lr: 1.000e-03, Time: 1.52e+03
Model state saved to ./results/models/checkpoints/schrodinger/2025-08-15_11-18-48-113934/model.pth
Model state saved to ./results/models/checkpoints/schrodinger/2025-08-15_11-18-48-113934/model_weights.pth
It: 1270, Loss: 7.236e-02, Loss_res: 5.646e-03,  Loss_bcs: 1.972e-02, Loss_ut_ics: 2.350e-02, lr: 1.000e-03, Time: 1.54e+03
Model state saved to ./results/models/checkpoints/schrodinger/2025-08-15_11-18-48-113934/model.pth
Model state saved to ./results/models/checkpoints/schrodinger/2025-08-15_11-18-48-113934/model_weights.pth
It: 1280, Loss: 6.647e-02, Loss_res: 3.985e-04,  Loss_bcs: 1.944e-02, Loss_ut_ics: 2.332e-02, lr: 1.000e-03, Time: 1.55e+03
Model state saved to ./results/models/checkpoints/schrodinger/2025-08-15_11-18-48-113934/model.pth
Model state saved to ./results/models/checkpoints/schrodinger/2025-08-15_11-18-48-113934/model_weights.pth
It: 1290, Loss: 6.545e-02, Loss_res: 1.938e-04,  Loss_bcs: 1.910e-02, Loss_ut_ics: 2.308e-02, lr: 1.000e-03, Time: 1.57e+03
Model state saved to ./results/models/checkpoints/schrodinger/2025-08-15_11-18-48-113934/model.pth
Model state saved to ./results/models/checkpoints/schrodinger/2025-08-15_11-18-48-113934/model_weights.pth
It: 1300, Loss: 6.443e-02, Loss_res: 1.919e-04,  Loss_bcs: 1.870e-02, Loss_ut_ics: 2.277e-02, lr: 1.000e-03, Time: 1.58e+03
Model state saved to ./results/models/checkpoints/schrodinger/2025-08-15_11-18-48-113934/model.pth
Model state saved to ./results/models/checkpoints/schrodinger/2025-08-15_11-18-48-113934/model_weights.pth
It: 1310, Loss: 6.328e-02, Loss_res: 8.757e-05,  Loss_bcs: 1.832e-02, Loss_ut_ics: 2.244e-02, lr: 1.000e-03, Time: 1.59e+03
Model state saved to ./results/models/checkpoints/schrodinger/2025-08-15_11-18-48-113934/model.pth
Model state saved to ./results/models/checkpoints/schrodinger/2025-08-15_11-18-48-113934/model_weights.pth
It: 1320, Loss: 6.223e-02, Loss_res: 5.678e-05,  Loss_bcs: 1.794e-02, Loss_ut_ics: 2.212e-02, lr: 1.000e-03, Time: 1.62e+03
Model state saved to ./results/models/checkpoints/schrodinger/2025-08-15_11-18-48-113934/model.pth
Model state saved to ./results/models/checkpoints/schrodinger/2025-08-15_11-18-48-113934/model_weights.pth
It: 1330, Loss: 6.124e-02, Loss_res: 5.090e-05,  Loss_bcs: 1.757e-02, Loss_ut_ics: 2.181e-02, lr: 1.000e-03, Time: 1.63e+03
Model state saved to ./results/models/checkpoints/schrodinger/2025-08-15_11-18-48-113934/model.pth
Model state saved to ./results/models/checkpoints/schrodinger/2025-08-15_11-18-48-113934/model_weights.pth
It: 1340, Loss: 6.027e-02, Loss_res: 5.114e-05,  Loss_bcs: 1.721e-02, Loss_ut_ics: 2.150e-02, lr: 1.000e-03, Time: 1.64e+03
Model state saved to ./results/models/checkpoints/schrodinger/2025-08-15_11-18-48-113934/model.pth
Model state saved to ./results/models/checkpoints/schrodinger/2025-08-15_11-18-48-113934/model_weights.pth
It: 1350, Loss: 5.932e-02, Loss_res: 5.752e-05,  Loss_bcs: 1.686e-02, Loss_ut_ics: 2.120e-02, lr: 1.000e-03, Time: 1.65e+03
Model state saved to ./results/models/checkpoints/schrodinger/2025-08-15_11-18-48-113934/model.pth
Model state saved to ./results/models/checkpoints/schrodinger/2025-08-15_11-18-48-113934/model_weights.pth
It: 1360, Loss: 5.839e-02, Loss_res: 6.214e-05,  Loss_bcs: 1.653e-02, Loss_ut_ics: 2.090e-02, lr: 1.000e-03, Time: 1.66e+03
Model state saved to ./results/models/checkpoints/schrodinger/2025-08-15_11-18-48-113934/model.pth
Model state saved to ./results/models/checkpoints/schrodinger/2025-08-15_11-18-48-113934/model_weights.pth
It: 1370, Loss: 5.748e-02, Loss_res: 5.609e-05,  Loss_bcs: 1.620e-02, Loss_ut_ics: 2.061e-02, lr: 1.000e-03, Time: 1.67e+03
Model state saved to ./results/models/checkpoints/schrodinger/2025-08-15_11-18-48-113934/model.pth
Model state saved to ./results/models/checkpoints/schrodinger/2025-08-15_11-18-48-113934/model_weights.pth
It: 1380, Loss: 5.658e-02, Loss_res: 5.330e-05,  Loss_bcs: 1.589e-02, Loss_ut_ics: 2.032e-02, lr: 1.000e-03, Time: 1.68e+03
Model state saved to ./results/models/checkpoints/schrodinger/2025-08-15_11-18-48-113934/model.pth
Model state saved to ./results/models/checkpoints/schrodinger/2025-08-15_11-18-48-113934/model_weights.pth
It: 1390, Loss: 5.569e-02, Loss_res: 5.507e-05,  Loss_bcs: 1.558e-02, Loss_ut_ics: 2.003e-02, lr: 1.000e-03, Time: 1.69e+03
Model state saved to ./results/models/checkpoints/schrodinger/2025-08-15_11-18-48-113934/model.pth
Model state saved to ./results/models/checkpoints/schrodinger/2025-08-15_11-18-48-113934/model_weights.pth
It: 1400, Loss: 5.482e-02, Loss_res: 5.263e-05,  Loss_bcs: 1.529e-02, Loss_ut_ics: 1.974e-02, lr: 1.000e-03, Time: 1.71e+03
Model state saved to ./results/models/checkpoints/schrodinger/2025-08-15_11-18-48-113934/model.pth
Model state saved to ./results/models/checkpoints/schrodinger/2025-08-15_11-18-48-113934/model_weights.pth
It: 1410, Loss: 5.396e-02, Loss_res: 5.154e-05,  Loss_bcs: 1.500e-02, Loss_ut_ics: 1.945e-02, lr: 1.000e-03, Time: 1.73e+03
Model state saved to ./results/models/checkpoints/schrodinger/2025-08-15_11-18-48-113934/model.pth
Model state saved to ./results/models/checkpoints/schrodinger/2025-08-15_11-18-48-113934/model_weights.pth
It: 1420, Loss: 5.312e-02, Loss_res: 5.075e-05,  Loss_bcs: 1.473e-02, Loss_ut_ics: 1.917e-02, lr: 1.000e-03, Time: 1.74e+03
Model state saved to ./results/models/checkpoints/schrodinger/2025-08-15_11-18-48-113934/model.pth
Model state saved to ./results/models/checkpoints/schrodinger/2025-08-15_11-18-48-113934/model_weights.pth
It: 1430, Loss: 5.229e-02, Loss_res: 4.936e-05,  Loss_bcs: 1.446e-02, Loss_ut_ics: 1.889e-02, lr: 1.000e-03, Time: 1.76e+03
Model state saved to ./results/models/checkpoints/schrodinger/2025-08-15_11-18-48-113934/model.pth
Model state saved to ./results/models/checkpoints/schrodinger/2025-08-15_11-18-48-113934/model_weights.pth
It: 1440, Loss: 5.148e-02, Loss_res: 4.490e-05,  Loss_bcs: 1.420e-02, Loss_ut_ics: 1.862e-02, lr: 1.000e-03, Time: 1.77e+03
Model state saved to ./results/models/checkpoints/schrodinger/2025-08-15_11-18-48-113934/model.pth
Model state saved to ./results/models/checkpoints/schrodinger/2025-08-15_11-18-48-113934/model_weights.pth
It: 1450, Loss: 5.097e-02, Loss_res: 2.602e-04,  Loss_bcs: 1.398e-02, Loss_ut_ics: 1.837e-02, lr: 1.000e-03, Time: 1.78e+03
Model state saved to ./results/models/checkpoints/schrodinger/2025-08-15_11-18-48-113934/model.pth
Model state saved to ./results/models/checkpoints/schrodinger/2025-08-15_11-18-48-113934/model_weights.pth
It: 1460, Loss: 1.338e-01, Loss_res: 8.245e-02,  Loss_bcs: 1.426e-02, Loss_ut_ics: 1.855e-02, lr: 1.000e-03, Time: 1.79e+03
Model state saved to ./results/models/checkpoints/schrodinger/2025-08-15_11-18-48-113934/model.pth
Model state saved to ./results/models/checkpoints/schrodinger/2025-08-15_11-18-48-113934/model_weights.pth
It: 1470, Loss: 5.033e-02, Loss_res: 9.326e-04,  Loss_bcs: 1.358e-02, Loss_ut_ics: 1.791e-02, lr: 1.000e-03, Time: 1.80e+03
Model state saved to ./results/models/checkpoints/schrodinger/2025-08-15_11-18-48-113934/model.pth
Model state saved to ./results/models/checkpoints/schrodinger/2025-08-15_11-18-48-113934/model_weights.pth
It: 1480, Loss: 5.628e-02, Loss_res: 7.212e-03,  Loss_bcs: 1.352e-02, Loss_ut_ics: 1.778e-02, lr: 1.000e-03, Time: 1.81e+03
Model state saved to ./results/models/checkpoints/schrodinger/2025-08-15_11-18-48-113934/model.pth
Model state saved to ./results/models/checkpoints/schrodinger/2025-08-15_11-18-48-113934/model_weights.pth
It: 1490, Loss: 5.199e-02, Loss_res: 3.675e-03,  Loss_bcs: 1.331e-02, Loss_ut_ics: 1.750e-02, lr: 1.000e-03, Time: 1.83e+03
Model state saved to ./results/models/checkpoints/schrodinger/2025-08-15_11-18-48-113934/model.pth
Model state saved to ./results/models/checkpoints/schrodinger/2025-08-15_11-18-48-113934/model_weights.pth
It: 1500, Loss: 4.762e-02, Loss_res: 1.853e-04,  Loss_bcs: 1.305e-02, Loss_ut_ics: 1.719e-02, lr: 1.000e-03, Time: 1.84e+03
Model state saved to ./results/models/checkpoints/schrodinger/2025-08-15_11-18-48-113934/model.pth
Model state saved to ./results/models/checkpoints/schrodinger/2025-08-15_11-18-48-113934/model_weights.pth
It: 1510, Loss: 4.685e-02, Loss_res: 1.483e-04,  Loss_bcs: 1.286e-02, Loss_ut_ics: 1.693e-02, lr: 1.000e-03, Time: 1.86e+03
Model state saved to ./results/models/checkpoints/schrodinger/2025-08-15_11-18-48-113934/model.pth
Model state saved to ./results/models/checkpoints/schrodinger/2025-08-15_11-18-48-113934/model_weights.pth
It: 1520, Loss: 4.626e-02, Loss_res: 1.948e-04,  Loss_bcs: 1.267e-02, Loss_ut_ics: 1.670e-02, lr: 1.000e-03, Time: 1.86e+03
Model state saved to ./results/models/checkpoints/schrodinger/2025-08-15_11-18-48-113934/model.pth
Model state saved to ./results/models/checkpoints/schrodinger/2025-08-15_11-18-48-113934/model_weights.pth
It: 1530, Loss: 4.559e-02, Loss_res: 1.285e-04,  Loss_bcs: 1.250e-02, Loss_ut_ics: 1.648e-02, lr: 1.000e-03, Time: 1.87e+03
Model state saved to ./results/models/checkpoints/schrodinger/2025-08-15_11-18-48-113934/model.pth
Model state saved to ./results/models/checkpoints/schrodinger/2025-08-15_11-18-48-113934/model_weights.pth
It: 1540, Loss: 4.494e-02, Loss_res: 7.910e-05,  Loss_bcs: 1.233e-02, Loss_ut_ics: 1.627e-02, lr: 1.000e-03, Time: 1.88e+03
Model state saved to ./results/models/checkpoints/schrodinger/2025-08-15_11-18-48-113934/model.pth
Model state saved to ./results/models/checkpoints/schrodinger/2025-08-15_11-18-48-113934/model_weights.pth
It: 1550, Loss: 4.433e-02, Loss_res: 5.326e-05,  Loss_bcs: 1.217e-02, Loss_ut_ics: 1.605e-02, lr: 1.000e-03, Time: 1.89e+03
Model state saved to ./results/models/checkpoints/schrodinger/2025-08-15_11-18-48-113934/model.pth
Model state saved to ./results/models/checkpoints/schrodinger/2025-08-15_11-18-48-113934/model_weights.pth
It: 1560, Loss: 4.374e-02, Loss_res: 4.394e-05,  Loss_bcs: 1.201e-02, Loss_ut_ics: 1.584e-02, lr: 1.000e-03, Time: 1.89e+03
Model state saved to ./results/models/checkpoints/schrodinger/2025-08-15_11-18-48-113934/model.pth
Model state saved to ./results/models/checkpoints/schrodinger/2025-08-15_11-18-48-113934/model_weights.pth
It: 1570, Loss: 4.316e-02, Loss_res: 4.230e-05,  Loss_bcs: 1.186e-02, Loss_ut_ics: 1.563e-02, lr: 1.000e-03, Time: 1.90e+03
Model state saved to ./results/models/checkpoints/schrodinger/2025-08-15_11-18-48-113934/model.pth
Model state saved to ./results/models/checkpoints/schrodinger/2025-08-15_11-18-48-113934/model_weights.pth
It: 1580, Loss: 4.259e-02, Loss_res: 4.383e-05,  Loss_bcs: 1.171e-02, Loss_ut_ics: 1.541e-02, lr: 1.000e-03, Time: 1.91e+03
Model state saved to ./results/models/checkpoints/schrodinger/2025-08-15_11-18-48-113934/model.pth
Model state saved to ./results/models/checkpoints/schrodinger/2025-08-15_11-18-48-113934/model_weights.pth
It: 1590, Loss: 4.203e-02, Loss_res: 4.509e-05,  Loss_bcs: 1.157e-02, Loss_ut_ics: 1.520e-02, lr: 1.000e-03, Time: 1.92e+03
Model state saved to ./results/models/checkpoints/schrodinger/2025-08-15_11-18-48-113934/model.pth
Model state saved to ./results/models/checkpoints/schrodinger/2025-08-15_11-18-48-113934/model_weights.pth
It: 1600, Loss: 4.147e-02, Loss_res: 4.261e-05,  Loss_bcs: 1.144e-02, Loss_ut_ics: 1.500e-02, lr: 1.000e-03, Time: 1.92e+03
Model state saved to ./results/models/checkpoints/schrodinger/2025-08-15_11-18-48-113934/model.pth
Model state saved to ./results/models/checkpoints/schrodinger/2025-08-15_11-18-48-113934/model_weights.pth
It: 1610, Loss: 4.093e-02, Loss_res: 4.248e-05,  Loss_bcs: 1.131e-02, Loss_ut_ics: 1.479e-02, lr: 1.000e-03, Time: 1.93e+03
Model state saved to ./results/models/checkpoints/schrodinger/2025-08-15_11-18-48-113934/model.pth
Model state saved to ./results/models/checkpoints/schrodinger/2025-08-15_11-18-48-113934/model_weights.pth
It: 1620, Loss: 4.040e-02, Loss_res: 4.142e-05,  Loss_bcs: 1.118e-02, Loss_ut_ics: 1.459e-02, lr: 1.000e-03, Time: 1.94e+03
Model state saved to ./results/models/checkpoints/schrodinger/2025-08-15_11-18-48-113934/model.pth
Model state saved to ./results/models/checkpoints/schrodinger/2025-08-15_11-18-48-113934/model_weights.pth
It: 1630, Loss: 3.987e-02, Loss_res: 4.096e-05,  Loss_bcs: 1.106e-02, Loss_ut_ics: 1.439e-02, lr: 1.000e-03, Time: 1.95e+03
Model state saved to ./results/models/checkpoints/schrodinger/2025-08-15_11-18-48-113934/model.pth
Model state saved to ./results/models/checkpoints/schrodinger/2025-08-15_11-18-48-113934/model_weights.pth
It: 1640, Loss: 3.936e-02, Loss_res: 4.054e-05,  Loss_bcs: 1.094e-02, Loss_ut_ics: 1.419e-02, lr: 1.000e-03, Time: 1.95e+03
Model state saved to ./results/models/checkpoints/schrodinger/2025-08-15_11-18-48-113934/model.pth
Model state saved to ./results/models/checkpoints/schrodinger/2025-08-15_11-18-48-113934/model_weights.pth
It: 1650, Loss: 3.885e-02, Loss_res: 4.031e-05,  Loss_bcs: 1.083e-02, Loss_ut_ics: 1.399e-02, lr: 1.000e-03, Time: 1.96e+03
Model state saved to ./results/models/checkpoints/schrodinger/2025-08-15_11-18-48-113934/model.pth
Model state saved to ./results/models/checkpoints/schrodinger/2025-08-15_11-18-48-113934/model_weights.pth
It: 1660, Loss: 3.835e-02, Loss_res: 4.163e-05,  Loss_bcs: 1.072e-02, Loss_ut_ics: 1.379e-02, lr: 1.000e-03, Time: 1.97e+03
Model state saved to ./results/models/checkpoints/schrodinger/2025-08-15_11-18-48-113934/model.pth
Model state saved to ./results/models/checkpoints/schrodinger/2025-08-15_11-18-48-113934/model_weights.pth
It: 1670, Loss: 3.788e-02, Loss_res: 7.041e-05,  Loss_bcs: 1.061e-02, Loss_ut_ics: 1.360e-02, lr: 1.000e-03, Time: 1.98e+03
Model state saved to ./results/models/checkpoints/schrodinger/2025-08-15_11-18-48-113934/model.pth
Model state saved to ./results/models/checkpoints/schrodinger/2025-08-15_11-18-48-113934/model_weights.pth
It: 1680, Loss: 4.029e-02, Loss_res: 3.107e-03,  Loss_bcs: 1.048e-02, Loss_ut_ics: 1.336e-02, lr: 1.000e-03, Time: 1.98e+03
Model state saved to ./results/models/checkpoints/schrodinger/2025-08-15_11-18-48-113934/model.pth
Model state saved to ./results/models/checkpoints/schrodinger/2025-08-15_11-18-48-113934/model_weights.pth
It: 1690, Loss: 6.572e-02, Loss_res: 2.922e-02,  Loss_bcs: 1.051e-02, Loss_ut_ics: 1.299e-02, lr: 1.000e-03, Time: 1.99e+03
Model state saved to ./results/models/checkpoints/schrodinger/2025-08-15_11-18-48-113934/model.pth
Model state saved to ./results/models/checkpoints/schrodinger/2025-08-15_11-18-48-113934/model_weights.pth
It: 1700, Loss: 5.377e-02, Loss_res: 1.753e-02,  Loss_bcs: 1.044e-02, Loss_ut_ics: 1.290e-02, lr: 1.000e-03, Time: 2.00e+03
Model state saved to ./results/models/checkpoints/schrodinger/2025-08-15_11-18-48-113934/model.pth
Model state saved to ./results/models/checkpoints/schrodinger/2025-08-15_11-18-48-113934/model_weights.pth
It: 1710, Loss: 4.033e-02, Loss_res: 4.333e-03,  Loss_bcs: 1.036e-02, Loss_ut_ics: 1.282e-02, lr: 1.000e-03, Time: 2.01e+03
Model state saved to ./results/models/checkpoints/schrodinger/2025-08-15_11-18-48-113934/model.pth
Model state saved to ./results/models/checkpoints/schrodinger/2025-08-15_11-18-48-113934/model_weights.pth
It: 1720, Loss: 3.641e-02, Loss_res: 7.162e-04,  Loss_bcs: 1.026e-02, Loss_ut_ics: 1.271e-02, lr: 1.000e-03, Time: 2.01e+03
Model state saved to ./results/models/checkpoints/schrodinger/2025-08-15_11-18-48-113934/model.pth
Model state saved to ./results/models/checkpoints/schrodinger/2025-08-15_11-18-48-113934/model_weights.pth
It: 1730, Loss: 3.547e-02, Loss_res: 1.353e-04,  Loss_bcs: 1.018e-02, Loss_ut_ics: 1.258e-02, lr: 1.000e-03, Time: 2.02e+03
Model state saved to ./results/models/checkpoints/schrodinger/2025-08-15_11-18-48-113934/model.pth
Model state saved to ./results/models/checkpoints/schrodinger/2025-08-15_11-18-48-113934/model_weights.pth
It: 1740, Loss: 3.502e-02, Loss_res: 7.539e-05,  Loss_bcs: 1.009e-02, Loss_ut_ics: 1.243e-02, lr: 1.000e-03, Time: 2.03e+03
Model state saved to ./results/models/checkpoints/schrodinger/2025-08-15_11-18-48-113934/model.pth
Model state saved to ./results/models/checkpoints/schrodinger/2025-08-15_11-18-48-113934/model_weights.pth
It: 1750, Loss: 3.463e-02, Loss_res: 8.236e-05,  Loss_bcs: 1.000e-02, Loss_ut_ics: 1.227e-02, lr: 1.000e-03, Time: 2.04e+03
Model state saved to ./results/models/checkpoints/schrodinger/2025-08-15_11-18-48-113934/model.pth
Model state saved to ./results/models/checkpoints/schrodinger/2025-08-15_11-18-48-113934/model_weights.pth
It: 1760, Loss: 3.424e-02, Loss_res: 8.642e-05,  Loss_bcs: 9.915e-03, Loss_ut_ics: 1.212e-02, lr: 1.000e-03, Time: 2.04e+03
Model state saved to ./results/models/checkpoints/schrodinger/2025-08-15_11-18-48-113934/model.pth
Model state saved to ./results/models/checkpoints/schrodinger/2025-08-15_11-18-48-113934/model_weights.pth
It: 1770, Loss: 3.384e-02, Loss_res: 6.372e-05,  Loss_bcs: 9.829e-03, Loss_ut_ics: 1.197e-02, lr: 1.000e-03, Time: 2.05e+03
Model state saved to ./results/models/checkpoints/schrodinger/2025-08-15_11-18-48-113934/model.pth
Model state saved to ./results/models/checkpoints/schrodinger/2025-08-15_11-18-48-113934/model_weights.pth
It: 1780, Loss: 3.344e-02, Loss_res: 3.884e-05,  Loss_bcs: 9.749e-03, Loss_ut_ics: 1.183e-02, lr: 1.000e-03, Time: 2.06e+03
Model state saved to ./results/models/checkpoints/schrodinger/2025-08-15_11-18-48-113934/model.pth
Model state saved to ./results/models/checkpoints/schrodinger/2025-08-15_11-18-48-113934/model_weights.pth
It: 1790, Loss: 3.307e-02, Loss_res: 3.554e-05,  Loss_bcs: 9.673e-03, Loss_ut_ics: 1.168e-02, lr: 1.000e-03, Time: 2.06e+03
Model state saved to ./results/models/checkpoints/schrodinger/2025-08-15_11-18-48-113934/model.pth
Model state saved to ./results/models/checkpoints/schrodinger/2025-08-15_11-18-48-113934/model_weights.pth
It: 1800, Loss: 3.270e-02, Loss_res: 3.631e-05,  Loss_bcs: 9.600e-03, Loss_ut_ics: 1.153e-02, lr: 1.000e-03, Time: 2.07e+03
Model state saved to ./results/models/checkpoints/schrodinger/2025-08-15_11-18-48-113934/model.pth
Model state saved to ./results/models/checkpoints/schrodinger/2025-08-15_11-18-48-113934/model_weights.pth
It: 1810, Loss: 3.234e-02, Loss_res: 3.688e-05,  Loss_bcs: 9.529e-03, Loss_ut_ics: 1.139e-02, lr: 1.000e-03, Time: 2.08e+03
Model state saved to ./results/models/checkpoints/schrodinger/2025-08-15_11-18-48-113934/model.pth
Model state saved to ./results/models/checkpoints/schrodinger/2025-08-15_11-18-48-113934/model_weights.pth
It: 1820, Loss: 3.199e-02, Loss_res: 3.421e-05,  Loss_bcs: 9.462e-03, Loss_ut_ics: 1.124e-02, lr: 1.000e-03, Time: 2.09e+03
Model state saved to ./results/models/checkpoints/schrodinger/2025-08-15_11-18-48-113934/model.pth
Model state saved to ./results/models/checkpoints/schrodinger/2025-08-15_11-18-48-113934/model_weights.pth
It: 1830, Loss: 3.163e-02, Loss_res: 3.476e-05,  Loss_bcs: 9.396e-03, Loss_ut_ics: 1.110e-02, lr: 1.000e-03, Time: 2.09e+03
Model state saved to ./results/models/checkpoints/schrodinger/2025-08-15_11-18-48-113934/model.pth
Model state saved to ./results/models/checkpoints/schrodinger/2025-08-15_11-18-48-113934/model_weights.pth
It: 1840, Loss: 3.129e-02, Loss_res: 3.344e-05,  Loss_bcs: 9.332e-03, Loss_ut_ics: 1.096e-02, lr: 1.000e-03, Time: 2.10e+03
Model state saved to ./results/models/checkpoints/schrodinger/2025-08-15_11-18-48-113934/model.pth
Model state saved to ./results/models/checkpoints/schrodinger/2025-08-15_11-18-48-113934/model_weights.pth
It: 1850, Loss: 3.095e-02, Loss_res: 3.327e-05,  Loss_bcs: 9.270e-03, Loss_ut_ics: 1.082e-02, lr: 1.000e-03, Time: 2.11e+03
Model state saved to ./results/models/checkpoints/schrodinger/2025-08-15_11-18-48-113934/model.pth
Model state saved to ./results/models/checkpoints/schrodinger/2025-08-15_11-18-48-113934/model_weights.pth
It: 1860, Loss: 3.061e-02, Loss_res: 3.354e-05,  Loss_bcs: 9.210e-03, Loss_ut_ics: 1.068e-02, lr: 1.000e-03, Time: 2.12e+03
Model state saved to ./results/models/checkpoints/schrodinger/2025-08-15_11-18-48-113934/model.pth
Model state saved to ./results/models/checkpoints/schrodinger/2025-08-15_11-18-48-113934/model_weights.pth
It: 1870, Loss: 3.028e-02, Loss_res: 3.419e-05,  Loss_bcs: 9.151e-03, Loss_ut_ics: 1.055e-02, lr: 1.000e-03, Time: 2.12e+03
Model state saved to ./results/models/checkpoints/schrodinger/2025-08-15_11-18-48-113934/model.pth
Model state saved to ./results/models/checkpoints/schrodinger/2025-08-15_11-18-48-113934/model_weights.pth
It: 1880, Loss: 2.995e-02, Loss_res: 4.134e-05,  Loss_bcs: 9.093e-03, Loss_ut_ics: 1.041e-02, lr: 1.000e-03, Time: 2.13e+03
Model state saved to ./results/models/checkpoints/schrodinger/2025-08-15_11-18-48-113934/model.pth
Model state saved to ./results/models/checkpoints/schrodinger/2025-08-15_11-18-48-113934/model_weights.pth
It: 1890, Loss: 2.991e-02, Loss_res: 3.480e-04,  Loss_bcs: 9.031e-03, Loss_ut_ics: 1.027e-02, lr: 1.000e-03, Time: 2.14e+03
Model state saved to ./results/models/checkpoints/schrodinger/2025-08-15_11-18-48-113934/model.pth
Model state saved to ./results/models/checkpoints/schrodinger/2025-08-15_11-18-48-113934/model_weights.pth
It: 1900, Loss: 6.479e-02, Loss_res: 3.581e-02,  Loss_bcs: 8.954e-03, Loss_ut_ics: 1.001e-02, lr: 1.000e-03, Time: 2.15e+03
Model state saved to ./results/models/checkpoints/schrodinger/2025-08-15_11-18-48-113934/model.pth
Model state saved to ./results/models/checkpoints/schrodinger/2025-08-15_11-18-48-113934/model_weights.pth
It: 1910, Loss: 6.057e-02, Loss_res: 3.114e-02,  Loss_bcs: 9.015e-03, Loss_ut_ics: 1.021e-02, lr: 1.000e-03, Time: 2.15e+03
Model state saved to ./results/models/checkpoints/schrodinger/2025-08-15_11-18-48-113934/model.pth
Model state saved to ./results/models/checkpoints/schrodinger/2025-08-15_11-18-48-113934/model_weights.pth
It: 1920, Loss: 3.722e-02, Loss_res: 8.255e-03,  Loss_bcs: 9.001e-03, Loss_ut_ics: 9.984e-03, lr: 1.000e-03, Time: 2.16e+03
Model state saved to ./results/models/checkpoints/schrodinger/2025-08-15_11-18-48-113934/model.pth
Model state saved to ./results/models/checkpoints/schrodinger/2025-08-15_11-18-48-113934/model_weights.pth
It: 1930, Loss: 3.089e-02, Loss_res: 2.290e-03,  Loss_bcs: 8.961e-03, Loss_ut_ics: 9.818e-03, lr: 1.000e-03, Time: 2.17e+03
Model state saved to ./results/models/checkpoints/schrodinger/2025-08-15_11-18-48-113934/model.pth
Model state saved to ./results/models/checkpoints/schrodinger/2025-08-15_11-18-48-113934/model_weights.pth
It: 1940, Loss: 2.878e-02, Loss_res: 5.204e-04,  Loss_bcs: 8.871e-03, Loss_ut_ics: 9.695e-03, lr: 1.000e-03, Time: 2.18e+03
Model state saved to ./results/models/checkpoints/schrodinger/2025-08-15_11-18-48-113934/model.pth
Model state saved to ./results/models/checkpoints/schrodinger/2025-08-15_11-18-48-113934/model_weights.pth
It: 1950, Loss: 2.802e-02, Loss_res: 7.084e-05,  Loss_bcs: 8.812e-03, Loss_ut_ics: 9.568e-03, lr: 1.000e-03, Time: 2.19e+03
Model state saved to ./results/models/checkpoints/schrodinger/2025-08-15_11-18-48-113934/model.pth
Model state saved to ./results/models/checkpoints/schrodinger/2025-08-15_11-18-48-113934/model_weights.pth
It: 1960, Loss: 2.775e-02, Loss_res: 1.002e-04,  Loss_bcs: 8.752e-03, Loss_ut_ics: 9.451e-03, lr: 1.000e-03, Time: 2.19e+03
Model state saved to ./results/models/checkpoints/schrodinger/2025-08-15_11-18-48-113934/model.pth
Model state saved to ./results/models/checkpoints/schrodinger/2025-08-15_11-18-48-113934/model_weights.pth
It: 1970, Loss: 2.749e-02, Loss_res: 1.069e-04,  Loss_bcs: 8.690e-03, Loss_ut_ics: 9.345e-03, lr: 1.000e-03, Time: 2.20e+03
Model state saved to ./results/models/checkpoints/schrodinger/2025-08-15_11-18-48-113934/model.pth
Model state saved to ./results/models/checkpoints/schrodinger/2025-08-15_11-18-48-113934/model_weights.pth
It: 1980, Loss: 2.716e-02, Loss_res: 3.468e-05,  Loss_bcs: 8.635e-03, Loss_ut_ics: 9.245e-03, lr: 1.000e-03, Time: 2.21e+03
Model state saved to ./results/models/checkpoints/schrodinger/2025-08-15_11-18-48-113934/model.pth
Model state saved to ./results/models/checkpoints/schrodinger/2025-08-15_11-18-48-113934/model_weights.pth
It: 1990, Loss: 2.690e-02, Loss_res: 3.265e-05,  Loss_bcs: 8.580e-03, Loss_ut_ics: 9.145e-03, lr: 1.000e-03, Time: 2.22e+03
Model state saved to ./results/models/checkpoints/schrodinger/2025-08-15_11-18-48-113934/model.pth
Model state saved to ./results/models/checkpoints/schrodinger/2025-08-15_11-18-48-113934/model_weights.pth
It: 2000, Loss: 2.663e-02, Loss_res: 3.007e-05,  Loss_bcs: 8.525e-03, Loss_ut_ics: 9.039e-03, lr: 1.000e-03, Time: 2.22e+03
Model state saved to ./results/models/checkpoints/schrodinger/2025-08-15_11-18-48-113934/model.pth
Model state saved to ./results/models/checkpoints/schrodinger/2025-08-15_11-18-48-113934/model_weights.pth
Model state saved to ./results/models/checkpoints/schrodinger/2025-08-15_11-18-48-113934/model.pth
Model state saved to ./results/models/checkpoints/schrodinger/2025-08-15_11-18-48-113934/model_weights.pth
Training completed successfuly!
