checkpoint path: self.log_path='./results/models/checkpoints/schrodinger/2025-08-14_12-09-24-434706'
Using Classical Solver
The settings used:
batch_size : 64
epochs : 20000
lr : 0.001
seed : 42
print_every : 100
log_path : ./results/models/checkpoints/schrodinger
input_dim : 2
output_dim : 2
num_qubits : 5
hidden_dim : 50
num_quantum_layers : 1
classic_network : [2, 50, 2]
q_ansatz : sim_circ_19
mode : hybrid
activation : null
shots : None
problem : schrodinger
solver : Classical
device : cpu
method : None
cutoff_dim : 20
class : CVNeuralNetwork2
encoding : None
eq_params : {'L': 1.0, 'T': 0.2, 'hbar': 1.0, 'mass': 1.0, 'n_level': 4}
Total number of parameters: 7902
It: 1, Loss: 2.131e+00, Loss_res: 2.979e-03,  Loss_bcs: 1.999e-02, Loss_ut_ics: 1.054e+00, lr: 1.000e-03, Time: 6.38e-02
Model state saved to ./results/models/checkpoints/schrodinger/2025-08-14_12-09-24-434706/model.pth
Model state saved to ./results/models/checkpoints/schrodinger/2025-08-14_12-09-24-434706/model_weights.pth
It: 100, Loss: 1.914e+00, Loss_res: 1.118e-03,  Loss_bcs: 1.154e-01, Loss_ut_ics: 8.989e-01, lr: 1.000e-03, Time: 1.13e+00
Model state saved to ./results/models/checkpoints/schrodinger/2025-08-14_12-09-24-434706/model.pth
Model state saved to ./results/models/checkpoints/schrodinger/2025-08-14_12-09-24-434706/model_weights.pth
It: 200, Loss: 1.907e+00, Loss_res: 4.628e-03,  Loss_bcs: 1.171e-01, Loss_ut_ics: 8.926e-01, lr: 1.000e-03, Time: 2.17e+00
Model state saved to ./results/models/checkpoints/schrodinger/2025-08-14_12-09-24-434706/model.pth
Model state saved to ./results/models/checkpoints/schrodinger/2025-08-14_12-09-24-434706/model_weights.pth
It: 300, Loss: 1.888e+00, Loss_res: 3.068e-03,  Loss_bcs: 1.112e-01, Loss_ut_ics: 8.867e-01, lr: 1.000e-03, Time: 3.32e+00
Model state saved to ./results/models/checkpoints/schrodinger/2025-08-14_12-09-24-434706/model.pth
Model state saved to ./results/models/checkpoints/schrodinger/2025-08-14_12-09-24-434706/model_weights.pth
It: 400, Loss: 1.860e+00, Loss_res: 6.936e-03,  Loss_bcs: 1.128e-01, Loss_ut_ics: 8.701e-01, lr: 1.000e-03, Time: 4.32e+00
Model state saved to ./results/models/checkpoints/schrodinger/2025-08-14_12-09-24-434706/model.pth
Model state saved to ./results/models/checkpoints/schrodinger/2025-08-14_12-09-24-434706/model_weights.pth
It: 500, Loss: 1.823e+00, Loss_res: 4.346e-03,  Loss_bcs: 1.009e-01, Loss_ut_ics: 8.587e-01, lr: 1.000e-03, Time: 5.32e+00
Model state saved to ./results/models/checkpoints/schrodinger/2025-08-14_12-09-24-434706/model.pth
Model state saved to ./results/models/checkpoints/schrodinger/2025-08-14_12-09-24-434706/model_weights.pth
It: 600, Loss: 1.790e+00, Loss_res: 3.826e-03,  Loss_bcs: 8.453e-02, Loss_ut_ics: 8.507e-01, lr: 1.000e-03, Time: 6.37e+00
Model state saved to ./results/models/checkpoints/schrodinger/2025-08-14_12-09-24-434706/model.pth
Model state saved to ./results/models/checkpoints/schrodinger/2025-08-14_12-09-24-434706/model_weights.pth
It: 700, Loss: 1.761e+00, Loss_res: 4.923e-03,  Loss_bcs: 7.440e-02, Loss_ut_ics: 8.408e-01, lr: 1.000e-03, Time: 7.53e+00
Model state saved to ./results/models/checkpoints/schrodinger/2025-08-14_12-09-24-434706/model.pth
Model state saved to ./results/models/checkpoints/schrodinger/2025-08-14_12-09-24-434706/model_weights.pth
It: 800, Loss: 1.735e+00, Loss_res: 5.917e-03,  Loss_bcs: 8.482e-02, Loss_ut_ics: 8.224e-01, lr: 1.000e-03, Time: 8.57e+00
Model state saved to ./results/models/checkpoints/schrodinger/2025-08-14_12-09-24-434706/model.pth
Model state saved to ./results/models/checkpoints/schrodinger/2025-08-14_12-09-24-434706/model_weights.pth
It: 900, Loss: 1.714e+00, Loss_res: 7.980e-03,  Loss_bcs: 7.669e-02, Loss_ut_ics: 8.144e-01, lr: 1.000e-03, Time: 9.74e+00
Model state saved to ./results/models/checkpoints/schrodinger/2025-08-14_12-09-24-434706/model.pth
Model state saved to ./results/models/checkpoints/schrodinger/2025-08-14_12-09-24-434706/model_weights.pth
It: 1000, Loss: 1.692e+00, Loss_res: 1.267e-02,  Loss_bcs: 7.709e-02, Loss_ut_ics: 8.012e-01, lr: 1.000e-03, Time: 1.08e+01
Model state saved to ./results/models/checkpoints/schrodinger/2025-08-14_12-09-24-434706/model.pth
Model state saved to ./results/models/checkpoints/schrodinger/2025-08-14_12-09-24-434706/model_weights.pth
It: 1100, Loss: 1.660e+00, Loss_res: 2.181e-02,  Loss_bcs: 7.434e-02, Loss_ut_ics: 7.820e-01, lr: 1.000e-03, Time: 1.21e+01
Model state saved to ./results/models/checkpoints/schrodinger/2025-08-14_12-09-24-434706/model.pth
Model state saved to ./results/models/checkpoints/schrodinger/2025-08-14_12-09-24-434706/model_weights.pth
It: 1200, Loss: 1.623e+00, Loss_res: 3.343e-02,  Loss_bcs: 7.015e-02, Loss_ut_ics: 7.598e-01, lr: 1.000e-03, Time: 1.32e+01
Model state saved to ./results/models/checkpoints/schrodinger/2025-08-14_12-09-24-434706/model.pth
Model state saved to ./results/models/checkpoints/schrodinger/2025-08-14_12-09-24-434706/model_weights.pth
It: 1300, Loss: 1.573e+00, Loss_res: 3.289e-02,  Loss_bcs: 6.810e-02, Loss_ut_ics: 7.361e-01, lr: 1.000e-03, Time: 1.44e+01
Model state saved to ./results/models/checkpoints/schrodinger/2025-08-14_12-09-24-434706/model.pth
Model state saved to ./results/models/checkpoints/schrodinger/2025-08-14_12-09-24-434706/model_weights.pth
It: 1400, Loss: 1.509e+00, Loss_res: 6.120e-02,  Loss_bcs: 5.751e-02, Loss_ut_ics: 6.954e-01, lr: 1.000e-03, Time: 1.55e+01
Model state saved to ./results/models/checkpoints/schrodinger/2025-08-14_12-09-24-434706/model.pth
Model state saved to ./results/models/checkpoints/schrodinger/2025-08-14_12-09-24-434706/model_weights.pth
It: 1500, Loss: 1.357e+00, Loss_res: 4.521e-02,  Loss_bcs: 6.294e-02, Loss_ut_ics: 6.246e-01, lr: 1.000e-03, Time: 1.67e+01
Model state saved to ./results/models/checkpoints/schrodinger/2025-08-14_12-09-24-434706/model.pth
Model state saved to ./results/models/checkpoints/schrodinger/2025-08-14_12-09-24-434706/model_weights.pth
It: 1600, Loss: 1.223e+00, Loss_res: 3.529e-02,  Loss_bcs: 5.695e-02, Loss_ut_ics: 5.653e-01, lr: 1.000e-03, Time: 1.79e+01
Model state saved to ./results/models/checkpoints/schrodinger/2025-08-14_12-09-24-434706/model.pth
Model state saved to ./results/models/checkpoints/schrodinger/2025-08-14_12-09-24-434706/model_weights.pth
It: 1700, Loss: 1.115e+00, Loss_res: 3.789e-02,  Loss_bcs: 6.046e-02, Loss_ut_ics: 5.086e-01, lr: 1.000e-03, Time: 1.91e+01
Model state saved to ./results/models/checkpoints/schrodinger/2025-08-14_12-09-24-434706/model.pth
Model state saved to ./results/models/checkpoints/schrodinger/2025-08-14_12-09-24-434706/model_weights.pth
It: 1800, Loss: 1.777e+00, Loss_res: 1.947e-02,  Loss_bcs: 8.136e-02, Loss_ut_ics: 8.382e-01, lr: 1.000e-03, Time: 2.03e+01
Model state saved to ./results/models/checkpoints/schrodinger/2025-08-14_12-09-24-434706/model.pth
Model state saved to ./results/models/checkpoints/schrodinger/2025-08-14_12-09-24-434706/model_weights.pth
It: 1900, Loss: 1.714e+00, Loss_res: 1.873e-02,  Loss_bcs: 8.393e-02, Loss_ut_ics: 8.057e-01, lr: 1.000e-03, Time: 2.14e+01
Model state saved to ./results/models/checkpoints/schrodinger/2025-08-14_12-09-24-434706/model.pth
Model state saved to ./results/models/checkpoints/schrodinger/2025-08-14_12-09-24-434706/model_weights.pth
It: 2000, Loss: 1.672e+00, Loss_res: 2.244e-02,  Loss_bcs: 8.536e-02, Loss_ut_ics: 7.820e-01, lr: 1.000e-03, Time: 2.25e+01
Model state saved to ./results/models/checkpoints/schrodinger/2025-08-14_12-09-24-434706/model.pth
Model state saved to ./results/models/checkpoints/schrodinger/2025-08-14_12-09-24-434706/model_weights.pth
It: 2100, Loss: 1.634e+00, Loss_res: 2.486e-02,  Loss_bcs: 8.670e-02, Loss_ut_ics: 7.613e-01, lr: 1.000e-03, Time: 2.37e+01
Model state saved to ./results/models/checkpoints/schrodinger/2025-08-14_12-09-24-434706/model.pth
Model state saved to ./results/models/checkpoints/schrodinger/2025-08-14_12-09-24-434706/model_weights.pth
It: 2200, Loss: 1.586e+00, Loss_res: 2.927e-02,  Loss_bcs: 8.595e-02, Loss_ut_ics: 7.355e-01, lr: 1.000e-03, Time: 2.49e+01
Model state saved to ./results/models/checkpoints/schrodinger/2025-08-14_12-09-24-434706/model.pth
Model state saved to ./results/models/checkpoints/schrodinger/2025-08-14_12-09-24-434706/model_weights.pth
It: 2300, Loss: 1.529e+00, Loss_res: 3.407e-02,  Loss_bcs: 8.443e-02, Loss_ut_ics: 7.054e-01, lr: 1.000e-03, Time: 2.61e+01
Model state saved to ./results/models/checkpoints/schrodinger/2025-08-14_12-09-24-434706/model.pth
Model state saved to ./results/models/checkpoints/schrodinger/2025-08-14_12-09-24-434706/model_weights.pth
It: 2400, Loss: 1.513e+00, Loss_res: 1.032e-01,  Loss_bcs: 8.228e-02, Loss_ut_ics: 6.635e-01, lr: 1.000e-03, Time: 2.73e+01
Model state saved to ./results/models/checkpoints/schrodinger/2025-08-14_12-09-24-434706/model.pth
Model state saved to ./results/models/checkpoints/schrodinger/2025-08-14_12-09-24-434706/model_weights.pth
It: 2500, Loss: 1.369e+00, Loss_res: 6.765e-02,  Loss_bcs: 8.066e-02, Loss_ut_ics: 6.104e-01, lr: 1.000e-03, Time: 2.83e+01
Model state saved to ./results/models/checkpoints/schrodinger/2025-08-14_12-09-24-434706/model.pth
Model state saved to ./results/models/checkpoints/schrodinger/2025-08-14_12-09-24-434706/model_weights.pth
It: 2600, Loss: 1.225e+00, Loss_res: 4.013e-02,  Loss_bcs: 8.055e-02, Loss_ut_ics: 5.520e-01, lr: 1.000e-03, Time: 2.95e+01
Model state saved to ./results/models/checkpoints/schrodinger/2025-08-14_12-09-24-434706/model.pth
Model state saved to ./results/models/checkpoints/schrodinger/2025-08-14_12-09-24-434706/model_weights.pth
It: 2700, Loss: 1.093e+00, Loss_res: 4.057e-02,  Loss_bcs: 8.289e-02, Loss_ut_ics: 4.847e-01, lr: 1.000e-03, Time: 3.05e+01
Model state saved to ./results/models/checkpoints/schrodinger/2025-08-14_12-09-24-434706/model.pth
Model state saved to ./results/models/checkpoints/schrodinger/2025-08-14_12-09-24-434706/model_weights.pth
It: 2800, Loss: 9.454e-01, Loss_res: 3.963e-02,  Loss_bcs: 8.281e-02, Loss_ut_ics: 4.115e-01, lr: 1.000e-03, Time: 3.17e+01
Model state saved to ./results/models/checkpoints/schrodinger/2025-08-14_12-09-24-434706/model.pth
Model state saved to ./results/models/checkpoints/schrodinger/2025-08-14_12-09-24-434706/model_weights.pth
It: 2900, Loss: 8.018e-01, Loss_res: 3.948e-02,  Loss_bcs: 8.436e-02, Loss_ut_ics: 3.390e-01, lr: 1.000e-03, Time: 3.27e+01
Model state saved to ./results/models/checkpoints/schrodinger/2025-08-14_12-09-24-434706/model.pth
Model state saved to ./results/models/checkpoints/schrodinger/2025-08-14_12-09-24-434706/model_weights.pth
It: 3000, Loss: 6.811e-01, Loss_res: 3.374e-02,  Loss_bcs: 8.445e-02, Loss_ut_ics: 2.814e-01, lr: 1.000e-03, Time: 3.38e+01
Model state saved to ./results/models/checkpoints/schrodinger/2025-08-14_12-09-24-434706/model.pth
Model state saved to ./results/models/checkpoints/schrodinger/2025-08-14_12-09-24-434706/model_weights.pth
It: 3100, Loss: 6.049e-01, Loss_res: 3.732e-02,  Loss_bcs: 8.510e-02, Loss_ut_ics: 2.413e-01, lr: 1.000e-03, Time: 3.49e+01
Model state saved to ./results/models/checkpoints/schrodinger/2025-08-14_12-09-24-434706/model.pth
Model state saved to ./results/models/checkpoints/schrodinger/2025-08-14_12-09-24-434706/model_weights.pth
It: 3200, Loss: 6.550e-01, Loss_res: 1.418e-01,  Loss_bcs: 8.908e-02, Loss_ut_ics: 2.120e-01, lr: 1.000e-03, Time: 3.59e+01
Model state saved to ./results/models/checkpoints/schrodinger/2025-08-14_12-09-24-434706/model.pth
Model state saved to ./results/models/checkpoints/schrodinger/2025-08-14_12-09-24-434706/model_weights.pth
It: 3300, Loss: 5.080e-01, Loss_res: 3.480e-02,  Loss_bcs: 9.004e-02, Loss_ut_ics: 1.916e-01, lr: 1.000e-03, Time: 3.70e+01
Model state saved to ./results/models/checkpoints/schrodinger/2025-08-14_12-09-24-434706/model.pth
Model state saved to ./results/models/checkpoints/schrodinger/2025-08-14_12-09-24-434706/model_weights.pth
It: 3400, Loss: 4.977e-01, Loss_res: 5.619e-02,  Loss_bcs: 9.088e-02, Loss_ut_ics: 1.753e-01, lr: 1.000e-03, Time: 3.81e+01
Model state saved to ./results/models/checkpoints/schrodinger/2025-08-14_12-09-24-434706/model.pth
Model state saved to ./results/models/checkpoints/schrodinger/2025-08-14_12-09-24-434706/model_weights.pth
It: 3500, Loss: 4.459e-01, Loss_res: 3.633e-02,  Loss_bcs: 9.475e-02, Loss_ut_ics: 1.574e-01, lr: 1.000e-03, Time: 3.91e+01
Model state saved to ./results/models/checkpoints/schrodinger/2025-08-14_12-09-24-434706/model.pth
Model state saved to ./results/models/checkpoints/schrodinger/2025-08-14_12-09-24-434706/model_weights.pth
It: 3600, Loss: 4.129e-01, Loss_res: 2.892e-02,  Loss_bcs: 9.626e-02, Loss_ut_ics: 1.439e-01, lr: 1.000e-03, Time: 4.01e+01
Model state saved to ./results/models/checkpoints/schrodinger/2025-08-14_12-09-24-434706/model.pth
Model state saved to ./results/models/checkpoints/schrodinger/2025-08-14_12-09-24-434706/model_weights.pth
It: 3700, Loss: 3.883e-01, Loss_res: 2.982e-02,  Loss_bcs: 9.830e-02, Loss_ut_ics: 1.301e-01, lr: 1.000e-03, Time: 4.11e+01
Model state saved to ./results/models/checkpoints/schrodinger/2025-08-14_12-09-24-434706/model.pth
Model state saved to ./results/models/checkpoints/schrodinger/2025-08-14_12-09-24-434706/model_weights.pth
It: 3800, Loss: 3.647e-01, Loss_res: 2.436e-02,  Loss_bcs: 9.794e-02, Loss_ut_ics: 1.212e-01, lr: 1.000e-03, Time: 4.21e+01
Model state saved to ./results/models/checkpoints/schrodinger/2025-08-14_12-09-24-434706/model.pth
Model state saved to ./results/models/checkpoints/schrodinger/2025-08-14_12-09-24-434706/model_weights.pth
It: 3900, Loss: 3.565e-01, Loss_res: 3.449e-02,  Loss_bcs: 9.943e-02, Loss_ut_ics: 1.113e-01, lr: 1.000e-03, Time: 4.32e+01
Model state saved to ./results/models/checkpoints/schrodinger/2025-08-14_12-09-24-434706/model.pth
Model state saved to ./results/models/checkpoints/schrodinger/2025-08-14_12-09-24-434706/model_weights.pth
It: 4000, Loss: 3.276e-01, Loss_res: 2.295e-02,  Loss_bcs: 1.004e-01, Loss_ut_ics: 1.021e-01, lr: 1.000e-03, Time: 4.43e+01
Model state saved to ./results/models/checkpoints/schrodinger/2025-08-14_12-09-24-434706/model.pth
Model state saved to ./results/models/checkpoints/schrodinger/2025-08-14_12-09-24-434706/model_weights.pth
It: 4100, Loss: 3.206e-01, Loss_res: 3.105e-02,  Loss_bcs: 1.008e-01, Loss_ut_ics: 9.440e-02, lr: 1.000e-03, Time: 4.54e+01
Model state saved to ./results/models/checkpoints/schrodinger/2025-08-14_12-09-24-434706/model.pth
Model state saved to ./results/models/checkpoints/schrodinger/2025-08-14_12-09-24-434706/model_weights.pth
It: 4200, Loss: 2.999e-01, Loss_res: 2.451e-02,  Loss_bcs: 1.016e-01, Loss_ut_ics: 8.689e-02, lr: 1.000e-03, Time: 4.65e+01
Model state saved to ./results/models/checkpoints/schrodinger/2025-08-14_12-09-24-434706/model.pth
Model state saved to ./results/models/checkpoints/schrodinger/2025-08-14_12-09-24-434706/model_weights.pth
It: 4300, Loss: 2.984e-01, Loss_res: 3.591e-02,  Loss_bcs: 1.010e-01, Loss_ut_ics: 8.078e-02, lr: 1.000e-03, Time: 4.76e+01
Model state saved to ./results/models/checkpoints/schrodinger/2025-08-14_12-09-24-434706/model.pth
Model state saved to ./results/models/checkpoints/schrodinger/2025-08-14_12-09-24-434706/model_weights.pth
It: 4400, Loss: 2.648e-01, Loss_res: 1.525e-02,  Loss_bcs: 9.982e-02, Loss_ut_ics: 7.487e-02, lr: 1.000e-03, Time: 4.87e+01
Model state saved to ./results/models/checkpoints/schrodinger/2025-08-14_12-09-24-434706/model.pth
Model state saved to ./results/models/checkpoints/schrodinger/2025-08-14_12-09-24-434706/model_weights.pth
It: 4500, Loss: 2.570e-01, Loss_res: 2.033e-02,  Loss_bcs: 9.929e-02, Loss_ut_ics: 6.867e-02, lr: 1.000e-03, Time: 4.99e+01
Model state saved to ./results/models/checkpoints/schrodinger/2025-08-14_12-09-24-434706/model.pth
Model state saved to ./results/models/checkpoints/schrodinger/2025-08-14_12-09-24-434706/model_weights.pth
It: 4600, Loss: 2.934e-01, Loss_res: 6.611e-02,  Loss_bcs: 9.708e-02, Loss_ut_ics: 6.510e-02, lr: 1.000e-03, Time: 5.11e+01
Model state saved to ./results/models/checkpoints/schrodinger/2025-08-14_12-09-24-434706/model.pth
Model state saved to ./results/models/checkpoints/schrodinger/2025-08-14_12-09-24-434706/model_weights.pth
It: 4700, Loss: 2.316e-01, Loss_res: 1.762e-02,  Loss_bcs: 9.562e-02, Loss_ut_ics: 5.916e-02, lr: 1.000e-03, Time: 5.23e+01
Model state saved to ./results/models/checkpoints/schrodinger/2025-08-14_12-09-24-434706/model.pth
Model state saved to ./results/models/checkpoints/schrodinger/2025-08-14_12-09-24-434706/model_weights.pth
It: 4800, Loss: 2.148e-01, Loss_res: 1.156e-02,  Loss_bcs: 9.380e-02, Loss_ut_ics: 5.470e-02, lr: 1.000e-03, Time: 5.34e+01
Model state saved to ./results/models/checkpoints/schrodinger/2025-08-14_12-09-24-434706/model.pth
Model state saved to ./results/models/checkpoints/schrodinger/2025-08-14_12-09-24-434706/model_weights.pth
It: 4900, Loss: 2.150e-01, Loss_res: 2.082e-02,  Loss_bcs: 9.231e-02, Loss_ut_ics: 5.092e-02, lr: 1.000e-03, Time: 5.47e+01
Model state saved to ./results/models/checkpoints/schrodinger/2025-08-14_12-09-24-434706/model.pth
Model state saved to ./results/models/checkpoints/schrodinger/2025-08-14_12-09-24-434706/model_weights.pth
It: 5000, Loss: 2.329e-01, Loss_res: 4.804e-02,  Loss_bcs: 9.011e-02, Loss_ut_ics: 4.736e-02, lr: 1.000e-03, Time: 5.59e+01
Model state saved to ./results/models/checkpoints/schrodinger/2025-08-14_12-09-24-434706/model.pth
Model state saved to ./results/models/checkpoints/schrodinger/2025-08-14_12-09-24-434706/model_weights.pth
It: 5100, Loss: 1.909e-01, Loss_res: 1.468e-02,  Loss_bcs: 8.744e-02, Loss_ut_ics: 4.441e-02, lr: 1.000e-03, Time: 5.70e+01
Model state saved to ./results/models/checkpoints/schrodinger/2025-08-14_12-09-24-434706/model.pth
Model state saved to ./results/models/checkpoints/schrodinger/2025-08-14_12-09-24-434706/model_weights.pth
It: 5200, Loss: 1.785e-01, Loss_res: 1.085e-02,  Loss_bcs: 8.490e-02, Loss_ut_ics: 4.138e-02, lr: 1.000e-03, Time: 5.81e+01
Model state saved to ./results/models/checkpoints/schrodinger/2025-08-14_12-09-24-434706/model.pth
Model state saved to ./results/models/checkpoints/schrodinger/2025-08-14_12-09-24-434706/model_weights.pth
It: 5300, Loss: 1.708e-01, Loss_res: 1.088e-02,  Loss_bcs: 8.298e-02, Loss_ut_ics: 3.845e-02, lr: 1.000e-03, Time: 5.94e+01
Model state saved to ./results/models/checkpoints/schrodinger/2025-08-14_12-09-24-434706/model.pth
Model state saved to ./results/models/checkpoints/schrodinger/2025-08-14_12-09-24-434706/model_weights.pth
It: 5400, Loss: 1.638e-01, Loss_res: 1.107e-02,  Loss_bcs: 8.030e-02, Loss_ut_ics: 3.623e-02, lr: 1.000e-03, Time: 6.05e+01
Model state saved to ./results/models/checkpoints/schrodinger/2025-08-14_12-09-24-434706/model.pth
Model state saved to ./results/models/checkpoints/schrodinger/2025-08-14_12-09-24-434706/model_weights.pth
It: 5500, Loss: 1.619e-01, Loss_res: 1.735e-02,  Loss_bcs: 7.882e-02, Loss_ut_ics: 3.286e-02, lr: 1.000e-03, Time: 6.17e+01
Model state saved to ./results/models/checkpoints/schrodinger/2025-08-14_12-09-24-434706/model.pth
Model state saved to ./results/models/checkpoints/schrodinger/2025-08-14_12-09-24-434706/model_weights.pth
It: 5600, Loss: 2.119e-01, Loss_res: 7.273e-02,  Loss_bcs: 7.649e-02, Loss_ut_ics: 3.132e-02, lr: 1.000e-03, Time: 6.29e+01
Model state saved to ./results/models/checkpoints/schrodinger/2025-08-14_12-09-24-434706/model.pth
Model state saved to ./results/models/checkpoints/schrodinger/2025-08-14_12-09-24-434706/model_weights.pth
It: 5700, Loss: 1.425e-01, Loss_res: 9.890e-03,  Loss_bcs: 7.371e-02, Loss_ut_ics: 2.944e-02, lr: 1.000e-03, Time: 6.40e+01
Model state saved to ./results/models/checkpoints/schrodinger/2025-08-14_12-09-24-434706/model.pth
Model state saved to ./results/models/checkpoints/schrodinger/2025-08-14_12-09-24-434706/model_weights.pth
It: 5800, Loss: 1.616e-01, Loss_res: 3.506e-02,  Loss_bcs: 7.160e-02, Loss_ut_ics: 2.748e-02, lr: 1.000e-03, Time: 6.50e+01
Model state saved to ./results/models/checkpoints/schrodinger/2025-08-14_12-09-24-434706/model.pth
Model state saved to ./results/models/checkpoints/schrodinger/2025-08-14_12-09-24-434706/model_weights.pth
It: 5900, Loss: 2.301e-01, Loss_res: 1.081e-01,  Loss_bcs: 6.964e-02, Loss_ut_ics: 2.622e-02, lr: 1.000e-03, Time: 6.60e+01
Model state saved to ./results/models/checkpoints/schrodinger/2025-08-14_12-09-24-434706/model.pth
Model state saved to ./results/models/checkpoints/schrodinger/2025-08-14_12-09-24-434706/model_weights.pth
It: 6000, Loss: 1.230e-01, Loss_res: 7.645e-03,  Loss_bcs: 6.701e-02, Loss_ut_ics: 2.417e-02, lr: 1.000e-03, Time: 6.71e+01
Model state saved to ./results/models/checkpoints/schrodinger/2025-08-14_12-09-24-434706/model.pth
Model state saved to ./results/models/checkpoints/schrodinger/2025-08-14_12-09-24-434706/model_weights.pth
It: 6100, Loss: 1.191e-01, Loss_res: 8.725e-03,  Loss_bcs: 6.486e-02, Loss_ut_ics: 2.277e-02, lr: 1.000e-03, Time: 6.83e+01
Model state saved to ./results/models/checkpoints/schrodinger/2025-08-14_12-09-24-434706/model.pth
Model state saved to ./results/models/checkpoints/schrodinger/2025-08-14_12-09-24-434706/model_weights.pth
It: 6200, Loss: 1.274e-01, Loss_res: 2.179e-02,  Loss_bcs: 6.282e-02, Loss_ut_ics: 2.139e-02, lr: 1.000e-03, Time: 6.93e+01
Model state saved to ./results/models/checkpoints/schrodinger/2025-08-14_12-09-24-434706/model.pth
Model state saved to ./results/models/checkpoints/schrodinger/2025-08-14_12-09-24-434706/model_weights.pth
It: 6300, Loss: 1.090e-01, Loss_res: 7.627e-03,  Loss_bcs: 6.081e-02, Loss_ut_ics: 2.029e-02, lr: 1.000e-03, Time: 7.04e+01
Model state saved to ./results/models/checkpoints/schrodinger/2025-08-14_12-09-24-434706/model.pth
Model state saved to ./results/models/checkpoints/schrodinger/2025-08-14_12-09-24-434706/model_weights.pth
It: 6400, Loss: 1.036e-01, Loss_res: 7.232e-03,  Loss_bcs: 5.850e-02, Loss_ut_ics: 1.892e-02, lr: 1.000e-03, Time: 7.16e+01
Model state saved to ./results/models/checkpoints/schrodinger/2025-08-14_12-09-24-434706/model.pth
Model state saved to ./results/models/checkpoints/schrodinger/2025-08-14_12-09-24-434706/model_weights.pth
It: 6500, Loss: 1.425e-01, Loss_res: 5.011e-02,  Loss_bcs: 5.630e-02, Loss_ut_ics: 1.803e-02, lr: 1.000e-03, Time: 7.27e+01
Model state saved to ./results/models/checkpoints/schrodinger/2025-08-14_12-09-24-434706/model.pth
Model state saved to ./results/models/checkpoints/schrodinger/2025-08-14_12-09-24-434706/model_weights.pth
It: 6600, Loss: 9.754e-02, Loss_res: 9.376e-03,  Loss_bcs: 5.428e-02, Loss_ut_ics: 1.694e-02, lr: 1.000e-03, Time: 7.37e+01
Model state saved to ./results/models/checkpoints/schrodinger/2025-08-14_12-09-24-434706/model.pth
Model state saved to ./results/models/checkpoints/schrodinger/2025-08-14_12-09-24-434706/model_weights.pth
It: 6700, Loss: 9.052e-02, Loss_res: 6.397e-03,  Loss_bcs: 5.224e-02, Loss_ut_ics: 1.594e-02, lr: 1.000e-03, Time: 7.49e+01
Model state saved to ./results/models/checkpoints/schrodinger/2025-08-14_12-09-24-434706/model.pth
Model state saved to ./results/models/checkpoints/schrodinger/2025-08-14_12-09-24-434706/model_weights.pth
It: 6800, Loss: 1.024e-01, Loss_res: 2.111e-02,  Loss_bcs: 5.039e-02, Loss_ut_ics: 1.543e-02, lr: 1.000e-03, Time: 7.59e+01
Model state saved to ./results/models/checkpoints/schrodinger/2025-08-14_12-09-24-434706/model.pth
Model state saved to ./results/models/checkpoints/schrodinger/2025-08-14_12-09-24-434706/model_weights.pth
It: 6900, Loss: 8.330e-02, Loss_res: 6.168e-03,  Loss_bcs: 4.859e-02, Loss_ut_ics: 1.427e-02, lr: 1.000e-03, Time: 7.69e+01
Model state saved to ./results/models/checkpoints/schrodinger/2025-08-14_12-09-24-434706/model.pth
Model state saved to ./results/models/checkpoints/schrodinger/2025-08-14_12-09-24-434706/model_weights.pth
It: 7000, Loss: 1.773e-01, Loss_res: 1.035e-01,  Loss_bcs: 4.660e-02, Loss_ut_ics: 1.357e-02, lr: 1.000e-03, Time: 7.79e+01
Model state saved to ./results/models/checkpoints/schrodinger/2025-08-14_12-09-24-434706/model.pth
Model state saved to ./results/models/checkpoints/schrodinger/2025-08-14_12-09-24-434706/model_weights.pth
It: 7100, Loss: 8.487e-02, Loss_res: 1.388e-02,  Loss_bcs: 4.511e-02, Loss_ut_ics: 1.294e-02, lr: 1.000e-03, Time: 7.92e+01
Model state saved to ./results/models/checkpoints/schrodinger/2025-08-14_12-09-24-434706/model.pth
Model state saved to ./results/models/checkpoints/schrodinger/2025-08-14_12-09-24-434706/model_weights.pth
It: 7200, Loss: 7.362e-02, Loss_res: 5.848e-03,  Loss_bcs: 4.333e-02, Loss_ut_ics: 1.222e-02, lr: 1.000e-03, Time: 8.03e+01
Model state saved to ./results/models/checkpoints/schrodinger/2025-08-14_12-09-24-434706/model.pth
Model state saved to ./results/models/checkpoints/schrodinger/2025-08-14_12-09-24-434706/model_weights.pth
It: 7300, Loss: 1.422e-01, Loss_res: 7.747e-02,  Loss_bcs: 4.221e-02, Loss_ut_ics: 1.128e-02, lr: 1.000e-03, Time: 8.14e+01
Model state saved to ./results/models/checkpoints/schrodinger/2025-08-14_12-09-24-434706/model.pth
Model state saved to ./results/models/checkpoints/schrodinger/2025-08-14_12-09-24-434706/model_weights.pth
It: 7400, Loss: 8.286e-02, Loss_res: 2.078e-02,  Loss_bcs: 4.033e-02, Loss_ut_ics: 1.088e-02, lr: 1.000e-03, Time: 8.25e+01
Model state saved to ./results/models/checkpoints/schrodinger/2025-08-14_12-09-24-434706/model.pth
Model state saved to ./results/models/checkpoints/schrodinger/2025-08-14_12-09-24-434706/model_weights.pth
It: 7500, Loss: 6.361e-02, Loss_res: 4.019e-03,  Loss_bcs: 3.873e-02, Loss_ut_ics: 1.043e-02, lr: 1.000e-03, Time: 8.35e+01
Model state saved to ./results/models/checkpoints/schrodinger/2025-08-14_12-09-24-434706/model.pth
Model state saved to ./results/models/checkpoints/schrodinger/2025-08-14_12-09-24-434706/model_weights.pth
It: 7600, Loss: 6.087e-02, Loss_res: 3.958e-03,  Loss_bcs: 3.733e-02, Loss_ut_ics: 9.792e-03, lr: 1.000e-03, Time: 8.46e+01
Model state saved to ./results/models/checkpoints/schrodinger/2025-08-14_12-09-24-434706/model.pth
Model state saved to ./results/models/checkpoints/schrodinger/2025-08-14_12-09-24-434706/model_weights.pth
It: 7700, Loss: 9.534e-02, Loss_res: 3.959e-02,  Loss_bcs: 3.582e-02, Loss_ut_ics: 9.969e-03, lr: 1.000e-03, Time: 8.57e+01
Model state saved to ./results/models/checkpoints/schrodinger/2025-08-14_12-09-24-434706/model.pth
Model state saved to ./results/models/checkpoints/schrodinger/2025-08-14_12-09-24-434706/model_weights.pth
It: 7800, Loss: 6.257e-02, Loss_res: 9.917e-03,  Loss_bcs: 3.494e-02, Loss_ut_ics: 8.858e-03, lr: 1.000e-03, Time: 8.67e+01
Model state saved to ./results/models/checkpoints/schrodinger/2025-08-14_12-09-24-434706/model.pth
Model state saved to ./results/models/checkpoints/schrodinger/2025-08-14_12-09-24-434706/model_weights.pth
It: 7900, Loss: 2.928e-01, Loss_res: 2.405e-01,  Loss_bcs: 3.468e-02, Loss_ut_ics: 8.796e-03, lr: 1.000e-03, Time: 8.79e+01
Model state saved to ./results/models/checkpoints/schrodinger/2025-08-14_12-09-24-434706/model.pth
Model state saved to ./results/models/checkpoints/schrodinger/2025-08-14_12-09-24-434706/model_weights.pth
It: 8000, Loss: 8.961e-02, Loss_res: 4.030e-02,  Loss_bcs: 3.296e-02, Loss_ut_ics: 8.173e-03, lr: 1.000e-03, Time: 8.90e+01
Model state saved to ./results/models/checkpoints/schrodinger/2025-08-14_12-09-24-434706/model.pth
Model state saved to ./results/models/checkpoints/schrodinger/2025-08-14_12-09-24-434706/model_weights.pth
It: 8100, Loss: 6.089e-02, Loss_res: 1.294e-02,  Loss_bcs: 3.155e-02, Loss_ut_ics: 8.202e-03, lr: 1.000e-03, Time: 9.00e+01
Model state saved to ./results/models/checkpoints/schrodinger/2025-08-14_12-09-24-434706/model.pth
Model state saved to ./results/models/checkpoints/schrodinger/2025-08-14_12-09-24-434706/model_weights.pth
It: 8200, Loss: 4.945e-02, Loss_res: 3.707e-03,  Loss_bcs: 3.048e-02, Loss_ut_ics: 7.631e-03, lr: 1.000e-03, Time: 9.12e+01
Model state saved to ./results/models/checkpoints/schrodinger/2025-08-14_12-09-24-434706/model.pth
Model state saved to ./results/models/checkpoints/schrodinger/2025-08-14_12-09-24-434706/model_weights.pth
It: 8300, Loss: 5.506e-02, Loss_res: 1.058e-02,  Loss_bcs: 2.945e-02, Loss_ut_ics: 7.516e-03, lr: 1.000e-03, Time: 9.23e+01
Model state saved to ./results/models/checkpoints/schrodinger/2025-08-14_12-09-24-434706/model.pth
Model state saved to ./results/models/checkpoints/schrodinger/2025-08-14_12-09-24-434706/model_weights.pth
It: 8400, Loss: 2.352e-01, Loss_res: 1.928e-01,  Loss_bcs: 2.874e-02, Loss_ut_ics: 6.848e-03, lr: 1.000e-03, Time: 9.33e+01
Model state saved to ./results/models/checkpoints/schrodinger/2025-08-14_12-09-24-434706/model.pth
Model state saved to ./results/models/checkpoints/schrodinger/2025-08-14_12-09-24-434706/model_weights.pth
It: 8500, Loss: 5.336e-02, Loss_res: 1.132e-02,  Loss_bcs: 2.764e-02, Loss_ut_ics: 7.198e-03, lr: 1.000e-03, Time: 9.45e+01
Model state saved to ./results/models/checkpoints/schrodinger/2025-08-14_12-09-24-434706/model.pth
Model state saved to ./results/models/checkpoints/schrodinger/2025-08-14_12-09-24-434706/model_weights.pth
It: 8600, Loss: 4.328e-02, Loss_res: 3.144e-03,  Loss_bcs: 2.684e-02, Loss_ut_ics: 6.648e-03, lr: 1.000e-03, Time: 9.56e+01
Model state saved to ./results/models/checkpoints/schrodinger/2025-08-14_12-09-24-434706/model.pth
Model state saved to ./results/models/checkpoints/schrodinger/2025-08-14_12-09-24-434706/model_weights.pth
It: 8700, Loss: 4.253e-02, Loss_res: 3.537e-03,  Loss_bcs: 2.600e-02, Loss_ut_ics: 6.497e-03, lr: 1.000e-03, Time: 9.68e+01
Model state saved to ./results/models/checkpoints/schrodinger/2025-08-14_12-09-24-434706/model.pth
Model state saved to ./results/models/checkpoints/schrodinger/2025-08-14_12-09-24-434706/model_weights.pth
It: 8800, Loss: 4.178e-02, Loss_res: 4.145e-03,  Loss_bcs: 2.530e-02, Loss_ut_ics: 6.169e-03, lr: 1.000e-03, Time: 9.79e+01
Model state saved to ./results/models/checkpoints/schrodinger/2025-08-14_12-09-24-434706/model.pth
Model state saved to ./results/models/checkpoints/schrodinger/2025-08-14_12-09-24-434706/model_weights.pth
It: 8900, Loss: 6.378e-02, Loss_res: 2.678e-02,  Loss_bcs: 2.445e-02, Loss_ut_ics: 6.274e-03, lr: 1.000e-03, Time: 9.91e+01
Model state saved to ./results/models/checkpoints/schrodinger/2025-08-14_12-09-24-434706/model.pth
Model state saved to ./results/models/checkpoints/schrodinger/2025-08-14_12-09-24-434706/model_weights.pth
It: 9000, Loss: 3.963e-02, Loss_res: 3.758e-03,  Loss_bcs: 2.388e-02, Loss_ut_ics: 5.995e-03, lr: 1.000e-03, Time: 1.00e+02
Model state saved to ./results/models/checkpoints/schrodinger/2025-08-14_12-09-24-434706/model.pth
Model state saved to ./results/models/checkpoints/schrodinger/2025-08-14_12-09-24-434706/model_weights.pth
It: 9100, Loss: 4.756e-02, Loss_res: 1.293e-02,  Loss_bcs: 2.317e-02, Loss_ut_ics: 5.729e-03, lr: 1.000e-03, Time: 1.01e+02
Model state saved to ./results/models/checkpoints/schrodinger/2025-08-14_12-09-24-434706/model.pth
Model state saved to ./results/models/checkpoints/schrodinger/2025-08-14_12-09-24-434706/model_weights.pth
It: 9200, Loss: 5.444e-02, Loss_res: 2.017e-02,  Loss_bcs: 2.256e-02, Loss_ut_ics: 5.852e-03, lr: 1.000e-03, Time: 1.03e+02
Model state saved to ./results/models/checkpoints/schrodinger/2025-08-14_12-09-24-434706/model.pth
Model state saved to ./results/models/checkpoints/schrodinger/2025-08-14_12-09-24-434706/model_weights.pth
It: 9300, Loss: 3.721e-02, Loss_res: 3.697e-03,  Loss_bcs: 2.210e-02, Loss_ut_ics: 5.707e-03, lr: 1.000e-03, Time: 1.04e+02
Model state saved to ./results/models/checkpoints/schrodinger/2025-08-14_12-09-24-434706/model.pth
Model state saved to ./results/models/checkpoints/schrodinger/2025-08-14_12-09-24-434706/model_weights.pth
It: 9400, Loss: 3.588e-02, Loss_res: 3.029e-03,  Loss_bcs: 2.166e-02, Loss_ut_ics: 5.595e-03, lr: 1.000e-03, Time: 1.05e+02
Model state saved to ./results/models/checkpoints/schrodinger/2025-08-14_12-09-24-434706/model.pth
Model state saved to ./results/models/checkpoints/schrodinger/2025-08-14_12-09-24-434706/model_weights.pth
It: 9500, Loss: 8.133e-02, Loss_res: 5.009e-02,  Loss_bcs: 2.111e-02, Loss_ut_ics: 5.064e-03, lr: 1.000e-03, Time: 1.06e+02
Model state saved to ./results/models/checkpoints/schrodinger/2025-08-14_12-09-24-434706/model.pth
Model state saved to ./results/models/checkpoints/schrodinger/2025-08-14_12-09-24-434706/model_weights.pth
It: 9600, Loss: 5.631e-02, Loss_res: 2.580e-02,  Loss_bcs: 2.064e-02, Loss_ut_ics: 4.936e-03, lr: 1.000e-03, Time: 1.08e+02
Model state saved to ./results/models/checkpoints/schrodinger/2025-08-14_12-09-24-434706/model.pth
Model state saved to ./results/models/checkpoints/schrodinger/2025-08-14_12-09-24-434706/model_weights.pth
It: 9700, Loss: 3.256e-02, Loss_res: 2.504e-03,  Loss_bcs: 2.025e-02, Loss_ut_ics: 4.905e-03, lr: 1.000e-03, Time: 1.09e+02
Model state saved to ./results/models/checkpoints/schrodinger/2025-08-14_12-09-24-434706/model.pth
Model state saved to ./results/models/checkpoints/schrodinger/2025-08-14_12-09-24-434706/model_weights.pth
It: 9800, Loss: 3.329e-02, Loss_res: 3.520e-03,  Loss_bcs: 1.987e-02, Loss_ut_ics: 4.953e-03, lr: 1.000e-03, Time: 1.10e+02
Model state saved to ./results/models/checkpoints/schrodinger/2025-08-14_12-09-24-434706/model.pth
Model state saved to ./results/models/checkpoints/schrodinger/2025-08-14_12-09-24-434706/model_weights.pth
It: 9900, Loss: 3.178e-02, Loss_res: 2.888e-03,  Loss_bcs: 1.942e-02, Loss_ut_ics: 4.733e-03, lr: 1.000e-03, Time: 1.11e+02
Model state saved to ./results/models/checkpoints/schrodinger/2025-08-14_12-09-24-434706/model.pth
Model state saved to ./results/models/checkpoints/schrodinger/2025-08-14_12-09-24-434706/model_weights.pth
It: 10000, Loss: 3.523e-02, Loss_res: 5.947e-03,  Loss_bcs: 1.897e-02, Loss_ut_ics: 5.155e-03, lr: 1.000e-03, Time: 1.12e+02
Model state saved to ./results/models/checkpoints/schrodinger/2025-08-14_12-09-24-434706/model.pth
Model state saved to ./results/models/checkpoints/schrodinger/2025-08-14_12-09-24-434706/model_weights.pth
It: 10100, Loss: 4.419e-02, Loss_res: 1.567e-02,  Loss_bcs: 1.864e-02, Loss_ut_ics: 4.940e-03, lr: 1.000e-03, Time: 1.13e+02
Model state saved to ./results/models/checkpoints/schrodinger/2025-08-14_12-09-24-434706/model.pth
Model state saved to ./results/models/checkpoints/schrodinger/2025-08-14_12-09-24-434706/model_weights.pth
It: 10200, Loss: 3.241e-02, Loss_res: 5.401e-03,  Loss_bcs: 1.827e-02, Loss_ut_ics: 4.370e-03, lr: 1.000e-03, Time: 1.14e+02
Model state saved to ./results/models/checkpoints/schrodinger/2025-08-14_12-09-24-434706/model.pth
Model state saved to ./results/models/checkpoints/schrodinger/2025-08-14_12-09-24-434706/model_weights.pth
It: 10300, Loss: 2.988e-02, Loss_res: 3.420e-03,  Loss_bcs: 1.790e-02, Loss_ut_ics: 4.279e-03, lr: 1.000e-03, Time: 1.16e+02
Model state saved to ./results/models/checkpoints/schrodinger/2025-08-14_12-09-24-434706/model.pth
Model state saved to ./results/models/checkpoints/schrodinger/2025-08-14_12-09-24-434706/model_weights.pth
It: 10400, Loss: 2.809e-02, Loss_res: 2.247e-03,  Loss_bcs: 1.759e-02, Loss_ut_ics: 4.125e-03, lr: 1.000e-03, Time: 1.17e+02
Model state saved to ./results/models/checkpoints/schrodinger/2025-08-14_12-09-24-434706/model.pth
Model state saved to ./results/models/checkpoints/schrodinger/2025-08-14_12-09-24-434706/model_weights.pth
It: 10500, Loss: 5.756e-02, Loss_res: 3.187e-02,  Loss_bcs: 1.729e-02, Loss_ut_ics: 4.201e-03, lr: 1.000e-03, Time: 1.18e+02
Model state saved to ./results/models/checkpoints/schrodinger/2025-08-14_12-09-24-434706/model.pth
Model state saved to ./results/models/checkpoints/schrodinger/2025-08-14_12-09-24-434706/model_weights.pth
It: 10600, Loss: 3.048e-02, Loss_res: 5.600e-03,  Loss_bcs: 1.687e-02, Loss_ut_ics: 4.004e-03, lr: 1.000e-03, Time: 1.19e+02
Model state saved to ./results/models/checkpoints/schrodinger/2025-08-14_12-09-24-434706/model.pth
Model state saved to ./results/models/checkpoints/schrodinger/2025-08-14_12-09-24-434706/model_weights.pth
It: 10700, Loss: 2.642e-02, Loss_res: 2.092e-03,  Loss_bcs: 1.661e-02, Loss_ut_ics: 3.861e-03, lr: 1.000e-03, Time: 1.20e+02
Model state saved to ./results/models/checkpoints/schrodinger/2025-08-14_12-09-24-434706/model.pth
Model state saved to ./results/models/checkpoints/schrodinger/2025-08-14_12-09-24-434706/model_weights.pth
It: 10800, Loss: 2.601e-02, Loss_res: 2.019e-03,  Loss_bcs: 1.631e-02, Loss_ut_ics: 3.840e-03, lr: 1.000e-03, Time: 1.21e+02
Model state saved to ./results/models/checkpoints/schrodinger/2025-08-14_12-09-24-434706/model.pth
Model state saved to ./results/models/checkpoints/schrodinger/2025-08-14_12-09-24-434706/model_weights.pth
It: 10900, Loss: 5.498e-02, Loss_res: 3.137e-02,  Loss_bcs: 1.611e-02, Loss_ut_ics: 3.749e-03, lr: 1.000e-03, Time: 1.22e+02
Model state saved to ./results/models/checkpoints/schrodinger/2025-08-14_12-09-24-434706/model.pth
Model state saved to ./results/models/checkpoints/schrodinger/2025-08-14_12-09-24-434706/model_weights.pth
It: 11000, Loss: 3.230e-02, Loss_res: 9.515e-03,  Loss_bcs: 1.573e-02, Loss_ut_ics: 3.530e-03, lr: 1.000e-03, Time: 1.23e+02
Model state saved to ./results/models/checkpoints/schrodinger/2025-08-14_12-09-24-434706/model.pth
Model state saved to ./results/models/checkpoints/schrodinger/2025-08-14_12-09-24-434706/model_weights.pth
It: 11100, Loss: 3.973e-01, Loss_res: 3.722e-01,  Loss_bcs: 1.643e-02, Loss_ut_ics: 4.340e-03, lr: 1.000e-03, Time: 1.25e+02
Model state saved to ./results/models/checkpoints/schrodinger/2025-08-14_12-09-24-434706/model.pth
Model state saved to ./results/models/checkpoints/schrodinger/2025-08-14_12-09-24-434706/model_weights.pth
It: 11200, Loss: 2.424e-02, Loss_res: 1.777e-03,  Loss_bcs: 1.532e-02, Loss_ut_ics: 3.575e-03, lr: 1.000e-03, Time: 1.26e+02
Model state saved to ./results/models/checkpoints/schrodinger/2025-08-14_12-09-24-434706/model.pth
Model state saved to ./results/models/checkpoints/schrodinger/2025-08-14_12-09-24-434706/model_weights.pth
It: 11300, Loss: 2.500e-02, Loss_res: 2.961e-03,  Loss_bcs: 1.493e-02, Loss_ut_ics: 3.555e-03, lr: 1.000e-03, Time: 1.27e+02
Model state saved to ./results/models/checkpoints/schrodinger/2025-08-14_12-09-24-434706/model.pth
Model state saved to ./results/models/checkpoints/schrodinger/2025-08-14_12-09-24-434706/model_weights.pth
It: 11400, Loss: 2.329e-02, Loss_res: 1.931e-03,  Loss_bcs: 1.467e-02, Loss_ut_ics: 3.344e-03, lr: 1.000e-03, Time: 1.28e+02
Model state saved to ./results/models/checkpoints/schrodinger/2025-08-14_12-09-24-434706/model.pth
Model state saved to ./results/models/checkpoints/schrodinger/2025-08-14_12-09-24-434706/model_weights.pth
It: 11500, Loss: 2.456e-02, Loss_res: 3.366e-03,  Loss_bcs: 1.441e-02, Loss_ut_ics: 3.391e-03, lr: 1.000e-03, Time: 1.29e+02
Model state saved to ./results/models/checkpoints/schrodinger/2025-08-14_12-09-24-434706/model.pth
Model state saved to ./results/models/checkpoints/schrodinger/2025-08-14_12-09-24-434706/model_weights.pth
It: 11600, Loss: 2.269e-02, Loss_res: 1.888e-03,  Loss_bcs: 1.418e-02, Loss_ut_ics: 3.310e-03, lr: 1.000e-03, Time: 1.30e+02
Model state saved to ./results/models/checkpoints/schrodinger/2025-08-14_12-09-24-434706/model.pth
Model state saved to ./results/models/checkpoints/schrodinger/2025-08-14_12-09-24-434706/model_weights.pth
It: 11700, Loss: 2.210e-02, Loss_res: 1.842e-03,  Loss_bcs: 1.394e-02, Loss_ut_ics: 3.163e-03, lr: 1.000e-03, Time: 1.31e+02
Model state saved to ./results/models/checkpoints/schrodinger/2025-08-14_12-09-24-434706/model.pth
Model state saved to ./results/models/checkpoints/schrodinger/2025-08-14_12-09-24-434706/model_weights.pth
It: 11800, Loss: 2.509e-02, Loss_res: 4.456e-03,  Loss_bcs: 1.364e-02, Loss_ut_ics: 3.497e-03, lr: 1.000e-03, Time: 1.32e+02
Model state saved to ./results/models/checkpoints/schrodinger/2025-08-14_12-09-24-434706/model.pth
Model state saved to ./results/models/checkpoints/schrodinger/2025-08-14_12-09-24-434706/model_weights.pth
It: 11900, Loss: 2.206e-02, Loss_res: 1.971e-03,  Loss_bcs: 1.348e-02, Loss_ut_ics: 3.307e-03, lr: 1.000e-03, Time: 1.33e+02
Model state saved to ./results/models/checkpoints/schrodinger/2025-08-14_12-09-24-434706/model.pth
Model state saved to ./results/models/checkpoints/schrodinger/2025-08-14_12-09-24-434706/model_weights.pth
It: 12000, Loss: 2.958e-01, Loss_res: 2.760e-01,  Loss_bcs: 1.331e-02, Loss_ut_ics: 3.249e-03, lr: 1.000e-03, Time: 1.35e+02
Model state saved to ./results/models/checkpoints/schrodinger/2025-08-14_12-09-24-434706/model.pth
Model state saved to ./results/models/checkpoints/schrodinger/2025-08-14_12-09-24-434706/model_weights.pth
It: 12100, Loss: 2.038e-02, Loss_res: 1.710e-03,  Loss_bcs: 1.305e-02, Loss_ut_ics: 2.811e-03, lr: 1.000e-03, Time: 1.36e+02
Model state saved to ./results/models/checkpoints/schrodinger/2025-08-14_12-09-24-434706/model.pth
Model state saved to ./results/models/checkpoints/schrodinger/2025-08-14_12-09-24-434706/model_weights.pth
It: 12200, Loss: 2.745e-02, Loss_res: 8.889e-03,  Loss_bcs: 1.287e-02, Loss_ut_ics: 2.847e-03, lr: 1.000e-03, Time: 1.37e+02
Model state saved to ./results/models/checkpoints/schrodinger/2025-08-14_12-09-24-434706/model.pth
Model state saved to ./results/models/checkpoints/schrodinger/2025-08-14_12-09-24-434706/model_weights.pth
It: 12300, Loss: 2.079e-02, Loss_res: 2.558e-03,  Loss_bcs: 1.266e-02, Loss_ut_ics: 2.786e-03, lr: 1.000e-03, Time: 1.38e+02
Model state saved to ./results/models/checkpoints/schrodinger/2025-08-14_12-09-24-434706/model.pth
Model state saved to ./results/models/checkpoints/schrodinger/2025-08-14_12-09-24-434706/model_weights.pth
It: 12400, Loss: 5.070e-02, Loss_res: 3.270e-02,  Loss_bcs: 1.240e-02, Loss_ut_ics: 2.801e-03, lr: 1.000e-03, Time: 1.39e+02
Model state saved to ./results/models/checkpoints/schrodinger/2025-08-14_12-09-24-434706/model.pth
Model state saved to ./results/models/checkpoints/schrodinger/2025-08-14_12-09-24-434706/model_weights.pth
It: 12500, Loss: 1.977e-02, Loss_res: 2.065e-03,  Loss_bcs: 1.215e-02, Loss_ut_ics: 2.777e-03, lr: 1.000e-03, Time: 1.40e+02
Model state saved to ./results/models/checkpoints/schrodinger/2025-08-14_12-09-24-434706/model.pth
Model state saved to ./results/models/checkpoints/schrodinger/2025-08-14_12-09-24-434706/model_weights.pth
It: 12600, Loss: 1.888e-02, Loss_res: 1.389e-03,  Loss_bcs: 1.197e-02, Loss_ut_ics: 2.762e-03, lr: 1.000e-03, Time: 1.41e+02
Model state saved to ./results/models/checkpoints/schrodinger/2025-08-14_12-09-24-434706/model.pth
Model state saved to ./results/models/checkpoints/schrodinger/2025-08-14_12-09-24-434706/model_weights.pth
It: 12700, Loss: 1.899e-02, Loss_res: 1.765e-03,  Loss_bcs: 1.182e-02, Loss_ut_ics: 2.705e-03, lr: 1.000e-03, Time: 1.43e+02
Model state saved to ./results/models/checkpoints/schrodinger/2025-08-14_12-09-24-434706/model.pth
Model state saved to ./results/models/checkpoints/schrodinger/2025-08-14_12-09-24-434706/model_weights.pth
It: 12800, Loss: 1.891e-02, Loss_res: 2.241e-03,  Loss_bcs: 1.156e-02, Loss_ut_ics: 2.554e-03, lr: 1.000e-03, Time: 1.44e+02
Model state saved to ./results/models/checkpoints/schrodinger/2025-08-14_12-09-24-434706/model.pth
Model state saved to ./results/models/checkpoints/schrodinger/2025-08-14_12-09-24-434706/model_weights.pth
It: 12900, Loss: 2.395e-01, Loss_res: 2.220e-01,  Loss_bcs: 1.118e-02, Loss_ut_ics: 3.182e-03, lr: 1.000e-03, Time: 1.45e+02
Model state saved to ./results/models/checkpoints/schrodinger/2025-08-14_12-09-24-434706/model.pth
Model state saved to ./results/models/checkpoints/schrodinger/2025-08-14_12-09-24-434706/model_weights.pth
It: 13000, Loss: 3.489e-02, Loss_res: 1.879e-02,  Loss_bcs: 1.122e-02, Loss_ut_ics: 2.441e-03, lr: 1.000e-03, Time: 1.46e+02
Model state saved to ./results/models/checkpoints/schrodinger/2025-08-14_12-09-24-434706/model.pth
Model state saved to ./results/models/checkpoints/schrodinger/2025-08-14_12-09-24-434706/model_weights.pth
It: 13100, Loss: 4.131e-02, Loss_res: 2.521e-02,  Loss_bcs: 1.105e-02, Loss_ut_ics: 2.530e-03, lr: 1.000e-03, Time: 1.47e+02
Model state saved to ./results/models/checkpoints/schrodinger/2025-08-14_12-09-24-434706/model.pth
Model state saved to ./results/models/checkpoints/schrodinger/2025-08-14_12-09-24-434706/model_weights.pth
It: 13200, Loss: 1.034e-01, Loss_res: 8.736e-02,  Loss_bcs: 1.096e-02, Loss_ut_ics: 2.551e-03, lr: 1.000e-03, Time: 1.48e+02
Model state saved to ./results/models/checkpoints/schrodinger/2025-08-14_12-09-24-434706/model.pth
Model state saved to ./results/models/checkpoints/schrodinger/2025-08-14_12-09-24-434706/model_weights.pth
It: 13300, Loss: 1.752e-02, Loss_res: 2.106e-03,  Loss_bcs: 1.064e-02, Loss_ut_ics: 2.387e-03, lr: 1.000e-03, Time: 1.49e+02
Model state saved to ./results/models/checkpoints/schrodinger/2025-08-14_12-09-24-434706/model.pth
Model state saved to ./results/models/checkpoints/schrodinger/2025-08-14_12-09-24-434706/model_weights.pth
It: 13400, Loss: 5.337e-02, Loss_res: 3.792e-02,  Loss_bcs: 1.067e-02, Loss_ut_ics: 2.387e-03, lr: 1.000e-03, Time: 1.50e+02
Model state saved to ./results/models/checkpoints/schrodinger/2025-08-14_12-09-24-434706/model.pth
Model state saved to ./results/models/checkpoints/schrodinger/2025-08-14_12-09-24-434706/model_weights.pth
It: 13500, Loss: 2.500e-02, Loss_res: 1.008e-02,  Loss_bcs: 1.031e-02, Loss_ut_ics: 2.307e-03, lr: 1.000e-03, Time: 1.52e+02
Model state saved to ./results/models/checkpoints/schrodinger/2025-08-14_12-09-24-434706/model.pth
Model state saved to ./results/models/checkpoints/schrodinger/2025-08-14_12-09-24-434706/model_weights.pth
It: 13600, Loss: 1.609e-02, Loss_res: 1.415e-03,  Loss_bcs: 1.017e-02, Loss_ut_ics: 2.249e-03, lr: 1.000e-03, Time: 1.53e+02
Model state saved to ./results/models/checkpoints/schrodinger/2025-08-14_12-09-24-434706/model.pth
Model state saved to ./results/models/checkpoints/schrodinger/2025-08-14_12-09-24-434706/model_weights.pth
It: 13700, Loss: 3.607e-02, Loss_res: 2.109e-02,  Loss_bcs: 9.915e-03, Loss_ut_ics: 2.533e-03, lr: 1.000e-03, Time: 1.54e+02
Model state saved to ./results/models/checkpoints/schrodinger/2025-08-14_12-09-24-434706/model.pth
Model state saved to ./results/models/checkpoints/schrodinger/2025-08-14_12-09-24-434706/model_weights.pth
It: 13800, Loss: 3.454e-02, Loss_res: 2.012e-02,  Loss_bcs: 9.732e-03, Loss_ut_ics: 2.344e-03, lr: 1.000e-03, Time: 1.55e+02
Model state saved to ./results/models/checkpoints/schrodinger/2025-08-14_12-09-24-434706/model.pth
Model state saved to ./results/models/checkpoints/schrodinger/2025-08-14_12-09-24-434706/model_weights.pth
It: 13900, Loss: 1.690e-02, Loss_res: 2.847e-03,  Loss_bcs: 9.675e-03, Loss_ut_ics: 2.191e-03, lr: 1.000e-03, Time: 1.56e+02
Model state saved to ./results/models/checkpoints/schrodinger/2025-08-14_12-09-24-434706/model.pth
Model state saved to ./results/models/checkpoints/schrodinger/2025-08-14_12-09-24-434706/model_weights.pth
It: 14000, Loss: 1.572e-02, Loss_res: 1.603e-03,  Loss_bcs: 9.640e-03, Loss_ut_ics: 2.237e-03, lr: 1.000e-03, Time: 1.57e+02
Model state saved to ./results/models/checkpoints/schrodinger/2025-08-14_12-09-24-434706/model.pth
Model state saved to ./results/models/checkpoints/schrodinger/2025-08-14_12-09-24-434706/model_weights.pth
It: 14100, Loss: 1.500e-02, Loss_res: 1.407e-03,  Loss_bcs: 9.408e-03, Loss_ut_ics: 2.095e-03, lr: 1.000e-03, Time: 1.58e+02
Model state saved to ./results/models/checkpoints/schrodinger/2025-08-14_12-09-24-434706/model.pth
Model state saved to ./results/models/checkpoints/schrodinger/2025-08-14_12-09-24-434706/model_weights.pth
It: 14200, Loss: 1.597e-02, Loss_res: 2.663e-03,  Loss_bcs: 9.284e-03, Loss_ut_ics: 2.010e-03, lr: 1.000e-03, Time: 1.59e+02
Model state saved to ./results/models/checkpoints/schrodinger/2025-08-14_12-09-24-434706/model.pth
Model state saved to ./results/models/checkpoints/schrodinger/2025-08-14_12-09-24-434706/model_weights.pth
It: 14300, Loss: 2.248e-02, Loss_res: 8.956e-03,  Loss_bcs: 9.161e-03, Loss_ut_ics: 2.183e-03, lr: 1.000e-03, Time: 1.61e+02
Model state saved to ./results/models/checkpoints/schrodinger/2025-08-14_12-09-24-434706/model.pth
Model state saved to ./results/models/checkpoints/schrodinger/2025-08-14_12-09-24-434706/model_weights.pth
It: 14400, Loss: 1.901e-02, Loss_res: 5.973e-03,  Loss_bcs: 8.956e-03, Loss_ut_ics: 2.041e-03, lr: 1.000e-03, Time: 1.62e+02
Model state saved to ./results/models/checkpoints/schrodinger/2025-08-14_12-09-24-434706/model.pth
Model state saved to ./results/models/checkpoints/schrodinger/2025-08-14_12-09-24-434706/model_weights.pth
It: 14500, Loss: 1.433e-02, Loss_res: 1.405e-03,  Loss_bcs: 8.875e-03, Loss_ut_ics: 2.026e-03, lr: 1.000e-03, Time: 1.63e+02
Model state saved to ./results/models/checkpoints/schrodinger/2025-08-14_12-09-24-434706/model.pth
Model state saved to ./results/models/checkpoints/schrodinger/2025-08-14_12-09-24-434706/model_weights.pth
It: 14600, Loss: 1.412e-02, Loss_res: 1.238e-03,  Loss_bcs: 8.844e-03, Loss_ut_ics: 2.018e-03, lr: 1.000e-03, Time: 1.64e+02
Model state saved to ./results/models/checkpoints/schrodinger/2025-08-14_12-09-24-434706/model.pth
Model state saved to ./results/models/checkpoints/schrodinger/2025-08-14_12-09-24-434706/model_weights.pth
It: 14700, Loss: 1.473e-02, Loss_res: 2.139e-03,  Loss_bcs: 8.615e-03, Loss_ut_ics: 1.986e-03, lr: 1.000e-03, Time: 1.65e+02
Model state saved to ./results/models/checkpoints/schrodinger/2025-08-14_12-09-24-434706/model.pth
Model state saved to ./results/models/checkpoints/schrodinger/2025-08-14_12-09-24-434706/model_weights.pth
It: 14800, Loss: 1.384e-02, Loss_res: 1.450e-03,  Loss_bcs: 8.557e-03, Loss_ut_ics: 1.914e-03, lr: 1.000e-03, Time: 1.66e+02
Model state saved to ./results/models/checkpoints/schrodinger/2025-08-14_12-09-24-434706/model.pth
Model state saved to ./results/models/checkpoints/schrodinger/2025-08-14_12-09-24-434706/model_weights.pth
It: 14900, Loss: 1.401e-02, Loss_res: 1.879e-03,  Loss_bcs: 8.396e-03, Loss_ut_ics: 1.866e-03, lr: 1.000e-03, Time: 1.67e+02
Model state saved to ./results/models/checkpoints/schrodinger/2025-08-14_12-09-24-434706/model.pth
Model state saved to ./results/models/checkpoints/schrodinger/2025-08-14_12-09-24-434706/model_weights.pth
It: 15000, Loss: 4.306e-02, Loss_res: 3.074e-02,  Loss_bcs: 8.351e-03, Loss_ut_ics: 1.986e-03, lr: 1.000e-03, Time: 1.68e+02
Model state saved to ./results/models/checkpoints/schrodinger/2025-08-14_12-09-24-434706/model.pth
Model state saved to ./results/models/checkpoints/schrodinger/2025-08-14_12-09-24-434706/model_weights.pth
It: 15100, Loss: 1.365e-02, Loss_res: 1.577e-03,  Loss_bcs: 8.202e-03, Loss_ut_ics: 1.934e-03, lr: 1.000e-03, Time: 1.69e+02
Model state saved to ./results/models/checkpoints/schrodinger/2025-08-14_12-09-24-434706/model.pth
Model state saved to ./results/models/checkpoints/schrodinger/2025-08-14_12-09-24-434706/model_weights.pth
It: 15200, Loss: 1.346e-02, Loss_res: 1.543e-03,  Loss_bcs: 8.112e-03, Loss_ut_ics: 1.901e-03, lr: 1.000e-03, Time: 1.70e+02
Model state saved to ./results/models/checkpoints/schrodinger/2025-08-14_12-09-24-434706/model.pth
Model state saved to ./results/models/checkpoints/schrodinger/2025-08-14_12-09-24-434706/model_weights.pth
It: 15300, Loss: 1.405e-02, Loss_res: 2.010e-03,  Loss_bcs: 7.987e-03, Loss_ut_ics: 2.028e-03, lr: 1.000e-03, Time: 1.71e+02
Model state saved to ./results/models/checkpoints/schrodinger/2025-08-14_12-09-24-434706/model.pth
Model state saved to ./results/models/checkpoints/schrodinger/2025-08-14_12-09-24-434706/model_weights.pth
It: 15400, Loss: 1.961e-02, Loss_res: 7.754e-03,  Loss_bcs: 7.924e-03, Loss_ut_ics: 1.964e-03, lr: 1.000e-03, Time: 1.72e+02
Model state saved to ./results/models/checkpoints/schrodinger/2025-08-14_12-09-24-434706/model.pth
Model state saved to ./results/models/checkpoints/schrodinger/2025-08-14_12-09-24-434706/model_weights.pth
It: 15500, Loss: 1.663e-02, Loss_res: 5.091e-03,  Loss_bcs: 7.790e-03, Loss_ut_ics: 1.873e-03, lr: 1.000e-03, Time: 1.73e+02
Model state saved to ./results/models/checkpoints/schrodinger/2025-08-14_12-09-24-434706/model.pth
Model state saved to ./results/models/checkpoints/schrodinger/2025-08-14_12-09-24-434706/model_weights.pth
It: 15600, Loss: 1.458e-02, Loss_res: 3.205e-03,  Loss_bcs: 7.774e-03, Loss_ut_ics: 1.798e-03, lr: 1.000e-03, Time: 1.75e+02
Model state saved to ./results/models/checkpoints/schrodinger/2025-08-14_12-09-24-434706/model.pth
Model state saved to ./results/models/checkpoints/schrodinger/2025-08-14_12-09-24-434706/model_weights.pth
It: 15700, Loss: 1.246e-02, Loss_res: 1.332e-03,  Loss_bcs: 7.594e-03, Loss_ut_ics: 1.766e-03, lr: 1.000e-03, Time: 1.76e+02
Model state saved to ./results/models/checkpoints/schrodinger/2025-08-14_12-09-24-434706/model.pth
Model state saved to ./results/models/checkpoints/schrodinger/2025-08-14_12-09-24-434706/model_weights.pth
It: 15800, Loss: 1.212e-02, Loss_res: 1.106e-03,  Loss_bcs: 7.569e-03, Loss_ut_ics: 1.722e-03, lr: 1.000e-03, Time: 1.77e+02
Model state saved to ./results/models/checkpoints/schrodinger/2025-08-14_12-09-24-434706/model.pth
Model state saved to ./results/models/checkpoints/schrodinger/2025-08-14_12-09-24-434706/model_weights.pth
It: 15900, Loss: 1.380e-02, Loss_res: 2.808e-03,  Loss_bcs: 7.488e-03, Loss_ut_ics: 1.750e-03, lr: 1.000e-03, Time: 1.78e+02
Model state saved to ./results/models/checkpoints/schrodinger/2025-08-14_12-09-24-434706/model.pth
Model state saved to ./results/models/checkpoints/schrodinger/2025-08-14_12-09-24-434706/model_weights.pth
It: 16000, Loss: 1.619e-02, Loss_res: 5.300e-03,  Loss_bcs: 7.389e-03, Loss_ut_ics: 1.750e-03, lr: 1.000e-03, Time: 1.79e+02
Model state saved to ./results/models/checkpoints/schrodinger/2025-08-14_12-09-24-434706/model.pth
Model state saved to ./results/models/checkpoints/schrodinger/2025-08-14_12-09-24-434706/model_weights.pth
It: 16100, Loss: 1.442e-02, Loss_res: 3.792e-03,  Loss_bcs: 7.300e-03, Loss_ut_ics: 1.666e-03, lr: 1.000e-03, Time: 1.80e+02
Model state saved to ./results/models/checkpoints/schrodinger/2025-08-14_12-09-24-434706/model.pth
Model state saved to ./results/models/checkpoints/schrodinger/2025-08-14_12-09-24-434706/model_weights.pth
It: 16200, Loss: 7.555e-02, Loss_res: 6.448e-02,  Loss_bcs: 7.336e-03, Loss_ut_ics: 1.868e-03, lr: 1.000e-03, Time: 1.81e+02
Model state saved to ./results/models/checkpoints/schrodinger/2025-08-14_12-09-24-434706/model.pth
Model state saved to ./results/models/checkpoints/schrodinger/2025-08-14_12-09-24-434706/model_weights.pth
It: 16300, Loss: 1.225e-02, Loss_res: 1.599e-03,  Loss_bcs: 7.154e-03, Loss_ut_ics: 1.749e-03, lr: 1.000e-03, Time: 1.83e+02
Model state saved to ./results/models/checkpoints/schrodinger/2025-08-14_12-09-24-434706/model.pth
Model state saved to ./results/models/checkpoints/schrodinger/2025-08-14_12-09-24-434706/model_weights.pth
It: 16400, Loss: 1.369e-01, Loss_res: 1.265e-01,  Loss_bcs: 6.895e-03, Loss_ut_ics: 1.755e-03, lr: 1.000e-03, Time: 1.84e+02
Model state saved to ./results/models/checkpoints/schrodinger/2025-08-14_12-09-24-434706/model.pth
Model state saved to ./results/models/checkpoints/schrodinger/2025-08-14_12-09-24-434706/model_weights.pth
It: 16500, Loss: 2.321e-02, Loss_res: 1.274e-02,  Loss_bcs: 6.976e-03, Loss_ut_ics: 1.749e-03, lr: 1.000e-03, Time: 1.85e+02
Model state saved to ./results/models/checkpoints/schrodinger/2025-08-14_12-09-24-434706/model.pth
Model state saved to ./results/models/checkpoints/schrodinger/2025-08-14_12-09-24-434706/model_weights.pth
It: 16600, Loss: 1.124e-02, Loss_res: 1.031e-03,  Loss_bcs: 6.923e-03, Loss_ut_ics: 1.642e-03, lr: 1.000e-03, Time: 1.86e+02
Model state saved to ./results/models/checkpoints/schrodinger/2025-08-14_12-09-24-434706/model.pth
Model state saved to ./results/models/checkpoints/schrodinger/2025-08-14_12-09-24-434706/model_weights.pth
It: 16700, Loss: 1.312e-02, Loss_res: 2.845e-03,  Loss_bcs: 6.837e-03, Loss_ut_ics: 1.718e-03, lr: 1.000e-03, Time: 1.87e+02
Model state saved to ./results/models/checkpoints/schrodinger/2025-08-14_12-09-24-434706/model.pth
Model state saved to ./results/models/checkpoints/schrodinger/2025-08-14_12-09-24-434706/model_weights.pth
It: 16800, Loss: 2.435e-02, Loss_res: 1.383e-02,  Loss_bcs: 6.898e-03, Loss_ut_ics: 1.810e-03, lr: 1.000e-03, Time: 1.88e+02
Model state saved to ./results/models/checkpoints/schrodinger/2025-08-14_12-09-24-434706/model.pth
Model state saved to ./results/models/checkpoints/schrodinger/2025-08-14_12-09-24-434706/model_weights.pth
It: 16900, Loss: 1.189e-02, Loss_res: 1.843e-03,  Loss_bcs: 6.757e-03, Loss_ut_ics: 1.647e-03, lr: 1.000e-03, Time: 1.90e+02
Model state saved to ./results/models/checkpoints/schrodinger/2025-08-14_12-09-24-434706/model.pth
Model state saved to ./results/models/checkpoints/schrodinger/2025-08-14_12-09-24-434706/model_weights.pth
It: 17000, Loss: 1.008e-01, Loss_res: 9.069e-02,  Loss_bcs: 6.677e-03, Loss_ut_ics: 1.723e-03, lr: 1.000e-03, Time: 1.91e+02
Model state saved to ./results/models/checkpoints/schrodinger/2025-08-14_12-09-24-434706/model.pth
Model state saved to ./results/models/checkpoints/schrodinger/2025-08-14_12-09-24-434706/model_weights.pth
It: 17100, Loss: 1.525e-02, Loss_res: 5.228e-03,  Loss_bcs: 6.588e-03, Loss_ut_ics: 1.718e-03, lr: 1.000e-03, Time: 1.92e+02
Model state saved to ./results/models/checkpoints/schrodinger/2025-08-14_12-09-24-434706/model.pth
Model state saved to ./results/models/checkpoints/schrodinger/2025-08-14_12-09-24-434706/model_weights.pth
It: 17200, Loss: 3.597e-02, Loss_res: 2.596e-02,  Loss_bcs: 6.564e-03, Loss_ut_ics: 1.722e-03, lr: 1.000e-03, Time: 1.93e+02
Model state saved to ./results/models/checkpoints/schrodinger/2025-08-14_12-09-24-434706/model.pth
Model state saved to ./results/models/checkpoints/schrodinger/2025-08-14_12-09-24-434706/model_weights.pth
It: 17300, Loss: 1.189e-01, Loss_res: 1.088e-01,  Loss_bcs: 6.321e-03, Loss_ut_ics: 1.880e-03, lr: 1.000e-03, Time: 1.94e+02
Model state saved to ./results/models/checkpoints/schrodinger/2025-08-14_12-09-24-434706/model.pth
Model state saved to ./results/models/checkpoints/schrodinger/2025-08-14_12-09-24-434706/model_weights.pth
It: 17400, Loss: 1.089e-02, Loss_res: 1.383e-03,  Loss_bcs: 6.426e-03, Loss_ut_ics: 1.542e-03, lr: 1.000e-03, Time: 1.96e+02
Model state saved to ./results/models/checkpoints/schrodinger/2025-08-14_12-09-24-434706/model.pth
Model state saved to ./results/models/checkpoints/schrodinger/2025-08-14_12-09-24-434706/model_weights.pth
It: 17500, Loss: 1.154e-02, Loss_res: 2.014e-03,  Loss_bcs: 6.364e-03, Loss_ut_ics: 1.583e-03, lr: 1.000e-03, Time: 1.97e+02
Model state saved to ./results/models/checkpoints/schrodinger/2025-08-14_12-09-24-434706/model.pth
Model state saved to ./results/models/checkpoints/schrodinger/2025-08-14_12-09-24-434706/model_weights.pth
It: 17600, Loss: 2.493e-02, Loss_res: 1.556e-02,  Loss_bcs: 6.273e-03, Loss_ut_ics: 1.552e-03, lr: 1.000e-03, Time: 1.98e+02
Model state saved to ./results/models/checkpoints/schrodinger/2025-08-14_12-09-24-434706/model.pth
Model state saved to ./results/models/checkpoints/schrodinger/2025-08-14_12-09-24-434706/model_weights.pth
It: 17700, Loss: 1.192e-02, Loss_res: 2.680e-03,  Loss_bcs: 6.217e-03, Loss_ut_ics: 1.510e-03, lr: 1.000e-03, Time: 1.99e+02
Model state saved to ./results/models/checkpoints/schrodinger/2025-08-14_12-09-24-434706/model.pth
Model state saved to ./results/models/checkpoints/schrodinger/2025-08-14_12-09-24-434706/model_weights.pth
It: 17800, Loss: 6.487e-02, Loss_res: 5.439e-02,  Loss_bcs: 6.220e-03, Loss_ut_ics: 2.134e-03, lr: 1.000e-03, Time: 2.00e+02
Model state saved to ./results/models/checkpoints/schrodinger/2025-08-14_12-09-24-434706/model.pth
Model state saved to ./results/models/checkpoints/schrodinger/2025-08-14_12-09-24-434706/model_weights.pth
It: 17900, Loss: 1.103e-02, Loss_res: 1.922e-03,  Loss_bcs: 6.157e-03, Loss_ut_ics: 1.477e-03, lr: 1.000e-03, Time: 2.01e+02
Model state saved to ./results/models/checkpoints/schrodinger/2025-08-14_12-09-24-434706/model.pth
Model state saved to ./results/models/checkpoints/schrodinger/2025-08-14_12-09-24-434706/model_weights.pth
It: 18000, Loss: 1.524e-02, Loss_res: 5.893e-03,  Loss_bcs: 6.104e-03, Loss_ut_ics: 1.623e-03, lr: 1.000e-03, Time: 2.02e+02
Model state saved to ./results/models/checkpoints/schrodinger/2025-08-14_12-09-24-434706/model.pth
Model state saved to ./results/models/checkpoints/schrodinger/2025-08-14_12-09-24-434706/model_weights.pth
It: 18100, Loss: 2.863e-02, Loss_res: 1.942e-02,  Loss_bcs: 6.072e-03, Loss_ut_ics: 1.573e-03, lr: 1.000e-03, Time: 2.03e+02
Model state saved to ./results/models/checkpoints/schrodinger/2025-08-14_12-09-24-434706/model.pth
Model state saved to ./results/models/checkpoints/schrodinger/2025-08-14_12-09-24-434706/model_weights.pth
It: 18200, Loss: 1.043e-02, Loss_res: 1.436e-03,  Loss_bcs: 5.991e-03, Loss_ut_ics: 1.501e-03, lr: 1.000e-03, Time: 2.05e+02
Model state saved to ./results/models/checkpoints/schrodinger/2025-08-14_12-09-24-434706/model.pth
Model state saved to ./results/models/checkpoints/schrodinger/2025-08-14_12-09-24-434706/model_weights.pth
It: 18300, Loss: 9.916e-03, Loss_res: 9.558e-04,  Loss_bcs: 5.967e-03, Loss_ut_ics: 1.496e-03, lr: 1.000e-03, Time: 2.06e+02
Model state saved to ./results/models/checkpoints/schrodinger/2025-08-14_12-09-24-434706/model.pth
Model state saved to ./results/models/checkpoints/schrodinger/2025-08-14_12-09-24-434706/model_weights.pth
It: 18400, Loss: 1.010e-02, Loss_res: 1.046e-03,  Loss_bcs: 5.887e-03, Loss_ut_ics: 1.581e-03, lr: 1.000e-03, Time: 2.07e+02
Model state saved to ./results/models/checkpoints/schrodinger/2025-08-14_12-09-24-434706/model.pth
Model state saved to ./results/models/checkpoints/schrodinger/2025-08-14_12-09-24-434706/model_weights.pth
It: 18500, Loss: 9.919e-03, Loss_res: 9.682e-04,  Loss_bcs: 5.904e-03, Loss_ut_ics: 1.523e-03, lr: 1.000e-03, Time: 2.08e+02
Model state saved to ./results/models/checkpoints/schrodinger/2025-08-14_12-09-24-434706/model.pth
Model state saved to ./results/models/checkpoints/schrodinger/2025-08-14_12-09-24-434706/model_weights.pth
It: 18600, Loss: 1.148e-02, Loss_res: 2.651e-03,  Loss_bcs: 5.855e-03, Loss_ut_ics: 1.486e-03, lr: 1.000e-03, Time: 2.09e+02
Model state saved to ./results/models/checkpoints/schrodinger/2025-08-14_12-09-24-434706/model.pth
Model state saved to ./results/models/checkpoints/schrodinger/2025-08-14_12-09-24-434706/model_weights.pth
It: 18700, Loss: 1.019e-02, Loss_res: 1.464e-03,  Loss_bcs: 5.777e-03, Loss_ut_ics: 1.476e-03, lr: 1.000e-03, Time: 2.10e+02
Model state saved to ./results/models/checkpoints/schrodinger/2025-08-14_12-09-24-434706/model.pth
Model state saved to ./results/models/checkpoints/schrodinger/2025-08-14_12-09-24-434706/model_weights.pth
It: 18800, Loss: 1.418e-02, Loss_res: 5.350e-03,  Loss_bcs: 5.741e-03, Loss_ut_ics: 1.545e-03, lr: 1.000e-03, Time: 2.11e+02
Model state saved to ./results/models/checkpoints/schrodinger/2025-08-14_12-09-24-434706/model.pth
Model state saved to ./results/models/checkpoints/schrodinger/2025-08-14_12-09-24-434706/model_weights.pth
It: 18900, Loss: 1.006e-02, Loss_res: 1.394e-03,  Loss_bcs: 5.700e-03, Loss_ut_ics: 1.485e-03, lr: 1.000e-03, Time: 2.12e+02
Model state saved to ./results/models/checkpoints/schrodinger/2025-08-14_12-09-24-434706/model.pth
Model state saved to ./results/models/checkpoints/schrodinger/2025-08-14_12-09-24-434706/model_weights.pth
It: 19000, Loss: 2.556e-02, Loss_res: 1.677e-02,  Loss_bcs: 5.585e-03, Loss_ut_ics: 1.602e-03, lr: 1.000e-03, Time: 2.13e+02
Model state saved to ./results/models/checkpoints/schrodinger/2025-08-14_12-09-24-434706/model.pth
Model state saved to ./results/models/checkpoints/schrodinger/2025-08-14_12-09-24-434706/model_weights.pth
It: 19100, Loss: 1.797e-02, Loss_res: 9.204e-03,  Loss_bcs: 5.559e-03, Loss_ut_ics: 1.605e-03, lr: 1.000e-03, Time: 2.14e+02
Model state saved to ./results/models/checkpoints/schrodinger/2025-08-14_12-09-24-434706/model.pth
Model state saved to ./results/models/checkpoints/schrodinger/2025-08-14_12-09-24-434706/model_weights.pth
It: 19200, Loss: 1.173e-02, Loss_res: 3.206e-03,  Loss_bcs: 5.637e-03, Loss_ut_ics: 1.442e-03, lr: 1.000e-03, Time: 2.15e+02
Model state saved to ./results/models/checkpoints/schrodinger/2025-08-14_12-09-24-434706/model.pth
Model state saved to ./results/models/checkpoints/schrodinger/2025-08-14_12-09-24-434706/model_weights.pth
It: 19300, Loss: 1.028e-02, Loss_res: 1.683e-03,  Loss_bcs: 5.554e-03, Loss_ut_ics: 1.523e-03, lr: 1.000e-03, Time: 2.16e+02
Model state saved to ./results/models/checkpoints/schrodinger/2025-08-14_12-09-24-434706/model.pth
Model state saved to ./results/models/checkpoints/schrodinger/2025-08-14_12-09-24-434706/model_weights.pth
It: 19400, Loss: 2.027e-02, Loss_res: 1.178e-02,  Loss_bcs: 5.458e-03, Loss_ut_ics: 1.519e-03, lr: 1.000e-03, Time: 2.18e+02
Model state saved to ./results/models/checkpoints/schrodinger/2025-08-14_12-09-24-434706/model.pth
Model state saved to ./results/models/checkpoints/schrodinger/2025-08-14_12-09-24-434706/model_weights.pth
It: 19500, Loss: 1.487e-02, Loss_res: 6.526e-03,  Loss_bcs: 5.434e-03, Loss_ut_ics: 1.453e-03, lr: 1.000e-03, Time: 2.19e+02
Model state saved to ./results/models/checkpoints/schrodinger/2025-08-14_12-09-24-434706/model.pth
Model state saved to ./results/models/checkpoints/schrodinger/2025-08-14_12-09-24-434706/model_weights.pth
It: 19600, Loss: 3.569e-02, Loss_res: 2.687e-02,  Loss_bcs: 5.450e-03, Loss_ut_ics: 1.685e-03, lr: 1.000e-03, Time: 2.20e+02
Model state saved to ./results/models/checkpoints/schrodinger/2025-08-14_12-09-24-434706/model.pth
Model state saved to ./results/models/checkpoints/schrodinger/2025-08-14_12-09-24-434706/model_weights.pth
It: 19700, Loss: 2.272e-02, Loss_res: 1.415e-02,  Loss_bcs: 5.421e-03, Loss_ut_ics: 1.575e-03, lr: 1.000e-03, Time: 2.21e+02
Model state saved to ./results/models/checkpoints/schrodinger/2025-08-14_12-09-24-434706/model.pth
Model state saved to ./results/models/checkpoints/schrodinger/2025-08-14_12-09-24-434706/model_weights.pth
It: 19800, Loss: 1.182e-02, Loss_res: 3.461e-03,  Loss_bcs: 5.341e-03, Loss_ut_ics: 1.508e-03, lr: 1.000e-03, Time: 2.22e+02
Model state saved to ./results/models/checkpoints/schrodinger/2025-08-14_12-09-24-434706/model.pth
Model state saved to ./results/models/checkpoints/schrodinger/2025-08-14_12-09-24-434706/model_weights.pth
It: 19900, Loss: 9.759e-03, Loss_res: 1.503e-03,  Loss_bcs: 5.390e-03, Loss_ut_ics: 1.433e-03, lr: 1.000e-03, Time: 2.23e+02
Model state saved to ./results/models/checkpoints/schrodinger/2025-08-14_12-09-24-434706/model.pth
Model state saved to ./results/models/checkpoints/schrodinger/2025-08-14_12-09-24-434706/model_weights.pth
It: 20000, Loss: 1.663e-02, Loss_res: 8.492e-03,  Loss_bcs: 5.298e-03, Loss_ut_ics: 1.420e-03, lr: 1.000e-03, Time: 2.24e+02
Model state saved to ./results/models/checkpoints/schrodinger/2025-08-14_12-09-24-434706/model.pth
Model state saved to ./results/models/checkpoints/schrodinger/2025-08-14_12-09-24-434706/model_weights.pth
