INFO:src.utils.logger:It: 1, Loss: 2.556e+02, Loss_res: 6.403e+01,  Loss_bcs: 9.477e-01, Loss_ut_ics: 7.080e-01, Loss_norm: 4.208e+01, Loss_gauge: 0.000e+00, w_pde: 3.33e-03, L^2_error: 1.463e+00, lr: 1.000e-03, Time: 1.30e-01
INFO:src.utils.logger:Model state saved to results\ho\Classical\20260224-145843_seed0_pinn_2-64-64-64-64-2\checkpoints\2026-02-24_14-58-43-736031_ho_Classical_seed0\model.pth
INFO:src.utils.logger:Model weights saved to results\ho\Classical\20260224-145843_seed0_pinn_2-64-64-64-64-2\checkpoints\2026-02-24_14-58-43-736031_ho_Classical_seed0\model_weights.pth
INFO:src.utils.logger:It: 10, Loss: 1.473e+01, Loss_res: 2.556e+00,  Loss_bcs: 3.170e-02, Loss_ut_ics: 4.834e-02, Loss_norm: 1.138e-01, Loss_gauge: 0.000e+00, w_pde: 3.33e-02, L^2_error: 9.323e-01, lr: 1.000e-03, Time: 9.31e-01
INFO:src.utils.logger:Model state saved to results\ho\Classical\20260224-145843_seed0_pinn_2-64-64-64-64-2\checkpoints\2026-02-24_14-58-43-736031_ho_Classical_seed0\model.pth
INFO:src.utils.logger:Model weights saved to results\ho\Classical\20260224-145843_seed0_pinn_2-64-64-64-64-2\checkpoints\2026-02-24_14-58-43-736031_ho_Classical_seed0\model_weights.pth
INFO:src.utils.logger:It: 20, Loss: 1.344e+01, Loss_res: 1.958e+00,  Loss_bcs: 3.183e-02, Loss_ut_ics: 4.365e-02, Loss_norm: 1.863e-01, Loss_gauge: 0.000e+00, w_pde: 6.67e-02, L^2_error: 7.989e-01, lr: 1.000e-03, Time: 1.62e+00
INFO:src.utils.logger:Model state saved to results\ho\Classical\20260224-145843_seed0_pinn_2-64-64-64-64-2\checkpoints\2026-02-24_14-58-43-736031_ho_Classical_seed0\model.pth
INFO:src.utils.logger:Model weights saved to results\ho\Classical\20260224-145843_seed0_pinn_2-64-64-64-64-2\checkpoints\2026-02-24_14-58-43-736031_ho_Classical_seed0\model_weights.pth
INFO:src.utils.logger:It: 30, Loss: 1.001e+01, Loss_res: 7.277e-01,  Loss_bcs: 8.938e-03, Loss_ut_ics: 3.206e-02, Loss_norm: 3.061e-01, Loss_gauge: 0.000e+00, w_pde: 1.00e-01, L^2_error: 6.410e-01, lr: 1.000e-03, Time: 2.27e+00
INFO:src.utils.logger:Model state saved to results\ho\Classical\20260224-145843_seed0_pinn_2-64-64-64-64-2\checkpoints\2026-02-24_14-58-43-736031_ho_Classical_seed0\model.pth
INFO:src.utils.logger:Model weights saved to results\ho\Classical\20260224-145843_seed0_pinn_2-64-64-64-64-2\checkpoints\2026-02-24_14-58-43-736031_ho_Classical_seed0\model_weights.pth
INFO:src.utils.logger:It: 40, Loss: 6.630e+00, Loss_res: 7.671e-01,  Loss_bcs: 9.445e-03, Loss_ut_ics: 2.143e-02, Loss_norm: 8.873e-02, Loss_gauge: 0.000e+00, w_pde: 1.33e-01, L^2_error: 5.045e-01, lr: 1.000e-03, Time: 2.93e+00
INFO:src.utils.logger:Model state saved to results\ho\Classical\20260224-145843_seed0_pinn_2-64-64-64-64-2\checkpoints\2026-02-24_14-58-43-736031_ho_Classical_seed0\model.pth
INFO:src.utils.logger:Model weights saved to results\ho\Classical\20260224-145843_seed0_pinn_2-64-64-64-64-2\checkpoints\2026-02-24_14-58-43-736031_ho_Classical_seed0\model_weights.pth
INFO:src.utils.logger:It: 50, Loss: 3.733e+00, Loss_res: 2.002e-01,  Loss_bcs: 2.133e-03, Loss_ut_ics: 1.204e-02, Loss_norm: 8.469e-02, Loss_gauge: 0.000e+00, w_pde: 1.67e-01, L^2_error: 3.515e-01, lr: 1.000e-03, Time: 3.62e+00
INFO:src.utils.logger:Model state saved to results\ho\Classical\20260224-145843_seed0_pinn_2-64-64-64-64-2\checkpoints\2026-02-24_14-58-43-736031_ho_Classical_seed0\model.pth
INFO:src.utils.logger:Model weights saved to results\ho\Classical\20260224-145843_seed0_pinn_2-64-64-64-64-2\checkpoints\2026-02-24_14-58-43-736031_ho_Classical_seed0\model_weights.pth
INFO:src.utils.logger:It: 60, Loss: 1.921e+00, Loss_res: 1.932e-01,  Loss_bcs: 3.061e-03, Loss_ut_ics: 6.228e-03, Loss_norm: 1.116e-02, Loss_gauge: 0.000e+00, w_pde: 2.00e-01, L^2_error: 2.807e-01, lr: 1.000e-03, Time: 4.26e+00
INFO:src.utils.logger:Model state saved to results\ho\Classical\20260224-145843_seed0_pinn_2-64-64-64-64-2\checkpoints\2026-02-24_14-58-43-736031_ho_Classical_seed0\model.pth
INFO:src.utils.logger:Model weights saved to results\ho\Classical\20260224-145843_seed0_pinn_2-64-64-64-64-2\checkpoints\2026-02-24_14-58-43-736031_ho_Classical_seed0\model_weights.pth
INFO:src.utils.logger:It: 70, Loss: 1.334e+00, Loss_res: 2.623e-01,  Loss_bcs: 6.594e-03, Loss_ut_ics: 4.177e-03, Loss_norm: 1.305e-02, Loss_gauge: 0.000e+00, w_pde: 2.33e-01, L^2_error: 2.429e-01, lr: 1.000e-03, Time: 4.94e+00
INFO:src.utils.logger:Model state saved to results\ho\Classical\20260224-145843_seed0_pinn_2-64-64-64-64-2\checkpoints\2026-02-24_14-58-43-736031_ho_Classical_seed0\model.pth
INFO:src.utils.logger:Model weights saved to results\ho\Classical\20260224-145843_seed0_pinn_2-64-64-64-64-2\checkpoints\2026-02-24_14-58-43-736031_ho_Classical_seed0\model_weights.pth
INFO:src.utils.logger:It: 80, Loss: 1.171e+00, Loss_res: 2.785e-01,  Loss_bcs: 6.751e-03, Loss_ut_ics: 3.597e-03, Loss_norm: 1.040e-02, Loss_gauge: 0.000e+00, w_pde: 2.67e-01, L^2_error: 2.198e-01, lr: 1.000e-03, Time: 5.66e+00
INFO:src.utils.logger:Model state saved to results\ho\Classical\20260224-145843_seed0_pinn_2-64-64-64-64-2\checkpoints\2026-02-24_14-58-43-736031_ho_Classical_seed0\model.pth
INFO:src.utils.logger:Model weights saved to results\ho\Classical\20260224-145843_seed0_pinn_2-64-64-64-64-2\checkpoints\2026-02-24_14-58-43-736031_ho_Classical_seed0\model_weights.pth
INFO:src.utils.logger:It: 90, Loss: 9.428e-01, Loss_res: 1.923e-01,  Loss_bcs: 4.582e-03, Loss_ut_ics: 2.931e-03, Loss_norm: 1.370e-03, Loss_gauge: 0.000e+00, w_pde: 3.00e-01, L^2_error: 1.914e-01, lr: 1.000e-03, Time: 6.33e+00
INFO:src.utils.logger:Model state saved to results\ho\Classical\20260224-145843_seed0_pinn_2-64-64-64-64-2\checkpoints\2026-02-24_14-58-43-736031_ho_Classical_seed0\model.pth
INFO:src.utils.logger:Model weights saved to results\ho\Classical\20260224-145843_seed0_pinn_2-64-64-64-64-2\checkpoints\2026-02-24_14-58-43-736031_ho_Classical_seed0\model_weights.pth
INFO:src.utils.logger:It: 100, Loss: 7.589e-01, Loss_res: 1.129e-01,  Loss_bcs: 3.020e-03, Loss_ut_ics: 2.390e-03, Loss_norm: 1.161e-03, Loss_gauge: 0.000e+00, w_pde: 3.33e-01, L^2_error: 1.723e-01, lr: 1.000e-03, Time: 7.03e+00
INFO:src.utils.logger:Model state saved to results\ho\Classical\20260224-145843_seed0_pinn_2-64-64-64-64-2\checkpoints\2026-02-24_14-58-43-736031_ho_Classical_seed0\model.pth
INFO:src.utils.logger:Model weights saved to results\ho\Classical\20260224-145843_seed0_pinn_2-64-64-64-64-2\checkpoints\2026-02-24_14-58-43-736031_ho_Classical_seed0\model_weights.pth
INFO:src.utils.logger:It: 110, Loss: 6.333e-01, Loss_res: 9.900e-02,  Loss_bcs: 2.216e-03, Loss_ut_ics: 1.979e-03, Loss_norm: 1.140e-03, Loss_gauge: 0.000e+00, w_pde: 3.67e-01, L^2_error: 1.591e-01, lr: 1.000e-03, Time: 7.64e+00
INFO:src.utils.logger:Model state saved to results\ho\Classical\20260224-145843_seed0_pinn_2-64-64-64-64-2\checkpoints\2026-02-24_14-58-43-736031_ho_Classical_seed0\model.pth
INFO:src.utils.logger:Model weights saved to results\ho\Classical\20260224-145843_seed0_pinn_2-64-64-64-64-2\checkpoints\2026-02-24_14-58-43-736031_ho_Classical_seed0\model_weights.pth
INFO:src.utils.logger:It: 120, Loss: 5.181e-01, Loss_res: 9.033e-02,  Loss_bcs: 1.857e-03, Loss_ut_ics: 1.598e-03, Loss_norm: 5.833e-04, Loss_gauge: 0.000e+00, w_pde: 4.00e-01, L^2_error: 1.469e-01, lr: 1.000e-03, Time: 8.36e+00
INFO:src.utils.logger:Model state saved to results\ho\Classical\20260224-145843_seed0_pinn_2-64-64-64-64-2\checkpoints\2026-02-24_14-58-43-736031_ho_Classical_seed0\model.pth
INFO:src.utils.logger:Model weights saved to results\ho\Classical\20260224-145843_seed0_pinn_2-64-64-64-64-2\checkpoints\2026-02-24_14-58-43-736031_ho_Classical_seed0\model_weights.pth
INFO:src.utils.logger:It: 130, Loss: 4.231e-01, Loss_res: 7.108e-02,  Loss_bcs: 1.508e-03, Loss_ut_ics: 1.302e-03, Loss_norm: 3.714e-04, Loss_gauge: 0.000e+00, w_pde: 4.33e-01, L^2_error: 1.357e-01, lr: 1.000e-03, Time: 9.00e+00
INFO:src.utils.logger:Model state saved to results\ho\Classical\20260224-145843_seed0_pinn_2-64-64-64-64-2\checkpoints\2026-02-24_14-58-43-736031_ho_Classical_seed0\model.pth
INFO:src.utils.logger:Model weights saved to results\ho\Classical\20260224-145843_seed0_pinn_2-64-64-64-64-2\checkpoints\2026-02-24_14-58-43-736031_ho_Classical_seed0\model_weights.pth
INFO:src.utils.logger:It: 140, Loss: 3.535e-01, Loss_res: 6.254e-02,  Loss_bcs: 1.243e-03, Loss_ut_ics: 1.076e-03, Loss_norm: 2.524e-04, Loss_gauge: 0.000e+00, w_pde: 4.67e-01, L^2_error: 1.271e-01, lr: 1.000e-03, Time: 9.62e+00
INFO:src.utils.logger:Model state saved to results\ho\Classical\20260224-145843_seed0_pinn_2-64-64-64-64-2\checkpoints\2026-02-24_14-58-43-736031_ho_Classical_seed0\model.pth
INFO:src.utils.logger:Model weights saved to results\ho\Classical\20260224-145843_seed0_pinn_2-64-64-64-64-2\checkpoints\2026-02-24_14-58-43-736031_ho_Classical_seed0\model_weights.pth
INFO:src.utils.logger:It: 150, Loss: 2.922e-01, Loss_res: 4.206e-02,  Loss_bcs: 9.434e-04, Loss_ut_ics: 9.002e-04, Loss_norm: 2.020e-04, Loss_gauge: 0.000e+00, w_pde: 5.00e-01, L^2_error: 1.193e-01, lr: 1.000e-03, Time: 1.02e+01
INFO:src.utils.logger:Model state saved to results\ho\Classical\20260224-145843_seed0_pinn_2-64-64-64-64-2\checkpoints\2026-02-24_14-58-43-736031_ho_Classical_seed0\model.pth
INFO:src.utils.logger:Model weights saved to results\ho\Classical\20260224-145843_seed0_pinn_2-64-64-64-64-2\checkpoints\2026-02-24_14-58-43-736031_ho_Classical_seed0\model_weights.pth
INFO:src.utils.logger:It: 160, Loss: 2.524e-01, Loss_res: 3.790e-02,  Loss_bcs: 6.984e-04, Loss_ut_ics: 7.712e-04, Loss_norm: 1.446e-04, Loss_gauge: 0.000e+00, w_pde: 5.33e-01, L^2_error: 1.127e-01, lr: 1.000e-03, Time: 1.08e+01
INFO:src.utils.logger:Model state saved to results\ho\Classical\20260224-145843_seed0_pinn_2-64-64-64-64-2\checkpoints\2026-02-24_14-58-43-736031_ho_Classical_seed0\model.pth
INFO:src.utils.logger:Model weights saved to results\ho\Classical\20260224-145843_seed0_pinn_2-64-64-64-64-2\checkpoints\2026-02-24_14-58-43-736031_ho_Classical_seed0\model_weights.pth
INFO:src.utils.logger:It: 170, Loss: 2.221e-01, Loss_res: 3.352e-02,  Loss_bcs: 6.109e-04, Loss_ut_ics: 6.747e-04, Loss_norm: 1.154e-04, Loss_gauge: 0.000e+00, w_pde: 5.67e-01, L^2_error: 1.066e-01, lr: 1.000e-03, Time: 1.14e+01
INFO:src.utils.logger:Model state saved to results\ho\Classical\20260224-145843_seed0_pinn_2-64-64-64-64-2\checkpoints\2026-02-24_14-58-43-736031_ho_Classical_seed0\model.pth
INFO:src.utils.logger:Model weights saved to results\ho\Classical\20260224-145843_seed0_pinn_2-64-64-64-64-2\checkpoints\2026-02-24_14-58-43-736031_ho_Classical_seed0\model_weights.pth
INFO:src.utils.logger:It: 180, Loss: 2.005e-01, Loss_res: 3.087e-02,  Loss_bcs: 4.840e-04, Loss_ut_ics: 6.047e-04, Loss_norm: 1.115e-04, Loss_gauge: 0.000e+00, w_pde: 6.00e-01, L^2_error: 1.021e-01, lr: 1.000e-03, Time: 1.19e+01
INFO:src.utils.logger:Model state saved to results\ho\Classical\20260224-145843_seed0_pinn_2-64-64-64-64-2\checkpoints\2026-02-24_14-58-43-736031_ho_Classical_seed0\model.pth
INFO:src.utils.logger:Model weights saved to results\ho\Classical\20260224-145843_seed0_pinn_2-64-64-64-64-2\checkpoints\2026-02-24_14-58-43-736031_ho_Classical_seed0\model_weights.pth
INFO:src.utils.logger:It: 190, Loss: 1.828e-01, Loss_res: 2.569e-02,  Loss_bcs: 3.648e-04, Loss_ut_ics: 5.535e-04, Loss_norm: 1.262e-04, Loss_gauge: 0.000e+00, w_pde: 6.33e-01, L^2_error: 9.840e-02, lr: 1.000e-03, Time: 1.25e+01
INFO:src.utils.logger:Model state saved to results\ho\Classical\20260224-145843_seed0_pinn_2-64-64-64-64-2\checkpoints\2026-02-24_14-58-43-736031_ho_Classical_seed0\model.pth
INFO:src.utils.logger:Model weights saved to results\ho\Classical\20260224-145843_seed0_pinn_2-64-64-64-64-2\checkpoints\2026-02-24_14-58-43-736031_ho_Classical_seed0\model_weights.pth
INFO:src.utils.logger:It: 200, Loss: 1.718e-01, Loss_res: 2.542e-02,  Loss_bcs: 3.184e-04, Loss_ut_ics: 5.148e-04, Loss_norm: 1.355e-04, Loss_gauge: 0.000e+00, w_pde: 6.67e-01, L^2_error: 9.518e-02, lr: 1.000e-03, Time: 1.30e+01
INFO:src.utils.logger:Model state saved to results\ho\Classical\20260224-145843_seed0_pinn_2-64-64-64-64-2\checkpoints\2026-02-24_14-58-43-736031_ho_Classical_seed0\model.pth
INFO:src.utils.logger:Model weights saved to results\ho\Classical\20260224-145843_seed0_pinn_2-64-64-64-64-2\checkpoints\2026-02-24_14-58-43-736031_ho_Classical_seed0\model_weights.pth
INFO:src.utils.logger:It: 210, Loss: 1.599e-01, Loss_res: 2.018e-02,  Loss_bcs: 2.650e-04, Loss_ut_ics: 4.847e-04, Loss_norm: 1.174e-04, Loss_gauge: 0.000e+00, w_pde: 7.00e-01, L^2_error: 9.236e-02, lr: 1.000e-03, Time: 1.36e+01
INFO:src.utils.logger:Model state saved to results\ho\Classical\20260224-145843_seed0_pinn_2-64-64-64-64-2\checkpoints\2026-02-24_14-58-43-736031_ho_Classical_seed0\model.pth
INFO:src.utils.logger:Model weights saved to results\ho\Classical\20260224-145843_seed0_pinn_2-64-64-64-64-2\checkpoints\2026-02-24_14-58-43-736031_ho_Classical_seed0\model_weights.pth
INFO:src.utils.logger:It: 220, Loss: 1.507e-01, Loss_res: 1.664e-02,  Loss_bcs: 2.112e-04, Loss_ut_ics: 4.605e-04, Loss_norm: 1.092e-04, Loss_gauge: 0.000e+00, w_pde: 7.33e-01, L^2_error: 8.992e-02, lr: 1.000e-03, Time: 1.41e+01
INFO:src.utils.logger:Model state saved to results\ho\Classical\20260224-145843_seed0_pinn_2-64-64-64-64-2\checkpoints\2026-02-24_14-58-43-736031_ho_Classical_seed0\model.pth
INFO:src.utils.logger:Model weights saved to results\ho\Classical\20260224-145843_seed0_pinn_2-64-64-64-64-2\checkpoints\2026-02-24_14-58-43-736031_ho_Classical_seed0\model_weights.pth
INFO:src.utils.logger:It: 230, Loss: 1.447e-01, Loss_res: 1.624e-02,  Loss_bcs: 1.876e-04, Loss_ut_ics: 4.396e-04, Loss_norm: 1.380e-04, Loss_gauge: 0.000e+00, w_pde: 7.67e-01, L^2_error: 8.707e-02, lr: 1.000e-03, Time: 1.48e+01
INFO:src.utils.logger:Model state saved to results\ho\Classical\20260224-145843_seed0_pinn_2-64-64-64-64-2\checkpoints\2026-02-24_14-58-43-736031_ho_Classical_seed0\model.pth
INFO:src.utils.logger:Model weights saved to results\ho\Classical\20260224-145843_seed0_pinn_2-64-64-64-64-2\checkpoints\2026-02-24_14-58-43-736031_ho_Classical_seed0\model_weights.pth
INFO:src.utils.logger:It: 240, Loss: 1.385e-01, Loss_res: 1.488e-02,  Loss_bcs: 1.664e-04, Loss_ut_ics: 4.208e-04, Loss_norm: 1.670e-04, Loss_gauge: 0.000e+00, w_pde: 8.00e-01, L^2_error: 8.436e-02, lr: 1.000e-03, Time: 1.53e+01
INFO:src.utils.logger:Model state saved to results\ho\Classical\20260224-145843_seed0_pinn_2-64-64-64-64-2\checkpoints\2026-02-24_14-58-43-736031_ho_Classical_seed0\model.pth
INFO:src.utils.logger:Model weights saved to results\ho\Classical\20260224-145843_seed0_pinn_2-64-64-64-64-2\checkpoints\2026-02-24_14-58-43-736031_ho_Classical_seed0\model_weights.pth
INFO:src.utils.logger:It: 250, Loss: 1.346e-01, Loss_res: 1.572e-02,  Loss_bcs: 1.543e-04, Loss_ut_ics: 4.040e-04, Loss_norm: 1.391e-04, Loss_gauge: 0.000e+00, w_pde: 8.33e-01, L^2_error: 8.198e-02, lr: 1.000e-03, Time: 1.60e+01
INFO:src.utils.logger:Model state saved to results\ho\Classical\20260224-145843_seed0_pinn_2-64-64-64-64-2\checkpoints\2026-02-24_14-58-43-736031_ho_Classical_seed0\model.pth
INFO:src.utils.logger:Model weights saved to results\ho\Classical\20260224-145843_seed0_pinn_2-64-64-64-64-2\checkpoints\2026-02-24_14-58-43-736031_ho_Classical_seed0\model_weights.pth
INFO:src.utils.logger:It: 260, Loss: 1.296e-01, Loss_res: 1.477e-02,  Loss_bcs: 1.364e-04, Loss_ut_ics: 3.884e-04, Loss_norm: 1.157e-04, Loss_gauge: 0.000e+00, w_pde: 8.67e-01, L^2_error: 7.969e-02, lr: 1.000e-03, Time: 1.65e+01
INFO:src.utils.logger:Model state saved to results\ho\Classical\20260224-145843_seed0_pinn_2-64-64-64-64-2\checkpoints\2026-02-24_14-58-43-736031_ho_Classical_seed0\model.pth
INFO:src.utils.logger:Model weights saved to results\ho\Classical\20260224-145843_seed0_pinn_2-64-64-64-64-2\checkpoints\2026-02-24_14-58-43-736031_ho_Classical_seed0\model_weights.pth
INFO:src.utils.logger:It: 270, Loss: 1.239e-01, Loss_res: 1.312e-02,  Loss_bcs: 1.067e-04, Loss_ut_ics: 3.728e-04, Loss_norm: 1.198e-04, Loss_gauge: 0.000e+00, w_pde: 9.00e-01, L^2_error: 7.732e-02, lr: 1.000e-03, Time: 1.71e+01
INFO:src.utils.logger:Model state saved to results\ho\Classical\20260224-145843_seed0_pinn_2-64-64-64-64-2\checkpoints\2026-02-24_14-58-43-736031_ho_Classical_seed0\model.pth
INFO:src.utils.logger:Model weights saved to results\ho\Classical\20260224-145843_seed0_pinn_2-64-64-64-64-2\checkpoints\2026-02-24_14-58-43-736031_ho_Classical_seed0\model_weights.pth
INFO:src.utils.logger:It: 280, Loss: 1.177e-01, Loss_res: 1.075e-02,  Loss_bcs: 1.078e-04, Loss_ut_ics: 3.582e-04, Loss_norm: 1.128e-04, Loss_gauge: 0.000e+00, w_pde: 9.33e-01, L^2_error: 7.516e-02, lr: 1.000e-03, Time: 1.79e+01
INFO:src.utils.logger:Model state saved to results\ho\Classical\20260224-145843_seed0_pinn_2-64-64-64-64-2\checkpoints\2026-02-24_14-58-43-736031_ho_Classical_seed0\model.pth
INFO:src.utils.logger:Model weights saved to results\ho\Classical\20260224-145843_seed0_pinn_2-64-64-64-64-2\checkpoints\2026-02-24_14-58-43-736031_ho_Classical_seed0\model_weights.pth
INFO:src.utils.logger:It: 290, Loss: 1.149e-01, Loss_res: 1.187e-02,  Loss_bcs: 9.301e-05, Loss_ut_ics: 3.440e-04, Loss_norm: 1.032e-04, Loss_gauge: 0.000e+00, w_pde: 9.67e-01, L^2_error: 7.305e-02, lr: 1.000e-03, Time: 1.85e+01
INFO:src.utils.logger:Model state saved to results\ho\Classical\20260224-145843_seed0_pinn_2-64-64-64-64-2\checkpoints\2026-02-24_14-58-43-736031_ho_Classical_seed0\model.pth
INFO:src.utils.logger:Model weights saved to results\ho\Classical\20260224-145843_seed0_pinn_2-64-64-64-64-2\checkpoints\2026-02-24_14-58-43-736031_ho_Classical_seed0\model_weights.pth
INFO:src.utils.logger:It: 300, Loss: 1.089e-01, Loss_res: 9.717e-03,  Loss_bcs: 1.088e-04, Loss_ut_ics: 3.300e-04, Loss_norm: 9.446e-05, Loss_gauge: 0.000e+00, w_pde: 1.00e+00, L^2_error: 7.078e-02, lr: 1.000e-03, Time: 1.92e+01
INFO:src.utils.logger:Model state saved to results\ho\Classical\20260224-145843_seed0_pinn_2-64-64-64-64-2\checkpoints\2026-02-24_14-58-43-736031_ho_Classical_seed0\model.pth
INFO:src.utils.logger:Model weights saved to results\ho\Classical\20260224-145843_seed0_pinn_2-64-64-64-64-2\checkpoints\2026-02-24_14-58-43-736031_ho_Classical_seed0\model_weights.pth
INFO:src.utils.logger:It: 310, Loss: 1.038e-01, Loss_res: 8.813e-03,  Loss_bcs: 8.590e-05, Loss_ut_ics: 3.159e-04, Loss_norm: 9.647e-05, Loss_gauge: 0.000e+00, w_pde: 1.00e+00, L^2_error: 6.890e-02, lr: 1.000e-03, Time: 1.98e+01
INFO:src.utils.logger:Model state saved to results\ho\Classical\20260224-145843_seed0_pinn_2-64-64-64-64-2\checkpoints\2026-02-24_14-58-43-736031_ho_Classical_seed0\model.pth
INFO:src.utils.logger:Model weights saved to results\ho\Classical\20260224-145843_seed0_pinn_2-64-64-64-64-2\checkpoints\2026-02-24_14-58-43-736031_ho_Classical_seed0\model_weights.pth
INFO:src.utils.logger:It: 320, Loss: 9.996e-02, Loss_res: 8.762e-03,  Loss_bcs: 6.979e-05, Loss_ut_ics: 3.035e-04, Loss_norm: 7.670e-05, Loss_gauge: 0.000e+00, w_pde: 1.00e+00, L^2_error: 6.750e-02, lr: 1.000e-03, Time: 2.04e+01
INFO:src.utils.logger:Model state saved to results\ho\Classical\20260224-145843_seed0_pinn_2-64-64-64-64-2\checkpoints\2026-02-24_14-58-43-736031_ho_Classical_seed0\model.pth
INFO:src.utils.logger:Model weights saved to results\ho\Classical\20260224-145843_seed0_pinn_2-64-64-64-64-2\checkpoints\2026-02-24_14-58-43-736031_ho_Classical_seed0\model_weights.pth
INFO:src.utils.logger:It: 330, Loss: 9.647e-02, Loss_res: 9.083e-03,  Loss_bcs: 7.711e-05, Loss_ut_ics: 2.909e-04, Loss_norm: 4.953e-05, Loss_gauge: 0.000e+00, w_pde: 1.00e+00, L^2_error: 6.554e-02, lr: 1.000e-03, Time: 2.11e+01
INFO:src.utils.logger:Model state saved to results\ho\Classical\20260224-145843_seed0_pinn_2-64-64-64-64-2\checkpoints\2026-02-24_14-58-43-736031_ho_Classical_seed0\model.pth
INFO:src.utils.logger:Model weights saved to results\ho\Classical\20260224-145843_seed0_pinn_2-64-64-64-64-2\checkpoints\2026-02-24_14-58-43-736031_ho_Classical_seed0\model_weights.pth
INFO:src.utils.logger:It: 340, Loss: 9.084e-02, Loss_res: 7.315e-03,  Loss_bcs: 7.427e-05, Loss_ut_ics: 2.780e-04, Loss_norm: 5.502e-05, Loss_gauge: 0.000e+00, w_pde: 1.00e+00, L^2_error: 6.429e-02, lr: 1.000e-03, Time: 2.17e+01
INFO:src.utils.logger:Model state saved to results\ho\Classical\20260224-145843_seed0_pinn_2-64-64-64-64-2\checkpoints\2026-02-24_14-58-43-736031_ho_Classical_seed0\model.pth
INFO:src.utils.logger:Model weights saved to results\ho\Classical\20260224-145843_seed0_pinn_2-64-64-64-64-2\checkpoints\2026-02-24_14-58-43-736031_ho_Classical_seed0\model_weights.pth
INFO:src.utils.logger:It: 350, Loss: 8.747e-02, Loss_res: 7.251e-03,  Loss_bcs: 5.762e-05, Loss_ut_ics: 2.670e-04, Loss_norm: 4.450e-05, Loss_gauge: 0.000e+00, w_pde: 1.00e+00, L^2_error: 6.254e-02, lr: 1.000e-03, Time: 2.22e+01
INFO:src.utils.logger:Model state saved to results\ho\Classical\20260224-145843_seed0_pinn_2-64-64-64-64-2\checkpoints\2026-02-24_14-58-43-736031_ho_Classical_seed0\model.pth
INFO:src.utils.logger:Model weights saved to results\ho\Classical\20260224-145843_seed0_pinn_2-64-64-64-64-2\checkpoints\2026-02-24_14-58-43-736031_ho_Classical_seed0\model_weights.pth
INFO:src.utils.logger:It: 360, Loss: 8.615e-02, Loss_res: 8.275e-03,  Loss_bcs: 9.213e-05, Loss_ut_ics: 2.591e-04, Loss_norm: 4.182e-05, Loss_gauge: 0.000e+00, w_pde: 1.00e+00, L^2_error: 6.098e-02, lr: 1.000e-03, Time: 2.28e+01
INFO:src.utils.logger:Model state saved to results\ho\Classical\20260224-145843_seed0_pinn_2-64-64-64-64-2\checkpoints\2026-02-24_14-58-43-736031_ho_Classical_seed0\model.pth
INFO:src.utils.logger:Model weights saved to results\ho\Classical\20260224-145843_seed0_pinn_2-64-64-64-64-2\checkpoints\2026-02-24_14-58-43-736031_ho_Classical_seed0\model_weights.pth
INFO:src.utils.logger:It: 370, Loss: 8.044e-02, Loss_res: 6.851e-03,  Loss_bcs: 7.281e-05, Loss_ut_ics: 2.449e-04, Loss_norm: 4.155e-05, Loss_gauge: 0.000e+00, w_pde: 1.00e+00, L^2_error: 5.990e-02, lr: 1.000e-03, Time: 2.36e+01
INFO:src.utils.logger:Model state saved to results\ho\Classical\20260224-145843_seed0_pinn_2-64-64-64-64-2\checkpoints\2026-02-24_14-58-43-736031_ho_Classical_seed0\model.pth
INFO:src.utils.logger:Model weights saved to results\ho\Classical\20260224-145843_seed0_pinn_2-64-64-64-64-2\checkpoints\2026-02-24_14-58-43-736031_ho_Classical_seed0\model_weights.pth
INFO:src.utils.logger:It: 380, Loss: 7.667e-02, Loss_res: 6.503e-03,  Loss_bcs: 6.182e-05, Loss_ut_ics: 2.336e-04, Loss_norm: 3.637e-05, Loss_gauge: 0.000e+00, w_pde: 1.00e+00, L^2_error: 5.851e-02, lr: 1.000e-03, Time: 2.41e+01
INFO:src.utils.logger:Model state saved to results\ho\Classical\20260224-145843_seed0_pinn_2-64-64-64-64-2\checkpoints\2026-02-24_14-58-43-736031_ho_Classical_seed0\model.pth
INFO:src.utils.logger:Model weights saved to results\ho\Classical\20260224-145843_seed0_pinn_2-64-64-64-64-2\checkpoints\2026-02-24_14-58-43-736031_ho_Classical_seed0\model_weights.pth
INFO:src.utils.logger:It: 390, Loss: 7.332e-02, Loss_res: 6.116e-03,  Loss_bcs: 5.559e-05, Loss_ut_ics: 2.237e-04, Loss_norm: 2.993e-05, Loss_gauge: 0.000e+00, w_pde: 1.00e+00, L^2_error: 5.721e-02, lr: 1.000e-03, Time: 2.47e+01
INFO:src.utils.logger:Model state saved to results\ho\Classical\20260224-145843_seed0_pinn_2-64-64-64-64-2\checkpoints\2026-02-24_14-58-43-736031_ho_Classical_seed0\model.pth
INFO:src.utils.logger:Model weights saved to results\ho\Classical\20260224-145843_seed0_pinn_2-64-64-64-64-2\checkpoints\2026-02-24_14-58-43-736031_ho_Classical_seed0\model_weights.pth
INFO:src.utils.logger:It: 400, Loss: 7.092e-02, Loss_res: 6.542e-03,  Loss_bcs: 5.978e-05, Loss_ut_ics: 2.143e-04, Loss_norm: 2.600e-05, Loss_gauge: 0.000e+00, w_pde: 1.00e+00, L^2_error: 5.585e-02, lr: 1.000e-03, Time: 2.54e+01
INFO:src.utils.logger:Model state saved to results\ho\Classical\20260224-145843_seed0_pinn_2-64-64-64-64-2\checkpoints\2026-02-24_14-58-43-736031_ho_Classical_seed0\model.pth
INFO:src.utils.logger:Model weights saved to results\ho\Classical\20260224-145843_seed0_pinn_2-64-64-64-64-2\checkpoints\2026-02-24_14-58-43-736031_ho_Classical_seed0\model_weights.pth
INFO:src.utils.logger:It: 410, Loss: 6.882e-02, Loss_res: 5.721e-03,  Loss_bcs: 3.907e-05, Loss_ut_ics: 2.101e-04, Loss_norm: 2.654e-05, Loss_gauge: 0.000e+00, w_pde: 1.00e+00, L^2_error: 5.579e-02, lr: 1.000e-03, Time: 2.60e+01
INFO:src.utils.logger:Model state saved to results\ho\Classical\20260224-145843_seed0_pinn_2-64-64-64-64-2\checkpoints\2026-02-24_14-58-43-736031_ho_Classical_seed0\model.pth
INFO:src.utils.logger:Model weights saved to results\ho\Classical\20260224-145843_seed0_pinn_2-64-64-64-64-2\checkpoints\2026-02-24_14-58-43-736031_ho_Classical_seed0\model_weights.pth
INFO:src.utils.logger:It: 420, Loss: 6.577e-02, Loss_res: 5.667e-03,  Loss_bcs: 3.928e-05, Loss_ut_ics: 2.001e-04, Loss_norm: 2.505e-05, Loss_gauge: 0.000e+00, w_pde: 1.00e+00, L^2_error: 5.465e-02, lr: 1.000e-03, Time: 2.66e+01
INFO:src.utils.logger:Model state saved to results\ho\Classical\20260224-145843_seed0_pinn_2-64-64-64-64-2\checkpoints\2026-02-24_14-58-43-736031_ho_Classical_seed0\model.pth
INFO:src.utils.logger:Model weights saved to results\ho\Classical\20260224-145843_seed0_pinn_2-64-64-64-64-2\checkpoints\2026-02-24_14-58-43-736031_ho_Classical_seed0\model_weights.pth
INFO:src.utils.logger:It: 430, Loss: 6.232e-02, Loss_res: 5.325e-03,  Loss_bcs: 4.287e-05, Loss_ut_ics: 1.898e-04, Loss_norm: 2.545e-05, Loss_gauge: 0.000e+00, w_pde: 1.00e+00, L^2_error: 5.336e-02, lr: 1.000e-03, Time: 2.71e+01
INFO:src.utils.logger:Model state saved to results\ho\Classical\20260224-145843_seed0_pinn_2-64-64-64-64-2\checkpoints\2026-02-24_14-58-43-736031_ho_Classical_seed0\model.pth
INFO:src.utils.logger:Model weights saved to results\ho\Classical\20260224-145843_seed0_pinn_2-64-64-64-64-2\checkpoints\2026-02-24_14-58-43-736031_ho_Classical_seed0\model_weights.pth
INFO:src.utils.logger:It: 440, Loss: 6.000e-02, Loss_res: 5.465e-03,  Loss_bcs: 6.434e-05, Loss_ut_ics: 1.815e-04, Loss_norm: 2.091e-05, Loss_gauge: 0.000e+00, w_pde: 1.00e+00, L^2_error: 5.143e-02, lr: 1.000e-03, Time: 2.77e+01
INFO:src.utils.logger:Model state saved to results\ho\Classical\20260224-145843_seed0_pinn_2-64-64-64-64-2\checkpoints\2026-02-24_14-58-43-736031_ho_Classical_seed0\model.pth
INFO:src.utils.logger:Model weights saved to results\ho\Classical\20260224-145843_seed0_pinn_2-64-64-64-64-2\checkpoints\2026-02-24_14-58-43-736031_ho_Classical_seed0\model_weights.pth
INFO:src.utils.logger:It: 450, Loss: 6.501e-02, Loss_res: 5.904e-03,  Loss_bcs: 4.157e-05, Loss_ut_ics: 1.968e-04, Loss_norm: 2.343e-05, Loss_gauge: 0.000e+00, w_pde: 1.00e+00, L^2_error: 5.679e-02, lr: 1.000e-03, Time: 2.83e+01
INFO:src.utils.logger:Model state saved to results\ho\Classical\20260224-145843_seed0_pinn_2-64-64-64-64-2\checkpoints\2026-02-24_14-58-43-736031_ho_Classical_seed0\model.pth
INFO:src.utils.logger:Model weights saved to results\ho\Classical\20260224-145843_seed0_pinn_2-64-64-64-64-2\checkpoints\2026-02-24_14-58-43-736031_ho_Classical_seed0\model_weights.pth
INFO:src.utils.logger:It: 460, Loss: 5.807e-02, Loss_res: 5.674e-03,  Loss_bcs: 8.729e-05, Loss_ut_ics: 1.743e-04, Loss_norm: 1.565e-05, Loss_gauge: 0.000e+00, w_pde: 1.00e+00, L^2_error: 4.991e-02, lr: 1.000e-03, Time: 2.89e+01
INFO:src.utils.logger:Model state saved to results\ho\Classical\20260224-145843_seed0_pinn_2-64-64-64-64-2\checkpoints\2026-02-24_14-58-43-736031_ho_Classical_seed0\model.pth
INFO:src.utils.logger:Model weights saved to results\ho\Classical\20260224-145843_seed0_pinn_2-64-64-64-64-2\checkpoints\2026-02-24_14-58-43-736031_ho_Classical_seed0\model_weights.pth
INFO:src.utils.logger:It: 470, Loss: 5.703e-02, Loss_res: 6.842e-03,  Loss_bcs: 1.001e-04, Loss_ut_ics: 1.669e-04, Loss_norm: 8.808e-06, Loss_gauge: 0.000e+00, w_pde: 1.00e+00, L^2_error: 4.892e-02, lr: 1.000e-03, Time: 2.96e+01
INFO:src.utils.logger:Model state saved to results\ho\Classical\20260224-145843_seed0_pinn_2-64-64-64-64-2\checkpoints\2026-02-24_14-58-43-736031_ho_Classical_seed0\model.pth
INFO:src.utils.logger:Model weights saved to results\ho\Classical\20260224-145843_seed0_pinn_2-64-64-64-64-2\checkpoints\2026-02-24_14-58-43-736031_ho_Classical_seed0\model_weights.pth
INFO:src.utils.logger:It: 480, Loss: 5.218e-02, Loss_res: 5.231e-03,  Loss_bcs: 7.523e-05, Loss_ut_ics: 1.562e-04, Loss_norm: 7.169e-06, Loss_gauge: 0.000e+00, w_pde: 1.00e+00, L^2_error: 4.807e-02, lr: 1.000e-03, Time: 3.02e+01
INFO:src.utils.logger:Model state saved to results\ho\Classical\20260224-145843_seed0_pinn_2-64-64-64-64-2\checkpoints\2026-02-24_14-58-43-736031_ho_Classical_seed0\model.pth
INFO:src.utils.logger:Model weights saved to results\ho\Classical\20260224-145843_seed0_pinn_2-64-64-64-64-2\checkpoints\2026-02-24_14-58-43-736031_ho_Classical_seed0\model_weights.pth
INFO:src.utils.logger:It: 490, Loss: 7.088e-02, Loss_res: 1.089e-02,  Loss_bcs: 1.925e-04, Loss_ut_ics: 1.993e-04, Loss_norm: 2.426e-06, Loss_gauge: 0.000e+00, w_pde: 1.00e+00, L^2_error: 5.173e-02, lr: 1.000e-03, Time: 3.09e+01
INFO:src.utils.logger:Model state saved to results\ho\Classical\20260224-145843_seed0_pinn_2-64-64-64-64-2\checkpoints\2026-02-24_14-58-43-736031_ho_Classical_seed0\model.pth
INFO:src.utils.logger:Model weights saved to results\ho\Classical\20260224-145843_seed0_pinn_2-64-64-64-64-2\checkpoints\2026-02-24_14-58-43-736031_ho_Classical_seed0\model_weights.pth
INFO:src.utils.logger:It: 500, Loss: 7.055e-02, Loss_res: 8.482e-03,  Loss_bcs: 8.805e-05, Loss_ut_ics: 2.066e-04, Loss_norm: 1.517e-05, Loss_gauge: 0.000e+00, w_pde: 1.00e+00, L^2_error: 5.466e-02, lr: 1.000e-03, Time: 3.16e+01
INFO:src.utils.logger:Model state saved to results\ho\Classical\20260224-145843_seed0_pinn_2-64-64-64-64-2\checkpoints\2026-02-24_14-58-43-736031_ho_Classical_seed0\model.pth
INFO:src.utils.logger:Model weights saved to results\ho\Classical\20260224-145843_seed0_pinn_2-64-64-64-64-2\checkpoints\2026-02-24_14-58-43-736031_ho_Classical_seed0\model_weights.pth
INFO:src.utils.logger:It: 510, Loss: 6.168e-02, Loss_res: 9.547e-03,  Loss_bcs: 1.714e-04, Loss_ut_ics: 1.732e-04, Loss_norm: 3.732e-06, Loss_gauge: 0.000e+00, w_pde: 1.00e+00, L^2_error: 4.762e-02, lr: 1.000e-03, Time: 3.22e+01
INFO:src.utils.logger:Model state saved to results\ho\Classical\20260224-145843_seed0_pinn_2-64-64-64-64-2\checkpoints\2026-02-24_14-58-43-736031_ho_Classical_seed0\model.pth
INFO:src.utils.logger:Model weights saved to results\ho\Classical\20260224-145843_seed0_pinn_2-64-64-64-64-2\checkpoints\2026-02-24_14-58-43-736031_ho_Classical_seed0\model_weights.pth
INFO:src.utils.logger:It: 520, Loss: 5.307e-02, Loss_res: 5.794e-03,  Loss_bcs: 6.262e-05, Loss_ut_ics: 1.573e-04, Loss_norm: 6.612e-06, Loss_gauge: 0.000e+00, w_pde: 1.00e+00, L^2_error: 4.758e-02, lr: 1.000e-03, Time: 3.28e+01
INFO:src.utils.logger:Model state saved to results\ho\Classical\20260224-145843_seed0_pinn_2-64-64-64-64-2\checkpoints\2026-02-24_14-58-43-736031_ho_Classical_seed0\model.pth
INFO:src.utils.logger:Model weights saved to results\ho\Classical\20260224-145843_seed0_pinn_2-64-64-64-64-2\checkpoints\2026-02-24_14-58-43-736031_ho_Classical_seed0\model_weights.pth
INFO:src.utils.logger:It: 530, Loss: 4.436e-02, Loss_res: 4.363e-03,  Loss_bcs: 6.440e-05, Loss_ut_ics: 1.331e-04, Loss_norm: 6.688e-06, Loss_gauge: 0.000e+00, w_pde: 1.00e+00, L^2_error: 4.838e-02, lr: 1.000e-03, Time: 3.35e+01
INFO:src.utils.logger:Model state saved to results\ho\Classical\20260224-145843_seed0_pinn_2-64-64-64-64-2\checkpoints\2026-02-24_14-58-43-736031_ho_Classical_seed0\model.pth
INFO:src.utils.logger:Model weights saved to results\ho\Classical\20260224-145843_seed0_pinn_2-64-64-64-64-2\checkpoints\2026-02-24_14-58-43-736031_ho_Classical_seed0\model_weights.pth
INFO:src.utils.logger:It: 540, Loss: 4.441e-02, Loss_res: 5.299e-03,  Loss_bcs: 9.947e-05, Loss_ut_ics: 1.300e-04, Loss_norm: 4.621e-06, Loss_gauge: 0.000e+00, w_pde: 1.00e+00, L^2_error: 4.459e-02, lr: 1.000e-03, Time: 3.41e+01
INFO:src.utils.logger:Model state saved to results\ho\Classical\20260224-145843_seed0_pinn_2-64-64-64-64-2\checkpoints\2026-02-24_14-58-43-736031_ho_Classical_seed0\model.pth
INFO:src.utils.logger:Model weights saved to results\ho\Classical\20260224-145843_seed0_pinn_2-64-64-64-64-2\checkpoints\2026-02-24_14-58-43-736031_ho_Classical_seed0\model_weights.pth
INFO:src.utils.logger:It: 550, Loss: 4.167e-02, Loss_res: 4.847e-03,  Loss_bcs: 7.404e-05, Loss_ut_ics: 1.225e-04, Loss_norm: 6.564e-06, Loss_gauge: 0.000e+00, w_pde: 1.00e+00, L^2_error: 4.435e-02, lr: 1.000e-03, Time: 3.47e+01
INFO:src.utils.logger:Model state saved to results\ho\Classical\20260224-145843_seed0_pinn_2-64-64-64-64-2\checkpoints\2026-02-24_14-58-43-736031_ho_Classical_seed0\model.pth
INFO:src.utils.logger:Model weights saved to results\ho\Classical\20260224-145843_seed0_pinn_2-64-64-64-64-2\checkpoints\2026-02-24_14-58-43-736031_ho_Classical_seed0\model_weights.pth
INFO:src.utils.logger:It: 560, Loss: 4.110e-02, Loss_res: 5.109e-03,  Loss_bcs: 9.628e-05, Loss_ut_ics: 1.196e-04, Loss_norm: 5.641e-06, Loss_gauge: 0.000e+00, w_pde: 1.00e+00, L^2_error: 4.346e-02, lr: 1.000e-03, Time: 3.62e+01
INFO:src.utils.logger:Model state saved to results\ho\Classical\20260224-145843_seed0_pinn_2-64-64-64-64-2\checkpoints\2026-02-24_14-58-43-736031_ho_Classical_seed0\model.pth
INFO:src.utils.logger:Model weights saved to results\ho\Classical\20260224-145843_seed0_pinn_2-64-64-64-64-2\checkpoints\2026-02-24_14-58-43-736031_ho_Classical_seed0\model_weights.pth
INFO:src.utils.logger:It: 570, Loss: 4.106e-02, Loss_res: 4.938e-03,  Loss_bcs: 6.812e-05, Loss_ut_ics: 1.202e-04, Loss_norm: 5.322e-06, Loss_gauge: 0.000e+00, w_pde: 1.00e+00, L^2_error: 4.638e-02, lr: 1.000e-03, Time: 3.71e+01
INFO:src.utils.logger:Model state saved to results\ho\Classical\20260224-145843_seed0_pinn_2-64-64-64-64-2\checkpoints\2026-02-24_14-58-43-736031_ho_Classical_seed0\model.pth
INFO:src.utils.logger:Model weights saved to results\ho\Classical\20260224-145843_seed0_pinn_2-64-64-64-64-2\checkpoints\2026-02-24_14-58-43-736031_ho_Classical_seed0\model_weights.pth
INFO:src.utils.logger:It: 580, Loss: 5.373e-02, Loss_res: 7.736e-03,  Loss_bcs: 1.001e-04, Loss_ut_ics: 1.529e-04, Loss_norm: 5.629e-06, Loss_gauge: 0.000e+00, w_pde: 1.00e+00, L^2_error: 5.124e-02, lr: 1.000e-03, Time: 3.79e+01
INFO:src.utils.logger:Model state saved to results\ho\Classical\20260224-145843_seed0_pinn_2-64-64-64-64-2\checkpoints\2026-02-24_14-58-43-736031_ho_Classical_seed0\model.pth
INFO:src.utils.logger:Model weights saved to results\ho\Classical\20260224-145843_seed0_pinn_2-64-64-64-64-2\checkpoints\2026-02-24_14-58-43-736031_ho_Classical_seed0\model_weights.pth
INFO:src.utils.logger:It: 590, Loss: 5.171e-02, Loss_res: 7.244e-03,  Loss_bcs: 1.014e-04, Loss_ut_ics: 1.479e-04, Loss_norm: 7.997e-06, Loss_gauge: 0.000e+00, w_pde: 1.00e+00, L^2_error: 4.857e-02, lr: 1.000e-03, Time: 3.85e+01
INFO:src.utils.logger:Model state saved to results\ho\Classical\20260224-145843_seed0_pinn_2-64-64-64-64-2\checkpoints\2026-02-24_14-58-43-736031_ho_Classical_seed0\model.pth
INFO:src.utils.logger:Model weights saved to results\ho\Classical\20260224-145843_seed0_pinn_2-64-64-64-64-2\checkpoints\2026-02-24_14-58-43-736031_ho_Classical_seed0\model_weights.pth
INFO:src.utils.logger:It: 600, Loss: 5.721e-02, Loss_res: 1.039e-02,  Loss_bcs: 2.335e-04, Loss_ut_ics: 1.553e-04, Loss_norm: 1.462e-06, Loss_gauge: 0.000e+00, w_pde: 1.00e+00, L^2_error: 4.723e-02, lr: 1.000e-03, Time: 3.92e+01
INFO:src.utils.logger:Model state saved to results\ho\Classical\20260224-145843_seed0_pinn_2-64-64-64-64-2\checkpoints\2026-02-24_14-58-43-736031_ho_Classical_seed0\model.pth
INFO:src.utils.logger:Model weights saved to results\ho\Classical\20260224-145843_seed0_pinn_2-64-64-64-64-2\checkpoints\2026-02-24_14-58-43-736031_ho_Classical_seed0\model_weights.pth
INFO:src.utils.logger:It: 610, Loss: 3.614e-02, Loss_res: 4.577e-03,  Loss_bcs: 1.010e-04, Loss_ut_ics: 1.049e-04, Loss_norm: 3.844e-06, Loss_gauge: 0.000e+00, w_pde: 1.00e+00, L^2_error: 4.434e-02, lr: 1.000e-03, Time: 3.98e+01
INFO:src.utils.logger:Model state saved to results\ho\Classical\20260224-145843_seed0_pinn_2-64-64-64-64-2\checkpoints\2026-02-24_14-58-43-736031_ho_Classical_seed0\model.pth
INFO:src.utils.logger:Model weights saved to results\ho\Classical\20260224-145843_seed0_pinn_2-64-64-64-64-2\checkpoints\2026-02-24_14-58-43-736031_ho_Classical_seed0\model_weights.pth
INFO:src.utils.logger:It: 620, Loss: 3.807e-02, Loss_res: 4.578e-03,  Loss_bcs: 8.628e-05, Loss_ut_ics: 1.114e-04, Loss_norm: 1.734e-06, Loss_gauge: 0.000e+00, w_pde: 1.00e+00, L^2_error: 4.309e-02, lr: 1.000e-03, Time: 4.03e+01
INFO:src.utils.logger:Model state saved to results\ho\Classical\20260224-145843_seed0_pinn_2-64-64-64-64-2\checkpoints\2026-02-24_14-58-43-736031_ho_Classical_seed0\model.pth
INFO:src.utils.logger:Model weights saved to results\ho\Classical\20260224-145843_seed0_pinn_2-64-64-64-64-2\checkpoints\2026-02-24_14-58-43-736031_ho_Classical_seed0\model_weights.pth
INFO:src.utils.logger:It: 630, Loss: 3.505e-02, Loss_res: 4.837e-03,  Loss_bcs: 1.007e-04, Loss_ut_ics: 1.004e-04, Loss_norm: 2.109e-06, Loss_gauge: 0.000e+00, w_pde: 1.00e+00, L^2_error: 4.162e-02, lr: 1.000e-03, Time: 4.09e+01
INFO:src.utils.logger:Model state saved to results\ho\Classical\20260224-145843_seed0_pinn_2-64-64-64-64-2\checkpoints\2026-02-24_14-58-43-736031_ho_Classical_seed0\model.pth
INFO:src.utils.logger:Model weights saved to results\ho\Classical\20260224-145843_seed0_pinn_2-64-64-64-64-2\checkpoints\2026-02-24_14-58-43-736031_ho_Classical_seed0\model_weights.pth
INFO:src.utils.logger:It: 640, Loss: 3.815e-02, Loss_res: 5.091e-03,  Loss_bcs: 8.942e-05, Loss_ut_ics: 1.099e-04, Loss_norm: 5.941e-06, Loss_gauge: 0.000e+00, w_pde: 1.00e+00, L^2_error: 4.350e-02, lr: 1.000e-03, Time: 4.14e+01
INFO:src.utils.logger:Model state saved to results\ho\Classical\20260224-145843_seed0_pinn_2-64-64-64-64-2\checkpoints\2026-02-24_14-58-43-736031_ho_Classical_seed0\model.pth
INFO:src.utils.logger:Model weights saved to results\ho\Classical\20260224-145843_seed0_pinn_2-64-64-64-64-2\checkpoints\2026-02-24_14-58-43-736031_ho_Classical_seed0\model_weights.pth
INFO:src.utils.logger:It: 650, Loss: 8.575e-02, Loss_res: 1.854e-02,  Loss_bcs: 3.946e-04, Loss_ut_ics: 2.227e-04, Loss_norm: 3.004e-06, Loss_gauge: 0.000e+00, w_pde: 1.00e+00, L^2_error: 5.432e-02, lr: 1.000e-03, Time: 4.20e+01
INFO:src.utils.logger:Model state saved to results\ho\Classical\20260224-145843_seed0_pinn_2-64-64-64-64-2\checkpoints\2026-02-24_14-58-43-736031_ho_Classical_seed0\model.pth
INFO:src.utils.logger:Model weights saved to results\ho\Classical\20260224-145843_seed0_pinn_2-64-64-64-64-2\checkpoints\2026-02-24_14-58-43-736031_ho_Classical_seed0\model_weights.pth
INFO:src.utils.logger:It: 660, Loss: 5.431e-02, Loss_res: 9.775e-03,  Loss_bcs: 1.318e-04, Loss_ut_ics: 1.480e-04, Loss_norm: 7.348e-06, Loss_gauge: 0.000e+00, w_pde: 1.00e+00, L^2_error: 5.241e-02, lr: 1.000e-03, Time: 4.26e+01
INFO:src.utils.logger:Model state saved to results\ho\Classical\20260224-145843_seed0_pinn_2-64-64-64-64-2\checkpoints\2026-02-24_14-58-43-736031_ho_Classical_seed0\model.pth
INFO:src.utils.logger:Model weights saved to results\ho\Classical\20260224-145843_seed0_pinn_2-64-64-64-64-2\checkpoints\2026-02-24_14-58-43-736031_ho_Classical_seed0\model_weights.pth
INFO:src.utils.logger:It: 670, Loss: 4.645e-02, Loss_res: 8.687e-03,  Loss_bcs: 1.981e-04, Loss_ut_ics: 1.252e-04, Loss_norm: 1.372e-05, Loss_gauge: 0.000e+00, w_pde: 1.00e+00, L^2_error: 4.109e-02, lr: 1.000e-03, Time: 4.31e+01
INFO:src.utils.logger:Model state saved to results\ho\Classical\20260224-145843_seed0_pinn_2-64-64-64-64-2\checkpoints\2026-02-24_14-58-43-736031_ho_Classical_seed0\model.pth
INFO:src.utils.logger:Model weights saved to results\ho\Classical\20260224-145843_seed0_pinn_2-64-64-64-64-2\checkpoints\2026-02-24_14-58-43-736031_ho_Classical_seed0\model_weights.pth
INFO:src.utils.logger:It: 680, Loss: 3.420e-02, Loss_res: 5.587e-03,  Loss_bcs: 1.015e-04, Loss_ut_ics: 9.504e-05, Loss_norm: 2.761e-06, Loss_gauge: 0.000e+00, w_pde: 1.00e+00, L^2_error: 3.958e-02, lr: 1.000e-03, Time: 4.36e+01
INFO:src.utils.logger:Model state saved to results\ho\Classical\20260224-145843_seed0_pinn_2-64-64-64-64-2\checkpoints\2026-02-24_14-58-43-736031_ho_Classical_seed0\model.pth
INFO:src.utils.logger:Model weights saved to results\ho\Classical\20260224-145843_seed0_pinn_2-64-64-64-64-2\checkpoints\2026-02-24_14-58-43-736031_ho_Classical_seed0\model_weights.pth
INFO:src.utils.logger:It: 690, Loss: 3.704e-02, Loss_res: 7.045e-03,  Loss_bcs: 1.477e-04, Loss_ut_ics: 9.950e-05, Loss_norm: 1.714e-06, Loss_gauge: 0.000e+00, w_pde: 1.00e+00, L^2_error: 3.894e-02, lr: 1.000e-03, Time: 4.42e+01
INFO:src.utils.logger:Model state saved to results\ho\Classical\20260224-145843_seed0_pinn_2-64-64-64-64-2\checkpoints\2026-02-24_14-58-43-736031_ho_Classical_seed0\model.pth
INFO:src.utils.logger:Model weights saved to results\ho\Classical\20260224-145843_seed0_pinn_2-64-64-64-64-2\checkpoints\2026-02-24_14-58-43-736031_ho_Classical_seed0\model_weights.pth
INFO:src.utils.logger:It: 700, Loss: 3.282e-02, Loss_res: 5.132e-03,  Loss_bcs: 9.899e-05, Loss_ut_ics: 9.197e-05, Loss_norm: 1.331e-06, Loss_gauge: 0.000e+00, w_pde: 1.00e+00, L^2_error: 3.940e-02, lr: 1.000e-03, Time: 4.48e+01
INFO:src.utils.logger:Model state saved to results\ho\Classical\20260224-145843_seed0_pinn_2-64-64-64-64-2\checkpoints\2026-02-24_14-58-43-736031_ho_Classical_seed0\model.pth
INFO:src.utils.logger:Model weights saved to results\ho\Classical\20260224-145843_seed0_pinn_2-64-64-64-64-2\checkpoints\2026-02-24_14-58-43-736031_ho_Classical_seed0\model_weights.pth
INFO:src.utils.logger:It: 710, Loss: 3.906e-02, Loss_res: 7.098e-03,  Loss_bcs: 1.689e-04, Loss_ut_ics: 1.060e-04, Loss_norm: 1.461e-06, Loss_gauge: 0.000e+00, w_pde: 1.00e+00, L^2_error: 3.850e-02, lr: 1.000e-03, Time: 4.55e+01
INFO:src.utils.logger:Model state saved to results\ho\Classical\20260224-145843_seed0_pinn_2-64-64-64-64-2\checkpoints\2026-02-24_14-58-43-736031_ho_Classical_seed0\model.pth
INFO:src.utils.logger:Model weights saved to results\ho\Classical\20260224-145843_seed0_pinn_2-64-64-64-64-2\checkpoints\2026-02-24_14-58-43-736031_ho_Classical_seed0\model_weights.pth
INFO:src.utils.logger:It: 720, Loss: 5.753e-02, Loss_res: 9.808e-03,  Loss_bcs: 1.590e-04, Loss_ut_ics: 1.585e-04, Loss_norm: 1.332e-06, Loss_gauge: 0.000e+00, w_pde: 1.00e+00, L^2_error: 5.401e-02, lr: 1.000e-03, Time: 4.60e+01
INFO:src.utils.logger:Model state saved to results\ho\Classical\20260224-145843_seed0_pinn_2-64-64-64-64-2\checkpoints\2026-02-24_14-58-43-736031_ho_Classical_seed0\model.pth
INFO:src.utils.logger:Model weights saved to results\ho\Classical\20260224-145843_seed0_pinn_2-64-64-64-64-2\checkpoints\2026-02-24_14-58-43-736031_ho_Classical_seed0\model_weights.pth
INFO:src.utils.logger:It: 730, Loss: 4.566e-02, Loss_res: 9.305e-03,  Loss_bcs: 2.212e-04, Loss_ut_ics: 1.204e-04, Loss_norm: 2.277e-06, Loss_gauge: 0.000e+00, w_pde: 1.00e+00, L^2_error: 4.173e-02, lr: 1.000e-03, Time: 4.66e+01
INFO:src.utils.logger:Model state saved to results\ho\Classical\20260224-145843_seed0_pinn_2-64-64-64-64-2\checkpoints\2026-02-24_14-58-43-736031_ho_Classical_seed0\model.pth
INFO:src.utils.logger:Model weights saved to results\ho\Classical\20260224-145843_seed0_pinn_2-64-64-64-64-2\checkpoints\2026-02-24_14-58-43-736031_ho_Classical_seed0\model_weights.pth
INFO:src.utils.logger:It: 740, Loss: 5.404e-02, Loss_res: 9.319e-03,  Loss_bcs: 1.532e-04, Loss_ut_ics: 1.485e-04, Loss_norm: 4.258e-06, Loss_gauge: 0.000e+00, w_pde: 1.00e+00, L^2_error: 5.365e-02, lr: 1.000e-03, Time: 4.72e+01
INFO:src.utils.logger:Model state saved to results\ho\Classical\20260224-145843_seed0_pinn_2-64-64-64-64-2\checkpoints\2026-02-24_14-58-43-736031_ho_Classical_seed0\model.pth
INFO:src.utils.logger:Model weights saved to results\ho\Classical\20260224-145843_seed0_pinn_2-64-64-64-64-2\checkpoints\2026-02-24_14-58-43-736031_ho_Classical_seed0\model_weights.pth
INFO:src.utils.logger:It: 750, Loss: 5.598e-02, Loss_res: 1.195e-02,  Loss_bcs: 2.613e-04, Loss_ut_ics: 1.459e-04, Loss_norm: 6.157e-06, Loss_gauge: 0.000e+00, w_pde: 1.00e+00, L^2_error: 4.190e-02, lr: 1.000e-03, Time: 4.77e+01
INFO:src.utils.logger:Model state saved to results\ho\Classical\20260224-145843_seed0_pinn_2-64-64-64-64-2\checkpoints\2026-02-24_14-58-43-736031_ho_Classical_seed0\model.pth
INFO:src.utils.logger:Model weights saved to results\ho\Classical\20260224-145843_seed0_pinn_2-64-64-64-64-2\checkpoints\2026-02-24_14-58-43-736031_ho_Classical_seed0\model_weights.pth
INFO:src.utils.logger:It: 760, Loss: 5.507e-02, Loss_res: 9.627e-03,  Loss_bcs: 1.607e-04, Loss_ut_ics: 1.509e-04, Loss_norm: 1.280e-06, Loss_gauge: 0.000e+00, w_pde: 1.00e+00, L^2_error: 5.150e-02, lr: 1.000e-03, Time: 4.83e+01
INFO:src.utils.logger:Model state saved to results\ho\Classical\20260224-145843_seed0_pinn_2-64-64-64-64-2\checkpoints\2026-02-24_14-58-43-736031_ho_Classical_seed0\model.pth
INFO:src.utils.logger:Model weights saved to results\ho\Classical\20260224-145843_seed0_pinn_2-64-64-64-64-2\checkpoints\2026-02-24_14-58-43-736031_ho_Classical_seed0\model_weights.pth
INFO:src.utils.logger:It: 770, Loss: 5.965e-02, Loss_res: 1.408e-02,  Loss_bcs: 2.731e-04, Loss_ut_ics: 1.510e-04, Loss_norm: 7.147e-06, Loss_gauge: 0.000e+00, w_pde: 1.00e+00, L^2_error: 4.529e-02, lr: 1.000e-03, Time: 4.90e+01
INFO:src.utils.logger:Model state saved to results\ho\Classical\20260224-145843_seed0_pinn_2-64-64-64-64-2\checkpoints\2026-02-24_14-58-43-736031_ho_Classical_seed0\model.pth
INFO:src.utils.logger:Model weights saved to results\ho\Classical\20260224-145843_seed0_pinn_2-64-64-64-64-2\checkpoints\2026-02-24_14-58-43-736031_ho_Classical_seed0\model_weights.pth
INFO:src.utils.logger:It: 780, Loss: 4.883e-02, Loss_res: 8.141e-03,  Loss_bcs: 1.501e-04, Loss_ut_ics: 1.351e-04, Loss_norm: 2.509e-06, Loss_gauge: 0.000e+00, w_pde: 1.00e+00, L^2_error: 4.919e-02, lr: 1.000e-03, Time: 4.96e+01
INFO:src.utils.logger:Model state saved to results\ho\Classical\20260224-145843_seed0_pinn_2-64-64-64-64-2\checkpoints\2026-02-24_14-58-43-736031_ho_Classical_seed0\model.pth
INFO:src.utils.logger:Model weights saved to results\ho\Classical\20260224-145843_seed0_pinn_2-64-64-64-64-2\checkpoints\2026-02-24_14-58-43-736031_ho_Classical_seed0\model_weights.pth
INFO:src.utils.logger:It: 790, Loss: 3.900e-02, Loss_res: 7.990e-03,  Loss_bcs: 1.851e-04, Loss_ut_ics: 1.027e-04, Loss_norm: 2.071e-06, Loss_gauge: 0.000e+00, w_pde: 1.00e+00, L^2_error: 3.731e-02, lr: 1.000e-03, Time: 5.02e+01
INFO:src.utils.logger:Model state saved to results\ho\Classical\20260224-145843_seed0_pinn_2-64-64-64-64-2\checkpoints\2026-02-24_14-58-43-736031_ho_Classical_seed0\model.pth
INFO:src.utils.logger:Model weights saved to results\ho\Classical\20260224-145843_seed0_pinn_2-64-64-64-64-2\checkpoints\2026-02-24_14-58-43-736031_ho_Classical_seed0\model_weights.pth
INFO:src.utils.logger:It: 800, Loss: 4.156e-02, Loss_res: 7.608e-03,  Loss_bcs: 1.377e-04, Loss_ut_ics: 1.127e-04, Loss_norm: 8.425e-07, Loss_gauge: 0.000e+00, w_pde: 1.00e+00, L^2_error: 4.336e-02, lr: 1.000e-03, Time: 5.08e+01
INFO:src.utils.logger:Model state saved to results\ho\Classical\20260224-145843_seed0_pinn_2-64-64-64-64-2\checkpoints\2026-02-24_14-58-43-736031_ho_Classical_seed0\model.pth
INFO:src.utils.logger:Model weights saved to results\ho\Classical\20260224-145843_seed0_pinn_2-64-64-64-64-2\checkpoints\2026-02-24_14-58-43-736031_ho_Classical_seed0\model_weights.pth
INFO:src.utils.logger:It: 810, Loss: 4.007e-02, Loss_res: 7.955e-03,  Loss_bcs: 1.966e-04, Loss_ut_ics: 1.064e-04, Loss_norm: 1.869e-06, Loss_gauge: 0.000e+00, w_pde: 1.00e+00, L^2_error: 3.704e-02, lr: 1.000e-03, Time: 5.15e+01
INFO:src.utils.logger:Model state saved to results\ho\Classical\20260224-145843_seed0_pinn_2-64-64-64-64-2\checkpoints\2026-02-24_14-58-43-736031_ho_Classical_seed0\model.pth
INFO:src.utils.logger:Model weights saved to results\ho\Classical\20260224-145843_seed0_pinn_2-64-64-64-64-2\checkpoints\2026-02-24_14-58-43-736031_ho_Classical_seed0\model_weights.pth
INFO:src.utils.logger:It: 820, Loss: 2.950e-02, Loss_res: 5.487e-03,  Loss_bcs: 1.320e-04, Loss_ut_ics: 7.959e-05, Loss_norm: 1.738e-06, Loss_gauge: 0.000e+00, w_pde: 1.00e+00, L^2_error: 3.593e-02, lr: 1.000e-03, Time: 5.21e+01
INFO:src.utils.logger:Model state saved to results\ho\Classical\20260224-145843_seed0_pinn_2-64-64-64-64-2\checkpoints\2026-02-24_14-58-43-736031_ho_Classical_seed0\model.pth
INFO:src.utils.logger:Model weights saved to results\ho\Classical\20260224-145843_seed0_pinn_2-64-64-64-64-2\checkpoints\2026-02-24_14-58-43-736031_ho_Classical_seed0\model_weights.pth
INFO:src.utils.logger:It: 830, Loss: 5.564e-02, Loss_res: 1.223e-02,  Loss_bcs: 2.612e-04, Loss_ut_ics: 1.438e-04, Loss_norm: 4.564e-06, Loss_gauge: 0.000e+00, w_pde: 1.00e+00, L^2_error: 4.497e-02, lr: 1.000e-03, Time: 5.26e+01
INFO:src.utils.logger:Model state saved to results\ho\Classical\20260224-145843_seed0_pinn_2-64-64-64-64-2\checkpoints\2026-02-24_14-58-43-736031_ho_Classical_seed0\model.pth
INFO:src.utils.logger:Model weights saved to results\ho\Classical\20260224-145843_seed0_pinn_2-64-64-64-64-2\checkpoints\2026-02-24_14-58-43-736031_ho_Classical_seed0\model_weights.pth
INFO:src.utils.logger:It: 840, Loss: 3.112e-02, Loss_res: 6.415e-03,  Loss_bcs: 1.372e-04, Loss_ut_ics: 8.185e-05, Loss_norm: 1.098e-05, Loss_gauge: 0.000e+00, w_pde: 1.00e+00, L^2_error: 3.631e-02, lr: 1.000e-03, Time: 5.32e+01
INFO:src.utils.logger:Model state saved to results\ho\Classical\20260224-145843_seed0_pinn_2-64-64-64-64-2\checkpoints\2026-02-24_14-58-43-736031_ho_Classical_seed0\model.pth
INFO:src.utils.logger:Model weights saved to results\ho\Classical\20260224-145843_seed0_pinn_2-64-64-64-64-2\checkpoints\2026-02-24_14-58-43-736031_ho_Classical_seed0\model_weights.pth
INFO:src.utils.logger:It: 850, Loss: 2.722e-02, Loss_res: 4.466e-03,  Loss_bcs: 9.925e-05, Loss_ut_ics: 7.551e-05, Loss_norm: 1.518e-06, Loss_gauge: 0.000e+00, w_pde: 1.00e+00, L^2_error: 3.555e-02, lr: 1.000e-03, Time: 5.37e+01
INFO:src.utils.logger:Model state saved to results\ho\Classical\20260224-145843_seed0_pinn_2-64-64-64-64-2\checkpoints\2026-02-24_14-58-43-736031_ho_Classical_seed0\model.pth
INFO:src.utils.logger:Model weights saved to results\ho\Classical\20260224-145843_seed0_pinn_2-64-64-64-64-2\checkpoints\2026-02-24_14-58-43-736031_ho_Classical_seed0\model_weights.pth
INFO:src.utils.logger:It: 860, Loss: 2.753e-02, Loss_res: 5.041e-03,  Loss_bcs: 1.064e-04, Loss_ut_ics: 7.459e-05, Loss_norm: 1.778e-06, Loss_gauge: 0.000e+00, w_pde: 1.00e+00, L^2_error: 3.700e-02, lr: 1.000e-03, Time: 5.46e+01
INFO:src.utils.logger:Model state saved to results\ho\Classical\20260224-145843_seed0_pinn_2-64-64-64-64-2\checkpoints\2026-02-24_14-58-43-736031_ho_Classical_seed0\model.pth
INFO:src.utils.logger:Model weights saved to results\ho\Classical\20260224-145843_seed0_pinn_2-64-64-64-64-2\checkpoints\2026-02-24_14-58-43-736031_ho_Classical_seed0\model_weights.pth
INFO:src.utils.logger:It: 870, Loss: 2.754e-02, Loss_res: 5.274e-03,  Loss_bcs: 1.175e-04, Loss_ut_ics: 7.381e-05, Loss_norm: 2.317e-06, Loss_gauge: 0.000e+00, w_pde: 1.00e+00, L^2_error: 3.488e-02, lr: 1.000e-03, Time: 5.57e+01
INFO:src.utils.logger:Model state saved to results\ho\Classical\20260224-145843_seed0_pinn_2-64-64-64-64-2\checkpoints\2026-02-24_14-58-43-736031_ho_Classical_seed0\model.pth
INFO:src.utils.logger:Model weights saved to results\ho\Classical\20260224-145843_seed0_pinn_2-64-64-64-64-2\checkpoints\2026-02-24_14-58-43-736031_ho_Classical_seed0\model_weights.pth
INFO:src.utils.logger:It: 880, Loss: 2.630e-02, Loss_res: 4.307e-03,  Loss_bcs: 1.103e-04, Loss_ut_ics: 7.293e-05, Loss_norm: 2.166e-06, Loss_gauge: 0.000e+00, w_pde: 1.00e+00, L^2_error: 3.598e-02, lr: 1.000e-03, Time: 5.67e+01
INFO:src.utils.logger:Model state saved to results\ho\Classical\20260224-145843_seed0_pinn_2-64-64-64-64-2\checkpoints\2026-02-24_14-58-43-736031_ho_Classical_seed0\model.pth
INFO:src.utils.logger:Model weights saved to results\ho\Classical\20260224-145843_seed0_pinn_2-64-64-64-64-2\checkpoints\2026-02-24_14-58-43-736031_ho_Classical_seed0\model_weights.pth
INFO:src.utils.logger:It: 890, Loss: 2.574e-02, Loss_res: 4.150e-03,  Loss_bcs: 1.125e-04, Loss_ut_ics: 7.158e-05, Loss_norm: 1.450e-06, Loss_gauge: 0.000e+00, w_pde: 1.00e+00, L^2_error: 3.481e-02, lr: 1.000e-03, Time: 5.80e+01
INFO:src.utils.logger:Model state saved to results\ho\Classical\20260224-145843_seed0_pinn_2-64-64-64-64-2\checkpoints\2026-02-24_14-58-43-736031_ho_Classical_seed0\model.pth
INFO:src.utils.logger:Model weights saved to results\ho\Classical\20260224-145843_seed0_pinn_2-64-64-64-64-2\checkpoints\2026-02-24_14-58-43-736031_ho_Classical_seed0\model_weights.pth
INFO:src.utils.logger:It: 900, Loss: 4.693e-02, Loss_res: 1.140e-02,  Loss_bcs: 2.062e-04, Loss_ut_ics: 1.178e-04, Loss_norm: 8.538e-07, Loss_gauge: 0.000e+00, w_pde: 1.00e+00, L^2_error: 4.185e-02, lr: 1.000e-03, Time: 5.89e+01
INFO:src.utils.logger:Model state saved to results\ho\Classical\20260224-145843_seed0_pinn_2-64-64-64-64-2\checkpoints\2026-02-24_14-58-43-736031_ho_Classical_seed0\model.pth
INFO:src.utils.logger:Model weights saved to results\ho\Classical\20260224-145843_seed0_pinn_2-64-64-64-64-2\checkpoints\2026-02-24_14-58-43-736031_ho_Classical_seed0\model_weights.pth
INFO:src.utils.logger:It: 910, Loss: 4.002e-02, Loss_res: 9.805e-03,  Loss_bcs: 1.765e-04, Loss_ut_ics: 1.001e-04, Loss_norm: 2.429e-06, Loss_gauge: 0.000e+00, w_pde: 1.00e+00, L^2_error: 3.463e-02, lr: 1.000e-03, Time: 5.96e+01
INFO:src.utils.logger:Model state saved to results\ho\Classical\20260224-145843_seed0_pinn_2-64-64-64-64-2\checkpoints\2026-02-24_14-58-43-736031_ho_Classical_seed0\model.pth
INFO:src.utils.logger:Model weights saved to results\ho\Classical\20260224-145843_seed0_pinn_2-64-64-64-64-2\checkpoints\2026-02-24_14-58-43-736031_ho_Classical_seed0\model_weights.pth
INFO:src.utils.logger:It: 920, Loss: 2.883e-02, Loss_res: 4.621e-03,  Loss_bcs: 9.381e-05, Loss_ut_ics: 8.036e-05, Loss_norm: 8.640e-06, Loss_gauge: 0.000e+00, w_pde: 1.00e+00, L^2_error: 3.635e-02, lr: 1.000e-03, Time: 6.02e+01
INFO:src.utils.logger:Model state saved to results\ho\Classical\20260224-145843_seed0_pinn_2-64-64-64-64-2\checkpoints\2026-02-24_14-58-43-736031_ho_Classical_seed0\model.pth
INFO:src.utils.logger:Model weights saved to results\ho\Classical\20260224-145843_seed0_pinn_2-64-64-64-64-2\checkpoints\2026-02-24_14-58-43-736031_ho_Classical_seed0\model_weights.pth
INFO:src.utils.logger:It: 930, Loss: 3.306e-02, Loss_res: 7.145e-03,  Loss_bcs: 1.422e-04, Loss_ut_ics: 8.589e-05, Loss_norm: 9.158e-06, Loss_gauge: 0.000e+00, w_pde: 1.00e+00, L^2_error: 3.544e-02, lr: 1.000e-03, Time: 6.08e+01
INFO:src.utils.logger:Model state saved to results\ho\Classical\20260224-145843_seed0_pinn_2-64-64-64-64-2\checkpoints\2026-02-24_14-58-43-736031_ho_Classical_seed0\model.pth
INFO:src.utils.logger:Model weights saved to results\ho\Classical\20260224-145843_seed0_pinn_2-64-64-64-64-2\checkpoints\2026-02-24_14-58-43-736031_ho_Classical_seed0\model_weights.pth
INFO:src.utils.logger:It: 940, Loss: 2.903e-02, Loss_res: 5.361e-03,  Loss_bcs: 1.360e-04, Loss_ut_ics: 7.843e-05, Loss_norm: 1.703e-06, Loss_gauge: 0.000e+00, w_pde: 1.00e+00, L^2_error: 3.390e-02, lr: 1.000e-03, Time: 6.14e+01
INFO:src.utils.logger:Model state saved to results\ho\Classical\20260224-145843_seed0_pinn_2-64-64-64-64-2\checkpoints\2026-02-24_14-58-43-736031_ho_Classical_seed0\model.pth
INFO:src.utils.logger:Model weights saved to results\ho\Classical\20260224-145843_seed0_pinn_2-64-64-64-64-2\checkpoints\2026-02-24_14-58-43-736031_ho_Classical_seed0\model_weights.pth
INFO:src.utils.logger:It: 950, Loss: 3.676e-02, Loss_res: 7.029e-03,  Loss_bcs: 1.222e-04, Loss_ut_ics: 9.868e-05, Loss_norm: 7.267e-06, Loss_gauge: 0.000e+00, w_pde: 1.00e+00, L^2_error: 4.037e-02, lr: 1.000e-03, Time: 6.21e+01
INFO:src.utils.logger:Model state saved to results\ho\Classical\20260224-145843_seed0_pinn_2-64-64-64-64-2\checkpoints\2026-02-24_14-58-43-736031_ho_Classical_seed0\model.pth
INFO:src.utils.logger:Model weights saved to results\ho\Classical\20260224-145843_seed0_pinn_2-64-64-64-64-2\checkpoints\2026-02-24_14-58-43-736031_ho_Classical_seed0\model_weights.pth
INFO:src.utils.logger:It: 960, Loss: 4.863e-02, Loss_res: 1.155e-02,  Loss_bcs: 2.125e-04, Loss_ut_ics: 1.229e-04, Loss_norm: 5.072e-06, Loss_gauge: 0.000e+00, w_pde: 1.00e+00, L^2_error: 4.297e-02, lr: 1.000e-03, Time: 6.28e+01
INFO:src.utils.logger:Model state saved to results\ho\Classical\20260224-145843_seed0_pinn_2-64-64-64-64-2\checkpoints\2026-02-24_14-58-43-736031_ho_Classical_seed0\model.pth
INFO:src.utils.logger:Model weights saved to results\ho\Classical\20260224-145843_seed0_pinn_2-64-64-64-64-2\checkpoints\2026-02-24_14-58-43-736031_ho_Classical_seed0\model_weights.pth
INFO:src.utils.logger:It: 970, Loss: 2.526e-02, Loss_res: 4.738e-03,  Loss_bcs: 1.074e-04, Loss_ut_ics: 6.802e-05, Loss_norm: 7.444e-06, Loss_gauge: 0.000e+00, w_pde: 1.00e+00, L^2_error: 3.635e-02, lr: 1.000e-03, Time: 6.34e+01
INFO:src.utils.logger:Model state saved to results\ho\Classical\20260224-145843_seed0_pinn_2-64-64-64-64-2\checkpoints\2026-02-24_14-58-43-736031_ho_Classical_seed0\model.pth
INFO:src.utils.logger:Model weights saved to results\ho\Classical\20260224-145843_seed0_pinn_2-64-64-64-64-2\checkpoints\2026-02-24_14-58-43-736031_ho_Classical_seed0\model_weights.pth
INFO:src.utils.logger:It: 980, Loss: 2.473e-02, Loss_res: 4.472e-03,  Loss_bcs: 9.948e-05, Loss_ut_ics: 6.718e-05, Loss_norm: 3.565e-06, Loss_gauge: 0.000e+00, w_pde: 1.00e+00, L^2_error: 3.325e-02, lr: 1.000e-03, Time: 6.41e+01
INFO:src.utils.logger:Model state saved to results\ho\Classical\20260224-145843_seed0_pinn_2-64-64-64-64-2\checkpoints\2026-02-24_14-58-43-736031_ho_Classical_seed0\model.pth
INFO:src.utils.logger:Model weights saved to results\ho\Classical\20260224-145843_seed0_pinn_2-64-64-64-64-2\checkpoints\2026-02-24_14-58-43-736031_ho_Classical_seed0\model_weights.pth
INFO:src.utils.logger:It: 990, Loss: 2.458e-02, Loss_res: 4.441e-03,  Loss_bcs: 1.016e-04, Loss_ut_ics: 6.679e-05, Loss_norm: 1.081e-06, Loss_gauge: 0.000e+00, w_pde: 1.00e+00, L^2_error: 3.406e-02, lr: 1.000e-03, Time: 6.47e+01
INFO:src.utils.logger:Model state saved to results\ho\Classical\20260224-145843_seed0_pinn_2-64-64-64-64-2\checkpoints\2026-02-24_14-58-43-736031_ho_Classical_seed0\model.pth
INFO:src.utils.logger:Model weights saved to results\ho\Classical\20260224-145843_seed0_pinn_2-64-64-64-64-2\checkpoints\2026-02-24_14-58-43-736031_ho_Classical_seed0\model_weights.pth
INFO:src.utils.logger:It: 1000, Loss: 2.450e-02, Loss_res: 4.387e-03,  Loss_bcs: 9.816e-05, Loss_ut_ics: 6.670e-05, Loss_norm: 1.737e-07, Loss_gauge: 0.000e+00, w_pde: 1.00e+00, L^2_error: 3.425e-02, lr: 1.000e-03, Time: 6.54e+01
INFO:src.utils.logger:Model state saved to results\ho\Classical\20260224-145843_seed0_pinn_2-64-64-64-64-2\checkpoints\2026-02-24_14-58-43-736031_ho_Classical_seed0\model.pth
INFO:src.utils.logger:Model weights saved to results\ho\Classical\20260224-145843_seed0_pinn_2-64-64-64-64-2\checkpoints\2026-02-24_14-58-43-736031_ho_Classical_seed0\model_weights.pth
INFO:src.utils.logger:It: 1010, Loss: 2.726e-02, Loss_res: 5.409e-03,  Loss_bcs: 1.188e-04, Loss_ut_ics: 7.243e-05, Loss_norm: 1.406e-06, Loss_gauge: 0.000e+00, w_pde: 1.00e+00, L^2_error: 3.310e-02, lr: 1.000e-03, Time: 6.60e+01
INFO:src.utils.logger:Model state saved to results\ho\Classical\20260224-145843_seed0_pinn_2-64-64-64-64-2\checkpoints\2026-02-24_14-58-43-736031_ho_Classical_seed0\model.pth
INFO:src.utils.logger:Model weights saved to results\ho\Classical\20260224-145843_seed0_pinn_2-64-64-64-64-2\checkpoints\2026-02-24_14-58-43-736031_ho_Classical_seed0\model_weights.pth
INFO:src.utils.logger:It: 1020, Loss: 3.876e-02, Loss_res: 8.891e-03,  Loss_bcs: 1.774e-04, Loss_ut_ics: 9.895e-05, Loss_norm: 2.936e-06, Loss_gauge: 0.000e+00, w_pde: 1.00e+00, L^2_error: 3.436e-02, lr: 1.000e-03, Time: 6.67e+01
INFO:src.utils.logger:Model state saved to results\ho\Classical\20260224-145843_seed0_pinn_2-64-64-64-64-2\checkpoints\2026-02-24_14-58-43-736031_ho_Classical_seed0\model.pth
INFO:src.utils.logger:Model weights saved to results\ho\Classical\20260224-145843_seed0_pinn_2-64-64-64-64-2\checkpoints\2026-02-24_14-58-43-736031_ho_Classical_seed0\model_weights.pth
INFO:src.utils.logger:It: 1030, Loss: 3.983e-02, Loss_res: 7.879e-03,  Loss_bcs: 1.334e-04, Loss_ut_ics: 1.061e-04, Loss_norm: 5.161e-07, Loss_gauge: 0.000e+00, w_pde: 1.00e+00, L^2_error: 4.284e-02, lr: 1.000e-03, Time: 6.73e+01
INFO:src.utils.logger:Model state saved to results\ho\Classical\20260224-145843_seed0_pinn_2-64-64-64-64-2\checkpoints\2026-02-24_14-58-43-736031_ho_Classical_seed0\model.pth
INFO:src.utils.logger:Model weights saved to results\ho\Classical\20260224-145843_seed0_pinn_2-64-64-64-64-2\checkpoints\2026-02-24_14-58-43-736031_ho_Classical_seed0\model_weights.pth
INFO:src.utils.logger:It: 1040, Loss: 4.129e-02, Loss_res: 9.510e-03,  Loss_bcs: 1.826e-04, Loss_ut_ics: 1.053e-04, Loss_norm: 8.963e-07, Loss_gauge: 0.000e+00, w_pde: 1.00e+00, L^2_error: 3.970e-02, lr: 1.000e-03, Time: 6.80e+01
INFO:src.utils.logger:Model state saved to results\ho\Classical\20260224-145843_seed0_pinn_2-64-64-64-64-2\checkpoints\2026-02-24_14-58-43-736031_ho_Classical_seed0\model.pth
INFO:src.utils.logger:Model weights saved to results\ho\Classical\20260224-145843_seed0_pinn_2-64-64-64-64-2\checkpoints\2026-02-24_14-58-43-736031_ho_Classical_seed0\model_weights.pth
INFO:src.utils.logger:It: 1050, Loss: 5.044e-02, Loss_res: 1.126e-02,  Loss_bcs: 2.260e-04, Loss_ut_ics: 1.298e-04, Loss_norm: 3.829e-06, Loss_gauge: 0.000e+00, w_pde: 1.00e+00, L^2_error: 3.366e-02, lr: 1.000e-03, Time: 6.86e+01
INFO:src.utils.logger:Model state saved to results\ho\Classical\20260224-145843_seed0_pinn_2-64-64-64-64-2\checkpoints\2026-02-24_14-58-43-736031_ho_Classical_seed0\model.pth
INFO:src.utils.logger:Model weights saved to results\ho\Classical\20260224-145843_seed0_pinn_2-64-64-64-64-2\checkpoints\2026-02-24_14-58-43-736031_ho_Classical_seed0\model_weights.pth
INFO:src.utils.logger:It: 1060, Loss: 4.685e-02, Loss_res: 8.749e-03,  Loss_bcs: 1.598e-04, Loss_ut_ics: 1.265e-04, Loss_norm: 1.332e-06, Loss_gauge: 0.000e+00, w_pde: 1.00e+00, L^2_error: 3.905e-02, lr: 1.000e-03, Time: 6.93e+01
INFO:src.utils.logger:Model state saved to results\ho\Classical\20260224-145843_seed0_pinn_2-64-64-64-64-2\checkpoints\2026-02-24_14-58-43-736031_ho_Classical_seed0\model.pth
INFO:src.utils.logger:Model weights saved to results\ho\Classical\20260224-145843_seed0_pinn_2-64-64-64-64-2\checkpoints\2026-02-24_14-58-43-736031_ho_Classical_seed0\model_weights.pth
INFO:src.utils.logger:It: 1070, Loss: 2.994e-02, Loss_res: 5.899e-03,  Loss_bcs: 1.296e-04, Loss_ut_ics: 7.971e-05, Loss_norm: 1.666e-06, Loss_gauge: 0.000e+00, w_pde: 1.00e+00, L^2_error: 3.229e-02, lr: 1.000e-03, Time: 6.99e+01
INFO:src.utils.logger:Model state saved to results\ho\Classical\20260224-145843_seed0_pinn_2-64-64-64-64-2\checkpoints\2026-02-24_14-58-43-736031_ho_Classical_seed0\model.pth
INFO:src.utils.logger:Model weights saved to results\ho\Classical\20260224-145843_seed0_pinn_2-64-64-64-64-2\checkpoints\2026-02-24_14-58-43-736031_ho_Classical_seed0\model_weights.pth
INFO:src.utils.logger:It: 1080, Loss: 2.251e-02, Loss_res: 3.535e-03,  Loss_bcs: 9.367e-05, Loss_ut_ics: 6.294e-05, Loss_norm: 2.150e-06, Loss_gauge: 0.000e+00, w_pde: 1.00e+00, L^2_error: 3.206e-02, lr: 1.000e-03, Time: 7.05e+01
INFO:src.utils.logger:Model state saved to results\ho\Classical\20260224-145843_seed0_pinn_2-64-64-64-64-2\checkpoints\2026-02-24_14-58-43-736031_ho_Classical_seed0\model.pth
INFO:src.utils.logger:Model weights saved to results\ho\Classical\20260224-145843_seed0_pinn_2-64-64-64-64-2\checkpoints\2026-02-24_14-58-43-736031_ho_Classical_seed0\model_weights.pth
INFO:src.utils.logger:It: 1090, Loss: 2.523e-02, Loss_res: 4.321e-03,  Loss_bcs: 9.505e-05, Loss_ut_ics: 6.938e-05, Loss_norm: 3.380e-06, Loss_gauge: 0.000e+00, w_pde: 1.00e+00, L^2_error: 3.473e-02, lr: 1.000e-03, Time: 7.11e+01
INFO:src.utils.logger:Model state saved to results\ho\Classical\20260224-145843_seed0_pinn_2-64-64-64-64-2\checkpoints\2026-02-24_14-58-43-736031_ho_Classical_seed0\model.pth
INFO:src.utils.logger:Model weights saved to results\ho\Classical\20260224-145843_seed0_pinn_2-64-64-64-64-2\checkpoints\2026-02-24_14-58-43-736031_ho_Classical_seed0\model_weights.pth
INFO:src.utils.logger:It: 1100, Loss: 2.350e-02, Loss_res: 4.617e-03,  Loss_bcs: 9.953e-05, Loss_ut_ics: 6.259e-05, Loss_norm: 1.058e-06, Loss_gauge: 0.000e+00, w_pde: 1.00e+00, L^2_error: 3.181e-02, lr: 1.000e-03, Time: 7.17e+01
INFO:src.utils.logger:Model state saved to results\ho\Classical\20260224-145843_seed0_pinn_2-64-64-64-64-2\checkpoints\2026-02-24_14-58-43-736031_ho_Classical_seed0\model.pth
INFO:src.utils.logger:Model weights saved to results\ho\Classical\20260224-145843_seed0_pinn_2-64-64-64-64-2\checkpoints\2026-02-24_14-58-43-736031_ho_Classical_seed0\model_weights.pth
INFO:src.utils.logger:It: 1110, Loss: 2.569e-02, Loss_res: 4.655e-03,  Loss_bcs: 9.235e-05, Loss_ut_ics: 6.980e-05, Loss_norm: 1.942e-06, Loss_gauge: 0.000e+00, w_pde: 1.00e+00, L^2_error: 3.546e-02, lr: 1.000e-03, Time: 7.27e+01
INFO:src.utils.logger:Model state saved to results\ho\Classical\20260224-145843_seed0_pinn_2-64-64-64-64-2\checkpoints\2026-02-24_14-58-43-736031_ho_Classical_seed0\model.pth
INFO:src.utils.logger:Model weights saved to results\ho\Classical\20260224-145843_seed0_pinn_2-64-64-64-64-2\checkpoints\2026-02-24_14-58-43-736031_ho_Classical_seed0\model_weights.pth
INFO:src.utils.logger:It: 1120, Loss: 2.210e-02, Loss_res: 3.644e-03,  Loss_bcs: 9.247e-05, Loss_ut_ics: 6.121e-05, Loss_norm: 1.044e-06, Loss_gauge: 0.000e+00, w_pde: 1.00e+00, L^2_error: 3.215e-02, lr: 1.000e-03, Time: 7.36e+01
INFO:src.utils.logger:Model state saved to results\ho\Classical\20260224-145843_seed0_pinn_2-64-64-64-64-2\checkpoints\2026-02-24_14-58-43-736031_ho_Classical_seed0\model.pth
INFO:src.utils.logger:Model weights saved to results\ho\Classical\20260224-145843_seed0_pinn_2-64-64-64-64-2\checkpoints\2026-02-24_14-58-43-736031_ho_Classical_seed0\model_weights.pth
INFO:src.utils.logger:It: 1130, Loss: 3.378e-02, Loss_res: 6.697e-03,  Loss_bcs: 1.171e-04, Loss_ut_ics: 8.989e-05, Loss_norm: 3.311e-07, Loss_gauge: 0.000e+00, w_pde: 1.00e+00, L^2_error: 4.292e-02, lr: 1.000e-03, Time: 7.44e+01
INFO:src.utils.logger:Model state saved to results\ho\Classical\20260224-145843_seed0_pinn_2-64-64-64-64-2\checkpoints\2026-02-24_14-58-43-736031_ho_Classical_seed0\model.pth
INFO:src.utils.logger:Model weights saved to results\ho\Classical\20260224-145843_seed0_pinn_2-64-64-64-64-2\checkpoints\2026-02-24_14-58-43-736031_ho_Classical_seed0\model_weights.pth
INFO:src.utils.logger:It: 1140, Loss: 3.230e-02, Loss_res: 4.790e-03,  Loss_bcs: 1.179e-04, Loss_ut_ics: 9.127e-05, Loss_norm: 8.299e-06, Loss_gauge: 0.000e+00, w_pde: 1.00e+00, L^2_error: 3.592e-02, lr: 1.000e-03, Time: 7.56e+01
INFO:src.utils.logger:Model state saved to results\ho\Classical\20260224-145843_seed0_pinn_2-64-64-64-64-2\checkpoints\2026-02-24_14-58-43-736031_ho_Classical_seed0\model.pth
INFO:src.utils.logger:Model weights saved to results\ho\Classical\20260224-145843_seed0_pinn_2-64-64-64-64-2\checkpoints\2026-02-24_14-58-43-736031_ho_Classical_seed0\model_weights.pth
INFO:src.utils.logger:It: 1150, Loss: 2.523e-02, Loss_res: 5.015e-03,  Loss_bcs: 1.100e-04, Loss_ut_ics: 6.701e-05, Loss_norm: 3.547e-06, Loss_gauge: 0.000e+00, w_pde: 1.00e+00, L^2_error: 3.148e-02, lr: 1.000e-03, Time: 7.65e+01
INFO:src.utils.logger:Model state saved to results\ho\Classical\20260224-145843_seed0_pinn_2-64-64-64-64-2\checkpoints\2026-02-24_14-58-43-736031_ho_Classical_seed0\model.pth
INFO:src.utils.logger:Model weights saved to results\ho\Classical\20260224-145843_seed0_pinn_2-64-64-64-64-2\checkpoints\2026-02-24_14-58-43-736031_ho_Classical_seed0\model_weights.pth
INFO:src.utils.logger:It: 1160, Loss: 2.218e-02, Loss_res: 4.206e-03,  Loss_bcs: 9.254e-05, Loss_ut_ics: 5.960e-05, Loss_norm: 7.208e-07, Loss_gauge: 0.000e+00, w_pde: 1.00e+00, L^2_error: 3.129e-02, lr: 1.000e-03, Time: 7.71e+01
INFO:src.utils.logger:Model state saved to results\ho\Classical\20260224-145843_seed0_pinn_2-64-64-64-64-2\checkpoints\2026-02-24_14-58-43-736031_ho_Classical_seed0\model.pth
INFO:src.utils.logger:Model weights saved to results\ho\Classical\20260224-145843_seed0_pinn_2-64-64-64-64-2\checkpoints\2026-02-24_14-58-43-736031_ho_Classical_seed0\model_weights.pth
INFO:src.utils.logger:It: 1170, Loss: 2.204e-02, Loss_res: 4.003e-03,  Loss_bcs: 9.064e-05, Loss_ut_ics: 5.981e-05, Loss_norm: 5.334e-07, Loss_gauge: 0.000e+00, w_pde: 1.00e+00, L^2_error: 3.102e-02, lr: 1.000e-03, Time: 7.79e+01
INFO:src.utils.logger:Model state saved to results\ho\Classical\20260224-145843_seed0_pinn_2-64-64-64-64-2\checkpoints\2026-02-24_14-58-43-736031_ho_Classical_seed0\model.pth
INFO:src.utils.logger:Model weights saved to results\ho\Classical\20260224-145843_seed0_pinn_2-64-64-64-64-2\checkpoints\2026-02-24_14-58-43-736031_ho_Classical_seed0\model_weights.pth
INFO:src.utils.logger:It: 1180, Loss: 6.058e-02, Loss_res: 1.473e-02,  Loss_bcs: 2.470e-04, Loss_ut_ics: 1.520e-04, Loss_norm: 4.577e-06, Loss_gauge: 0.000e+00, w_pde: 1.00e+00, L^2_error: 5.046e-02, lr: 1.000e-03, Time: 7.87e+01
INFO:src.utils.logger:Model state saved to results\ho\Classical\20260224-145843_seed0_pinn_2-64-64-64-64-2\checkpoints\2026-02-24_14-58-43-736031_ho_Classical_seed0\model.pth
INFO:src.utils.logger:Model weights saved to results\ho\Classical\20260224-145843_seed0_pinn_2-64-64-64-64-2\checkpoints\2026-02-24_14-58-43-736031_ho_Classical_seed0\model_weights.pth
INFO:src.utils.logger:It: 1190, Loss: 1.427e-01, Loss_res: 3.062e-02,  Loss_bcs: 5.324e-04, Loss_ut_ics: 3.717e-04, Loss_norm: 3.170e-05, Loss_gauge: 0.000e+00, w_pde: 1.00e+00, L^2_error: 3.188e-02, lr: 1.000e-03, Time: 7.94e+01
INFO:src.utils.logger:Model state saved to results\ho\Classical\20260224-145843_seed0_pinn_2-64-64-64-64-2\checkpoints\2026-02-24_14-58-43-736031_ho_Classical_seed0\model.pth
INFO:src.utils.logger:Model weights saved to results\ho\Classical\20260224-145843_seed0_pinn_2-64-64-64-64-2\checkpoints\2026-02-24_14-58-43-736031_ho_Classical_seed0\model_weights.pth
INFO:src.utils.logger:It: 1200, Loss: 5.293e-02, Loss_res: 1.086e-02,  Loss_bcs: 2.113e-04, Loss_ut_ics: 1.395e-04, Loss_norm: 1.336e-05, Loss_gauge: 0.000e+00, w_pde: 1.00e+00, L^2_error: 3.890e-02, lr: 1.000e-03, Time: 8.00e+01
INFO:src.utils.logger:Model state saved to results\ho\Classical\20260224-145843_seed0_pinn_2-64-64-64-64-2\checkpoints\2026-02-24_14-58-43-736031_ho_Classical_seed0\model.pth
INFO:src.utils.logger:Model weights saved to results\ho\Classical\20260224-145843_seed0_pinn_2-64-64-64-64-2\checkpoints\2026-02-24_14-58-43-736031_ho_Classical_seed0\model_weights.pth
INFO:src.utils.logger:It: 1210, Loss: 6.276e-02, Loss_res: 1.319e-02,  Loss_bcs: 2.131e-04, Loss_ut_ics: 1.645e-04, Loss_norm: 1.720e-05, Loss_gauge: 0.000e+00, w_pde: 1.00e+00, L^2_error: 5.712e-02, lr: 1.000e-03, Time: 8.07e+01
INFO:src.utils.logger:Model state saved to results\ho\Classical\20260224-145843_seed0_pinn_2-64-64-64-64-2\checkpoints\2026-02-24_14-58-43-736031_ho_Classical_seed0\model.pth
INFO:src.utils.logger:Model weights saved to results\ho\Classical\20260224-145843_seed0_pinn_2-64-64-64-64-2\checkpoints\2026-02-24_14-58-43-736031_ho_Classical_seed0\model_weights.pth
INFO:src.utils.logger:It: 1220, Loss: 3.961e-02, Loss_res: 7.219e-03,  Loss_bcs: 1.303e-04, Loss_ut_ics: 1.075e-04, Loss_norm: 1.844e-06, Loss_gauge: 0.000e+00, w_pde: 1.00e+00, L^2_error: 3.405e-02, lr: 1.000e-03, Time: 8.13e+01
INFO:src.utils.logger:Model state saved to results\ho\Classical\20260224-145843_seed0_pinn_2-64-64-64-64-2\checkpoints\2026-02-24_14-58-43-736031_ho_Classical_seed0\model.pth
INFO:src.utils.logger:Model weights saved to results\ho\Classical\20260224-145843_seed0_pinn_2-64-64-64-64-2\checkpoints\2026-02-24_14-58-43-736031_ho_Classical_seed0\model_weights.pth
INFO:src.utils.logger:It: 1230, Loss: 2.302e-02, Loss_res: 4.328e-03,  Loss_bcs: 8.325e-05, Loss_ut_ics: 6.200e-05, Loss_norm: 8.248e-06, Loss_gauge: 0.000e+00, w_pde: 1.00e+00, L^2_error: 3.269e-02, lr: 1.000e-03, Time: 8.19e+01
INFO:src.utils.logger:Model state saved to results\ho\Classical\20260224-145843_seed0_pinn_2-64-64-64-64-2\checkpoints\2026-02-24_14-58-43-736031_ho_Classical_seed0\model.pth
INFO:src.utils.logger:Model weights saved to results\ho\Classical\20260224-145843_seed0_pinn_2-64-64-64-64-2\checkpoints\2026-02-24_14-58-43-736031_ho_Classical_seed0\model_weights.pth
INFO:src.utils.logger:It: 1240, Loss: 2.426e-02, Loss_res: 4.211e-03,  Loss_bcs: 9.368e-05, Loss_ut_ics: 6.653e-05, Loss_norm: 2.043e-07, Loss_gauge: 0.000e+00, w_pde: 1.00e+00, L^2_error: 3.046e-02, lr: 1.000e-03, Time: 8.26e+01
INFO:src.utils.logger:Model state saved to results\ho\Classical\20260224-145843_seed0_pinn_2-64-64-64-64-2\checkpoints\2026-02-24_14-58-43-736031_ho_Classical_seed0\model.pth
INFO:src.utils.logger:Model weights saved to results\ho\Classical\20260224-145843_seed0_pinn_2-64-64-64-64-2\checkpoints\2026-02-24_14-58-43-736031_ho_Classical_seed0\model_weights.pth
INFO:src.utils.logger:It: 1250, Loss: 2.053e-02, Loss_res: 3.320e-03,  Loss_bcs: 7.328e-05, Loss_ut_ics: 5.713e-05, Loss_norm: 2.055e-06, Loss_gauge: 0.000e+00, w_pde: 1.00e+00, L^2_error: 3.140e-02, lr: 1.000e-03, Time: 8.32e+01
INFO:src.utils.logger:Model state saved to results\ho\Classical\20260224-145843_seed0_pinn_2-64-64-64-64-2\checkpoints\2026-02-24_14-58-43-736031_ho_Classical_seed0\model.pth
INFO:src.utils.logger:Model weights saved to results\ho\Classical\20260224-145843_seed0_pinn_2-64-64-64-64-2\checkpoints\2026-02-24_14-58-43-736031_ho_Classical_seed0\model_weights.pth
INFO:src.utils.logger:It: 1260, Loss: 2.058e-02, Loss_res: 3.438e-03,  Loss_bcs: 7.243e-05, Loss_ut_ics: 5.691e-05, Loss_norm: 2.086e-07, Loss_gauge: 0.000e+00, w_pde: 1.00e+00, L^2_error: 3.142e-02, lr: 1.000e-03, Time: 8.40e+01
INFO:src.utils.logger:Model state saved to results\ho\Classical\20260224-145843_seed0_pinn_2-64-64-64-64-2\checkpoints\2026-02-24_14-58-43-736031_ho_Classical_seed0\model.pth
INFO:src.utils.logger:Model weights saved to results\ho\Classical\20260224-145843_seed0_pinn_2-64-64-64-64-2\checkpoints\2026-02-24_14-58-43-736031_ho_Classical_seed0\model_weights.pth
INFO:src.utils.logger:It: 1270, Loss: 2.105e-02, Loss_res: 3.501e-03,  Loss_bcs: 7.443e-05, Loss_ut_ics: 5.824e-05, Loss_norm: 1.800e-06, Loss_gauge: 0.000e+00, w_pde: 1.00e+00, L^2_error: 3.104e-02, lr: 1.000e-03, Time: 8.48e+01
INFO:src.utils.logger:Model state saved to results\ho\Classical\20260224-145843_seed0_pinn_2-64-64-64-64-2\checkpoints\2026-02-24_14-58-43-736031_ho_Classical_seed0\model.pth
INFO:src.utils.logger:Model weights saved to results\ho\Classical\20260224-145843_seed0_pinn_2-64-64-64-64-2\checkpoints\2026-02-24_14-58-43-736031_ho_Classical_seed0\model_weights.pth
INFO:src.utils.logger:It: 1280, Loss: 2.041e-02, Loss_res: 3.534e-03,  Loss_bcs: 7.579e-05, Loss_ut_ics: 5.601e-05, Loss_norm: 5.813e-07, Loss_gauge: 0.000e+00, w_pde: 1.00e+00, L^2_error: 3.056e-02, lr: 1.000e-03, Time: 8.54e+01
INFO:src.utils.logger:Model state saved to results\ho\Classical\20260224-145843_seed0_pinn_2-64-64-64-64-2\checkpoints\2026-02-24_14-58-43-736031_ho_Classical_seed0\model.pth
INFO:src.utils.logger:Model weights saved to results\ho\Classical\20260224-145843_seed0_pinn_2-64-64-64-64-2\checkpoints\2026-02-24_14-58-43-736031_ho_Classical_seed0\model_weights.pth
INFO:src.utils.logger:It: 1290, Loss: 2.023e-02, Loss_res: 3.491e-03,  Loss_bcs: 7.279e-05, Loss_ut_ics: 5.554e-05, Loss_norm: 2.222e-06, Loss_gauge: 0.000e+00, w_pde: 1.00e+00, L^2_error: 3.048e-02, lr: 1.000e-03, Time: 8.60e+01
INFO:src.utils.logger:Model state saved to results\ho\Classical\20260224-145843_seed0_pinn_2-64-64-64-64-2\checkpoints\2026-02-24_14-58-43-736031_ho_Classical_seed0\model.pth
INFO:src.utils.logger:Model weights saved to results\ho\Classical\20260224-145843_seed0_pinn_2-64-64-64-64-2\checkpoints\2026-02-24_14-58-43-736031_ho_Classical_seed0\model_weights.pth
INFO:src.utils.logger:It: 1300, Loss: 1.994e-02, Loss_res: 3.337e-03,  Loss_bcs: 7.520e-05, Loss_ut_ics: 5.508e-05, Loss_norm: 9.212e-08, Loss_gauge: 0.000e+00, w_pde: 1.00e+00, L^2_error: 3.006e-02, lr: 1.000e-03, Time: 8.67e+01
INFO:src.utils.logger:Model state saved to results\ho\Classical\20260224-145843_seed0_pinn_2-64-64-64-64-2\checkpoints\2026-02-24_14-58-43-736031_ho_Classical_seed0\model.pth
INFO:src.utils.logger:Model weights saved to results\ho\Classical\20260224-145843_seed0_pinn_2-64-64-64-64-2\checkpoints\2026-02-24_14-58-43-736031_ho_Classical_seed0\model_weights.pth
INFO:src.utils.logger:It: 1310, Loss: 2.010e-02, Loss_res: 3.585e-03,  Loss_bcs: 7.408e-05, Loss_ut_ics: 5.480e-05, Loss_norm: 7.483e-07, Loss_gauge: 0.000e+00, w_pde: 1.00e+00, L^2_error: 3.032e-02, lr: 1.000e-03, Time: 8.73e+01
INFO:src.utils.logger:Model state saved to results\ho\Classical\20260224-145843_seed0_pinn_2-64-64-64-64-2\checkpoints\2026-02-24_14-58-43-736031_ho_Classical_seed0\model.pth
INFO:src.utils.logger:Model weights saved to results\ho\Classical\20260224-145843_seed0_pinn_2-64-64-64-64-2\checkpoints\2026-02-24_14-58-43-736031_ho_Classical_seed0\model_weights.pth
INFO:src.utils.logger:It: 1320, Loss: 1.977e-02, Loss_res: 3.346e-03,  Loss_bcs: 7.385e-05, Loss_ut_ics: 5.451e-05, Loss_norm: 1.032e-07, Loss_gauge: 0.000e+00, w_pde: 1.00e+00, L^2_error: 2.981e-02, lr: 1.000e-03, Time: 8.80e+01
INFO:src.utils.logger:Model state saved to results\ho\Classical\20260224-145843_seed0_pinn_2-64-64-64-64-2\checkpoints\2026-02-24_14-58-43-736031_ho_Classical_seed0\model.pth
INFO:src.utils.logger:Model weights saved to results\ho\Classical\20260224-145843_seed0_pinn_2-64-64-64-64-2\checkpoints\2026-02-24_14-58-43-736031_ho_Classical_seed0\model_weights.pth
INFO:src.utils.logger:It: 1330, Loss: 2.078e-02, Loss_res: 4.016e-03,  Loss_bcs: 8.136e-05, Loss_ut_ics: 5.560e-05, Loss_norm: 1.048e-06, Loss_gauge: 0.000e+00, w_pde: 1.00e+00, L^2_error: 2.977e-02, lr: 1.000e-03, Time: 8.86e+01
INFO:src.utils.logger:Model state saved to results\ho\Classical\20260224-145843_seed0_pinn_2-64-64-64-64-2\checkpoints\2026-02-24_14-58-43-736031_ho_Classical_seed0\model.pth
INFO:src.utils.logger:Model weights saved to results\ho\Classical\20260224-145843_seed0_pinn_2-64-64-64-64-2\checkpoints\2026-02-24_14-58-43-736031_ho_Classical_seed0\model_weights.pth
INFO:src.utils.logger:It: 1340, Loss: 2.107e-02, Loss_res: 4.002e-03,  Loss_bcs: 8.040e-05, Loss_ut_ics: 5.664e-05, Loss_norm: 1.201e-07, Loss_gauge: 0.000e+00, w_pde: 1.00e+00, L^2_error: 2.980e-02, lr: 1.000e-03, Time: 8.93e+01
INFO:src.utils.logger:Model state saved to results\ho\Classical\20260224-145843_seed0_pinn_2-64-64-64-64-2\checkpoints\2026-02-24_14-58-43-736031_ho_Classical_seed0\model.pth
INFO:src.utils.logger:Model weights saved to results\ho\Classical\20260224-145843_seed0_pinn_2-64-64-64-64-2\checkpoints\2026-02-24_14-58-43-736031_ho_Classical_seed0\model_weights.pth
INFO:src.utils.logger:It: 1350, Loss: 1.976e-02, Loss_res: 3.664e-03,  Loss_bcs: 7.429e-05, Loss_ut_ics: 5.341e-05, Loss_norm: 8.305e-08, Loss_gauge: 0.000e+00, w_pde: 1.00e+00, L^2_error: 2.953e-02, lr: 1.000e-03, Time: 8.99e+01
INFO:src.utils.logger:Model state saved to results\ho\Classical\20260224-145843_seed0_pinn_2-64-64-64-64-2\checkpoints\2026-02-24_14-58-43-736031_ho_Classical_seed0\model.pth
INFO:src.utils.logger:Model weights saved to results\ho\Classical\20260224-145843_seed0_pinn_2-64-64-64-64-2\checkpoints\2026-02-24_14-58-43-736031_ho_Classical_seed0\model_weights.pth
INFO:src.utils.logger:It: 1360, Loss: 2.094e-02, Loss_res: 4.395e-03,  Loss_bcs: 7.618e-05, Loss_ut_ics: 5.490e-05, Loss_norm: 1.977e-06, Loss_gauge: 0.000e+00, w_pde: 1.00e+00, L^2_error: 2.953e-02, lr: 1.000e-03, Time: 9.06e+01
INFO:src.utils.logger:Model state saved to results\ho\Classical\20260224-145843_seed0_pinn_2-64-64-64-64-2\checkpoints\2026-02-24_14-58-43-736031_ho_Classical_seed0\model.pth
INFO:src.utils.logger:Model weights saved to results\ho\Classical\20260224-145843_seed0_pinn_2-64-64-64-64-2\checkpoints\2026-02-24_14-58-43-736031_ho_Classical_seed0\model_weights.pth
INFO:src.utils.logger:It: 1370, Loss: 2.100e-02, Loss_res: 3.613e-03,  Loss_bcs: 7.518e-05, Loss_ut_ics: 5.770e-05, Loss_norm: 5.340e-07, Loss_gauge: 0.000e+00, w_pde: 1.00e+00, L^2_error: 3.045e-02, lr: 1.000e-03, Time: 9.12e+01
INFO:src.utils.logger:Model state saved to results\ho\Classical\20260224-145843_seed0_pinn_2-64-64-64-64-2\checkpoints\2026-02-24_14-58-43-736031_ho_Classical_seed0\model.pth
INFO:src.utils.logger:Model weights saved to results\ho\Classical\20260224-145843_seed0_pinn_2-64-64-64-64-2\checkpoints\2026-02-24_14-58-43-736031_ho_Classical_seed0\model_weights.pth
INFO:src.utils.logger:It: 1380, Loss: 1.994e-02, Loss_res: 3.507e-03,  Loss_bcs: 7.461e-05, Loss_ut_ics: 5.453e-05, Loss_norm: 2.326e-07, Loss_gauge: 0.000e+00, w_pde: 1.00e+00, L^2_error: 3.075e-02, lr: 1.000e-03, Time: 9.18e+01
INFO:src.utils.logger:Model state saved to results\ho\Classical\20260224-145843_seed0_pinn_2-64-64-64-64-2\checkpoints\2026-02-24_14-58-43-736031_ho_Classical_seed0\model.pth
INFO:src.utils.logger:Model weights saved to results\ho\Classical\20260224-145843_seed0_pinn_2-64-64-64-64-2\checkpoints\2026-02-24_14-58-43-736031_ho_Classical_seed0\model_weights.pth
INFO:src.utils.logger:It: 1390, Loss: 1.949e-02, Loss_res: 3.147e-03,  Loss_bcs: 7.281e-05, Loss_ut_ics: 5.425e-05, Loss_norm: 2.363e-07, Loss_gauge: 0.000e+00, w_pde: 1.00e+00, L^2_error: 3.099e-02, lr: 1.000e-03, Time: 9.25e+01
INFO:src.utils.logger:Model state saved to results\ho\Classical\20260224-145843_seed0_pinn_2-64-64-64-64-2\checkpoints\2026-02-24_14-58-43-736031_ho_Classical_seed0\model.pth
INFO:src.utils.logger:Model weights saved to results\ho\Classical\20260224-145843_seed0_pinn_2-64-64-64-64-2\checkpoints\2026-02-24_14-58-43-736031_ho_Classical_seed0\model_weights.pth
INFO:src.utils.logger:It: 1400, Loss: 2.029e-02, Loss_res: 3.811e-03,  Loss_bcs: 7.548e-05, Loss_ut_ics: 5.467e-05, Loss_norm: 1.293e-07, Loss_gauge: 0.000e+00, w_pde: 1.00e+00, L^2_error: 2.925e-02, lr: 1.000e-03, Time: 9.31e+01
INFO:src.utils.logger:Model state saved to results\ho\Classical\20260224-145843_seed0_pinn_2-64-64-64-64-2\checkpoints\2026-02-24_14-58-43-736031_ho_Classical_seed0\model.pth
INFO:src.utils.logger:Model weights saved to results\ho\Classical\20260224-145843_seed0_pinn_2-64-64-64-64-2\checkpoints\2026-02-24_14-58-43-736031_ho_Classical_seed0\model_weights.pth
INFO:src.utils.logger:It: 1410, Loss: 1.961e-02, Loss_res: 3.532e-03,  Loss_bcs: 7.549e-05, Loss_ut_ics: 5.335e-05, Loss_norm: 5.419e-07, Loss_gauge: 0.000e+00, w_pde: 1.00e+00, L^2_error: 2.972e-02, lr: 1.000e-03, Time: 9.38e+01
INFO:src.utils.logger:Model state saved to results\ho\Classical\20260224-145843_seed0_pinn_2-64-64-64-64-2\checkpoints\2026-02-24_14-58-43-736031_ho_Classical_seed0\model.pth
INFO:src.utils.logger:Model weights saved to results\ho\Classical\20260224-145843_seed0_pinn_2-64-64-64-64-2\checkpoints\2026-02-24_14-58-43-736031_ho_Classical_seed0\model_weights.pth
INFO:src.utils.logger:It: 1420, Loss: 1.890e-02, Loss_res: 3.464e-03,  Loss_bcs: 6.831e-05, Loss_ut_ics: 5.122e-05, Loss_norm: 4.507e-07, Loss_gauge: 0.000e+00, w_pde: 1.00e+00, L^2_error: 3.003e-02, lr: 1.000e-03, Time: 9.44e+01
INFO:src.utils.logger:Model state saved to results\ho\Classical\20260224-145843_seed0_pinn_2-64-64-64-64-2\checkpoints\2026-02-24_14-58-43-736031_ho_Classical_seed0\model.pth
INFO:src.utils.logger:Model weights saved to results\ho\Classical\20260224-145843_seed0_pinn_2-64-64-64-64-2\checkpoints\2026-02-24_14-58-43-736031_ho_Classical_seed0\model_weights.pth
INFO:src.utils.logger:It: 1430, Loss: 1.975e-02, Loss_res: 3.495e-03,  Loss_bcs: 7.816e-05, Loss_ut_ics: 5.393e-05, Loss_norm: 1.845e-06, Loss_gauge: 0.000e+00, w_pde: 1.00e+00, L^2_error: 2.890e-02, lr: 1.000e-03, Time: 9.50e+01
INFO:src.utils.logger:Model state saved to results\ho\Classical\20260224-145843_seed0_pinn_2-64-64-64-64-2\checkpoints\2026-02-24_14-58-43-736031_ho_Classical_seed0\model.pth
INFO:src.utils.logger:Model weights saved to results\ho\Classical\20260224-145843_seed0_pinn_2-64-64-64-64-2\checkpoints\2026-02-24_14-58-43-736031_ho_Classical_seed0\model_weights.pth
INFO:src.utils.logger:It: 1440, Loss: 1.937e-02, Loss_res: 4.020e-03,  Loss_bcs: 7.393e-05, Loss_ut_ics: 5.092e-05, Loss_norm: 1.064e-06, Loss_gauge: 0.000e+00, w_pde: 1.00e+00, L^2_error: 2.885e-02, lr: 1.000e-03, Time: 9.57e+01
INFO:src.utils.logger:Model state saved to results\ho\Classical\20260224-145843_seed0_pinn_2-64-64-64-64-2\checkpoints\2026-02-24_14-58-43-736031_ho_Classical_seed0\model.pth
INFO:src.utils.logger:Model weights saved to results\ho\Classical\20260224-145843_seed0_pinn_2-64-64-64-64-2\checkpoints\2026-02-24_14-58-43-736031_ho_Classical_seed0\model_weights.pth
INFO:src.utils.logger:It: 1450, Loss: 1.867e-02, Loss_res: 3.497e-03,  Loss_bcs: 7.043e-05, Loss_ut_ics: 5.034e-05, Loss_norm: 7.644e-10, Loss_gauge: 0.000e+00, w_pde: 1.00e+00, L^2_error: 2.902e-02, lr: 1.000e-03, Time: 9.63e+01
INFO:src.utils.logger:Model state saved to results\ho\Classical\20260224-145843_seed0_pinn_2-64-64-64-64-2\checkpoints\2026-02-24_14-58-43-736031_ho_Classical_seed0\model.pth
INFO:src.utils.logger:Model weights saved to results\ho\Classical\20260224-145843_seed0_pinn_2-64-64-64-64-2\checkpoints\2026-02-24_14-58-43-736031_ho_Classical_seed0\model_weights.pth
INFO:src.utils.logger:It: 1460, Loss: 1.841e-02, Loss_res: 3.170e-03,  Loss_bcs: 6.942e-05, Loss_ut_ics: 5.056e-05, Loss_norm: 2.563e-06, Loss_gauge: 0.000e+00, w_pde: 1.00e+00, L^2_error: 2.898e-02, lr: 1.000e-03, Time: 9.70e+01
INFO:src.utils.logger:Model state saved to results\ho\Classical\20260224-145843_seed0_pinn_2-64-64-64-64-2\checkpoints\2026-02-24_14-58-43-736031_ho_Classical_seed0\model.pth
INFO:src.utils.logger:Model weights saved to results\ho\Classical\20260224-145843_seed0_pinn_2-64-64-64-64-2\checkpoints\2026-02-24_14-58-43-736031_ho_Classical_seed0\model_weights.pth
INFO:src.utils.logger:It: 1470, Loss: 1.823e-02, Loss_res: 3.266e-03,  Loss_bcs: 6.887e-05, Loss_ut_ics: 4.965e-05, Loss_norm: 2.012e-07, Loss_gauge: 0.000e+00, w_pde: 1.00e+00, L^2_error: 2.879e-02, lr: 1.000e-03, Time: 9.76e+01
INFO:src.utils.logger:Model state saved to results\ho\Classical\20260224-145843_seed0_pinn_2-64-64-64-64-2\checkpoints\2026-02-24_14-58-43-736031_ho_Classical_seed0\model.pth
INFO:src.utils.logger:Model weights saved to results\ho\Classical\20260224-145843_seed0_pinn_2-64-64-64-64-2\checkpoints\2026-02-24_14-58-43-736031_ho_Classical_seed0\model_weights.pth
INFO:src.utils.logger:It: 1480, Loss: 1.867e-02, Loss_res: 3.105e-03,  Loss_bcs: 6.807e-05, Loss_ut_ics: 5.165e-05, Loss_norm: 3.740e-07, Loss_gauge: 0.000e+00, w_pde: 1.00e+00, L^2_error: 2.972e-02, lr: 1.000e-03, Time: 9.83e+01
INFO:src.utils.logger:Model state saved to results\ho\Classical\20260224-145843_seed0_pinn_2-64-64-64-64-2\checkpoints\2026-02-24_14-58-43-736031_ho_Classical_seed0\model.pth
INFO:src.utils.logger:Model weights saved to results\ho\Classical\20260224-145843_seed0_pinn_2-64-64-64-64-2\checkpoints\2026-02-24_14-58-43-736031_ho_Classical_seed0\model_weights.pth
INFO:src.utils.logger:It: 1490, Loss: 1.788e-02, Loss_res: 3.106e-03,  Loss_bcs: 6.841e-05, Loss_ut_ics: 4.902e-05, Loss_norm: 1.014e-07, Loss_gauge: 0.000e+00, w_pde: 1.00e+00, L^2_error: 2.857e-02, lr: 1.000e-03, Time: 9.90e+01
INFO:src.utils.logger:Model state saved to results\ho\Classical\20260224-145843_seed0_pinn_2-64-64-64-64-2\checkpoints\2026-02-24_14-58-43-736031_ho_Classical_seed0\model.pth
INFO:src.utils.logger:Model weights saved to results\ho\Classical\20260224-145843_seed0_pinn_2-64-64-64-64-2\checkpoints\2026-02-24_14-58-43-736031_ho_Classical_seed0\model_weights.pth
INFO:src.utils.logger:It: 1500, Loss: 2.398e-02, Loss_res: 4.340e-03,  Loss_bcs: 9.078e-05, Loss_ut_ics: 6.517e-05, Loss_norm: 4.226e-07, Loss_gauge: 0.000e+00, w_pde: 1.00e+00, L^2_error: 3.519e-02, lr: 1.000e-03, Time: 9.96e+01
INFO:src.utils.logger:Model state saved to results\ho\Classical\20260224-145843_seed0_pinn_2-64-64-64-64-2\checkpoints\2026-02-24_14-58-43-736031_ho_Classical_seed0\model.pth
INFO:src.utils.logger:Model weights saved to results\ho\Classical\20260224-145843_seed0_pinn_2-64-64-64-64-2\checkpoints\2026-02-24_14-58-43-736031_ho_Classical_seed0\model_weights.pth
INFO:src.utils.logger:checkpoint path: self.log_path='results\\ho\\Classical\\20260224-200024_seed0_pinn_supermini\\checkpoints\\2026-02-24_20-00-25-480127_ho_Classical_seed0'
