checkpoint path: self.log_path='./results/models/checkpoints/smoke_schrodinger\\2025-12-15_08-36-06-882977_box_Classical'
It: 1, Loss: 2.980e+02, Loss_res: 5.318e-03,  Loss_bcs: 0.000e+00, Loss_ut_ics: 9.900e-01, Loss_norm: 9.996e-01, w_pde: 2.50e-03, L^2_error: 9.821e-01, lr: 1.000e-03, Time: 2.47e-01
Model state saved to ./results/models/checkpoints/smoke_schrodinger\2025-12-15_08-36-06-882977_box_Classical\model.pth
Model state saved to ./results/models/checkpoints/smoke_schrodinger\2025-12-15_08-36-06-882977_box_Classical\model_weights.pth
It: 100, Loss: 7.198e+00, Loss_res: 2.674e+01,  Loss_bcs: 0.000e+00, Loss_ut_ics: 1.710e-03, Loss_norm: 1.503e-03, w_pde: 2.50e-01, L^2_error: 9.358e-01, lr: 1.000e-03, Time: 9.53e+00
Model state saved to ./results/models/checkpoints/smoke_schrodinger\2025-12-15_08-36-06-882977_box_Classical\model.pth
Model state saved to ./results/models/checkpoints/smoke_schrodinger\2025-12-15_08-36-06-882977_box_Classical\model_weights.pth
It: 200, Loss: 1.330e+01, Loss_res: 2.476e+01,  Loss_bcs: 0.000e+00, Loss_ut_ics: 3.041e-03, Loss_norm: 7.029e-03, w_pde: 5.00e-01, L^2_error: 9.181e-01, lr: 1.000e-03, Time: 1.89e+01
Model state saved to ./results/models/checkpoints/smoke_schrodinger\2025-12-15_08-36-06-882977_box_Classical\model.pth
Model state saved to ./results/models/checkpoints/smoke_schrodinger\2025-12-15_08-36-06-882977_box_Classical\model_weights.pth
It: 300, Loss: 1.765e+01, Loss_res: 2.137e+01,  Loss_bcs: 0.000e+00, Loss_ut_ics: 5.356e-03, Loss_norm: 1.427e-02, w_pde: 7.50e-01, L^2_error: 8.392e-01, lr: 1.000e-03, Time: 2.80e+01
Model state saved to ./results/models/checkpoints/smoke_schrodinger\2025-12-15_08-36-06-882977_box_Classical\model.pth
Model state saved to ./results/models/checkpoints/smoke_schrodinger\2025-12-15_08-36-06-882977_box_Classical\model_weights.pth
It: 400, Loss: 5.171e+00, Loss_res: 4.695e+00,  Loss_bcs: 0.000e+00, Loss_ut_ics: 1.583e-03, Loss_norm: 9.144e-04, w_pde: 1.00e+00, L^2_error: 1.265e-01, lr: 1.000e-03, Time: 3.73e+01
Model state saved to ./results/models/checkpoints/smoke_schrodinger\2025-12-15_08-36-06-882977_box_Classical\model.pth
Model state saved to ./results/models/checkpoints/smoke_schrodinger\2025-12-15_08-36-06-882977_box_Classical\model_weights.pth
It: 500, Loss: 4.211e+00, Loss_res: 3.753e+00,  Loss_bcs: 0.000e+00, Loss_ut_ics: 1.524e-03, Loss_norm: 7.569e-04, w_pde: 1.00e+00, L^2_error: 1.065e-01, lr: 1.000e-03, Time: 4.72e+01
Model state saved to ./results/models/checkpoints/smoke_schrodinger\2025-12-15_08-36-06-882977_box_Classical\model.pth
Model state saved to ./results/models/checkpoints/smoke_schrodinger\2025-12-15_08-36-06-882977_box_Classical\model_weights.pth
It: 600, Loss: 3.414e+00, Loss_res: 2.994e+00,  Loss_bcs: 0.000e+00, Loss_ut_ics: 1.397e-03, Loss_norm: 7.824e-04, w_pde: 1.00e+00, L^2_error: 9.566e-02, lr: 1.000e-03, Time: 5.66e+01
Model state saved to ./results/models/checkpoints/smoke_schrodinger\2025-12-15_08-36-06-882977_box_Classical\model.pth
Model state saved to ./results/models/checkpoints/smoke_schrodinger\2025-12-15_08-36-06-882977_box_Classical\model_weights.pth
It: 700, Loss: 9.263e-01, Loss_res: 7.943e-01,  Loss_bcs: 0.000e+00, Loss_ut_ics: 4.393e-04, Loss_norm: 1.252e-04, w_pde: 1.00e+00, L^2_error: 5.365e-02, lr: 1.000e-03, Time: 6.56e+01
Model state saved to ./results/models/checkpoints/smoke_schrodinger\2025-12-15_08-36-06-882977_box_Classical\model.pth
Model state saved to ./results/models/checkpoints/smoke_schrodinger\2025-12-15_08-36-06-882977_box_Classical\model_weights.pth
It: 800, Loss: 1.503e-01, Loss_res: 1.225e-01,  Loss_bcs: 0.000e+00, Loss_ut_ics: 9.262e-05, Loss_norm: 1.889e-06, w_pde: 1.00e+00, L^2_error: 2.442e-02, lr: 1.000e-03, Time: 7.50e+01
Model state saved to ./results/models/checkpoints/smoke_schrodinger\2025-12-15_08-36-06-882977_box_Classical\model.pth
Model state saved to ./results/models/checkpoints/smoke_schrodinger\2025-12-15_08-36-06-882977_box_Classical\model_weights.pth
It: 900, Loss: 5.204e-02, Loss_res: 4.494e-02,  Loss_bcs: 0.000e+00, Loss_ut_ics: 2.367e-05, Loss_norm: 2.237e-07, w_pde: 1.00e+00, L^2_error: 1.506e-02, lr: 1.000e-03, Time: 8.45e+01
Model state saved to ./results/models/checkpoints/smoke_schrodinger\2025-12-15_08-36-06-882977_box_Classical\model.pth
Model state saved to ./results/models/checkpoints/smoke_schrodinger\2025-12-15_08-36-06-882977_box_Classical\model_weights.pth
It: 1000, Loss: 2.494e-02, Loss_res: 2.253e-02,  Loss_bcs: 0.000e+00, Loss_ut_ics: 8.031e-06, Loss_norm: 3.580e-08, w_pde: 1.00e+00, L^2_error: 1.058e-02, lr: 1.000e-03, Time: 9.42e+01
Model state saved to ./results/models/checkpoints/smoke_schrodinger\2025-12-15_08-36-06-882977_box_Classical\model.pth
Model state saved to ./results/models/checkpoints/smoke_schrodinger\2025-12-15_08-36-06-882977_box_Classical\model_weights.pth
It: 1100, Loss: 1.475e-02, Loss_res: 1.337e-02,  Loss_bcs: 0.000e+00, Loss_ut_ics: 4.620e-06, Loss_norm: 7.963e-08, w_pde: 1.00e+00, L^2_error: 8.391e-03, lr: 1.000e-03, Time: 1.04e+02
Model state saved to ./results/models/checkpoints/smoke_schrodinger\2025-12-15_08-36-06-882977_box_Classical\model.pth
Model state saved to ./results/models/checkpoints/smoke_schrodinger\2025-12-15_08-36-06-882977_box_Classical\model_weights.pth
It: 1200, Loss: 1.121e-02, Loss_res: 1.031e-02,  Loss_bcs: 0.000e+00, Loss_ut_ics: 2.969e-06, Loss_norm: 3.590e-08, w_pde: 1.00e+00, L^2_error: 7.019e-03, lr: 1.000e-03, Time: 1.13e+02
Model state saved to ./results/models/checkpoints/smoke_schrodinger\2025-12-15_08-36-06-882977_box_Classical\model.pth
Model state saved to ./results/models/checkpoints/smoke_schrodinger\2025-12-15_08-36-06-882977_box_Classical\model_weights.pth
It: 1300, Loss: 9.295e-03, Loss_res: 8.695e-03,  Loss_bcs: 0.000e+00, Loss_ut_ics: 1.998e-06, Loss_norm: 5.541e-09, w_pde: 1.00e+00, L^2_error: 6.247e-03, lr: 1.000e-03, Time: 1.22e+02
Model state saved to ./results/models/checkpoints/smoke_schrodinger\2025-12-15_08-36-06-882977_box_Classical\model.pth
Model state saved to ./results/models/checkpoints/smoke_schrodinger\2025-12-15_08-36-06-882977_box_Classical\model_weights.pth
It: 1400, Loss: 7.854e-03, Loss_res: 7.411e-03,  Loss_bcs: 0.000e+00, Loss_ut_ics: 1.478e-06, Loss_norm: 9.218e-09, w_pde: 1.00e+00, L^2_error: 5.410e-03, lr: 1.000e-03, Time: 1.31e+02
Model state saved to ./results/models/checkpoints/smoke_schrodinger\2025-12-15_08-36-06-882977_box_Classical\model.pth
Model state saved to ./results/models/checkpoints/smoke_schrodinger\2025-12-15_08-36-06-882977_box_Classical\model_weights.pth
It: 1500, Loss: 7.196e-03, Loss_res: 6.640e-03,  Loss_bcs: 0.000e+00, Loss_ut_ics: 1.853e-06, Loss_norm: 2.771e-08, w_pde: 1.00e+00, L^2_error: 4.982e-03, lr: 1.000e-03, Time: 1.40e+02
Model state saved to ./results/models/checkpoints/smoke_schrodinger\2025-12-15_08-36-06-882977_box_Classical\model.pth
Model state saved to ./results/models/checkpoints/smoke_schrodinger\2025-12-15_08-36-06-882977_box_Classical\model_weights.pth
