checkpoint path: self.log_path='./results/models/checkpoints/smoke_schrodinger\\2025-12-14_17-35-50-731335_barrier_Classical'
It: 1, Loss: 1.940e+02, Loss_res: 1.220e+01,  Loss_bcs: 1.630e-02, Loss_ut_ics: 9.651e-01, Loss_norm: 9.676e-01, w_pde: 2.50e-03, L^2_error: 9.359e-01, lr: 1.000e-03, Time: 5.29e-01
Model state saved to ./results/models/checkpoints/smoke_schrodinger\2025-12-14_17-35-50-731335_barrier_Classical\model.pth
Model state saved to ./results/models/checkpoints/smoke_schrodinger\2025-12-14_17-35-50-731335_barrier_Classical\model_weights.pth
It: 100, Loss: 8.073e+01, Loss_res: 9.192e+01,  Loss_bcs: 1.132e+00, Loss_ut_ics: 2.818e-01, Loss_norm: 2.592e-01, w_pde: 2.50e-01, L^2_error: 1.086e+00, lr: 1.000e-03, Time: 5.54e+01
Model state saved to ./results/models/checkpoints/smoke_schrodinger\2025-12-14_17-35-50-731335_barrier_Classical\model.pth
Model state saved to ./results/models/checkpoints/smoke_schrodinger\2025-12-14_17-35-50-731335_barrier_Classical\model_weights.pth
It: 200, Loss: 9.695e+01, Loss_res: 5.831e+01,  Loss_bcs: 9.056e-01, Loss_ut_ics: 3.325e-01, Loss_norm: 3.925e-01, w_pde: 5.00e-01, L^2_error: 1.032e+00, lr: 1.000e-03, Time: 7.61e+01
Model state saved to ./results/models/checkpoints/smoke_schrodinger\2025-12-14_17-35-50-731335_barrier_Classical\model.pth
Model state saved to ./results/models/checkpoints/smoke_schrodinger\2025-12-14_17-35-50-731335_barrier_Classical\model_weights.pth
It: 300, Loss: 6.219e+01, Loss_res: 2.933e+01,  Loss_bcs: 5.442e-01, Loss_ut_ics: 1.973e-01, Loss_norm: 1.847e-01, w_pde: 7.50e-01, L^2_error: 9.433e-01, lr: 1.000e-03, Time: 1.03e+02
Model state saved to ./results/models/checkpoints/smoke_schrodinger\2025-12-14_17-35-50-731335_barrier_Classical\model.pth
Model state saved to ./results/models/checkpoints/smoke_schrodinger\2025-12-14_17-35-50-731335_barrier_Classical\model_weights.pth
It: 400, Loss: 5.924e+01, Loss_res: 2.457e+01,  Loss_bcs: 4.915e-01, Loss_ut_ics: 1.701e-01, Loss_norm: 1.738e-01, w_pde: 1.00e+00, L^2_error: 9.574e-01, lr: 1.000e-03, Time: 1.26e+02
Model state saved to ./results/models/checkpoints/smoke_schrodinger\2025-12-14_17-35-50-731335_barrier_Classical\model.pth
Model state saved to ./results/models/checkpoints/smoke_schrodinger\2025-12-14_17-35-50-731335_barrier_Classical\model_weights.pth
It: 500, Loss: 5.397e+01, Loss_res: 2.323e+01,  Loss_bcs: 4.772e-01, Loss_ut_ics: 1.505e-01, Loss_norm: 1.660e-01, w_pde: 1.00e+00, L^2_error: 9.478e-01, lr: 1.000e-03, Time: 1.48e+02
Model state saved to ./results/models/checkpoints/smoke_schrodinger\2025-12-14_17-35-50-731335_barrier_Classical\model.pth
Model state saved to ./results/models/checkpoints/smoke_schrodinger\2025-12-14_17-35-50-731335_barrier_Classical\model_weights.pth
It: 600, Loss: 4.792e+01, Loss_res: 2.220e+01,  Loss_bcs: 4.248e-01, Loss_ut_ics: 1.258e-01, Loss_norm: 1.298e-01, w_pde: 1.00e+00, L^2_error: 9.452e-01, lr: 1.000e-03, Time: 1.71e+02
Model state saved to ./results/models/checkpoints/smoke_schrodinger\2025-12-14_17-35-50-731335_barrier_Classical\model.pth
Model state saved to ./results/models/checkpoints/smoke_schrodinger\2025-12-14_17-35-50-731335_barrier_Classical\model_weights.pth
It: 700, Loss: 3.187e+01, Loss_res: 1.922e+01,  Loss_bcs: 6.475e-01, Loss_ut_ics: 5.975e-02, Loss_norm: 6.016e-02, w_pde: 1.00e+00, L^2_error: 1.047e+00, lr: 1.000e-03, Time: 1.89e+02
Model state saved to ./results/models/checkpoints/smoke_schrodinger\2025-12-14_17-35-50-731335_barrier_Classical\model.pth
Model state saved to ./results/models/checkpoints/smoke_schrodinger\2025-12-14_17-35-50-731335_barrier_Classical\model_weights.pth
It: 800, Loss: 2.667e+01, Loss_res: 1.614e+01,  Loss_bcs: 6.127e-01, Loss_ut_ics: 4.934e-02, Loss_norm: 5.017e-02, w_pde: 1.00e+00, L^2_error: 1.040e+00, lr: 1.000e-03, Time: 2.05e+02
Model state saved to ./results/models/checkpoints/smoke_schrodinger\2025-12-14_17-35-50-731335_barrier_Classical\model.pth
Model state saved to ./results/models/checkpoints/smoke_schrodinger\2025-12-14_17-35-50-731335_barrier_Classical\model_weights.pth
It: 900, Loss: 2.385e+01, Loss_res: 1.464e+01,  Loss_bcs: 6.517e-01, Loss_ut_ics: 4.260e-02, Loss_norm: 3.960e-02, w_pde: 1.00e+00, L^2_error: 1.033e+00, lr: 1.000e-03, Time: 2.21e+02
Model state saved to ./results/models/checkpoints/smoke_schrodinger\2025-12-14_17-35-50-731335_barrier_Classical\model.pth
Model state saved to ./results/models/checkpoints/smoke_schrodinger\2025-12-14_17-35-50-731335_barrier_Classical\model_weights.pth
It: 1000, Loss: 1.917e+01, Loss_res: 1.121e+01,  Loss_bcs: 6.651e-01, Loss_ut_ics: 3.632e-02, Loss_norm: 2.820e-02, w_pde: 1.00e+00, L^2_error: 1.042e+00, lr: 1.000e-03, Time: 2.40e+02
Model state saved to ./results/models/checkpoints/smoke_schrodinger\2025-12-14_17-35-50-731335_barrier_Classical\model.pth
Model state saved to ./results/models/checkpoints/smoke_schrodinger\2025-12-14_17-35-50-731335_barrier_Classical\model_weights.pth
It: 1100, Loss: 1.930e+01, Loss_res: 1.252e+01,  Loss_bcs: 6.366e-01, Loss_ut_ics: 3.057e-02, Loss_norm: 2.919e-02, w_pde: 1.00e+00, L^2_error: 1.042e+00, lr: 1.000e-03, Time: 2.58e+02
Model state saved to ./results/models/checkpoints/smoke_schrodinger\2025-12-14_17-35-50-731335_barrier_Classical\model.pth
Model state saved to ./results/models/checkpoints/smoke_schrodinger\2025-12-14_17-35-50-731335_barrier_Classical\model_weights.pth
It: 1200, Loss: 1.772e+01, Loss_res: 1.183e+01,  Loss_bcs: 6.187e-01, Loss_ut_ics: 2.625e-02, Loss_norm: 2.271e-02, w_pde: 1.00e+00, L^2_error: 1.046e+00, lr: 1.000e-03, Time: 2.76e+02
Model state saved to ./results/models/checkpoints/smoke_schrodinger\2025-12-14_17-35-50-731335_barrier_Classical\model.pth
Model state saved to ./results/models/checkpoints/smoke_schrodinger\2025-12-14_17-35-50-731335_barrier_Classical\model_weights.pth
checkpoint path: self.log_path='./results/models/checkpoints/smoke_schrodinger\\2025-12-14_17-44-49-149905_box_Classical'
It: 1, Loss: 2.871e+02, Loss_res: 3.580e-03,  Loss_bcs: 1.123e-03, Loss_ut_ics: 9.537e-01, Loss_norm: 9.984e-01, w_pde: 2.50e-03, L^2_error: 9.543e-01, lr: 1.000e-03, Time: 1.81e-01
Model state saved to ./results/models/checkpoints/smoke_schrodinger\2025-12-14_17-44-49-149905_box_Classical\model.pth
Model state saved to ./results/models/checkpoints/smoke_schrodinger\2025-12-14_17-44-49-149905_box_Classical\model_weights.pth
It: 100, Loss: 5.601e+01, Loss_res: 2.292e-02,  Loss_bcs: 7.667e-01, Loss_ut_ics: 1.840e-01, Loss_norm: 3.204e-02, w_pde: 2.50e-01, L^2_error: 9.403e-01, lr: 1.000e-03, Time: 1.70e+01
Model state saved to ./results/models/checkpoints/smoke_schrodinger\2025-12-14_17-44-49-149905_box_Classical\model.pth
Model state saved to ./results/models/checkpoints/smoke_schrodinger\2025-12-14_17-44-49-149905_box_Classical\model_weights.pth
It: 200, Loss: 1.740e+01, Loss_res: 1.990e+01,  Loss_bcs: 1.228e-01, Loss_ut_ics: 2.442e-02, Loss_norm: 5.140e-03, w_pde: 5.00e-01, L^2_error: 8.486e-01, lr: 1.000e-03, Time: 3.36e+01
Model state saved to ./results/models/checkpoints/smoke_schrodinger\2025-12-14_17-44-49-149905_box_Classical\model.pth
Model state saved to ./results/models/checkpoints/smoke_schrodinger\2025-12-14_17-44-49-149905_box_Classical\model_weights.pth
It: 300, Loss: 6.403e+00, Loss_res: 5.195e+00,  Loss_bcs: 1.663e-01, Loss_ut_ics: 7.792e-03, Loss_norm: 2.750e-03, w_pde: 7.50e-01, L^2_error: 5.151e-01, lr: 1.000e-03, Time: 4.99e+01
Model state saved to ./results/models/checkpoints/smoke_schrodinger\2025-12-14_17-44-49-149905_box_Classical\model.pth
Model state saved to ./results/models/checkpoints/smoke_schrodinger\2025-12-14_17-44-49-149905_box_Classical\model_weights.pth
It: 400, Loss: 2.109e+00, Loss_res: 1.163e+00,  Loss_bcs: 2.186e-01, Loss_ut_ics: 2.424e-03, Loss_norm: 3.044e-07, w_pde: 1.00e+00, L^2_error: 5.011e-01, lr: 1.000e-03, Time: 6.73e+01
Model state saved to ./results/models/checkpoints/smoke_schrodinger\2025-12-14_17-44-49-149905_box_Classical\model.pth
Model state saved to ./results/models/checkpoints/smoke_schrodinger\2025-12-14_17-44-49-149905_box_Classical\model_weights.pth
It: 500, Loss: 7.342e-01, Loss_res: 3.512e-01,  Loss_bcs: 1.784e-01, Loss_ut_ics: 6.807e-04, Loss_norm: 3.276e-04, w_pde: 1.00e+00, L^2_error: 4.491e-01, lr: 1.000e-03, Time: 8.39e+01
Model state saved to ./results/models/checkpoints/smoke_schrodinger\2025-12-14_17-44-49-149905_box_Classical\model.pth
Model state saved to ./results/models/checkpoints/smoke_schrodinger\2025-12-14_17-44-49-149905_box_Classical\model_weights.pth
It: 600, Loss: 3.771e-01, Loss_res: 1.480e-01,  Loss_bcs: 1.478e-01, Loss_ut_ics: 2.710e-04, Loss_norm: 7.022e-06, w_pde: 1.00e+00, L^2_error: 4.087e-01, lr: 1.000e-03, Time: 1.01e+02
Model state saved to ./results/models/checkpoints/smoke_schrodinger\2025-12-14_17-44-49-149905_box_Classical\model.pth
Model state saved to ./results/models/checkpoints/smoke_schrodinger\2025-12-14_17-44-49-149905_box_Classical\model_weights.pth
It: 700, Loss: 3.266e-01, Loss_res: 1.007e-01,  Loss_bcs: 1.524e-01, Loss_ut_ics: 2.448e-04, Loss_norm: 8.175e-06, w_pde: 1.00e+00, L^2_error: 4.013e-01, lr: 1.000e-03, Time: 1.18e+02
Model state saved to ./results/models/checkpoints/smoke_schrodinger\2025-12-14_17-44-49-149905_box_Classical\model.pth
Model state saved to ./results/models/checkpoints/smoke_schrodinger\2025-12-14_17-44-49-149905_box_Classical\model_weights.pth
It: 800, Loss: 2.670e-01, Loss_res: 7.961e-02,  Loss_bcs: 1.250e-01, Loss_ut_ics: 2.081e-04, Loss_norm: 1.757e-07, w_pde: 1.00e+00, L^2_error: 3.828e-01, lr: 1.000e-03, Time: 1.60e+02
Model state saved to ./results/models/checkpoints/smoke_schrodinger\2025-12-14_17-44-49-149905_box_Classical\model.pth
Model state saved to ./results/models/checkpoints/smoke_schrodinger\2025-12-14_17-44-49-149905_box_Classical\model_weights.pth
It: 900, Loss: 2.332e-01, Loss_res: 6.319e-02,  Loss_bcs: 1.169e-01, Loss_ut_ics: 1.772e-04, Loss_norm: 3.382e-06, w_pde: 1.00e+00, L^2_error: 3.705e-01, lr: 1.000e-03, Time: 1.81e+02
Model state saved to ./results/models/checkpoints/smoke_schrodinger\2025-12-14_17-44-49-149905_box_Classical\model.pth
Model state saved to ./results/models/checkpoints/smoke_schrodinger\2025-12-14_17-44-49-149905_box_Classical\model_weights.pth
It: 1000, Loss: 2.098e-01, Loss_res: 5.485e-02,  Loss_bcs: 1.086e-01, Loss_ut_ics: 1.544e-04, Loss_norm: 7.567e-06, w_pde: 1.00e+00, L^2_error: 3.581e-01, lr: 1.000e-03, Time: 1.97e+02
Model state saved to ./results/models/checkpoints/smoke_schrodinger\2025-12-14_17-44-49-149905_box_Classical\model.pth
Model state saved to ./results/models/checkpoints/smoke_schrodinger\2025-12-14_17-44-49-149905_box_Classical\model_weights.pth
It: 1100, Loss: 4.218e-01, Loss_res: 5.056e-02,  Loss_bcs: 9.852e-02, Loss_ut_ics: 9.019e-04, Loss_norm: 2.156e-03, w_pde: 1.00e+00, L^2_error: 3.739e-01, lr: 1.000e-03, Time: 2.15e+02
Model state saved to ./results/models/checkpoints/smoke_schrodinger\2025-12-14_17-44-49-149905_box_Classical\model.pth
Model state saved to ./results/models/checkpoints/smoke_schrodinger\2025-12-14_17-44-49-149905_box_Classical\model_weights.pth
It: 1200, Loss: 1.775e-01, Loss_res: 4.384e-02,  Loss_bcs: 9.627e-02, Loss_ut_ics: 1.246e-04, Loss_norm: 3.131e-07, w_pde: 1.00e+00, L^2_error: 3.391e-01, lr: 1.000e-03, Time: 2.32e+02
Model state saved to ./results/models/checkpoints/smoke_schrodinger\2025-12-14_17-44-49-149905_box_Classical\model.pth
Model state saved to ./results/models/checkpoints/smoke_schrodinger\2025-12-14_17-44-49-149905_box_Classical\model_weights.pth
It: 1300, Loss: 1.698e-01, Loss_res: 4.054e-02,  Loss_bcs: 8.901e-02, Loss_ut_ics: 1.341e-04, Loss_norm: 4.201e-05, w_pde: 1.00e+00, L^2_error: 3.332e-01, lr: 1.000e-03, Time: 2.49e+02
Model state saved to ./results/models/checkpoints/smoke_schrodinger\2025-12-14_17-44-49-149905_box_Classical\model.pth
Model state saved to ./results/models/checkpoints/smoke_schrodinger\2025-12-14_17-44-49-149905_box_Classical\model_weights.pth
It: 1400, Loss: 1.606e-01, Loss_res: 3.581e-02,  Loss_bcs: 8.994e-02, Loss_ut_ics: 1.162e-04, Loss_norm: 7.581e-06, w_pde: 1.00e+00, L^2_error: 3.199e-01, lr: 1.000e-03, Time: 2.67e+02
Model state saved to ./results/models/checkpoints/smoke_schrodinger\2025-12-14_17-44-49-149905_box_Classical\model.pth
Model state saved to ./results/models/checkpoints/smoke_schrodinger\2025-12-14_17-44-49-149905_box_Classical\model_weights.pth
It: 1500, Loss: 1.417e-01, Loss_res: 3.604e-02,  Loss_bcs: 7.920e-02, Loss_ut_ics: 8.819e-05, Loss_norm: 2.956e-05, w_pde: 1.00e+00, L^2_error: 3.177e-01, lr: 1.000e-03, Time: 2.85e+02
Model state saved to ./results/models/checkpoints/smoke_schrodinger\2025-12-14_17-44-49-149905_box_Classical\model.pth
Model state saved to ./results/models/checkpoints/smoke_schrodinger\2025-12-14_17-44-49-149905_box_Classical\model_weights.pth
